Info    : Meshing 1D...
Info    : [  0%] Meshing curve 1 (BSpline)
Info    : [ 20%] Meshing curve 2 (Ellipse)
Info    : [ 30%] Meshing curve 3 (Ellipse)
Info    : [ 40%] Meshing curve 4 (BSpline)
Info    : [ 50%] Meshing curve 5 (BSpline)
Info    : [ 60%] Meshing curve 6 (BSpline)
Info    : [ 70%] Meshing curve 7 (BSpline)
Info    : [ 80%] Meshing curve 8 (BSpline)
Info    : [ 90%] Meshing curve 9 (BSpline)
Info    : Done meshing 1D (Wall 0.0295839s, CPU 0.029448s)
Info    : Meshing 2D...
Info    : [  0%] Meshing surface 1 (Plane, Frontal-Delaunay)
Info    : [ 30%] Meshing surface 2 (Plane, Frontal-Delaunay)
Info    : [ 50%] Meshing surface 3 (BSpline surface, Frontal-Delaunay)
Info    : [ 70%] Meshing surface 4 (BSpline surface, Frontal-Delaunay)
Info    : [ 90%] Meshing surface 5 (Plane, Frontal-Delaunay)
Info    : Done meshing 2D (Wall 0.754556s, CPU 0.749519s)
Info    : Meshing 3D...
Info    : 3D Meshing 1 volume with 1 connected component
Info    : Tetrahedrizing 12559 nodes...
Info    : Done tetrahedrizing 12567 nodes (Wall 0.142088s, CPU 0.131037s)
Info    : Reconstructing mesh...
Info    :  - Creating surface mesh
Info    :  - Identifying boundary edges
Info    :  - Recovering boundary
Info    : Done reconstructing mesh (Wall 0.367928s, CPU 0.338854s)
Info    : Found volume 1
Info    : It. 0 - 0 nodes created - worst tet radius 1.06672 (nodes removed 0 0)
Info    : 3D refinement terminated (13042 nodes total):
Info    :  - 0 Delaunay cavities modified for star shapeness
Info    :  - 0 nodes could not be inserted
Info    :  - 41938 tetrahedra created in 0.0210864 sec. (1988869 tets/s)
Info    : 0 node relocations
Info    : Done meshing 3D (Wall 0.613965s, CPU 0.584544s)
Info    : Optimizing mesh...
Info    : Optimizing volume 1
Info    : Optimization starts (volume = 235.554) with worst = 0.00726846 / average = 0.679016:
Info    : 0.00 < quality < 0.10 :       209 elements
Info    : 0.10 < quality < 0.20 :       428 elements
Info    : 0.20 < quality < 0.30 :       675 elements
Info    : 0.30 < quality < 0.40 :       947 elements
Info    : 0.40 < quality < 0.50 :      1442 elements
Info    : 0.50 < quality < 0.60 :      3628 elements
Info    : 0.60 < quality < 0.70 :     11090 elements
Info    : 0.70 < quality < 0.80 :     20307 elements
Info    : 0.80 < quality < 0.90 :      1829 elements
Info    : 0.90 < quality < 1.00 :      1383 elements
Info    : 1254 edge swaps, 16 node relocations (volume = 235.554): worst = 0.0510517 / average = 0.696174 (Wall 0.0141403s, CPU 0.01414s)
Info    : 1326 edge swaps, 16 node relocations (volume = 235.554): worst = 0.135288 / average = 0.696905 (Wall 0.0171613s, CPU 0.017148s)
Info    : 1331 edge swaps, 16 node relocations (volume = 235.554): worst = 0.135288 / average = 0.696941 (Wall 0.0192538s, CPU 0.019241s)
Info    : No ill-shaped tets in the mesh :-)
Info    : 0.00 < quality < 0.10 :         0 elements
Info    : 0.10 < quality < 0.20 :         5 elements
Info    : 0.20 < quality < 0.30 :        20 elements
Info    : 0.30 < quality < 0.40 :       786 elements
Info    : 0.40 < quality < 0.50 :      1219 elements
Info    : 0.50 < quality < 0.60 :      3656 elements
Info    : 0.60 < quality < 0.70 :     11597 elements
Info    : 0.70 < quality < 0.80 :     20083 elements
Info    : 0.80 < quality < 0.90 :      1979 elements
Info    : 0.90 < quality < 1.00 :      1389 elements
Info    : Done optimizing mesh (Wall 0.041375s, CPU 0.041359s)
Info    : 13415 nodes 67081 elements
Info    : Meshing order 2 (curvilinear on)...
Info    : [  0%] Meshing curve 1 order 2
Info    : [ 10%] Meshing curve 2 order 2
Info    : [ 20%] Meshing curve 3 order 2
Info    : [ 30%] Meshing curve 4 order 2
Info    : [ 30%] Meshing curve 5 order 2
Info    : [ 40%] Meshing curve 6 order 2
Info    : [ 50%] Meshing curve 7 order 2
Info    : [ 50%] Meshing curve 8 order 2
Info    : [ 60%] Meshing curve 9 order 2
Info    : [ 70%] Meshing surface 1 order 2
Info    : [ 70%] Meshing surface 2 order 2
Info    : [ 80%] Meshing surface 3 order 2
Info    : [ 90%] Meshing surface 4 order 2
Info    : [ 90%] Meshing surface 5 order 2
Info    : [100%] Meshing volume 1 order 2
Info    : Surface mesh: worst distortion = 0.797589 (0 elements in ]0, 0.2]); worst gamma = 0.725635
Info    : Volume mesh: worst distortion = 0.272174 (0 elements in ]0, 0.2])
Info    : Done meshing order 2 (Wall 13.7185s, CPU 13.713s)
Info    : Writing '/home/user/mscr-mom/현서/scripts/contact_scenarios/fea/pl_121_mesh.inp'...
Info    : Done writing '/home/user/mscr-mom/현서/scripts/contact_scenarios/fea/pl_121_mesh.inp'
메쉬 생성 완료: 절점 80166개, N_FIXED=184, N_LOAD=39개 (목표점 [129.38358418  65.11223779   3.        ], 반경 1.0mm)
{"seed": 121, "L_M": 57.97, "phi": -60.0, "s": 79.18, "F_ang_deg": 209.1, "F_mag_mN": 20.0, "analytic_threshold_mN": 20.0, "fea_status": "not_converged", "last_time": 0.0104359}
