[LM0_phi00_b0 1/2] L_M=0.0, phi=0.0, beta=0.0, s=80.0mm (inc=300, initial_inc=0.002) ...
Info    : Meshing 1D...
Info    : [  0%] Meshing curve 1 (BSpline)
Info    : [ 10%] Meshing curve 2 (Ellipse)
Info    : [ 20%] Meshing curve 3 (Ellipse)
Info    : [ 30%] Meshing curve 4 (BSpline)
Info    : [ 40%] Meshing curve 5 (BSpline)
Info    : [ 50%] Meshing curve 6 (BSpline)
Info    : [ 60%] Meshing curve 7 (BSpline)
Info    : [ 60%] Meshing curve 8 (BSpline)
Info    : [ 70%] Meshing curve 9 (BSpline)
Info    : [ 90%] Meshing curve 11 (Circle)
Info    : Done meshing 1D (Wall 0.00663997s, CPU 0.006628s)
Info    : Meshing 2D...
Info    : [  0%] Meshing surface 1 (Plane, Frontal-Delaunay)
Info    : [ 20%] Meshing surface 2 (Plane, Frontal-Delaunay)
Info    : [ 40%] Meshing surface 3 (BSpline surface, Frontal-Delaunay)
Info    : [ 60%] Meshing surface 4 (BSpline surface, Frontal-Delaunay)
Info    : [ 70%] Meshing surface 5 (Plane, Frontal-Delaunay)
Info    : [ 90%] Meshing surface 6 (Sphere, Frontal-Delaunay)
Info    : Done meshing 2D (Wall 0.492752s, CPU 0.485939s)
Info    : Meshing 3D...
Info    : 3D Meshing 2 volumes with 2 connected components
Info    : Tetrahedrizing 12282 nodes...
Info    : Done tetrahedrizing 12290 nodes (Wall 0.168492s, CPU 0.161507s)
Info    : Reconstructing mesh...
Info    :  - Creating surface mesh
Info    :  - Identifying boundary edges
Info    :  - Recovering boundary
Info    : Done reconstructing mesh (Wall 0.386392s, CPU 0.364371s)
Info    : Found volume 1
Info    : It. 0 - 0 nodes created - worst tet radius 1.03671 (nodes removed 0 0)
Info    : It. 500 - 500 nodes created - worst tet radius 1.01691 (nodes removed 0 0)
Info    : It. 1000 - 1000 nodes created - worst tet radius 1.00298 (nodes removed 0 0)
Info    : 3D refinement terminated (13782 nodes total):
Info    :  - 0 Delaunay cavities modified for star shapeness
Info    :  - 0 nodes could not be inserted
Info    :  - 47449 tetrahedra created in 0.0609437 sec. (778570 tets/s)
Info    : 0 node relocations
Info    : Tetrahedrizing 132 nodes...
Info    : Done tetrahedrizing 140 nodes (Wall 0.000786851s, CPU 0.000788s)
Info    : Reconstructing mesh...
Info    :  - Creating surface mesh
Info    :  - Identifying boundary edges
Info    :  - Recovering boundary
Info    : Done reconstructing mesh (Wall 0.0030505s, CPU 0.003054s)
Info    : Found volume 2
Info    : It. 0 - 0 nodes created - worst tet radius 3.19034 (nodes removed 0 0)
Info    : 3D refinement terminated (12497 nodes total):
Info    :  - 1 Delaunay cavities modified for star shapeness
Info    :  - 0 nodes could not be inserted
Info    :  - 511 tetrahedra created in 0.00583198 sec. (87620 tets/s)
Info    : 0 node relocations
Info    : Done meshing 3D (Wall 0.726085s, CPU 0.703975s)
Info    : Optimizing mesh...
Info    : Optimizing volume 1
Info    : Optimization starts (volume = 235.491) with worst = 0.000646302 / average = 0.692785:
Info    : 0.00 < quality < 0.10 :       337 elements
Info    : 0.10 < quality < 0.20 :       184 elements
Info    : 0.20 < quality < 0.30 :      1274 elements
Info    : 0.30 < quality < 0.40 :      1243 elements
Info    : 0.40 < quality < 0.50 :      2173 elements
Info    : 0.50 < quality < 0.60 :      3416 elements
Info    : 0.60 < quality < 0.70 :     12780 elements
Info    : 0.70 < quality < 0.80 :     16289 elements
Info    : 0.80 < quality < 0.90 :      5286 elements
Info    : 0.90 < quality < 1.00 :      4467 elements
Info    : 1751 edge swaps, 27 node relocations (volume = 235.491): worst = 0.106212 / average = 0.714089 (Wall 0.0235167s, CPU 0.023516s)
Info    : 1800 edge swaps, 29 node relocations (volume = 235.491): worst = 0.106212 / average = 0.714591 (Wall 0.0276538s, CPU 0.027654s)
Info    : No ill-shaped tets in the mesh :-)
Info    : 0.00 < quality < 0.10 :         0 elements
Info    : 0.10 < quality < 0.20 :         3 elements
Info    : 0.20 < quality < 0.30 :         1 elements
Info    : 0.30 < quality < 0.40 :      1037 elements
Info    : 0.40 < quality < 0.50 :      1673 elements
Info    : 0.50 < quality < 0.60 :      4014 elements
Info    : 0.60 < quality < 0.70 :     13075 elements
Info    : 0.70 < quality < 0.80 :     15513 elements
Info    : 0.80 < quality < 0.90 :      5929 elements
Info    : 0.90 < quality < 1.00 :      4464 elements
Info    : Optimizing volume 2
Info    : Optimization starts (volume = 0.256468) with worst = 0.0697027 / average = 0.752922:
Info    : 0.00 < quality < 0.10 :         2 elements
Info    : 0.10 < quality < 0.20 :         3 elements
Info    : 0.20 < quality < 0.30 :         4 elements
Info    : 0.30 < quality < 0.40 :         9 elements
Info    : 0.40 < quality < 0.50 :        16 elements
Info    : 0.50 < quality < 0.60 :        19 elements
Info    : 0.60 < quality < 0.70 :        68 elements
Info    : 0.70 < quality < 0.80 :       182 elements
Info    : 0.80 < quality < 0.90 :       160 elements
Info    : 0.90 < quality < 1.00 :        48 elements
Info    : 9 edge swaps, 0 node relocations (volume = 0.256468): worst = 0.303906 / average = 0.763683 (Wall 0.000134145s, CPU 0.000137s)
Info    : No ill-shaped tets in the mesh :-)
Info    : 0.00 < quality < 0.10 :         0 elements
Info    : 0.10 < quality < 0.20 :         0 elements
Info    : 0.20 < quality < 0.30 :         0 elements
Info    : 0.30 < quality < 0.40 :        10 elements
Info    : 0.40 < quality < 0.50 :        16 elements
Info    : 0.50 < quality < 0.60 :        17 elements
Info    : 0.60 < quality < 0.70 :        70 elements
Info    : 0.70 < quality < 0.80 :       179 elements
Info    : 0.80 < quality < 0.90 :       162 elements
Info    : 0.90 < quality < 1.00 :        49 elements
Info    : Done optimizing mesh (Wall 0.0706157s, CPU 0.070614s)
Info    : 14184 nodes 72316 elements
Info    : Meshing order 2 (curvilinear on)...
Info    : [  0%] Meshing curve 1 order 2
Info    : [ 10%] Meshing curve 2 order 2
Info    : [ 20%] Meshing curve 3 order 2
Info    : [ 20%] Meshing curve 4 order 2
Info    : [ 30%] Meshing curve 5 order 2
Info    : [ 30%] Meshing curve 6 order 2
Info    : [ 40%] Meshing curve 7 order 2
Info    : [ 40%] Meshing curve 8 order 2
Info    : [ 50%] Meshing curve 9 order 2
Info    : [ 50%] Meshing curve 10 order 2
Info    : [ 60%] Meshing curve 11 order 2
Info    : [ 60%] Meshing curve 12 order 2
Info    : [ 70%] Meshing surface 1 order 2
Info    : [ 70%] Meshing surface 2 order 2
Info    : [ 80%] Meshing surface 3 order 2
Info    : [ 80%] Meshing surface 4 order 2
Info    : [ 90%] Meshing surface 5 order 2
Info    : [ 90%] Meshing surface 6 order 2
Info    : [100%] Meshing volume 1 order 2
Info    : [100%] Meshing volume 2 order 2
Info    : Surface mesh: worst distortion = 0.797589 (0 elements in ]0, 0.2]); worst gamma = 0.499267
Info    : Volume mesh: worst distortion = 0.234802 (0 elements in ]0, 0.2])
Info    : Done meshing order 2 (Wall 2.5138s, CPU 2.51364s)
Info    : Writing '/home/user/mscr-mom/현서/scripts/contact_scenarios/fea/retry_mesh_LM0_phi00_b0_s80.inp'...
Info    : Done writing '/home/user/mscr-mom/현서/scripts/contact_scenarios/fea/retry_mesh_LM0_phi00_b0_s80.inp'
  [LM0_phi00_b0] F_mag=0.0003mN  (1134.6s)
[LM0_phi00_b0 2/2] L_M=0.0, phi=0.0, beta=0.0, s=90.0mm (inc=300, initial_inc=0.002) ...
Info    : Meshing 1D...
Info    : [  0%] Meshing curve 1 (BSpline)
Info    : [ 10%] Meshing curve 2 (Ellipse)
Info    : [ 20%] Meshing curve 3 (Ellipse)
Info    : [ 30%] Meshing curve 4 (BSpline)
Info    : [ 40%] Meshing curve 5 (BSpline)
Info    : [ 50%] Meshing curve 6 (BSpline)
Info    : [ 60%] Meshing curve 7 (BSpline)
Info    : [ 60%] Meshing curve 8 (BSpline)
Info    : [ 70%] Meshing curve 9 (BSpline)
Info    : [ 90%] Meshing curve 11 (Circle)
Info    : Done meshing 1D (Wall 0.0117225s, CPU 0.01167s)
Info    : Meshing 2D...
Info    : [  0%] Meshing surface 1 (Plane, Frontal-Delaunay)
Info    : [ 20%] Meshing surface 2 (Plane, Frontal-Delaunay)
Info    : [ 40%] Meshing surface 3 (BSpline surface, Frontal-Delaunay)
Info    : [ 60%] Meshing surface 4 (BSpline surface, Frontal-Delaunay)
Info    : [ 70%] Meshing surface 5 (Plane, Frontal-Delaunay)
Info    : [ 90%] Meshing surface 6 (Sphere, Frontal-Delaunay)
Info    : Done meshing 2D (Wall 0.879736s, CPU 0.878762s)
Info    : Meshing 3D...
Info    : 3D Meshing 2 volumes with 2 connected components
Info    : Tetrahedrizing 12282 nodes...
Info    : Done tetrahedrizing 12290 nodes (Wall 0.252767s, CPU 0.243585s)
Info    : Reconstructing mesh...
Info    :  - Creating surface mesh
Info    :  - Identifying boundary edges
Info    :  - Recovering boundary
Info    : Done reconstructing mesh (Wall 0.627575s, CPU 0.608315s)
Info    : Found volume 1
Info    : It. 0 - 0 nodes created - worst tet radius 1.03671 (nodes removed 0 0)
Info    : It. 500 - 500 nodes created - worst tet radius 1.01691 (nodes removed 0 0)
Info    : It. 1000 - 1000 nodes created - worst tet radius 1.00298 (nodes removed 0 0)
Info    : 3D refinement terminated (13782 nodes total):
Info    :  - 0 Delaunay cavities modified for star shapeness
Info    :  - 0 nodes could not be inserted
Info    :  - 47449 tetrahedra created in 0.129409 sec. (366660 tets/s)
Info    : 0 node relocations
Info    : Tetrahedrizing 132 nodes...
Info    : Done tetrahedrizing 140 nodes (Wall 0.000992166s, CPU 0.000993s)
Info    : Reconstructing mesh...
Info    :  - Creating surface mesh
Info    :  - Identifying boundary edges
Info    :  - Recovering boundary
Info    : Done reconstructing mesh (Wall 0.00378589s, CPU 0.003791s)
Info    : Found volume 2
Info    : It. 0 - 0 nodes created - worst tet radius 3.19034 (nodes removed 0 0)
Info    : 3D refinement terminated (12497 nodes total):
Info    :  - 1 Delaunay cavities modified for star shapeness
Info    :  - 0 nodes could not be inserted
Info    :  - 511 tetrahedra created in 0.00769569 sec. (66400 tets/s)
Info    : 0 node relocations
Info    : Done meshing 3D (Wall 1.26905s, CPU 1.24879s)
Info    : Optimizing mesh...
Info    : Optimizing volume 1
Info    : Optimization starts (volume = 235.491) with worst = 0.000646302 / average = 0.692785:
Info    : 0.00 < quality < 0.10 :       337 elements
Info    : 0.10 < quality < 0.20 :       184 elements
Info    : 0.20 < quality < 0.30 :      1274 elements
Info    : 0.30 < quality < 0.40 :      1243 elements
Info    : 0.40 < quality < 0.50 :      2173 elements
Info    : 0.50 < quality < 0.60 :      3416 elements
Info    : 0.60 < quality < 0.70 :     12780 elements
Info    : 0.70 < quality < 0.80 :     16289 elements
Info    : 0.80 < quality < 0.90 :      5286 elements
Info    : 0.90 < quality < 1.00 :      4467 elements
Info    : 1751 edge swaps, 27 node relocations (volume = 235.491): worst = 0.106212 / average = 0.714089 (Wall 0.0400982s, CPU 0.040098s)
Info    : 1800 edge swaps, 29 node relocations (volume = 235.491): worst = 0.106212 / average = 0.714591 (Wall 0.0499457s, CPU 0.048999s)
Info    : No ill-shaped tets in the mesh :-)
Info    : 0.00 < quality < 0.10 :         0 elements
Info    : 0.10 < quality < 0.20 :         3 elements
Info    : 0.20 < quality < 0.30 :         1 elements
Info    : 0.30 < quality < 0.40 :      1037 elements
Info    : 0.40 < quality < 0.50 :      1673 elements
Info    : 0.50 < quality < 0.60 :      4014 elements
Info    : 0.60 < quality < 0.70 :     13075 elements
Info    : 0.70 < quality < 0.80 :     15513 elements
Info    : 0.80 < quality < 0.90 :      5929 elements
Info    : 0.90 < quality < 1.00 :      4464 elements
Info    : Optimizing volume 2
Info    : Optimization starts (volume = 0.256468) with worst = 0.0697027 / average = 0.752922:
Info    : 0.00 < quality < 0.10 :         2 elements
Info    : 0.10 < quality < 0.20 :         3 elements
Info    : 0.20 < quality < 0.30 :         4 elements
Info    : 0.30 < quality < 0.40 :         9 elements
Info    : 0.40 < quality < 0.50 :        16 elements
Info    : 0.50 < quality < 0.60 :        19 elements
Info    : 0.60 < quality < 0.70 :        68 elements
Info    : 0.70 < quality < 0.80 :       182 elements
Info    : 0.80 < quality < 0.90 :       160 elements
Info    : 0.90 < quality < 1.00 :        48 elements
Info    : 9 edge swaps, 0 node relocations (volume = 0.256468): worst = 0.303906 / average = 0.763683 (Wall 0.000201838s, CPU 0.000195s)
Info    : No ill-shaped tets in the mesh :-)
Info    : 0.00 < quality < 0.10 :         0 elements
Info    : 0.10 < quality < 0.20 :         0 elements
Info    : 0.20 < quality < 0.30 :         0 elements
Info    : 0.30 < quality < 0.40 :        10 elements
Info    : 0.40 < quality < 0.50 :        16 elements
Info    : 0.50 < quality < 0.60 :        17 elements
Info    : 0.60 < quality < 0.70 :        70 elements
Info    : 0.70 < quality < 0.80 :       179 elements
Info    : 0.80 < quality < 0.90 :       162 elements
Info    : 0.90 < quality < 1.00 :        49 elements
Info    : Done optimizing mesh (Wall 0.108134s, CPU 0.107147s)
Info    : 14184 nodes 72316 elements
Info    : Meshing order 2 (curvilinear on)...
Info    : [  0%] Meshing curve 1 order 2
Info    : [ 10%] Meshing curve 2 order 2
Info    : [ 20%] Meshing curve 3 order 2
Info    : [ 20%] Meshing curve 4 order 2
Info    : [ 30%] Meshing curve 5 order 2
Info    : [ 30%] Meshing curve 6 order 2
Info    : [ 40%] Meshing curve 7 order 2
Info    : [ 40%] Meshing curve 8 order 2
Info    : [ 50%] Meshing curve 9 order 2
Info    : [ 50%] Meshing curve 10 order 2
Info    : [ 60%] Meshing curve 11 order 2
Info    : [ 60%] Meshing curve 12 order 2
Info    : [ 70%] Meshing surface 1 order 2
Info    : [ 70%] Meshing surface 2 order 2
Info    : [ 80%] Meshing surface 3 order 2
Info    : [ 80%] Meshing surface 4 order 2
Info    : [ 90%] Meshing surface 5 order 2
Info    : [ 90%] Meshing surface 6 order 2
Info    : [100%] Meshing volume 1 order 2
Info    : [100%] Meshing volume 2 order 2
Info    : Surface mesh: worst distortion = 0.797589 (0 elements in ]0, 0.2]); worst gamma = 0.499267
Info    : Volume mesh: worst distortion = 0.234802 (0 elements in ]0, 0.2])
Info    : Done meshing order 2 (Wall 4.60211s, CPU 4.60137s)
Info    : Writing '/home/user/mscr-mom/현서/scripts/contact_scenarios/fea/retry_mesh_LM0_phi00_b0_s90.inp'...
Info    : Done writing '/home/user/mscr-mom/현서/scripts/contact_scenarios/fea/retry_mesh_LM0_phi00_b0_s90.inp'
  [LM0_phi00_b0] F_mag=0.0002mN  (1593.2s)
[LM0_phi00_b0] 완료: 2/2 성공
