[LM0_phi00_b180 1/2] L_M=0.0, phi=0.0, beta=180.0, s=90.0mm (inc=300, initial_inc=0.002) ...
Info    : Meshing 1D...
Info    : [  0%] Meshing curve 1 (BSpline)
Info    : [ 10%] Meshing curve 2 (Ellipse)
Info    : [ 20%] Meshing curve 3 (Ellipse)
Info    : [ 30%] Meshing curve 4 (BSpline)
Info    : [ 40%] Meshing curve 5 (BSpline)
Info    : [ 50%] Meshing curve 6 (BSpline)
Info    : [ 60%] Meshing curve 7 (BSpline)
Info    : [ 60%] Meshing curve 8 (BSpline)
Info    : [ 70%] Meshing curve 9 (BSpline)
Info    : [ 90%] Meshing curve 11 (Circle)
Info    : Done meshing 1D (Wall 0.00652833s, CPU 0.006476s)
Info    : Meshing 2D...
Info    : [  0%] Meshing surface 1 (Plane, Frontal-Delaunay)
Info    : [ 20%] Meshing surface 2 (Plane, Frontal-Delaunay)
Info    : [ 40%] Meshing surface 3 (BSpline surface, Frontal-Delaunay)
Info    : [ 60%] Meshing surface 4 (BSpline surface, Frontal-Delaunay)
Info    : [ 70%] Meshing surface 5 (Plane, Frontal-Delaunay)
Info    : [ 90%] Meshing surface 6 (Sphere, Frontal-Delaunay)
Info    : Done meshing 2D (Wall 0.493384s, CPU 0.487175s)
Info    : Meshing 3D...
Info    : 3D Meshing 2 volumes with 2 connected components
Info    : Tetrahedrizing 12282 nodes...
Info    : Done tetrahedrizing 12290 nodes (Wall 0.168504s, CPU 0.156532s)
Info    : Reconstructing mesh...
Info    :  - Creating surface mesh
Info    :  - Identifying boundary edges
Info    :  - Recovering boundary
Info    : Done reconstructing mesh (Wall 0.392251s, CPU 0.358228s)
Info    : Found volume 1
Info    : It. 0 - 0 nodes created - worst tet radius 1.03671 (nodes removed 0 0)
Info    : It. 500 - 500 nodes created - worst tet radius 1.01691 (nodes removed 0 0)
Info    : It. 1000 - 1000 nodes created - worst tet radius 1.00298 (nodes removed 0 0)
Info    : 3D refinement terminated (13782 nodes total):
Info    :  - 0 Delaunay cavities modified for star shapeness
Info    :  - 0 nodes could not be inserted
Info    :  - 47449 tetrahedra created in 0.0741784 sec. (639660 tets/s)
Info    : 0 node relocations
Info    : Tetrahedrizing 132 nodes...
Info    : Done tetrahedrizing 140 nodes (Wall 0.00080525s, CPU 0.000808s)
Info    : Reconstructing mesh...
Info    :  - Creating surface mesh
Info    :  - Identifying boundary edges
Info    :  - Recovering boundary
Info    : Done reconstructing mesh (Wall 0.00386764s, CPU 0.003823s)
Info    : Found volume 2
Info    : It. 0 - 0 nodes created - worst tet radius 3.19034 (nodes removed 0 0)
Info    : 3D refinement terminated (12497 nodes total):
Info    :  - 1 Delaunay cavities modified for star shapeness
Info    :  - 0 nodes could not be inserted
Info    :  - 511 tetrahedra created in 0.00512241 sec. (99757 tets/s)
Info    : 0 node relocations
Info    : Done meshing 3D (Wall 0.75033s, CPU 0.716178s)
Info    : Optimizing mesh...
Info    : Optimizing volume 1
Info    : Optimization starts (volume = 235.491) with worst = 0.000646302 / average = 0.692785:
Info    : 0.00 < quality < 0.10 :       337 elements
Info    : 0.10 < quality < 0.20 :       184 elements
Info    : 0.20 < quality < 0.30 :      1274 elements
Info    : 0.30 < quality < 0.40 :      1243 elements
Info    : 0.40 < quality < 0.50 :      2173 elements
Info    : 0.50 < quality < 0.60 :      3416 elements
Info    : 0.60 < quality < 0.70 :     12780 elements
Info    : 0.70 < quality < 0.80 :     16289 elements
Info    : 0.80 < quality < 0.90 :      5286 elements
Info    : 0.90 < quality < 1.00 :      4467 elements
Info    : 1751 edge swaps, 27 node relocations (volume = 235.491): worst = 0.106212 / average = 0.714089 (Wall 0.0175361s, CPU 0.017529s)
Info    : 1800 edge swaps, 29 node relocations (volume = 235.491): worst = 0.106212 / average = 0.714591 (Wall 0.0208271s, CPU 0.020821s)
Info    : No ill-shaped tets in the mesh :-)
Info    : 0.00 < quality < 0.10 :         0 elements
Info    : 0.10 < quality < 0.20 :         3 elements
Info    : 0.20 < quality < 0.30 :         1 elements
Info    : 0.30 < quality < 0.40 :      1037 elements
Info    : 0.40 < quality < 0.50 :      1673 elements
Info    : 0.50 < quality < 0.60 :      4014 elements
Info    : 0.60 < quality < 0.70 :     13075 elements
Info    : 0.70 < quality < 0.80 :     15513 elements
Info    : 0.80 < quality < 0.90 :      5929 elements
Info    : 0.90 < quality < 1.00 :      4464 elements
Info    : Optimizing volume 2
Info    : Optimization starts (volume = 0.256468) with worst = 0.0697027 / average = 0.752922:
Info    : 0.00 < quality < 0.10 :         2 elements
Info    : 0.10 < quality < 0.20 :         3 elements
Info    : 0.20 < quality < 0.30 :         4 elements
Info    : 0.30 < quality < 0.40 :         9 elements
Info    : 0.40 < quality < 0.50 :        16 elements
Info    : 0.50 < quality < 0.60 :        19 elements
Info    : 0.60 < quality < 0.70 :        68 elements
Info    : 0.70 < quality < 0.80 :       182 elements
Info    : 0.80 < quality < 0.90 :       160 elements
Info    : 0.90 < quality < 1.00 :        48 elements
Info    : 9 edge swaps, 0 node relocations (volume = 0.256468): worst = 0.303906 / average = 0.763683 (Wall 0.000116347s, CPU 0.000118s)
Info    : No ill-shaped tets in the mesh :-)
Info    : 0.00 < quality < 0.10 :         0 elements
Info    : 0.10 < quality < 0.20 :         0 elements
Info    : 0.20 < quality < 0.30 :         0 elements
Info    : 0.30 < quality < 0.40 :        10 elements
Info    : 0.40 < quality < 0.50 :        16 elements
Info    : 0.50 < quality < 0.60 :        17 elements
Info    : 0.60 < quality < 0.70 :        70 elements
Info    : 0.70 < quality < 0.80 :       179 elements
Info    : 0.80 < quality < 0.90 :       162 elements
Info    : 0.90 < quality < 1.00 :        49 elements
Info    : Done optimizing mesh (Wall 0.0510047s, CPU 0.05099s)
Info    : 14184 nodes 72316 elements
Info    : Meshing order 2 (curvilinear on)...
Info    : [  0%] Meshing curve 1 order 2
Info    : [ 10%] Meshing curve 2 order 2
Info    : [ 20%] Meshing curve 3 order 2
Info    : [ 20%] Meshing curve 4 order 2
Info    : [ 30%] Meshing curve 5 order 2
Info    : [ 30%] Meshing curve 6 order 2
Info    : [ 40%] Meshing curve 7 order 2
Info    : [ 40%] Meshing curve 8 order 2
Info    : [ 50%] Meshing curve 9 order 2
Info    : [ 50%] Meshing curve 10 order 2
Info    : [ 60%] Meshing curve 11 order 2
Info    : [ 60%] Meshing curve 12 order 2
Info    : [ 70%] Meshing surface 1 order 2
Info    : [ 70%] Meshing surface 2 order 2
Info    : [ 80%] Meshing surface 3 order 2
Info    : [ 80%] Meshing surface 4 order 2
Info    : [ 90%] Meshing surface 5 order 2
Info    : [ 90%] Meshing surface 6 order 2
Info    : [100%] Meshing volume 1 order 2
Info    : [100%] Meshing volume 2 order 2
Info    : Surface mesh: worst distortion = 0.797589 (0 elements in ]0, 0.2]); worst gamma = 0.499267
Info    : Volume mesh: worst distortion = 0.234802 (0 elements in ]0, 0.2])
Info    : Done meshing order 2 (Wall 2.49702s, CPU 2.49673s)
Info    : Writing '/home/user/mscr-mom/현서/scripts/contact_scenarios/fea/retry_mesh_LM0_phi00_b180_s90.inp'...
Info    : Done writing '/home/user/mscr-mom/현서/scripts/contact_scenarios/fea/retry_mesh_LM0_phi00_b180_s90.inp'
  [LM0_phi00_b180] F_mag=0.0002mN  (588.5s)
[LM0_phi00_b180 2/2] L_M=0.0, phi=0.0, beta=180.0, s=100.0mm (inc=300, initial_inc=0.002) ...
Info    : Meshing 1D...
Info    : [  0%] Meshing curve 1 (BSpline)
Info    : [ 10%] Meshing curve 2 (Ellipse)
Info    : [ 20%] Meshing curve 3 (Ellipse)
Info    : [ 30%] Meshing curve 4 (BSpline)
Info    : [ 40%] Meshing curve 5 (BSpline)
Info    : [ 50%] Meshing curve 6 (BSpline)
Info    : [ 60%] Meshing curve 7 (BSpline)
Info    : [ 60%] Meshing curve 8 (BSpline)
Info    : [ 70%] Meshing curve 9 (BSpline)
Info    : [ 90%] Meshing curve 11 (Circle)
Info    : Done meshing 1D (Wall 0.0121131s, CPU 0.011061s)
Info    : Meshing 2D...
Info    : [  0%] Meshing surface 1 (Plane, Frontal-Delaunay)
Info    : [ 20%] Meshing surface 2 (Plane, Frontal-Delaunay)
Info    : [ 40%] Meshing surface 3 (BSpline surface, Frontal-Delaunay)
Info    : [ 60%] Meshing surface 4 (BSpline surface, Frontal-Delaunay)
Info    : [ 70%] Meshing surface 5 (Plane, Frontal-Delaunay)
Info    : [ 90%] Meshing surface 6 (Sphere, Frontal-Delaunay)
Info    : Done meshing 2D (Wall 0.999178s, CPU 0.9989s)
Info    : Meshing 3D...
Info    : 3D Meshing 2 volumes with 2 connected components
Info    : Tetrahedrizing 12282 nodes...
Info    : Done tetrahedrizing 12290 nodes (Wall 0.245465s, CPU 0.239417s)
Info    : Reconstructing mesh...
Info    :  - Creating surface mesh
Info    :  - Identifying boundary edges
Info    :  - Recovering boundary
Info    : Done reconstructing mesh (Wall 0.553465s, CPU 0.532425s)
Info    : Found volume 1
Info    : It. 0 - 0 nodes created - worst tet radius 1.03671 (nodes removed 0 0)
Info    : It. 500 - 500 nodes created - worst tet radius 1.01691 (nodes removed 0 0)
Info    : It. 1000 - 1000 nodes created - worst tet radius 1.00298 (nodes removed 0 0)
Info    : 3D refinement terminated (13782 nodes total):
Info    :  - 0 Delaunay cavities modified for star shapeness
Info    :  - 0 nodes could not be inserted
Info    :  - 47449 tetrahedra created in 0.0586699 sec. (808745 tets/s)
Info    : 0 node relocations
Info    : Tetrahedrizing 132 nodes...
Info    : Done tetrahedrizing 140 nodes (Wall 0.00104174s, CPU 0.001046s)
Info    : Reconstructing mesh...
Info    :  - Creating surface mesh
Info    :  - Identifying boundary edges
Info    :  - Recovering boundary
Info    : Done reconstructing mesh (Wall 0.00510073s, CPU 0.00488s)
Info    : Found volume 2
Info    : It. 0 - 0 nodes created - worst tet radius 3.19034 (nodes removed 0 0)
Info    : 3D refinement terminated (12497 nodes total):
Info    :  - 1 Delaunay cavities modified for star shapeness
Info    :  - 0 nodes could not be inserted
Info    :  - 511 tetrahedra created in 0.0141002 sec. (36240 tets/s)
Info    : 0 node relocations
Info    : Done meshing 3D (Wall 1.01969s, CPU 0.992183s)
Info    : Optimizing mesh...
Info    : Optimizing volume 1
Info    : Optimization starts (volume = 235.491) with worst = 0.000646302 / average = 0.692785:
Info    : 0.00 < quality < 0.10 :       337 elements
Info    : 0.10 < quality < 0.20 :       184 elements
Info    : 0.20 < quality < 0.30 :      1274 elements
Info    : 0.30 < quality < 0.40 :      1243 elements
Info    : 0.40 < quality < 0.50 :      2173 elements
Info    : 0.50 < quality < 0.60 :      3416 elements
Info    : 0.60 < quality < 0.70 :     12780 elements
Info    : 0.70 < quality < 0.80 :     16289 elements
Info    : 0.80 < quality < 0.90 :      5286 elements
Info    : 0.90 < quality < 1.00 :      4467 elements
Info    : 1751 edge swaps, 27 node relocations (volume = 235.491): worst = 0.106212 / average = 0.714089 (Wall 0.046864s, CPU 0.046863s)
Info    : 1800 edge swaps, 29 node relocations (volume = 235.491): worst = 0.106212 / average = 0.714591 (Wall 0.0615772s, CPU 0.06156s)
Info    : No ill-shaped tets in the mesh :-)
Info    : 0.00 < quality < 0.10 :         0 elements
Info    : 0.10 < quality < 0.20 :         3 elements
Info    : 0.20 < quality < 0.30 :         1 elements
Info    : 0.30 < quality < 0.40 :      1037 elements
Info    : 0.40 < quality < 0.50 :      1673 elements
Info    : 0.50 < quality < 0.60 :      4014 elements
Info    : 0.60 < quality < 0.70 :     13075 elements
Info    : 0.70 < quality < 0.80 :     15513 elements
Info    : 0.80 < quality < 0.90 :      5929 elements
Info    : 0.90 < quality < 1.00 :      4464 elements
Info    : Optimizing volume 2
Info    : Optimization starts (volume = 0.256468) with worst = 0.0697027 / average = 0.752922:
Info    : 0.00 < quality < 0.10 :         2 elements
Info    : 0.10 < quality < 0.20 :         3 elements
Info    : 0.20 < quality < 0.30 :         4 elements
Info    : 0.30 < quality < 0.40 :         9 elements
Info    : 0.40 < quality < 0.50 :        16 elements
Info    : 0.50 < quality < 0.60 :        19 elements
Info    : 0.60 < quality < 0.70 :        68 elements
Info    : 0.70 < quality < 0.80 :       182 elements
Info    : 0.80 < quality < 0.90 :       160 elements
Info    : 0.90 < quality < 1.00 :        48 elements
Info    : 9 edge swaps, 0 node relocations (volume = 0.256468): worst = 0.303906 / average = 0.763683 (Wall 0.000193506s, CPU 0.0002s)
Info    : No ill-shaped tets in the mesh :-)
Info    : 0.00 < quality < 0.10 :         0 elements
Info    : 0.10 < quality < 0.20 :         0 elements
Info    : 0.20 < quality < 0.30 :         0 elements
Info    : 0.30 < quality < 0.40 :        10 elements
Info    : 0.40 < quality < 0.50 :        16 elements
Info    : 0.50 < quality < 0.60 :        17 elements
Info    : 0.60 < quality < 0.70 :        70 elements
Info    : 0.70 < quality < 0.80 :       179 elements
Info    : 0.80 < quality < 0.90 :       162 elements
Info    : 0.90 < quality < 1.00 :        49 elements
Info    : Done optimizing mesh (Wall 0.13986s, CPU 0.139839s)
Info    : 14184 nodes 72316 elements
Info    : Meshing order 2 (curvilinear on)...
Info    : [  0%] Meshing curve 1 order 2
Info    : [ 10%] Meshing curve 2 order 2
Info    : [ 20%] Meshing curve 3 order 2
Info    : [ 20%] Meshing curve 4 order 2
Info    : [ 30%] Meshing curve 5 order 2
Info    : [ 30%] Meshing curve 6 order 2
Info    : [ 40%] Meshing curve 7 order 2
Info    : [ 40%] Meshing curve 8 order 2
Info    : [ 50%] Meshing curve 9 order 2
Info    : [ 50%] Meshing curve 10 order 2
Info    : [ 60%] Meshing curve 11 order 2
Info    : [ 60%] Meshing curve 12 order 2
Info    : [ 70%] Meshing surface 1 order 2
Info    : [ 70%] Meshing surface 2 order 2
Info    : [ 80%] Meshing surface 3 order 2
Info    : [ 80%] Meshing surface 4 order 2
Info    : [ 90%] Meshing surface 5 order 2
Info    : [ 90%] Meshing surface 6 order 2
Info    : [100%] Meshing volume 1 order 2
Info    : [100%] Meshing volume 2 order 2
Info    : Surface mesh: worst distortion = 0.797589 (0 elements in ]0, 0.2]); worst gamma = 0.499267
Info    : Volume mesh: worst distortion = 0.234802 (0 elements in ]0, 0.2])
Info    : Done meshing order 2 (Wall 4.86605s, CPU 4.84569s)
Info    : Writing '/home/user/mscr-mom/현서/scripts/contact_scenarios/fea/retry_mesh_LM0_phi00_b180_s100.inp'...
Info    : Done writing '/home/user/mscr-mom/현서/scripts/contact_scenarios/fea/retry_mesh_LM0_phi00_b180_s100.inp'
  [LM0_phi00_b180] [실패] (8.8s)
[LM0_phi00_b180] 완료: 1/2 성공
