[LM25_phiP90_b0 1/8] L_M=25.0, phi=90.0, beta=0.0, s=20.0mm (stabilize=True) ...
Info    : Meshing 1D...
Info    : [  0%] Meshing curve 1 (BSpline)
Info    : [ 10%] Meshing curve 2 (Ellipse)
Info    : [ 20%] Meshing curve 3 (Ellipse)
Info    : [ 30%] Meshing curve 4 (BSpline)
Info    : [ 40%] Meshing curve 5 (BSpline)
Info    : [ 50%] Meshing curve 6 (BSpline)
Info    : [ 60%] Meshing curve 7 (BSpline)
Info    : [ 60%] Meshing curve 8 (BSpline)
Info    : [ 70%] Meshing curve 9 (BSpline)
Info    : [ 90%] Meshing curve 11 (Circle)
Info    : Done meshing 1D (Wall 0.0238972s, CPU 0.023897s)
Info    : Meshing 2D...
Info    : [  0%] Meshing surface 1 (Plane, Frontal-Delaunay)
Info    : [ 20%] Meshing surface 2 (Plane, Frontal-Delaunay)
Info    : [ 40%] Meshing surface 3 (BSpline surface, Frontal-Delaunay)
Info    : [ 60%] Meshing surface 4 (BSpline surface, Frontal-Delaunay)
Info    : [ 70%] Meshing surface 5 (Plane, Frontal-Delaunay)
Info    : [ 90%] Meshing surface 6 (Sphere, Frontal-Delaunay)
Info    : Done meshing 2D (Wall 1.29118s, CPU 1.28377s)
Info    : Meshing 3D...
Info    : 3D Meshing 2 volumes with 2 connected components
Info    : Tetrahedrizing 12513 nodes...
Info    : Done tetrahedrizing 12521 nodes (Wall 0.218992s, CPU 0.205796s)
Info    : Reconstructing mesh...
Info    :  - Creating surface mesh
Info    :  - Identifying boundary edges
Info    :  - Recovering boundary
Info    : Done reconstructing mesh (Wall 0.560806s, CPU 0.523592s)
Info    : Found volume 1
Info    : It. 0 - 0 nodes created - worst tet radius 1.06023 (nodes removed 0 0)
Info    : 3D refinement terminated (13118 nodes total):
Info    :  - 0 Delaunay cavities modified for star shapeness
Info    :  - 0 nodes could not be inserted
Info    :  - 41670 tetrahedra created in 0.0237336 sec. (1755738 tets/s)
Info    : 0 node relocations
Info    : Tetrahedrizing 131 nodes...
Info    : Done tetrahedrizing 139 nodes (Wall 0.000860072s, CPU 0.000861s)
Info    : Reconstructing mesh...
Info    :  - Creating surface mesh
Info    :  - Identifying boundary edges
Info    :  - Recovering boundary
Info    : Done reconstructing mesh (Wall 0.00192739s, CPU 0.001931s)
Info    : Found volume 2
Info    : It. 0 - 0 nodes created - worst tet radius 3.1127 (nodes removed 0 0)
Info    : 3D refinement terminated (12720 nodes total):
Info    :  - 0 Delaunay cavities modified for star shapeness
Info    :  - 0 nodes could not be inserted
Info    :  - 451 tetrahedra created in 0.00656529 sec. (68694 tets/s)
Info    : 0 node relocations
Info    : Done meshing 3D (Wall 0.97291s, CPU 0.902974s)
Info    : Optimizing mesh...
Info    : Optimizing volume 1
Info    : Optimization starts (volume = 235.629) with worst = 0.00348148 / average = 0.680365:
Info    : 0.00 < quality < 0.10 :       206 elements
Info    : 0.10 < quality < 0.20 :       380 elements
Info    : 0.20 < quality < 0.30 :       635 elements
Info    : 0.30 < quality < 0.40 :       987 elements
Info    : 0.40 < quality < 0.50 :      1491 elements
Info    : 0.50 < quality < 0.60 :      3518 elements
Info    : 0.60 < quality < 0.70 :     10563 elements
Info    : 0.70 < quality < 0.80 :     20819 elements
Info    : 0.80 < quality < 0.90 :      1720 elements
Info    : 0.90 < quality < 1.00 :      1351 elements
Info    : 1175 edge swaps, 8 node relocations (volume = 235.629): worst = 0.0554139 / average = 0.696282 (Wall 0.0151401s, CPU 0.01513s)
Info    : 1217 edge swaps, 9 node relocations (volume = 235.629): worst = 0.124773 / average = 0.696732 (Wall 0.0187617s, CPU 0.018759s)
Info    : 1219 edge swaps, 9 node relocations (volume = 235.629): worst = 0.144741 / average = 0.696745 (Wall 0.0215796s, CPU 0.021578s)
Info    : 1220 edge swaps, 9 node relocations (volume = 235.629): worst = 0.144741 / average = 0.696762 (Wall 0.0240332s, CPU 0.024032s)
Info    : No ill-shaped tets in the mesh :-)
Info    : 0.00 < quality < 0.10 :         0 elements
Info    : 0.10 < quality < 0.20 :         4 elements
Info    : 0.20 < quality < 0.30 :        13 elements
Info    : 0.30 < quality < 0.40 :       905 elements
Info    : 0.40 < quality < 0.50 :      1258 elements
Info    : 0.50 < quality < 0.60 :      3531 elements
Info    : 0.60 < quality < 0.70 :     11115 elements
Info    : 0.70 < quality < 0.80 :     20541 elements
Info    : 0.80 < quality < 0.90 :      1871 elements
Info    : 0.90 < quality < 1.00 :      1352 elements
Info    : Optimizing volume 2
Info    : Optimization starts (volume = 0.25645) with worst = 0.156818 / average = 0.747933:
Info    : 0.00 < quality < 0.10 :         0 elements
Info    : 0.10 < quality < 0.20 :         3 elements
Info    : 0.20 < quality < 0.30 :         1 elements
Info    : 0.30 < quality < 0.40 :        11 elements
Info    : 0.40 < quality < 0.50 :         7 elements
Info    : 0.50 < quality < 0.60 :        13 elements
Info    : 0.60 < quality < 0.70 :        76 elements
Info    : 0.70 < quality < 0.80 :       198 elements
Info    : 0.80 < quality < 0.90 :       108 elements
Info    : 0.90 < quality < 1.00 :        34 elements
Info    : 4 edge swaps, 0 node relocations (volume = 0.25645): worst = 0.306679 / average = 0.754082 (Wall 0.00011796s, CPU 0.00012s)
Info    : No ill-shaped tets in the mesh :-)
Info    : 0.00 < quality < 0.10 :         0 elements
Info    : 0.10 < quality < 0.20 :         0 elements
Info    : 0.20 < quality < 0.30 :         0 elements
Info    : 0.30 < quality < 0.40 :        11 elements
Info    : 0.40 < quality < 0.50 :         7 elements
Info    : 0.50 < quality < 0.60 :        10 elements
Info    : 0.60 < quality < 0.70 :        78 elements
Info    : 0.70 < quality < 0.80 :       197 elements
Info    : 0.80 < quality < 0.90 :       110 elements
Info    : 0.90 < quality < 1.00 :        34 elements
Info    : Done optimizing mesh (Wall 0.0594478s, CPU 0.059448s)
Info    : 13513 nodes 67545 elements
Info    : Meshing order 2 (curvilinear on)...
Info    : [  0%] Meshing curve 1 order 2
Info    : [ 10%] Meshing curve 2 order 2
Info    : [ 20%] Meshing curve 3 order 2
Info    : [ 20%] Meshing curve 4 order 2
Info    : [ 30%] Meshing curve 5 order 2
Info    : [ 30%] Meshing curve 6 order 2
Info    : [ 40%] Meshing curve 7 order 2
Info    : [ 40%] Meshing curve 8 order 2
Info    : [ 50%] Meshing curve 9 order 2
Info    : [ 50%] Meshing curve 10 order 2
Info    : [ 60%] Meshing curve 11 order 2
Info    : [ 60%] Meshing curve 12 order 2
Info    : [ 70%] Meshing surface 1 order 2
Info    : [ 70%] Meshing surface 2 order 2
Info    : [ 80%] Meshing surface 3 order 2
Info    : [ 80%] Meshing surface 4 order 2
Info    : [ 90%] Meshing surface 5 order 2
Info    : [ 90%] Meshing surface 6 order 2
Info    : [100%] Meshing volume 1 order 2
Info    : [100%] Meshing volume 2 order 2
Info    : Surface mesh: worst distortion = 0.797589 (0 elements in ]0, 0.2]); worst gamma = 0.646263
Info    : Volume mesh: worst distortion = 0.273507 (0 elements in ]0, 0.2])
Info    : Done meshing order 2 (Wall 22.7121s, CPU 22.6492s)
Info    : Writing '/home/user/mscr-mom/현서/scripts/contact_scenarios/fea/stab_mesh_LM25_phiP90_b0_s20.inp'...
Info    : Done writing '/home/user/mscr-mom/현서/scripts/contact_scenarios/fea/stab_mesh_LM25_phiP90_b0_s20.inp'
  [LM25_phiP90_b0] [실패] (892.7s)
[LM25_phiP90_b0 2/8] L_M=25.0, phi=90.0, beta=0.0, s=40.0mm (stabilize=True) ...
Info    : Meshing 1D...
Info    : [  0%] Meshing curve 1 (BSpline)
Info    : [ 10%] Meshing curve 2 (Ellipse)
Info    : [ 20%] Meshing curve 3 (Ellipse)
Info    : [ 30%] Meshing curve 4 (BSpline)
Info    : [ 40%] Meshing curve 5 (BSpline)
Info    : [ 50%] Meshing curve 6 (BSpline)
Info    : [ 60%] Meshing curve 7 (BSpline)
Info    : [ 60%] Meshing curve 8 (BSpline)
Info    : [ 70%] Meshing curve 9 (BSpline)
Info    : [ 90%] Meshing curve 11 (Circle)
Info    : Done meshing 1D (Wall 0.0397485s, CPU 0.038752s)
Info    : Meshing 2D...
Info    : [  0%] Meshing surface 1 (Plane, Frontal-Delaunay)
Info    : [ 20%] Meshing surface 2 (Plane, Frontal-Delaunay)
Info    : [ 40%] Meshing surface 3 (BSpline surface, Frontal-Delaunay)
Info    : [ 60%] Meshing surface 4 (BSpline surface, Frontal-Delaunay)
Info    : [ 70%] Meshing surface 5 (Plane, Frontal-Delaunay)
Info    : [ 90%] Meshing surface 6 (Sphere, Frontal-Delaunay)
Info    : Done meshing 2D (Wall 1.34571s, CPU 1.34433s)
Info    : Meshing 3D...
Info    : 3D Meshing 2 volumes with 2 connected components
Info    : Tetrahedrizing 12513 nodes...
Info    : Done tetrahedrizing 12521 nodes (Wall 0.220625s, CPU 0.210975s)
Info    : Reconstructing mesh...
Info    :  - Creating surface mesh
Info    :  - Identifying boundary edges
Info    :  - Recovering boundary
Info    : Done reconstructing mesh (Wall 0.528419s, CPU 0.508376s)
Info    : Found volume 1
Info    : It. 0 - 0 nodes created - worst tet radius 1.06023 (nodes removed 0 0)
Info    : 3D refinement terminated (13117 nodes total):
Info    :  - 0 Delaunay cavities modified for star shapeness
Info    :  - 0 nodes could not be inserted
Info    :  - 41670 tetrahedra created in 0.0386585 sec. (1077899 tets/s)
Info    : 0 node relocations
Info    : Tetrahedrizing 130 nodes...
Info    : Done tetrahedrizing 138 nodes (Wall 0.000867795s, CPU 0s)
Info    : Reconstructing mesh...
Info    :  - Creating surface mesh
Info    :  - Identifying boundary edges
Info    :  - Recovering boundary
Info    : Done reconstructing mesh (Wall 0.00204242s, CPU 0.001054s)
Info    : Found volume 2
Info    : It. 0 - 0 nodes created - worst tet radius 3.03041 (nodes removed 0 0)
Info    : 3D refinement terminated (12724 nodes total):
Info    :  - 0 Delaunay cavities modified for star shapeness
Info    :  - 0 nodes could not be inserted
Info    :  - 492 tetrahedra created in 0.00524904 sec. (93731 tets/s)
Info    : 0 node relocations
Info    : Done meshing 3D (Wall 0.937142s, CPU 0.916067s)
Info    : Optimizing mesh...
Info    : Optimizing volume 1
Info    : Optimization starts (volume = 235.629) with worst = 0.00348148 / average = 0.680365:
Info    : 0.00 < quality < 0.10 :       206 elements
Info    : 0.10 < quality < 0.20 :       380 elements
Info    : 0.20 < quality < 0.30 :       635 elements
Info    : 0.30 < quality < 0.40 :       987 elements
Info    : 0.40 < quality < 0.50 :      1491 elements
Info    : 0.50 < quality < 0.60 :      3518 elements
Info    : 0.60 < quality < 0.70 :     10563 elements
Info    : 0.70 < quality < 0.80 :     20819 elements
Info    : 0.80 < quality < 0.90 :      1720 elements
Info    : 0.90 < quality < 1.00 :      1351 elements
Info    : 1175 edge swaps, 8 node relocations (volume = 235.629): worst = 0.0554139 / average = 0.696282 (Wall 0.015166s, CPU 0.015166s)
Info    : 1217 edge swaps, 9 node relocations (volume = 235.629): worst = 0.124773 / average = 0.696732 (Wall 0.0180764s, CPU 0.018078s)
Info    : 1219 edge swaps, 9 node relocations (volume = 235.629): worst = 0.144741 / average = 0.696745 (Wall 0.0202272s, CPU 0.02023s)
Info    : 1220 edge swaps, 9 node relocations (volume = 235.629): worst = 0.144741 / average = 0.696762 (Wall 0.0222725s, CPU 0.022275s)
Info    : No ill-shaped tets in the mesh :-)
Info    : 0.00 < quality < 0.10 :         0 elements
Info    : 0.10 < quality < 0.20 :         4 elements
Info    : 0.20 < quality < 0.30 :        13 elements
Info    : 0.30 < quality < 0.40 :       905 elements
Info    : 0.40 < quality < 0.50 :      1258 elements
Info    : 0.50 < quality < 0.60 :      3531 elements
Info    : 0.60 < quality < 0.70 :     11115 elements
Info    : 0.70 < quality < 0.80 :     20541 elements
Info    : 0.80 < quality < 0.90 :      1871 elements
Info    : 0.90 < quality < 1.00 :      1352 elements
Info    : Optimizing volume 2
Info    : Optimization starts (volume = 0.256435) with worst = 0.0657345 / average = 0.748343:
Info    : 0.00 < quality < 0.10 :         1 elements
Info    : 0.10 < quality < 0.20 :         3 elements
Info    : 0.20 < quality < 0.30 :         6 elements
Info    : 0.30 < quality < 0.40 :        10 elements
Info    : 0.40 < quality < 0.50 :        17 elements
Info    : 0.50 < quality < 0.60 :        17 elements
Info    : 0.60 < quality < 0.70 :        62 elements
Info    : 0.70 < quality < 0.80 :       188 elements
Info    : 0.80 < quality < 0.90 :       151 elements
Info    : 0.90 < quality < 1.00 :        37 elements
Info    : 10 edge swaps, 0 node relocations (volume = 0.256435): worst = 0.31774 / average = 0.761248 (Wall 0.00015717s, CPU 0.000158s)
Info    : No ill-shaped tets in the mesh :-)
Info    : 0.00 < quality < 0.10 :         0 elements
Info    : 0.10 < quality < 0.20 :         0 elements
Info    : 0.20 < quality < 0.30 :         0 elements
Info    : 0.30 < quality < 0.40 :        10 elements
Info    : 0.40 < quality < 0.50 :        15 elements
Info    : 0.50 < quality < 0.60 :        15 elements
Info    : 0.60 < quality < 0.70 :        66 elements
Info    : 0.70 < quality < 0.80 :       188 elements
Info    : 0.80 < quality < 0.90 :       152 elements
Info    : 0.90 < quality < 1.00 :        37 elements
Info    : Done optimizing mesh (Wall 0.0505579s, CPU 0.050563s)
Info    : 13517 nodes 67579 elements
Info    : Meshing order 2 (curvilinear on)...
Info    : [  0%] Meshing curve 1 order 2
Info    : [ 10%] Meshing curve 2 order 2
Info    : [ 20%] Meshing curve 3 order 2
Info    : [ 20%] Meshing curve 4 order 2
Info    : [ 30%] Meshing curve 5 order 2
Info    : [ 30%] Meshing curve 6 order 2
Info    : [ 40%] Meshing curve 7 order 2
Info    : [ 40%] Meshing curve 8 order 2
Info    : [ 50%] Meshing curve 9 order 2
Info    : [ 50%] Meshing curve 10 order 2
Info    : [ 60%] Meshing curve 11 order 2
Info    : [ 60%] Meshing curve 12 order 2
Info    : [ 70%] Meshing surface 1 order 2
Info    : [ 70%] Meshing surface 2 order 2
Info    : [ 80%] Meshing surface 3 order 2
Info    : [ 80%] Meshing surface 4 order 2
Info    : [ 90%] Meshing surface 5 order 2
Info    : [ 90%] Meshing surface 6 order 2
Info    : [100%] Meshing volume 1 order 2
Info    : [100%] Meshing volume 2 order 2
Info    : Surface mesh: worst distortion = 0.797589 (0 elements in ]0, 0.2]); worst gamma = 0.646263
Info    : Volume mesh: worst distortion = 0.273507 (0 elements in ]0, 0.2])
Info    : Done meshing order 2 (Wall 21.4679s, CPU 21.4205s)
Info    : Writing '/home/user/mscr-mom/현서/scripts/contact_scenarios/fea/stab_mesh_LM25_phiP90_b0_s40.inp'...
Info    : Done writing '/home/user/mscr-mom/현서/scripts/contact_scenarios/fea/stab_mesh_LM25_phiP90_b0_s40.inp'
  [LM25_phiP90_b0] [실패] (1251.6s)
[LM25_phiP90_b0 3/8] L_M=25.0, phi=90.0, beta=0.0, s=50.0mm (stabilize=True) ...
Info    : Meshing 1D...
Info    : [  0%] Meshing curve 1 (BSpline)
Info    : [ 10%] Meshing curve 2 (Ellipse)
Info    : [ 20%] Meshing curve 3 (Ellipse)
Info    : [ 30%] Meshing curve 4 (BSpline)
Info    : [ 40%] Meshing curve 5 (BSpline)
Info    : [ 50%] Meshing curve 6 (BSpline)
Info    : [ 60%] Meshing curve 7 (BSpline)
Info    : [ 60%] Meshing curve 8 (BSpline)
Info    : [ 70%] Meshing curve 9 (BSpline)
Info    : [ 90%] Meshing curve 11 (Circle)
Info    : Done meshing 1D (Wall 0.0405399s, CPU 0.040276s)
Info    : Meshing 2D...
Info    : [  0%] Meshing surface 1 (Plane, Frontal-Delaunay)
Info    : [ 20%] Meshing surface 2 (Plane, Frontal-Delaunay)
Info    : [ 40%] Meshing surface 3 (BSpline surface, Frontal-Delaunay)
Info    : [ 60%] Meshing surface 4 (BSpline surface, Frontal-Delaunay)
Info    : [ 70%] Meshing surface 5 (Plane, Frontal-Delaunay)
Info    : [ 90%] Meshing surface 6 (Sphere, Frontal-Delaunay)
Info    : Done meshing 2D (Wall 1.15404s, CPU 1.15252s)
Info    : Meshing 3D...
Info    : 3D Meshing 2 volumes with 2 connected components
Info    : Tetrahedrizing 12513 nodes...
Info    : Done tetrahedrizing 12521 nodes (Wall 0.164513s, CPU 0.15651s)
Info    : Reconstructing mesh...
Info    :  - Creating surface mesh
Info    :  - Identifying boundary edges
Info    :  - Recovering boundary
Info    : Done reconstructing mesh (Wall 0.437934s, CPU 0.418929s)
Info    : Found volume 1
Info    : It. 0 - 0 nodes created - worst tet radius 1.06023 (nodes removed 0 0)
Info    : 3D refinement terminated (13118 nodes total):
Info    :  - 0 Delaunay cavities modified for star shapeness
Info    :  - 0 nodes could not be inserted
Info    :  - 41670 tetrahedra created in 0.0290557 sec. (1434143 tets/s)
Info    : 0 node relocations
Info    : Tetrahedrizing 131 nodes...
Info    : Done tetrahedrizing 139 nodes (Wall 0.000777288s, CPU 0.000777s)
Info    : Reconstructing mesh...
Info    :  - Creating surface mesh
Info    :  - Identifying boundary edges
Info    :  - Recovering boundary
Info    : Done reconstructing mesh (Wall 0.00181634s, CPU 0.001818s)
Info    : Found volume 2
Info    : It. 0 - 0 nodes created - worst tet radius 3.13926 (nodes removed 0 0)
Info    : 3D refinement terminated (12721 nodes total):
Info    :  - 0 Delaunay cavities modified for star shapeness
Info    :  - 0 nodes could not be inserted
Info    :  - 456 tetrahedra created in 0.00294739 sec. (154712 tets/s)
Info    : 0 node relocations
Info    : Done meshing 3D (Wall 0.821335s, CPU 0.801304s)
Info    : Optimizing mesh...
Info    : Optimizing volume 1
Info    : Optimization starts (volume = 235.629) with worst = 0.00348148 / average = 0.680365:
Info    : 0.00 < quality < 0.10 :       206 elements
Info    : 0.10 < quality < 0.20 :       380 elements
Info    : 0.20 < quality < 0.30 :       635 elements
Info    : 0.30 < quality < 0.40 :       987 elements
Info    : 0.40 < quality < 0.50 :      1491 elements
Info    : 0.50 < quality < 0.60 :      3518 elements
Info    : 0.60 < quality < 0.70 :     10563 elements
Info    : 0.70 < quality < 0.80 :     20819 elements
Info    : 0.80 < quality < 0.90 :      1720 elements
Info    : 0.90 < quality < 1.00 :      1351 elements
Info    : 1175 edge swaps, 8 node relocations (volume = 235.629): worst = 0.0554139 / average = 0.696282 (Wall 0.0159861s, CPU 0.015985s)
Info    : 1217 edge swaps, 9 node relocations (volume = 235.629): worst = 0.124773 / average = 0.696732 (Wall 0.0194513s, CPU 0.019451s)
Info    : 1219 edge swaps, 9 node relocations (volume = 235.629): worst = 0.144741 / average = 0.696745 (Wall 0.0219161s, CPU 0.021918s)
Info    : 1220 edge swaps, 9 node relocations (volume = 235.629): worst = 0.144741 / average = 0.696762 (Wall 0.0240713s, CPU 0.024074s)
Info    : No ill-shaped tets in the mesh :-)
Info    : 0.00 < quality < 0.10 :         0 elements
Info    : 0.10 < quality < 0.20 :         4 elements
Info    : 0.20 < quality < 0.30 :        13 elements
Info    : 0.30 < quality < 0.40 :       905 elements
Info    : 0.40 < quality < 0.50 :      1258 elements
Info    : 0.50 < quality < 0.60 :      3531 elements
Info    : 0.60 < quality < 0.70 :     11115 elements
Info    : 0.70 < quality < 0.80 :     20541 elements
Info    : 0.80 < quality < 0.90 :      1871 elements
Info    : 0.90 < quality < 1.00 :      1352 elements
Info    : Optimizing volume 2
Info    : Optimization starts (volume = 0.256422) with worst = 0.152592 / average = 0.753658:
Info    : 0.00 < quality < 0.10 :         0 elements
Info    : 0.10 < quality < 0.20 :         3 elements
Info    : 0.20 < quality < 0.30 :         2 elements
Info    : 0.30 < quality < 0.40 :         6 elements
Info    : 0.40 < quality < 0.50 :         8 elements
Info    : 0.50 < quality < 0.60 :        12 elements
Info    : 0.60 < quality < 0.70 :        79 elements
Info    : 0.70 < quality < 0.80 :       184 elements
Info    : 0.80 < quality < 0.90 :       124 elements
Info    : 0.90 < quality < 1.00 :        38 elements
Info    : 5 edge swaps, 0 node relocations (volume = 0.256422): worst = 0.304652 / average = 0.76112 (Wall 0.000101264s, CPU 0.000102s)
Info    : No ill-shaped tets in the mesh :-)
Info    : 0.00 < quality < 0.10 :         0 elements
Info    : 0.10 < quality < 0.20 :         0 elements
Info    : 0.20 < quality < 0.30 :         0 elements
Info    : 0.30 < quality < 0.40 :         6 elements
Info    : 0.40 < quality < 0.50 :         8 elements
Info    : 0.50 < quality < 0.60 :         9 elements
Info    : 0.60 < quality < 0.70 :        80 elements
Info    : 0.70 < quality < 0.80 :       183 elements
Info    : 0.80 < quality < 0.90 :       127 elements
Info    : 0.90 < quality < 1.00 :        38 elements
Info    : Done optimizing mesh (Wall 0.048798s, CPU 0.048796s)
Info    : 13514 nodes 67549 elements
Info    : Meshing order 2 (curvilinear on)...
Info    : [  0%] Meshing curve 1 order 2
Info    : [ 10%] Meshing curve 2 order 2
Info    : [ 20%] Meshing curve 3 order 2
Info    : [ 20%] Meshing curve 4 order 2
Info    : [ 30%] Meshing curve 5 order 2
Info    : [ 30%] Meshing curve 6 order 2
Info    : [ 40%] Meshing curve 7 order 2
Info    : [ 40%] Meshing curve 8 order 2
Info    : [ 50%] Meshing curve 9 order 2
Info    : [ 50%] Meshing curve 10 order 2
Info    : [ 60%] Meshing curve 11 order 2
Info    : [ 60%] Meshing curve 12 order 2
Info    : [ 70%] Meshing surface 1 order 2
Info    : [ 70%] Meshing surface 2 order 2
Info    : [ 80%] Meshing surface 3 order 2
Info    : [ 80%] Meshing surface 4 order 2
Info    : [ 90%] Meshing surface 5 order 2
Info    : [ 90%] Meshing surface 6 order 2
Info    : [100%] Meshing volume 1 order 2
Info    : [100%] Meshing volume 2 order 2
Info    : Surface mesh: worst distortion = 0.797589 (0 elements in ]0, 0.2]); worst gamma = 0.646263
Info    : Volume mesh: worst distortion = 0.273507 (0 elements in ]0, 0.2])
Info    : Done meshing order 2 (Wall 21.0605s, CPU 20.7639s)
Info    : Writing '/home/user/mscr-mom/현서/scripts/contact_scenarios/fea/stab_mesh_LM25_phiP90_b0_s50.inp'...
Info    : Done writing '/home/user/mscr-mom/현서/scripts/contact_scenarios/fea/stab_mesh_LM25_phiP90_b0_s50.inp'
  [LM25_phiP90_b0] [실패] (961.1s)
[LM25_phiP90_b0 4/8] L_M=25.0, phi=90.0, beta=0.0, s=60.0mm (stabilize=True) ...
Info    : Meshing 1D...
Info    : [  0%] Meshing curve 1 (BSpline)
Info    : [ 10%] Meshing curve 2 (Ellipse)
Info    : [ 20%] Meshing curve 3 (Ellipse)
Info    : [ 30%] Meshing curve 4 (BSpline)
Info    : [ 40%] Meshing curve 5 (BSpline)
Info    : [ 50%] Meshing curve 6 (BSpline)
Info    : [ 60%] Meshing curve 7 (BSpline)
Info    : [ 60%] Meshing curve 8 (BSpline)
Info    : [ 70%] Meshing curve 9 (BSpline)
Info    : [ 90%] Meshing curve 11 (Circle)
Info    : Done meshing 1D (Wall 0.037823s, CPU 0.034968s)
Info    : Meshing 2D...
Info    : [  0%] Meshing surface 1 (Plane, Frontal-Delaunay)
Info    : [ 20%] Meshing surface 2 (Plane, Frontal-Delaunay)
Info    : [ 40%] Meshing surface 3 (BSpline surface, Frontal-Delaunay)
Info    : [ 60%] Meshing surface 4 (BSpline surface, Frontal-Delaunay)
Info    : [ 70%] Meshing surface 5 (Plane, Frontal-Delaunay)
Info    : [ 90%] Meshing surface 6 (Sphere, Frontal-Delaunay)
Info    : Done meshing 2D (Wall 1.04539s, CPU 1.0391s)
Info    : Meshing 3D...
Info    : 3D Meshing 2 volumes with 2 connected components
Info    : Tetrahedrizing 12513 nodes...
Info    : Done tetrahedrizing 12521 nodes (Wall 0.213623s, CPU 0.199629s)
Info    : Reconstructing mesh...
Info    :  - Creating surface mesh
Info    :  - Identifying boundary edges
Info    :  - Recovering boundary
Info    : Done reconstructing mesh (Wall 0.515113s, CPU 0.479305s)
Info    : Found volume 1
Info    : It. 0 - 0 nodes created - worst tet radius 1.06023 (nodes removed 0 0)
Info    : 3D refinement terminated (13117 nodes total):
Info    :  - 0 Delaunay cavities modified for star shapeness
Info    :  - 0 nodes could not be inserted
Info    :  - 41670 tetrahedra created in 0.0368293 sec. (1131435 tets/s)
Info    : 0 node relocations
Info    : Tetrahedrizing 130 nodes...
Info    : Done tetrahedrizing 138 nodes (Wall 0.000884211s, CPU 0.000888s)
Info    : Reconstructing mesh...
Info    :  - Creating surface mesh
Info    :  - Identifying boundary edges
Info    :  - Recovering boundary
Info    : Done reconstructing mesh (Wall 0.00234967s, CPU 0.002348s)
Info    : Found volume 2
Info    : It. 0 - 0 nodes created - worst tet radius 3.03041 (nodes removed 0 0)
Info    : 3D refinement terminated (12724 nodes total):
Info    :  - 0 Delaunay cavities modified for star shapeness
Info    :  - 0 nodes could not be inserted
Info    :  - 492 tetrahedra created in 0.00997404 sec. (49328 tets/s)
Info    : 0 node relocations
Info    : Done meshing 3D (Wall 0.930368s, CPU 0.892351s)
Info    : Optimizing mesh...
Info    : Optimizing volume 1
Info    : Optimization starts (volume = 235.629) with worst = 0.00348148 / average = 0.680365:
Info    : 0.00 < quality < 0.10 :       206 elements
Info    : 0.10 < quality < 0.20 :       380 elements
Info    : 0.20 < quality < 0.30 :       635 elements
Info    : 0.30 < quality < 0.40 :       987 elements
Info    : 0.40 < quality < 0.50 :      1491 elements
Info    : 0.50 < quality < 0.60 :      3518 elements
Info    : 0.60 < quality < 0.70 :     10563 elements
Info    : 0.70 < quality < 0.80 :     20819 elements
Info    : 0.80 < quality < 0.90 :      1720 elements
Info    : 0.90 < quality < 1.00 :      1351 elements
Info    : 1175 edge swaps, 8 node relocations (volume = 235.629): worst = 0.0554139 / average = 0.696282 (Wall 0.0276313s, CPU 0.027289s)
Info    : 1217 edge swaps, 9 node relocations (volume = 235.629): worst = 0.124773 / average = 0.696732 (Wall 0.0344137s, CPU 0.033967s)
Info    : 1219 edge swaps, 9 node relocations (volume = 235.629): worst = 0.144741 / average = 0.696745 (Wall 0.041525s, CPU 0.040965s)
Info    : 1220 edge swaps, 9 node relocations (volume = 235.629): worst = 0.144741 / average = 0.696762 (Wall 0.0473849s, CPU 0.046724s)
Info    : No ill-shaped tets in the mesh :-)
Info    : 0.00 < quality < 0.10 :         0 elements
Info    : 0.10 < quality < 0.20 :         4 elements
Info    : 0.20 < quality < 0.30 :        13 elements
Info    : 0.30 < quality < 0.40 :       905 elements
Info    : 0.40 < quality < 0.50 :      1258 elements
Info    : 0.50 < quality < 0.60 :      3531 elements
Info    : 0.60 < quality < 0.70 :     11115 elements
Info    : 0.70 < quality < 0.80 :     20541 elements
Info    : 0.80 < quality < 0.90 :      1871 elements
Info    : 0.90 < quality < 1.00 :      1352 elements
Info    : Optimizing volume 2
Info    : Optimization starts (volume = 0.256435) with worst = 0.0657345 / average = 0.748343:
Info    : 0.00 < quality < 0.10 :         1 elements
Info    : 0.10 < quality < 0.20 :         3 elements
Info    : 0.20 < quality < 0.30 :         6 elements
Info    : 0.30 < quality < 0.40 :        10 elements
Info    : 0.40 < quality < 0.50 :        17 elements
Info    : 0.50 < quality < 0.60 :        17 elements
Info    : 0.60 < quality < 0.70 :        62 elements
Info    : 0.70 < quality < 0.80 :       188 elements
Info    : 0.80 < quality < 0.90 :       151 elements
Info    : 0.90 < quality < 1.00 :        37 elements
Info    : 10 edge swaps, 0 node relocations (volume = 0.256435): worst = 0.31774 / average = 0.761248 (Wall 0.000337947s, CPU 0.000253s)
Info    : No ill-shaped tets in the mesh :-)
Info    : 0.00 < quality < 0.10 :         0 elements
Info    : 0.10 < quality < 0.20 :         0 elements
Info    : 0.20 < quality < 0.30 :         0 elements
Info    : 0.30 < quality < 0.40 :        10 elements
Info    : 0.40 < quality < 0.50 :        15 elements
Info    : 0.50 < quality < 0.60 :        15 elements
Info    : 0.60 < quality < 0.70 :        66 elements
Info    : 0.70 < quality < 0.80 :       188 elements
Info    : 0.80 < quality < 0.90 :       152 elements
Info    : 0.90 < quality < 1.00 :        37 elements
Info    : Done optimizing mesh (Wall 0.0997226s, CPU 0.097488s)
Info    : 13517 nodes 67579 elements
Info    : Meshing order 2 (curvilinear on)...
Info    : [  0%] Meshing curve 1 order 2
Info    : [ 10%] Meshing curve 2 order 2
Info    : [ 20%] Meshing curve 3 order 2
Info    : [ 20%] Meshing curve 4 order 2
Info    : [ 30%] Meshing curve 5 order 2
Info    : [ 30%] Meshing curve 6 order 2
Info    : [ 40%] Meshing curve 7 order 2
Info    : [ 40%] Meshing curve 8 order 2
Info    : [ 50%] Meshing curve 9 order 2
Info    : [ 50%] Meshing curve 10 order 2
Info    : [ 60%] Meshing curve 11 order 2
Info    : [ 60%] Meshing curve 12 order 2
Info    : [ 70%] Meshing surface 1 order 2
Info    : [ 70%] Meshing surface 2 order 2
Info    : [ 80%] Meshing surface 3 order 2
Info    : [ 80%] Meshing surface 4 order 2
Info    : [ 90%] Meshing surface 5 order 2
Info    : [ 90%] Meshing surface 6 order 2
Info    : [100%] Meshing volume 1 order 2
Info    : [100%] Meshing volume 2 order 2
Info    : Surface mesh: worst distortion = 0.797589 (0 elements in ]0, 0.2]); worst gamma = 0.646263
Info    : Volume mesh: worst distortion = 0.273507 (0 elements in ]0, 0.2])
Info    : Done meshing order 2 (Wall 21.2965s, CPU 21.1894s)
Info    : Writing '/home/user/mscr-mom/현서/scripts/contact_scenarios/fea/stab_mesh_LM25_phiP90_b0_s60.inp'...
Info    : Done writing '/home/user/mscr-mom/현서/scripts/contact_scenarios/fea/stab_mesh_LM25_phiP90_b0_s60.inp'
  [LM25_phiP90_b0] [실패] (998.8s)
[LM25_phiP90_b0 5/8] L_M=25.0, phi=90.0, beta=0.0, s=70.0mm (stabilize=True) ...
Info    : Meshing 1D...
Info    : [  0%] Meshing curve 1 (BSpline)
Info    : [ 10%] Meshing curve 2 (Ellipse)
Info    : [ 20%] Meshing curve 3 (Ellipse)
Info    : [ 30%] Meshing curve 4 (BSpline)
Info    : [ 40%] Meshing curve 5 (BSpline)
Info    : [ 50%] Meshing curve 6 (BSpline)
Info    : [ 60%] Meshing curve 7 (BSpline)
Info    : [ 60%] Meshing curve 8 (BSpline)
Info    : [ 70%] Meshing curve 9 (BSpline)
Info    : [ 90%] Meshing curve 11 (Circle)
Info    : Done meshing 1D (Wall 0.0410548s, CPU 0.039703s)
Info    : Meshing 2D...
Info    : [  0%] Meshing surface 1 (Plane, Frontal-Delaunay)
Info    : [ 20%] Meshing surface 2 (Plane, Frontal-Delaunay)
Info    : [ 40%] Meshing surface 3 (BSpline surface, Frontal-Delaunay)
Info    : [ 60%] Meshing surface 4 (BSpline surface, Frontal-Delaunay)
Info    : [ 70%] Meshing surface 5 (Plane, Frontal-Delaunay)
Info    : [ 90%] Meshing surface 6 (Sphere, Frontal-Delaunay)
Info    : Done meshing 2D (Wall 1.10231s, CPU 1.08728s)
Info    : Meshing 3D...
Info    : 3D Meshing 2 volumes with 2 connected components
Info    : Tetrahedrizing 12513 nodes...
Info    : Done tetrahedrizing 12521 nodes (Wall 0.203812s, CPU 0.196879s)
Info    : Reconstructing mesh...
Info    :  - Creating surface mesh
Info    :  - Identifying boundary edges
Info    :  - Recovering boundary
Info    : Done reconstructing mesh (Wall 0.554421s, CPU 0.531186s)
Info    : Found volume 1
Info    : It. 0 - 0 nodes created - worst tet radius 1.06023 (nodes removed 0 0)
Info    : 3D refinement terminated (13118 nodes total):
Info    :  - 0 Delaunay cavities modified for star shapeness
Info    :  - 0 nodes could not be inserted
Info    :  - 41670 tetrahedra created in 0.0416522 sec. (1000426 tets/s)
Info    : 0 node relocations
Info    : Tetrahedrizing 131 nodes...
Info    : Done tetrahedrizing 139 nodes (Wall 0.00099289s, CPU 0.000993s)
Info    : Reconstructing mesh...
Info    :  - Creating surface mesh
Info    :  - Identifying boundary edges
Info    :  - Recovering boundary
Info    : Done reconstructing mesh (Wall 0.00282177s, CPU 0.002577s)
Info    : Found volume 2
Info    : It. 0 - 0 nodes created - worst tet radius 3.13926 (nodes removed 0 0)
Info    : 3D refinement terminated (12721 nodes total):
Info    :  - 0 Delaunay cavities modified for star shapeness
Info    :  - 0 nodes could not be inserted
Info    :  - 456 tetrahedra created in 0.00690655 sec. (66024 tets/s)
Info    : 0 node relocations
Info    : Done meshing 3D (Wall 1.04844s, CPU 1.01081s)
Info    : Optimizing mesh...
Info    : Optimizing volume 1
Info    : Optimization starts (volume = 235.629) with worst = 0.00348148 / average = 0.680365:
Info    : 0.00 < quality < 0.10 :       206 elements
Info    : 0.10 < quality < 0.20 :       380 elements
Info    : 0.20 < quality < 0.30 :       635 elements
Info    : 0.30 < quality < 0.40 :       987 elements
Info    : 0.40 < quality < 0.50 :      1491 elements
Info    : 0.50 < quality < 0.60 :      3518 elements
Info    : 0.60 < quality < 0.70 :     10563 elements
Info    : 0.70 < quality < 0.80 :     20819 elements
Info    : 0.80 < quality < 0.90 :      1720 elements
Info    : 0.90 < quality < 1.00 :      1351 elements
Info    : 1175 edge swaps, 8 node relocations (volume = 235.629): worst = 0.0554139 / average = 0.696282 (Wall 0.0295794s, CPU 0.029225s)
Info    : 1217 edge swaps, 9 node relocations (volume = 235.629): worst = 0.124773 / average = 0.696732 (Wall 0.0350336s, CPU 0.034565s)
Info    : 1219 edge swaps, 9 node relocations (volume = 235.629): worst = 0.144741 / average = 0.696745 (Wall 0.0391696s, CPU 0.038599s)
Info    : 1220 edge swaps, 9 node relocations (volume = 235.629): worst = 0.144741 / average = 0.696762 (Wall 0.0430092s, CPU 0.042344s)
Info    : No ill-shaped tets in the mesh :-)
Info    : 0.00 < quality < 0.10 :         0 elements
Info    : 0.10 < quality < 0.20 :         4 elements
Info    : 0.20 < quality < 0.30 :        13 elements
Info    : 0.30 < quality < 0.40 :       905 elements
Info    : 0.40 < quality < 0.50 :      1258 elements
Info    : 0.50 < quality < 0.60 :      3531 elements
Info    : 0.60 < quality < 0.70 :     11115 elements
Info    : 0.70 < quality < 0.80 :     20541 elements
Info    : 0.80 < quality < 0.90 :      1871 elements
Info    : 0.90 < quality < 1.00 :      1352 elements
Info    : Optimizing volume 2
Info    : Optimization starts (volume = 0.256422) with worst = 0.152592 / average = 0.753658:
Info    : 0.00 < quality < 0.10 :         0 elements
Info    : 0.10 < quality < 0.20 :         3 elements
Info    : 0.20 < quality < 0.30 :         2 elements
Info    : 0.30 < quality < 0.40 :         6 elements
Info    : 0.40 < quality < 0.50 :         8 elements
Info    : 0.50 < quality < 0.60 :        12 elements
Info    : 0.60 < quality < 0.70 :        79 elements
Info    : 0.70 < quality < 0.80 :       184 elements
Info    : 0.80 < quality < 0.90 :       124 elements
Info    : 0.90 < quality < 1.00 :        38 elements
Info    : 5 edge swaps, 0 node relocations (volume = 0.256422): worst = 0.304652 / average = 0.76112 (Wall 0.000197943s, CPU 0.000147s)
Info    : No ill-shaped tets in the mesh :-)
Info    : 0.00 < quality < 0.10 :         0 elements
Info    : 0.10 < quality < 0.20 :         0 elements
Info    : 0.20 < quality < 0.30 :         0 elements
Info    : 0.30 < quality < 0.40 :         6 elements
Info    : 0.40 < quality < 0.50 :         8 elements
Info    : 0.50 < quality < 0.60 :         9 elements
Info    : 0.60 < quality < 0.70 :        80 elements
Info    : 0.70 < quality < 0.80 :       183 elements
Info    : 0.80 < quality < 0.90 :       127 elements
Info    : 0.90 < quality < 1.00 :        38 elements
Info    : Done optimizing mesh (Wall 0.092804s, CPU 0.091528s)
Info    : 13514 nodes 67549 elements
Info    : Meshing order 2 (curvilinear on)...
Info    : [  0%] Meshing curve 1 order 2
Info    : [ 10%] Meshing curve 2 order 2
Info    : [ 20%] Meshing curve 3 order 2
Info    : [ 20%] Meshing curve 4 order 2
Info    : [ 30%] Meshing curve 5 order 2
Info    : [ 30%] Meshing curve 6 order 2
Info    : [ 40%] Meshing curve 7 order 2
Info    : [ 40%] Meshing curve 8 order 2
Info    : [ 50%] Meshing curve 9 order 2
Info    : [ 50%] Meshing curve 10 order 2
Info    : [ 60%] Meshing curve 11 order 2
Info    : [ 60%] Meshing curve 12 order 2
Info    : [ 70%] Meshing surface 1 order 2
Info    : [ 70%] Meshing surface 2 order 2
Info    : [ 80%] Meshing surface 3 order 2
Info    : [ 80%] Meshing surface 4 order 2
Info    : [ 90%] Meshing surface 5 order 2
Info    : [ 90%] Meshing surface 6 order 2
Info    : [100%] Meshing volume 1 order 2
Info    : [100%] Meshing volume 2 order 2
Info    : Surface mesh: worst distortion = 0.797589 (0 elements in ]0, 0.2]); worst gamma = 0.646263
Info    : Volume mesh: worst distortion = 0.273507 (0 elements in ]0, 0.2])
Info    : Done meshing order 2 (Wall 20.657s, CPU 20.5665s)
Info    : Writing '/home/user/mscr-mom/현서/scripts/contact_scenarios/fea/stab_mesh_LM25_phiP90_b0_s70.inp'...
Info    : Done writing '/home/user/mscr-mom/현서/scripts/contact_scenarios/fea/stab_mesh_LM25_phiP90_b0_s70.inp'
  [LM25_phiP90_b0] F_mag=0.0009mN  (1338.1s)
[LM25_phiP90_b0 6/8] L_M=25.0, phi=90.0, beta=0.0, s=80.0mm (stabilize=True) ...
Info    : Meshing 1D...
Info    : [  0%] Meshing curve 1 (BSpline)
Info    : [ 10%] Meshing curve 2 (Ellipse)
Info    : [ 20%] Meshing curve 3 (Ellipse)
Info    : [ 30%] Meshing curve 4 (BSpline)
Info    : [ 40%] Meshing curve 5 (BSpline)
Info    : [ 50%] Meshing curve 6 (BSpline)
Info    : [ 60%] Meshing curve 7 (BSpline)
Info    : [ 60%] Meshing curve 8 (BSpline)
Info    : [ 70%] Meshing curve 9 (BSpline)
Info    : [ 90%] Meshing curve 11 (Circle)
Info    : Done meshing 1D (Wall 0.0407223s, CPU 0.039186s)
Info    : Meshing 2D...
Info    : [  0%] Meshing surface 1 (Plane, Frontal-Delaunay)
Info    : [ 20%] Meshing surface 2 (Plane, Frontal-Delaunay)
Info    : [ 40%] Meshing surface 3 (BSpline surface, Frontal-Delaunay)
Info    : [ 60%] Meshing surface 4 (BSpline surface, Frontal-Delaunay)
Info    : [ 70%] Meshing surface 5 (Plane, Frontal-Delaunay)
Info    : [ 90%] Meshing surface 6 (Sphere, Frontal-Delaunay)
Info    : Done meshing 2D (Wall 1.23768s, CPU 1.21178s)
Info    : Meshing 3D...
Info    : 3D Meshing 2 volumes with 2 connected components
Info    : Tetrahedrizing 12513 nodes...
Info    : Done tetrahedrizing 12521 nodes (Wall 0.200347s, CPU 0.191056s)
Info    : Reconstructing mesh...
Info    :  - Creating surface mesh
Info    :  - Identifying boundary edges
Info    :  - Recovering boundary
Info    : Done reconstructing mesh (Wall 0.465499s, CPU 0.44401s)
Info    : Found volume 1
Info    : It. 0 - 0 nodes created - worst tet radius 1.06023 (nodes removed 0 0)
Info    : 3D refinement terminated (13117 nodes total):
Info    :  - 0 Delaunay cavities modified for star shapeness
Info    :  - 0 nodes could not be inserted
Info    :  - 41670 tetrahedra created in 0.0342098 sec. (1218073 tets/s)
Info    : 0 node relocations
Info    : Tetrahedrizing 130 nodes...
Info    : Done tetrahedrizing 138 nodes (Wall 0.00101609s, CPU 0.001016s)
Info    : Reconstructing mesh...
Info    :  - Creating surface mesh
Info    :  - Identifying boundary edges
Info    :  - Recovering boundary
Info    : Done reconstructing mesh (Wall 0.00228139s, CPU 0.002287s)
Info    : Found volume 2
Info    : It. 0 - 0 nodes created - worst tet radius 3.03041 (nodes removed 0 0)
Info    : 3D refinement terminated (12724 nodes total):
Info    :  - 0 Delaunay cavities modified for star shapeness
Info    :  - 0 nodes could not be inserted
Info    :  - 492 tetrahedra created in 0.00532482 sec. (92397 tets/s)
Info    : 0 node relocations
Info    : Done meshing 3D (Wall 0.887959s, CPU 0.86432s)
Info    : Optimizing mesh...
Info    : Optimizing volume 1
Info    : Optimization starts (volume = 235.629) with worst = 0.00348148 / average = 0.680365:
Info    : 0.00 < quality < 0.10 :       206 elements
Info    : 0.10 < quality < 0.20 :       380 elements
Info    : 0.20 < quality < 0.30 :       635 elements
Info    : 0.30 < quality < 0.40 :       987 elements
Info    : 0.40 < quality < 0.50 :      1491 elements
Info    : 0.50 < quality < 0.60 :      3518 elements
Info    : 0.60 < quality < 0.70 :     10563 elements
Info    : 0.70 < quality < 0.80 :     20819 elements
Info    : 0.80 < quality < 0.90 :      1720 elements
Info    : 0.90 < quality < 1.00 :      1351 elements
Info    : 1175 edge swaps, 8 node relocations (volume = 235.629): worst = 0.0554139 / average = 0.696282 (Wall 0.0266315s, CPU 0.026629s)
Info    : 1217 edge swaps, 9 node relocations (volume = 235.629): worst = 0.124773 / average = 0.696732 (Wall 0.0319248s, CPU 0.031922s)
Info    : 1219 edge swaps, 9 node relocations (volume = 235.629): worst = 0.144741 / average = 0.696745 (Wall 0.0356532s, CPU 0.034663s)
Info    : 1220 edge swaps, 9 node relocations (volume = 235.629): worst = 0.144741 / average = 0.696762 (Wall 0.0388475s, CPU 0.037856s)
Info    : No ill-shaped tets in the mesh :-)
Info    : 0.00 < quality < 0.10 :         0 elements
Info    : 0.10 < quality < 0.20 :         4 elements
Info    : 0.20 < quality < 0.30 :        13 elements
Info    : 0.30 < quality < 0.40 :       905 elements
Info    : 0.40 < quality < 0.50 :      1258 elements
Info    : 0.50 < quality < 0.60 :      3531 elements
Info    : 0.60 < quality < 0.70 :     11115 elements
Info    : 0.70 < quality < 0.80 :     20541 elements
Info    : 0.80 < quality < 0.90 :      1871 elements
Info    : 0.90 < quality < 1.00 :      1352 elements
Info    : Optimizing volume 2
Info    : Optimization starts (volume = 0.256435) with worst = 0.0657345 / average = 0.748343:
Info    : 0.00 < quality < 0.10 :         1 elements
Info    : 0.10 < quality < 0.20 :         3 elements
Info    : 0.20 < quality < 0.30 :         6 elements
Info    : 0.30 < quality < 0.40 :        10 elements
Info    : 0.40 < quality < 0.50 :        17 elements
Info    : 0.50 < quality < 0.60 :        17 elements
Info    : 0.60 < quality < 0.70 :        62 elements
Info    : 0.70 < quality < 0.80 :       188 elements
Info    : 0.80 < quality < 0.90 :       151 elements
Info    : 0.90 < quality < 1.00 :        37 elements
Info    : 10 edge swaps, 0 node relocations (volume = 0.256435): worst = 0.31774 / average = 0.761248 (Wall 0.000208298s, CPU 0.00021s)
Info    : No ill-shaped tets in the mesh :-)
Info    : 0.00 < quality < 0.10 :         0 elements
Info    : 0.10 < quality < 0.20 :         0 elements
Info    : 0.20 < quality < 0.30 :         0 elements
Info    : 0.30 < quality < 0.40 :        10 elements
Info    : 0.40 < quality < 0.50 :        15 elements
Info    : 0.50 < quality < 0.60 :        15 elements
Info    : 0.60 < quality < 0.70 :        66 elements
Info    : 0.70 < quality < 0.80 :       188 elements
Info    : 0.80 < quality < 0.90 :       152 elements
Info    : 0.90 < quality < 1.00 :        37 elements
Info    : Done optimizing mesh (Wall 0.079399s, CPU 0.078356s)
Info    : 13517 nodes 67579 elements
Info    : Meshing order 2 (curvilinear on)...
Info    : [  0%] Meshing curve 1 order 2
Info    : [ 10%] Meshing curve 2 order 2
Info    : [ 20%] Meshing curve 3 order 2
Info    : [ 20%] Meshing curve 4 order 2
Info    : [ 30%] Meshing curve 5 order 2
Info    : [ 30%] Meshing curve 6 order 2
Info    : [ 40%] Meshing curve 7 order 2
Info    : [ 40%] Meshing curve 8 order 2
Info    : [ 50%] Meshing curve 9 order 2
Info    : [ 50%] Meshing curve 10 order 2
Info    : [ 60%] Meshing curve 11 order 2
Info    : [ 60%] Meshing curve 12 order 2
Info    : [ 70%] Meshing surface 1 order 2
Info    : [ 70%] Meshing surface 2 order 2
Info    : [ 80%] Meshing surface 3 order 2
Info    : [ 80%] Meshing surface 4 order 2
Info    : [ 90%] Meshing surface 5 order 2
Info    : [ 90%] Meshing surface 6 order 2
Info    : [100%] Meshing volume 1 order 2
Info    : [100%] Meshing volume 2 order 2
Info    : Surface mesh: worst distortion = 0.797589 (0 elements in ]0, 0.2]); worst gamma = 0.646263
Info    : Volume mesh: worst distortion = 0.273507 (0 elements in ]0, 0.2])
Info    : Done meshing order 2 (Wall 21.6308s, CPU 21.4485s)
Info    : Writing '/home/user/mscr-mom/현서/scripts/contact_scenarios/fea/stab_mesh_LM25_phiP90_b0_s80.inp'...
Info    : Done writing '/home/user/mscr-mom/현서/scripts/contact_scenarios/fea/stab_mesh_LM25_phiP90_b0_s80.inp'
  [LM25_phiP90_b0] [실패] (1170.5s)
[LM25_phiP90_b0 7/8] L_M=25.0, phi=90.0, beta=0.0, s=90.0mm (stabilize=True) ...
Info    : Meshing 1D...
Info    : [  0%] Meshing curve 1 (BSpline)
Info    : [ 10%] Meshing curve 2 (Ellipse)
Info    : [ 20%] Meshing curve 3 (Ellipse)
Info    : [ 30%] Meshing curve 4 (BSpline)
Info    : [ 40%] Meshing curve 5 (BSpline)
Info    : [ 50%] Meshing curve 6 (BSpline)
Info    : [ 60%] Meshing curve 7 (BSpline)
Info    : [ 60%] Meshing curve 8 (BSpline)
Info    : [ 70%] Meshing curve 9 (BSpline)
Info    : [ 90%] Meshing curve 11 (Circle)
Info    : Done meshing 1D (Wall 0.022973s, CPU 0.022974s)
Info    : Meshing 2D...
Info    : [  0%] Meshing surface 1 (Plane, Frontal-Delaunay)
Info    : [ 20%] Meshing surface 2 (Plane, Frontal-Delaunay)
Info    : [ 40%] Meshing surface 3 (BSpline surface, Frontal-Delaunay)
Info    : [ 60%] Meshing surface 4 (BSpline surface, Frontal-Delaunay)
Info    : [ 70%] Meshing surface 5 (Plane, Frontal-Delaunay)
Info    : [ 90%] Meshing surface 6 (Sphere, Frontal-Delaunay)
Info    : Done meshing 2D (Wall 1.056s, CPU 1.05487s)
Info    : Meshing 3D...
Info    : 3D Meshing 2 volumes with 2 connected components
Info    : Tetrahedrizing 12513 nodes...
Info    : Done tetrahedrizing 12521 nodes (Wall 0.164989s, CPU 0.158988s)
Info    : Reconstructing mesh...
Info    :  - Creating surface mesh
Info    :  - Identifying boundary edges
Info    :  - Recovering boundary
Info    : Done reconstructing mesh (Wall 0.41594s, CPU 0.402793s)
Info    : Found volume 1
Info    : It. 0 - 0 nodes created - worst tet radius 1.06023 (nodes removed 0 0)
Info    : 3D refinement terminated (13117 nodes total):
Info    :  - 0 Delaunay cavities modified for star shapeness
Info    :  - 0 nodes could not be inserted
Info    :  - 41670 tetrahedra created in 0.03863 sec. (1078694 tets/s)
Info    : 0 node relocations
Info    : Tetrahedrizing 130 nodes...
Info    : Done tetrahedrizing 138 nodes (Wall 0.0010225s, CPU 0.001023s)
Info    : Reconstructing mesh...
Info    :  - Creating surface mesh
Info    :  - Identifying boundary edges
Info    :  - Recovering boundary
Info    : Done reconstructing mesh (Wall 0.00252613s, CPU 0.002526s)
Info    : Found volume 2
Info    : It. 0 - 0 nodes created - worst tet radius 3.03041 (nodes removed 0 0)
Info    : 3D refinement terminated (12724 nodes total):
Info    :  - 0 Delaunay cavities modified for star shapeness
Info    :  - 0 nodes could not be inserted
Info    :  - 492 tetrahedra created in 0.00766015 sec. (64228 tets/s)
Info    : 0 node relocations
Info    : Done meshing 3D (Wall 0.887324s, CPU 0.873062s)
Info    : Optimizing mesh...
Info    : Optimizing volume 1
Info    : Optimization starts (volume = 235.629) with worst = 0.00348148 / average = 0.680365:
Info    : 0.00 < quality < 0.10 :       206 elements
Info    : 0.10 < quality < 0.20 :       380 elements
Info    : 0.20 < quality < 0.30 :       635 elements
Info    : 0.30 < quality < 0.40 :       987 elements
Info    : 0.40 < quality < 0.50 :      1491 elements
Info    : 0.50 < quality < 0.60 :      3518 elements
Info    : 0.60 < quality < 0.70 :     10563 elements
Info    : 0.70 < quality < 0.80 :     20819 elements
Info    : 0.80 < quality < 0.90 :      1720 elements
Info    : 0.90 < quality < 1.00 :      1351 elements
Info    : 1175 edge swaps, 8 node relocations (volume = 235.629): worst = 0.0554139 / average = 0.696282 (Wall 0.0245041s, CPU 0.024504s)
Info    : 1217 edge swaps, 9 node relocations (volume = 235.629): worst = 0.124773 / average = 0.696732 (Wall 0.0291649s, CPU 0.029165s)
Info    : 1219 edge swaps, 9 node relocations (volume = 235.629): worst = 0.144741 / average = 0.696745 (Wall 0.0334928s, CPU 0.033491s)
Info    : 1220 edge swaps, 9 node relocations (volume = 235.629): worst = 0.144741 / average = 0.696762 (Wall 0.0395031s, CPU 0.039406s)
Info    : No ill-shaped tets in the mesh :-)
Info    : 0.00 < quality < 0.10 :         0 elements
Info    : 0.10 < quality < 0.20 :         4 elements
Info    : 0.20 < quality < 0.30 :        13 elements
Info    : 0.30 < quality < 0.40 :       905 elements
Info    : 0.40 < quality < 0.50 :      1258 elements
Info    : 0.50 < quality < 0.60 :      3531 elements
Info    : 0.60 < quality < 0.70 :     11115 elements
Info    : 0.70 < quality < 0.80 :     20541 elements
Info    : 0.80 < quality < 0.90 :      1871 elements
Info    : 0.90 < quality < 1.00 :      1352 elements
Info    : Optimizing volume 2
Info    : Optimization starts (volume = 0.256435) with worst = 0.0657345 / average = 0.748343:
Info    : 0.00 < quality < 0.10 :         1 elements
Info    : 0.10 < quality < 0.20 :         3 elements
Info    : 0.20 < quality < 0.30 :         6 elements
Info    : 0.30 < quality < 0.40 :        10 elements
Info    : 0.40 < quality < 0.50 :        17 elements
Info    : 0.50 < quality < 0.60 :        17 elements
Info    : 0.60 < quality < 0.70 :        62 elements
Info    : 0.70 < quality < 0.80 :       188 elements
Info    : 0.80 < quality < 0.90 :       151 elements
Info    : 0.90 < quality < 1.00 :        37 elements
Info    : 10 edge swaps, 0 node relocations (volume = 0.256435): worst = 0.31774 / average = 0.761248 (Wall 0.00053633s, CPU 0.000236s)
Info    : No ill-shaped tets in the mesh :-)
Info    : 0.00 < quality < 0.10 :         0 elements
Info    : 0.10 < quality < 0.20 :         0 elements
Info    : 0.20 < quality < 0.30 :         0 elements
Info    : 0.30 < quality < 0.40 :        10 elements
Info    : 0.40 < quality < 0.50 :        15 elements
Info    : 0.50 < quality < 0.60 :        15 elements
Info    : 0.60 < quality < 0.70 :        66 elements
Info    : 0.70 < quality < 0.80 :       188 elements
Info    : 0.80 < quality < 0.90 :       152 elements
Info    : 0.90 < quality < 1.00 :        37 elements
Info    : Done optimizing mesh (Wall 0.0852361s, CPU 0.084398s)
Info    : 13517 nodes 67579 elements
Info    : Meshing order 2 (curvilinear on)...
Info    : [  0%] Meshing curve 1 order 2
Info    : [ 10%] Meshing curve 2 order 2
Info    : [ 20%] Meshing curve 3 order 2
Info    : [ 20%] Meshing curve 4 order 2
Info    : [ 30%] Meshing curve 5 order 2
Info    : [ 30%] Meshing curve 6 order 2
Info    : [ 40%] Meshing curve 7 order 2
Info    : [ 40%] Meshing curve 8 order 2
Info    : [ 50%] Meshing curve 9 order 2
Info    : [ 50%] Meshing curve 10 order 2
Info    : [ 60%] Meshing curve 11 order 2
Info    : [ 60%] Meshing curve 12 order 2
Info    : [ 70%] Meshing surface 1 order 2
Info    : [ 70%] Meshing surface 2 order 2
Info    : [ 80%] Meshing surface 3 order 2
Info    : [ 80%] Meshing surface 4 order 2
Info    : [ 90%] Meshing surface 5 order 2
Info    : [ 90%] Meshing surface 6 order 2
Info    : [100%] Meshing volume 1 order 2
Info    : [100%] Meshing volume 2 order 2
Info    : Surface mesh: worst distortion = 0.797589 (0 elements in ]0, 0.2]); worst gamma = 0.646263
Info    : Volume mesh: worst distortion = 0.273507 (0 elements in ]0, 0.2])
Info    : Done meshing order 2 (Wall 20.6266s, CPU 20.5414s)
Info    : Writing '/home/user/mscr-mom/현서/scripts/contact_scenarios/fea/stab_mesh_LM25_phiP90_b0_s90.inp'...
Info    : Done writing '/home/user/mscr-mom/현서/scripts/contact_scenarios/fea/stab_mesh_LM25_phiP90_b0_s90.inp'
  [LM25_phiP90_b0] 실패: Command '['ccx', 'stabsweep_LM25_phiP90_b0_07']' timed out after 1800 seconds
  [LM25_phiP90_b0] [실패] (1823.4s)
[LM25_phiP90_b0 8/8] L_M=25.0, phi=90.0, beta=0.0, s=100.0mm (stabilize=True) ...
Info    : Meshing 1D...
Info    : [  0%] Meshing curve 1 (BSpline)
Info    : [ 10%] Meshing curve 2 (Ellipse)
Info    : [ 20%] Meshing curve 3 (Ellipse)
Info    : [ 30%] Meshing curve 4 (BSpline)
Info    : [ 40%] Meshing curve 5 (BSpline)
Info    : [ 50%] Meshing curve 6 (BSpline)
Info    : [ 60%] Meshing curve 7 (BSpline)
Info    : [ 60%] Meshing curve 8 (BSpline)
Info    : [ 70%] Meshing curve 9 (BSpline)
Info    : [ 90%] Meshing curve 11 (Circle)
Info    : Done meshing 1D (Wall 0.0416113s, CPU 0.040618s)
Info    : Meshing 2D...
Info    : [  0%] Meshing surface 1 (Plane, Frontal-Delaunay)
Info    : [ 20%] Meshing surface 2 (Plane, Frontal-Delaunay)
Info    : [ 40%] Meshing surface 3 (BSpline surface, Frontal-Delaunay)
Info    : [ 60%] Meshing surface 4 (BSpline surface, Frontal-Delaunay)
Info    : [ 70%] Meshing surface 5 (Plane, Frontal-Delaunay)
Info    : [ 90%] Meshing surface 6 (Sphere, Frontal-Delaunay)
Info    : Done meshing 2D (Wall 1.28042s, CPU 1.27784s)
Info    : Meshing 3D...
Info    : 3D Meshing 2 volumes with 2 connected components
Info    : Tetrahedrizing 12513 nodes...
Info    : Done tetrahedrizing 12521 nodes (Wall 0.183833s, CPU 0.173833s)
Info    : Reconstructing mesh...
Info    :  - Creating surface mesh
Info    :  - Identifying boundary edges
Info    :  - Recovering boundary
Info    : Done reconstructing mesh (Wall 0.563893s, CPU 0.543128s)
Info    : Found volume 1
Info    : It. 0 - 0 nodes created - worst tet radius 1.06023 (nodes removed 0 0)
Info    : 3D refinement terminated (13117 nodes total):
Info    :  - 0 Delaunay cavities modified for star shapeness
Info    :  - 0 nodes could not be inserted
Info    :  - 41670 tetrahedra created in 0.0448097 sec. (929931 tets/s)
Info    : 0 node relocations
Info    : Tetrahedrizing 130 nodes...
Info    : Done tetrahedrizing 138 nodes (Wall 0.00101274s, CPU 0.001013s)
Info    : Reconstructing mesh...
Info    :  - Creating surface mesh
Info    :  - Identifying boundary edges
Info    :  - Recovering boundary
Info    : Done reconstructing mesh (Wall 0.00256548s, CPU 0.002501s)
Info    : Found volume 2
Info    : It. 0 - 0 nodes created - worst tet radius 3.03041 (nodes removed 0 0)
Info    : 3D refinement terminated (12724 nodes total):
Info    :  - 0 Delaunay cavities modified for star shapeness
Info    :  - 0 nodes could not be inserted
Info    :  - 492 tetrahedra created in 0.00487361 sec. (100951 tets/s)
Info    : 0 node relocations
Info    : Done meshing 3D (Wall 1.05654s, CPU 1.03243s)
Info    : Optimizing mesh...
Info    : Optimizing volume 1
Info    : Optimization starts (volume = 235.629) with worst = 0.00348148 / average = 0.680365:
Info    : 0.00 < quality < 0.10 :       206 elements
Info    : 0.10 < quality < 0.20 :       380 elements
Info    : 0.20 < quality < 0.30 :       635 elements
Info    : 0.30 < quality < 0.40 :       987 elements
Info    : 0.40 < quality < 0.50 :      1491 elements
Info    : 0.50 < quality < 0.60 :      3518 elements
Info    : 0.60 < quality < 0.70 :     10563 elements
Info    : 0.70 < quality < 0.80 :     20819 elements
Info    : 0.80 < quality < 0.90 :      1720 elements
Info    : 0.90 < quality < 1.00 :      1351 elements
Info    : 1175 edge swaps, 8 node relocations (volume = 235.629): worst = 0.0554139 / average = 0.696282 (Wall 0.0265559s, CPU 0.026188s)
Info    : 1217 edge swaps, 9 node relocations (volume = 235.629): worst = 0.124773 / average = 0.696732 (Wall 0.0314706s, CPU 0.030994s)
Info    : 1219 edge swaps, 9 node relocations (volume = 235.629): worst = 0.144741 / average = 0.696745 (Wall 0.0348599s, CPU 0.034294s)
Info    : 1220 edge swaps, 9 node relocations (volume = 235.629): worst = 0.144741 / average = 0.696762 (Wall 0.0379656s, CPU 0.036335s)
Info    : No ill-shaped tets in the mesh :-)
Info    : 0.00 < quality < 0.10 :         0 elements
Info    : 0.10 < quality < 0.20 :         4 elements
Info    : 0.20 < quality < 0.30 :        13 elements
Info    : 0.30 < quality < 0.40 :       905 elements
Info    : 0.40 < quality < 0.50 :      1258 elements
Info    : 0.50 < quality < 0.60 :      3531 elements
Info    : 0.60 < quality < 0.70 :     11115 elements
Info    : 0.70 < quality < 0.80 :     20541 elements
Info    : 0.80 < quality < 0.90 :      1871 elements
Info    : 0.90 < quality < 1.00 :      1352 elements
Info    : Optimizing volume 2
Info    : Optimization starts (volume = 0.256435) with worst = 0.0657345 / average = 0.748343:
Info    : 0.00 < quality < 0.10 :         1 elements
Info    : 0.10 < quality < 0.20 :         3 elements
Info    : 0.20 < quality < 0.30 :         6 elements
Info    : 0.30 < quality < 0.40 :        10 elements
Info    : 0.40 < quality < 0.50 :        17 elements
Info    : 0.50 < quality < 0.60 :        17 elements
Info    : 0.60 < quality < 0.70 :        62 elements
Info    : 0.70 < quality < 0.80 :       188 elements
Info    : 0.80 < quality < 0.90 :       151 elements
Info    : 0.90 < quality < 1.00 :        37 elements
Info    : 10 edge swaps, 0 node relocations (volume = 0.256435): worst = 0.31774 / average = 0.761248 (Wall 0.000575316s, CPU 0.000236s)
Info    : No ill-shaped tets in the mesh :-)
Info    : 0.00 < quality < 0.10 :         0 elements
Info    : 0.10 < quality < 0.20 :         0 elements
Info    : 0.20 < quality < 0.30 :         0 elements
Info    : 0.30 < quality < 0.40 :        10 elements
Info    : 0.40 < quality < 0.50 :        15 elements
Info    : 0.50 < quality < 0.60 :        15 elements
Info    : 0.60 < quality < 0.70 :        66 elements
Info    : 0.70 < quality < 0.80 :       188 elements
Info    : 0.80 < quality < 0.90 :       152 elements
Info    : 0.90 < quality < 1.00 :        37 elements
Info    : Done optimizing mesh (Wall 0.072796s, CPU 0.06999s)
Info    : 13517 nodes 67579 elements
Info    : Meshing order 2 (curvilinear on)...
Info    : [  0%] Meshing curve 1 order 2
Info    : [ 10%] Meshing curve 2 order 2
Info    : [ 20%] Meshing curve 3 order 2
Info    : [ 20%] Meshing curve 4 order 2
Info    : [ 30%] Meshing curve 5 order 2
Info    : [ 30%] Meshing curve 6 order 2
Info    : [ 40%] Meshing curve 7 order 2
Info    : [ 40%] Meshing curve 8 order 2
Info    : [ 50%] Meshing curve 9 order 2
Info    : [ 50%] Meshing curve 10 order 2
Info    : [ 60%] Meshing curve 11 order 2
Info    : [ 60%] Meshing curve 12 order 2
Info    : [ 70%] Meshing surface 1 order 2
Info    : [ 70%] Meshing surface 2 order 2
Info    : [ 80%] Meshing surface 3 order 2
Info    : [ 80%] Meshing surface 4 order 2
Info    : [ 90%] Meshing surface 5 order 2
Info    : [ 90%] Meshing surface 6 order 2
Info    : [100%] Meshing volume 1 order 2
Info    : [100%] Meshing volume 2 order 2
Info    : Surface mesh: worst distortion = 0.797589 (0 elements in ]0, 0.2]); worst gamma = 0.646263
Info    : Volume mesh: worst distortion = 0.273507 (0 elements in ]0, 0.2])
Info    : Done meshing order 2 (Wall 20.8413s, CPU 20.8288s)
Info    : Writing '/home/user/mscr-mom/현서/scripts/contact_scenarios/fea/stab_mesh_LM25_phiP90_b0_s100.inp'...
Info    : Done writing '/home/user/mscr-mom/현서/scripts/contact_scenarios/fea/stab_mesh_LM25_phiP90_b0_s100.inp'
  [LM25_phiP90_b0] [실패] (1188.4s)
[LM25_phiP90_b0] 완료: 1/8 성공
