대체모델 학습 데이터: 664개 (fea_lm_phi_pos_sweep_all.json, fea_bent_contact_sweep.json, fea_geom_sweep_all.json, fea_angle_sweep_all.json)
=== 대체모델(10-앙상블) 5-fold R^2 (참고용) ===
  tip_ux_avg_mm: R^2=0.961
  tip_uy_avg_mm: R^2=0.978
  tip_uz_avg_mm: R^2=0.831
  tip_theta_deg_board: R^2=0.964
  Fx_total_N: R^2=0.959
  Fy_total_N: R^2=0.627
  Fz_total_N: R^2=0.796
  F_mag_N: R^2=0.981
대체모델 학습 완료 (107s)
150000개 자연스러운움직임-3프로브 합성 데이터 생성 시작 (16-way 병렬)...
합성 데이터 생성 완료: 150000개 (8113s)
구간별 샘플 수: {0: 21238, 1: 43024, 2: 42962, 3: 42776}
최종 분류기 학습 시작 (device=cpu)...
Epoch [ 1/60] ValAcc  62.0%  SegLoss 0.8254  ForceLoss 0.1870  SLoss 0.3200  ConfigLoss 0.1242
Epoch [ 5/60] ValAcc  70.1%  SegLoss 0.6534  ForceLoss 0.0844  SLoss 0.2167  ConfigLoss 0.0311
Epoch [10/60] ValAcc  76.8%  SegLoss 0.5422  ForceLoss 0.0726  SLoss 0.1576  ConfigLoss 0.0284
Epoch [15/60] ValAcc  74.5%  SegLoss 0.5621  ForceLoss 0.0778  SLoss 0.1798  ConfigLoss 0.0222
Epoch [20/60] ValAcc  79.8%  SegLoss 0.4736  ForceLoss 0.0541  SLoss 0.1310  ConfigLoss 0.0176
Epoch [25/60] ValAcc  80.8%  SegLoss 0.4502  ForceLoss 0.0552  SLoss 0.1239  ConfigLoss 0.0172
Epoch [30/60] ValAcc  80.6%  SegLoss 0.4592  ForceLoss 0.0528  SLoss 0.1198  ConfigLoss 0.0166
Epoch [35/60] ValAcc  78.2%  SegLoss 0.4936  ForceLoss 0.0619  SLoss 0.1345  ConfigLoss 0.0198
Epoch [40/60] ValAcc  82.1%  SegLoss 0.4151  ForceLoss 0.0455  SLoss 0.1105  ConfigLoss 0.0148
Epoch [45/60] ValAcc  79.9%  SegLoss 0.4589  ForceLoss 0.0683  SLoss 0.1190  ConfigLoss 0.0166
Epoch [50/60] ValAcc  82.2%  SegLoss 0.4208  ForceLoss 0.0480  SLoss 0.1083  ConfigLoss 0.0174
Epoch [55/60] ValAcc  82.1%  SegLoss 0.4191  ForceLoss 0.0552  SLoss 0.1159  ConfigLoss 0.0197
Epoch [60/60] ValAcc  81.7%  SegLoss 0.4220  ForceLoss 0.0574  SLoss 0.1139  ConfigLoss 0.0175
학습 완료 (229s), 최적 epoch=59 (val loss 기준)

=== 최종 검증 정확도: 83.5% (n_val=15000), 무작위 기준선=25.0% ===
balanced accuracy(구간별 recall 평균): 84.3%
구간별 recall: {'0-20mm': '90.1%', '20-40mm': '81.2%', '40-60mm': '74.9%', '60-80mm': '91.2%'}
오답 중 인접구간 비율: 98.5%

보조회귀 s(연속값): R^2=0.901, MAE=4.60mm

=== 힘(F) 회귀 성능 (n_val=15000) ===
  Fx_board_N: R^2=0.954, MAE=0.0024mN
  Fy_board_N: R^2=0.960, MAE=0.0050mN

=== L_M 회귀 성능 (n_val=15000) ===
  L_M_mm: R^2=0.987, MAE=2.29mm

저장: C:\Users\gustj\Desktop\김현서\김현서\홀센서 코드\현서\scripts\contact_scenarios\fea\..\..\..\models/position_segment_classifier_naturalmotion3_4seg.pth

총 소요시간: 140.8분
