[LMD875_phiP90_b0 1/10] L_M=87.5, phi=90.0, beta=0.0, s=10.0mm, push_depth=0.1mm ...
Info    : Meshing 1D...
Info    : [  0%] Meshing curve 1 (BSpline)
Info    : [ 10%] Meshing curve 2 (Ellipse)
Info    : [ 20%] Meshing curve 3 (Ellipse)
Info    : [ 30%] Meshing curve 4 (BSpline)
Info    : [ 40%] Meshing curve 5 (BSpline)
Info    : [ 50%] Meshing curve 6 (BSpline)
Info    : [ 60%] Meshing curve 7 (BSpline)
Info    : [ 60%] Meshing curve 8 (BSpline)
Info    : [ 70%] Meshing curve 9 (BSpline)
Info    : [ 90%] Meshing curve 11 (Circle)
Info    : Done meshing 1D (Wall 0.0380166s, CPU 0.037444s)
Info    : Meshing 2D...
Info    : [  0%] Meshing surface 1 (Plane, Frontal-Delaunay)
Info    : [ 20%] Meshing surface 2 (Plane, Frontal-Delaunay)
Info    : [ 40%] Meshing surface 3 (BSpline surface, Frontal-Delaunay)
Info    : [ 60%] Meshing surface 4 (BSpline surface, Frontal-Delaunay)
Info    : [ 70%] Meshing surface 5 (Plane, Frontal-Delaunay)
Info    : [ 90%] Meshing surface 6 (Sphere, Frontal-Delaunay)
Info    : Done meshing 2D (Wall 0.846918s, CPU 0.836574s)
Info    : Meshing 3D...
Info    : 3D Meshing 2 volumes with 2 connected components
Info    : Tetrahedrizing 12576 nodes...
Info    : Done tetrahedrizing 12584 nodes (Wall 0.176618s, CPU 0.171552s)
Info    : Reconstructing mesh...
Info    :  - Creating surface mesh
Info    :  - Identifying boundary edges
Info    :  - Recovering boundary
Info    : Done reconstructing mesh (Wall 0.421981s, CPU 0.39893s)
Info    : Found volume 1
Info    : It. 0 - 0 nodes created - worst tet radius 1.06407 (nodes removed 0 0)
Info    : 3D refinement terminated (13191 nodes total):
Info    :  - 0 Delaunay cavities modified for star shapeness
Info    :  - 0 nodes could not be inserted
Info    :  - 41873 tetrahedra created in 0.0303536 sec. (1379506 tets/s)
Info    : 0 node relocations
Info    : Tetrahedrizing 131 nodes...
Info    : Done tetrahedrizing 139 nodes (Wall 0.000814993s, CPU 0.000815s)
Info    : Reconstructing mesh...
Info    :  - Creating surface mesh
Info    :  - Identifying boundary edges
Info    :  - Recovering boundary
Info    : Done reconstructing mesh (Wall 0.00184971s, CPU 0.001834s)
Info    : Found volume 2
Info    : It. 0 - 0 nodes created - worst tet radius 3.17148 (nodes removed 0 0)
Info    : 3D refinement terminated (12784 nodes total):
Info    :  - 0 Delaunay cavities modified for star shapeness
Info    :  - 0 nodes could not be inserted
Info    :  - 465 tetrahedra created in 0.00457464 sec. (101647 tets/s)
Info    : 0 node relocations
Info    : Done meshing 3D (Wall 0.775412s, CPU 0.751254s)
Info    : Optimizing mesh...
Info    : Optimizing volume 1
Info    : Optimization starts (volume = 235.635) with worst = 0.00271088 / average = 0.680883:
Info    : 0.00 < quality < 0.10 :       171 elements
Info    : 0.10 < quality < 0.20 :       381 elements
Info    : 0.20 < quality < 0.30 :       622 elements
Info    : 0.30 < quality < 0.40 :       849 elements
Info    : 0.40 < quality < 0.50 :      1372 elements
Info    : 0.50 < quality < 0.60 :      3693 elements
Info    : 0.60 < quality < 0.70 :     11415 elements
Info    : 0.70 < quality < 0.80 :     20219 elements
Info    : 0.80 < quality < 0.90 :      1780 elements
Info    : 0.90 < quality < 1.00 :      1371 elements
Info    : 1118 edge swaps, 17 node relocations (volume = 235.635): worst = 0.113246 / average = 0.696113 (Wall 0.0153896s, CPU 0.01539s)
Info    : 1169 edge swaps, 21 node relocations (volume = 235.635): worst = 0.159378 / average = 0.696665 (Wall 0.0190282s, CPU 0.019024s)
Info    : 1176 edge swaps, 22 node relocations (volume = 235.635): worst = 0.159378 / average = 0.69676 (Wall 0.0219372s, CPU 0.021933s)
Info    : No ill-shaped tets in the mesh :-)
Info    : 0.00 < quality < 0.10 :         0 elements
Info    : 0.10 < quality < 0.20 :         4 elements
Info    : 0.20 < quality < 0.30 :        15 elements
Info    : 0.30 < quality < 0.40 :       759 elements
Info    : 0.40 < quality < 0.50 :      1131 elements
Info    : 0.50 < quality < 0.60 :      3677 elements
Info    : 0.60 < quality < 0.70 :     11930 elements
Info    : 0.70 < quality < 0.80 :     19991 elements
Info    : 0.80 < quality < 0.90 :      1921 elements
Info    : 0.90 < quality < 1.00 :      1376 elements
Info    : Optimizing volume 2
Info    : Optimization starts (volume = 0.25645) with worst = 0.0557115 / average = 0.741059:
Info    : 0.00 < quality < 0.10 :         1 elements
Info    : 0.10 < quality < 0.20 :         4 elements
Info    : 0.20 < quality < 0.30 :         3 elements
Info    : 0.30 < quality < 0.40 :        10 elements
Info    : 0.40 < quality < 0.50 :        10 elements
Info    : 0.50 < quality < 0.60 :        17 elements
Info    : 0.60 < quality < 0.70 :        85 elements
Info    : 0.70 < quality < 0.80 :       185 elements
Info    : 0.80 < quality < 0.90 :       112 elements
Info    : 0.90 < quality < 1.00 :        38 elements
Info    : 8 edge swaps, 0 node relocations (volume = 0.25645): worst = 0.318497 / average = 0.752994 (Wall 0.000117909s, CPU 0.00012s)
Info    : No ill-shaped tets in the mesh :-)
Info    : 0.00 < quality < 0.10 :         0 elements
Info    : 0.10 < quality < 0.20 :         0 elements
Info    : 0.20 < quality < 0.30 :         0 elements
Info    : 0.30 < quality < 0.40 :        10 elements
Info    : 0.40 < quality < 0.50 :         9 elements
Info    : 0.50 < quality < 0.60 :        13 elements
Info    : 0.60 < quality < 0.70 :        86 elements
Info    : 0.70 < quality < 0.80 :       188 elements
Info    : 0.80 < quality < 0.90 :       113 elements
Info    : 0.90 < quality < 1.00 :        38 elements
Info    : Done optimizing mesh (Wall 0.050953s, CPU 0.050943s)
Info    : 13587 nodes 67897 elements
Info    : Meshing order 2 (curvilinear on)...
Info    : [  0%] Meshing curve 1 order 2
Info    : [ 10%] Meshing curve 2 order 2
Info    : [ 20%] Meshing curve 3 order 2
Info    : [ 20%] Meshing curve 4 order 2
Info    : [ 30%] Meshing curve 5 order 2
Info    : [ 30%] Meshing curve 6 order 2
Info    : [ 40%] Meshing curve 7 order 2
Info    : [ 40%] Meshing curve 8 order 2
Info    : [ 50%] Meshing curve 9 order 2
Info    : [ 50%] Meshing curve 10 order 2
Info    : [ 60%] Meshing curve 11 order 2
Info    : [ 60%] Meshing curve 12 order 2
Info    : [ 70%] Meshing surface 1 order 2
Info    : [ 70%] Meshing surface 2 order 2
Info    : [ 80%] Meshing surface 3 order 2
Info    : [ 80%] Meshing surface 4 order 2
Info    : [ 90%] Meshing surface 5 order 2
Info    : [ 90%] Meshing surface 6 order 2
Info    : [100%] Meshing volume 1 order 2
Info    : [100%] Meshing volume 2 order 2
Info    : Surface mesh: worst distortion = 0.797589 (0 elements in ]0, 0.2]); worst gamma = 0.673202
Info    : Volume mesh: worst distortion = 0.254084 (0 elements in ]0, 0.2])
Info    : Done meshing order 2 (Wall 14.4693s, CPU 14.4314s)
Info    : Writing '/home/user/mscr-mom/현서/scripts/contact_scenarios/fea/matv2_mesh_LMD875_phiP90_b0_s10.inp'...
Info    : Done writing '/home/user/mscr-mom/현서/scripts/contact_scenarios/fea/matv2_mesh_LMD875_phiP90_b0_s10.inp'
  [LMD875_phiP90_b0] F_mag=0.1588mN  (381.1s)
[LMD875_phiP90_b0 2/10] L_M=87.5, phi=90.0, beta=0.0, s=20.0mm, push_depth=0.1mm ...
Info    : Meshing 1D...
Info    : [  0%] Meshing curve 1 (BSpline)
Info    : [ 10%] Meshing curve 2 (Ellipse)
Info    : [ 20%] Meshing curve 3 (Ellipse)
Info    : [ 30%] Meshing curve 4 (BSpline)
Info    : [ 40%] Meshing curve 5 (BSpline)
Info    : [ 50%] Meshing curve 6 (BSpline)
Info    : [ 60%] Meshing curve 7 (BSpline)
Info    : [ 60%] Meshing curve 8 (BSpline)
Info    : [ 70%] Meshing curve 9 (BSpline)
Info    : [ 90%] Meshing curve 11 (Circle)
Info    : Done meshing 1D (Wall 0.039335s, CPU 0.039324s)
Info    : Meshing 2D...
Info    : [  0%] Meshing surface 1 (Plane, Frontal-Delaunay)
Info    : [ 20%] Meshing surface 2 (Plane, Frontal-Delaunay)
Info    : [ 40%] Meshing surface 3 (BSpline surface, Frontal-Delaunay)
Info    : [ 60%] Meshing surface 4 (BSpline surface, Frontal-Delaunay)
Info    : [ 70%] Meshing surface 5 (Plane, Frontal-Delaunay)
Info    : [ 90%] Meshing surface 6 (Sphere, Frontal-Delaunay)
Info    : Done meshing 2D (Wall 1.47658s, CPU 1.47618s)
Info    : Meshing 3D...
Info    : 3D Meshing 2 volumes with 2 connected components
Info    : Tetrahedrizing 12576 nodes...
Info    : Done tetrahedrizing 12584 nodes (Wall 0.242657s, CPU 0.232663s)
Info    : Reconstructing mesh...
Info    :  - Creating surface mesh
Info    :  - Identifying boundary edges
Info    :  - Recovering boundary
Info    : Done reconstructing mesh (Wall 0.591606s, CPU 0.571309s)
Info    : Found volume 1
Info    : It. 0 - 0 nodes created - worst tet radius 1.06407 (nodes removed 0 0)
Info    : 3D refinement terminated (13191 nodes total):
Info    :  - 0 Delaunay cavities modified for star shapeness
Info    :  - 0 nodes could not be inserted
Info    :  - 41873 tetrahedra created in 0.0440919 sec. (949675 tets/s)
Info    : 0 node relocations
Info    : Tetrahedrizing 131 nodes...
Info    : Done tetrahedrizing 139 nodes (Wall 0.00115116s, CPU 0.001152s)
Info    : Reconstructing mesh...
Info    :  - Creating surface mesh
Info    :  - Identifying boundary edges
Info    :  - Recovering boundary
Info    : Done reconstructing mesh (Wall 0.00290125s, CPU 0.002906s)
Info    : Found volume 2
Info    : It. 0 - 0 nodes created - worst tet radius 3.14472 (nodes removed 0 0)
Info    : 3D refinement terminated (12783 nodes total):
Info    :  - 0 Delaunay cavities modified for star shapeness
Info    :  - 0 nodes could not be inserted
Info    :  - 451 tetrahedra created in 0.00697458 sec. (64663 tets/s)
Info    : 0 node relocations
Info    : Done meshing 3D (Wall 1.07637s, CPU 1.05603s)
Info    : Optimizing mesh...
Info    : Optimizing volume 1
Info    : Optimization starts (volume = 235.635) with worst = 0.00271088 / average = 0.680883:
Info    : 0.00 < quality < 0.10 :       171 elements
Info    : 0.10 < quality < 0.20 :       381 elements
Info    : 0.20 < quality < 0.30 :       622 elements
Info    : 0.30 < quality < 0.40 :       849 elements
Info    : 0.40 < quality < 0.50 :      1372 elements
Info    : 0.50 < quality < 0.60 :      3693 elements
Info    : 0.60 < quality < 0.70 :     11415 elements
Info    : 0.70 < quality < 0.80 :     20219 elements
Info    : 0.80 < quality < 0.90 :      1780 elements
Info    : 0.90 < quality < 1.00 :      1371 elements
Info    : 1118 edge swaps, 17 node relocations (volume = 235.635): worst = 0.113246 / average = 0.696113 (Wall 0.0322108s, CPU 0.032213s)
Info    : 1169 edge swaps, 21 node relocations (volume = 235.635): worst = 0.159378 / average = 0.696665 (Wall 0.0408928s, CPU 0.040895s)
Info    : 1176 edge swaps, 22 node relocations (volume = 235.635): worst = 0.159378 / average = 0.69676 (Wall 0.0493139s, CPU 0.049312s)
Info    : No ill-shaped tets in the mesh :-)
Info    : 0.00 < quality < 0.10 :         0 elements
Info    : 0.10 < quality < 0.20 :         4 elements
Info    : 0.20 < quality < 0.30 :        15 elements
Info    : 0.30 < quality < 0.40 :       759 elements
Info    : 0.40 < quality < 0.50 :      1131 elements
Info    : 0.50 < quality < 0.60 :      3677 elements
Info    : 0.60 < quality < 0.70 :     11930 elements
Info    : 0.70 < quality < 0.80 :     19991 elements
Info    : 0.80 < quality < 0.90 :      1921 elements
Info    : 0.90 < quality < 1.00 :      1376 elements
Info    : Optimizing volume 2
Info    : Optimization starts (volume = 0.25645) with worst = 0.156818 / average = 0.747933:
Info    : 0.00 < quality < 0.10 :         0 elements
Info    : 0.10 < quality < 0.20 :         3 elements
Info    : 0.20 < quality < 0.30 :         1 elements
Info    : 0.30 < quality < 0.40 :        11 elements
Info    : 0.40 < quality < 0.50 :         7 elements
Info    : 0.50 < quality < 0.60 :        13 elements
Info    : 0.60 < quality < 0.70 :        76 elements
Info    : 0.70 < quality < 0.80 :       198 elements
Info    : 0.80 < quality < 0.90 :       108 elements
Info    : 0.90 < quality < 1.00 :        34 elements
Info    : 4 edge swaps, 0 node relocations (volume = 0.25645): worst = 0.306679 / average = 0.754082 (Wall 0.000170971s, CPU 0.000179s)
Info    : No ill-shaped tets in the mesh :-)
Info    : 0.00 < quality < 0.10 :         0 elements
Info    : 0.10 < quality < 0.20 :         0 elements
Info    : 0.20 < quality < 0.30 :         0 elements
Info    : 0.30 < quality < 0.40 :        11 elements
Info    : 0.40 < quality < 0.50 :         7 elements
Info    : 0.50 < quality < 0.60 :        10 elements
Info    : 0.60 < quality < 0.70 :        78 elements
Info    : 0.70 < quality < 0.80 :       197 elements
Info    : 0.80 < quality < 0.90 :       110 elements
Info    : 0.90 < quality < 1.00 :        34 elements
Info    : Done optimizing mesh (Wall 0.105688s, CPU 0.105679s)
Info    : 13586 nodes 67887 elements
Info    : Meshing order 2 (curvilinear on)...
Info    : [  0%] Meshing curve 1 order 2
Info    : [ 10%] Meshing curve 2 order 2
Info    : [ 20%] Meshing curve 3 order 2
Info    : [ 20%] Meshing curve 4 order 2
Info    : [ 30%] Meshing curve 5 order 2
Info    : [ 30%] Meshing curve 6 order 2
Info    : [ 40%] Meshing curve 7 order 2
Info    : [ 40%] Meshing curve 8 order 2
Info    : [ 50%] Meshing curve 9 order 2
Info    : [ 50%] Meshing curve 10 order 2
Info    : [ 60%] Meshing curve 11 order 2
Info    : [ 60%] Meshing curve 12 order 2
Info    : [ 70%] Meshing surface 1 order 2
Info    : [ 70%] Meshing surface 2 order 2
Info    : [ 80%] Meshing surface 3 order 2
Info    : [ 80%] Meshing surface 4 order 2
Info    : [ 90%] Meshing surface 5 order 2
Info    : [ 90%] Meshing surface 6 order 2
Info    : [100%] Meshing volume 1 order 2
Info    : [100%] Meshing volume 2 order 2
Info    : Surface mesh: worst distortion = 0.797589 (0 elements in ]0, 0.2]); worst gamma = 0.673202
Info    : Volume mesh: worst distortion = 0.254084 (0 elements in ]0, 0.2])
Info    : Done meshing order 2 (Wall 19.3422s, CPU 19.3333s)
Info    : Writing '/home/user/mscr-mom/현서/scripts/contact_scenarios/fea/matv2_mesh_LMD875_phiP90_b0_s20.inp'...
Info    : Done writing '/home/user/mscr-mom/현서/scripts/contact_scenarios/fea/matv2_mesh_LMD875_phiP90_b0_s20.inp'
  [LMD875_phiP90_b0] F_mag=0.0249mN  (694.1s)
[LMD875_phiP90_b0 3/10] L_M=87.5, phi=90.0, beta=0.0, s=30.0mm, push_depth=0.1mm ...
Info    : Meshing 1D...
Info    : [  0%] Meshing curve 1 (BSpline)
Info    : [ 10%] Meshing curve 2 (Ellipse)
Info    : [ 20%] Meshing curve 3 (Ellipse)
Info    : [ 30%] Meshing curve 4 (BSpline)
Info    : [ 40%] Meshing curve 5 (BSpline)
Info    : [ 50%] Meshing curve 6 (BSpline)
Info    : [ 60%] Meshing curve 7 (BSpline)
Info    : [ 60%] Meshing curve 8 (BSpline)
Info    : [ 70%] Meshing curve 9 (BSpline)
Info    : [ 90%] Meshing curve 11 (Circle)
Info    : Done meshing 1D (Wall 0.022214s, CPU 0.022195s)
Info    : Meshing 2D...
Info    : [  0%] Meshing surface 1 (Plane, Frontal-Delaunay)
Info    : [ 20%] Meshing surface 2 (Plane, Frontal-Delaunay)
Info    : [ 40%] Meshing surface 3 (BSpline surface, Frontal-Delaunay)
Info    : [ 60%] Meshing surface 4 (BSpline surface, Frontal-Delaunay)
Info    : [ 70%] Meshing surface 5 (Plane, Frontal-Delaunay)
Info    : [ 90%] Meshing surface 6 (Sphere, Frontal-Delaunay)
Info    : Done meshing 2D (Wall 0.819898s, CPU 0.818824s)
Info    : Meshing 3D...
Info    : 3D Meshing 2 volumes with 2 connected components
Info    : Tetrahedrizing 12576 nodes...
Info    : Done tetrahedrizing 12584 nodes (Wall 0.169886s, CPU 0.155901s)
Info    : Reconstructing mesh...
Info    :  - Creating surface mesh
Info    :  - Identifying boundary edges
Info    :  - Recovering boundary
Info    : Done reconstructing mesh (Wall 0.487865s, CPU 0.463825s)
Info    : Found volume 1
Info    : It. 0 - 0 nodes created - worst tet radius 1.06407 (nodes removed 0 0)
Info    : 3D refinement terminated (13191 nodes total):
Info    :  - 0 Delaunay cavities modified for star shapeness
Info    :  - 0 nodes could not be inserted
Info    :  - 41873 tetrahedra created in 0.0257989 sec. (1623055 tets/s)
Info    : 0 node relocations
Info    : Tetrahedrizing 131 nodes...
Info    : Done tetrahedrizing 139 nodes (Wall 0.00107095s, CPU 0.001071s)
Info    : Reconstructing mesh...
Info    :  - Creating surface mesh
Info    :  - Identifying boundary edges
Info    :  - Recovering boundary
Info    : Done reconstructing mesh (Wall 0.00226428s, CPU 0.00227s)
Info    : Found volume 2
Info    : It. 0 - 0 nodes created - worst tet radius 3.14846 (nodes removed 0 0)
Info    : 3D refinement terminated (12788 nodes total):
Info    :  - 0 Delaunay cavities modified for star shapeness
Info    :  - 0 nodes could not be inserted
Info    :  - 498 tetrahedra created in 0.00299884 sec. (166064 tets/s)
Info    : 0 node relocations
Info    : Done meshing 3D (Wall 0.870268s, CPU 0.846213s)
Info    : Optimizing mesh...
Info    : Optimizing volume 1
Info    : Optimization starts (volume = 235.635) with worst = 0.00271088 / average = 0.680883:
Info    : 0.00 < quality < 0.10 :       171 elements
Info    : 0.10 < quality < 0.20 :       381 elements
Info    : 0.20 < quality < 0.30 :       622 elements
Info    : 0.30 < quality < 0.40 :       849 elements
Info    : 0.40 < quality < 0.50 :      1372 elements
Info    : 0.50 < quality < 0.60 :      3693 elements
Info    : 0.60 < quality < 0.70 :     11415 elements
Info    : 0.70 < quality < 0.80 :     20219 elements
Info    : 0.80 < quality < 0.90 :      1780 elements
Info    : 0.90 < quality < 1.00 :      1371 elements
Info    : 1118 edge swaps, 17 node relocations (volume = 235.635): worst = 0.113246 / average = 0.696113 (Wall 0.0190593s, CPU 0.019059s)
Info    : 1169 edge swaps, 21 node relocations (volume = 235.635): worst = 0.159378 / average = 0.696665 (Wall 0.0231318s, CPU 0.023132s)
Info    : 1176 edge swaps, 22 node relocations (volume = 235.635): worst = 0.159378 / average = 0.69676 (Wall 0.0260433s, CPU 0.026045s)
Info    : No ill-shaped tets in the mesh :-)
Info    : 0.00 < quality < 0.10 :         0 elements
Info    : 0.10 < quality < 0.20 :         4 elements
Info    : 0.20 < quality < 0.30 :        15 elements
Info    : 0.30 < quality < 0.40 :       759 elements
Info    : 0.40 < quality < 0.50 :      1131 elements
Info    : 0.50 < quality < 0.60 :      3677 elements
Info    : 0.60 < quality < 0.70 :     11930 elements
Info    : 0.70 < quality < 0.80 :     19991 elements
Info    : 0.80 < quality < 0.90 :      1921 elements
Info    : 0.90 < quality < 1.00 :      1376 elements
Info    : Optimizing volume 2
Info    : Optimization starts (volume = 0.256422) with worst = 0.0686282 / average = 0.740287:
Info    : 0.00 < quality < 0.10 :         2 elements
Info    : 0.10 < quality < 0.20 :         4 elements
Info    : 0.20 < quality < 0.30 :         4 elements
Info    : 0.30 < quality < 0.40 :         9 elements
Info    : 0.40 < quality < 0.50 :        15 elements
Info    : 0.50 < quality < 0.60 :        26 elements
Info    : 0.60 < quality < 0.70 :        76 elements
Info    : 0.70 < quality < 0.80 :       186 elements
Info    : 0.80 < quality < 0.90 :       136 elements
Info    : 0.90 < quality < 1.00 :        40 elements
Info    : 10 edge swaps, 0 node relocations (volume = 0.256422): worst = 0.309239 / average = 0.753333 (Wall 0.000185994s, CPU 0.000187s)
Info    : No ill-shaped tets in the mesh :-)
Info    : 0.00 < quality < 0.10 :         0 elements
Info    : 0.10 < quality < 0.20 :         0 elements
Info    : 0.20 < quality < 0.30 :         0 elements
Info    : 0.30 < quality < 0.40 :         9 elements
Info    : 0.40 < quality < 0.50 :        12 elements
Info    : 0.50 < quality < 0.60 :        26 elements
Info    : 0.60 < quality < 0.70 :        80 elements
Info    : 0.70 < quality < 0.80 :       183 elements
Info    : 0.80 < quality < 0.90 :       140 elements
Info    : 0.90 < quality < 1.00 :        39 elements
Info    : Done optimizing mesh (Wall 0.0574812s, CPU 0.057476s)
Info    : 13591 nodes 67929 elements
Info    : Meshing order 2 (curvilinear on)...
Info    : [  0%] Meshing curve 1 order 2
Info    : [ 10%] Meshing curve 2 order 2
Info    : [ 20%] Meshing curve 3 order 2
Info    : [ 20%] Meshing curve 4 order 2
Info    : [ 30%] Meshing curve 5 order 2
Info    : [ 30%] Meshing curve 6 order 2
Info    : [ 40%] Meshing curve 7 order 2
Info    : [ 40%] Meshing curve 8 order 2
Info    : [ 50%] Meshing curve 9 order 2
Info    : [ 50%] Meshing curve 10 order 2
Info    : [ 60%] Meshing curve 11 order 2
Info    : [ 60%] Meshing curve 12 order 2
Info    : [ 70%] Meshing surface 1 order 2
Info    : [ 70%] Meshing surface 2 order 2
Info    : [ 80%] Meshing surface 3 order 2
Info    : [ 80%] Meshing surface 4 order 2
Info    : [ 90%] Meshing surface 5 order 2
Info    : [ 90%] Meshing surface 6 order 2
Info    : [100%] Meshing volume 1 order 2
Info    : [100%] Meshing volume 2 order 2
Info    : Surface mesh: worst distortion = 0.797589 (0 elements in ]0, 0.2]); worst gamma = 0.673202
Info    : Volume mesh: worst distortion = 0.254084 (0 elements in ]0, 0.2])
Info    : Done meshing order 2 (Wall 16.2376s, CPU 16.202s)
Info    : Writing '/home/user/mscr-mom/현서/scripts/contact_scenarios/fea/matv2_mesh_LMD875_phiP90_b0_s30.inp'...
Info    : Done writing '/home/user/mscr-mom/현서/scripts/contact_scenarios/fea/matv2_mesh_LMD875_phiP90_b0_s30.inp'
  [LMD875_phiP90_b0] [실패] (1196.9s)
[LMD875_phiP90_b0 4/10] L_M=87.5, phi=90.0, beta=0.0, s=40.0mm, push_depth=0.1mm ...
Info    : Meshing 1D...
Info    : [  0%] Meshing curve 1 (BSpline)
Info    : [ 10%] Meshing curve 2 (Ellipse)
Info    : [ 20%] Meshing curve 3 (Ellipse)
Info    : [ 30%] Meshing curve 4 (BSpline)
Info    : [ 40%] Meshing curve 5 (BSpline)
Info    : [ 50%] Meshing curve 6 (BSpline)
Info    : [ 60%] Meshing curve 7 (BSpline)
Info    : [ 60%] Meshing curve 8 (BSpline)
Info    : [ 70%] Meshing curve 9 (BSpline)
Info    : [ 90%] Meshing curve 11 (Circle)
Info    : Done meshing 1D (Wall 0.0219789s, CPU 0.020672s)
Info    : Meshing 2D...
Info    : [  0%] Meshing surface 1 (Plane, Frontal-Delaunay)
Info    : [ 20%] Meshing surface 2 (Plane, Frontal-Delaunay)
Info    : [ 40%] Meshing surface 3 (BSpline surface, Frontal-Delaunay)
Info    : [ 60%] Meshing surface 4 (BSpline surface, Frontal-Delaunay)
Info    : [ 70%] Meshing surface 5 (Plane, Frontal-Delaunay)
Info    : [ 90%] Meshing surface 6 (Sphere, Frontal-Delaunay)
Info    : Done meshing 2D (Wall 0.770846s, CPU 0.770076s)
Info    : Meshing 3D...
Info    : 3D Meshing 2 volumes with 2 connected components
Info    : Tetrahedrizing 12576 nodes...
Info    : Done tetrahedrizing 12584 nodes (Wall 0.166496s, CPU 0.160481s)
Info    : Reconstructing mesh...
Info    :  - Creating surface mesh
Info    :  - Identifying boundary edges
Info    :  - Recovering boundary
Info    : Done reconstructing mesh (Wall 0.443428s, CPU 0.426401s)
Info    : Found volume 1
Info    : It. 0 - 0 nodes created - worst tet radius 1.06407 (nodes removed 0 0)
Info    : 3D refinement terminated (13191 nodes total):
Info    :  - 0 Delaunay cavities modified for star shapeness
Info    :  - 0 nodes could not be inserted
Info    :  - 41873 tetrahedra created in 0.0289142 sec. (1448181 tets/s)
Info    : 0 node relocations
Info    : Tetrahedrizing 131 nodes...
Info    : Done tetrahedrizing 139 nodes (Wall 0.000822941s, CPU 0.000813s)
Info    : Reconstructing mesh...
Info    :  - Creating surface mesh
Info    :  - Identifying boundary edges
Info    :  - Recovering boundary
Info    : Done reconstructing mesh (Wall 0.00192756s, CPU 0.001107s)
Info    : Found volume 2
Info    : It. 0 - 0 nodes created - worst tet radius 3.13572 (nodes removed 0 0)
Info    : 3D refinement terminated (12788 nodes total):
Info    :  - 0 Delaunay cavities modified for star shapeness
Info    :  - 0 nodes could not be inserted
Info    :  - 498 tetrahedra created in 0.00715928 sec. (69560 tets/s)
Info    : 0 node relocations
Info    : Done meshing 3D (Wall 0.765043s, CPU 0.746998s)
Info    : Optimizing mesh...
Info    : Optimizing volume 1
Info    : Optimization starts (volume = 235.635) with worst = 0.00271088 / average = 0.680883:
Info    : 0.00 < quality < 0.10 :       171 elements
Info    : 0.10 < quality < 0.20 :       381 elements
Info    : 0.20 < quality < 0.30 :       622 elements
Info    : 0.30 < quality < 0.40 :       849 elements
Info    : 0.40 < quality < 0.50 :      1372 elements
Info    : 0.50 < quality < 0.60 :      3693 elements
Info    : 0.60 < quality < 0.70 :     11415 elements
Info    : 0.70 < quality < 0.80 :     20219 elements
Info    : 0.80 < quality < 0.90 :      1780 elements
Info    : 0.90 < quality < 1.00 :      1371 elements
Info    : 1118 edge swaps, 17 node relocations (volume = 235.635): worst = 0.113246 / average = 0.696113 (Wall 0.0150443s, CPU 0.015043s)
Info    : 1169 edge swaps, 21 node relocations (volume = 235.635): worst = 0.159378 / average = 0.696665 (Wall 0.0184932s, CPU 0.018492s)
Info    : 1176 edge swaps, 22 node relocations (volume = 235.635): worst = 0.159378 / average = 0.69676 (Wall 0.0212091s, CPU 0.021209s)
Info    : No ill-shaped tets in the mesh :-)
Info    : 0.00 < quality < 0.10 :         0 elements
Info    : 0.10 < quality < 0.20 :         4 elements
Info    : 0.20 < quality < 0.30 :        15 elements
Info    : 0.30 < quality < 0.40 :       759 elements
Info    : 0.40 < quality < 0.50 :      1131 elements
Info    : 0.50 < quality < 0.60 :      3677 elements
Info    : 0.60 < quality < 0.70 :     11930 elements
Info    : 0.70 < quality < 0.80 :     19991 elements
Info    : 0.80 < quality < 0.90 :      1921 elements
Info    : 0.90 < quality < 1.00 :      1376 elements
Info    : Optimizing volume 2
Info    : Optimization starts (volume = 0.256422) with worst = 0.0686282 / average = 0.740287:
Info    : 0.00 < quality < 0.10 :         2 elements
Info    : 0.10 < quality < 0.20 :         4 elements
Info    : 0.20 < quality < 0.30 :         4 elements
Info    : 0.30 < quality < 0.40 :         9 elements
Info    : 0.40 < quality < 0.50 :        15 elements
Info    : 0.50 < quality < 0.60 :        26 elements
Info    : 0.60 < quality < 0.70 :        76 elements
Info    : 0.70 < quality < 0.80 :       186 elements
Info    : 0.80 < quality < 0.90 :       136 elements
Info    : 0.90 < quality < 1.00 :        40 elements
Info    : 10 edge swaps, 0 node relocations (volume = 0.256422): worst = 0.309239 / average = 0.753333 (Wall 0.000187568s, CPU 0.000189s)
Info    : No ill-shaped tets in the mesh :-)
Info    : 0.00 < quality < 0.10 :         0 elements
Info    : 0.10 < quality < 0.20 :         0 elements
Info    : 0.20 < quality < 0.30 :         0 elements
Info    : 0.30 < quality < 0.40 :         9 elements
Info    : 0.40 < quality < 0.50 :        12 elements
Info    : 0.50 < quality < 0.60 :        26 elements
Info    : 0.60 < quality < 0.70 :        80 elements
Info    : 0.70 < quality < 0.80 :       183 elements
Info    : 0.80 < quality < 0.90 :       140 elements
Info    : 0.90 < quality < 1.00 :        39 elements
Info    : Done optimizing mesh (Wall 0.0525642s, CPU 0.052556s)
Info    : 13591 nodes 67929 elements
Info    : Meshing order 2 (curvilinear on)...
Info    : [  0%] Meshing curve 1 order 2
Info    : [ 10%] Meshing curve 2 order 2
Info    : [ 20%] Meshing curve 3 order 2
Info    : [ 20%] Meshing curve 4 order 2
Info    : [ 30%] Meshing curve 5 order 2
Info    : [ 30%] Meshing curve 6 order 2
Info    : [ 40%] Meshing curve 7 order 2
Info    : [ 40%] Meshing curve 8 order 2
Info    : [ 50%] Meshing curve 9 order 2
Info    : [ 50%] Meshing curve 10 order 2
Info    : [ 60%] Meshing curve 11 order 2
Info    : [ 60%] Meshing curve 12 order 2
Info    : [ 70%] Meshing surface 1 order 2
Info    : [ 70%] Meshing surface 2 order 2
Info    : [ 80%] Meshing surface 3 order 2
Info    : [ 80%] Meshing surface 4 order 2
Info    : [ 90%] Meshing surface 5 order 2
Info    : [ 90%] Meshing surface 6 order 2
Info    : [100%] Meshing volume 1 order 2
Info    : [100%] Meshing volume 2 order 2
Info    : Surface mesh: worst distortion = 0.797589 (0 elements in ]0, 0.2]); worst gamma = 0.673202
Info    : Volume mesh: worst distortion = 0.254084 (0 elements in ]0, 0.2])
Info    : Done meshing order 2 (Wall 14.0125s, CPU 13.9542s)
Info    : Writing '/home/user/mscr-mom/현서/scripts/contact_scenarios/fea/matv2_mesh_LMD875_phiP90_b0_s40.inp'...
Info    : Done writing '/home/user/mscr-mom/현서/scripts/contact_scenarios/fea/matv2_mesh_LMD875_phiP90_b0_s40.inp'
  [LMD875_phiP90_b0] [실패] (637.7s)
[LMD875_phiP90_b0 5/10] L_M=87.5, phi=90.0, beta=0.0, s=50.0mm, push_depth=0.1mm ...
Info    : Meshing 1D...
Info    : [  0%] Meshing curve 1 (BSpline)
Info    : [ 10%] Meshing curve 2 (Ellipse)
Info    : [ 20%] Meshing curve 3 (Ellipse)
Info    : [ 30%] Meshing curve 4 (BSpline)
Info    : [ 40%] Meshing curve 5 (BSpline)
Info    : [ 50%] Meshing curve 6 (BSpline)
Info    : [ 60%] Meshing curve 7 (BSpline)
Info    : [ 60%] Meshing curve 8 (BSpline)
Info    : [ 70%] Meshing curve 9 (BSpline)
Info    : [ 90%] Meshing curve 11 (Circle)
Info    : Done meshing 1D (Wall 0.0214699s, CPU 0.021462s)
Info    : Meshing 2D...
Info    : [  0%] Meshing surface 1 (Plane, Frontal-Delaunay)
Info    : [ 20%] Meshing surface 2 (Plane, Frontal-Delaunay)
Info    : [ 40%] Meshing surface 3 (BSpline surface, Frontal-Delaunay)
Info    : [ 60%] Meshing surface 4 (BSpline surface, Frontal-Delaunay)
Info    : [ 70%] Meshing surface 5 (Plane, Frontal-Delaunay)
Info    : [ 90%] Meshing surface 6 (Sphere, Frontal-Delaunay)
Info    : Done meshing 2D (Wall 0.762711s, CPU 0.762584s)
Info    : Meshing 3D...
Info    : 3D Meshing 2 volumes with 2 connected components
Info    : Tetrahedrizing 12576 nodes...
Info    : Done tetrahedrizing 12584 nodes (Wall 0.175308s, CPU 0.159003s)
Info    : Reconstructing mesh...
Info    :  - Creating surface mesh
Info    :  - Identifying boundary edges
Info    :  - Recovering boundary
Info    : Done reconstructing mesh (Wall 0.436493s, CPU 0.411146s)
Info    : Found volume 1
Info    : It. 0 - 0 nodes created - worst tet radius 1.06407 (nodes removed 0 0)
Info    : 3D refinement terminated (13190 nodes total):
Info    :  - 0 Delaunay cavities modified for star shapeness
Info    :  - 0 nodes could not be inserted
Info    :  - 41873 tetrahedra created in 0.0210472 sec. (1989483 tets/s)
Info    : 0 node relocations
Info    : Tetrahedrizing 130 nodes...
Info    : Done tetrahedrizing 138 nodes (Wall 0.000799283s, CPU 0.000788s)
Info    : Reconstructing mesh...
Info    :  - Creating surface mesh
Info    :  - Identifying boundary edges
Info    :  - Recovering boundary
Info    : Done reconstructing mesh (Wall 0.001741s, CPU 0.00173s)
Info    : Found volume 2
Info    : It. 0 - 0 nodes created - worst tet radius 3.0435 (nodes removed 0 0)
Info    : 3D refinement terminated (12785 nodes total):
Info    :  - 0 Delaunay cavities modified for star shapeness
Info    :  - 0 nodes could not be inserted
Info    :  - 483 tetrahedra created in 0.00246532 sec. (195917 tets/s)
Info    : 0 node relocations
Info    : Done meshing 3D (Wall 0.742508s, CPU 0.716138s)
Info    : Optimizing mesh...
Info    : Optimizing volume 1
Info    : Optimization starts (volume = 235.635) with worst = 0.00271088 / average = 0.680883:
Info    : 0.00 < quality < 0.10 :       171 elements
Info    : 0.10 < quality < 0.20 :       381 elements
Info    : 0.20 < quality < 0.30 :       622 elements
Info    : 0.30 < quality < 0.40 :       849 elements
Info    : 0.40 < quality < 0.50 :      1372 elements
Info    : 0.50 < quality < 0.60 :      3693 elements
Info    : 0.60 < quality < 0.70 :     11415 elements
Info    : 0.70 < quality < 0.80 :     20219 elements
Info    : 0.80 < quality < 0.90 :      1780 elements
Info    : 0.90 < quality < 1.00 :      1371 elements
Info    : 1118 edge swaps, 17 node relocations (volume = 235.635): worst = 0.113246 / average = 0.696113 (Wall 0.0164387s, CPU 0.016443s)
Info    : 1169 edge swaps, 21 node relocations (volume = 235.635): worst = 0.159378 / average = 0.696665 (Wall 0.0192982s, CPU 0.019305s)
Info    : 1176 edge swaps, 22 node relocations (volume = 235.635): worst = 0.159378 / average = 0.69676 (Wall 0.021458s, CPU 0.020479s)
Info    : No ill-shaped tets in the mesh :-)
Info    : 0.00 < quality < 0.10 :         0 elements
Info    : 0.10 < quality < 0.20 :         4 elements
Info    : 0.20 < quality < 0.30 :        15 elements
Info    : 0.30 < quality < 0.40 :       759 elements
Info    : 0.40 < quality < 0.50 :      1131 elements
Info    : 0.50 < quality < 0.60 :      3677 elements
Info    : 0.60 < quality < 0.70 :     11930 elements
Info    : 0.70 < quality < 0.80 :     19991 elements
Info    : 0.80 < quality < 0.90 :      1921 elements
Info    : 0.90 < quality < 1.00 :      1376 elements
Info    : Optimizing volume 2
Info    : Optimization starts (volume = 0.256435) with worst = 0.112735 / average = 0.740864:
Info    : 0.00 < quality < 0.10 :         0 elements
Info    : 0.10 < quality < 0.20 :         2 elements
Info    : 0.20 < quality < 0.30 :         3 elements
Info    : 0.30 < quality < 0.40 :         9 elements
Info    : 0.40 < quality < 0.50 :        24 elements
Info    : 0.50 < quality < 0.60 :        29 elements
Info    : 0.60 < quality < 0.70 :        68 elements
Info    : 0.70 < quality < 0.80 :       182 elements
Info    : 0.80 < quality < 0.90 :       125 elements
Info    : 0.90 < quality < 1.00 :        41 elements
Info    : 5 edge swaps, 0 node relocations (volume = 0.256435): worst = 0.307193 / average = 0.746256 (Wall 0.000114526s, CPU 0.000114s)
Info    : No ill-shaped tets in the mesh :-)
Info    : 0.00 < quality < 0.10 :         0 elements
Info    : 0.10 < quality < 0.20 :         0 elements
Info    : 0.20 < quality < 0.30 :         0 elements
Info    : 0.30 < quality < 0.40 :        10 elements
Info    : 0.40 < quality < 0.50 :        22 elements
Info    : 0.50 < quality < 0.60 :        30 elements
Info    : 0.60 < quality < 0.70 :        67 elements
Info    : 0.70 < quality < 0.80 :       184 elements
Info    : 0.80 < quality < 0.90 :       125 elements
Info    : 0.90 < quality < 1.00 :        41 elements
Info    : Done optimizing mesh (Wall 0.044536s, CPU 0.043538s)
Info    : 13588 nodes 67917 elements
Info    : Meshing order 2 (curvilinear on)...
Info    : [  0%] Meshing curve 1 order 2
Info    : [ 10%] Meshing curve 2 order 2
Info    : [ 20%] Meshing curve 3 order 2
Info    : [ 20%] Meshing curve 4 order 2
Info    : [ 30%] Meshing curve 5 order 2
Info    : [ 30%] Meshing curve 6 order 2
Info    : [ 40%] Meshing curve 7 order 2
Info    : [ 40%] Meshing curve 8 order 2
Info    : [ 50%] Meshing curve 9 order 2
Info    : [ 50%] Meshing curve 10 order 2
Info    : [ 60%] Meshing curve 11 order 2
Info    : [ 60%] Meshing curve 12 order 2
Info    : [ 70%] Meshing surface 1 order 2
Info    : [ 70%] Meshing surface 2 order 2
Info    : [ 80%] Meshing surface 3 order 2
Info    : [ 80%] Meshing surface 4 order 2
Info    : [ 90%] Meshing surface 5 order 2
Info    : [ 90%] Meshing surface 6 order 2
Info    : [100%] Meshing volume 1 order 2
Info    : [100%] Meshing volume 2 order 2
Info    : Surface mesh: worst distortion = 0.797589 (0 elements in ]0, 0.2]); worst gamma = 0.673202
Info    : Volume mesh: worst distortion = 0.254084 (0 elements in ]0, 0.2])
Info    : Done meshing order 2 (Wall 14.1287s, CPU 14.1055s)
Info    : Writing '/home/user/mscr-mom/현서/scripts/contact_scenarios/fea/matv2_mesh_LMD875_phiP90_b0_s50.inp'...
Info    : Done writing '/home/user/mscr-mom/현서/scripts/contact_scenarios/fea/matv2_mesh_LMD875_phiP90_b0_s50.inp'
  [LMD875_phiP90_b0] [실패] (1001.9s)
[LMD875_phiP90_b0 6/10] L_M=87.5, phi=90.0, beta=0.0, s=60.0mm, push_depth=0.1mm ...
Info    : Meshing 1D...
Info    : [  0%] Meshing curve 1 (BSpline)
Info    : [ 10%] Meshing curve 2 (Ellipse)
Info    : [ 20%] Meshing curve 3 (Ellipse)
Info    : [ 30%] Meshing curve 4 (BSpline)
Info    : [ 40%] Meshing curve 5 (BSpline)
Info    : [ 50%] Meshing curve 6 (BSpline)
Info    : [ 60%] Meshing curve 7 (BSpline)
Info    : [ 60%] Meshing curve 8 (BSpline)
Info    : [ 70%] Meshing curve 9 (BSpline)
Info    : [ 90%] Meshing curve 11 (Circle)
Info    : Done meshing 1D (Wall 0.0454997s, CPU 0.045196s)
Info    : Meshing 2D...
Info    : [  0%] Meshing surface 1 (Plane, Frontal-Delaunay)
Info    : [ 20%] Meshing surface 2 (Plane, Frontal-Delaunay)
Info    : [ 40%] Meshing surface 3 (BSpline surface, Frontal-Delaunay)
Info    : [ 60%] Meshing surface 4 (BSpline surface, Frontal-Delaunay)
Info    : [ 70%] Meshing surface 5 (Plane, Frontal-Delaunay)
Info    : [ 90%] Meshing surface 6 (Sphere, Frontal-Delaunay)
Info    : Done meshing 2D (Wall 1.41506s, CPU 1.41461s)
Info    : Meshing 3D...
Info    : 3D Meshing 2 volumes with 2 connected components
Info    : Tetrahedrizing 12576 nodes...
Info    : Done tetrahedrizing 12584 nodes (Wall 0.247396s, CPU 0.237328s)
Info    : Reconstructing mesh...
Info    :  - Creating surface mesh
Info    :  - Identifying boundary edges
Info    :  - Recovering boundary
Info    : Done reconstructing mesh (Wall 0.612809s, CPU 0.589653s)
Info    : Found volume 1
Info    : It. 0 - 0 nodes created - worst tet radius 1.06407 (nodes removed 0 0)
Info    : 3D refinement terminated (13191 nodes total):
Info    :  - 0 Delaunay cavities modified for star shapeness
Info    :  - 0 nodes could not be inserted
Info    :  - 41873 tetrahedra created in 0.03198 sec. (1309347 tets/s)
Info    : 0 node relocations
Info    : Tetrahedrizing 131 nodes...
Info    : Done tetrahedrizing 139 nodes (Wall 0.000767163s, CPU 0.000769s)
Info    : Reconstructing mesh...
Info    :  - Creating surface mesh
Info    :  - Identifying boundary edges
Info    :  - Recovering boundary
Info    : Done reconstructing mesh (Wall 0.00218303s, CPU 0.002183s)
Info    : Found volume 2
Info    : It. 0 - 0 nodes created - worst tet radius 3.10676 (nodes removed 0 0)
Info    : 3D refinement terminated (12786 nodes total):
Info    :  - 3 Delaunay cavities modified for star shapeness
Info    :  - 0 nodes could not be inserted
Info    :  - 478 tetrahedra created in 0.00760567 sec. (62847 tets/s)
Info    : 0 node relocations
Info    : Done meshing 3D (Wall 1.04985s, CPU 1.02559s)
Info    : Optimizing mesh...
Info    : Optimizing volume 1
Info    : Optimization starts (volume = 235.635) with worst = 0.00271088 / average = 0.680883:
Info    : 0.00 < quality < 0.10 :       171 elements
Info    : 0.10 < quality < 0.20 :       381 elements
Info    : 0.20 < quality < 0.30 :       622 elements
Info    : 0.30 < quality < 0.40 :       849 elements
Info    : 0.40 < quality < 0.50 :      1372 elements
Info    : 0.50 < quality < 0.60 :      3693 elements
Info    : 0.60 < quality < 0.70 :     11415 elements
Info    : 0.70 < quality < 0.80 :     20219 elements
Info    : 0.80 < quality < 0.90 :      1780 elements
Info    : 0.90 < quality < 1.00 :      1371 elements
Info    : 1118 edge swaps, 17 node relocations (volume = 235.635): worst = 0.113246 / average = 0.696113 (Wall 0.0171256s, CPU 0.017066s)
Info    : 1169 edge swaps, 21 node relocations (volume = 235.635): worst = 0.159378 / average = 0.696665 (Wall 0.021079s, CPU 0.021017s)
Info    : 1176 edge swaps, 22 node relocations (volume = 235.635): worst = 0.159378 / average = 0.69676 (Wall 0.0240471s, CPU 0.023988s)
Info    : No ill-shaped tets in the mesh :-)
Info    : 0.00 < quality < 0.10 :         0 elements
Info    : 0.10 < quality < 0.20 :         4 elements
Info    : 0.20 < quality < 0.30 :        15 elements
Info    : 0.30 < quality < 0.40 :       759 elements
Info    : 0.40 < quality < 0.50 :      1131 elements
Info    : 0.50 < quality < 0.60 :      3677 elements
Info    : 0.60 < quality < 0.70 :     11930 elements
Info    : 0.70 < quality < 0.80 :     19991 elements
Info    : 0.80 < quality < 0.90 :      1921 elements
Info    : 0.90 < quality < 1.00 :      1376 elements
Info    : Optimizing volume 2
Info    : Optimization starts (volume = 0.255877) with worst = 0.0392082 / average = 0.738077:
Info    : 0.00 < quality < 0.10 :         1 elements
Info    : 0.10 < quality < 0.20 :         2 elements
Info    : 0.20 < quality < 0.30 :         4 elements
Info    : 0.30 < quality < 0.40 :        17 elements
Info    : 0.40 < quality < 0.50 :        22 elements
Info    : 0.50 < quality < 0.60 :        20 elements
Info    : 0.60 < quality < 0.70 :        75 elements
Info    : 0.70 < quality < 0.80 :       163 elements
Info    : 0.80 < quality < 0.90 :       118 elements
Info    : 0.90 < quality < 1.00 :        56 elements
Info    : 7 edge swaps, 0 node relocations (volume = 0.255877): worst = 0.311439 / average = 0.748522 (Wall 0.000124499s, CPU 0.000127s)
Info    : No ill-shaped tets in the mesh :-)
Info    : 0.00 < quality < 0.10 :         0 elements
Info    : 0.10 < quality < 0.20 :         0 elements
Info    : 0.20 < quality < 0.30 :         0 elements
Info    : 0.30 < quality < 0.40 :        17 elements
Info    : 0.40 < quality < 0.50 :        18 elements
Info    : 0.50 < quality < 0.60 :        20 elements
Info    : 0.60 < quality < 0.70 :        75 elements
Info    : 0.70 < quality < 0.80 :       166 elements
Info    : 0.80 < quality < 0.90 :       119 elements
Info    : 0.90 < quality < 1.00 :        56 elements
Info    : Done optimizing mesh (Wall 0.0612622s, CPU 0.061171s)
Info    : 13589 nodes 67911 elements
Info    : Meshing order 2 (curvilinear on)...
Info    : [  0%] Meshing curve 1 order 2
Info    : [ 10%] Meshing curve 2 order 2
Info    : [ 20%] Meshing curve 3 order 2
Info    : [ 20%] Meshing curve 4 order 2
Info    : [ 30%] Meshing curve 5 order 2
Info    : [ 30%] Meshing curve 6 order 2
Info    : [ 40%] Meshing curve 7 order 2
Info    : [ 40%] Meshing curve 8 order 2
Info    : [ 50%] Meshing curve 9 order 2
Info    : [ 50%] Meshing curve 10 order 2
Info    : [ 60%] Meshing curve 11 order 2
Info    : [ 60%] Meshing curve 12 order 2
Info    : [ 70%] Meshing surface 1 order 2
Info    : [ 70%] Meshing surface 2 order 2
Info    : [ 80%] Meshing surface 3 order 2
Info    : [ 80%] Meshing surface 4 order 2
Info    : [ 90%] Meshing surface 5 order 2
Info    : [ 90%] Meshing surface 6 order 2
Info    : [100%] Meshing volume 1 order 2
Info    : [100%] Meshing volume 2 order 2
Info    : Surface mesh: worst distortion = 0.797589 (0 elements in ]0, 0.2]); worst gamma = 0.299743
Info    : Volume mesh: worst distortion = 0.254084 (0 elements in ]0, 0.2])
Info    : Done meshing order 2 (Wall 14.4407s, CPU 14.4157s)
Info    : Writing '/home/user/mscr-mom/현서/scripts/contact_scenarios/fea/matv2_mesh_LMD875_phiP90_b0_s60.inp'...
Info    : Done writing '/home/user/mscr-mom/현서/scripts/contact_scenarios/fea/matv2_mesh_LMD875_phiP90_b0_s60.inp'
  [LMD875_phiP90_b0] [실패] (916.8s)
[LMD875_phiP90_b0 7/10] L_M=87.5, phi=90.0, beta=0.0, s=70.0mm, push_depth=0.1mm ...
Info    : Meshing 1D...
Info    : [  0%] Meshing curve 1 (BSpline)
Info    : [ 10%] Meshing curve 2 (Ellipse)
Info    : [ 20%] Meshing curve 3 (Ellipse)
Info    : [ 30%] Meshing curve 4 (BSpline)
Info    : [ 40%] Meshing curve 5 (BSpline)
Info    : [ 50%] Meshing curve 6 (BSpline)
Info    : [ 60%] Meshing curve 7 (BSpline)
Info    : [ 60%] Meshing curve 8 (BSpline)
Info    : [ 70%] Meshing curve 9 (BSpline)
Info    : [ 90%] Meshing curve 11 (Circle)
Info    : Done meshing 1D (Wall 0.0393448s, CPU 0.039334s)
Info    : Meshing 2D...
Info    : [  0%] Meshing surface 1 (Plane, Frontal-Delaunay)
Info    : [ 20%] Meshing surface 2 (Plane, Frontal-Delaunay)
Info    : [ 40%] Meshing surface 3 (BSpline surface, Frontal-Delaunay)
Info    : [ 60%] Meshing surface 4 (BSpline surface, Frontal-Delaunay)
Info    : [ 70%] Meshing surface 5 (Plane, Frontal-Delaunay)
Info    : [ 90%] Meshing surface 6 (Sphere, Frontal-Delaunay)
Info    : Done meshing 2D (Wall 1.22629s, CPU 1.22465s)
Info    : Meshing 3D...
Info    : 3D Meshing 2 volumes with 2 connected components
Info    : Tetrahedrizing 12576 nodes...
Info    : Done tetrahedrizing 12584 nodes (Wall 0.180587s, CPU 0.177588s)
Info    : Reconstructing mesh...
Info    :  - Creating surface mesh
Info    :  - Identifying boundary edges
Info    :  - Recovering boundary
Info    : Done reconstructing mesh (Wall 0.446277s, CPU 0.436261s)
Info    : Found volume 1
Info    : It. 0 - 0 nodes created - worst tet radius 1.06407 (nodes removed 0 0)
Info    : 3D refinement terminated (13191 nodes total):
Info    :  - 0 Delaunay cavities modified for star shapeness
Info    :  - 0 nodes could not be inserted
Info    :  - 41873 tetrahedra created in 0.0293863 sec. (1424914 tets/s)
Info    : 0 node relocations
Info    : Tetrahedrizing 131 nodes...
Info    : Done tetrahedrizing 139 nodes (Wall 0.00079465s, CPU 0.000795s)
Info    : Reconstructing mesh...
Info    :  - Creating surface mesh
Info    :  - Identifying boundary edges
Info    :  - Recovering boundary
Info    : Done reconstructing mesh (Wall 0.00186174s, CPU 0.001022s)
Info    : Found volume 2
Info    : It. 0 - 0 nodes created - worst tet radius 3.10676 (nodes removed 0 0)
Info    : 3D refinement terminated (12786 nodes total):
Info    :  - 3 Delaunay cavities modified for star shapeness
Info    :  - 0 nodes could not be inserted
Info    :  - 478 tetrahedra created in 0.00358728 sec. (133248 tets/s)
Info    : 0 node relocations
Info    : Done meshing 3D (Wall 0.797712s, CPU 0.785652s)
Info    : Optimizing mesh...
Info    : Optimizing volume 1
Info    : Optimization starts (volume = 235.635) with worst = 0.00271088 / average = 0.680883:
Info    : 0.00 < quality < 0.10 :       171 elements
Info    : 0.10 < quality < 0.20 :       381 elements
Info    : 0.20 < quality < 0.30 :       622 elements
Info    : 0.30 < quality < 0.40 :       849 elements
Info    : 0.40 < quality < 0.50 :      1372 elements
Info    : 0.50 < quality < 0.60 :      3693 elements
Info    : 0.60 < quality < 0.70 :     11415 elements
Info    : 0.70 < quality < 0.80 :     20219 elements
Info    : 0.80 < quality < 0.90 :      1780 elements
Info    : 0.90 < quality < 1.00 :      1371 elements
Info    : 1118 edge swaps, 17 node relocations (volume = 235.635): worst = 0.113246 / average = 0.696113 (Wall 0.0180602s, CPU 0.018059s)
Info    : 1169 edge swaps, 21 node relocations (volume = 235.635): worst = 0.159378 / average = 0.696665 (Wall 0.0224079s, CPU 0.021416s)
Info    : 1176 edge swaps, 22 node relocations (volume = 235.635): worst = 0.159378 / average = 0.69676 (Wall 0.0253266s, CPU 0.024326s)
Info    : No ill-shaped tets in the mesh :-)
Info    : 0.00 < quality < 0.10 :         0 elements
Info    : 0.10 < quality < 0.20 :         4 elements
Info    : 0.20 < quality < 0.30 :        15 elements
Info    : 0.30 < quality < 0.40 :       759 elements
Info    : 0.40 < quality < 0.50 :      1131 elements
Info    : 0.50 < quality < 0.60 :      3677 elements
Info    : 0.60 < quality < 0.70 :     11930 elements
Info    : 0.70 < quality < 0.80 :     19991 elements
Info    : 0.80 < quality < 0.90 :      1921 elements
Info    : 0.90 < quality < 1.00 :      1376 elements
Info    : Optimizing volume 2
Info    : Optimization starts (volume = 0.255877) with worst = 0.0392082 / average = 0.738077:
Info    : 0.00 < quality < 0.10 :         1 elements
Info    : 0.10 < quality < 0.20 :         2 elements
Info    : 0.20 < quality < 0.30 :         4 elements
Info    : 0.30 < quality < 0.40 :        17 elements
Info    : 0.40 < quality < 0.50 :        22 elements
Info    : 0.50 < quality < 0.60 :        20 elements
Info    : 0.60 < quality < 0.70 :        75 elements
Info    : 0.70 < quality < 0.80 :       163 elements
Info    : 0.80 < quality < 0.90 :       118 elements
Info    : 0.90 < quality < 1.00 :        56 elements
Info    : 7 edge swaps, 0 node relocations (volume = 0.255877): worst = 0.311439 / average = 0.748522 (Wall 0.000125021s, CPU 0.000125s)
Info    : No ill-shaped tets in the mesh :-)
Info    : 0.00 < quality < 0.10 :         0 elements
Info    : 0.10 < quality < 0.20 :         0 elements
Info    : 0.20 < quality < 0.30 :         0 elements
Info    : 0.30 < quality < 0.40 :        17 elements
Info    : 0.40 < quality < 0.50 :        18 elements
Info    : 0.50 < quality < 0.60 :        20 elements
Info    : 0.60 < quality < 0.70 :        75 elements
Info    : 0.70 < quality < 0.80 :       166 elements
Info    : 0.80 < quality < 0.90 :       119 elements
Info    : 0.90 < quality < 1.00 :        56 elements
Info    : Done optimizing mesh (Wall 0.0537295s, CPU 0.050733s)
Info    : 13589 nodes 67911 elements
Info    : Meshing order 2 (curvilinear on)...
Info    : [  0%] Meshing curve 1 order 2
Info    : [ 10%] Meshing curve 2 order 2
Info    : [ 20%] Meshing curve 3 order 2
Info    : [ 20%] Meshing curve 4 order 2
Info    : [ 30%] Meshing curve 5 order 2
Info    : [ 30%] Meshing curve 6 order 2
Info    : [ 40%] Meshing curve 7 order 2
Info    : [ 40%] Meshing curve 8 order 2
Info    : [ 50%] Meshing curve 9 order 2
Info    : [ 50%] Meshing curve 10 order 2
Info    : [ 60%] Meshing curve 11 order 2
Info    : [ 60%] Meshing curve 12 order 2
Info    : [ 70%] Meshing surface 1 order 2
Info    : [ 70%] Meshing surface 2 order 2
Info    : [ 80%] Meshing surface 3 order 2
Info    : [ 80%] Meshing surface 4 order 2
Info    : [ 90%] Meshing surface 5 order 2
Info    : [ 90%] Meshing surface 6 order 2
Info    : [100%] Meshing volume 1 order 2
Info    : [100%] Meshing volume 2 order 2
Info    : Surface mesh: worst distortion = 0.797589 (0 elements in ]0, 0.2]); worst gamma = 0.299743
Info    : Volume mesh: worst distortion = 0.254084 (0 elements in ]0, 0.2])
Info    : Done meshing order 2 (Wall 14.3069s, CPU 14.2676s)
Info    : Writing '/home/user/mscr-mom/현서/scripts/contact_scenarios/fea/matv2_mesh_LMD875_phiP90_b0_s70.inp'...
Info    : Done writing '/home/user/mscr-mom/현서/scripts/contact_scenarios/fea/matv2_mesh_LMD875_phiP90_b0_s70.inp'
  [LMD875_phiP90_b0] 실패: Command '['ccx', 'matv2sweep_LMD875_phiP90_b0_07']' timed out after 1800 seconds
  [LMD875_phiP90_b0] [실패] (1817.0s)
[LMD875_phiP90_b0 8/10] L_M=87.5, phi=90.0, beta=0.0, s=80.0mm, push_depth=0.1mm ...
Info    : Meshing 1D...
Info    : [  0%] Meshing curve 1 (BSpline)
Info    : [ 10%] Meshing curve 2 (Ellipse)
Info    : [ 20%] Meshing curve 3 (Ellipse)
Info    : [ 30%] Meshing curve 4 (BSpline)
Info    : [ 40%] Meshing curve 5 (BSpline)
Info    : [ 50%] Meshing curve 6 (BSpline)
Info    : [ 60%] Meshing curve 7 (BSpline)
Info    : [ 60%] Meshing curve 8 (BSpline)
Info    : [ 70%] Meshing curve 9 (BSpline)
Info    : [ 90%] Meshing curve 11 (Circle)
Info    : Done meshing 1D (Wall 0.0211395s, CPU 0.020138s)
Info    : Meshing 2D...
Info    : [  0%] Meshing surface 1 (Plane, Frontal-Delaunay)
Info    : [ 20%] Meshing surface 2 (Plane, Frontal-Delaunay)
Info    : [ 40%] Meshing surface 3 (BSpline surface, Frontal-Delaunay)
Info    : [ 60%] Meshing surface 4 (BSpline surface, Frontal-Delaunay)
Info    : [ 70%] Meshing surface 5 (Plane, Frontal-Delaunay)
Info    : [ 90%] Meshing surface 6 (Sphere, Frontal-Delaunay)
Info    : Done meshing 2D (Wall 0.763446s, CPU 0.763369s)
Info    : Meshing 3D...
Info    : 3D Meshing 2 volumes with 2 connected components
Info    : Tetrahedrizing 12576 nodes...
Info    : Done tetrahedrizing 12584 nodes (Wall 0.168538s, CPU 0.160499s)
Info    : Reconstructing mesh...
Info    :  - Creating surface mesh
Info    :  - Identifying boundary edges
Info    :  - Recovering boundary
Info    : Done reconstructing mesh (Wall 0.388265s, CPU 0.368135s)
Info    : Found volume 1
Info    : It. 0 - 0 nodes created - worst tet radius 1.06407 (nodes removed 0 0)
Info    : 3D refinement terminated (13191 nodes total):
Info    :  - 0 Delaunay cavities modified for star shapeness
Info    :  - 0 nodes could not be inserted
Info    :  - 41873 tetrahedra created in 0.0182699 sec. (2291911 tets/s)
Info    : 0 node relocations
Info    : Tetrahedrizing 131 nodes...
Info    : Done tetrahedrizing 139 nodes (Wall 0.00071154s, CPU 0.000713s)
Info    : Reconstructing mesh...
Info    :  - Creating surface mesh
Info    :  - Identifying boundary edges
Info    :  - Recovering boundary
Info    : Done reconstructing mesh (Wall 0.00166368s, CPU 0.001666s)
Info    : Found volume 2
Info    : It. 0 - 0 nodes created - worst tet radius 3.10676 (nodes removed 0 0)
Info    : 3D refinement terminated (12786 nodes total):
Info    :  - 3 Delaunay cavities modified for star shapeness
Info    :  - 0 nodes could not be inserted
Info    :  - 478 tetrahedra created in 0.00222657 sec. (214680 tets/s)
Info    : 0 node relocations
Info    : Done meshing 3D (Wall 0.62761s, CPU 0.607425s)
Info    : Optimizing mesh...
Info    : Optimizing volume 1
Info    : Optimization starts (volume = 235.635) with worst = 0.00271088 / average = 0.680883:
Info    : 0.00 < quality < 0.10 :       171 elements
Info    : 0.10 < quality < 0.20 :       381 elements
Info    : 0.20 < quality < 0.30 :       622 elements
Info    : 0.30 < quality < 0.40 :       849 elements
Info    : 0.40 < quality < 0.50 :      1372 elements
Info    : 0.50 < quality < 0.60 :      3693 elements
Info    : 0.60 < quality < 0.70 :     11415 elements
Info    : 0.70 < quality < 0.80 :     20219 elements
Info    : 0.80 < quality < 0.90 :      1780 elements
Info    : 0.90 < quality < 1.00 :      1371 elements
Info    : 1118 edge swaps, 17 node relocations (volume = 235.635): worst = 0.113246 / average = 0.696113 (Wall 0.0106142s, CPU 0.010614s)
Info    : 1169 edge swaps, 21 node relocations (volume = 235.635): worst = 0.159378 / average = 0.696665 (Wall 0.0131896s, CPU 0.013192s)
Info    : 1176 edge swaps, 22 node relocations (volume = 235.635): worst = 0.159378 / average = 0.69676 (Wall 0.0152623s, CPU 0.015264s)
Info    : No ill-shaped tets in the mesh :-)
Info    : 0.00 < quality < 0.10 :         0 elements
Info    : 0.10 < quality < 0.20 :         4 elements
Info    : 0.20 < quality < 0.30 :        15 elements
Info    : 0.30 < quality < 0.40 :       759 elements
Info    : 0.40 < quality < 0.50 :      1131 elements
Info    : 0.50 < quality < 0.60 :      3677 elements
Info    : 0.60 < quality < 0.70 :     11930 elements
Info    : 0.70 < quality < 0.80 :     19991 elements
Info    : 0.80 < quality < 0.90 :      1921 elements
Info    : 0.90 < quality < 1.00 :      1376 elements
Info    : Optimizing volume 2
Info    : Optimization starts (volume = 0.255877) with worst = 0.0392082 / average = 0.738077:
Info    : 0.00 < quality < 0.10 :         1 elements
Info    : 0.10 < quality < 0.20 :         2 elements
Info    : 0.20 < quality < 0.30 :         4 elements
Info    : 0.30 < quality < 0.40 :        17 elements
Info    : 0.40 < quality < 0.50 :        22 elements
Info    : 0.50 < quality < 0.60 :        20 elements
Info    : 0.60 < quality < 0.70 :        75 elements
Info    : 0.70 < quality < 0.80 :       163 elements
Info    : 0.80 < quality < 0.90 :       118 elements
Info    : 0.90 < quality < 1.00 :        56 elements
Info    : 7 edge swaps, 0 node relocations (volume = 0.255877): worst = 0.311439 / average = 0.748522 (Wall 0.000118722s, CPU 0.000119s)
Info    : No ill-shaped tets in the mesh :-)
Info    : 0.00 < quality < 0.10 :         0 elements
Info    : 0.10 < quality < 0.20 :         0 elements
Info    : 0.20 < quality < 0.30 :         0 elements
Info    : 0.30 < quality < 0.40 :        17 elements
Info    : 0.40 < quality < 0.50 :        18 elements
Info    : 0.50 < quality < 0.60 :        20 elements
Info    : 0.60 < quality < 0.70 :        75 elements
Info    : 0.70 < quality < 0.80 :       166 elements
Info    : 0.80 < quality < 0.90 :       119 elements
Info    : 0.90 < quality < 1.00 :        56 elements
Info    : Done optimizing mesh (Wall 0.0378449s, CPU 0.037843s)
Info    : 13589 nodes 67911 elements
Info    : Meshing order 2 (curvilinear on)...
Info    : [  0%] Meshing curve 1 order 2
Info    : [ 10%] Meshing curve 2 order 2
Info    : [ 20%] Meshing curve 3 order 2
Info    : [ 20%] Meshing curve 4 order 2
Info    : [ 30%] Meshing curve 5 order 2
Info    : [ 30%] Meshing curve 6 order 2
Info    : [ 40%] Meshing curve 7 order 2
Info    : [ 40%] Meshing curve 8 order 2
Info    : [ 50%] Meshing curve 9 order 2
Info    : [ 50%] Meshing curve 10 order 2
Info    : [ 60%] Meshing curve 11 order 2
Info    : [ 60%] Meshing curve 12 order 2
Info    : [ 70%] Meshing surface 1 order 2
Info    : [ 70%] Meshing surface 2 order 2
Info    : [ 80%] Meshing surface 3 order 2
Info    : [ 80%] Meshing surface 4 order 2
Info    : [ 90%] Meshing surface 5 order 2
Info    : [ 90%] Meshing surface 6 order 2
Info    : [100%] Meshing volume 1 order 2
Info    : [100%] Meshing volume 2 order 2
Info    : Surface mesh: worst distortion = 0.797589 (0 elements in ]0, 0.2]); worst gamma = 0.299743
Info    : Volume mesh: worst distortion = 0.254084 (0 elements in ]0, 0.2])
Info    : Done meshing order 2 (Wall 13.3567s, CPU 13.3366s)
Info    : Writing '/home/user/mscr-mom/현서/scripts/contact_scenarios/fea/matv2_mesh_LMD875_phiP90_b0_s80.inp'...
Info    : Done writing '/home/user/mscr-mom/현서/scripts/contact_scenarios/fea/matv2_mesh_LMD875_phiP90_b0_s80.inp'
  [LMD875_phiP90_b0] [실패] (988.8s)
[LMD875_phiP90_b0 9/10] L_M=87.5, phi=90.0, beta=0.0, s=90.0mm, push_depth=0.1mm ...
Info    : Meshing 1D...
Info    : [  0%] Meshing curve 1 (BSpline)
Info    : [ 10%] Meshing curve 2 (Ellipse)
Info    : [ 20%] Meshing curve 3 (Ellipse)
Info    : [ 30%] Meshing curve 4 (BSpline)
Info    : [ 40%] Meshing curve 5 (BSpline)
Info    : [ 50%] Meshing curve 6 (BSpline)
Info    : [ 60%] Meshing curve 7 (BSpline)
Info    : [ 60%] Meshing curve 8 (BSpline)
Info    : [ 70%] Meshing curve 9 (BSpline)
Info    : [ 90%] Meshing curve 11 (Circle)
Info    : Done meshing 1D (Wall 0.021557s, CPU 0.021477s)
Info    : Meshing 2D...
Info    : [  0%] Meshing surface 1 (Plane, Frontal-Delaunay)
Info    : [ 20%] Meshing surface 2 (Plane, Frontal-Delaunay)
Info    : [ 40%] Meshing surface 3 (BSpline surface, Frontal-Delaunay)
Info    : [ 60%] Meshing surface 4 (BSpline surface, Frontal-Delaunay)
Info    : [ 70%] Meshing surface 5 (Plane, Frontal-Delaunay)
Info    : [ 90%] Meshing surface 6 (Sphere, Frontal-Delaunay)
Info    : Done meshing 2D (Wall 0.752313s, CPU 0.752262s)
Info    : Meshing 3D...
Info    : 3D Meshing 2 volumes with 2 connected components
Info    : Tetrahedrizing 12576 nodes...
Info    : Done tetrahedrizing 12584 nodes (Wall 0.165128s, CPU 0.156128s)
Info    : Reconstructing mesh...
Info    :  - Creating surface mesh
Info    :  - Identifying boundary edges
Info    :  - Recovering boundary
Info    : Done reconstructing mesh (Wall 0.406284s, CPU 0.384283s)
Info    : Found volume 1
Info    : It. 0 - 0 nodes created - worst tet radius 1.06407 (nodes removed 0 0)
Info    : 3D refinement terminated (13191 nodes total):
Info    :  - 0 Delaunay cavities modified for star shapeness
Info    :  - 0 nodes could not be inserted
Info    :  - 41873 tetrahedra created in 0.0298674 sec. (1401961 tets/s)
Info    : 0 node relocations
Info    : Tetrahedrizing 131 nodes...
Info    : Done tetrahedrizing 139 nodes (Wall 0.000750805s, CPU 0.00075s)
Info    : Reconstructing mesh...
Info    :  - Creating surface mesh
Info    :  - Identifying boundary edges
Info    :  - Recovering boundary
Info    : Done reconstructing mesh (Wall 0.00181837s, CPU 0.001822s)
Info    : Found volume 2
Info    : It. 0 - 0 nodes created - worst tet radius 3.10676 (nodes removed 0 0)
Info    : 3D refinement terminated (12786 nodes total):
Info    :  - 3 Delaunay cavities modified for star shapeness
Info    :  - 0 nodes could not be inserted
Info    :  - 478 tetrahedra created in 0.0029815 sec. (160322 tets/s)
Info    : 0 node relocations
Info    : Done meshing 3D (Wall 0.720082s, CPU 0.698045s)
Info    : Optimizing mesh...
Info    : Optimizing volume 1
Info    : Optimization starts (volume = 235.635) with worst = 0.00271088 / average = 0.680883:
Info    : 0.00 < quality < 0.10 :       171 elements
Info    : 0.10 < quality < 0.20 :       381 elements
Info    : 0.20 < quality < 0.30 :       622 elements
Info    : 0.30 < quality < 0.40 :       849 elements
Info    : 0.40 < quality < 0.50 :      1372 elements
Info    : 0.50 < quality < 0.60 :      3693 elements
Info    : 0.60 < quality < 0.70 :     11415 elements
Info    : 0.70 < quality < 0.80 :     20219 elements
Info    : 0.80 < quality < 0.90 :      1780 elements
Info    : 0.90 < quality < 1.00 :      1371 elements
Info    : 1118 edge swaps, 17 node relocations (volume = 235.635): worst = 0.113246 / average = 0.696113 (Wall 0.0279569s, CPU 0.019842s)
Info    : 1169 edge swaps, 21 node relocations (volume = 235.635): worst = 0.159378 / average = 0.696665 (Wall 0.0319062s, CPU 0.023143s)
Info    : 1176 edge swaps, 22 node relocations (volume = 235.635): worst = 0.159378 / average = 0.69676 (Wall 0.035046s, CPU 0.025593s)
Info    : No ill-shaped tets in the mesh :-)
Info    : 0.00 < quality < 0.10 :         0 elements
Info    : 0.10 < quality < 0.20 :         4 elements
Info    : 0.20 < quality < 0.30 :        15 elements
Info    : 0.30 < quality < 0.40 :       759 elements
Info    : 0.40 < quality < 0.50 :      1131 elements
Info    : 0.50 < quality < 0.60 :      3677 elements
Info    : 0.60 < quality < 0.70 :     11930 elements
Info    : 0.70 < quality < 0.80 :     19991 elements
Info    : 0.80 < quality < 0.90 :      1921 elements
Info    : 0.90 < quality < 1.00 :      1376 elements
Info    : Optimizing volume 2
Info    : Optimization starts (volume = 0.255877) with worst = 0.0392082 / average = 0.738077:
Info    : 0.00 < quality < 0.10 :         1 elements
Info    : 0.10 < quality < 0.20 :         2 elements
Info    : 0.20 < quality < 0.30 :         4 elements
Info    : 0.30 < quality < 0.40 :        17 elements
Info    : 0.40 < quality < 0.50 :        22 elements
Info    : 0.50 < quality < 0.60 :        20 elements
Info    : 0.60 < quality < 0.70 :        75 elements
Info    : 0.70 < quality < 0.80 :       163 elements
Info    : 0.80 < quality < 0.90 :       118 elements
Info    : 0.90 < quality < 1.00 :        56 elements
Info    : 7 edge swaps, 0 node relocations (volume = 0.255877): worst = 0.311439 / average = 0.748522 (Wall 0.000508158s, CPU 0s)
Info    : No ill-shaped tets in the mesh :-)
Info    : 0.00 < quality < 0.10 :         0 elements
Info    : 0.10 < quality < 0.20 :         0 elements
Info    : 0.20 < quality < 0.30 :         0 elements
Info    : 0.30 < quality < 0.40 :        17 elements
Info    : 0.40 < quality < 0.50 :        18 elements
Info    : 0.50 < quality < 0.60 :        20 elements
Info    : 0.60 < quality < 0.70 :        75 elements
Info    : 0.70 < quality < 0.80 :       166 elements
Info    : 0.80 < quality < 0.90 :       119 elements
Info    : 0.90 < quality < 1.00 :        56 elements
Info    : Done optimizing mesh (Wall 0.0676853s, CPU 0.052341s)
Info    : 13589 nodes 67911 elements
Info    : Meshing order 2 (curvilinear on)...
Info    : [  0%] Meshing curve 1 order 2
Info    : [ 10%] Meshing curve 2 order 2
Info    : [ 20%] Meshing curve 3 order 2
Info    : [ 20%] Meshing curve 4 order 2
Info    : [ 30%] Meshing curve 5 order 2
Info    : [ 30%] Meshing curve 6 order 2
Info    : [ 40%] Meshing curve 7 order 2
Info    : [ 40%] Meshing curve 8 order 2
Info    : [ 50%] Meshing curve 9 order 2
Info    : [ 50%] Meshing curve 10 order 2
Info    : [ 60%] Meshing curve 11 order 2
Info    : [ 60%] Meshing curve 12 order 2
Info    : [ 70%] Meshing surface 1 order 2
Info    : [ 70%] Meshing surface 2 order 2
Info    : [ 80%] Meshing surface 3 order 2
Info    : [ 80%] Meshing surface 4 order 2
Info    : [ 90%] Meshing surface 5 order 2
Info    : [ 90%] Meshing surface 6 order 2
Info    : [100%] Meshing volume 1 order 2
Info    : [100%] Meshing volume 2 order 2
Info    : Surface mesh: worst distortion = 0.797589 (0 elements in ]0, 0.2]); worst gamma = 0.299743
Info    : Volume mesh: worst distortion = 0.254084 (0 elements in ]0, 0.2])
Info    : Done meshing order 2 (Wall 16.1848s, CPU 16.1566s)
Info    : Writing '/home/user/mscr-mom/현서/scripts/contact_scenarios/fea/matv2_mesh_LMD875_phiP90_b0_s90.inp'...
Info    : Done writing '/home/user/mscr-mom/현서/scripts/contact_scenarios/fea/matv2_mesh_LMD875_phiP90_b0_s90.inp'
  [LMD875_phiP90_b0] [실패] (379.5s)
[LMD875_phiP90_b0 10/10] L_M=87.5, phi=90.0, beta=0.0, s=100.0mm, push_depth=0.1mm ...
Info    : Meshing 1D...
Info    : [  0%] Meshing curve 1 (BSpline)
Info    : [ 10%] Meshing curve 2 (Ellipse)
Info    : [ 20%] Meshing curve 3 (Ellipse)
Info    : [ 30%] Meshing curve 4 (BSpline)
Info    : [ 40%] Meshing curve 5 (BSpline)
Info    : [ 50%] Meshing curve 6 (BSpline)
Info    : [ 60%] Meshing curve 7 (BSpline)
Info    : [ 60%] Meshing curve 8 (BSpline)
Info    : [ 70%] Meshing curve 9 (BSpline)
Info    : [ 90%] Meshing curve 11 (Circle)
Info    : Done meshing 1D (Wall 0.0209287s, CPU 0.020914s)
Info    : Meshing 2D...
Info    : [  0%] Meshing surface 1 (Plane, Frontal-Delaunay)
Info    : [ 20%] Meshing surface 2 (Plane, Frontal-Delaunay)
Info    : [ 40%] Meshing surface 3 (BSpline surface, Frontal-Delaunay)
Info    : [ 60%] Meshing surface 4 (BSpline surface, Frontal-Delaunay)
Info    : [ 70%] Meshing surface 5 (Plane, Frontal-Delaunay)
Info    : [ 90%] Meshing surface 6 (Sphere, Frontal-Delaunay)
Info    : Done meshing 2D (Wall 0.721507s, CPU 0.721482s)
Info    : Meshing 3D...
Info    : 3D Meshing 2 volumes with 2 connected components
Info    : Tetrahedrizing 12576 nodes...
Info    : Done tetrahedrizing 12584 nodes (Wall 0.153886s, CPU 0.145885s)
Info    : Reconstructing mesh...
Info    :  - Creating surface mesh
Info    :  - Identifying boundary edges
Info    :  - Recovering boundary
Info    : Done reconstructing mesh (Wall 0.360688s, CPU 0.341678s)
Info    : Found volume 1
Info    : It. 0 - 0 nodes created - worst tet radius 1.06407 (nodes removed 0 0)
Info    : 3D refinement terminated (13191 nodes total):
Info    :  - 0 Delaunay cavities modified for star shapeness
Info    :  - 0 nodes could not be inserted
Info    :  - 41873 tetrahedra created in 0.0203093 sec. (2061760 tets/s)
Info    : 0 node relocations
Info    : Tetrahedrizing 131 nodes...
Info    : Done tetrahedrizing 139 nodes (Wall 0.000701836s, CPU 0.000693s)
Info    : Reconstructing mesh...
Info    :  - Creating surface mesh
Info    :  - Identifying boundary edges
Info    :  - Recovering boundary
Info    : Done reconstructing mesh (Wall 0.00173524s, CPU 0.001728s)
Info    : Found volume 2
Info    : It. 0 - 0 nodes created - worst tet radius 3.10676 (nodes removed 0 0)
Info    : 3D refinement terminated (12786 nodes total):
Info    :  - 3 Delaunay cavities modified for star shapeness
Info    :  - 0 nodes could not be inserted
Info    :  - 478 tetrahedra created in 0.00606156 sec. (78857 tets/s)
Info    : 0 node relocations
Info    : Done meshing 3D (Wall 0.628735s, CPU 0.608627s)
Info    : Optimizing mesh...
Info    : Optimizing volume 1
Info    : Optimization starts (volume = 235.635) with worst = 0.00271088 / average = 0.680883:
Info    : 0.00 < quality < 0.10 :       171 elements
Info    : 0.10 < quality < 0.20 :       381 elements
Info    : 0.20 < quality < 0.30 :       622 elements
Info    : 0.30 < quality < 0.40 :       849 elements
Info    : 0.40 < quality < 0.50 :      1372 elements
Info    : 0.50 < quality < 0.60 :      3693 elements
Info    : 0.60 < quality < 0.70 :     11415 elements
Info    : 0.70 < quality < 0.80 :     20219 elements
Info    : 0.80 < quality < 0.90 :      1780 elements
Info    : 0.90 < quality < 1.00 :      1371 elements
Info    : 1118 edge swaps, 17 node relocations (volume = 235.635): worst = 0.113246 / average = 0.696113 (Wall 0.0121779s, CPU 0.011177s)
Info    : 1169 edge swaps, 21 node relocations (volume = 235.635): worst = 0.159378 / average = 0.696665 (Wall 0.0148528s, CPU 0.013852s)
Info    : 1176 edge swaps, 22 node relocations (volume = 235.635): worst = 0.159378 / average = 0.69676 (Wall 0.0168709s, CPU 0.015872s)
Info    : No ill-shaped tets in the mesh :-)
Info    : 0.00 < quality < 0.10 :         0 elements
Info    : 0.10 < quality < 0.20 :         4 elements
Info    : 0.20 < quality < 0.30 :        15 elements
Info    : 0.30 < quality < 0.40 :       759 elements
Info    : 0.40 < quality < 0.50 :      1131 elements
Info    : 0.50 < quality < 0.60 :      3677 elements
Info    : 0.60 < quality < 0.70 :     11930 elements
Info    : 0.70 < quality < 0.80 :     19991 elements
Info    : 0.80 < quality < 0.90 :      1921 elements
Info    : 0.90 < quality < 1.00 :      1376 elements
Info    : Optimizing volume 2
Info    : Optimization starts (volume = 0.255877) with worst = 0.0392082 / average = 0.738077:
Info    : 0.00 < quality < 0.10 :         1 elements
Info    : 0.10 < quality < 0.20 :         2 elements
Info    : 0.20 < quality < 0.30 :         4 elements
Info    : 0.30 < quality < 0.40 :        17 elements
Info    : 0.40 < quality < 0.50 :        22 elements
Info    : 0.50 < quality < 0.60 :        20 elements
Info    : 0.60 < quality < 0.70 :        75 elements
Info    : 0.70 < quality < 0.80 :       163 elements
Info    : 0.80 < quality < 0.90 :       118 elements
Info    : 0.90 < quality < 1.00 :        56 elements
Info    : 7 edge swaps, 0 node relocations (volume = 0.255877): worst = 0.311439 / average = 0.748522 (Wall 0.000114504s, CPU 0.000114s)
Info    : No ill-shaped tets in the mesh :-)
Info    : 0.00 < quality < 0.10 :         0 elements
Info    : 0.10 < quality < 0.20 :         0 elements
Info    : 0.20 < quality < 0.30 :         0 elements
Info    : 0.30 < quality < 0.40 :        17 elements
Info    : 0.40 < quality < 0.50 :        18 elements
Info    : 0.50 < quality < 0.60 :        20 elements
Info    : 0.60 < quality < 0.70 :        75 elements
Info    : 0.70 < quality < 0.80 :       166 elements
Info    : 0.80 < quality < 0.90 :       119 elements
Info    : 0.90 < quality < 1.00 :        56 elements
Info    : Done optimizing mesh (Wall 0.0426124s, CPU 0.040617s)
Info    : 13589 nodes 67911 elements
Info    : Meshing order 2 (curvilinear on)...
Info    : [  0%] Meshing curve 1 order 2
Info    : [ 10%] Meshing curve 2 order 2
Info    : [ 20%] Meshing curve 3 order 2
Info    : [ 20%] Meshing curve 4 order 2
Info    : [ 30%] Meshing curve 5 order 2
Info    : [ 30%] Meshing curve 6 order 2
Info    : [ 40%] Meshing curve 7 order 2
Info    : [ 40%] Meshing curve 8 order 2
Info    : [ 50%] Meshing curve 9 order 2
Info    : [ 50%] Meshing curve 10 order 2
Info    : [ 60%] Meshing curve 11 order 2
Info    : [ 60%] Meshing curve 12 order 2
Info    : [ 70%] Meshing surface 1 order 2
Info    : [ 70%] Meshing surface 2 order 2
Info    : [ 80%] Meshing surface 3 order 2
Info    : [ 80%] Meshing surface 4 order 2
Info    : [ 90%] Meshing surface 5 order 2
Info    : [ 90%] Meshing surface 6 order 2
Info    : [100%] Meshing volume 1 order 2
Info    : [100%] Meshing volume 2 order 2
Info    : Surface mesh: worst distortion = 0.797589 (0 elements in ]0, 0.2]); worst gamma = 0.299743
Info    : Volume mesh: worst distortion = 0.254084 (0 elements in ]0, 0.2])
Info    : Done meshing order 2 (Wall 13.0245s, CPU 13.0218s)
Info    : Writing '/home/user/mscr-mom/현서/scripts/contact_scenarios/fea/matv2_mesh_LMD875_phiP90_b0_s100.inp'...
Info    : Done writing '/home/user/mscr-mom/현서/scripts/contact_scenarios/fea/matv2_mesh_LMD875_phiP90_b0_s100.inp'
  [LMD875_phiP90_b0] [실패] (573.2s)
[LMD875_phiP90_b0] 완료: 2/10 성공
