[LMD625_phiP120_b0 1/10] L_M=62.5, phi=120.0, beta=0.0, s=10.0mm, push_depth=0.1mm ...
Info    : Meshing 1D...
Info    : [  0%] Meshing curve 1 (BSpline)
Info    : [ 10%] Meshing curve 2 (Ellipse)
Info    : [ 20%] Meshing curve 3 (Ellipse)
Info    : [ 30%] Meshing curve 4 (BSpline)
Info    : [ 40%] Meshing curve 5 (BSpline)
Info    : [ 50%] Meshing curve 6 (BSpline)
Info    : [ 60%] Meshing curve 7 (BSpline)
Info    : [ 60%] Meshing curve 8 (BSpline)
Info    : [ 70%] Meshing curve 9 (BSpline)
Info    : [ 90%] Meshing curve 11 (Circle)
Info    : Done meshing 1D (Wall 0.0283403s, CPU 0.027317s)
Info    : Meshing 2D...
Info    : [  0%] Meshing surface 1 (Plane, Frontal-Delaunay)
Info    : [ 20%] Meshing surface 2 (Plane, Frontal-Delaunay)
Info    : [ 40%] Meshing surface 3 (BSpline surface, Frontal-Delaunay)
Info    : [ 60%] Meshing surface 4 (BSpline surface, Frontal-Delaunay)
Info    : [ 70%] Meshing surface 5 (Plane, Frontal-Delaunay)
Info    : [ 90%] Meshing surface 6 (Sphere, Frontal-Delaunay)
Info    : Done meshing 2D (Wall 0.867671s, CPU 0.859365s)
Info    : Meshing 3D...
Info    : 3D Meshing 2 volumes with 2 connected components
Info    : Tetrahedrizing 12491 nodes...
Info    : Done tetrahedrizing 12499 nodes (Wall 0.157476s, CPU 0.150445s)
Info    : Reconstructing mesh...
Info    :  - Creating surface mesh
Info    :  - Identifying boundary edges
Info    :  - Recovering boundary
Info    : Done reconstructing mesh (Wall 0.392242s, CPU 0.357167s)
Info    : Found volume 1
Info    : It. 0 - 0 nodes created - worst tet radius 1.04994 (nodes removed 0 0)
Info    : 3D refinement terminated (13075 nodes total):
Info    :  - 0 Delaunay cavities modified for star shapeness
Info    :  - 0 nodes could not be inserted
Info    :  - 41371 tetrahedra created in 0.0194571 sec. (2126270 tets/s)
Info    : 0 node relocations
Info    : Tetrahedrizing 132 nodes...
Info    : Done tetrahedrizing 140 nodes (Wall 0.00071554s, CPU 0.000716s)
Info    : Reconstructing mesh...
Info    :  - Creating surface mesh
Info    :  - Identifying boundary edges
Info    :  - Recovering boundary
Info    : Done reconstructing mesh (Wall 0.00160593s, CPU 0.001601s)
Info    : Found volume 2
Info    : It. 0 - 0 nodes created - worst tet radius 3.17744 (nodes removed 0 0)
Info    : 3D refinement terminated (12708 nodes total):
Info    :  - 0 Delaunay cavities modified for star shapeness
Info    :  - 0 nodes could not be inserted
Info    :  - 526 tetrahedra created in 0.00231643 sec. (227073 tets/s)
Info    : 0 node relocations
Info    : Done meshing 3D (Wall 0.664847s, CPU 0.627741s)
Info    : Optimizing mesh...
Info    : Optimizing volume 1
Info    : Optimization starts (volume = 235.606) with worst = 0.00639635 / average = 0.681692:
Info    : 0.00 < quality < 0.10 :       189 elements
Info    : 0.10 < quality < 0.20 :       394 elements
Info    : 0.20 < quality < 0.30 :       631 elements
Info    : 0.30 < quality < 0.40 :       835 elements
Info    : 0.40 < quality < 0.50 :      1400 elements
Info    : 0.50 < quality < 0.60 :      3463 elements
Info    : 0.60 < quality < 0.70 :     10624 elements
Info    : 0.70 < quality < 0.80 :     20874 elements
Info    : 0.80 < quality < 0.90 :      1657 elements
Info    : 0.90 < quality < 1.00 :      1304 elements
Info    : 1143 edge swaps, 15 node relocations (volume = 235.606): worst = 0.137253 / average = 0.697217 (Wall 0.0123399s, CPU 0.01234s)
Info    : 1188 edge swaps, 17 node relocations (volume = 235.606): worst = 0.14185 / average = 0.697747 (Wall 0.0148586s, CPU 0.014861s)
Info    : 1192 edge swaps, 17 node relocations (volume = 235.606): worst = 0.14185 / average = 0.697787 (Wall 0.0169368s, CPU 0.016939s)
Info    : No ill-shaped tets in the mesh :-)
Info    : 0.00 < quality < 0.10 :         0 elements
Info    : 0.10 < quality < 0.20 :        10 elements
Info    : 0.20 < quality < 0.30 :        26 elements
Info    : 0.30 < quality < 0.40 :       753 elements
Info    : 0.40 < quality < 0.50 :      1185 elements
Info    : 0.50 < quality < 0.60 :      3466 elements
Info    : 0.60 < quality < 0.70 :     11147 elements
Info    : 0.70 < quality < 0.80 :     20631 elements
Info    : 0.80 < quality < 0.90 :      1785 elements
Info    : 0.90 < quality < 1.00 :      1311 elements
Info    : Optimizing volume 2
Info    : Optimization starts (volume = 0.256468) with worst = 0.0965563 / average = 0.75519:
Info    : 0.00 < quality < 0.10 :         1 elements
Info    : 0.10 < quality < 0.20 :         1 elements
Info    : 0.20 < quality < 0.30 :         4 elements
Info    : 0.30 < quality < 0.40 :        15 elements
Info    : 0.40 < quality < 0.50 :        14 elements
Info    : 0.50 < quality < 0.60 :        23 elements
Info    : 0.60 < quality < 0.70 :        69 elements
Info    : 0.70 < quality < 0.80 :       187 elements
Info    : 0.80 < quality < 0.90 :       155 elements
Info    : 0.90 < quality < 1.00 :        57 elements
Info    : 6 edge swaps, 0 node relocations (volume = 0.256468): worst = 0.300101 / average = 0.763102 (Wall 9.61171e-05s, CPU 9.6e-05s)
Info    : No ill-shaped tets in the mesh :-)
Info    : 0.00 < quality < 0.10 :         0 elements
Info    : 0.10 < quality < 0.20 :         0 elements
Info    : 0.20 < quality < 0.30 :         0 elements
Info    : 0.30 < quality < 0.40 :        15 elements
Info    : 0.40 < quality < 0.50 :        13 elements
Info    : 0.50 < quality < 0.60 :        22 elements
Info    : 0.60 < quality < 0.70 :        70 elements
Info    : 0.70 < quality < 0.80 :       185 elements
Info    : 0.80 < quality < 0.90 :       158 elements
Info    : 0.90 < quality < 1.00 :        57 elements
Info    : Done optimizing mesh (Wall 0.0382081s, CPU 0.037378s)
Info    : 13479 nodes 67298 elements
Info    : Meshing order 2 (curvilinear on)...
Info    : [  0%] Meshing curve 1 order 2
Info    : [ 10%] Meshing curve 2 order 2
Info    : [ 20%] Meshing curve 3 order 2
Info    : [ 20%] Meshing curve 4 order 2
Info    : [ 30%] Meshing curve 5 order 2
Info    : [ 30%] Meshing curve 6 order 2
Info    : [ 40%] Meshing curve 7 order 2
Info    : [ 40%] Meshing curve 8 order 2
Info    : [ 50%] Meshing curve 9 order 2
Info    : [ 50%] Meshing curve 10 order 2
Info    : [ 60%] Meshing curve 11 order 2
Info    : [ 60%] Meshing curve 12 order 2
Info    : [ 70%] Meshing surface 1 order 2
Info    : [ 70%] Meshing surface 2 order 2
Info    : [ 80%] Meshing surface 3 order 2
Info    : [ 80%] Meshing surface 4 order 2
Info    : [ 90%] Meshing surface 5 order 2
Info    : [ 90%] Meshing surface 6 order 2
Info    : [100%] Meshing volume 1 order 2
Info    : [100%] Meshing volume 2 order 2
Info    : Surface mesh: worst distortion = 0.797589 (0 elements in ]0, 0.2]); worst gamma = 0.499267
Info    : Volume mesh: worst distortion = 0.258884 (0 elements in ]0, 0.2])
Info    : Done meshing order 2 (Wall 17.9459s, CPU 17.929s)
Info    : Writing '/home/user/mscr-mom/현서/scripts/contact_scenarios/fea/matv2_mesh_LMD625_phiP120_b0_s10.inp'...
Info    : Done writing '/home/user/mscr-mom/현서/scripts/contact_scenarios/fea/matv2_mesh_LMD625_phiP120_b0_s10.inp'
  [LMD625_phiP120_b0] F_mag=0.1658mN  (701.0s)
[LMD625_phiP120_b0 2/10] L_M=62.5, phi=120.0, beta=0.0, s=20.0mm, push_depth=0.1mm ...
Info    : Meshing 1D...
Info    : [  0%] Meshing curve 1 (BSpline)
Info    : [ 10%] Meshing curve 2 (Ellipse)
Info    : [ 20%] Meshing curve 3 (Ellipse)
Info    : [ 30%] Meshing curve 4 (BSpline)
Info    : [ 40%] Meshing curve 5 (BSpline)
Info    : [ 50%] Meshing curve 6 (BSpline)
Info    : [ 60%] Meshing curve 7 (BSpline)
Info    : [ 60%] Meshing curve 8 (BSpline)
Info    : [ 70%] Meshing curve 9 (BSpline)
Info    : [ 90%] Meshing curve 11 (Circle)
Info    : Done meshing 1D (Wall 0.0281421s, CPU 0.027825s)
Info    : Meshing 2D...
Info    : [  0%] Meshing surface 1 (Plane, Frontal-Delaunay)
Info    : [ 20%] Meshing surface 2 (Plane, Frontal-Delaunay)
Info    : [ 40%] Meshing surface 3 (BSpline surface, Frontal-Delaunay)
Info    : [ 60%] Meshing surface 4 (BSpline surface, Frontal-Delaunay)
Info    : [ 70%] Meshing surface 5 (Plane, Frontal-Delaunay)
Info    : [ 90%] Meshing surface 6 (Sphere, Frontal-Delaunay)
Info    : Done meshing 2D (Wall 0.740323s, CPU 0.739301s)
Info    : Meshing 3D...
Info    : 3D Meshing 2 volumes with 2 connected components
Info    : Tetrahedrizing 12491 nodes...
Info    : Done tetrahedrizing 12499 nodes (Wall 0.144835s, CPU 0.140827s)
Info    : Reconstructing mesh...
Info    :  - Creating surface mesh
Info    :  - Identifying boundary edges
Info    :  - Recovering boundary
Info    : Done reconstructing mesh (Wall 0.380912s, CPU 0.36978s)
Info    : Found volume 1
Info    : It. 0 - 0 nodes created - worst tet radius 1.04994 (nodes removed 0 0)
Info    : 3D refinement terminated (13075 nodes total):
Info    :  - 0 Delaunay cavities modified for star shapeness
Info    :  - 0 nodes could not be inserted
Info    :  - 41371 tetrahedra created in 0.0274166 sec. (1508976 tets/s)
Info    : 0 node relocations
Info    : Tetrahedrizing 132 nodes...
Info    : Done tetrahedrizing 140 nodes (Wall 0.000734992s, CPU 0.000736s)
Info    : Reconstructing mesh...
Info    :  - Creating surface mesh
Info    :  - Identifying boundary edges
Info    :  - Recovering boundary
Info    : Done reconstructing mesh (Wall 0.00172276s, CPU 0.001722s)
Info    : Found volume 2
Info    : It. 0 - 0 nodes created - worst tet radius 3.17744 (nodes removed 0 0)
Info    : 3D refinement terminated (12706 nodes total):
Info    :  - 0 Delaunay cavities modified for star shapeness
Info    :  - 0 nodes could not be inserted
Info    :  - 518 tetrahedra created in 0.00573552 sec. (90314 tets/s)
Info    : 0 node relocations
Info    : Done meshing 3D (Wall 0.717278s, CPU 0.706107s)
Info    : Optimizing mesh...
Info    : Optimizing volume 1
Info    : Optimization starts (volume = 235.606) with worst = 0.00639635 / average = 0.681692:
Info    : 0.00 < quality < 0.10 :       189 elements
Info    : 0.10 < quality < 0.20 :       394 elements
Info    : 0.20 < quality < 0.30 :       631 elements
Info    : 0.30 < quality < 0.40 :       835 elements
Info    : 0.40 < quality < 0.50 :      1400 elements
Info    : 0.50 < quality < 0.60 :      3463 elements
Info    : 0.60 < quality < 0.70 :     10624 elements
Info    : 0.70 < quality < 0.80 :     20874 elements
Info    : 0.80 < quality < 0.90 :      1657 elements
Info    : 0.90 < quality < 1.00 :      1304 elements
Info    : 1143 edge swaps, 15 node relocations (volume = 235.606): worst = 0.137253 / average = 0.697217 (Wall 0.0141131s, CPU 0.01411s)
Info    : 1188 edge swaps, 17 node relocations (volume = 235.606): worst = 0.14185 / average = 0.697747 (Wall 0.0175275s, CPU 0.016538s)
Info    : 1192 edge swaps, 17 node relocations (volume = 235.606): worst = 0.14185 / average = 0.697787 (Wall 0.0207471s, CPU 0.019753s)
Info    : No ill-shaped tets in the mesh :-)
Info    : 0.00 < quality < 0.10 :         0 elements
Info    : 0.10 < quality < 0.20 :        10 elements
Info    : 0.20 < quality < 0.30 :        26 elements
Info    : 0.30 < quality < 0.40 :       753 elements
Info    : 0.40 < quality < 0.50 :      1185 elements
Info    : 0.50 < quality < 0.60 :      3466 elements
Info    : 0.60 < quality < 0.70 :     11147 elements
Info    : 0.70 < quality < 0.80 :     20631 elements
Info    : 0.80 < quality < 0.90 :      1785 elements
Info    : 0.90 < quality < 1.00 :      1311 elements
Info    : Optimizing volume 2
Info    : Optimization starts (volume = 0.256468) with worst = 0.119858 / average = 0.738144:
Info    : 0.00 < quality < 0.10 :         0 elements
Info    : 0.10 < quality < 0.20 :         5 elements
Info    : 0.20 < quality < 0.30 :         5 elements
Info    : 0.30 < quality < 0.40 :        17 elements
Info    : 0.40 < quality < 0.50 :        22 elements
Info    : 0.50 < quality < 0.60 :        19 elements
Info    : 0.60 < quality < 0.70 :        75 elements
Info    : 0.70 < quality < 0.80 :       193 elements
Info    : 0.80 < quality < 0.90 :       133 elements
Info    : 0.90 < quality < 1.00 :        49 elements
Info    : 10 edge swaps, 0 node relocations (volume = 0.256468): worst = 0.300101 / average = 0.75145 (Wall 0.000134195s, CPU 0.000137s)
Info    : No ill-shaped tets in the mesh :-)
Info    : 0.00 < quality < 0.10 :         0 elements
Info    : 0.10 < quality < 0.20 :         0 elements
Info    : 0.20 < quality < 0.30 :         0 elements
Info    : 0.30 < quality < 0.40 :        15 elements
Info    : 0.40 < quality < 0.50 :        21 elements
Info    : 0.50 < quality < 0.60 :        20 elements
Info    : 0.60 < quality < 0.70 :        72 elements
Info    : 0.70 < quality < 0.80 :       194 elements
Info    : 0.80 < quality < 0.90 :       137 elements
Info    : 0.90 < quality < 1.00 :        49 elements
Info    : Done optimizing mesh (Wall 0.0475565s, CPU 0.046555s)
Info    : 13477 nodes 67286 elements
Info    : Meshing order 2 (curvilinear on)...
Info    : [  0%] Meshing curve 1 order 2
Info    : [ 10%] Meshing curve 2 order 2
Info    : [ 20%] Meshing curve 3 order 2
Info    : [ 20%] Meshing curve 4 order 2
Info    : [ 30%] Meshing curve 5 order 2
Info    : [ 30%] Meshing curve 6 order 2
Info    : [ 40%] Meshing curve 7 order 2
Info    : [ 40%] Meshing curve 8 order 2
Info    : [ 50%] Meshing curve 9 order 2
Info    : [ 50%] Meshing curve 10 order 2
Info    : [ 60%] Meshing curve 11 order 2
Info    : [ 60%] Meshing curve 12 order 2
Info    : [ 70%] Meshing surface 1 order 2
Info    : [ 70%] Meshing surface 2 order 2
Info    : [ 80%] Meshing surface 3 order 2
Info    : [ 80%] Meshing surface 4 order 2
Info    : [ 90%] Meshing surface 5 order 2
Info    : [ 90%] Meshing surface 6 order 2
Info    : [100%] Meshing volume 1 order 2
Info    : [100%] Meshing volume 2 order 2
Info    : Surface mesh: worst distortion = 0.797589 (0 elements in ]0, 0.2]); worst gamma = 0.499267
Info    : Volume mesh: worst distortion = 0.258884 (0 elements in ]0, 0.2])
Info    : Done meshing order 2 (Wall 17.9389s, CPU 17.9373s)
Info    : Writing '/home/user/mscr-mom/현서/scripts/contact_scenarios/fea/matv2_mesh_LMD625_phiP120_b0_s20.inp'...
Info    : Done writing '/home/user/mscr-mom/현서/scripts/contact_scenarios/fea/matv2_mesh_LMD625_phiP120_b0_s20.inp'
  [LMD625_phiP120_b0] F_mag=0.0339mN  (1380.8s)
[LMD625_phiP120_b0 3/10] L_M=62.5, phi=120.0, beta=0.0, s=30.0mm, push_depth=0.1mm ...
Info    : Meshing 1D...
Info    : [  0%] Meshing curve 1 (BSpline)
Info    : [ 10%] Meshing curve 2 (Ellipse)
Info    : [ 20%] Meshing curve 3 (Ellipse)
Info    : [ 30%] Meshing curve 4 (BSpline)
Info    : [ 40%] Meshing curve 5 (BSpline)
Info    : [ 50%] Meshing curve 6 (BSpline)
Info    : [ 60%] Meshing curve 7 (BSpline)
Info    : [ 60%] Meshing curve 8 (BSpline)
Info    : [ 70%] Meshing curve 9 (BSpline)
Info    : [ 90%] Meshing curve 11 (Circle)
Info    : Done meshing 1D (Wall 0.0532152s, CPU 0.053215s)
Info    : Meshing 2D...
Info    : [  0%] Meshing surface 1 (Plane, Frontal-Delaunay)
Info    : [ 20%] Meshing surface 2 (Plane, Frontal-Delaunay)
Info    : [ 40%] Meshing surface 3 (BSpline surface, Frontal-Delaunay)
Info    : [ 60%] Meshing surface 4 (BSpline surface, Frontal-Delaunay)
Info    : [ 70%] Meshing surface 5 (Plane, Frontal-Delaunay)
Info    : [ 90%] Meshing surface 6 (Sphere, Frontal-Delaunay)
Info    : Done meshing 2D (Wall 1.37873s, CPU 1.37839s)
Info    : Meshing 3D...
Info    : 3D Meshing 2 volumes with 2 connected components
Info    : Tetrahedrizing 12491 nodes...
Info    : Done tetrahedrizing 12499 nodes (Wall 0.213547s, CPU 0.208525s)
Info    : Reconstructing mesh...
Info    :  - Creating surface mesh
Info    :  - Identifying boundary edges
Info    :  - Recovering boundary
Info    : Done reconstructing mesh (Wall 0.59235s, CPU 0.572818s)
Info    : Found volume 1
Info    : It. 0 - 0 nodes created - worst tet radius 1.04994 (nodes removed 0 0)
Info    : 3D refinement terminated (13075 nodes total):
Info    :  - 0 Delaunay cavities modified for star shapeness
Info    :  - 0 nodes could not be inserted
Info    :  - 41371 tetrahedra created in 0.0324521 sec. (1274832 tets/s)
Info    : 0 node relocations
Info    : Tetrahedrizing 132 nodes...
Info    : Done tetrahedrizing 140 nodes (Wall 0.00107898s, CPU 0.001077s)
Info    : Reconstructing mesh...
Info    :  - Creating surface mesh
Info    :  - Identifying boundary edges
Info    :  - Recovering boundary
Info    : Done reconstructing mesh (Wall 0.00256215s, CPU 0.00256s)
Info    : Found volume 2
Info    : It. 0 - 0 nodes created - worst tet radius 3.17744 (nodes removed 0 0)
Info    : 3D refinement terminated (12708 nodes total):
Info    :  - 0 Delaunay cavities modified for star shapeness
Info    :  - 0 nodes could not be inserted
Info    :  - 526 tetrahedra created in 0.00719829 sec. (73072 tets/s)
Info    : 0 node relocations
Info    : Done meshing 3D (Wall 1.08126s, CPU 1.06161s)
Info    : Optimizing mesh...
Info    : Optimizing volume 1
Info    : Optimization starts (volume = 235.606) with worst = 0.00639635 / average = 0.681692:
Info    : 0.00 < quality < 0.10 :       189 elements
Info    : 0.10 < quality < 0.20 :       394 elements
Info    : 0.20 < quality < 0.30 :       631 elements
Info    : 0.30 < quality < 0.40 :       835 elements
Info    : 0.40 < quality < 0.50 :      1400 elements
Info    : 0.50 < quality < 0.60 :      3463 elements
Info    : 0.60 < quality < 0.70 :     10624 elements
Info    : 0.70 < quality < 0.80 :     20874 elements
Info    : 0.80 < quality < 0.90 :      1657 elements
Info    : 0.90 < quality < 1.00 :      1304 elements
Info    : 1143 edge swaps, 15 node relocations (volume = 235.606): worst = 0.137253 / average = 0.697217 (Wall 0.0341069s, CPU 0.034106s)
Info    : 1188 edge swaps, 17 node relocations (volume = 235.606): worst = 0.14185 / average = 0.697747 (Wall 0.0406008s, CPU 0.040598s)
Info    : 1192 edge swaps, 17 node relocations (volume = 235.606): worst = 0.14185 / average = 0.697787 (Wall 0.0455506s, CPU 0.04555s)
Info    : No ill-shaped tets in the mesh :-)
Info    : 0.00 < quality < 0.10 :         0 elements
Info    : 0.10 < quality < 0.20 :        10 elements
Info    : 0.20 < quality < 0.30 :        26 elements
Info    : 0.30 < quality < 0.40 :       753 elements
Info    : 0.40 < quality < 0.50 :      1185 elements
Info    : 0.50 < quality < 0.60 :      3466 elements
Info    : 0.60 < quality < 0.70 :     11147 elements
Info    : 0.70 < quality < 0.80 :     20631 elements
Info    : 0.80 < quality < 0.90 :      1785 elements
Info    : 0.90 < quality < 1.00 :      1311 elements
Info    : Optimizing volume 2
Info    : Optimization starts (volume = 0.256468) with worst = 0.0965563 / average = 0.75519:
Info    : 0.00 < quality < 0.10 :         1 elements
Info    : 0.10 < quality < 0.20 :         1 elements
Info    : 0.20 < quality < 0.30 :         4 elements
Info    : 0.30 < quality < 0.40 :        15 elements
Info    : 0.40 < quality < 0.50 :        14 elements
Info    : 0.50 < quality < 0.60 :        23 elements
Info    : 0.60 < quality < 0.70 :        69 elements
Info    : 0.70 < quality < 0.80 :       187 elements
Info    : 0.80 < quality < 0.90 :       155 elements
Info    : 0.90 < quality < 1.00 :        57 elements
Info    : 6 edge swaps, 0 node relocations (volume = 0.256468): worst = 0.300101 / average = 0.763102 (Wall 0.000164882s, CPU 0.000171s)
Info    : No ill-shaped tets in the mesh :-)
Info    : 0.00 < quality < 0.10 :         0 elements
Info    : 0.10 < quality < 0.20 :         0 elements
Info    : 0.20 < quality < 0.30 :         0 elements
Info    : 0.30 < quality < 0.40 :        15 elements
Info    : 0.40 < quality < 0.50 :        13 elements
Info    : 0.50 < quality < 0.60 :        22 elements
Info    : 0.60 < quality < 0.70 :        70 elements
Info    : 0.70 < quality < 0.80 :       185 elements
Info    : 0.80 < quality < 0.90 :       158 elements
Info    : 0.90 < quality < 1.00 :        57 elements
Info    : Done optimizing mesh (Wall 0.0889169s, CPU 0.088917s)
Info    : 13479 nodes 67298 elements
Info    : Meshing order 2 (curvilinear on)...
Info    : [  0%] Meshing curve 1 order 2
Info    : [ 10%] Meshing curve 2 order 2
Info    : [ 20%] Meshing curve 3 order 2
Info    : [ 20%] Meshing curve 4 order 2
Info    : [ 30%] Meshing curve 5 order 2
Info    : [ 30%] Meshing curve 6 order 2
Info    : [ 40%] Meshing curve 7 order 2
Info    : [ 40%] Meshing curve 8 order 2
Info    : [ 50%] Meshing curve 9 order 2
Info    : [ 50%] Meshing curve 10 order 2
Info    : [ 60%] Meshing curve 11 order 2
Info    : [ 60%] Meshing curve 12 order 2
Info    : [ 70%] Meshing surface 1 order 2
Info    : [ 70%] Meshing surface 2 order 2
Info    : [ 80%] Meshing surface 3 order 2
Info    : [ 80%] Meshing surface 4 order 2
Info    : [ 90%] Meshing surface 5 order 2
Info    : [ 90%] Meshing surface 6 order 2
Info    : [100%] Meshing volume 1 order 2
Info    : [100%] Meshing volume 2 order 2
Info    : Surface mesh: worst distortion = 0.797589 (0 elements in ]0, 0.2]); worst gamma = 0.499267
Info    : Volume mesh: worst distortion = 0.258884 (0 elements in ]0, 0.2])
Info    : Done meshing order 2 (Wall 35.3472s, CPU 35.2846s)
Info    : Writing '/home/user/mscr-mom/현서/scripts/contact_scenarios/fea/matv2_mesh_LMD625_phiP120_b0_s30.inp'...
Info    : Done writing '/home/user/mscr-mom/현서/scripts/contact_scenarios/fea/matv2_mesh_LMD625_phiP120_b0_s30.inp'
  [LMD625_phiP120_b0] [실패] (774.9s)
[LMD625_phiP120_b0 4/10] L_M=62.5, phi=120.0, beta=0.0, s=40.0mm, push_depth=0.1mm ...
Info    : Meshing 1D...
Info    : [  0%] Meshing curve 1 (BSpline)
Info    : [ 10%] Meshing curve 2 (Ellipse)
Info    : [ 20%] Meshing curve 3 (Ellipse)
Info    : [ 30%] Meshing curve 4 (BSpline)
Info    : [ 40%] Meshing curve 5 (BSpline)
Info    : [ 50%] Meshing curve 6 (BSpline)
Info    : [ 60%] Meshing curve 7 (BSpline)
Info    : [ 60%] Meshing curve 8 (BSpline)
Info    : [ 70%] Meshing curve 9 (BSpline)
Info    : [ 90%] Meshing curve 11 (Circle)
Info    : Done meshing 1D (Wall 0.0279093s, CPU 0.027855s)
Info    : Meshing 2D...
Info    : [  0%] Meshing surface 1 (Plane, Frontal-Delaunay)
Info    : [ 20%] Meshing surface 2 (Plane, Frontal-Delaunay)
Info    : [ 40%] Meshing surface 3 (BSpline surface, Frontal-Delaunay)
Info    : [ 60%] Meshing surface 4 (BSpline surface, Frontal-Delaunay)
Info    : [ 70%] Meshing surface 5 (Plane, Frontal-Delaunay)
Info    : [ 90%] Meshing surface 6 (Sphere, Frontal-Delaunay)
Info    : Done meshing 2D (Wall 0.794461s, CPU 0.794374s)
Info    : Meshing 3D...
Info    : 3D Meshing 2 volumes with 2 connected components
Info    : Tetrahedrizing 12491 nodes...
Info    : Done tetrahedrizing 12499 nodes (Wall 0.149258s, CPU 0.140251s)
Info    : Reconstructing mesh...
Info    :  - Creating surface mesh
Info    :  - Identifying boundary edges
Info    :  - Recovering boundary
Info    : Done reconstructing mesh (Wall 0.385023s, CPU 0.366969s)
Info    : Found volume 1
Info    : It. 0 - 0 nodes created - worst tet radius 1.04994 (nodes removed 0 0)
Info    : 3D refinement terminated (13075 nodes total):
Info    :  - 0 Delaunay cavities modified for star shapeness
Info    :  - 0 nodes could not be inserted
Info    :  - 41371 tetrahedra created in 0.0228154 sec. (1813293 tets/s)
Info    : 0 node relocations
Info    : Tetrahedrizing 132 nodes...
Info    : Done tetrahedrizing 140 nodes (Wall 0.000784429s, CPU 0.000784s)
Info    : Reconstructing mesh...
Info    :  - Creating surface mesh
Info    :  - Identifying boundary edges
Info    :  - Recovering boundary
Info    : Done reconstructing mesh (Wall 0.00172745s, CPU 0.001731s)
Info    : Found volume 2
Info    : It. 0 - 0 nodes created - worst tet radius 3.17744 (nodes removed 0 0)
Info    : 3D refinement terminated (12708 nodes total):
Info    :  - 0 Delaunay cavities modified for star shapeness
Info    :  - 0 nodes could not be inserted
Info    :  - 526 tetrahedra created in 0.00280094 sec. (187794 tets/s)
Info    : 0 node relocations
Info    : Done meshing 3D (Wall 0.684373s, CPU 0.66621s)
Info    : Optimizing mesh...
Info    : Optimizing volume 1
Info    : Optimization starts (volume = 235.606) with worst = 0.00639635 / average = 0.681692:
Info    : 0.00 < quality < 0.10 :       189 elements
Info    : 0.10 < quality < 0.20 :       394 elements
Info    : 0.20 < quality < 0.30 :       631 elements
Info    : 0.30 < quality < 0.40 :       835 elements
Info    : 0.40 < quality < 0.50 :      1400 elements
Info    : 0.50 < quality < 0.60 :      3463 elements
Info    : 0.60 < quality < 0.70 :     10624 elements
Info    : 0.70 < quality < 0.80 :     20874 elements
Info    : 0.80 < quality < 0.90 :      1657 elements
Info    : 0.90 < quality < 1.00 :      1304 elements
Info    : 1143 edge swaps, 15 node relocations (volume = 235.606): worst = 0.137253 / average = 0.697217 (Wall 0.0141241s, CPU 0.014123s)
Info    : 1188 edge swaps, 17 node relocations (volume = 235.606): worst = 0.14185 / average = 0.697747 (Wall 0.0170446s, CPU 0.017047s)
Info    : 1192 edge swaps, 17 node relocations (volume = 235.606): worst = 0.14185 / average = 0.697787 (Wall 0.019275s, CPU 0.019278s)
Info    : No ill-shaped tets in the mesh :-)
Info    : 0.00 < quality < 0.10 :         0 elements
Info    : 0.10 < quality < 0.20 :        10 elements
Info    : 0.20 < quality < 0.30 :        26 elements
Info    : 0.30 < quality < 0.40 :       753 elements
Info    : 0.40 < quality < 0.50 :      1185 elements
Info    : 0.50 < quality < 0.60 :      3466 elements
Info    : 0.60 < quality < 0.70 :     11147 elements
Info    : 0.70 < quality < 0.80 :     20631 elements
Info    : 0.80 < quality < 0.90 :      1785 elements
Info    : 0.90 < quality < 1.00 :      1311 elements
Info    : Optimizing volume 2
Info    : Optimization starts (volume = 0.256468) with worst = 0.0965563 / average = 0.75519:
Info    : 0.00 < quality < 0.10 :         1 elements
Info    : 0.10 < quality < 0.20 :         1 elements
Info    : 0.20 < quality < 0.30 :         4 elements
Info    : 0.30 < quality < 0.40 :        15 elements
Info    : 0.40 < quality < 0.50 :        14 elements
Info    : 0.50 < quality < 0.60 :        23 elements
Info    : 0.60 < quality < 0.70 :        69 elements
Info    : 0.70 < quality < 0.80 :       187 elements
Info    : 0.80 < quality < 0.90 :       155 elements
Info    : 0.90 < quality < 1.00 :        57 elements
Info    : 6 edge swaps, 0 node relocations (volume = 0.256468): worst = 0.300101 / average = 0.763102 (Wall 0.00010464s, CPU 0.000105s)
Info    : No ill-shaped tets in the mesh :-)
Info    : 0.00 < quality < 0.10 :         0 elements
Info    : 0.10 < quality < 0.20 :         0 elements
Info    : 0.20 < quality < 0.30 :         0 elements
Info    : 0.30 < quality < 0.40 :        15 elements
Info    : 0.40 < quality < 0.50 :        13 elements
Info    : 0.50 < quality < 0.60 :        22 elements
Info    : 0.60 < quality < 0.70 :        70 elements
Info    : 0.70 < quality < 0.80 :       185 elements
Info    : 0.80 < quality < 0.90 :       158 elements
Info    : 0.90 < quality < 1.00 :        57 elements
Info    : Done optimizing mesh (Wall 0.0427055s, CPU 0.042704s)
Info    : 13479 nodes 67298 elements
Info    : Meshing order 2 (curvilinear on)...
Info    : [  0%] Meshing curve 1 order 2
Info    : [ 10%] Meshing curve 2 order 2
Info    : [ 20%] Meshing curve 3 order 2
Info    : [ 20%] Meshing curve 4 order 2
Info    : [ 30%] Meshing curve 5 order 2
Info    : [ 30%] Meshing curve 6 order 2
Info    : [ 40%] Meshing curve 7 order 2
Info    : [ 40%] Meshing curve 8 order 2
Info    : [ 50%] Meshing curve 9 order 2
Info    : [ 50%] Meshing curve 10 order 2
Info    : [ 60%] Meshing curve 11 order 2
Info    : [ 60%] Meshing curve 12 order 2
Info    : [ 70%] Meshing surface 1 order 2
Info    : [ 70%] Meshing surface 2 order 2
Info    : [ 80%] Meshing surface 3 order 2
Info    : [ 80%] Meshing surface 4 order 2
Info    : [ 90%] Meshing surface 5 order 2
Info    : [ 90%] Meshing surface 6 order 2
Info    : [100%] Meshing volume 1 order 2
Info    : [100%] Meshing volume 2 order 2
Info    : Surface mesh: worst distortion = 0.797589 (0 elements in ]0, 0.2]); worst gamma = 0.499267
Info    : Volume mesh: worst distortion = 0.258884 (0 elements in ]0, 0.2])
Info    : Done meshing order 2 (Wall 20.1564s, CPU 20.1002s)
Info    : Writing '/home/user/mscr-mom/현서/scripts/contact_scenarios/fea/matv2_mesh_LMD625_phiP120_b0_s40.inp'...
Info    : Done writing '/home/user/mscr-mom/현서/scripts/contact_scenarios/fea/matv2_mesh_LMD625_phiP120_b0_s40.inp'
  [LMD625_phiP120_b0] [실패] (1770.0s)
[LMD625_phiP120_b0 5/10] L_M=62.5, phi=120.0, beta=0.0, s=50.0mm, push_depth=0.1mm ...
Info    : Meshing 1D...
Info    : [  0%] Meshing curve 1 (BSpline)
Info    : [ 10%] Meshing curve 2 (Ellipse)
Info    : [ 20%] Meshing curve 3 (Ellipse)
Info    : [ 30%] Meshing curve 4 (BSpline)
Info    : [ 40%] Meshing curve 5 (BSpline)
Info    : [ 50%] Meshing curve 6 (BSpline)
Info    : [ 60%] Meshing curve 7 (BSpline)
Info    : [ 60%] Meshing curve 8 (BSpline)
Info    : [ 70%] Meshing curve 9 (BSpline)
Info    : [ 90%] Meshing curve 11 (Circle)
Info    : Done meshing 1D (Wall 0.047593s, CPU 0.047572s)
Info    : Meshing 2D...
Info    : [  0%] Meshing surface 1 (Plane, Frontal-Delaunay)
Info    : [ 20%] Meshing surface 2 (Plane, Frontal-Delaunay)
Info    : [ 40%] Meshing surface 3 (BSpline surface, Frontal-Delaunay)
Info    : [ 60%] Meshing surface 4 (BSpline surface, Frontal-Delaunay)
Info    : [ 70%] Meshing surface 5 (Plane, Frontal-Delaunay)
Info    : [ 90%] Meshing surface 6 (Sphere, Frontal-Delaunay)
Info    : Done meshing 2D (Wall 0.881903s, CPU 0.881818s)
Info    : Meshing 3D...
Info    : 3D Meshing 2 volumes with 2 connected components
Info    : Tetrahedrizing 12491 nodes...
Info    : Done tetrahedrizing 12499 nodes (Wall 0.15574s, CPU 0.149735s)
Info    : Reconstructing mesh...
Info    :  - Creating surface mesh
Info    :  - Identifying boundary edges
Info    :  - Recovering boundary
Info    : Done reconstructing mesh (Wall 0.395755s, CPU 0.380611s)
Info    : Found volume 1
Info    : It. 0 - 0 nodes created - worst tet radius 1.04994 (nodes removed 0 0)
Info    : 3D refinement terminated (13075 nodes total):
Info    :  - 0 Delaunay cavities modified for star shapeness
Info    :  - 0 nodes could not be inserted
Info    :  - 41371 tetrahedra created in 0.037806 sec. (1094296 tets/s)
Info    : 0 node relocations
Info    : Tetrahedrizing 132 nodes...
Info    : Done tetrahedrizing 140 nodes (Wall 0.000792409s, CPU 0.000793s)
Info    : Reconstructing mesh...
Info    :  - Creating surface mesh
Info    :  - Identifying boundary edges
Info    :  - Recovering boundary
Info    : Done reconstructing mesh (Wall 0.00185929s, CPU 0.001863s)
Info    : Found volume 2
Info    : It. 0 - 0 nodes created - worst tet radius 3.17744 (nodes removed 0 0)
Info    : 3D refinement terminated (12708 nodes total):
Info    :  - 0 Delaunay cavities modified for star shapeness
Info    :  - 0 nodes could not be inserted
Info    :  - 526 tetrahedra created in 0.0038618 sec. (136205 tets/s)
Info    : 0 node relocations
Info    : Done meshing 3D (Wall 0.748382s, CPU 0.733216s)
Info    : Optimizing mesh...
Info    : Optimizing volume 1
Info    : Optimization starts (volume = 235.606) with worst = 0.00639635 / average = 0.681692:
Info    : 0.00 < quality < 0.10 :       189 elements
Info    : 0.10 < quality < 0.20 :       394 elements
Info    : 0.20 < quality < 0.30 :       631 elements
Info    : 0.30 < quality < 0.40 :       835 elements
Info    : 0.40 < quality < 0.50 :      1400 elements
Info    : 0.50 < quality < 0.60 :      3463 elements
Info    : 0.60 < quality < 0.70 :     10624 elements
Info    : 0.70 < quality < 0.80 :     20874 elements
Info    : 0.80 < quality < 0.90 :      1657 elements
Info    : 0.90 < quality < 1.00 :      1304 elements
Info    : 1143 edge swaps, 15 node relocations (volume = 235.606): worst = 0.137253 / average = 0.697217 (Wall 0.0179103s, CPU 0.01791s)
Info    : 1188 edge swaps, 17 node relocations (volume = 235.606): worst = 0.14185 / average = 0.697747 (Wall 0.0224717s, CPU 0.022471s)
Info    : 1192 edge swaps, 17 node relocations (volume = 235.606): worst = 0.14185 / average = 0.697787 (Wall 0.0257278s, CPU 0.025729s)
Info    : No ill-shaped tets in the mesh :-)
Info    : 0.00 < quality < 0.10 :         0 elements
Info    : 0.10 < quality < 0.20 :        10 elements
Info    : 0.20 < quality < 0.30 :        26 elements
Info    : 0.30 < quality < 0.40 :       753 elements
Info    : 0.40 < quality < 0.50 :      1185 elements
Info    : 0.50 < quality < 0.60 :      3466 elements
Info    : 0.60 < quality < 0.70 :     11147 elements
Info    : 0.70 < quality < 0.80 :     20631 elements
Info    : 0.80 < quality < 0.90 :      1785 elements
Info    : 0.90 < quality < 1.00 :      1311 elements
Info    : Optimizing volume 2
Info    : Optimization starts (volume = 0.256468) with worst = 0.0965563 / average = 0.75519:
Info    : 0.00 < quality < 0.10 :         1 elements
Info    : 0.10 < quality < 0.20 :         1 elements
Info    : 0.20 < quality < 0.30 :         4 elements
Info    : 0.30 < quality < 0.40 :        15 elements
Info    : 0.40 < quality < 0.50 :        14 elements
Info    : 0.50 < quality < 0.60 :        23 elements
Info    : 0.60 < quality < 0.70 :        69 elements
Info    : 0.70 < quality < 0.80 :       187 elements
Info    : 0.80 < quality < 0.90 :       155 elements
Info    : 0.90 < quality < 1.00 :        57 elements
Info    : 6 edge swaps, 0 node relocations (volume = 0.256468): worst = 0.300101 / average = 0.763102 (Wall 0.000108125s, CPU 0.00011s)
Info    : No ill-shaped tets in the mesh :-)
Info    : 0.00 < quality < 0.10 :         0 elements
Info    : 0.10 < quality < 0.20 :         0 elements
Info    : 0.20 < quality < 0.30 :         0 elements
Info    : 0.30 < quality < 0.40 :        15 elements
Info    : 0.40 < quality < 0.50 :        13 elements
Info    : 0.50 < quality < 0.60 :        22 elements
Info    : 0.60 < quality < 0.70 :        70 elements
Info    : 0.70 < quality < 0.80 :       185 elements
Info    : 0.80 < quality < 0.90 :       158 elements
Info    : 0.90 < quality < 1.00 :        57 elements
Info    : Done optimizing mesh (Wall 0.0522363s, CPU 0.052234s)
Info    : 13479 nodes 67298 elements
Info    : Meshing order 2 (curvilinear on)...
Info    : [  0%] Meshing curve 1 order 2
Info    : [ 10%] Meshing curve 2 order 2
Info    : [ 20%] Meshing curve 3 order 2
Info    : [ 20%] Meshing curve 4 order 2
Info    : [ 30%] Meshing curve 5 order 2
Info    : [ 30%] Meshing curve 6 order 2
Info    : [ 40%] Meshing curve 7 order 2
Info    : [ 40%] Meshing curve 8 order 2
Info    : [ 50%] Meshing curve 9 order 2
Info    : [ 50%] Meshing curve 10 order 2
Info    : [ 60%] Meshing curve 11 order 2
Info    : [ 60%] Meshing curve 12 order 2
Info    : [ 70%] Meshing surface 1 order 2
Info    : [ 70%] Meshing surface 2 order 2
Info    : [ 80%] Meshing surface 3 order 2
Info    : [ 80%] Meshing surface 4 order 2
Info    : [ 90%] Meshing surface 5 order 2
Info    : [ 90%] Meshing surface 6 order 2
Info    : [100%] Meshing volume 1 order 2
Info    : [100%] Meshing volume 2 order 2
Info    : Surface mesh: worst distortion = 0.797589 (0 elements in ]0, 0.2]); worst gamma = 0.499267
Info    : Volume mesh: worst distortion = 0.258884 (0 elements in ]0, 0.2])
Info    : Done meshing order 2 (Wall 20.8697s, CPU 20.8297s)
Info    : Writing '/home/user/mscr-mom/현서/scripts/contact_scenarios/fea/matv2_mesh_LMD625_phiP120_b0_s50.inp'...
Info    : Done writing '/home/user/mscr-mom/현서/scripts/contact_scenarios/fea/matv2_mesh_LMD625_phiP120_b0_s50.inp'
  [LMD625_phiP120_b0] [실패] (1348.3s)
[LMD625_phiP120_b0 6/10] L_M=62.5, phi=120.0, beta=0.0, s=60.0mm, push_depth=0.1mm ...
Info    : Meshing 1D...
Info    : [  0%] Meshing curve 1 (BSpline)
Info    : [ 10%] Meshing curve 2 (Ellipse)
Info    : [ 20%] Meshing curve 3 (Ellipse)
Info    : [ 30%] Meshing curve 4 (BSpline)
Info    : [ 40%] Meshing curve 5 (BSpline)
Info    : [ 50%] Meshing curve 6 (BSpline)
Info    : [ 60%] Meshing curve 7 (BSpline)
Info    : [ 60%] Meshing curve 8 (BSpline)
Info    : [ 70%] Meshing curve 9 (BSpline)
Info    : [ 90%] Meshing curve 11 (Circle)
Info    : Done meshing 1D (Wall 0.0572747s, CPU 0.057273s)
Info    : Meshing 2D...
Info    : [  0%] Meshing surface 1 (Plane, Frontal-Delaunay)
Info    : [ 20%] Meshing surface 2 (Plane, Frontal-Delaunay)
Info    : [ 40%] Meshing surface 3 (BSpline surface, Frontal-Delaunay)
Info    : [ 60%] Meshing surface 4 (BSpline surface, Frontal-Delaunay)
Info    : [ 70%] Meshing surface 5 (Plane, Frontal-Delaunay)
Info    : [ 90%] Meshing surface 6 (Sphere, Frontal-Delaunay)
Info    : Done meshing 2D (Wall 1.4724s, CPU 1.4484s)
Info    : Meshing 3D...
Info    : 3D Meshing 2 volumes with 2 connected components
Info    : Tetrahedrizing 12491 nodes...
Info    : Done tetrahedrizing 12499 nodes (Wall 0.228978s, CPU 0.216256s)
Info    : Reconstructing mesh...
Info    :  - Creating surface mesh
Info    :  - Identifying boundary edges
Info    :  - Recovering boundary
Info    : Done reconstructing mesh (Wall 0.651766s, CPU 0.572652s)
Info    : Found volume 1
Info    : It. 0 - 0 nodes created - worst tet radius 1.04994 (nodes removed 0 0)
Info    : 3D refinement terminated (13075 nodes total):
Info    :  - 0 Delaunay cavities modified for star shapeness
Info    :  - 0 nodes could not be inserted
Info    :  - 41371 tetrahedra created in 0.03615 sec. (1144425 tets/s)
Info    : 0 node relocations
Info    : Tetrahedrizing 132 nodes...
Info    : Done tetrahedrizing 140 nodes (Wall 0.00108124s, CPU 0.001082s)
Info    : Reconstructing mesh...
Info    :  - Creating surface mesh
Info    :  - Identifying boundary edges
Info    :  - Recovering boundary
Info    : Done reconstructing mesh (Wall 0.0024781s, CPU 0.002483s)
Info    : Found volume 2
Info    : It. 0 - 0 nodes created - worst tet radius 3.04804 (nodes removed 0 0)
Info    : 3D refinement terminated (12703 nodes total):
Info    :  - 1 Delaunay cavities modified for star shapeness
Info    :  - 0 nodes could not be inserted
Info    :  - 486 tetrahedra created in 0.00737434 sec. (65904 tets/s)
Info    : 0 node relocations
Info    : Done meshing 3D (Wall 1.1259s, CPU 1.04608s)
Info    : Optimizing mesh...
Info    : Optimizing volume 1
Info    : Optimization starts (volume = 235.606) with worst = 0.00639635 / average = 0.681692:
Info    : 0.00 < quality < 0.10 :       189 elements
Info    : 0.10 < quality < 0.20 :       394 elements
Info    : 0.20 < quality < 0.30 :       631 elements
Info    : 0.30 < quality < 0.40 :       835 elements
Info    : 0.40 < quality < 0.50 :      1400 elements
Info    : 0.50 < quality < 0.60 :      3463 elements
Info    : 0.60 < quality < 0.70 :     10624 elements
Info    : 0.70 < quality < 0.80 :     20874 elements
Info    : 0.80 < quality < 0.90 :      1657 elements
Info    : 0.90 < quality < 1.00 :      1304 elements
Info    : 1143 edge swaps, 15 node relocations (volume = 235.606): worst = 0.137253 / average = 0.697217 (Wall 0.0209064s, CPU 0.020905s)
Info    : 1188 edge swaps, 17 node relocations (volume = 235.606): worst = 0.14185 / average = 0.697747 (Wall 0.0243928s, CPU 0.024396s)
Info    : 1192 edge swaps, 17 node relocations (volume = 235.606): worst = 0.14185 / average = 0.697787 (Wall 0.0271454s, CPU 0.02715s)
Info    : No ill-shaped tets in the mesh :-)
Info    : 0.00 < quality < 0.10 :         0 elements
Info    : 0.10 < quality < 0.20 :        10 elements
Info    : 0.20 < quality < 0.30 :        26 elements
Info    : 0.30 < quality < 0.40 :       753 elements
Info    : 0.40 < quality < 0.50 :      1185 elements
Info    : 0.50 < quality < 0.60 :      3466 elements
Info    : 0.60 < quality < 0.70 :     11147 elements
Info    : 0.70 < quality < 0.80 :     20631 elements
Info    : 0.80 < quality < 0.90 :      1785 elements
Info    : 0.90 < quality < 1.00 :      1311 elements
Info    : Optimizing volume 2
Info    : Optimization starts (volume = 0.256478) with worst = 0.104083 / average = 0.74788:
Info    : 0.00 < quality < 0.10 :         0 elements
Info    : 0.10 < quality < 0.20 :         2 elements
Info    : 0.20 < quality < 0.30 :         5 elements
Info    : 0.30 < quality < 0.40 :        11 elements
Info    : 0.40 < quality < 0.50 :        16 elements
Info    : 0.50 < quality < 0.60 :        25 elements
Info    : 0.60 < quality < 0.70 :        67 elements
Info    : 0.70 < quality < 0.80 :       169 elements
Info    : 0.80 < quality < 0.90 :       150 elements
Info    : 0.90 < quality < 1.00 :        41 elements
Info    : 6 edge swaps, 0 node relocations (volume = 0.256478): worst = 0.31836 / average = 0.757034 (Wall 0.000138111s, CPU 0.000139s)
Info    : No ill-shaped tets in the mesh :-)
Info    : 0.00 < quality < 0.10 :         0 elements
Info    : 0.10 < quality < 0.20 :         0 elements
Info    : 0.20 < quality < 0.30 :         0 elements
Info    : 0.30 < quality < 0.40 :        10 elements
Info    : 0.40 < quality < 0.50 :        15 elements
Info    : 0.50 < quality < 0.60 :        25 elements
Info    : 0.60 < quality < 0.70 :        69 elements
Info    : 0.70 < quality < 0.80 :       169 elements
Info    : 0.80 < quality < 0.90 :       151 elements
Info    : 0.90 < quality < 1.00 :        41 elements
Info    : Done optimizing mesh (Wall 0.0705541s, CPU 0.070556s)
Info    : 13474 nodes 67258 elements
Info    : Meshing order 2 (curvilinear on)...
Info    : [  0%] Meshing curve 1 order 2
Info    : [ 10%] Meshing curve 2 order 2
Info    : [ 20%] Meshing curve 3 order 2
Info    : [ 20%] Meshing curve 4 order 2
Info    : [ 30%] Meshing curve 5 order 2
Info    : [ 30%] Meshing curve 6 order 2
Info    : [ 40%] Meshing curve 7 order 2
Info    : [ 40%] Meshing curve 8 order 2
Info    : [ 50%] Meshing curve 9 order 2
Info    : [ 50%] Meshing curve 10 order 2
Info    : [ 60%] Meshing curve 11 order 2
Info    : [ 60%] Meshing curve 12 order 2
Info    : [ 70%] Meshing surface 1 order 2
Info    : [ 70%] Meshing surface 2 order 2
Info    : [ 80%] Meshing surface 3 order 2
Info    : [ 80%] Meshing surface 4 order 2
Info    : [ 90%] Meshing surface 5 order 2
Info    : [ 90%] Meshing surface 6 order 2
Info    : [100%] Meshing volume 1 order 2
Info    : [100%] Meshing volume 2 order 2
Info    : Surface mesh: worst distortion = 0.797589 (0 elements in ]0, 0.2]); worst gamma = 0.562417
Info    : Volume mesh: worst distortion = 0.258884 (0 elements in ]0, 0.2])
Info    : Done meshing order 2 (Wall 35.2816s, CPU 35.1996s)
Info    : Writing '/home/user/mscr-mom/현서/scripts/contact_scenarios/fea/matv2_mesh_LMD625_phiP120_b0_s60.inp'...
Info    : Done writing '/home/user/mscr-mom/현서/scripts/contact_scenarios/fea/matv2_mesh_LMD625_phiP120_b0_s60.inp'
  [LMD625_phiP120_b0] [실패] (986.9s)
[LMD625_phiP120_b0 7/10] L_M=62.5, phi=120.0, beta=0.0, s=70.0mm, push_depth=0.1mm ...
Info    : Meshing 1D...
Info    : [  0%] Meshing curve 1 (BSpline)
Info    : [ 10%] Meshing curve 2 (Ellipse)
Info    : [ 20%] Meshing curve 3 (Ellipse)
Info    : [ 30%] Meshing curve 4 (BSpline)
Info    : [ 40%] Meshing curve 5 (BSpline)
Info    : [ 50%] Meshing curve 6 (BSpline)
Info    : [ 60%] Meshing curve 7 (BSpline)
Info    : [ 60%] Meshing curve 8 (BSpline)
Info    : [ 70%] Meshing curve 9 (BSpline)
Info    : [ 90%] Meshing curve 11 (Circle)
Info    : Done meshing 1D (Wall 0.0305468s, CPU 0.030547s)
Info    : Meshing 2D...
Info    : [  0%] Meshing surface 1 (Plane, Frontal-Delaunay)
Info    : [ 20%] Meshing surface 2 (Plane, Frontal-Delaunay)
Info    : [ 40%] Meshing surface 3 (BSpline surface, Frontal-Delaunay)
Info    : [ 60%] Meshing surface 4 (BSpline surface, Frontal-Delaunay)
Info    : [ 70%] Meshing surface 5 (Plane, Frontal-Delaunay)
Info    : [ 90%] Meshing surface 6 (Sphere, Frontal-Delaunay)
Info    : Done meshing 2D (Wall 0.818639s, CPU 0.817818s)
Info    : Meshing 3D...
Info    : 3D Meshing 2 volumes with 2 connected components
Info    : Tetrahedrizing 12491 nodes...
Info    : Done tetrahedrizing 12499 nodes (Wall 0.168689s, CPU 0.158694s)
Info    : Reconstructing mesh...
Info    :  - Creating surface mesh
Info    :  - Identifying boundary edges
Info    :  - Recovering boundary
Info    : Done reconstructing mesh (Wall 0.399841s, CPU 0.381836s)
Info    : Found volume 1
Info    : It. 0 - 0 nodes created - worst tet radius 1.04994 (nodes removed 0 0)
Info    : 3D refinement terminated (13075 nodes total):
Info    :  - 0 Delaunay cavities modified for star shapeness
Info    :  - 0 nodes could not be inserted
Info    :  - 41371 tetrahedra created in 0.0312013 sec. (1325937 tets/s)
Info    : 0 node relocations
Info    : Tetrahedrizing 132 nodes...
Info    : Done tetrahedrizing 140 nodes (Wall 0.000791187s, CPU 0.000791s)
Info    : Reconstructing mesh...
Info    :  - Creating surface mesh
Info    :  - Identifying boundary edges
Info    :  - Recovering boundary
Info    : Done reconstructing mesh (Wall 0.0019039s, CPU 0.001906s)
Info    : Found volume 2
Info    : It. 0 - 0 nodes created - worst tet radius 3.04804 (nodes removed 0 0)
Info    : 3D refinement terminated (12703 nodes total):
Info    :  - 1 Delaunay cavities modified for star shapeness
Info    :  - 0 nodes could not be inserted
Info    :  - 486 tetrahedra created in 0.00707447 sec. (68697 tets/s)
Info    : 0 node relocations
Info    : Done meshing 3D (Wall 0.750096s, CPU 0.732069s)
Info    : Optimizing mesh...
Info    : Optimizing volume 1
Info    : Optimization starts (volume = 235.606) with worst = 0.00639635 / average = 0.681692:
Info    : 0.00 < quality < 0.10 :       189 elements
Info    : 0.10 < quality < 0.20 :       394 elements
Info    : 0.20 < quality < 0.30 :       631 elements
Info    : 0.30 < quality < 0.40 :       835 elements
Info    : 0.40 < quality < 0.50 :      1400 elements
Info    : 0.50 < quality < 0.60 :      3463 elements
Info    : 0.60 < quality < 0.70 :     10624 elements
Info    : 0.70 < quality < 0.80 :     20874 elements
Info    : 0.80 < quality < 0.90 :      1657 elements
Info    : 0.90 < quality < 1.00 :      1304 elements
Info    : 1143 edge swaps, 15 node relocations (volume = 235.606): worst = 0.137253 / average = 0.697217 (Wall 0.018765s, CPU 0.01776s)
Info    : 1188 edge swaps, 17 node relocations (volume = 235.606): worst = 0.14185 / average = 0.697747 (Wall 0.0278112s, CPU 0.024821s)
Info    : 1192 edge swaps, 17 node relocations (volume = 235.606): worst = 0.14185 / average = 0.697787 (Wall 0.0360798s, CPU 0.033088s)
Info    : No ill-shaped tets in the mesh :-)
Info    : 0.00 < quality < 0.10 :         0 elements
Info    : 0.10 < quality < 0.20 :        10 elements
Info    : 0.20 < quality < 0.30 :        26 elements
Info    : 0.30 < quality < 0.40 :       753 elements
Info    : 0.40 < quality < 0.50 :      1185 elements
Info    : 0.50 < quality < 0.60 :      3466 elements
Info    : 0.60 < quality < 0.70 :     11147 elements
Info    : 0.70 < quality < 0.80 :     20631 elements
Info    : 0.80 < quality < 0.90 :      1785 elements
Info    : 0.90 < quality < 1.00 :      1311 elements
Info    : Optimizing volume 2
Info    : Optimization starts (volume = 0.256478) with worst = 0.104083 / average = 0.74788:
Info    : 0.00 < quality < 0.10 :         0 elements
Info    : 0.10 < quality < 0.20 :         2 elements
Info    : 0.20 < quality < 0.30 :         5 elements
Info    : 0.30 < quality < 0.40 :        11 elements
Info    : 0.40 < quality < 0.50 :        16 elements
Info    : 0.50 < quality < 0.60 :        25 elements
Info    : 0.60 < quality < 0.70 :        67 elements
Info    : 0.70 < quality < 0.80 :       169 elements
Info    : 0.80 < quality < 0.90 :       150 elements
Info    : 0.90 < quality < 1.00 :        41 elements
Info    : 6 edge swaps, 0 node relocations (volume = 0.256478): worst = 0.31836 / average = 0.757034 (Wall 0.000201087s, CPU 0.000207s)
Info    : No ill-shaped tets in the mesh :-)
Info    : 0.00 < quality < 0.10 :         0 elements
Info    : 0.10 < quality < 0.20 :         0 elements
Info    : 0.20 < quality < 0.30 :         0 elements
Info    : 0.30 < quality < 0.40 :        10 elements
Info    : 0.40 < quality < 0.50 :        15 elements
Info    : 0.50 < quality < 0.60 :        25 elements
Info    : 0.60 < quality < 0.70 :        69 elements
Info    : 0.70 < quality < 0.80 :       169 elements
Info    : 0.80 < quality < 0.90 :       151 elements
Info    : 0.90 < quality < 1.00 :        41 elements
Info    : Done optimizing mesh (Wall 0.0786781s, CPU 0.07468s)
Info    : 13474 nodes 67258 elements
Info    : Meshing order 2 (curvilinear on)...
Info    : [  0%] Meshing curve 1 order 2
Info    : [ 10%] Meshing curve 2 order 2
Info    : [ 20%] Meshing curve 3 order 2
Info    : [ 20%] Meshing curve 4 order 2
Info    : [ 30%] Meshing curve 5 order 2
Info    : [ 30%] Meshing curve 6 order 2
Info    : [ 40%] Meshing curve 7 order 2
Info    : [ 40%] Meshing curve 8 order 2
Info    : [ 50%] Meshing curve 9 order 2
Info    : [ 50%] Meshing curve 10 order 2
Info    : [ 60%] Meshing curve 11 order 2
Info    : [ 60%] Meshing curve 12 order 2
Info    : [ 70%] Meshing surface 1 order 2
Info    : [ 70%] Meshing surface 2 order 2
Info    : [ 80%] Meshing surface 3 order 2
Info    : [ 80%] Meshing surface 4 order 2
Info    : [ 90%] Meshing surface 5 order 2
Info    : [ 90%] Meshing surface 6 order 2
Info    : [100%] Meshing volume 1 order 2
Info    : [100%] Meshing volume 2 order 2
Info    : Surface mesh: worst distortion = 0.797589 (0 elements in ]0, 0.2]); worst gamma = 0.562417
Info    : Volume mesh: worst distortion = 0.258884 (0 elements in ]0, 0.2])
Info    : Done meshing order 2 (Wall 20.9725s, CPU 20.8995s)
Info    : Writing '/home/user/mscr-mom/현서/scripts/contact_scenarios/fea/matv2_mesh_LMD625_phiP120_b0_s70.inp'...
Info    : Done writing '/home/user/mscr-mom/현서/scripts/contact_scenarios/fea/matv2_mesh_LMD625_phiP120_b0_s70.inp'
  [LMD625_phiP120_b0] [실패] (1444.7s)
[LMD625_phiP120_b0 8/10] L_M=62.5, phi=120.0, beta=0.0, s=80.0mm, push_depth=0.1mm ...
Info    : Meshing 1D...
Info    : [  0%] Meshing curve 1 (BSpline)
Info    : [ 10%] Meshing curve 2 (Ellipse)
Info    : [ 20%] Meshing curve 3 (Ellipse)
Info    : [ 30%] Meshing curve 4 (BSpline)
Info    : [ 40%] Meshing curve 5 (BSpline)
Info    : [ 50%] Meshing curve 6 (BSpline)
Info    : [ 60%] Meshing curve 7 (BSpline)
Info    : [ 60%] Meshing curve 8 (BSpline)
Info    : [ 70%] Meshing curve 9 (BSpline)
Info    : [ 90%] Meshing curve 11 (Circle)
Info    : Done meshing 1D (Wall 0.0304773s, CPU 0.030455s)
Info    : Meshing 2D...
Info    : [  0%] Meshing surface 1 (Plane, Frontal-Delaunay)
Info    : [ 20%] Meshing surface 2 (Plane, Frontal-Delaunay)
Info    : [ 40%] Meshing surface 3 (BSpline surface, Frontal-Delaunay)
Info    : [ 60%] Meshing surface 4 (BSpline surface, Frontal-Delaunay)
Info    : [ 70%] Meshing surface 5 (Plane, Frontal-Delaunay)
Info    : [ 90%] Meshing surface 6 (Sphere, Frontal-Delaunay)
Info    : Done meshing 2D (Wall 0.806969s, CPU 0.806633s)
Info    : Meshing 3D...
Info    : 3D Meshing 2 volumes with 2 connected components
Info    : Tetrahedrizing 12491 nodes...
Info    : Done tetrahedrizing 12499 nodes (Wall 0.166375s, CPU 0.162305s)
Info    : Reconstructing mesh...
Info    :  - Creating surface mesh
Info    :  - Identifying boundary edges
Info    :  - Recovering boundary
Info    : Done reconstructing mesh (Wall 0.397573s, CPU 0.387474s)
Info    : Found volume 1
Info    : It. 0 - 0 nodes created - worst tet radius 1.04994 (nodes removed 0 0)
Info    : 3D refinement terminated (13075 nodes total):
Info    :  - 0 Delaunay cavities modified for star shapeness
Info    :  - 0 nodes could not be inserted
Info    :  - 41371 tetrahedra created in 0.0246807 sec. (1676250 tets/s)
Info    : 0 node relocations
Info    : Tetrahedrizing 132 nodes...
Info    : Done tetrahedrizing 140 nodes (Wall 0.000745701s, CPU 0.000746s)
Info    : Reconstructing mesh...
Info    :  - Creating surface mesh
Info    :  - Identifying boundary edges
Info    :  - Recovering boundary
Info    : Done reconstructing mesh (Wall 0.00167061s, CPU 0.001674s)
Info    : Found volume 2
Info    : It. 0 - 0 nodes created - worst tet radius 3.04804 (nodes removed 0 0)
Info    : 3D refinement terminated (12703 nodes total):
Info    :  - 1 Delaunay cavities modified for star shapeness
Info    :  - 0 nodes could not be inserted
Info    :  - 486 tetrahedra created in 0.00535704 sec. (90721 tets/s)
Info    : 0 node relocations
Info    : Done meshing 3D (Wall 0.704527s, CPU 0.694412s)
Info    : Optimizing mesh...
Info    : Optimizing volume 1
Info    : Optimization starts (volume = 235.606) with worst = 0.00639635 / average = 0.681692:
Info    : 0.00 < quality < 0.10 :       189 elements
Info    : 0.10 < quality < 0.20 :       394 elements
Info    : 0.20 < quality < 0.30 :       631 elements
Info    : 0.30 < quality < 0.40 :       835 elements
Info    : 0.40 < quality < 0.50 :      1400 elements
Info    : 0.50 < quality < 0.60 :      3463 elements
Info    : 0.60 < quality < 0.70 :     10624 elements
Info    : 0.70 < quality < 0.80 :     20874 elements
Info    : 0.80 < quality < 0.90 :      1657 elements
Info    : 0.90 < quality < 1.00 :      1304 elements
Info    : 1143 edge swaps, 15 node relocations (volume = 235.606): worst = 0.137253 / average = 0.697217 (Wall 0.0162132s, CPU 0.016203s)
Info    : 1188 edge swaps, 17 node relocations (volume = 235.606): worst = 0.14185 / average = 0.697747 (Wall 0.0196305s, CPU 0.018629s)
Info    : 1192 edge swaps, 17 node relocations (volume = 235.606): worst = 0.14185 / average = 0.697787 (Wall 0.0224205s, CPU 0.021419s)
Info    : No ill-shaped tets in the mesh :-)
Info    : 0.00 < quality < 0.10 :         0 elements
Info    : 0.10 < quality < 0.20 :        10 elements
Info    : 0.20 < quality < 0.30 :        26 elements
Info    : 0.30 < quality < 0.40 :       753 elements
Info    : 0.40 < quality < 0.50 :      1185 elements
Info    : 0.50 < quality < 0.60 :      3466 elements
Info    : 0.60 < quality < 0.70 :     11147 elements
Info    : 0.70 < quality < 0.80 :     20631 elements
Info    : 0.80 < quality < 0.90 :      1785 elements
Info    : 0.90 < quality < 1.00 :      1311 elements
Info    : Optimizing volume 2
Info    : Optimization starts (volume = 0.256478) with worst = 0.104083 / average = 0.74788:
Info    : 0.00 < quality < 0.10 :         0 elements
Info    : 0.10 < quality < 0.20 :         2 elements
Info    : 0.20 < quality < 0.30 :         5 elements
Info    : 0.30 < quality < 0.40 :        11 elements
Info    : 0.40 < quality < 0.50 :        16 elements
Info    : 0.50 < quality < 0.60 :        25 elements
Info    : 0.60 < quality < 0.70 :        67 elements
Info    : 0.70 < quality < 0.80 :       169 elements
Info    : 0.80 < quality < 0.90 :       150 elements
Info    : 0.90 < quality < 1.00 :        41 elements
Info    : 6 edge swaps, 0 node relocations (volume = 0.256478): worst = 0.31836 / average = 0.757034 (Wall 0.000101585s, CPU 0.000102s)
Info    : No ill-shaped tets in the mesh :-)
Info    : 0.00 < quality < 0.10 :         0 elements
Info    : 0.10 < quality < 0.20 :         0 elements
Info    : 0.20 < quality < 0.30 :         0 elements
Info    : 0.30 < quality < 0.40 :        10 elements
Info    : 0.40 < quality < 0.50 :        15 elements
Info    : 0.50 < quality < 0.60 :        25 elements
Info    : 0.60 < quality < 0.70 :        69 elements
Info    : 0.70 < quality < 0.80 :       169 elements
Info    : 0.80 < quality < 0.90 :       151 elements
Info    : 0.90 < quality < 1.00 :        41 elements
Info    : Done optimizing mesh (Wall 0.048293s, CPU 0.047282s)
Info    : 13474 nodes 67258 elements
Info    : Meshing order 2 (curvilinear on)...
Info    : [  0%] Meshing curve 1 order 2
Info    : [ 10%] Meshing curve 2 order 2
Info    : [ 20%] Meshing curve 3 order 2
Info    : [ 20%] Meshing curve 4 order 2
Info    : [ 30%] Meshing curve 5 order 2
Info    : [ 30%] Meshing curve 6 order 2
Info    : [ 40%] Meshing curve 7 order 2
Info    : [ 40%] Meshing curve 8 order 2
Info    : [ 50%] Meshing curve 9 order 2
Info    : [ 50%] Meshing curve 10 order 2
Info    : [ 60%] Meshing curve 11 order 2
Info    : [ 60%] Meshing curve 12 order 2
Info    : [ 70%] Meshing surface 1 order 2
Info    : [ 70%] Meshing surface 2 order 2
Info    : [ 80%] Meshing surface 3 order 2
Info    : [ 80%] Meshing surface 4 order 2
Info    : [ 90%] Meshing surface 5 order 2
Info    : [ 90%] Meshing surface 6 order 2
Info    : [100%] Meshing volume 1 order 2
Info    : [100%] Meshing volume 2 order 2
Info    : Surface mesh: worst distortion = 0.797589 (0 elements in ]0, 0.2]); worst gamma = 0.562417
Info    : Volume mesh: worst distortion = 0.258884 (0 elements in ]0, 0.2])
Info    : Done meshing order 2 (Wall 20.3853s, CPU 20.2975s)
Info    : Writing '/home/user/mscr-mom/현서/scripts/contact_scenarios/fea/matv2_mesh_LMD625_phiP120_b0_s80.inp'...
Info    : Done writing '/home/user/mscr-mom/현서/scripts/contact_scenarios/fea/matv2_mesh_LMD625_phiP120_b0_s80.inp'
  [LMD625_phiP120_b0] [실패] (1186.8s)
[LMD625_phiP120_b0 9/10] L_M=62.5, phi=120.0, beta=0.0, s=90.0mm, push_depth=0.1mm ...
Info    : Meshing 1D...
Info    : [  0%] Meshing curve 1 (BSpline)
Info    : [ 10%] Meshing curve 2 (Ellipse)
Info    : [ 20%] Meshing curve 3 (Ellipse)
Info    : [ 30%] Meshing curve 4 (BSpline)
Info    : [ 40%] Meshing curve 5 (BSpline)
Info    : [ 50%] Meshing curve 6 (BSpline)
Info    : [ 60%] Meshing curve 7 (BSpline)
Info    : [ 60%] Meshing curve 8 (BSpline)
Info    : [ 70%] Meshing curve 9 (BSpline)
Info    : [ 90%] Meshing curve 11 (Circle)
Info    : Done meshing 1D (Wall 0.0299598s, CPU 0.029931s)
Info    : Meshing 2D...
Info    : [  0%] Meshing surface 1 (Plane, Frontal-Delaunay)
Info    : [ 20%] Meshing surface 2 (Plane, Frontal-Delaunay)
Info    : [ 40%] Meshing surface 3 (BSpline surface, Frontal-Delaunay)
Info    : [ 60%] Meshing surface 4 (BSpline surface, Frontal-Delaunay)
Info    : [ 70%] Meshing surface 5 (Plane, Frontal-Delaunay)
Info    : [ 90%] Meshing surface 6 (Sphere, Frontal-Delaunay)
Info    : Done meshing 2D (Wall 0.79719s, CPU 0.795898s)
Info    : Meshing 3D...
Info    : 3D Meshing 2 volumes with 2 connected components
Info    : Tetrahedrizing 12491 nodes...
Info    : Done tetrahedrizing 12499 nodes (Wall 0.161618s, CPU 0.151616s)
Info    : Reconstructing mesh...
Info    :  - Creating surface mesh
Info    :  - Identifying boundary edges
Info    :  - Recovering boundary
Info    : Done reconstructing mesh (Wall 0.390619s, CPU 0.375609s)
Info    : Found volume 1
Info    : It. 0 - 0 nodes created - worst tet radius 1.04994 (nodes removed 0 0)
Info    : 3D refinement terminated (13075 nodes total):
Info    :  - 0 Delaunay cavities modified for star shapeness
Info    :  - 0 nodes could not be inserted
Info    :  - 41371 tetrahedra created in 0.0226124 sec. (1829570 tets/s)
Info    : 0 node relocations
Info    : Tetrahedrizing 132 nodes...
Info    : Done tetrahedrizing 140 nodes (Wall 0.000755856s, CPU 0s)
Info    : Reconstructing mesh...
Info    :  - Creating surface mesh
Info    :  - Identifying boundary edges
Info    :  - Recovering boundary
Info    : Done reconstructing mesh (Wall 0.00171397s, CPU 0.000721s)
Info    : Found volume 2
Info    : It. 0 - 0 nodes created - worst tet radius 3.04804 (nodes removed 0 0)
Info    : 3D refinement terminated (12703 nodes total):
Info    :  - 1 Delaunay cavities modified for star shapeness
Info    :  - 0 nodes could not be inserted
Info    :  - 486 tetrahedra created in 0.00394123 sec. (123311 tets/s)
Info    : 0 node relocations
Info    : Done meshing 3D (Wall 0.711827s, CPU 0.69581s)
Info    : Optimizing mesh...
Info    : Optimizing volume 1
Info    : Optimization starts (volume = 235.606) with worst = 0.00639635 / average = 0.681692:
Info    : 0.00 < quality < 0.10 :       189 elements
Info    : 0.10 < quality < 0.20 :       394 elements
Info    : 0.20 < quality < 0.30 :       631 elements
Info    : 0.30 < quality < 0.40 :       835 elements
Info    : 0.40 < quality < 0.50 :      1400 elements
Info    : 0.50 < quality < 0.60 :      3463 elements
Info    : 0.60 < quality < 0.70 :     10624 elements
Info    : 0.70 < quality < 0.80 :     20874 elements
Info    : 0.80 < quality < 0.90 :      1657 elements
Info    : 0.90 < quality < 1.00 :      1304 elements
Info    : 1143 edge swaps, 15 node relocations (volume = 235.606): worst = 0.137253 / average = 0.697217 (Wall 0.0162785s, CPU 0.016285s)
Info    : 1188 edge swaps, 17 node relocations (volume = 235.606): worst = 0.14185 / average = 0.697747 (Wall 0.019959s, CPU 0.019966s)
Info    : 1192 edge swaps, 17 node relocations (volume = 235.606): worst = 0.14185 / average = 0.697787 (Wall 0.0229953s, CPU 0.023002s)
Info    : No ill-shaped tets in the mesh :-)
Info    : 0.00 < quality < 0.10 :         0 elements
Info    : 0.10 < quality < 0.20 :        10 elements
Info    : 0.20 < quality < 0.30 :        26 elements
Info    : 0.30 < quality < 0.40 :       753 elements
Info    : 0.40 < quality < 0.50 :      1185 elements
Info    : 0.50 < quality < 0.60 :      3466 elements
Info    : 0.60 < quality < 0.70 :     11147 elements
Info    : 0.70 < quality < 0.80 :     20631 elements
Info    : 0.80 < quality < 0.90 :      1785 elements
Info    : 0.90 < quality < 1.00 :      1311 elements
Info    : Optimizing volume 2
Info    : Optimization starts (volume = 0.256478) with worst = 0.104083 / average = 0.74788:
Info    : 0.00 < quality < 0.10 :         0 elements
Info    : 0.10 < quality < 0.20 :         2 elements
Info    : 0.20 < quality < 0.30 :         5 elements
Info    : 0.30 < quality < 0.40 :        11 elements
Info    : 0.40 < quality < 0.50 :        16 elements
Info    : 0.50 < quality < 0.60 :        25 elements
Info    : 0.60 < quality < 0.70 :        67 elements
Info    : 0.70 < quality < 0.80 :       169 elements
Info    : 0.80 < quality < 0.90 :       150 elements
Info    : 0.90 < quality < 1.00 :        41 elements
Info    : 6 edge swaps, 0 node relocations (volume = 0.256478): worst = 0.31836 / average = 0.757034 (Wall 0.000126852s, CPU 0.000127s)
Info    : No ill-shaped tets in the mesh :-)
Info    : 0.00 < quality < 0.10 :         0 elements
Info    : 0.10 < quality < 0.20 :         0 elements
Info    : 0.20 < quality < 0.30 :         0 elements
Info    : 0.30 < quality < 0.40 :        10 elements
Info    : 0.40 < quality < 0.50 :        15 elements
Info    : 0.50 < quality < 0.60 :        25 elements
Info    : 0.60 < quality < 0.70 :        69 elements
Info    : 0.70 < quality < 0.80 :       169 elements
Info    : 0.80 < quality < 0.90 :       151 elements
Info    : 0.90 < quality < 1.00 :        41 elements
Info    : Done optimizing mesh (Wall 0.0477555s, CPU 0.047756s)
Info    : 13474 nodes 67258 elements
Info    : Meshing order 2 (curvilinear on)...
Info    : [  0%] Meshing curve 1 order 2
Info    : [ 10%] Meshing curve 2 order 2
Info    : [ 20%] Meshing curve 3 order 2
Info    : [ 20%] Meshing curve 4 order 2
Info    : [ 30%] Meshing curve 5 order 2
Info    : [ 30%] Meshing curve 6 order 2
Info    : [ 40%] Meshing curve 7 order 2
Info    : [ 40%] Meshing curve 8 order 2
Info    : [ 50%] Meshing curve 9 order 2
Info    : [ 50%] Meshing curve 10 order 2
Info    : [ 60%] Meshing curve 11 order 2
Info    : [ 60%] Meshing curve 12 order 2
Info    : [ 70%] Meshing surface 1 order 2
Info    : [ 70%] Meshing surface 2 order 2
Info    : [ 80%] Meshing surface 3 order 2
Info    : [ 80%] Meshing surface 4 order 2
Info    : [ 90%] Meshing surface 5 order 2
Info    : [ 90%] Meshing surface 6 order 2
Info    : [100%] Meshing volume 1 order 2
Info    : [100%] Meshing volume 2 order 2
Info    : Surface mesh: worst distortion = 0.797589 (0 elements in ]0, 0.2]); worst gamma = 0.562417
Info    : Volume mesh: worst distortion = 0.258884 (0 elements in ]0, 0.2])
Info    : Done meshing order 2 (Wall 20.0055s, CPU 19.9378s)
Info    : Writing '/home/user/mscr-mom/현서/scripts/contact_scenarios/fea/matv2_mesh_LMD625_phiP120_b0_s90.inp'...
Info    : Done writing '/home/user/mscr-mom/현서/scripts/contact_scenarios/fea/matv2_mesh_LMD625_phiP120_b0_s90.inp'
  [LMD625_phiP120_b0] [실패] (1166.1s)
[LMD625_phiP120_b0 10/10] L_M=62.5, phi=120.0, beta=0.0, s=100.0mm, push_depth=0.1mm ...
Info    : Meshing 1D...
Info    : [  0%] Meshing curve 1 (BSpline)
Info    : [ 10%] Meshing curve 2 (Ellipse)
Info    : [ 20%] Meshing curve 3 (Ellipse)
Info    : [ 30%] Meshing curve 4 (BSpline)
Info    : [ 40%] Meshing curve 5 (BSpline)
Info    : [ 50%] Meshing curve 6 (BSpline)
Info    : [ 60%] Meshing curve 7 (BSpline)
Info    : [ 60%] Meshing curve 8 (BSpline)
Info    : [ 70%] Meshing curve 9 (BSpline)
Info    : [ 90%] Meshing curve 11 (Circle)
Info    : Done meshing 1D (Wall 0.0276416s, CPU 0.027635s)
Info    : Meshing 2D...
Info    : [  0%] Meshing surface 1 (Plane, Frontal-Delaunay)
Info    : [ 20%] Meshing surface 2 (Plane, Frontal-Delaunay)
Info    : [ 40%] Meshing surface 3 (BSpline surface, Frontal-Delaunay)
Info    : [ 60%] Meshing surface 4 (BSpline surface, Frontal-Delaunay)
Info    : [ 70%] Meshing surface 5 (Plane, Frontal-Delaunay)
Info    : [ 90%] Meshing surface 6 (Sphere, Frontal-Delaunay)
Info    : Done meshing 2D (Wall 0.773986s, CPU 0.773686s)
Info    : Meshing 3D...
Info    : 3D Meshing 2 volumes with 2 connected components
Info    : Tetrahedrizing 12491 nodes...
Info    : Done tetrahedrizing 12499 nodes (Wall 0.146572s, CPU 0.133534s)
Info    : Reconstructing mesh...
Info    :  - Creating surface mesh
Info    :  - Identifying boundary edges
Info    :  - Recovering boundary
Info    : Done reconstructing mesh (Wall 0.459676s, CPU 0.432376s)
Info    : Found volume 1
Info    : It. 0 - 0 nodes created - worst tet radius 1.04994 (nodes removed 0 0)
Info    : 3D refinement terminated (13075 nodes total):
Info    :  - 0 Delaunay cavities modified for star shapeness
Info    :  - 0 nodes could not be inserted
Info    :  - 41371 tetrahedra created in 0.0249475 sec. (1658324 tets/s)
Info    : 0 node relocations
Info    : Tetrahedrizing 132 nodes...
Info    : Done tetrahedrizing 140 nodes (Wall 0.000989828s, CPU 0.00099s)
Info    : Reconstructing mesh...
Info    :  - Creating surface mesh
Info    :  - Identifying boundary edges
Info    :  - Recovering boundary
Info    : Done reconstructing mesh (Wall 0.00214312s, CPU 0.002146s)
Info    : Found volume 2
Info    : It. 0 - 0 nodes created - worst tet radius 3.04804 (nodes removed 0 0)
Info    : 3D refinement terminated (12703 nodes total):
Info    :  - 1 Delaunay cavities modified for star shapeness
Info    :  - 0 nodes could not be inserted
Info    :  - 486 tetrahedra created in 0.00304367 sec. (159675 tets/s)
Info    : 0 node relocations
Info    : Done meshing 3D (Wall 0.852979s, CPU 0.824659s)
Info    : Optimizing mesh...
Info    : Optimizing volume 1
Info    : Optimization starts (volume = 235.606) with worst = 0.00639635 / average = 0.681692:
Info    : 0.00 < quality < 0.10 :       189 elements
Info    : 0.10 < quality < 0.20 :       394 elements
Info    : 0.20 < quality < 0.30 :       631 elements
Info    : 0.30 < quality < 0.40 :       835 elements
Info    : 0.40 < quality < 0.50 :      1400 elements
Info    : 0.50 < quality < 0.60 :      3463 elements
Info    : 0.60 < quality < 0.70 :     10624 elements
Info    : 0.70 < quality < 0.80 :     20874 elements
Info    : 0.80 < quality < 0.90 :      1657 elements
Info    : 0.90 < quality < 1.00 :      1304 elements
Info    : 1143 edge swaps, 15 node relocations (volume = 235.606): worst = 0.137253 / average = 0.697217 (Wall 0.0187483s, CPU 0.018747s)
Info    : 1188 edge swaps, 17 node relocations (volume = 235.606): worst = 0.14185 / average = 0.697747 (Wall 0.0223202s, CPU 0.021326s)
Info    : 1192 edge swaps, 17 node relocations (volume = 235.606): worst = 0.14185 / average = 0.697787 (Wall 0.0251728s, CPU 0.02418s)
Info    : No ill-shaped tets in the mesh :-)
Info    : 0.00 < quality < 0.10 :         0 elements
Info    : 0.10 < quality < 0.20 :        10 elements
Info    : 0.20 < quality < 0.30 :        26 elements
Info    : 0.30 < quality < 0.40 :       753 elements
Info    : 0.40 < quality < 0.50 :      1185 elements
Info    : 0.50 < quality < 0.60 :      3466 elements
Info    : 0.60 < quality < 0.70 :     11147 elements
Info    : 0.70 < quality < 0.80 :     20631 elements
Info    : 0.80 < quality < 0.90 :      1785 elements
Info    : 0.90 < quality < 1.00 :      1311 elements
Info    : Optimizing volume 2
Info    : Optimization starts (volume = 0.256478) with worst = 0.104083 / average = 0.74788:
Info    : 0.00 < quality < 0.10 :         0 elements
Info    : 0.10 < quality < 0.20 :         2 elements
Info    : 0.20 < quality < 0.30 :         5 elements
Info    : 0.30 < quality < 0.40 :        11 elements
Info    : 0.40 < quality < 0.50 :        16 elements
Info    : 0.50 < quality < 0.60 :        25 elements
Info    : 0.60 < quality < 0.70 :        67 elements
Info    : 0.70 < quality < 0.80 :       169 elements
Info    : 0.80 < quality < 0.90 :       150 elements
Info    : 0.90 < quality < 1.00 :        41 elements
Info    : 6 edge swaps, 0 node relocations (volume = 0.256478): worst = 0.31836 / average = 0.757034 (Wall 0.000133523s, CPU 0.000134s)
Info    : No ill-shaped tets in the mesh :-)
Info    : 0.00 < quality < 0.10 :         0 elements
Info    : 0.10 < quality < 0.20 :         0 elements
Info    : 0.20 < quality < 0.30 :         0 elements
Info    : 0.30 < quality < 0.40 :        10 elements
Info    : 0.40 < quality < 0.50 :        15 elements
Info    : 0.50 < quality < 0.60 :        25 elements
Info    : 0.60 < quality < 0.70 :        69 elements
Info    : 0.70 < quality < 0.80 :       169 elements
Info    : 0.80 < quality < 0.90 :       151 elements
Info    : 0.90 < quality < 1.00 :        41 elements
Info    : Done optimizing mesh (Wall 0.0546637s, CPU 0.053664s)
Info    : 13474 nodes 67258 elements
Info    : Meshing order 2 (curvilinear on)...
Info    : [  0%] Meshing curve 1 order 2
Info    : [ 10%] Meshing curve 2 order 2
Info    : [ 20%] Meshing curve 3 order 2
Info    : [ 20%] Meshing curve 4 order 2
Info    : [ 30%] Meshing curve 5 order 2
Info    : [ 30%] Meshing curve 6 order 2
Info    : [ 40%] Meshing curve 7 order 2
Info    : [ 40%] Meshing curve 8 order 2
Info    : [ 50%] Meshing curve 9 order 2
Info    : [ 50%] Meshing curve 10 order 2
Info    : [ 60%] Meshing curve 11 order 2
Info    : [ 60%] Meshing curve 12 order 2
Info    : [ 70%] Meshing surface 1 order 2
Info    : [ 70%] Meshing surface 2 order 2
Info    : [ 80%] Meshing surface 3 order 2
Info    : [ 80%] Meshing surface 4 order 2
Info    : [ 90%] Meshing surface 5 order 2
Info    : [ 90%] Meshing surface 6 order 2
Info    : [100%] Meshing volume 1 order 2
Info    : [100%] Meshing volume 2 order 2
Info    : Surface mesh: worst distortion = 0.797589 (0 elements in ]0, 0.2]); worst gamma = 0.562417
Info    : Volume mesh: worst distortion = 0.258884 (0 elements in ]0, 0.2])
Info    : Done meshing order 2 (Wall 20.7552s, CPU 20.6779s)
Info    : Writing '/home/user/mscr-mom/현서/scripts/contact_scenarios/fea/matv2_mesh_LMD625_phiP120_b0_s100.inp'...
Info    : Done writing '/home/user/mscr-mom/현서/scripts/contact_scenarios/fea/matv2_mesh_LMD625_phiP120_b0_s100.inp'
  [LMD625_phiP120_b0] 실패: Command '['ccx', 'matv2sweep_LMD625_phiP120_b0_10']' timed out after 1800 seconds
  [LMD625_phiP120_b0] [실패] (1823.1s)
[LMD625_phiP120_b0] 완료: 2/10 성공
