[LM50_phiN90_b0 1/10] L_M=50.0, phi=-90.0, beta=0.0, s=10.0mm, push_depth=0.1mm ...
Info    : Meshing 1D...
Info    : [  0%] Meshing curve 1 (BSpline)
Info    : [ 10%] Meshing curve 2 (Ellipse)
Info    : [ 20%] Meshing curve 3 (Ellipse)
Info    : [ 30%] Meshing curve 4 (BSpline)
Info    : [ 40%] Meshing curve 5 (BSpline)
Info    : [ 50%] Meshing curve 6 (BSpline)
Info    : [ 60%] Meshing curve 7 (BSpline)
Info    : [ 60%] Meshing curve 8 (BSpline)
Info    : [ 70%] Meshing curve 9 (BSpline)
Info    : [ 90%] Meshing curve 11 (Circle)
Info    : Done meshing 1D (Wall 0.0246667s, CPU 0.024667s)
Info    : Meshing 2D...
Info    : [  0%] Meshing surface 1 (Plane, Frontal-Delaunay)
Info    : [ 20%] Meshing surface 2 (Plane, Frontal-Delaunay)
Info    : [ 40%] Meshing surface 3 (BSpline surface, Frontal-Delaunay)
Info    : [ 60%] Meshing surface 4 (BSpline surface, Frontal-Delaunay)
Info    : [ 70%] Meshing surface 5 (Plane, Frontal-Delaunay)
Info    : [ 90%] Meshing surface 6 (Sphere, Frontal-Delaunay)
Info    : Done meshing 2D (Wall 0.740936s, CPU 0.7367s)
Info    : Meshing 3D...
Info    : 3D Meshing 2 volumes with 2 connected components
Info    : Tetrahedrizing 12491 nodes...
Info    : Done tetrahedrizing 12499 nodes (Wall 0.1414s, CPU 0.131353s)
Info    : Reconstructing mesh...
Info    :  - Creating surface mesh
Info    :  - Identifying boundary edges
Info    :  - Recovering boundary
Info    : Done reconstructing mesh (Wall 0.373842s, CPU 0.337832s)
Info    : Found volume 1
Info    : It. 0 - 0 nodes created - worst tet radius 1.04258 (nodes removed 0 0)
Info    : 3D refinement terminated (13039 nodes total):
Info    :  - 0 Delaunay cavities modified for star shapeness
Info    :  - 0 nodes could not be inserted
Info    :  - 41183 tetrahedra created in 0.0281924 sec. (1460782 tets/s)
Info    : 0 node relocations
Info    : Tetrahedrizing 131 nodes...
Info    : Done tetrahedrizing 139 nodes (Wall 0.000722481s, CPU 0.000723s)
Info    : Reconstructing mesh...
Info    :  - Creating surface mesh
Info    :  - Identifying boundary edges
Info    :  - Recovering boundary
Info    : Done reconstructing mesh (Wall 0.0016061s, CPU 0.001598s)
Info    : Found volume 2
Info    : It. 0 - 0 nodes created - worst tet radius 3.11873 (nodes removed 0 0)
Info    : 3D refinement terminated (12699 nodes total):
Info    :  - 0 Delaunay cavities modified for star shapeness
Info    :  - 0 nodes could not be inserted
Info    :  - 453 tetrahedra created in 0.00317115 sec. (142850 tets/s)
Info    : 0 node relocations
Info    : Done meshing 3D (Wall 0.678s, CPU 0.641761s)
Info    : Optimizing mesh...
Info    : Optimizing volume 1
Info    : Optimization starts (volume = 235.583) with worst = 0.00578957 / average = 0.679759:
Info    : 0.00 < quality < 0.10 :       164 elements
Info    : 0.10 < quality < 0.20 :       404 elements
Info    : 0.20 < quality < 0.30 :       601 elements
Info    : 0.30 < quality < 0.40 :       961 elements
Info    : 0.40 < quality < 0.50 :      1585 elements
Info    : 0.50 < quality < 0.60 :      3299 elements
Info    : 0.60 < quality < 0.70 :     10566 elements
Info    : 0.70 < quality < 0.80 :     20916 elements
Info    : 0.80 < quality < 0.90 :      1505 elements
Info    : 0.90 < quality < 1.00 :      1182 elements
Info    : 1123 edge swaps, 13 node relocations (volume = 235.583): worst = 0.156158 / average = 0.69504 (Wall 0.0134156s, CPU 0.013415s)
Info    : 1175 edge swaps, 15 node relocations (volume = 235.583): worst = 0.156158 / average = 0.695584 (Wall 0.0164269s, CPU 0.016428s)
Info    : No ill-shaped tets in the mesh :-)
Info    : 0.00 < quality < 0.10 :         0 elements
Info    : 0.10 < quality < 0.20 :         2 elements
Info    : 0.20 < quality < 0.30 :        24 elements
Info    : 0.30 < quality < 0.40 :       905 elements
Info    : 0.40 < quality < 0.50 :      1280 elements
Info    : 0.50 < quality < 0.60 :      3281 elements
Info    : 0.60 < quality < 0.70 :     11144 elements
Info    : 0.70 < quality < 0.80 :     20682 elements
Info    : 0.80 < quality < 0.90 :      1625 elements
Info    : 0.90 < quality < 1.00 :      1178 elements
Info    : Optimizing volume 2
Info    : Optimization starts (volume = 0.25645) with worst = 0.103756 / average = 0.755629:
Info    : 0.00 < quality < 0.10 :         0 elements
Info    : 0.10 < quality < 0.20 :         3 elements
Info    : 0.20 < quality < 0.30 :         3 elements
Info    : 0.30 < quality < 0.40 :         6 elements
Info    : 0.40 < quality < 0.50 :         7 elements
Info    : 0.50 < quality < 0.60 :        17 elements
Info    : 0.60 < quality < 0.70 :        72 elements
Info    : 0.70 < quality < 0.80 :       169 elements
Info    : 0.80 < quality < 0.90 :       146 elements
Info    : 0.90 < quality < 1.00 :        30 elements
Info    : 6 edge swaps, 0 node relocations (volume = 0.25645): worst = 0.315521 / average = 0.760793 (Wall 0.000105934s, CPU 0.000107s)
Info    : No ill-shaped tets in the mesh :-)
Info    : 0.00 < quality < 0.10 :         0 elements
Info    : 0.10 < quality < 0.20 :         0 elements
Info    : 0.20 < quality < 0.30 :         0 elements
Info    : 0.30 < quality < 0.40 :         8 elements
Info    : 0.40 < quality < 0.50 :         6 elements
Info    : 0.50 < quality < 0.60 :        17 elements
Info    : 0.60 < quality < 0.70 :        75 elements
Info    : 0.70 < quality < 0.80 :       168 elements
Info    : 0.80 < quality < 0.90 :       146 elements
Info    : 0.90 < quality < 1.00 :        29 elements
Info    : Done optimizing mesh (Wall 0.0446701s, CPU 0.044671s)
Info    : 13435 nodes 67080 elements
Info    : Meshing order 2 (curvilinear on)...
Info    : [  0%] Meshing curve 1 order 2
Info    : [ 10%] Meshing curve 2 order 2
Info    : [ 20%] Meshing curve 3 order 2
Info    : [ 20%] Meshing curve 4 order 2
Info    : [ 30%] Meshing curve 5 order 2
Info    : [ 30%] Meshing curve 6 order 2
Info    : [ 40%] Meshing curve 7 order 2
Info    : [ 40%] Meshing curve 8 order 2
Info    : [ 50%] Meshing curve 9 order 2
Info    : [ 50%] Meshing curve 10 order 2
Info    : [ 60%] Meshing curve 11 order 2
Info    : [ 60%] Meshing curve 12 order 2
Info    : [ 70%] Meshing surface 1 order 2
Info    : [ 70%] Meshing surface 2 order 2
Info    : [ 80%] Meshing surface 3 order 2
Info    : [ 80%] Meshing surface 4 order 2
Info    : [ 90%] Meshing surface 5 order 2
Info    : [ 90%] Meshing surface 6 order 2
Info    : [100%] Meshing volume 1 order 2
Info    : [100%] Meshing volume 2 order 2
Info    : Surface mesh: worst distortion = 0.797589 (0 elements in ]0, 0.2]); worst gamma = 0.652731
Info    : Volume mesh: worst distortion = 0.25442 (0 elements in ]0, 0.2])
Info    : Done meshing order 2 (Wall 15.8897s, CPU 15.8568s)
Info    : Writing '/home/user/mscr-mom/현서/scripts/contact_scenarios/fea/matv2_mesh_LM50_phiN90_b0_s10.inp'...
Info    : Done writing '/home/user/mscr-mom/현서/scripts/contact_scenarios/fea/matv2_mesh_LM50_phiN90_b0_s10.inp'
  [LM50_phiN90_b0] F_mag=0.1291mN  (335.0s)
[LM50_phiN90_b0 2/10] L_M=50.0, phi=-90.0, beta=0.0, s=20.0mm, push_depth=0.1mm ...
Info    : Meshing 1D...
Info    : [  0%] Meshing curve 1 (BSpline)
Info    : [ 10%] Meshing curve 2 (Ellipse)
Info    : [ 20%] Meshing curve 3 (Ellipse)
Info    : [ 30%] Meshing curve 4 (BSpline)
Info    : [ 40%] Meshing curve 5 (BSpline)
Info    : [ 50%] Meshing curve 6 (BSpline)
Info    : [ 60%] Meshing curve 7 (BSpline)
Info    : [ 60%] Meshing curve 8 (BSpline)
Info    : [ 70%] Meshing curve 9 (BSpline)
Info    : [ 90%] Meshing curve 11 (Circle)
Info    : Done meshing 1D (Wall 0.0242965s, CPU 0.024255s)
Info    : Meshing 2D...
Info    : [  0%] Meshing surface 1 (Plane, Frontal-Delaunay)
Info    : [ 20%] Meshing surface 2 (Plane, Frontal-Delaunay)
Info    : [ 40%] Meshing surface 3 (BSpline surface, Frontal-Delaunay)
Info    : [ 60%] Meshing surface 4 (BSpline surface, Frontal-Delaunay)
Info    : [ 70%] Meshing surface 5 (Plane, Frontal-Delaunay)
Info    : [ 90%] Meshing surface 6 (Sphere, Frontal-Delaunay)
Info    : Done meshing 2D (Wall 0.731119s, CPU 0.731045s)
Info    : Meshing 3D...
Info    : 3D Meshing 2 volumes with 2 connected components
Info    : Tetrahedrizing 12491 nodes...
Info    : Done tetrahedrizing 12499 nodes (Wall 0.140687s, CPU 0.129653s)
Info    : Reconstructing mesh...
Info    :  - Creating surface mesh
Info    :  - Identifying boundary edges
Info    :  - Recovering boundary
Info    : Done reconstructing mesh (Wall 0.359449s, CPU 0.340412s)
Info    : Found volume 1
Info    : It. 0 - 0 nodes created - worst tet radius 1.04258 (nodes removed 0 0)
Info    : 3D refinement terminated (13038 nodes total):
Info    :  - 0 Delaunay cavities modified for star shapeness
Info    :  - 0 nodes could not be inserted
Info    :  - 41183 tetrahedra created in 0.0292887 sec. (1406104 tets/s)
Info    : 0 node relocations
Info    : Tetrahedrizing 130 nodes...
Info    : Done tetrahedrizing 138 nodes (Wall 0.000747582s, CPU 0.000749s)
Info    : Reconstructing mesh...
Info    :  - Creating surface mesh
Info    :  - Identifying boundary edges
Info    :  - Recovering boundary
Info    : Done reconstructing mesh (Wall 0.00169022s, CPU 0.001687s)
Info    : Found volume 2
Info    : It. 0 - 0 nodes created - worst tet radius 3.03608 (nodes removed 0 0)
Info    : 3D refinement terminated (12700 nodes total):
Info    :  - 0 Delaunay cavities modified for star shapeness
Info    :  - 0 nodes could not be inserted
Info    :  - 481 tetrahedra created in 0.00383214 sec. (125517 tets/s)
Info    : 0 node relocations
Info    : Done meshing 3D (Wall 0.641849s, CPU 0.62277s)
Info    : Optimizing mesh...
Info    : Optimizing volume 1
Info    : Optimization starts (volume = 235.583) with worst = 0.00578957 / average = 0.679759:
Info    : 0.00 < quality < 0.10 :       164 elements
Info    : 0.10 < quality < 0.20 :       404 elements
Info    : 0.20 < quality < 0.30 :       601 elements
Info    : 0.30 < quality < 0.40 :       961 elements
Info    : 0.40 < quality < 0.50 :      1585 elements
Info    : 0.50 < quality < 0.60 :      3299 elements
Info    : 0.60 < quality < 0.70 :     10566 elements
Info    : 0.70 < quality < 0.80 :     20916 elements
Info    : 0.80 < quality < 0.90 :      1505 elements
Info    : 0.90 < quality < 1.00 :      1182 elements
Info    : 1123 edge swaps, 13 node relocations (volume = 235.583): worst = 0.156158 / average = 0.69504 (Wall 0.0128738s, CPU 0.012845s)
Info    : 1175 edge swaps, 15 node relocations (volume = 235.583): worst = 0.156158 / average = 0.695584 (Wall 0.0157202s, CPU 0.015693s)
Info    : No ill-shaped tets in the mesh :-)
Info    : 0.00 < quality < 0.10 :         0 elements
Info    : 0.10 < quality < 0.20 :         2 elements
Info    : 0.20 < quality < 0.30 :        24 elements
Info    : 0.30 < quality < 0.40 :       905 elements
Info    : 0.40 < quality < 0.50 :      1280 elements
Info    : 0.50 < quality < 0.60 :      3281 elements
Info    : 0.60 < quality < 0.70 :     11144 elements
Info    : 0.70 < quality < 0.80 :     20682 elements
Info    : 0.80 < quality < 0.90 :      1625 elements
Info    : 0.90 < quality < 1.00 :      1178 elements
Info    : Optimizing volume 2
Info    : Optimization starts (volume = 0.256435) with worst = 0.228555 / average = 0.74099:
Info    : 0.00 < quality < 0.10 :         0 elements
Info    : 0.10 < quality < 0.20 :         0 elements
Info    : 0.20 < quality < 0.30 :         5 elements
Info    : 0.30 < quality < 0.40 :         8 elements
Info    : 0.40 < quality < 0.50 :        24 elements
Info    : 0.50 < quality < 0.60 :        26 elements
Info    : 0.60 < quality < 0.70 :        71 elements
Info    : 0.70 < quality < 0.80 :       183 elements
Info    : 0.80 < quality < 0.90 :       122 elements
Info    : 0.90 < quality < 1.00 :        42 elements
Info    : 5 edge swaps, 0 node relocations (volume = 0.256435): worst = 0.307232 / average = 0.746412 (Wall 9.11811e-05s, CPU 9.2e-05s)
Info    : No ill-shaped tets in the mesh :-)
Info    : 0.00 < quality < 0.10 :         0 elements
Info    : 0.10 < quality < 0.20 :         0 elements
Info    : 0.20 < quality < 0.30 :         0 elements
Info    : 0.30 < quality < 0.40 :         9 elements
Info    : 0.40 < quality < 0.50 :        23 elements
Info    : 0.50 < quality < 0.60 :        26 elements
Info    : 0.60 < quality < 0.70 :        69 elements
Info    : 0.70 < quality < 0.80 :       185 elements
Info    : 0.80 < quality < 0.90 :       123 elements
Info    : 0.90 < quality < 1.00 :        42 elements
Info    : Done optimizing mesh (Wall 0.0394331s, CPU 0.038433s)
Info    : 13436 nodes 67106 elements
Info    : Meshing order 2 (curvilinear on)...
Info    : [  0%] Meshing curve 1 order 2
Info    : [ 10%] Meshing curve 2 order 2
Info    : [ 20%] Meshing curve 3 order 2
Info    : [ 20%] Meshing curve 4 order 2
Info    : [ 30%] Meshing curve 5 order 2
Info    : [ 30%] Meshing curve 6 order 2
Info    : [ 40%] Meshing curve 7 order 2
Info    : [ 40%] Meshing curve 8 order 2
Info    : [ 50%] Meshing curve 9 order 2
Info    : [ 50%] Meshing curve 10 order 2
Info    : [ 60%] Meshing curve 11 order 2
Info    : [ 60%] Meshing curve 12 order 2
Info    : [ 70%] Meshing surface 1 order 2
Info    : [ 70%] Meshing surface 2 order 2
Info    : [ 80%] Meshing surface 3 order 2
Info    : [ 80%] Meshing surface 4 order 2
Info    : [ 90%] Meshing surface 5 order 2
Info    : [ 90%] Meshing surface 6 order 2
Info    : [100%] Meshing volume 1 order 2
Info    : [100%] Meshing volume 2 order 2
Info    : Surface mesh: worst distortion = 0.797589 (0 elements in ]0, 0.2]); worst gamma = 0.652731
Info    : Volume mesh: worst distortion = 0.25442 (0 elements in ]0, 0.2])
Info    : Done meshing order 2 (Wall 15.6913s, CPU 15.6837s)
Info    : Writing '/home/user/mscr-mom/현서/scripts/contact_scenarios/fea/matv2_mesh_LM50_phiN90_b0_s20.inp'...
Info    : Done writing '/home/user/mscr-mom/현서/scripts/contact_scenarios/fea/matv2_mesh_LM50_phiN90_b0_s20.inp'
  [LM50_phiN90_b0] F_mag=0.0164mN  (472.6s)
[LM50_phiN90_b0 3/10] L_M=50.0, phi=-90.0, beta=0.0, s=30.0mm, push_depth=0.1mm ...
Info    : Meshing 1D...
Info    : [  0%] Meshing curve 1 (BSpline)
Info    : [ 10%] Meshing curve 2 (Ellipse)
Info    : [ 20%] Meshing curve 3 (Ellipse)
Info    : [ 30%] Meshing curve 4 (BSpline)
Info    : [ 40%] Meshing curve 5 (BSpline)
Info    : [ 50%] Meshing curve 6 (BSpline)
Info    : [ 60%] Meshing curve 7 (BSpline)
Info    : [ 60%] Meshing curve 8 (BSpline)
Info    : [ 70%] Meshing curve 9 (BSpline)
Info    : [ 90%] Meshing curve 11 (Circle)
Info    : Done meshing 1D (Wall 0.0240842s, CPU 0.024082s)
Info    : Meshing 2D...
Info    : [  0%] Meshing surface 1 (Plane, Frontal-Delaunay)
Info    : [ 20%] Meshing surface 2 (Plane, Frontal-Delaunay)
Info    : [ 40%] Meshing surface 3 (BSpline surface, Frontal-Delaunay)
Info    : [ 60%] Meshing surface 4 (BSpline surface, Frontal-Delaunay)
Info    : [ 70%] Meshing surface 5 (Plane, Frontal-Delaunay)
Info    : [ 90%] Meshing surface 6 (Sphere, Frontal-Delaunay)
Info    : Done meshing 2D (Wall 0.743308s, CPU 0.743228s)
Info    : Meshing 3D...
Info    : 3D Meshing 2 volumes with 2 connected components
Info    : Tetrahedrizing 12491 nodes...
Info    : Done tetrahedrizing 12499 nodes (Wall 0.144419s, CPU 0.13637s)
Info    : Reconstructing mesh...
Info    :  - Creating surface mesh
Info    :  - Identifying boundary edges
Info    :  - Recovering boundary
Info    : Done reconstructing mesh (Wall 0.368438s, CPU 0.34737s)
Info    : Found volume 1
Info    : It. 0 - 0 nodes created - worst tet radius 1.04258 (nodes removed 0 0)
Info    : 3D refinement terminated (13038 nodes total):
Info    :  - 0 Delaunay cavities modified for star shapeness
Info    :  - 0 nodes could not be inserted
Info    :  - 41183 tetrahedra created in 0.0309072 sec. (1332471 tets/s)
Info    : 0 node relocations
Info    : Tetrahedrizing 130 nodes...
Info    : Done tetrahedrizing 138 nodes (Wall 0.000802661s, CPU 0.000804s)
Info    : Reconstructing mesh...
Info    :  - Creating surface mesh
Info    :  - Identifying boundary edges
Info    :  - Recovering boundary
Info    : Done reconstructing mesh (Wall 0.00196795s, CPU 0.001969s)
Info    : Found volume 2
Info    : It. 0 - 0 nodes created - worst tet radius 3.03608 (nodes removed 0 0)
Info    : 3D refinement terminated (12702 nodes total):
Info    :  - 0 Delaunay cavities modified for star shapeness
Info    :  - 0 nodes could not be inserted
Info    :  - 491 tetrahedra created in 0.0053014 sec. (92617 tets/s)
Info    : 0 node relocations
Info    : Done meshing 3D (Wall 0.732597s, CPU 0.710478s)
Info    : Optimizing mesh...
Info    : Optimizing volume 1
Info    : Optimization starts (volume = 235.583) with worst = 0.00578957 / average = 0.679759:
Info    : 0.00 < quality < 0.10 :       164 elements
Info    : 0.10 < quality < 0.20 :       404 elements
Info    : 0.20 < quality < 0.30 :       601 elements
Info    : 0.30 < quality < 0.40 :       961 elements
Info    : 0.40 < quality < 0.50 :      1585 elements
Info    : 0.50 < quality < 0.60 :      3299 elements
Info    : 0.60 < quality < 0.70 :     10566 elements
Info    : 0.70 < quality < 0.80 :     20916 elements
Info    : 0.80 < quality < 0.90 :      1505 elements
Info    : 0.90 < quality < 1.00 :      1182 elements
Info    : 1123 edge swaps, 13 node relocations (volume = 235.583): worst = 0.156158 / average = 0.69504 (Wall 0.0159567s, CPU 0.015956s)
Info    : 1175 edge swaps, 15 node relocations (volume = 235.583): worst = 0.156158 / average = 0.695584 (Wall 0.0199589s, CPU 0.019959s)
Info    : No ill-shaped tets in the mesh :-)
Info    : 0.00 < quality < 0.10 :         0 elements
Info    : 0.10 < quality < 0.20 :         2 elements
Info    : 0.20 < quality < 0.30 :        24 elements
Info    : 0.30 < quality < 0.40 :       905 elements
Info    : 0.40 < quality < 0.50 :      1280 elements
Info    : 0.50 < quality < 0.60 :      3281 elements
Info    : 0.60 < quality < 0.70 :     11144 elements
Info    : 0.70 < quality < 0.80 :     20682 elements
Info    : 0.80 < quality < 0.90 :      1625 elements
Info    : 0.90 < quality < 1.00 :      1178 elements
Info    : Optimizing volume 2
Info    : Optimization starts (volume = 0.256435) with worst = 0.0657345 / average = 0.749591:
Info    : 0.00 < quality < 0.10 :         1 elements
Info    : 0.10 < quality < 0.20 :         2 elements
Info    : 0.20 < quality < 0.30 :         6 elements
Info    : 0.30 < quality < 0.40 :        11 elements
Info    : 0.40 < quality < 0.50 :        16 elements
Info    : 0.50 < quality < 0.60 :        17 elements
Info    : 0.60 < quality < 0.70 :        62 elements
Info    : 0.70 < quality < 0.80 :       187 elements
Info    : 0.80 < quality < 0.90 :       151 elements
Info    : 0.90 < quality < 1.00 :        38 elements
Info    : 9 edge swaps, 0 node relocations (volume = 0.256435): worst = 0.31774 / average = 0.76115 (Wall 0.000121076s, CPU 0.000123s)
Info    : No ill-shaped tets in the mesh :-)
Info    : 0.00 < quality < 0.10 :         0 elements
Info    : 0.10 < quality < 0.20 :         0 elements
Info    : 0.20 < quality < 0.30 :         0 elements
Info    : 0.30 < quality < 0.40 :        11 elements
Info    : 0.40 < quality < 0.50 :        14 elements
Info    : 0.50 < quality < 0.60 :        15 elements
Info    : 0.60 < quality < 0.70 :        65 elements
Info    : 0.70 < quality < 0.80 :       188 elements
Info    : 0.80 < quality < 0.90 :       152 elements
Info    : 0.90 < quality < 1.00 :        38 elements
Info    : Done optimizing mesh (Wall 0.050411s, CPU 0.050407s)
Info    : 13438 nodes 67112 elements
Info    : Meshing order 2 (curvilinear on)...
Info    : [  0%] Meshing curve 1 order 2
Info    : [ 10%] Meshing curve 2 order 2
Info    : [ 20%] Meshing curve 3 order 2
Info    : [ 20%] Meshing curve 4 order 2
Info    : [ 30%] Meshing curve 5 order 2
Info    : [ 30%] Meshing curve 6 order 2
Info    : [ 40%] Meshing curve 7 order 2
Info    : [ 40%] Meshing curve 8 order 2
Info    : [ 50%] Meshing curve 9 order 2
Info    : [ 50%] Meshing curve 10 order 2
Info    : [ 60%] Meshing curve 11 order 2
Info    : [ 60%] Meshing curve 12 order 2
Info    : [ 70%] Meshing surface 1 order 2
Info    : [ 70%] Meshing surface 2 order 2
Info    : [ 80%] Meshing surface 3 order 2
Info    : [ 80%] Meshing surface 4 order 2
Info    : [ 90%] Meshing surface 5 order 2
Info    : [ 90%] Meshing surface 6 order 2
Info    : [100%] Meshing volume 1 order 2
Info    : [100%] Meshing volume 2 order 2
Info    : Surface mesh: worst distortion = 0.797589 (0 elements in ]0, 0.2]); worst gamma = 0.652731
Info    : Volume mesh: worst distortion = 0.25442 (0 elements in ]0, 0.2])
Info    : Done meshing order 2 (Wall 15.9362s, CPU 15.929s)
Info    : Writing '/home/user/mscr-mom/현서/scripts/contact_scenarios/fea/matv2_mesh_LM50_phiN90_b0_s30.inp'...
Info    : Done writing '/home/user/mscr-mom/현서/scripts/contact_scenarios/fea/matv2_mesh_LM50_phiN90_b0_s30.inp'
  [LM50_phiN90_b0] [실패] (859.3s)
[LM50_phiN90_b0 4/10] L_M=50.0, phi=-90.0, beta=0.0, s=40.0mm, push_depth=0.1mm ...
Info    : Meshing 1D...
Info    : [  0%] Meshing curve 1 (BSpline)
Info    : [ 10%] Meshing curve 2 (Ellipse)
Info    : [ 20%] Meshing curve 3 (Ellipse)
Info    : [ 30%] Meshing curve 4 (BSpline)
Info    : [ 40%] Meshing curve 5 (BSpline)
Info    : [ 50%] Meshing curve 6 (BSpline)
Info    : [ 60%] Meshing curve 7 (BSpline)
Info    : [ 60%] Meshing curve 8 (BSpline)
Info    : [ 70%] Meshing curve 9 (BSpline)
Info    : [ 90%] Meshing curve 11 (Circle)
Info    : Done meshing 1D (Wall 0.0240784s, CPU 0.02404s)
Info    : Meshing 2D...
Info    : [  0%] Meshing surface 1 (Plane, Frontal-Delaunay)
Info    : [ 20%] Meshing surface 2 (Plane, Frontal-Delaunay)
Info    : [ 40%] Meshing surface 3 (BSpline surface, Frontal-Delaunay)
Info    : [ 60%] Meshing surface 4 (BSpline surface, Frontal-Delaunay)
Info    : [ 70%] Meshing surface 5 (Plane, Frontal-Delaunay)
Info    : [ 90%] Meshing surface 6 (Sphere, Frontal-Delaunay)
Info    : Done meshing 2D (Wall 0.765637s, CPU 0.765309s)
Info    : Meshing 3D...
Info    : 3D Meshing 2 volumes with 2 connected components
Info    : Tetrahedrizing 12491 nodes...
Info    : Done tetrahedrizing 12499 nodes (Wall 0.13822s, CPU 0.132226s)
Info    : Reconstructing mesh...
Info    :  - Creating surface mesh
Info    :  - Identifying boundary edges
Info    :  - Recovering boundary
Info    : Done reconstructing mesh (Wall 0.352016s, CPU 0.333941s)
Info    : Found volume 1
Info    : It. 0 - 0 nodes created - worst tet radius 1.04258 (nodes removed 0 0)
Info    : 3D refinement terminated (13037 nodes total):
Info    :  - 0 Delaunay cavities modified for star shapeness
Info    :  - 0 nodes could not be inserted
Info    :  - 41183 tetrahedra created in 0.0215145 sec. (1914200 tets/s)
Info    : 0 node relocations
Info    : Tetrahedrizing 129 nodes...
Info    : Done tetrahedrizing 137 nodes (Wall 0.000713422s, CPU 0.000714s)
Info    : Reconstructing mesh...
Info    :  - Creating surface mesh
Info    :  - Identifying boundary edges
Info    :  - Recovering boundary
Info    : Done reconstructing mesh (Wall 0.001637s, CPU 0.001641s)
Info    : Found volume 2
Info    : It. 0 - 0 nodes created - worst tet radius 2.98796 (nodes removed 0 0)
Info    : 3D refinement terminated (12699 nodes total):
Info    :  - 0 Delaunay cavities modified for star shapeness
Info    :  - 0 nodes could not be inserted
Info    :  - 471 tetrahedra created in 0.00293228 sec. (160625 tets/s)
Info    : 0 node relocations
Info    : Done meshing 3D (Wall 0.648236s, CPU 0.630132s)
Info    : Optimizing mesh...
Info    : Optimizing volume 1
Info    : Optimization starts (volume = 235.583) with worst = 0.00578957 / average = 0.679759:
Info    : 0.00 < quality < 0.10 :       164 elements
Info    : 0.10 < quality < 0.20 :       404 elements
Info    : 0.20 < quality < 0.30 :       601 elements
Info    : 0.30 < quality < 0.40 :       961 elements
Info    : 0.40 < quality < 0.50 :      1585 elements
Info    : 0.50 < quality < 0.60 :      3299 elements
Info    : 0.60 < quality < 0.70 :     10566 elements
Info    : 0.70 < quality < 0.80 :     20916 elements
Info    : 0.80 < quality < 0.90 :      1505 elements
Info    : 0.90 < quality < 1.00 :      1182 elements
Info    : 1123 edge swaps, 13 node relocations (volume = 235.583): worst = 0.156158 / average = 0.69504 (Wall 0.0142303s, CPU 0.01423s)
Info    : 1175 edge swaps, 15 node relocations (volume = 235.583): worst = 0.156158 / average = 0.695584 (Wall 0.0173988s, CPU 0.0174s)
Info    : No ill-shaped tets in the mesh :-)
Info    : 0.00 < quality < 0.10 :         0 elements
Info    : 0.10 < quality < 0.20 :         2 elements
Info    : 0.20 < quality < 0.30 :        24 elements
Info    : 0.30 < quality < 0.40 :       905 elements
Info    : 0.40 < quality < 0.50 :      1280 elements
Info    : 0.50 < quality < 0.60 :      3281 elements
Info    : 0.60 < quality < 0.70 :     11144 elements
Info    : 0.70 < quality < 0.80 :     20682 elements
Info    : 0.80 < quality < 0.90 :      1625 elements
Info    : 0.90 < quality < 1.00 :      1178 elements
Info    : Optimizing volume 2
Info    : Optimization starts (volume = 0.256296) with worst = 0.0801715 / average = 0.753162:
Info    : 0.00 < quality < 0.10 :         1 elements
Info    : 0.10 < quality < 0.20 :         0 elements
Info    : 0.20 < quality < 0.30 :         2 elements
Info    : 0.30 < quality < 0.40 :         9 elements
Info    : 0.40 < quality < 0.50 :        12 elements
Info    : 0.50 < quality < 0.60 :        22 elements
Info    : 0.60 < quality < 0.70 :        64 elements
Info    : 0.70 < quality < 0.80 :       186 elements
Info    : 0.80 < quality < 0.90 :       142 elements
Info    : 0.90 < quality < 1.00 :        33 elements
Info    : 3 edge swaps, 0 node relocations (volume = 0.256296): worst = 0.30395 / average = 0.757533 (Wall 9.39239e-05s, CPU 9.6e-05s)
Info    : No ill-shaped tets in the mesh :-)
Info    : 0.00 < quality < 0.10 :         0 elements
Info    : 0.10 < quality < 0.20 :         0 elements
Info    : 0.20 < quality < 0.30 :         0 elements
Info    : 0.30 < quality < 0.40 :         9 elements
Info    : 0.40 < quality < 0.50 :        12 elements
Info    : 0.50 < quality < 0.60 :        21 elements
Info    : 0.60 < quality < 0.70 :        65 elements
Info    : 0.70 < quality < 0.80 :       184 elements
Info    : 0.80 < quality < 0.90 :       144 elements
Info    : 0.90 < quality < 1.00 :        33 elements
Info    : Done optimizing mesh (Wall 0.0405532s, CPU 0.040553s)
Info    : 13435 nodes 67095 elements
Info    : Meshing order 2 (curvilinear on)...
Info    : [  0%] Meshing curve 1 order 2
Info    : [ 10%] Meshing curve 2 order 2
Info    : [ 20%] Meshing curve 3 order 2
Info    : [ 20%] Meshing curve 4 order 2
Info    : [ 30%] Meshing curve 5 order 2
Info    : [ 30%] Meshing curve 6 order 2
Info    : [ 40%] Meshing curve 7 order 2
Info    : [ 40%] Meshing curve 8 order 2
Info    : [ 50%] Meshing curve 9 order 2
Info    : [ 50%] Meshing curve 10 order 2
Info    : [ 60%] Meshing curve 11 order 2
Info    : [ 60%] Meshing curve 12 order 2
Info    : [ 70%] Meshing surface 1 order 2
Info    : [ 70%] Meshing surface 2 order 2
Info    : [ 80%] Meshing surface 3 order 2
Info    : [ 80%] Meshing surface 4 order 2
Info    : [ 90%] Meshing surface 5 order 2
Info    : [ 90%] Meshing surface 6 order 2
Info    : [100%] Meshing volume 1 order 2
Info    : [100%] Meshing volume 2 order 2
Info    : Surface mesh: worst distortion = 0.797589 (0 elements in ]0, 0.2]); worst gamma = 0.617848
Info    : Volume mesh: worst distortion = 0.25442 (0 elements in ]0, 0.2])
Info    : Done meshing order 2 (Wall 15.928s, CPU 15.9211s)
Info    : Writing '/home/user/mscr-mom/현서/scripts/contact_scenarios/fea/matv2_mesh_LM50_phiN90_b0_s40.inp'...
Info    : Done writing '/home/user/mscr-mom/현서/scripts/contact_scenarios/fea/matv2_mesh_LM50_phiN90_b0_s40.inp'
  [LM50_phiN90_b0] [실패] (839.0s)
[LM50_phiN90_b0 5/10] L_M=50.0, phi=-90.0, beta=0.0, s=50.0mm, push_depth=0.1mm ...
Info    : Meshing 1D...
Info    : [  0%] Meshing curve 1 (BSpline)
Info    : [ 10%] Meshing curve 2 (Ellipse)
Info    : [ 20%] Meshing curve 3 (Ellipse)
Info    : [ 30%] Meshing curve 4 (BSpline)
Info    : [ 40%] Meshing curve 5 (BSpline)
Info    : [ 50%] Meshing curve 6 (BSpline)
Info    : [ 60%] Meshing curve 7 (BSpline)
Info    : [ 60%] Meshing curve 8 (BSpline)
Info    : [ 70%] Meshing curve 9 (BSpline)
Info    : [ 90%] Meshing curve 11 (Circle)
Info    : Done meshing 1D (Wall 0.0240622s, CPU 0.024049s)
Info    : Meshing 2D...
Info    : [  0%] Meshing surface 1 (Plane, Frontal-Delaunay)
Info    : [ 20%] Meshing surface 2 (Plane, Frontal-Delaunay)
Info    : [ 40%] Meshing surface 3 (BSpline surface, Frontal-Delaunay)
Info    : [ 60%] Meshing surface 4 (BSpline surface, Frontal-Delaunay)
Info    : [ 70%] Meshing surface 5 (Plane, Frontal-Delaunay)
Info    : [ 90%] Meshing surface 6 (Sphere, Frontal-Delaunay)
Info    : Done meshing 2D (Wall 0.729012s, CPU 0.72895s)
Info    : Meshing 3D...
Info    : 3D Meshing 2 volumes with 2 connected components
Info    : Tetrahedrizing 12491 nodes...
Info    : Done tetrahedrizing 12499 nodes (Wall 0.139977s, CPU 0.133979s)
Info    : Reconstructing mesh...
Info    :  - Creating surface mesh
Info    :  - Identifying boundary edges
Info    :  - Recovering boundary
Info    : Done reconstructing mesh (Wall 0.380914s, CPU 0.366875s)
Info    : Found volume 1
Info    : It. 0 - 0 nodes created - worst tet radius 1.04258 (nodes removed 0 0)
Info    : 3D refinement terminated (13037 nodes total):
Info    :  - 0 Delaunay cavities modified for star shapeness
Info    :  - 0 nodes could not be inserted
Info    :  - 41183 tetrahedra created in 0.0229351 sec. (1795634 tets/s)
Info    : 0 node relocations
Info    : Tetrahedrizing 129 nodes...
Info    : Done tetrahedrizing 137 nodes (Wall 0.000722991s, CPU 0.000723s)
Info    : Reconstructing mesh...
Info    :  - Creating surface mesh
Info    :  - Identifying boundary edges
Info    :  - Recovering boundary
Info    : Done reconstructing mesh (Wall 0.00157904s, CPU 0.001583s)
Info    : Found volume 2
Info    : It. 0 - 0 nodes created - worst tet radius 2.98796 (nodes removed 0 0)
Info    : 3D refinement terminated (12699 nodes total):
Info    :  - 0 Delaunay cavities modified for star shapeness
Info    :  - 0 nodes could not be inserted
Info    :  - 471 tetrahedra created in 0.00950093 sec. (49574 tets/s)
Info    : 0 node relocations
Info    : Done meshing 3D (Wall 0.701571s, CPU 0.687505s)
Info    : Optimizing mesh...
Info    : Optimizing volume 1
Info    : Optimization starts (volume = 235.583) with worst = 0.00578957 / average = 0.679759:
Info    : 0.00 < quality < 0.10 :       164 elements
Info    : 0.10 < quality < 0.20 :       404 elements
Info    : 0.20 < quality < 0.30 :       601 elements
Info    : 0.30 < quality < 0.40 :       961 elements
Info    : 0.40 < quality < 0.50 :      1585 elements
Info    : 0.50 < quality < 0.60 :      3299 elements
Info    : 0.60 < quality < 0.70 :     10566 elements
Info    : 0.70 < quality < 0.80 :     20916 elements
Info    : 0.80 < quality < 0.90 :      1505 elements
Info    : 0.90 < quality < 1.00 :      1182 elements
Info    : 1123 edge swaps, 13 node relocations (volume = 235.583): worst = 0.156158 / average = 0.69504 (Wall 0.0157786s, CPU 0.015778s)
Info    : 1175 edge swaps, 15 node relocations (volume = 235.583): worst = 0.156158 / average = 0.695584 (Wall 0.019906s, CPU 0.019907s)
Info    : No ill-shaped tets in the mesh :-)
Info    : 0.00 < quality < 0.10 :         0 elements
Info    : 0.10 < quality < 0.20 :         2 elements
Info    : 0.20 < quality < 0.30 :        24 elements
Info    : 0.30 < quality < 0.40 :       905 elements
Info    : 0.40 < quality < 0.50 :      1280 elements
Info    : 0.50 < quality < 0.60 :      3281 elements
Info    : 0.60 < quality < 0.70 :     11144 elements
Info    : 0.70 < quality < 0.80 :     20682 elements
Info    : 0.80 < quality < 0.90 :      1625 elements
Info    : 0.90 < quality < 1.00 :      1178 elements
Info    : Optimizing volume 2
Info    : Optimization starts (volume = 0.256296) with worst = 0.0801715 / average = 0.753162:
Info    : 0.00 < quality < 0.10 :         1 elements
Info    : 0.10 < quality < 0.20 :         0 elements
Info    : 0.20 < quality < 0.30 :         2 elements
Info    : 0.30 < quality < 0.40 :         9 elements
Info    : 0.40 < quality < 0.50 :        12 elements
Info    : 0.50 < quality < 0.60 :        22 elements
Info    : 0.60 < quality < 0.70 :        64 elements
Info    : 0.70 < quality < 0.80 :       186 elements
Info    : 0.80 < quality < 0.90 :       142 elements
Info    : 0.90 < quality < 1.00 :        33 elements
Info    : 3 edge swaps, 0 node relocations (volume = 0.256296): worst = 0.30395 / average = 0.757533 (Wall 8.37268e-05s, CPU 8.7e-05s)
Info    : No ill-shaped tets in the mesh :-)
Info    : 0.00 < quality < 0.10 :         0 elements
Info    : 0.10 < quality < 0.20 :         0 elements
Info    : 0.20 < quality < 0.30 :         0 elements
Info    : 0.30 < quality < 0.40 :         9 elements
Info    : 0.40 < quality < 0.50 :        12 elements
Info    : 0.50 < quality < 0.60 :        21 elements
Info    : 0.60 < quality < 0.70 :        65 elements
Info    : 0.70 < quality < 0.80 :       184 elements
Info    : 0.80 < quality < 0.90 :       144 elements
Info    : 0.90 < quality < 1.00 :        33 elements
Info    : Done optimizing mesh (Wall 0.0541174s, CPU 0.054117s)
Info    : 13435 nodes 67095 elements
Info    : Meshing order 2 (curvilinear on)...
Info    : [  0%] Meshing curve 1 order 2
Info    : [ 10%] Meshing curve 2 order 2
Info    : [ 20%] Meshing curve 3 order 2
Info    : [ 20%] Meshing curve 4 order 2
Info    : [ 30%] Meshing curve 5 order 2
Info    : [ 30%] Meshing curve 6 order 2
Info    : [ 40%] Meshing curve 7 order 2
Info    : [ 40%] Meshing curve 8 order 2
Info    : [ 50%] Meshing curve 9 order 2
Info    : [ 50%] Meshing curve 10 order 2
Info    : [ 60%] Meshing curve 11 order 2
Info    : [ 60%] Meshing curve 12 order 2
Info    : [ 70%] Meshing surface 1 order 2
Info    : [ 70%] Meshing surface 2 order 2
Info    : [ 80%] Meshing surface 3 order 2
Info    : [ 80%] Meshing surface 4 order 2
Info    : [ 90%] Meshing surface 5 order 2
Info    : [ 90%] Meshing surface 6 order 2
Info    : [100%] Meshing volume 1 order 2
Info    : [100%] Meshing volume 2 order 2
Info    : Surface mesh: worst distortion = 0.797589 (0 elements in ]0, 0.2]); worst gamma = 0.617848
Info    : Volume mesh: worst distortion = 0.25442 (0 elements in ]0, 0.2])
Info    : Done meshing order 2 (Wall 16.031s, CPU 16.0143s)
Info    : Writing '/home/user/mscr-mom/현서/scripts/contact_scenarios/fea/matv2_mesh_LM50_phiN90_b0_s50.inp'...
Info    : Done writing '/home/user/mscr-mom/현서/scripts/contact_scenarios/fea/matv2_mesh_LM50_phiN90_b0_s50.inp'
  [LM50_phiN90_b0] [실패] (726.9s)
[LM50_phiN90_b0 6/10] L_M=50.0, phi=-90.0, beta=0.0, s=60.0mm, push_depth=0.1mm ...
Info    : Meshing 1D...
Info    : [  0%] Meshing curve 1 (BSpline)
Info    : [ 10%] Meshing curve 2 (Ellipse)
Info    : [ 20%] Meshing curve 3 (Ellipse)
Info    : [ 30%] Meshing curve 4 (BSpline)
Info    : [ 40%] Meshing curve 5 (BSpline)
Info    : [ 50%] Meshing curve 6 (BSpline)
Info    : [ 60%] Meshing curve 7 (BSpline)
Info    : [ 60%] Meshing curve 8 (BSpline)
Info    : [ 70%] Meshing curve 9 (BSpline)
Info    : [ 90%] Meshing curve 11 (Circle)
Info    : Done meshing 1D (Wall 0.0241348s, CPU 0.024099s)
Info    : Meshing 2D...
Info    : [  0%] Meshing surface 1 (Plane, Frontal-Delaunay)
Info    : [ 20%] Meshing surface 2 (Plane, Frontal-Delaunay)
Info    : [ 40%] Meshing surface 3 (BSpline surface, Frontal-Delaunay)
Info    : [ 60%] Meshing surface 4 (BSpline surface, Frontal-Delaunay)
Info    : [ 70%] Meshing surface 5 (Plane, Frontal-Delaunay)
Info    : [ 90%] Meshing surface 6 (Sphere, Frontal-Delaunay)
Info    : Done meshing 2D (Wall 0.745802s, CPU 0.745498s)
Info    : Meshing 3D...
Info    : 3D Meshing 2 volumes with 2 connected components
Info    : Tetrahedrizing 12491 nodes...
Info    : Done tetrahedrizing 12499 nodes (Wall 0.138862s, CPU 0.130865s)
Info    : Reconstructing mesh...
Info    :  - Creating surface mesh
Info    :  - Identifying boundary edges
Info    :  - Recovering boundary
Info    : Done reconstructing mesh (Wall 0.324777s, CPU 0.306761s)
Info    : Found volume 1
Info    : It. 0 - 0 nodes created - worst tet radius 1.04258 (nodes removed 0 0)
Info    : 3D refinement terminated (13037 nodes total):
Info    :  - 0 Delaunay cavities modified for star shapeness
Info    :  - 0 nodes could not be inserted
Info    :  - 41183 tetrahedra created in 0.0196063 sec. (2100498 tets/s)
Info    : 0 node relocations
Info    : Tetrahedrizing 129 nodes...
Info    : Done tetrahedrizing 137 nodes (Wall 0.000723335s, CPU 0.000724s)
Info    : Reconstructing mesh...
Info    :  - Creating surface mesh
Info    :  - Identifying boundary edges
Info    :  - Recovering boundary
Info    : Done reconstructing mesh (Wall 0.00158549s, CPU 0.001586s)
Info    : Found volume 2
Info    : It. 0 - 0 nodes created - worst tet radius 2.98796 (nodes removed 0 0)
Info    : 3D refinement terminated (12699 nodes total):
Info    :  - 0 Delaunay cavities modified for star shapeness
Info    :  - 0 nodes could not be inserted
Info    :  - 471 tetrahedra created in 0.00231904 sec. (203101 tets/s)
Info    : 0 node relocations
Info    : Done meshing 3D (Wall 0.59837s, CPU 0.579339s)
Info    : Optimizing mesh...
Info    : Optimizing volume 1
Info    : Optimization starts (volume = 235.583) with worst = 0.00578957 / average = 0.679759:
Info    : 0.00 < quality < 0.10 :       164 elements
Info    : 0.10 < quality < 0.20 :       404 elements
Info    : 0.20 < quality < 0.30 :       601 elements
Info    : 0.30 < quality < 0.40 :       961 elements
Info    : 0.40 < quality < 0.50 :      1585 elements
Info    : 0.50 < quality < 0.60 :      3299 elements
Info    : 0.60 < quality < 0.70 :     10566 elements
Info    : 0.70 < quality < 0.80 :     20916 elements
Info    : 0.80 < quality < 0.90 :      1505 elements
Info    : 0.90 < quality < 1.00 :      1182 elements
Info    : 1123 edge swaps, 13 node relocations (volume = 235.583): worst = 0.156158 / average = 0.69504 (Wall 0.0133242s, CPU 0.013324s)
Info    : 1175 edge swaps, 15 node relocations (volume = 235.583): worst = 0.156158 / average = 0.695584 (Wall 0.0162598s, CPU 0.016261s)
Info    : No ill-shaped tets in the mesh :-)
Info    : 0.00 < quality < 0.10 :         0 elements
Info    : 0.10 < quality < 0.20 :         2 elements
Info    : 0.20 < quality < 0.30 :        24 elements
Info    : 0.30 < quality < 0.40 :       905 elements
Info    : 0.40 < quality < 0.50 :      1280 elements
Info    : 0.50 < quality < 0.60 :      3281 elements
Info    : 0.60 < quality < 0.70 :     11144 elements
Info    : 0.70 < quality < 0.80 :     20682 elements
Info    : 0.80 < quality < 0.90 :      1625 elements
Info    : 0.90 < quality < 1.00 :      1178 elements
Info    : Optimizing volume 2
Info    : Optimization starts (volume = 0.256296) with worst = 0.0801715 / average = 0.753162:
Info    : 0.00 < quality < 0.10 :         1 elements
Info    : 0.10 < quality < 0.20 :         0 elements
Info    : 0.20 < quality < 0.30 :         2 elements
Info    : 0.30 < quality < 0.40 :         9 elements
Info    : 0.40 < quality < 0.50 :        12 elements
Info    : 0.50 < quality < 0.60 :        22 elements
Info    : 0.60 < quality < 0.70 :        64 elements
Info    : 0.70 < quality < 0.80 :       186 elements
Info    : 0.80 < quality < 0.90 :       142 elements
Info    : 0.90 < quality < 1.00 :        33 elements
Info    : 3 edge swaps, 0 node relocations (volume = 0.256296): worst = 0.30395 / average = 0.757533 (Wall 7.99722e-05s, CPU 8e-05s)
Info    : No ill-shaped tets in the mesh :-)
Info    : 0.00 < quality < 0.10 :         0 elements
Info    : 0.10 < quality < 0.20 :         0 elements
Info    : 0.20 < quality < 0.30 :         0 elements
Info    : 0.30 < quality < 0.40 :         9 elements
Info    : 0.40 < quality < 0.50 :        12 elements
Info    : 0.50 < quality < 0.60 :        21 elements
Info    : 0.60 < quality < 0.70 :        65 elements
Info    : 0.70 < quality < 0.80 :       184 elements
Info    : 0.80 < quality < 0.90 :       144 elements
Info    : 0.90 < quality < 1.00 :        33 elements
Info    : Done optimizing mesh (Wall 0.0380943s, CPU 0.037171s)
Info    : 13435 nodes 67095 elements
Info    : Meshing order 2 (curvilinear on)...
Info    : [  0%] Meshing curve 1 order 2
Info    : [ 10%] Meshing curve 2 order 2
Info    : [ 20%] Meshing curve 3 order 2
Info    : [ 20%] Meshing curve 4 order 2
Info    : [ 30%] Meshing curve 5 order 2
Info    : [ 30%] Meshing curve 6 order 2
Info    : [ 40%] Meshing curve 7 order 2
Info    : [ 40%] Meshing curve 8 order 2
Info    : [ 50%] Meshing curve 9 order 2
Info    : [ 50%] Meshing curve 10 order 2
Info    : [ 60%] Meshing curve 11 order 2
Info    : [ 60%] Meshing curve 12 order 2
Info    : [ 70%] Meshing surface 1 order 2
Info    : [ 70%] Meshing surface 2 order 2
Info    : [ 80%] Meshing surface 3 order 2
Info    : [ 80%] Meshing surface 4 order 2
Info    : [ 90%] Meshing surface 5 order 2
Info    : [ 90%] Meshing surface 6 order 2
Info    : [100%] Meshing volume 1 order 2
Info    : [100%] Meshing volume 2 order 2
Info    : Surface mesh: worst distortion = 0.797589 (0 elements in ]0, 0.2]); worst gamma = 0.617848
Info    : Volume mesh: worst distortion = 0.25442 (0 elements in ]0, 0.2])
Info    : Done meshing order 2 (Wall 15.9579s, CPU 15.9446s)
Info    : Writing '/home/user/mscr-mom/현서/scripts/contact_scenarios/fea/matv2_mesh_LM50_phiN90_b0_s60.inp'...
Info    : Done writing '/home/user/mscr-mom/현서/scripts/contact_scenarios/fea/matv2_mesh_LM50_phiN90_b0_s60.inp'
  [LM50_phiN90_b0] [실패] (888.1s)
[LM50_phiN90_b0 7/10] L_M=50.0, phi=-90.0, beta=0.0, s=70.0mm, push_depth=0.1mm ...
Info    : Meshing 1D...
Info    : [  0%] Meshing curve 1 (BSpline)
Info    : [ 10%] Meshing curve 2 (Ellipse)
Info    : [ 20%] Meshing curve 3 (Ellipse)
Info    : [ 30%] Meshing curve 4 (BSpline)
Info    : [ 40%] Meshing curve 5 (BSpline)
Info    : [ 50%] Meshing curve 6 (BSpline)
Info    : [ 60%] Meshing curve 7 (BSpline)
Info    : [ 60%] Meshing curve 8 (BSpline)
Info    : [ 70%] Meshing curve 9 (BSpline)
Info    : [ 90%] Meshing curve 11 (Circle)
Info    : Done meshing 1D (Wall 0.0243229s, CPU 0.02425s)
Info    : Meshing 2D...
Info    : [  0%] Meshing surface 1 (Plane, Frontal-Delaunay)
Info    : [ 20%] Meshing surface 2 (Plane, Frontal-Delaunay)
Info    : [ 40%] Meshing surface 3 (BSpline surface, Frontal-Delaunay)
Info    : [ 60%] Meshing surface 4 (BSpline surface, Frontal-Delaunay)
Info    : [ 70%] Meshing surface 5 (Plane, Frontal-Delaunay)
Info    : [ 90%] Meshing surface 6 (Sphere, Frontal-Delaunay)
Info    : Done meshing 2D (Wall 0.731883s, CPU 0.731568s)
Info    : Meshing 3D...
Info    : 3D Meshing 2 volumes with 2 connected components
Info    : Tetrahedrizing 12491 nodes...
Info    : Done tetrahedrizing 12499 nodes (Wall 0.137186s, CPU 0.131177s)
Info    : Reconstructing mesh...
Info    :  - Creating surface mesh
Info    :  - Identifying boundary edges
Info    :  - Recovering boundary
Info    : Done reconstructing mesh (Wall 0.36475s, CPU 0.347709s)
Info    : Found volume 1
Info    : It. 0 - 0 nodes created - worst tet radius 1.04258 (nodes removed 0 0)
Info    : 3D refinement terminated (13037 nodes total):
Info    :  - 0 Delaunay cavities modified for star shapeness
Info    :  - 0 nodes could not be inserted
Info    :  - 41183 tetrahedra created in 0.0227866 sec. (1807334 tets/s)
Info    : 0 node relocations
Info    : Tetrahedrizing 129 nodes...
Info    : Done tetrahedrizing 137 nodes (Wall 0.000725096s, CPU 0.000725s)
Info    : Reconstructing mesh...
Info    :  - Creating surface mesh
Info    :  - Identifying boundary edges
Info    :  - Recovering boundary
Info    : Done reconstructing mesh (Wall 0.00160192s, CPU 0.001607s)
Info    : Found volume 2
Info    : It. 0 - 0 nodes created - worst tet radius 2.98796 (nodes removed 0 0)
Info    : 3D refinement terminated (12699 nodes total):
Info    :  - 0 Delaunay cavities modified for star shapeness
Info    :  - 0 nodes could not be inserted
Info    :  - 471 tetrahedra created in 0.00330261 sec. (142614 tets/s)
Info    : 0 node relocations
Info    : Done meshing 3D (Wall 0.67835s, CPU 0.661299s)
Info    : Optimizing mesh...
Info    : Optimizing volume 1
Info    : Optimization starts (volume = 235.583) with worst = 0.00578957 / average = 0.679759:
Info    : 0.00 < quality < 0.10 :       164 elements
Info    : 0.10 < quality < 0.20 :       404 elements
Info    : 0.20 < quality < 0.30 :       601 elements
Info    : 0.30 < quality < 0.40 :       961 elements
Info    : 0.40 < quality < 0.50 :      1585 elements
Info    : 0.50 < quality < 0.60 :      3299 elements
Info    : 0.60 < quality < 0.70 :     10566 elements
Info    : 0.70 < quality < 0.80 :     20916 elements
Info    : 0.80 < quality < 0.90 :      1505 elements
Info    : 0.90 < quality < 1.00 :      1182 elements
Info    : 1123 edge swaps, 13 node relocations (volume = 235.583): worst = 0.156158 / average = 0.69504 (Wall 0.0137923s, CPU 0.013792s)
Info    : 1175 edge swaps, 15 node relocations (volume = 235.583): worst = 0.156158 / average = 0.695584 (Wall 0.0170138s, CPU 0.017015s)
Info    : No ill-shaped tets in the mesh :-)
Info    : 0.00 < quality < 0.10 :         0 elements
Info    : 0.10 < quality < 0.20 :         2 elements
Info    : 0.20 < quality < 0.30 :        24 elements
Info    : 0.30 < quality < 0.40 :       905 elements
Info    : 0.40 < quality < 0.50 :      1280 elements
Info    : 0.50 < quality < 0.60 :      3281 elements
Info    : 0.60 < quality < 0.70 :     11144 elements
Info    : 0.70 < quality < 0.80 :     20682 elements
Info    : 0.80 < quality < 0.90 :      1625 elements
Info    : 0.90 < quality < 1.00 :      1178 elements
Info    : Optimizing volume 2
Info    : Optimization starts (volume = 0.256296) with worst = 0.0801715 / average = 0.753162:
Info    : 0.00 < quality < 0.10 :         1 elements
Info    : 0.10 < quality < 0.20 :         0 elements
Info    : 0.20 < quality < 0.30 :         2 elements
Info    : 0.30 < quality < 0.40 :         9 elements
Info    : 0.40 < quality < 0.50 :        12 elements
Info    : 0.50 < quality < 0.60 :        22 elements
Info    : 0.60 < quality < 0.70 :        64 elements
Info    : 0.70 < quality < 0.80 :       186 elements
Info    : 0.80 < quality < 0.90 :       142 elements
Info    : 0.90 < quality < 1.00 :        33 elements
Info    : 3 edge swaps, 0 node relocations (volume = 0.256296): worst = 0.30395 / average = 0.757533 (Wall 8.50591e-05s, CPU 8.7e-05s)
Info    : No ill-shaped tets in the mesh :-)
Info    : 0.00 < quality < 0.10 :         0 elements
Info    : 0.10 < quality < 0.20 :         0 elements
Info    : 0.20 < quality < 0.30 :         0 elements
Info    : 0.30 < quality < 0.40 :         9 elements
Info    : 0.40 < quality < 0.50 :        12 elements
Info    : 0.50 < quality < 0.60 :        21 elements
Info    : 0.60 < quality < 0.70 :        65 elements
Info    : 0.70 < quality < 0.80 :       184 elements
Info    : 0.80 < quality < 0.90 :       144 elements
Info    : 0.90 < quality < 1.00 :        33 elements
Info    : Done optimizing mesh (Wall 0.0469266s, CPU 0.046926s)
Info    : 13435 nodes 67095 elements
Info    : Meshing order 2 (curvilinear on)...
Info    : [  0%] Meshing curve 1 order 2
Info    : [ 10%] Meshing curve 2 order 2
Info    : [ 20%] Meshing curve 3 order 2
Info    : [ 20%] Meshing curve 4 order 2
Info    : [ 30%] Meshing curve 5 order 2
Info    : [ 30%] Meshing curve 6 order 2
Info    : [ 40%] Meshing curve 7 order 2
Info    : [ 40%] Meshing curve 8 order 2
Info    : [ 50%] Meshing curve 9 order 2
Info    : [ 50%] Meshing curve 10 order 2
Info    : [ 60%] Meshing curve 11 order 2
Info    : [ 60%] Meshing curve 12 order 2
Info    : [ 70%] Meshing surface 1 order 2
Info    : [ 70%] Meshing surface 2 order 2
Info    : [ 80%] Meshing surface 3 order 2
Info    : [ 80%] Meshing surface 4 order 2
Info    : [ 90%] Meshing surface 5 order 2
Info    : [ 90%] Meshing surface 6 order 2
Info    : [100%] Meshing volume 1 order 2
Info    : [100%] Meshing volume 2 order 2
Info    : Surface mesh: worst distortion = 0.797589 (0 elements in ]0, 0.2]); worst gamma = 0.617848
Info    : Volume mesh: worst distortion = 0.25442 (0 elements in ]0, 0.2])
Info    : Done meshing order 2 (Wall 16.2012s, CPU 16.1841s)
Info    : Writing '/home/user/mscr-mom/현서/scripts/contact_scenarios/fea/matv2_mesh_LM50_phiN90_b0_s70.inp'...
Info    : Done writing '/home/user/mscr-mom/현서/scripts/contact_scenarios/fea/matv2_mesh_LM50_phiN90_b0_s70.inp'
  [LM50_phiN90_b0] [실패] (441.6s)
[LM50_phiN90_b0 8/10] L_M=50.0, phi=-90.0, beta=0.0, s=80.0mm, push_depth=0.1mm ...
Info    : Meshing 1D...
Info    : [  0%] Meshing curve 1 (BSpline)
Info    : [ 10%] Meshing curve 2 (Ellipse)
Info    : [ 20%] Meshing curve 3 (Ellipse)
Info    : [ 30%] Meshing curve 4 (BSpline)
Info    : [ 40%] Meshing curve 5 (BSpline)
Info    : [ 50%] Meshing curve 6 (BSpline)
Info    : [ 60%] Meshing curve 7 (BSpline)
Info    : [ 60%] Meshing curve 8 (BSpline)
Info    : [ 70%] Meshing curve 9 (BSpline)
Info    : [ 90%] Meshing curve 11 (Circle)
Info    : Done meshing 1D (Wall 0.024144s, CPU 0.024142s)
Info    : Meshing 2D...
Info    : [  0%] Meshing surface 1 (Plane, Frontal-Delaunay)
Info    : [ 20%] Meshing surface 2 (Plane, Frontal-Delaunay)
Info    : [ 40%] Meshing surface 3 (BSpline surface, Frontal-Delaunay)
Info    : [ 60%] Meshing surface 4 (BSpline surface, Frontal-Delaunay)
Info    : [ 70%] Meshing surface 5 (Plane, Frontal-Delaunay)
Info    : [ 90%] Meshing surface 6 (Sphere, Frontal-Delaunay)
Info    : Done meshing 2D (Wall 0.740132s, CPU 0.740057s)
Info    : Meshing 3D...
Info    : 3D Meshing 2 volumes with 2 connected components
Info    : Tetrahedrizing 12491 nodes...
Info    : Done tetrahedrizing 12499 nodes (Wall 0.139754s, CPU 0.13354s)
Info    : Reconstructing mesh...
Info    :  - Creating surface mesh
Info    :  - Identifying boundary edges
Info    :  - Recovering boundary
Info    : Done reconstructing mesh (Wall 0.366131s, CPU 0.351918s)
Info    : Found volume 1
Info    : It. 0 - 0 nodes created - worst tet radius 1.04258 (nodes removed 0 0)
Info    : 3D refinement terminated (13037 nodes total):
Info    :  - 0 Delaunay cavities modified for star shapeness
Info    :  - 0 nodes could not be inserted
Info    :  - 41183 tetrahedra created in 0.0216849 sec. (1899158 tets/s)
Info    : 0 node relocations
Info    : Tetrahedrizing 129 nodes...
Info    : Done tetrahedrizing 137 nodes (Wall 0.000723294s, CPU 0.000724s)
Info    : Reconstructing mesh...
Info    :  - Creating surface mesh
Info    :  - Identifying boundary edges
Info    :  - Recovering boundary
Info    : Done reconstructing mesh (Wall 0.00159525s, CPU 0.001599s)
Info    : Found volume 2
Info    : It. 0 - 0 nodes created - worst tet radius 2.98796 (nodes removed 0 0)
Info    : 3D refinement terminated (12699 nodes total):
Info    :  - 0 Delaunay cavities modified for star shapeness
Info    :  - 0 nodes could not be inserted
Info    :  - 471 tetrahedra created in 0.00312443 sec. (150747 tets/s)
Info    : 0 node relocations
Info    : Done meshing 3D (Wall 0.669025s, CPU 0.653794s)
Info    : Optimizing mesh...
Info    : Optimizing volume 1
Info    : Optimization starts (volume = 235.583) with worst = 0.00578957 / average = 0.679759:
Info    : 0.00 < quality < 0.10 :       164 elements
Info    : 0.10 < quality < 0.20 :       404 elements
Info    : 0.20 < quality < 0.30 :       601 elements
Info    : 0.30 < quality < 0.40 :       961 elements
Info    : 0.40 < quality < 0.50 :      1585 elements
Info    : 0.50 < quality < 0.60 :      3299 elements
Info    : 0.60 < quality < 0.70 :     10566 elements
Info    : 0.70 < quality < 0.80 :     20916 elements
Info    : 0.80 < quality < 0.90 :      1505 elements
Info    : 0.90 < quality < 1.00 :      1182 elements
Info    : 1123 edge swaps, 13 node relocations (volume = 235.583): worst = 0.156158 / average = 0.69504 (Wall 0.0154709s, CPU 0.015471s)
Info    : 1175 edge swaps, 15 node relocations (volume = 235.583): worst = 0.156158 / average = 0.695584 (Wall 0.0189796s, CPU 0.018981s)
Info    : No ill-shaped tets in the mesh :-)
Info    : 0.00 < quality < 0.10 :         0 elements
Info    : 0.10 < quality < 0.20 :         2 elements
Info    : 0.20 < quality < 0.30 :        24 elements
Info    : 0.30 < quality < 0.40 :       905 elements
Info    : 0.40 < quality < 0.50 :      1280 elements
Info    : 0.50 < quality < 0.60 :      3281 elements
Info    : 0.60 < quality < 0.70 :     11144 elements
Info    : 0.70 < quality < 0.80 :     20682 elements
Info    : 0.80 < quality < 0.90 :      1625 elements
Info    : 0.90 < quality < 1.00 :      1178 elements
Info    : Optimizing volume 2
Info    : Optimization starts (volume = 0.256296) with worst = 0.0801715 / average = 0.753162:
Info    : 0.00 < quality < 0.10 :         1 elements
Info    : 0.10 < quality < 0.20 :         0 elements
Info    : 0.20 < quality < 0.30 :         2 elements
Info    : 0.30 < quality < 0.40 :         9 elements
Info    : 0.40 < quality < 0.50 :        12 elements
Info    : 0.50 < quality < 0.60 :        22 elements
Info    : 0.60 < quality < 0.70 :        64 elements
Info    : 0.70 < quality < 0.80 :       186 elements
Info    : 0.80 < quality < 0.90 :       142 elements
Info    : 0.90 < quality < 1.00 :        33 elements
Info    : 3 edge swaps, 0 node relocations (volume = 0.256296): worst = 0.30395 / average = 0.757533 (Wall 9.25511e-05s, CPU 9.4e-05s)
Info    : No ill-shaped tets in the mesh :-)
Info    : 0.00 < quality < 0.10 :         0 elements
Info    : 0.10 < quality < 0.20 :         0 elements
Info    : 0.20 < quality < 0.30 :         0 elements
Info    : 0.30 < quality < 0.40 :         9 elements
Info    : 0.40 < quality < 0.50 :        12 elements
Info    : 0.50 < quality < 0.60 :        21 elements
Info    : 0.60 < quality < 0.70 :        65 elements
Info    : 0.70 < quality < 0.80 :       184 elements
Info    : 0.80 < quality < 0.90 :       144 elements
Info    : 0.90 < quality < 1.00 :        33 elements
Info    : Done optimizing mesh (Wall 0.0428418s, CPU 0.04284s)
Info    : 13435 nodes 67095 elements
Info    : Meshing order 2 (curvilinear on)...
Info    : [  0%] Meshing curve 1 order 2
Info    : [ 10%] Meshing curve 2 order 2
Info    : [ 20%] Meshing curve 3 order 2
Info    : [ 20%] Meshing curve 4 order 2
Info    : [ 30%] Meshing curve 5 order 2
Info    : [ 30%] Meshing curve 6 order 2
Info    : [ 40%] Meshing curve 7 order 2
Info    : [ 40%] Meshing curve 8 order 2
Info    : [ 50%] Meshing curve 9 order 2
Info    : [ 50%] Meshing curve 10 order 2
Info    : [ 60%] Meshing curve 11 order 2
Info    : [ 60%] Meshing curve 12 order 2
Info    : [ 70%] Meshing surface 1 order 2
Info    : [ 70%] Meshing surface 2 order 2
Info    : [ 80%] Meshing surface 3 order 2
Info    : [ 80%] Meshing surface 4 order 2
Info    : [ 90%] Meshing surface 5 order 2
Info    : [ 90%] Meshing surface 6 order 2
Info    : [100%] Meshing volume 1 order 2
Info    : [100%] Meshing volume 2 order 2
Info    : Surface mesh: worst distortion = 0.797589 (0 elements in ]0, 0.2]); worst gamma = 0.617848
Info    : Volume mesh: worst distortion = 0.25442 (0 elements in ]0, 0.2])
Info    : Done meshing order 2 (Wall 15.9104s, CPU 15.8875s)
Info    : Writing '/home/user/mscr-mom/현서/scripts/contact_scenarios/fea/matv2_mesh_LM50_phiN90_b0_s80.inp'...
Info    : Done writing '/home/user/mscr-mom/현서/scripts/contact_scenarios/fea/matv2_mesh_LM50_phiN90_b0_s80.inp'
  [LM50_phiN90_b0] [실패] (387.7s)
[LM50_phiN90_b0 9/10] L_M=50.0, phi=-90.0, beta=0.0, s=90.0mm, push_depth=0.1mm ...
Info    : Meshing 1D...
Info    : [  0%] Meshing curve 1 (BSpline)
Info    : [ 10%] Meshing curve 2 (Ellipse)
Info    : [ 20%] Meshing curve 3 (Ellipse)
Info    : [ 30%] Meshing curve 4 (BSpline)
Info    : [ 40%] Meshing curve 5 (BSpline)
Info    : [ 50%] Meshing curve 6 (BSpline)
Info    : [ 60%] Meshing curve 7 (BSpline)
Info    : [ 60%] Meshing curve 8 (BSpline)
Info    : [ 70%] Meshing curve 9 (BSpline)
Info    : [ 90%] Meshing curve 11 (Circle)
Info    : Done meshing 1D (Wall 0.0293941s, CPU 0.02939s)
Info    : Meshing 2D...
Info    : [  0%] Meshing surface 1 (Plane, Frontal-Delaunay)
Info    : [ 20%] Meshing surface 2 (Plane, Frontal-Delaunay)
Info    : [ 40%] Meshing surface 3 (BSpline surface, Frontal-Delaunay)
Info    : [ 60%] Meshing surface 4 (BSpline surface, Frontal-Delaunay)
Info    : [ 70%] Meshing surface 5 (Plane, Frontal-Delaunay)
Info    : [ 90%] Meshing surface 6 (Sphere, Frontal-Delaunay)
Info    : Done meshing 2D (Wall 0.770992s, CPU 0.770085s)
Info    : Meshing 3D...
Info    : 3D Meshing 2 volumes with 2 connected components
Info    : Tetrahedrizing 12491 nodes...
Info    : Done tetrahedrizing 12499 nodes (Wall 0.139534s, CPU 0.133538s)
Info    : Reconstructing mesh...
Info    :  - Creating surface mesh
Info    :  - Identifying boundary edges
Info    :  - Recovering boundary
Info    : Done reconstructing mesh (Wall 0.360106s, CPU 0.351112s)
Info    : Found volume 1
Info    : It. 0 - 0 nodes created - worst tet radius 1.04258 (nodes removed 0 0)
Info    : 3D refinement terminated (13042 nodes total):
Info    :  - 0 Delaunay cavities modified for star shapeness
Info    :  - 0 nodes could not be inserted
Info    :  - 41183 tetrahedra created in 0.0189182 sec. (2176895 tets/s)
Info    : 0 node relocations
Info    : Tetrahedrizing 134 nodes...
Info    : Done tetrahedrizing 142 nodes (Wall 0.000707981s, CPU 0.000708s)
Info    : Reconstructing mesh...
Info    :  - Creating surface mesh
Info    :  - Identifying boundary edges
Info    :  - Recovering boundary
Info    : Done reconstructing mesh (Wall 0.00158475s, CPU 0.001588s)
Info    : Found volume 2
Info    : It. 0 - 0 nodes created - worst tet radius 3.13507 (nodes removed 0 0)
Info    : 3D refinement terminated (12704 nodes total):
Info    :  - 0 Delaunay cavities modified for star shapeness
Info    :  - 0 nodes could not be inserted
Info    :  - 480 tetrahedra created in 0.0022125 sec. (216949 tets/s)
Info    : 0 node relocations
Info    : Done meshing 3D (Wall 0.651131s, CPU 0.642112s)
Info    : Optimizing mesh...
Info    : Optimizing volume 1
Info    : Optimization starts (volume = 235.583) with worst = 0.00578957 / average = 0.679759:
Info    : 0.00 < quality < 0.10 :       164 elements
Info    : 0.10 < quality < 0.20 :       404 elements
Info    : 0.20 < quality < 0.30 :       601 elements
Info    : 0.30 < quality < 0.40 :       961 elements
Info    : 0.40 < quality < 0.50 :      1585 elements
Info    : 0.50 < quality < 0.60 :      3299 elements
Info    : 0.60 < quality < 0.70 :     10566 elements
Info    : 0.70 < quality < 0.80 :     20916 elements
Info    : 0.80 < quality < 0.90 :      1505 elements
Info    : 0.90 < quality < 1.00 :      1182 elements
Info    : 1123 edge swaps, 13 node relocations (volume = 235.583): worst = 0.156158 / average = 0.69504 (Wall 0.0128959s, CPU 0.012896s)
Info    : 1175 edge swaps, 15 node relocations (volume = 235.583): worst = 0.156158 / average = 0.695584 (Wall 0.0155809s, CPU 0.015581s)
Info    : No ill-shaped tets in the mesh :-)
Info    : 0.00 < quality < 0.10 :         0 elements
Info    : 0.10 < quality < 0.20 :         2 elements
Info    : 0.20 < quality < 0.30 :        24 elements
Info    : 0.30 < quality < 0.40 :       905 elements
Info    : 0.40 < quality < 0.50 :      1280 elements
Info    : 0.50 < quality < 0.60 :      3281 elements
Info    : 0.60 < quality < 0.70 :     11144 elements
Info    : 0.70 < quality < 0.80 :     20682 elements
Info    : 0.80 < quality < 0.90 :      1625 elements
Info    : 0.90 < quality < 1.00 :      1178 elements
Info    : Optimizing volume 2
Info    : Optimization starts (volume = 0.25671) with worst = 0.0683692 / average = 0.752447:
Info    : 0.00 < quality < 0.10 :         1 elements
Info    : 0.10 < quality < 0.20 :         0 elements
Info    : 0.20 < quality < 0.30 :         4 elements
Info    : 0.30 < quality < 0.40 :         1 elements
Info    : 0.40 < quality < 0.50 :        16 elements
Info    : 0.50 < quality < 0.60 :        26 elements
Info    : 0.60 < quality < 0.70 :        77 elements
Info    : 0.70 < quality < 0.80 :       178 elements
Info    : 0.80 < quality < 0.90 :       137 elements
Info    : 0.90 < quality < 1.00 :        40 elements
Info    : 5 edge swaps, 1 node relocations (volume = 0.25671): worst = 0.309802 / average = 0.758514 (Wall 9.63169e-05s, CPU 9.7e-05s)
Info    : No ill-shaped tets in the mesh :-)
Info    : 0.00 < quality < 0.10 :         0 elements
Info    : 0.10 < quality < 0.20 :         0 elements
Info    : 0.20 < quality < 0.30 :         0 elements
Info    : 0.30 < quality < 0.40 :         2 elements
Info    : 0.40 < quality < 0.50 :        14 elements
Info    : 0.50 < quality < 0.60 :        25 elements
Info    : 0.60 < quality < 0.70 :        79 elements
Info    : 0.70 < quality < 0.80 :       178 elements
Info    : 0.80 < quality < 0.90 :       137 elements
Info    : 0.90 < quality < 1.00 :        41 elements
Info    : Done optimizing mesh (Wall 0.0370446s, CPU 0.037042s)
Info    : 13440 nodes 67113 elements
Info    : Meshing order 2 (curvilinear on)...
Info    : [  0%] Meshing curve 1 order 2
Info    : [ 10%] Meshing curve 2 order 2
Info    : [ 20%] Meshing curve 3 order 2
Info    : [ 20%] Meshing curve 4 order 2
Info    : [ 30%] Meshing curve 5 order 2
Info    : [ 30%] Meshing curve 6 order 2
Info    : [ 40%] Meshing curve 7 order 2
Info    : [ 40%] Meshing curve 8 order 2
Info    : [ 50%] Meshing curve 9 order 2
Info    : [ 50%] Meshing curve 10 order 2
Info    : [ 60%] Meshing curve 11 order 2
Info    : [ 60%] Meshing curve 12 order 2
Info    : [ 70%] Meshing surface 1 order 2
Info    : [ 70%] Meshing surface 2 order 2
Info    : [ 80%] Meshing surface 3 order 2
Info    : [ 80%] Meshing surface 4 order 2
Info    : [ 90%] Meshing surface 5 order 2
Info    : [ 90%] Meshing surface 6 order 2
Info    : [100%] Meshing volume 1 order 2
Info    : [100%] Meshing volume 2 order 2
Info    : Surface mesh: worst distortion = 0.797589 (0 elements in ]0, 0.2]); worst gamma = 0.580117
Info    : Volume mesh: worst distortion = 0.25442 (0 elements in ]0, 0.2])
Info    : Done meshing order 2 (Wall 15.6406s, CPU 15.6199s)
Info    : Writing '/home/user/mscr-mom/현서/scripts/contact_scenarios/fea/matv2_mesh_LM50_phiN90_b0_s90.inp'...
Info    : Done writing '/home/user/mscr-mom/현서/scripts/contact_scenarios/fea/matv2_mesh_LM50_phiN90_b0_s90.inp'
  [LM50_phiN90_b0] F_mag=0.0003mN  (258.2s)
[LM50_phiN90_b0 10/10] L_M=50.0, phi=-90.0, beta=0.0, s=100.0mm, push_depth=0.1mm ...
Info    : Meshing 1D...
Info    : [  0%] Meshing curve 1 (BSpline)
Info    : [ 10%] Meshing curve 2 (Ellipse)
Info    : [ 20%] Meshing curve 3 (Ellipse)
Info    : [ 30%] Meshing curve 4 (BSpline)
Info    : [ 40%] Meshing curve 5 (BSpline)
Info    : [ 50%] Meshing curve 6 (BSpline)
Info    : [ 60%] Meshing curve 7 (BSpline)
Info    : [ 60%] Meshing curve 8 (BSpline)
Info    : [ 70%] Meshing curve 9 (BSpline)
Info    : [ 90%] Meshing curve 11 (Circle)
Info    : Done meshing 1D (Wall 0.0255676s, CPU 0.025551s)
Info    : Meshing 2D...
Info    : [  0%] Meshing surface 1 (Plane, Frontal-Delaunay)
Info    : [ 20%] Meshing surface 2 (Plane, Frontal-Delaunay)
Info    : [ 40%] Meshing surface 3 (BSpline surface, Frontal-Delaunay)
Info    : [ 60%] Meshing surface 4 (BSpline surface, Frontal-Delaunay)
Info    : [ 70%] Meshing surface 5 (Plane, Frontal-Delaunay)
Info    : [ 90%] Meshing surface 6 (Sphere, Frontal-Delaunay)
Info    : Done meshing 2D (Wall 0.798687s, CPU 0.79764s)
Info    : Meshing 3D...
Info    : 3D Meshing 2 volumes with 2 connected components
Info    : Tetrahedrizing 12491 nodes...
Info    : Done tetrahedrizing 12499 nodes (Wall 0.155434s, CPU 0.141879s)
Info    : Reconstructing mesh...
Info    :  - Creating surface mesh
Info    :  - Identifying boundary edges
Info    :  - Recovering boundary
Info    : Done reconstructing mesh (Wall 0.390395s, CPU 0.366841s)
Info    : Found volume 1
Info    : It. 0 - 0 nodes created - worst tet radius 1.04258 (nodes removed 0 0)
Info    : 3D refinement terminated (13038 nodes total):
Info    :  - 0 Delaunay cavities modified for star shapeness
Info    :  - 0 nodes could not be inserted
Info    :  - 41183 tetrahedra created in 0.0161026 sec. (2557539 tets/s)
Info    : 0 node relocations
Info    : Tetrahedrizing 130 nodes...
Info    : Done tetrahedrizing 138 nodes (Wall 0.000689563s, CPU 0.00069s)
Info    : Reconstructing mesh...
Info    :  - Creating surface mesh
Info    :  - Identifying boundary edges
Info    :  - Recovering boundary
Info    : Done reconstructing mesh (Wall 0.0018005s, CPU 0.001804s)
Info    : Found volume 2
Info    : It. 0 - 0 nodes created - worst tet radius 3.12124 (nodes removed 0 0)
Info    : 3D refinement terminated (12703 nodes total):
Info    :  - 2 Delaunay cavities modified for star shapeness
Info    :  - 0 nodes could not be inserted
Info    :  - 501 tetrahedra created in 0.00220302 sec. (227415 tets/s)
Info    : 0 node relocations
Info    : Done meshing 3D (Wall 0.657136s, CPU 0.63357s)
Info    : Optimizing mesh...
Info    : Optimizing volume 1
Info    : Optimization starts (volume = 235.583) with worst = 0.00578957 / average = 0.679759:
Info    : 0.00 < quality < 0.10 :       164 elements
Info    : 0.10 < quality < 0.20 :       404 elements
Info    : 0.20 < quality < 0.30 :       601 elements
Info    : 0.30 < quality < 0.40 :       961 elements
Info    : 0.40 < quality < 0.50 :      1585 elements
Info    : 0.50 < quality < 0.60 :      3299 elements
Info    : 0.60 < quality < 0.70 :     10566 elements
Info    : 0.70 < quality < 0.80 :     20916 elements
Info    : 0.80 < quality < 0.90 :      1505 elements
Info    : 0.90 < quality < 1.00 :      1182 elements
Info    : 1123 edge swaps, 13 node relocations (volume = 235.583): worst = 0.156158 / average = 0.69504 (Wall 0.0121861s, CPU 0.012187s)
Info    : 1175 edge swaps, 15 node relocations (volume = 235.583): worst = 0.156158 / average = 0.695584 (Wall 0.0146398s, CPU 0.014643s)
Info    : No ill-shaped tets in the mesh :-)
Info    : 0.00 < quality < 0.10 :         0 elements
Info    : 0.10 < quality < 0.20 :         2 elements
Info    : 0.20 < quality < 0.30 :        24 elements
Info    : 0.30 < quality < 0.40 :       905 elements
Info    : 0.40 < quality < 0.50 :      1280 elements
Info    : 0.50 < quality < 0.60 :      3281 elements
Info    : 0.60 < quality < 0.70 :     11144 elements
Info    : 0.70 < quality < 0.80 :     20682 elements
Info    : 0.80 < quality < 0.90 :      1625 elements
Info    : 0.90 < quality < 1.00 :      1178 elements
Info    : Optimizing volume 2
Info    : Optimization starts (volume = 0.256145) with worst = 0.0362135 / average = 0.746421:
Info    : 0.00 < quality < 0.10 :         1 elements
Info    : 0.10 < quality < 0.20 :         2 elements
Info    : 0.20 < quality < 0.30 :         5 elements
Info    : 0.30 < quality < 0.40 :        14 elements
Info    : 0.40 < quality < 0.50 :        16 elements
Info    : 0.50 < quality < 0.60 :        23 elements
Info    : 0.60 < quality < 0.70 :        64 elements
Info    : 0.70 < quality < 0.80 :       192 elements
Info    : 0.80 < quality < 0.90 :       141 elements
Info    : 0.90 < quality < 1.00 :        43 elements
Info    : 7 edge swaps, 1 node relocations (volume = 0.256145): worst = 0.27939 / average = 0.755308 (Wall 0.000122337s, CPU 0.000123s)
Info    : No ill-shaped tets in the mesh :-)
Info    : 0.00 < quality < 0.10 :         0 elements
Info    : 0.10 < quality < 0.20 :         0 elements
Info    : 0.20 < quality < 0.30 :         1 elements
Info    : 0.30 < quality < 0.40 :        13 elements
Info    : 0.40 < quality < 0.50 :        14 elements
Info    : 0.50 < quality < 0.60 :        23 elements
Info    : 0.60 < quality < 0.70 :        68 elements
Info    : 0.70 < quality < 0.80 :       192 elements
Info    : 0.80 < quality < 0.90 :       140 elements
Info    : 0.90 < quality < 1.00 :        44 elements
Info    : Done optimizing mesh (Wall 0.0370691s, CPU 0.037069s)
Info    : 13439 nodes 67124 elements
Info    : Meshing order 2 (curvilinear on)...
Info    : [  0%] Meshing curve 1 order 2
Info    : [ 10%] Meshing curve 2 order 2
Info    : [ 20%] Meshing curve 3 order 2
Info    : [ 20%] Meshing curve 4 order 2
Info    : [ 30%] Meshing curve 5 order 2
Info    : [ 30%] Meshing curve 6 order 2
Info    : [ 40%] Meshing curve 7 order 2
Info    : [ 40%] Meshing curve 8 order 2
Info    : [ 50%] Meshing curve 9 order 2
Info    : [ 50%] Meshing curve 10 order 2
Info    : [ 60%] Meshing curve 11 order 2
Info    : [ 60%] Meshing curve 12 order 2
Info    : [ 70%] Meshing surface 1 order 2
Info    : [ 70%] Meshing surface 2 order 2
Info    : [ 80%] Meshing surface 3 order 2
Info    : [ 80%] Meshing surface 4 order 2
Info    : [ 90%] Meshing surface 5 order 2
Info    : [ 90%] Meshing surface 6 order 2
Info    : [100%] Meshing volume 1 order 2
Info    : [100%] Meshing volume 2 order 2
Info    : Surface mesh: worst distortion = 0.797589 (0 elements in ]0, 0.2]); worst gamma = 0.232905
Info    : Volume mesh: worst distortion = 0.25442 (0 elements in ]0, 0.2])
Info    : Done meshing order 2 (Wall 16.5971s, CPU 16.59s)
Info    : Writing '/home/user/mscr-mom/현서/scripts/contact_scenarios/fea/matv2_mesh_LM50_phiN90_b0_s100.inp'...
Info    : Done writing '/home/user/mscr-mom/현서/scripts/contact_scenarios/fea/matv2_mesh_LM50_phiN90_b0_s100.inp'
  [LM50_phiN90_b0] [실패] (748.2s)
[LM50_phiN90_b0] 완료: 3/10 성공
