[PHS375_phiP120_b0 1/9] L_M=37.5, phi=120.0, beta=0.0, s=15.0mm, push_depth=0.1mm ...
Info    : Meshing 1D...
Info    : [  0%] Meshing curve 1 (BSpline)
Info    : [ 10%] Meshing curve 2 (Ellipse)
Info    : [ 20%] Meshing curve 3 (Ellipse)
Info    : [ 30%] Meshing curve 4 (BSpline)
Info    : [ 40%] Meshing curve 5 (BSpline)
Info    : [ 50%] Meshing curve 6 (BSpline)
Info    : [ 60%] Meshing curve 7 (BSpline)
Info    : [ 60%] Meshing curve 8 (BSpline)
Info    : [ 70%] Meshing curve 9 (BSpline)
Info    : [ 90%] Meshing curve 11 (Circle)
Info    : Done meshing 1D (Wall 0.0473188s, CPU 0.046348s)
Info    : Meshing 2D...
Info    : [  0%] Meshing surface 1 (Plane, Frontal-Delaunay)
Info    : [ 20%] Meshing surface 2 (Plane, Frontal-Delaunay)
Info    : [ 40%] Meshing surface 3 (BSpline surface, Frontal-Delaunay)
Info    : [ 60%] Meshing surface 4 (BSpline surface, Frontal-Delaunay)
Info    : [ 70%] Meshing surface 5 (Plane, Frontal-Delaunay)
Info    : [ 90%] Meshing surface 6 (Sphere, Frontal-Delaunay)
Info    : Done meshing 2D (Wall 1.44534s, CPU 1.4402s)
Info    : Meshing 3D...
Info    : 3D Meshing 2 volumes with 2 connected components
Info    : Tetrahedrizing 12545 nodes...
Info    : Done tetrahedrizing 12553 nodes (Wall 0.217909s, CPU 0.200905s)
Info    : Reconstructing mesh...
Info    :  - Creating surface mesh
Info    :  - Identifying boundary edges
Info    :  - Recovering boundary
Info    : Done reconstructing mesh (Wall 0.526051s, CPU 0.463724s)
Info    : Found volume 1
Info    : It. 0 - 0 nodes created - worst tet radius 1.06811 (nodes removed 0 0)
Info    : It. 500 - 500 nodes created - worst tet radius 1.00005 (nodes removed 0 0)
Info    : 3D refinement terminated (13235 nodes total):
Info    :  - 0 Delaunay cavities modified for star shapeness
Info    :  - 0 nodes could not be inserted
Info    :  - 42466 tetrahedra created in 0.0477829 sec. (888728 tets/s)
Info    : 0 node relocations
Info    : Tetrahedrizing 131 nodes...
Info    : Done tetrahedrizing 139 nodes (Wall 0.00108737s, CPU 0.001073s)
Info    : Reconstructing mesh...
Info    :  - Creating surface mesh
Info    :  - Identifying boundary edges
Info    :  - Recovering boundary
Info    : Done reconstructing mesh (Wall 0.00302795s, CPU 0.002811s)
Info    : Found volume 2
Info    : It. 0 - 0 nodes created - worst tet radius 3.10188 (nodes removed 0 0)
Info    : 3D refinement terminated (12755 nodes total):
Info    :  - 0 Delaunay cavities modified for star shapeness
Info    :  - 0 nodes could not be inserted
Info    :  - 477 tetrahedra created in 0.00918308 sec. (51943 tets/s)
Info    : 0 node relocations
Info    : Done meshing 3D (Wall 1.0722s, CPU 0.992938s)
Info    : Optimizing mesh...
Info    : Optimizing volume 1
Info    : Optimization starts (volume = 235.621) with worst = 0.0020907 / average = 0.679792:
Info    : 0.00 < quality < 0.10 :       219 elements
Info    : 0.10 < quality < 0.20 :       404 elements
Info    : 0.20 < quality < 0.30 :       736 elements
Info    : 0.30 < quality < 0.40 :       930 elements
Info    : 0.40 < quality < 0.50 :      1348 elements
Info    : 0.50 < quality < 0.60 :      4008 elements
Info    : 0.60 < quality < 0.70 :     11243 elements
Info    : 0.70 < quality < 0.80 :     19988 elements
Info    : 0.80 < quality < 0.90 :      1986 elements
Info    : 0.90 < quality < 1.00 :      1604 elements
Info    : 1290 edge swaps, 14 node relocations (volume = 235.621): worst = 0.118555 / average = 0.697031 (Wall 0.0359829s, CPU 0.035559s)
Info    : 1353 edge swaps, 14 node relocations (volume = 235.621): worst = 0.120931 / average = 0.697709 (Wall 0.0450721s, CPU 0.044512s)
Info    : 1354 edge swaps, 14 node relocations (volume = 235.621): worst = 0.120931 / average = 0.69772 (Wall 0.0546447s, CPU 0.053976s)
Info    : No ill-shaped tets in the mesh :-)
Info    : 0.00 < quality < 0.10 :         0 elements
Info    : 0.10 < quality < 0.20 :         5 elements
Info    : 0.20 < quality < 0.30 :        24 elements
Info    : 0.30 < quality < 0.40 :       789 elements
Info    : 0.40 < quality < 0.50 :      1128 elements
Info    : 0.50 < quality < 0.60 :      4077 elements
Info    : 0.60 < quality < 0.70 :     11728 elements
Info    : 0.70 < quality < 0.80 :     19717 elements
Info    : 0.80 < quality < 0.90 :      2173 elements
Info    : 0.90 < quality < 1.00 :      1616 elements
Info    : Optimizing volume 2
Info    : Optimization starts (volume = 0.25645) with worst = 0.0360455 / average = 0.745926:
Info    : 0.00 < quality < 0.10 :         1 elements
Info    : 0.10 < quality < 0.20 :         3 elements
Info    : 0.20 < quality < 0.30 :         2 elements
Info    : 0.30 < quality < 0.40 :        11 elements
Info    : 0.40 < quality < 0.50 :        10 elements
Info    : 0.50 < quality < 0.60 :        20 elements
Info    : 0.60 < quality < 0.70 :        78 elements
Info    : 0.70 < quality < 0.80 :       188 elements
Info    : 0.80 < quality < 0.90 :       123 elements
Info    : 0.90 < quality < 1.00 :        41 elements
Info    : 6 edge swaps, 0 node relocations (volume = 0.25645): worst = 0.301484 / average = 0.753101 (Wall 0.000487275s, CPU 0.000222s)
Info    : No ill-shaped tets in the mesh :-)
Info    : 0.00 < quality < 0.10 :         0 elements
Info    : 0.10 < quality < 0.20 :         0 elements
Info    : 0.20 < quality < 0.30 :         0 elements
Info    : 0.30 < quality < 0.40 :        11 elements
Info    : 0.40 < quality < 0.50 :        10 elements
Info    : 0.50 < quality < 0.60 :        18 elements
Info    : 0.60 < quality < 0.70 :        81 elements
Info    : 0.70 < quality < 0.80 :       187 elements
Info    : 0.80 < quality < 0.90 :       124 elements
Info    : 0.90 < quality < 1.00 :        41 elements
Info    : Done optimizing mesh (Wall 0.121248s, CPU 0.119569s)
Info    : 13633 nodes 68299 elements
Info    : Meshing order 2 (curvilinear on)...
Info    : [  0%] Meshing curve 1 order 2
Info    : [ 10%] Meshing curve 2 order 2
Info    : [ 20%] Meshing curve 3 order 2
Info    : [ 20%] Meshing curve 4 order 2
Info    : [ 30%] Meshing curve 5 order 2
Info    : [ 30%] Meshing curve 6 order 2
Info    : [ 40%] Meshing curve 7 order 2
Info    : [ 40%] Meshing curve 8 order 2
Info    : [ 50%] Meshing curve 9 order 2
Info    : [ 50%] Meshing curve 10 order 2
Info    : [ 60%] Meshing curve 11 order 2
Info    : [ 60%] Meshing curve 12 order 2
Info    : [ 70%] Meshing surface 1 order 2
Info    : [ 70%] Meshing surface 2 order 2
Info    : [ 80%] Meshing surface 3 order 2
Info    : [ 80%] Meshing surface 4 order 2
Info    : [ 90%] Meshing surface 5 order 2
Info    : [ 90%] Meshing surface 6 order 2
Info    : [100%] Meshing volume 1 order 2
Info    : [100%] Meshing volume 2 order 2
Info    : Surface mesh: worst distortion = 0.797589 (0 elements in ]0, 0.2]); worst gamma = 0.669654
Warning : Volume mesh: worst distortion = -0.0378042 (avg = 0.960106, 1 elements with jac. < 0)
Info    : Done meshing order 2 (Wall 31.7714s, CPU 31.6467s)
Info    : Writing '/home/user/mscr-mom/현서/scripts/contact_scenarios/fea/matv2_mesh_PHS375_phiP120_b0_s15.inp'...
Info    : Done writing '/home/user/mscr-mom/현서/scripts/contact_scenarios/fea/matv2_mesh_PHS375_phiP120_b0_s15.inp'
  [PHS375_phiP120_b0] [실패] (38.7s)
[PHS375_phiP120_b0 2/9] L_M=37.5, phi=120.0, beta=0.0, s=25.0mm, push_depth=0.1mm ...
Info    : Meshing 1D...
Info    : [  0%] Meshing curve 1 (BSpline)
Info    : [ 10%] Meshing curve 2 (Ellipse)
Info    : [ 20%] Meshing curve 3 (Ellipse)
Info    : [ 30%] Meshing curve 4 (BSpline)
Info    : [ 40%] Meshing curve 5 (BSpline)
Info    : [ 50%] Meshing curve 6 (BSpline)
Info    : [ 60%] Meshing curve 7 (BSpline)
Info    : [ 60%] Meshing curve 8 (BSpline)
Info    : [ 70%] Meshing curve 9 (BSpline)
Info    : [ 90%] Meshing curve 11 (Circle)
Info    : Done meshing 1D (Wall 0.0439021s, CPU 0.043901s)
Info    : Meshing 2D...
Info    : [  0%] Meshing surface 1 (Plane, Frontal-Delaunay)
Info    : [ 20%] Meshing surface 2 (Plane, Frontal-Delaunay)
Info    : [ 40%] Meshing surface 3 (BSpline surface, Frontal-Delaunay)
Info    : [ 60%] Meshing surface 4 (BSpline surface, Frontal-Delaunay)
Info    : [ 70%] Meshing surface 5 (Plane, Frontal-Delaunay)
Info    : [ 90%] Meshing surface 6 (Sphere, Frontal-Delaunay)
Info    : Done meshing 2D (Wall 1.30164s, CPU 1.30153s)
Info    : Meshing 3D...
Info    : 3D Meshing 2 volumes with 2 connected components
Info    : Tetrahedrizing 12545 nodes...
Info    : Done tetrahedrizing 12553 nodes (Wall 0.209875s, CPU 0.199854s)
Info    : Reconstructing mesh...
Info    :  - Creating surface mesh
Info    :  - Identifying boundary edges
Info    :  - Recovering boundary
Info    : Done reconstructing mesh (Wall 0.645415s, CPU 0.590802s)
Info    : Found volume 1
Info    : It. 0 - 0 nodes created - worst tet radius 1.06811 (nodes removed 0 0)
Info    : It. 500 - 500 nodes created - worst tet radius 1.00005 (nodes removed 0 0)
Info    : 3D refinement terminated (13235 nodes total):
Info    :  - 0 Delaunay cavities modified for star shapeness
Info    :  - 0 nodes could not be inserted
Info    :  - 42466 tetrahedra created in 0.0390149 sec. (1088455 tets/s)
Info    : 0 node relocations
Info    : Tetrahedrizing 131 nodes...
Info    : Done tetrahedrizing 139 nodes (Wall 0.000974178s, CPU 0.000975s)
Info    : Reconstructing mesh...
Info    :  - Creating surface mesh
Info    :  - Identifying boundary edges
Info    :  - Recovering boundary
Info    : Done reconstructing mesh (Wall 0.00233822s, CPU 0.001354s)
Info    : Found volume 2
Info    : It. 0 - 0 nodes created - worst tet radius 3.11281 (nodes removed 0 0)
Info    : 3D refinement terminated (12755 nodes total):
Info    :  - 0 Delaunay cavities modified for star shapeness
Info    :  - 0 nodes could not be inserted
Info    :  - 474 tetrahedra created in 0.00611037 sec. (77573 tets/s)
Info    : 0 node relocations
Info    : Done meshing 3D (Wall 1.1522s, CPU 1.09652s)
Info    : Optimizing mesh...
Info    : Optimizing volume 1
Info    : Optimization starts (volume = 235.621) with worst = 0.0020907 / average = 0.679792:
Info    : 0.00 < quality < 0.10 :       219 elements
Info    : 0.10 < quality < 0.20 :       404 elements
Info    : 0.20 < quality < 0.30 :       736 elements
Info    : 0.30 < quality < 0.40 :       930 elements
Info    : 0.40 < quality < 0.50 :      1348 elements
Info    : 0.50 < quality < 0.60 :      4008 elements
Info    : 0.60 < quality < 0.70 :     11243 elements
Info    : 0.70 < quality < 0.80 :     19988 elements
Info    : 0.80 < quality < 0.90 :      1986 elements
Info    : 0.90 < quality < 1.00 :      1604 elements
Info    : 1290 edge swaps, 14 node relocations (volume = 235.621): worst = 0.118555 / average = 0.697031 (Wall 0.0286144s, CPU 0.028614s)
Info    : 1353 edge swaps, 14 node relocations (volume = 235.621): worst = 0.120931 / average = 0.697709 (Wall 0.0344052s, CPU 0.034406s)
Info    : 1354 edge swaps, 14 node relocations (volume = 235.621): worst = 0.120931 / average = 0.69772 (Wall 0.038412s, CPU 0.038414s)
Info    : No ill-shaped tets in the mesh :-)
Info    : 0.00 < quality < 0.10 :         0 elements
Info    : 0.10 < quality < 0.20 :         5 elements
Info    : 0.20 < quality < 0.30 :        24 elements
Info    : 0.30 < quality < 0.40 :       789 elements
Info    : 0.40 < quality < 0.50 :      1128 elements
Info    : 0.50 < quality < 0.60 :      4077 elements
Info    : 0.60 < quality < 0.70 :     11728 elements
Info    : 0.70 < quality < 0.80 :     19717 elements
Info    : 0.80 < quality < 0.90 :      2173 elements
Info    : 0.90 < quality < 1.00 :      1616 elements
Info    : Optimizing volume 2
Info    : Optimization starts (volume = 0.256422) with worst = 0.0814445 / average = 0.751893:
Info    : 0.00 < quality < 0.10 :         1 elements
Info    : 0.10 < quality < 0.20 :         3 elements
Info    : 0.20 < quality < 0.30 :         4 elements
Info    : 0.30 < quality < 0.40 :         7 elements
Info    : 0.40 < quality < 0.50 :         6 elements
Info    : 0.50 < quality < 0.60 :        17 elements
Info    : 0.60 < quality < 0.70 :        81 elements
Info    : 0.70 < quality < 0.80 :       184 elements
Info    : 0.80 < quality < 0.90 :       128 elements
Info    : 0.90 < quality < 1.00 :        43 elements
Info    : 8 edge swaps, 0 node relocations (volume = 0.256422): worst = 0.307806 / average = 0.76375 (Wall 0.000186248s, CPU 0.000189s)
Info    : No ill-shaped tets in the mesh :-)
Info    : 0.00 < quality < 0.10 :         0 elements
Info    : 0.10 < quality < 0.20 :         0 elements
Info    : 0.20 < quality < 0.30 :         0 elements
Info    : 0.30 < quality < 0.40 :         7 elements
Info    : 0.40 < quality < 0.50 :         6 elements
Info    : 0.50 < quality < 0.60 :        14 elements
Info    : 0.60 < quality < 0.70 :        78 elements
Info    : 0.70 < quality < 0.80 :       187 elements
Info    : 0.80 < quality < 0.90 :       132 elements
Info    : 0.90 < quality < 1.00 :        42 elements
Info    : Done optimizing mesh (Wall 0.08298s, CPU 0.082978s)
Info    : 13633 nodes 68293 elements
Info    : Meshing order 2 (curvilinear on)...
Info    : [  0%] Meshing curve 1 order 2
Info    : [ 10%] Meshing curve 2 order 2
Info    : [ 20%] Meshing curve 3 order 2
Info    : [ 20%] Meshing curve 4 order 2
Info    : [ 30%] Meshing curve 5 order 2
Info    : [ 30%] Meshing curve 6 order 2
Info    : [ 40%] Meshing curve 7 order 2
Info    : [ 40%] Meshing curve 8 order 2
Info    : [ 50%] Meshing curve 9 order 2
Info    : [ 50%] Meshing curve 10 order 2
Info    : [ 60%] Meshing curve 11 order 2
Info    : [ 60%] Meshing curve 12 order 2
Info    : [ 70%] Meshing surface 1 order 2
Info    : [ 70%] Meshing surface 2 order 2
Info    : [ 80%] Meshing surface 3 order 2
Info    : [ 80%] Meshing surface 4 order 2
Info    : [ 90%] Meshing surface 5 order 2
Info    : [ 90%] Meshing surface 6 order 2
Info    : [100%] Meshing volume 1 order 2
Info    : [100%] Meshing volume 2 order 2
Info    : Surface mesh: worst distortion = 0.797589 (0 elements in ]0, 0.2]); worst gamma = 0.669654
Warning : Volume mesh: worst distortion = -0.0378042 (avg = 0.960107, 1 elements with jac. < 0)
Info    : Done meshing order 2 (Wall 22.6611s, CPU 22.6063s)
Info    : Writing '/home/user/mscr-mom/현서/scripts/contact_scenarios/fea/matv2_mesh_PHS375_phiP120_b0_s25.inp'...
Info    : Done writing '/home/user/mscr-mom/현서/scripts/contact_scenarios/fea/matv2_mesh_PHS375_phiP120_b0_s25.inp'
  [PHS375_phiP120_b0] [실패] (29.1s)
[PHS375_phiP120_b0 3/9] L_M=37.5, phi=120.0, beta=0.0, s=35.0mm, push_depth=0.1mm ...
Info    : Meshing 1D...
Info    : [  0%] Meshing curve 1 (BSpline)
Info    : [ 10%] Meshing curve 2 (Ellipse)
Info    : [ 20%] Meshing curve 3 (Ellipse)
Info    : [ 30%] Meshing curve 4 (BSpline)
Info    : [ 40%] Meshing curve 5 (BSpline)
Info    : [ 50%] Meshing curve 6 (BSpline)
Info    : [ 60%] Meshing curve 7 (BSpline)
Info    : [ 60%] Meshing curve 8 (BSpline)
Info    : [ 70%] Meshing curve 9 (BSpline)
Info    : [ 90%] Meshing curve 11 (Circle)
Info    : Done meshing 1D (Wall 0.0490509s, CPU 0.049047s)
Info    : Meshing 2D...
Info    : [  0%] Meshing surface 1 (Plane, Frontal-Delaunay)
Info    : [ 20%] Meshing surface 2 (Plane, Frontal-Delaunay)
Info    : [ 40%] Meshing surface 3 (BSpline surface, Frontal-Delaunay)
Info    : [ 60%] Meshing surface 4 (BSpline surface, Frontal-Delaunay)
Info    : [ 70%] Meshing surface 5 (Plane, Frontal-Delaunay)
Info    : [ 90%] Meshing surface 6 (Sphere, Frontal-Delaunay)
Info    : Done meshing 2D (Wall 1.10032s, CPU 1.10008s)
Info    : Meshing 3D...
Info    : 3D Meshing 2 volumes with 2 connected components
Info    : Tetrahedrizing 12545 nodes...
Info    : Done tetrahedrizing 12553 nodes (Wall 0.141851s, CPU 0.137844s)
Info    : Reconstructing mesh...
Info    :  - Creating surface mesh
Info    :  - Identifying boundary edges
Info    :  - Recovering boundary
Info    : Done reconstructing mesh (Wall 0.3725s, CPU 0.358486s)
Info    : Found volume 1
Info    : It. 0 - 0 nodes created - worst tet radius 1.06811 (nodes removed 0 0)
Info    : It. 500 - 500 nodes created - worst tet radius 1.00005 (nodes removed 0 0)
Info    : 3D refinement terminated (13234 nodes total):
Info    :  - 0 Delaunay cavities modified for star shapeness
Info    :  - 0 nodes could not be inserted
Info    :  - 42466 tetrahedra created in 0.0358098 sec. (1185877 tets/s)
Info    : 0 node relocations
Info    : Tetrahedrizing 130 nodes...
Info    : Done tetrahedrizing 138 nodes (Wall 0.000820029s, CPU 0.00082s)
Info    : Reconstructing mesh...
Info    :  - Creating surface mesh
Info    :  - Identifying boundary edges
Info    :  - Recovering boundary
Info    : Done reconstructing mesh (Wall 0.00272291s, CPU 0.002719s)
Info    : Found volume 2
Info    : It. 0 - 0 nodes created - worst tet radius 3.06344 (nodes removed 0 0)
Info    : 3D refinement terminated (12756 nodes total):
Info    :  - 0 Delaunay cavities modified for star shapeness
Info    :  - 0 nodes could not be inserted
Info    :  - 492 tetrahedra created in 0.002405 sec. (204573 tets/s)
Info    : 0 node relocations
Info    : Done meshing 3D (Wall 0.734039s, CPU 0.719406s)
Info    : Optimizing mesh...
Info    : Optimizing volume 1
Info    : Optimization starts (volume = 235.621) with worst = 0.0020907 / average = 0.679792:
Info    : 0.00 < quality < 0.10 :       219 elements
Info    : 0.10 < quality < 0.20 :       404 elements
Info    : 0.20 < quality < 0.30 :       736 elements
Info    : 0.30 < quality < 0.40 :       930 elements
Info    : 0.40 < quality < 0.50 :      1348 elements
Info    : 0.50 < quality < 0.60 :      4008 elements
Info    : 0.60 < quality < 0.70 :     11243 elements
Info    : 0.70 < quality < 0.80 :     19988 elements
Info    : 0.80 < quality < 0.90 :      1986 elements
Info    : 0.90 < quality < 1.00 :      1604 elements
Info    : 1290 edge swaps, 14 node relocations (volume = 235.621): worst = 0.118555 / average = 0.697031 (Wall 0.0132544s, CPU 0.013255s)
Info    : 1353 edge swaps, 14 node relocations (volume = 235.621): worst = 0.120931 / average = 0.697709 (Wall 0.0159538s, CPU 0.015957s)
Info    : 1354 edge swaps, 14 node relocations (volume = 235.621): worst = 0.120931 / average = 0.69772 (Wall 0.0180053s, CPU 0.018009s)
Info    : No ill-shaped tets in the mesh :-)
Info    : 0.00 < quality < 0.10 :         0 elements
Info    : 0.10 < quality < 0.20 :         5 elements
Info    : 0.20 < quality < 0.30 :        24 elements
Info    : 0.30 < quality < 0.40 :       789 elements
Info    : 0.40 < quality < 0.50 :      1128 elements
Info    : 0.50 < quality < 0.60 :      4077 elements
Info    : 0.60 < quality < 0.70 :     11728 elements
Info    : 0.70 < quality < 0.80 :     19717 elements
Info    : 0.80 < quality < 0.90 :      2173 elements
Info    : 0.90 < quality < 1.00 :      1616 elements
Info    : Optimizing volume 2
Info    : Optimization starts (volume = 0.256435) with worst = 0.0657345 / average = 0.748343:
Info    : 0.00 < quality < 0.10 :         1 elements
Info    : 0.10 < quality < 0.20 :         3 elements
Info    : 0.20 < quality < 0.30 :         6 elements
Info    : 0.30 < quality < 0.40 :        10 elements
Info    : 0.40 < quality < 0.50 :        17 elements
Info    : 0.50 < quality < 0.60 :        17 elements
Info    : 0.60 < quality < 0.70 :        62 elements
Info    : 0.70 < quality < 0.80 :       188 elements
Info    : 0.80 < quality < 0.90 :       151 elements
Info    : 0.90 < quality < 1.00 :        37 elements
Info    : 10 edge swaps, 0 node relocations (volume = 0.256435): worst = 0.31774 / average = 0.761248 (Wall 0.000145876s, CPU 0.000147s)
Info    : No ill-shaped tets in the mesh :-)
Info    : 0.00 < quality < 0.10 :         0 elements
Info    : 0.10 < quality < 0.20 :         0 elements
Info    : 0.20 < quality < 0.30 :         0 elements
Info    : 0.30 < quality < 0.40 :        10 elements
Info    : 0.40 < quality < 0.50 :        15 elements
Info    : 0.50 < quality < 0.60 :        15 elements
Info    : 0.60 < quality < 0.70 :        66 elements
Info    : 0.70 < quality < 0.80 :       188 elements
Info    : 0.80 < quality < 0.90 :       152 elements
Info    : 0.90 < quality < 1.00 :        37 elements
Info    : Done optimizing mesh (Wall 0.0402216s, CPU 0.040219s)
Info    : 13634 nodes 68308 elements
Info    : Meshing order 2 (curvilinear on)...
Info    : [  0%] Meshing curve 1 order 2
Info    : [ 10%] Meshing curve 2 order 2
Info    : [ 20%] Meshing curve 3 order 2
Info    : [ 20%] Meshing curve 4 order 2
Info    : [ 30%] Meshing curve 5 order 2
Info    : [ 30%] Meshing curve 6 order 2
Info    : [ 40%] Meshing curve 7 order 2
Info    : [ 40%] Meshing curve 8 order 2
Info    : [ 50%] Meshing curve 9 order 2
Info    : [ 50%] Meshing curve 10 order 2
Info    : [ 60%] Meshing curve 11 order 2
Info    : [ 60%] Meshing curve 12 order 2
Info    : [ 70%] Meshing surface 1 order 2
Info    : [ 70%] Meshing surface 2 order 2
Info    : [ 80%] Meshing surface 3 order 2
Info    : [ 80%] Meshing surface 4 order 2
Info    : [ 90%] Meshing surface 5 order 2
Info    : [ 90%] Meshing surface 6 order 2
Info    : [100%] Meshing volume 1 order 2
Info    : [100%] Meshing volume 2 order 2
Info    : Surface mesh: worst distortion = 0.797589 (0 elements in ]0, 0.2]); worst gamma = 0.669654
Warning : Volume mesh: worst distortion = -0.0378042 (avg = 0.960112, 1 elements with jac. < 0)
Info    : Done meshing order 2 (Wall 29.6187s, CPU 29.5671s)
Info    : Writing '/home/user/mscr-mom/현서/scripts/contact_scenarios/fea/matv2_mesh_PHS375_phiP120_b0_s35.inp'...
Info    : Done writing '/home/user/mscr-mom/현서/scripts/contact_scenarios/fea/matv2_mesh_PHS375_phiP120_b0_s35.inp'
  [PHS375_phiP120_b0] [실패] (36.5s)
[PHS375_phiP120_b0 4/9] L_M=37.5, phi=120.0, beta=0.0, s=45.0mm, push_depth=0.1mm ...
Info    : Meshing 1D...
Info    : [  0%] Meshing curve 1 (BSpline)
Info    : [ 10%] Meshing curve 2 (Ellipse)
Info    : [ 20%] Meshing curve 3 (Ellipse)
Info    : [ 30%] Meshing curve 4 (BSpline)
Info    : [ 40%] Meshing curve 5 (BSpline)
Info    : [ 50%] Meshing curve 6 (BSpline)
Info    : [ 60%] Meshing curve 7 (BSpline)
Info    : [ 60%] Meshing curve 8 (BSpline)
Info    : [ 70%] Meshing curve 9 (BSpline)
Info    : [ 90%] Meshing curve 11 (Circle)
Info    : Done meshing 1D (Wall 0.0255749s, CPU 0.025569s)
Info    : Meshing 2D...
Info    : [  0%] Meshing surface 1 (Plane, Frontal-Delaunay)
Info    : [ 20%] Meshing surface 2 (Plane, Frontal-Delaunay)
Info    : [ 40%] Meshing surface 3 (BSpline surface, Frontal-Delaunay)
Info    : [ 60%] Meshing surface 4 (BSpline surface, Frontal-Delaunay)
Info    : [ 70%] Meshing surface 5 (Plane, Frontal-Delaunay)
Info    : [ 90%] Meshing surface 6 (Sphere, Frontal-Delaunay)
Info    : Done meshing 2D (Wall 0.903505s, CPU 0.8953s)
Info    : Meshing 3D...
Info    : 3D Meshing 2 volumes with 2 connected components
Info    : Tetrahedrizing 12545 nodes...
Info    : Done tetrahedrizing 12553 nodes (Wall 0.151915s, CPU 0.148655s)
Info    : Reconstructing mesh...
Info    :  - Creating surface mesh
Info    :  - Identifying boundary edges
Info    :  - Recovering boundary
Info    : Done reconstructing mesh (Wall 0.392287s, CPU 0.374983s)
Info    : Found volume 1
Info    : It. 0 - 0 nodes created - worst tet radius 1.06811 (nodes removed 0 0)
Info    : It. 500 - 500 nodes created - worst tet radius 1.00005 (nodes removed 0 0)
Info    : 3D refinement terminated (13234 nodes total):
Info    :  - 0 Delaunay cavities modified for star shapeness
Info    :  - 0 nodes could not be inserted
Info    :  - 42466 tetrahedra created in 0.033856 sec. (1254311 tets/s)
Info    : 0 node relocations
Info    : Tetrahedrizing 130 nodes...
Info    : Done tetrahedrizing 138 nodes (Wall 0.000806937s, CPU 0.000807s)
Info    : Reconstructing mesh...
Info    :  - Creating surface mesh
Info    :  - Identifying boundary edges
Info    :  - Recovering boundary
Info    : Done reconstructing mesh (Wall 0.00195301s, CPU 0.001956s)
Info    : Found volume 2
Info    : It. 0 - 0 nodes created - worst tet radius 3.06344 (nodes removed 0 0)
Info    : 3D refinement terminated (12754 nodes total):
Info    :  - 0 Delaunay cavities modified for star shapeness
Info    :  - 0 nodes could not be inserted
Info    :  - 483 tetrahedra created in 0.00418238 sec. (115484 tets/s)
Info    : 0 node relocations
Info    : Done meshing 3D (Wall 0.747325s, CPU 0.729966s)
Info    : Optimizing mesh...
Info    : Optimizing volume 1
Info    : Optimization starts (volume = 235.621) with worst = 0.0020907 / average = 0.679792:
Info    : 0.00 < quality < 0.10 :       219 elements
Info    : 0.10 < quality < 0.20 :       404 elements
Info    : 0.20 < quality < 0.30 :       736 elements
Info    : 0.30 < quality < 0.40 :       930 elements
Info    : 0.40 < quality < 0.50 :      1348 elements
Info    : 0.50 < quality < 0.60 :      4008 elements
Info    : 0.60 < quality < 0.70 :     11243 elements
Info    : 0.70 < quality < 0.80 :     19988 elements
Info    : 0.80 < quality < 0.90 :      1986 elements
Info    : 0.90 < quality < 1.00 :      1604 elements
Info    : 1290 edge swaps, 14 node relocations (volume = 235.621): worst = 0.118555 / average = 0.697031 (Wall 0.0171613s, CPU 0.01716s)
Info    : 1353 edge swaps, 14 node relocations (volume = 235.621): worst = 0.120931 / average = 0.697709 (Wall 0.0210448s, CPU 0.021046s)
Info    : 1354 edge swaps, 14 node relocations (volume = 235.621): worst = 0.120931 / average = 0.69772 (Wall 0.0239712s, CPU 0.023972s)
Info    : No ill-shaped tets in the mesh :-)
Info    : 0.00 < quality < 0.10 :         0 elements
Info    : 0.10 < quality < 0.20 :         5 elements
Info    : 0.20 < quality < 0.30 :        24 elements
Info    : 0.30 < quality < 0.40 :       789 elements
Info    : 0.40 < quality < 0.50 :      1128 elements
Info    : 0.50 < quality < 0.60 :      4077 elements
Info    : 0.60 < quality < 0.70 :     11728 elements
Info    : 0.70 < quality < 0.80 :     19717 elements
Info    : 0.80 < quality < 0.90 :      2173 elements
Info    : 0.90 < quality < 1.00 :      1616 elements
Info    : Optimizing volume 2
Info    : Optimization starts (volume = 0.256435) with worst = 0.112735 / average = 0.738339:
Info    : 0.00 < quality < 0.10 :         0 elements
Info    : 0.10 < quality < 0.20 :         1 elements
Info    : 0.20 < quality < 0.30 :         4 elements
Info    : 0.30 < quality < 0.40 :        10 elements
Info    : 0.40 < quality < 0.50 :        24 elements
Info    : 0.50 < quality < 0.60 :        30 elements
Info    : 0.60 < quality < 0.70 :        64 elements
Info    : 0.70 < quality < 0.80 :       182 elements
Info    : 0.80 < quality < 0.90 :       128 elements
Info    : 0.90 < quality < 1.00 :        40 elements
Info    : 5 edge swaps, 0 node relocations (volume = 0.256435): worst = 0.307193 / average = 0.743854 (Wall 0.000123761s, CPU 0.000126s)
Info    : No ill-shaped tets in the mesh :-)
Info    : 0.00 < quality < 0.10 :         0 elements
Info    : 0.10 < quality < 0.20 :         0 elements
Info    : 0.20 < quality < 0.30 :         0 elements
Info    : 0.30 < quality < 0.40 :        11 elements
Info    : 0.40 < quality < 0.50 :        22 elements
Info    : 0.50 < quality < 0.60 :        31 elements
Info    : 0.60 < quality < 0.70 :        63 elements
Info    : 0.70 < quality < 0.80 :       183 elements
Info    : 0.80 < quality < 0.90 :       129 elements
Info    : 0.90 < quality < 1.00 :        40 elements
Info    : Done optimizing mesh (Wall 0.0520818s, CPU 0.052079s)
Info    : 13632 nodes 68304 elements
Info    : Meshing order 2 (curvilinear on)...
Info    : [  0%] Meshing curve 1 order 2
Info    : [ 10%] Meshing curve 2 order 2
Info    : [ 20%] Meshing curve 3 order 2
Info    : [ 20%] Meshing curve 4 order 2
Info    : [ 30%] Meshing curve 5 order 2
Info    : [ 30%] Meshing curve 6 order 2
Info    : [ 40%] Meshing curve 7 order 2
Info    : [ 40%] Meshing curve 8 order 2
Info    : [ 50%] Meshing curve 9 order 2
Info    : [ 50%] Meshing curve 10 order 2
Info    : [ 60%] Meshing curve 11 order 2
Info    : [ 60%] Meshing curve 12 order 2
Info    : [ 70%] Meshing surface 1 order 2
Info    : [ 70%] Meshing surface 2 order 2
Info    : [ 80%] Meshing surface 3 order 2
Info    : [ 80%] Meshing surface 4 order 2
Info    : [ 90%] Meshing surface 5 order 2
Info    : [ 90%] Meshing surface 6 order 2
Info    : [100%] Meshing volume 1 order 2
Info    : [100%] Meshing volume 2 order 2
Info    : Surface mesh: worst distortion = 0.797589 (0 elements in ]0, 0.2]); worst gamma = 0.669654
Warning : Volume mesh: worst distortion = -0.0378042 (avg = 0.960104, 1 elements with jac. < 0)
Info    : Done meshing order 2 (Wall 19.0508s, CPU 18.9154s)
Info    : Writing '/home/user/mscr-mom/현서/scripts/contact_scenarios/fea/matv2_mesh_PHS375_phiP120_b0_s45.inp'...
Info    : Done writing '/home/user/mscr-mom/현서/scripts/contact_scenarios/fea/matv2_mesh_PHS375_phiP120_b0_s45.inp'
  [PHS375_phiP120_b0] [실패] (24.7s)
[PHS375_phiP120_b0 5/9] L_M=37.5, phi=120.0, beta=0.0, s=55.0mm, push_depth=0.1mm ...
Info    : Meshing 1D...
Info    : [  0%] Meshing curve 1 (BSpline)
Info    : [ 10%] Meshing curve 2 (Ellipse)
Info    : [ 20%] Meshing curve 3 (Ellipse)
Info    : [ 30%] Meshing curve 4 (BSpline)
Info    : [ 40%] Meshing curve 5 (BSpline)
Info    : [ 50%] Meshing curve 6 (BSpline)
Info    : [ 60%] Meshing curve 7 (BSpline)
Info    : [ 60%] Meshing curve 8 (BSpline)
Info    : [ 70%] Meshing curve 9 (BSpline)
Info    : [ 90%] Meshing curve 11 (Circle)
Info    : Done meshing 1D (Wall 0.0486281s, CPU 0.048629s)
Info    : Meshing 2D...
Info    : [  0%] Meshing surface 1 (Plane, Frontal-Delaunay)
Info    : [ 20%] Meshing surface 2 (Plane, Frontal-Delaunay)
Info    : [ 40%] Meshing surface 3 (BSpline surface, Frontal-Delaunay)
Info    : [ 60%] Meshing surface 4 (BSpline surface, Frontal-Delaunay)
Info    : [ 70%] Meshing surface 5 (Plane, Frontal-Delaunay)
Info    : [ 90%] Meshing surface 6 (Sphere, Frontal-Delaunay)
Info    : Done meshing 2D (Wall 1.42732s, CPU 1.42622s)
Info    : Meshing 3D...
Info    : 3D Meshing 2 volumes with 2 connected components
Info    : Tetrahedrizing 12545 nodes...
Info    : Done tetrahedrizing 12553 nodes (Wall 0.201252s, CPU 0.191184s)
Info    : Reconstructing mesh...
Info    :  - Creating surface mesh
Info    :  - Identifying boundary edges
Info    :  - Recovering boundary
Info    : Done reconstructing mesh (Wall 0.545313s, CPU 0.517232s)
Info    : Found volume 1
Info    : It. 0 - 0 nodes created - worst tet radius 1.06811 (nodes removed 0 0)
Info    : It. 500 - 500 nodes created - worst tet radius 1.00005 (nodes removed 0 0)
Info    : 3D refinement terminated (13234 nodes total):
Info    :  - 0 Delaunay cavities modified for star shapeness
Info    :  - 0 nodes could not be inserted
Info    :  - 42466 tetrahedra created in 0.0539771 sec. (786740 tets/s)
Info    : 0 node relocations
Info    : Tetrahedrizing 130 nodes...
Info    : Done tetrahedrizing 138 nodes (Wall 0.00119706s, CPU 0.001076s)
Info    : Reconstructing mesh...
Info    :  - Creating surface mesh
Info    :  - Identifying boundary edges
Info    :  - Recovering boundary
Info    : Done reconstructing mesh (Wall 0.00334064s, CPU 0.002367s)
Info    : Found volume 2
Info    : It. 0 - 0 nodes created - worst tet radius 3.06344 (nodes removed 0 0)
Info    : 3D refinement terminated (12756 nodes total):
Info    :  - 0 Delaunay cavities modified for star shapeness
Info    :  - 0 nodes could not be inserted
Info    :  - 492 tetrahedra created in 0.0108025 sec. (45545 tets/s)
Info    : 0 node relocations
Info    : Done meshing 3D (Wall 1.14919s, CPU 1.12004s)
Info    : Optimizing mesh...
Info    : Optimizing volume 1
Info    : Optimization starts (volume = 235.621) with worst = 0.0020907 / average = 0.679792:
Info    : 0.00 < quality < 0.10 :       219 elements
Info    : 0.10 < quality < 0.20 :       404 elements
Info    : 0.20 < quality < 0.30 :       736 elements
Info    : 0.30 < quality < 0.40 :       930 elements
Info    : 0.40 < quality < 0.50 :      1348 elements
Info    : 0.50 < quality < 0.60 :      4008 elements
Info    : 0.60 < quality < 0.70 :     11243 elements
Info    : 0.70 < quality < 0.80 :     19988 elements
Info    : 0.80 < quality < 0.90 :      1986 elements
Info    : 0.90 < quality < 1.00 :      1604 elements
Info    : 1290 edge swaps, 14 node relocations (volume = 235.621): worst = 0.118555 / average = 0.697031 (Wall 0.0363038s, CPU 0.03531s)
Info    : 1353 edge swaps, 14 node relocations (volume = 235.621): worst = 0.120931 / average = 0.697709 (Wall 0.044348s, CPU 0.043352s)
Info    : 1354 edge swaps, 14 node relocations (volume = 235.621): worst = 0.120931 / average = 0.69772 (Wall 0.0499559s, CPU 0.048957s)
Info    : No ill-shaped tets in the mesh :-)
Info    : 0.00 < quality < 0.10 :         0 elements
Info    : 0.10 < quality < 0.20 :         5 elements
Info    : 0.20 < quality < 0.30 :        24 elements
Info    : 0.30 < quality < 0.40 :       789 elements
Info    : 0.40 < quality < 0.50 :      1128 elements
Info    : 0.50 < quality < 0.60 :      4077 elements
Info    : 0.60 < quality < 0.70 :     11728 elements
Info    : 0.70 < quality < 0.80 :     19717 elements
Info    : 0.80 < quality < 0.90 :      2173 elements
Info    : 0.90 < quality < 1.00 :      1616 elements
Info    : Optimizing volume 2
Info    : Optimization starts (volume = 0.256435) with worst = 0.0657345 / average = 0.748343:
Info    : 0.00 < quality < 0.10 :         1 elements
Info    : 0.10 < quality < 0.20 :         3 elements
Info    : 0.20 < quality < 0.30 :         6 elements
Info    : 0.30 < quality < 0.40 :        10 elements
Info    : 0.40 < quality < 0.50 :        17 elements
Info    : 0.50 < quality < 0.60 :        17 elements
Info    : 0.60 < quality < 0.70 :        62 elements
Info    : 0.70 < quality < 0.80 :       188 elements
Info    : 0.80 < quality < 0.90 :       151 elements
Info    : 0.90 < quality < 1.00 :        37 elements
Info    : 10 edge swaps, 0 node relocations (volume = 0.256435): worst = 0.31774 / average = 0.761248 (Wall 0.000244347s, CPU 0.000249s)
Info    : No ill-shaped tets in the mesh :-)
Info    : 0.00 < quality < 0.10 :         0 elements
Info    : 0.10 < quality < 0.20 :         0 elements
Info    : 0.20 < quality < 0.30 :         0 elements
Info    : 0.30 < quality < 0.40 :        10 elements
Info    : 0.40 < quality < 0.50 :        15 elements
Info    : 0.50 < quality < 0.60 :        15 elements
Info    : 0.60 < quality < 0.70 :        66 elements
Info    : 0.70 < quality < 0.80 :       188 elements
Info    : 0.80 < quality < 0.90 :       152 elements
Info    : 0.90 < quality < 1.00 :        37 elements
Info    : Done optimizing mesh (Wall 0.102592s, CPU 0.1005s)
Info    : 13634 nodes 68308 elements
Info    : Meshing order 2 (curvilinear on)...
Info    : [  0%] Meshing curve 1 order 2
Info    : [ 10%] Meshing curve 2 order 2
Info    : [ 20%] Meshing curve 3 order 2
Info    : [ 20%] Meshing curve 4 order 2
Info    : [ 30%] Meshing curve 5 order 2
Info    : [ 30%] Meshing curve 6 order 2
Info    : [ 40%] Meshing curve 7 order 2
Info    : [ 40%] Meshing curve 8 order 2
Info    : [ 50%] Meshing curve 9 order 2
Info    : [ 50%] Meshing curve 10 order 2
Info    : [ 60%] Meshing curve 11 order 2
Info    : [ 60%] Meshing curve 12 order 2
Info    : [ 70%] Meshing surface 1 order 2
Info    : [ 70%] Meshing surface 2 order 2
Info    : [ 80%] Meshing surface 3 order 2
Info    : [ 80%] Meshing surface 4 order 2
Info    : [ 90%] Meshing surface 5 order 2
Info    : [ 90%] Meshing surface 6 order 2
Info    : [100%] Meshing volume 1 order 2
Info    : [100%] Meshing volume 2 order 2
Info    : Surface mesh: worst distortion = 0.797589 (0 elements in ]0, 0.2]); worst gamma = 0.669654
Warning : Volume mesh: worst distortion = -0.0378042 (avg = 0.960112, 1 elements with jac. < 0)
Info    : Done meshing order 2 (Wall 32.1144s, CPU 32.0341s)
Info    : Writing '/home/user/mscr-mom/현서/scripts/contact_scenarios/fea/matv2_mesh_PHS375_phiP120_b0_s55.inp'...
Info    : Done writing '/home/user/mscr-mom/현서/scripts/contact_scenarios/fea/matv2_mesh_PHS375_phiP120_b0_s55.inp'
  [PHS375_phiP120_b0] [실패] (39.8s)
[PHS375_phiP120_b0 6/9] L_M=37.5, phi=120.0, beta=0.0, s=65.0mm, push_depth=0.1mm ...
Info    : Meshing 1D...
Info    : [  0%] Meshing curve 1 (BSpline)
Info    : [ 10%] Meshing curve 2 (Ellipse)
Info    : [ 20%] Meshing curve 3 (Ellipse)
Info    : [ 30%] Meshing curve 4 (BSpline)
Info    : [ 40%] Meshing curve 5 (BSpline)
Info    : [ 50%] Meshing curve 6 (BSpline)
Info    : [ 60%] Meshing curve 7 (BSpline)
Info    : [ 60%] Meshing curve 8 (BSpline)
Info    : [ 70%] Meshing curve 9 (BSpline)
Info    : [ 90%] Meshing curve 11 (Circle)
Info    : Done meshing 1D (Wall 0.0704334s, CPU 0.044738s)
Info    : Meshing 2D...
Info    : [  0%] Meshing surface 1 (Plane, Frontal-Delaunay)
Info    : [ 20%] Meshing surface 2 (Plane, Frontal-Delaunay)
Info    : [ 40%] Meshing surface 3 (BSpline surface, Frontal-Delaunay)
Info    : [ 60%] Meshing surface 4 (BSpline surface, Frontal-Delaunay)
Info    : [ 70%] Meshing surface 5 (Plane, Frontal-Delaunay)
Info    : [ 90%] Meshing surface 6 (Sphere, Frontal-Delaunay)
Info    : Done meshing 2D (Wall 1.02744s, CPU 1.02674s)
Info    : Meshing 3D...
Info    : 3D Meshing 2 volumes with 2 connected components
Info    : Tetrahedrizing 12545 nodes...
Info    : Done tetrahedrizing 12553 nodes (Wall 0.161398s, CPU 0.1474s)
Info    : Reconstructing mesh...
Info    :  - Creating surface mesh
Info    :  - Identifying boundary edges
Info    :  - Recovering boundary
Info    : Done reconstructing mesh (Wall 0.410495s, CPU 0.384491s)
Info    : Found volume 1
Info    : It. 0 - 0 nodes created - worst tet radius 1.06811 (nodes removed 0 0)
Info    : It. 500 - 500 nodes created - worst tet radius 1.00005 (nodes removed 0 0)
Info    : 3D refinement terminated (13235 nodes total):
Info    :  - 0 Delaunay cavities modified for star shapeness
Info    :  - 0 nodes could not be inserted
Info    :  - 42466 tetrahedra created in 0.0472058 sec. (899592 tets/s)
Info    : 0 node relocations
Info    : Tetrahedrizing 131 nodes...
Info    : Done tetrahedrizing 139 nodes (Wall 0.000826836s, CPU 0.000829s)
Info    : Reconstructing mesh...
Info    :  - Creating surface mesh
Info    :  - Identifying boundary edges
Info    :  - Recovering boundary
Info    : Done reconstructing mesh (Wall 0.0029087s, CPU 0.00291s)
Info    : Found volume 2
Info    : It. 0 - 0 nodes created - worst tet radius 3.11281 (nodes removed 0 0)
Info    : 3D refinement terminated (12755 nodes total):
Info    :  - 0 Delaunay cavities modified for star shapeness
Info    :  - 0 nodes could not be inserted
Info    :  - 474 tetrahedra created in 0.00793323 sec. (59748 tets/s)
Info    : 0 node relocations
Info    : Done meshing 3D (Wall 0.843222s, CPU 0.81717s)
Info    : Optimizing mesh...
Info    : Optimizing volume 1
Info    : Optimization starts (volume = 235.621) with worst = 0.0020907 / average = 0.679792:
Info    : 0.00 < quality < 0.10 :       219 elements
Info    : 0.10 < quality < 0.20 :       404 elements
Info    : 0.20 < quality < 0.30 :       736 elements
Info    : 0.30 < quality < 0.40 :       930 elements
Info    : 0.40 < quality < 0.50 :      1348 elements
Info    : 0.50 < quality < 0.60 :      4008 elements
Info    : 0.60 < quality < 0.70 :     11243 elements
Info    : 0.70 < quality < 0.80 :     19988 elements
Info    : 0.80 < quality < 0.90 :      1986 elements
Info    : 0.90 < quality < 1.00 :      1604 elements
Info    : 1290 edge swaps, 14 node relocations (volume = 235.621): worst = 0.118555 / average = 0.697031 (Wall 0.0301196s, CPU 0.030117s)
Info    : 1353 edge swaps, 14 node relocations (volume = 235.621): worst = 0.120931 / average = 0.697709 (Wall 0.037044s, CPU 0.037041s)
Info    : 1354 edge swaps, 14 node relocations (volume = 235.621): worst = 0.120931 / average = 0.69772 (Wall 0.0418129s, CPU 0.041813s)
Info    : No ill-shaped tets in the mesh :-)
Info    : 0.00 < quality < 0.10 :         0 elements
Info    : 0.10 < quality < 0.20 :         5 elements
Info    : 0.20 < quality < 0.30 :        24 elements
Info    : 0.30 < quality < 0.40 :       789 elements
Info    : 0.40 < quality < 0.50 :      1128 elements
Info    : 0.50 < quality < 0.60 :      4077 elements
Info    : 0.60 < quality < 0.70 :     11728 elements
Info    : 0.70 < quality < 0.80 :     19717 elements
Info    : 0.80 < quality < 0.90 :      2173 elements
Info    : 0.90 < quality < 1.00 :      1616 elements
Info    : Optimizing volume 2
Info    : Optimization starts (volume = 0.256422) with worst = 0.0814445 / average = 0.751893:
Info    : 0.00 < quality < 0.10 :         1 elements
Info    : 0.10 < quality < 0.20 :         3 elements
Info    : 0.20 < quality < 0.30 :         4 elements
Info    : 0.30 < quality < 0.40 :         7 elements
Info    : 0.40 < quality < 0.50 :         6 elements
Info    : 0.50 < quality < 0.60 :        17 elements
Info    : 0.60 < quality < 0.70 :        81 elements
Info    : 0.70 < quality < 0.80 :       184 elements
Info    : 0.80 < quality < 0.90 :       128 elements
Info    : 0.90 < quality < 1.00 :        43 elements
Info    : 8 edge swaps, 0 node relocations (volume = 0.256422): worst = 0.307806 / average = 0.76375 (Wall 0.0001748s, CPU 0.000179s)
Info    : No ill-shaped tets in the mesh :-)
Info    : 0.00 < quality < 0.10 :         0 elements
Info    : 0.10 < quality < 0.20 :         0 elements
Info    : 0.20 < quality < 0.30 :         0 elements
Info    : 0.30 < quality < 0.40 :         7 elements
Info    : 0.40 < quality < 0.50 :         6 elements
Info    : 0.50 < quality < 0.60 :        14 elements
Info    : 0.60 < quality < 0.70 :        78 elements
Info    : 0.70 < quality < 0.80 :       187 elements
Info    : 0.80 < quality < 0.90 :       132 elements
Info    : 0.90 < quality < 1.00 :        42 elements
Info    : Done optimizing mesh (Wall 0.0868315s, CPU 0.086829s)
Info    : 13633 nodes 68293 elements
Info    : Meshing order 2 (curvilinear on)...
Info    : [  0%] Meshing curve 1 order 2
Info    : [ 10%] Meshing curve 2 order 2
Info    : [ 20%] Meshing curve 3 order 2
Info    : [ 20%] Meshing curve 4 order 2
Info    : [ 30%] Meshing curve 5 order 2
Info    : [ 30%] Meshing curve 6 order 2
Info    : [ 40%] Meshing curve 7 order 2
Info    : [ 40%] Meshing curve 8 order 2
Info    : [ 50%] Meshing curve 9 order 2
Info    : [ 50%] Meshing curve 10 order 2
Info    : [ 60%] Meshing curve 11 order 2
Info    : [ 60%] Meshing curve 12 order 2
Info    : [ 70%] Meshing surface 1 order 2
Info    : [ 70%] Meshing surface 2 order 2
Info    : [ 80%] Meshing surface 3 order 2
Info    : [ 80%] Meshing surface 4 order 2
Info    : [ 90%] Meshing surface 5 order 2
Info    : [ 90%] Meshing surface 6 order 2
Info    : [100%] Meshing volume 1 order 2
Info    : [100%] Meshing volume 2 order 2
Info    : Surface mesh: worst distortion = 0.797589 (0 elements in ]0, 0.2]); worst gamma = 0.669654
Warning : Volume mesh: worst distortion = -0.0378042 (avg = 0.960107, 1 elements with jac. < 0)
Info    : Done meshing order 2 (Wall 20.0261s, CPU 19.9263s)
Info    : Writing '/home/user/mscr-mom/현서/scripts/contact_scenarios/fea/matv2_mesh_PHS375_phiP120_b0_s65.inp'...
Info    : Done writing '/home/user/mscr-mom/현서/scripts/contact_scenarios/fea/matv2_mesh_PHS375_phiP120_b0_s65.inp'
  [PHS375_phiP120_b0] [실패] (25.9s)
[PHS375_phiP120_b0 7/9] L_M=37.5, phi=120.0, beta=0.0, s=75.0mm, push_depth=0.1mm ...
Info    : Meshing 1D...
Info    : [  0%] Meshing curve 1 (BSpline)
Info    : [ 10%] Meshing curve 2 (Ellipse)
Info    : [ 20%] Meshing curve 3 (Ellipse)
Info    : [ 30%] Meshing curve 4 (BSpline)
Info    : [ 40%] Meshing curve 5 (BSpline)
Info    : [ 50%] Meshing curve 6 (BSpline)
Info    : [ 60%] Meshing curve 7 (BSpline)
Info    : [ 60%] Meshing curve 8 (BSpline)
Info    : [ 70%] Meshing curve 9 (BSpline)
Info    : [ 90%] Meshing curve 11 (Circle)
Info    : Done meshing 1D (Wall 0.0279841s, CPU 0.027977s)
Info    : Meshing 2D...
Info    : [  0%] Meshing surface 1 (Plane, Frontal-Delaunay)
Info    : [ 20%] Meshing surface 2 (Plane, Frontal-Delaunay)
Info    : [ 40%] Meshing surface 3 (BSpline surface, Frontal-Delaunay)
Info    : [ 60%] Meshing surface 4 (BSpline surface, Frontal-Delaunay)
Info    : [ 70%] Meshing surface 5 (Plane, Frontal-Delaunay)
Info    : [ 90%] Meshing surface 6 (Sphere, Frontal-Delaunay)
Info    : Done meshing 2D (Wall 0.845432s, CPU 0.844298s)
Info    : Meshing 3D...
Info    : 3D Meshing 2 volumes with 2 connected components
Info    : Tetrahedrizing 12545 nodes...
Info    : Done tetrahedrizing 12553 nodes (Wall 0.16376s, CPU 0.157747s)
Info    : Reconstructing mesh...
Info    :  - Creating surface mesh
Info    :  - Identifying boundary edges
Info    :  - Recovering boundary
Info    : Done reconstructing mesh (Wall 0.402149s, CPU 0.384126s)
Info    : Found volume 1
Info    : It. 0 - 0 nodes created - worst tet radius 1.06811 (nodes removed 0 0)
Info    : It. 500 - 500 nodes created - worst tet radius 1.00005 (nodes removed 0 0)
Info    : 3D refinement terminated (13235 nodes total):
Info    :  - 0 Delaunay cavities modified for star shapeness
Info    :  - 0 nodes could not be inserted
Info    :  - 42466 tetrahedra created in 0.0362005 sec. (1173079 tets/s)
Info    : 0 node relocations
Info    : Tetrahedrizing 131 nodes...
Info    : Done tetrahedrizing 139 nodes (Wall 0.000811482s, CPU 0.000812s)
Info    : Reconstructing mesh...
Info    :  - Creating surface mesh
Info    :  - Identifying boundary edges
Info    :  - Recovering boundary
Info    : Done reconstructing mesh (Wall 0.00205957s, CPU 0.002062s)
Info    : Found volume 2
Info    : It. 0 - 0 nodes created - worst tet radius 3.11281 (nodes removed 0 0)
Info    : 3D refinement terminated (12755 nodes total):
Info    :  - 0 Delaunay cavities modified for star shapeness
Info    :  - 0 nodes could not be inserted
Info    :  - 474 tetrahedra created in 0.00602973 sec. (78610 tets/s)
Info    : 0 node relocations
Info    : Done meshing 3D (Wall 0.786702s, CPU 0.767652s)
Info    : Optimizing mesh...
Info    : Optimizing volume 1
Info    : Optimization starts (volume = 235.621) with worst = 0.0020907 / average = 0.679792:
Info    : 0.00 < quality < 0.10 :       219 elements
Info    : 0.10 < quality < 0.20 :       404 elements
Info    : 0.20 < quality < 0.30 :       736 elements
Info    : 0.30 < quality < 0.40 :       930 elements
Info    : 0.40 < quality < 0.50 :      1348 elements
Info    : 0.50 < quality < 0.60 :      4008 elements
Info    : 0.60 < quality < 0.70 :     11243 elements
Info    : 0.70 < quality < 0.80 :     19988 elements
Info    : 0.80 < quality < 0.90 :      1986 elements
Info    : 0.90 < quality < 1.00 :      1604 elements
Info    : 1290 edge swaps, 14 node relocations (volume = 235.621): worst = 0.118555 / average = 0.697031 (Wall 0.0583578s, CPU 0.029306s)
Info    : 1353 edge swaps, 14 node relocations (volume = 235.621): worst = 0.120931 / average = 0.697709 (Wall 0.0671727s, CPU 0.038015s)
Info    : 1354 edge swaps, 14 node relocations (volume = 235.621): worst = 0.120931 / average = 0.69772 (Wall 0.0735936s, CPU 0.044329s)
Info    : No ill-shaped tets in the mesh :-)
Info    : 0.00 < quality < 0.10 :         0 elements
Info    : 0.10 < quality < 0.20 :         5 elements
Info    : 0.20 < quality < 0.30 :        24 elements
Info    : 0.30 < quality < 0.40 :       789 elements
Info    : 0.40 < quality < 0.50 :      1128 elements
Info    : 0.50 < quality < 0.60 :      4077 elements
Info    : 0.60 < quality < 0.70 :     11728 elements
Info    : 0.70 < quality < 0.80 :     19717 elements
Info    : 0.80 < quality < 0.90 :      2173 elements
Info    : 0.90 < quality < 1.00 :      1616 elements
Info    : Optimizing volume 2
Info    : Optimization starts (volume = 0.256422) with worst = 0.0814445 / average = 0.751893:
Info    : 0.00 < quality < 0.10 :         1 elements
Info    : 0.10 < quality < 0.20 :         3 elements
Info    : 0.20 < quality < 0.30 :         4 elements
Info    : 0.30 < quality < 0.40 :         7 elements
Info    : 0.40 < quality < 0.50 :         6 elements
Info    : 0.50 < quality < 0.60 :        17 elements
Info    : 0.60 < quality < 0.70 :        81 elements
Info    : 0.70 < quality < 0.80 :       184 elements
Info    : 0.80 < quality < 0.90 :       128 elements
Info    : 0.90 < quality < 1.00 :        43 elements
Info    : 8 edge swaps, 0 node relocations (volume = 0.256422): worst = 0.307806 / average = 0.76375 (Wall 0.000144262s, CPU 0.000147s)
Info    : No ill-shaped tets in the mesh :-)
Info    : 0.00 < quality < 0.10 :         0 elements
Info    : 0.10 < quality < 0.20 :         0 elements
Info    : 0.20 < quality < 0.30 :         0 elements
Info    : 0.30 < quality < 0.40 :         7 elements
Info    : 0.40 < quality < 0.50 :         6 elements
Info    : 0.50 < quality < 0.60 :        14 elements
Info    : 0.60 < quality < 0.70 :        78 elements
Info    : 0.70 < quality < 0.80 :       187 elements
Info    : 0.80 < quality < 0.90 :       132 elements
Info    : 0.90 < quality < 1.00 :        42 elements
Info    : Done optimizing mesh (Wall 0.113699s, CPU 0.082426s)
Info    : 13633 nodes 68293 elements
Info    : Meshing order 2 (curvilinear on)...
Info    : [  0%] Meshing curve 1 order 2
Info    : [ 10%] Meshing curve 2 order 2
Info    : [ 20%] Meshing curve 3 order 2
Info    : [ 20%] Meshing curve 4 order 2
Info    : [ 30%] Meshing curve 5 order 2
Info    : [ 30%] Meshing curve 6 order 2
Info    : [ 40%] Meshing curve 7 order 2
Info    : [ 40%] Meshing curve 8 order 2
Info    : [ 50%] Meshing curve 9 order 2
Info    : [ 50%] Meshing curve 10 order 2
Info    : [ 60%] Meshing curve 11 order 2
Info    : [ 60%] Meshing curve 12 order 2
Info    : [ 70%] Meshing surface 1 order 2
Info    : [ 70%] Meshing surface 2 order 2
Info    : [ 80%] Meshing surface 3 order 2
Info    : [ 80%] Meshing surface 4 order 2
Info    : [ 90%] Meshing surface 5 order 2
Info    : [ 90%] Meshing surface 6 order 2
Info    : [100%] Meshing volume 1 order 2
Info    : [100%] Meshing volume 2 order 2
Info    : Surface mesh: worst distortion = 0.797589 (0 elements in ]0, 0.2]); worst gamma = 0.669654
Warning : Volume mesh: worst distortion = -0.0378042 (avg = 0.960107, 1 elements with jac. < 0)
Info    : Done meshing order 2 (Wall 18.954s, CPU 18.9043s)
Info    : Writing '/home/user/mscr-mom/현서/scripts/contact_scenarios/fea/matv2_mesh_PHS375_phiP120_b0_s75.inp'...
Info    : Done writing '/home/user/mscr-mom/현서/scripts/contact_scenarios/fea/matv2_mesh_PHS375_phiP120_b0_s75.inp'
  [PHS375_phiP120_b0] [실패] (25.4s)
[PHS375_phiP120_b0 8/9] L_M=37.5, phi=120.0, beta=0.0, s=85.0mm, push_depth=0.1mm ...
Info    : Meshing 1D...
Info    : [  0%] Meshing curve 1 (BSpline)
Info    : [ 10%] Meshing curve 2 (Ellipse)
Info    : [ 20%] Meshing curve 3 (Ellipse)
Info    : [ 30%] Meshing curve 4 (BSpline)
Info    : [ 40%] Meshing curve 5 (BSpline)
Info    : [ 50%] Meshing curve 6 (BSpline)
Info    : [ 60%] Meshing curve 7 (BSpline)
Info    : [ 60%] Meshing curve 8 (BSpline)
Info    : [ 70%] Meshing curve 9 (BSpline)
Info    : [ 90%] Meshing curve 11 (Circle)
Info    : Done meshing 1D (Wall 0.0244179s, CPU 0.024425s)
Info    : Meshing 2D...
Info    : [  0%] Meshing surface 1 (Plane, Frontal-Delaunay)
Info    : [ 20%] Meshing surface 2 (Plane, Frontal-Delaunay)
Info    : [ 40%] Meshing surface 3 (BSpline surface, Frontal-Delaunay)
Info    : [ 60%] Meshing surface 4 (BSpline surface, Frontal-Delaunay)
Info    : [ 70%] Meshing surface 5 (Plane, Frontal-Delaunay)
Info    : [ 90%] Meshing surface 6 (Sphere, Frontal-Delaunay)
Info    : Done meshing 2D (Wall 0.79323s, CPU 0.792193s)
Info    : Meshing 3D...
Info    : 3D Meshing 2 volumes with 2 connected components
Info    : Tetrahedrizing 12545 nodes...
Info    : Done tetrahedrizing 12553 nodes (Wall 0.158888s, CPU 0.151867s)
Info    : Reconstructing mesh...
Info    :  - Creating surface mesh
Info    :  - Identifying boundary edges
Info    :  - Recovering boundary
Info    : Done reconstructing mesh (Wall 0.455222s, CPU 0.438179s)
Info    : Found volume 1
Info    : It. 0 - 0 nodes created - worst tet radius 1.06811 (nodes removed 0 0)
Info    : It. 500 - 500 nodes created - worst tet radius 1.00005 (nodes removed 0 0)
Info    : 3D refinement terminated (13234 nodes total):
Info    :  - 0 Delaunay cavities modified for star shapeness
Info    :  - 0 nodes could not be inserted
Info    :  - 42466 tetrahedra created in 0.0286467 sec. (1482405 tets/s)
Info    : 0 node relocations
Info    : Tetrahedrizing 130 nodes...
Info    : Done tetrahedrizing 138 nodes (Wall 0.000773863s, CPU 0s)
Info    : Reconstructing mesh...
Info    :  - Creating surface mesh
Info    :  - Identifying boundary edges
Info    :  - Recovering boundary
Info    : Done reconstructing mesh (Wall 0.00180838s, CPU 0.000814s)
Info    : Found volume 2
Info    : It. 0 - 0 nodes created - worst tet radius 3.06344 (nodes removed 0 0)
Info    : 3D refinement terminated (12756 nodes total):
Info    :  - 0 Delaunay cavities modified for star shapeness
Info    :  - 0 nodes could not be inserted
Info    :  - 492 tetrahedra created in 0.00304587 sec. (161530 tets/s)
Info    : 0 node relocations
Info    : Done meshing 3D (Wall 0.782399s, CPU 0.764342s)
Info    : Optimizing mesh...
Info    : Optimizing volume 1
Info    : Optimization starts (volume = 235.621) with worst = 0.0020907 / average = 0.679792:
Info    : 0.00 < quality < 0.10 :       219 elements
Info    : 0.10 < quality < 0.20 :       404 elements
Info    : 0.20 < quality < 0.30 :       736 elements
Info    : 0.30 < quality < 0.40 :       930 elements
Info    : 0.40 < quality < 0.50 :      1348 elements
Info    : 0.50 < quality < 0.60 :      4008 elements
Info    : 0.60 < quality < 0.70 :     11243 elements
Info    : 0.70 < quality < 0.80 :     19988 elements
Info    : 0.80 < quality < 0.90 :      1986 elements
Info    : 0.90 < quality < 1.00 :      1604 elements
Info    : 1290 edge swaps, 14 node relocations (volume = 235.621): worst = 0.118555 / average = 0.697031 (Wall 0.0192272s, CPU 0.019225s)
Info    : 1353 edge swaps, 14 node relocations (volume = 235.621): worst = 0.120931 / average = 0.697709 (Wall 0.0253491s, CPU 0.025347s)
Info    : 1354 edge swaps, 14 node relocations (volume = 235.621): worst = 0.120931 / average = 0.69772 (Wall 0.0290682s, CPU 0.029066s)
Info    : No ill-shaped tets in the mesh :-)
Info    : 0.00 < quality < 0.10 :         0 elements
Info    : 0.10 < quality < 0.20 :         5 elements
Info    : 0.20 < quality < 0.30 :        24 elements
Info    : 0.30 < quality < 0.40 :       789 elements
Info    : 0.40 < quality < 0.50 :      1128 elements
Info    : 0.50 < quality < 0.60 :      4077 elements
Info    : 0.60 < quality < 0.70 :     11728 elements
Info    : 0.70 < quality < 0.80 :     19717 elements
Info    : 0.80 < quality < 0.90 :      2173 elements
Info    : 0.90 < quality < 1.00 :      1616 elements
Info    : Optimizing volume 2
Info    : Optimization starts (volume = 0.256435) with worst = 0.0657345 / average = 0.748343:
Info    : 0.00 < quality < 0.10 :         1 elements
Info    : 0.10 < quality < 0.20 :         3 elements
Info    : 0.20 < quality < 0.30 :         6 elements
Info    : 0.30 < quality < 0.40 :        10 elements
Info    : 0.40 < quality < 0.50 :        17 elements
Info    : 0.50 < quality < 0.60 :        17 elements
Info    : 0.60 < quality < 0.70 :        62 elements
Info    : 0.70 < quality < 0.80 :       188 elements
Info    : 0.80 < quality < 0.90 :       151 elements
Info    : 0.90 < quality < 1.00 :        37 elements
Info    : 10 edge swaps, 0 node relocations (volume = 0.256435): worst = 0.31774 / average = 0.761248 (Wall 0.000157202s, CPU 0.00016s)
Info    : No ill-shaped tets in the mesh :-)
Info    : 0.00 < quality < 0.10 :         0 elements
Info    : 0.10 < quality < 0.20 :         0 elements
Info    : 0.20 < quality < 0.30 :         0 elements
Info    : 0.30 < quality < 0.40 :        10 elements
Info    : 0.40 < quality < 0.50 :        15 elements
Info    : 0.50 < quality < 0.60 :        15 elements
Info    : 0.60 < quality < 0.70 :        66 elements
Info    : 0.70 < quality < 0.80 :       188 elements
Info    : 0.80 < quality < 0.90 :       152 elements
Info    : 0.90 < quality < 1.00 :        37 elements
Info    : Done optimizing mesh (Wall 0.057362s, CPU 0.056355s)
Info    : 13634 nodes 68308 elements
Info    : Meshing order 2 (curvilinear on)...
Info    : [  0%] Meshing curve 1 order 2
Info    : [ 10%] Meshing curve 2 order 2
Info    : [ 20%] Meshing curve 3 order 2
Info    : [ 20%] Meshing curve 4 order 2
Info    : [ 30%] Meshing curve 5 order 2
Info    : [ 30%] Meshing curve 6 order 2
Info    : [ 40%] Meshing curve 7 order 2
Info    : [ 40%] Meshing curve 8 order 2
Info    : [ 50%] Meshing curve 9 order 2
Info    : [ 50%] Meshing curve 10 order 2
Info    : [ 60%] Meshing curve 11 order 2
Info    : [ 60%] Meshing curve 12 order 2
Info    : [ 70%] Meshing surface 1 order 2
Info    : [ 70%] Meshing surface 2 order 2
Info    : [ 80%] Meshing surface 3 order 2
Info    : [ 80%] Meshing surface 4 order 2
Info    : [ 90%] Meshing surface 5 order 2
Info    : [ 90%] Meshing surface 6 order 2
Info    : [100%] Meshing volume 1 order 2
Info    : [100%] Meshing volume 2 order 2
Info    : Surface mesh: worst distortion = 0.797589 (0 elements in ]0, 0.2]); worst gamma = 0.669654
Warning : Volume mesh: worst distortion = -0.0378042 (avg = 0.960112, 1 elements with jac. < 0)
Info    : Done meshing order 2 (Wall 18.136s, CPU 18.1094s)
Info    : Writing '/home/user/mscr-mom/현서/scripts/contact_scenarios/fea/matv2_mesh_PHS375_phiP120_b0_s85.inp'...
Info    : Done writing '/home/user/mscr-mom/현서/scripts/contact_scenarios/fea/matv2_mesh_PHS375_phiP120_b0_s85.inp'
  [PHS375_phiP120_b0] [실패] (23.7s)
[PHS375_phiP120_b0 9/9] L_M=37.5, phi=120.0, beta=0.0, s=95.0mm, push_depth=0.1mm ...
Info    : Meshing 1D...
Info    : [  0%] Meshing curve 1 (BSpline)
Info    : [ 10%] Meshing curve 2 (Ellipse)
Info    : [ 20%] Meshing curve 3 (Ellipse)
Info    : [ 30%] Meshing curve 4 (BSpline)
Info    : [ 40%] Meshing curve 5 (BSpline)
Info    : [ 50%] Meshing curve 6 (BSpline)
Info    : [ 60%] Meshing curve 7 (BSpline)
Info    : [ 60%] Meshing curve 8 (BSpline)
Info    : [ 70%] Meshing curve 9 (BSpline)
Info    : [ 90%] Meshing curve 11 (Circle)
Info    : Done meshing 1D (Wall 0.0477649s, CPU 0.04757s)
Info    : Meshing 2D...
Info    : [  0%] Meshing surface 1 (Plane, Frontal-Delaunay)
Info    : [ 20%] Meshing surface 2 (Plane, Frontal-Delaunay)
Info    : [ 40%] Meshing surface 3 (BSpline surface, Frontal-Delaunay)
Info    : [ 60%] Meshing surface 4 (BSpline surface, Frontal-Delaunay)
Info    : [ 70%] Meshing surface 5 (Plane, Frontal-Delaunay)
Info    : [ 90%] Meshing surface 6 (Sphere, Frontal-Delaunay)
Info    : Done meshing 2D (Wall 1.25604s, CPU 1.25484s)
Info    : Meshing 3D...
Info    : 3D Meshing 2 volumes with 2 connected components
Info    : Tetrahedrizing 12545 nodes...
Info    : Done tetrahedrizing 12553 nodes (Wall 0.157729s, CPU 0.149732s)
Info    : Reconstructing mesh...
Info    :  - Creating surface mesh
Info    :  - Identifying boundary edges
Info    :  - Recovering boundary
Info    : Done reconstructing mesh (Wall 0.414072s, CPU 0.396762s)
Info    : Found volume 1
Info    : It. 0 - 0 nodes created - worst tet radius 1.06811 (nodes removed 0 0)
Info    : It. 500 - 500 nodes created - worst tet radius 1.00005 (nodes removed 0 0)
Info    : 3D refinement terminated (13235 nodes total):
Info    :  - 0 Delaunay cavities modified for star shapeness
Info    :  - 0 nodes could not be inserted
Info    :  - 42466 tetrahedra created in 0.0305013 sec. (1392270 tets/s)
Info    : 0 node relocations
Info    : Tetrahedrizing 131 nodes...
Info    : Done tetrahedrizing 139 nodes (Wall 0.000795286s, CPU 0.000795s)
Info    : Reconstructing mesh...
Info    :  - Creating surface mesh
Info    :  - Identifying boundary edges
Info    :  - Recovering boundary
Info    : Done reconstructing mesh (Wall 0.00270481s, CPU 0.002702s)
Info    : Found volume 2
Info    : It. 0 - 0 nodes created - worst tet radius 3.11281 (nodes removed 0 0)
Info    : 3D refinement terminated (12755 nodes total):
Info    :  - 0 Delaunay cavities modified for star shapeness
Info    :  - 0 nodes could not be inserted
Info    :  - 474 tetrahedra created in 0.00532951 sec. (88938 tets/s)
Info    : 0 node relocations
Info    : Done meshing 3D (Wall 0.771951s, CPU 0.753472s)
Info    : Optimizing mesh...
Info    : Optimizing volume 1
Info    : Optimization starts (volume = 235.621) with worst = 0.0020907 / average = 0.679792:
Info    : 0.00 < quality < 0.10 :       219 elements
Info    : 0.10 < quality < 0.20 :       404 elements
Info    : 0.20 < quality < 0.30 :       736 elements
Info    : 0.30 < quality < 0.40 :       930 elements
Info    : 0.40 < quality < 0.50 :      1348 elements
Info    : 0.50 < quality < 0.60 :      4008 elements
Info    : 0.60 < quality < 0.70 :     11243 elements
Info    : 0.70 < quality < 0.80 :     19988 elements
Info    : 0.80 < quality < 0.90 :      1986 elements
Info    : 0.90 < quality < 1.00 :      1604 elements
Info    : 1290 edge swaps, 14 node relocations (volume = 235.621): worst = 0.118555 / average = 0.697031 (Wall 0.0162245s, CPU 0.016225s)
Info    : 1353 edge swaps, 14 node relocations (volume = 235.621): worst = 0.120931 / average = 0.697709 (Wall 0.0197851s, CPU 0.019787s)
Info    : 1354 edge swaps, 14 node relocations (volume = 235.621): worst = 0.120931 / average = 0.69772 (Wall 0.0222928s, CPU 0.021299s)
Info    : No ill-shaped tets in the mesh :-)
Info    : 0.00 < quality < 0.10 :         0 elements
Info    : 0.10 < quality < 0.20 :         5 elements
Info    : 0.20 < quality < 0.30 :        24 elements
Info    : 0.30 < quality < 0.40 :       789 elements
Info    : 0.40 < quality < 0.50 :      1128 elements
Info    : 0.50 < quality < 0.60 :      4077 elements
Info    : 0.60 < quality < 0.70 :     11728 elements
Info    : 0.70 < quality < 0.80 :     19717 elements
Info    : 0.80 < quality < 0.90 :      2173 elements
Info    : 0.90 < quality < 1.00 :      1616 elements
Info    : Optimizing volume 2
Info    : Optimization starts (volume = 0.256422) with worst = 0.0814445 / average = 0.751893:
Info    : 0.00 < quality < 0.10 :         1 elements
Info    : 0.10 < quality < 0.20 :         3 elements
Info    : 0.20 < quality < 0.30 :         4 elements
Info    : 0.30 < quality < 0.40 :         7 elements
Info    : 0.40 < quality < 0.50 :         6 elements
Info    : 0.50 < quality < 0.60 :        17 elements
Info    : 0.60 < quality < 0.70 :        81 elements
Info    : 0.70 < quality < 0.80 :       184 elements
Info    : 0.80 < quality < 0.90 :       128 elements
Info    : 0.90 < quality < 1.00 :        43 elements
Info    : 8 edge swaps, 0 node relocations (volume = 0.256422): worst = 0.307806 / average = 0.76375 (Wall 0.000113715s, CPU 0.000115s)
Info    : No ill-shaped tets in the mesh :-)
Info    : 0.00 < quality < 0.10 :         0 elements
Info    : 0.10 < quality < 0.20 :         0 elements
Info    : 0.20 < quality < 0.30 :         0 elements
Info    : 0.30 < quality < 0.40 :         7 elements
Info    : 0.40 < quality < 0.50 :         6 elements
Info    : 0.50 < quality < 0.60 :        14 elements
Info    : 0.60 < quality < 0.70 :        78 elements
Info    : 0.70 < quality < 0.80 :       187 elements
Info    : 0.80 < quality < 0.90 :       132 elements
Info    : 0.90 < quality < 1.00 :        42 elements
Info    : Done optimizing mesh (Wall 0.0571945s, CPU 0.056192s)
Info    : 13633 nodes 68293 elements
Info    : Meshing order 2 (curvilinear on)...
Info    : [  0%] Meshing curve 1 order 2
Info    : [ 10%] Meshing curve 2 order 2
Info    : [ 20%] Meshing curve 3 order 2
Info    : [ 20%] Meshing curve 4 order 2
Info    : [ 30%] Meshing curve 5 order 2
Info    : [ 30%] Meshing curve 6 order 2
Info    : [ 40%] Meshing curve 7 order 2
Info    : [ 40%] Meshing curve 8 order 2
Info    : [ 50%] Meshing curve 9 order 2
Info    : [ 50%] Meshing curve 10 order 2
Info    : [ 60%] Meshing curve 11 order 2
Info    : [ 60%] Meshing curve 12 order 2
Info    : [ 70%] Meshing surface 1 order 2
Info    : [ 70%] Meshing surface 2 order 2
Info    : [ 80%] Meshing surface 3 order 2
Info    : [ 80%] Meshing surface 4 order 2
Info    : [ 90%] Meshing surface 5 order 2
Info    : [ 90%] Meshing surface 6 order 2
Info    : [100%] Meshing volume 1 order 2
Info    : [100%] Meshing volume 2 order 2
Info    : Surface mesh: worst distortion = 0.797589 (0 elements in ]0, 0.2]); worst gamma = 0.669654
Warning : Volume mesh: worst distortion = -0.0378042 (avg = 0.960107, 1 elements with jac. < 0)
Info    : Done meshing order 2 (Wall 22.7859s, CPU 22.6623s)
Info    : Writing '/home/user/mscr-mom/현서/scripts/contact_scenarios/fea/matv2_mesh_PHS375_phiP120_b0_s95.inp'...
Info    : Done writing '/home/user/mscr-mom/현서/scripts/contact_scenarios/fea/matv2_mesh_PHS375_phiP120_b0_s95.inp'
  [PHS375_phiP120_b0] [실패] (28.9s)
[PHS375_phiP120_b0] 완료: 0/9 성공
