Info    : Meshing 1D...
Info    : [  0%] Meshing curve 1 (BSpline)
Info    : [ 10%] Meshing curve 2 (Ellipse)
Info    : [ 20%] Meshing curve 3 (Ellipse)
Info    : [ 30%] Meshing curve 4 (BSpline)
Info    : [ 40%] Meshing curve 5 (BSpline)
Info    : [ 50%] Meshing curve 6 (BSpline)
Info    : [ 60%] Meshing curve 7 (BSpline)
Info    : [ 60%] Meshing curve 8 (BSpline)
Info    : [ 70%] Meshing curve 9 (BSpline)
Info    : [ 90%] Meshing curve 11 (Circle)
Info    : Done meshing 1D (Wall 0.0196898s, CPU 0.019675s)
Info    : Meshing 2D...
Info    : [  0%] Meshing surface 1 (Plane, Frontal-Delaunay)
Info    : [ 20%] Meshing surface 2 (Plane, Frontal-Delaunay)
Info    : [ 40%] Meshing surface 3 (BSpline surface, Frontal-Delaunay)
Info    : [ 60%] Meshing surface 4 (BSpline surface, Frontal-Delaunay)
Info    : [ 70%] Meshing surface 5 (Plane, Frontal-Delaunay)
Info    : [ 90%] Meshing surface 6 (Sphere, Frontal-Delaunay)
Info    : Done meshing 2D (Wall 0.710961s, CPU 0.705951s)
Info    : Meshing 3D...
Info    : 3D Meshing 2 volumes with 2 connected components
Info    : Tetrahedrizing 12505 nodes...
Info    : Done tetrahedrizing 12513 nodes (Wall 0.153494s, CPU 0.145446s)
Info    : Reconstructing mesh...
Info    :  - Creating surface mesh
Info    :  - Identifying boundary edges
Info    :  - Recovering boundary
Info    : Done reconstructing mesh (Wall 0.3763s, CPU 0.350255s)
Info    : Found volume 1
Info    : It. 0 - 0 nodes created - worst tet radius 1.0515 (nodes removed 0 0)
Info    : 3D refinement terminated (13149 nodes total):
Info    :  - 0 Delaunay cavities modified for star shapeness
Info    :  - 0 nodes could not be inserted
Info    :  - 41706 tetrahedra created in 0.0153597 sec. (2715284 tets/s)
Info    : 0 node relocations
Info    : Tetrahedrizing 134 nodes...
Info    : Done tetrahedrizing 142 nodes (Wall 0.000729885s, CPU 0.000729s)
Info    : Reconstructing mesh...
Info    :  - Creating surface mesh
Info    :  - Identifying boundary edges
Info    :  - Recovering boundary
Info    : Done reconstructing mesh (Wall 0.00162748s, CPU 0.001577s)
Info    : Found volume 2
Info    : It. 0 - 0 nodes created - worst tet radius 3.15563 (nodes removed 0 0)
Info    : 3D refinement terminated (12720 nodes total):
Info    :  - 0 Delaunay cavities modified for star shapeness
Info    :  - 0 nodes could not be inserted
Info    :  - 502 tetrahedra created in 0.00216425 sec. (231950 tets/s)
Info    : 0 node relocations
Info    : Done meshing 3D (Wall 0.5907s, CPU 0.562635s)
Info    : Optimizing mesh...
Info    : Optimizing volume 1
Info    : Optimization starts (volume = 235.669) with worst = 0.00124831 / average = 0.684846:
Info    : 0.00 < quality < 0.10 :       222 elements
Info    : 0.10 < quality < 0.20 :       344 elements
Info    : 0.20 < quality < 0.30 :       549 elements
Info    : 0.30 < quality < 0.40 :       775 elements
Info    : 0.40 < quality < 0.50 :      1120 elements
Info    : 0.50 < quality < 0.60 :      3456 elements
Info    : 0.60 < quality < 0.70 :     11617 elements
Info    : 0.70 < quality < 0.80 :     20244 elements
Info    : 0.80 < quality < 0.90 :      1860 elements
Info    : 0.90 < quality < 1.00 :      1519 elements
Info    : 1057 edge swaps, 15 node relocations (volume = 235.669): worst = 0.0669583 / average = 0.699866 (Wall 0.00911687s, CPU 0.009117s)
Info    : 1101 edge swaps, 16 node relocations (volume = 235.669): worst = 0.12952 / average = 0.700368 (Wall 0.0113127s, CPU 0.011313s)
Info    : 1106 edge swaps, 16 node relocations (volume = 235.669): worst = 0.165185 / average = 0.70041 (Wall 0.0131521s, CPU 0.013153s)
Info    : No ill-shaped tets in the mesh :-)
Info    : 0.00 < quality < 0.10 :         0 elements
Info    : 0.10 < quality < 0.20 :         1 elements
Info    : 0.20 < quality < 0.30 :         6 elements
Info    : 0.30 < quality < 0.40 :       608 elements
Info    : 0.40 < quality < 0.50 :       974 elements
Info    : 0.50 < quality < 0.60 :      3571 elements
Info    : 0.60 < quality < 0.70 :     11983 elements
Info    : 0.70 < quality < 0.80 :     20003 elements
Info    : 0.80 < quality < 0.90 :      2029 elements
Info    : 0.90 < quality < 1.00 :      1519 elements
Info    : Optimizing volume 2
Info    : Optimization starts (volume = 0.256681) with worst = 0.152041 / average = 0.746614:
Info    : 0.00 < quality < 0.10 :         0 elements
Info    : 0.10 < quality < 0.20 :         2 elements
Info    : 0.20 < quality < 0.30 :         2 elements
Info    : 0.30 < quality < 0.40 :         8 elements
Info    : 0.40 < quality < 0.50 :        23 elements
Info    : 0.50 < quality < 0.60 :        19 elements
Info    : 0.60 < quality < 0.70 :        85 elements
Info    : 0.70 < quality < 0.80 :       185 elements
Info    : 0.80 < quality < 0.90 :       127 elements
Info    : 0.90 < quality < 1.00 :        51 elements
Info    : 4 edge swaps, 0 node relocations (volume = 0.256681): worst = 0.304449 / average = 0.752236 (Wall 8.52698e-05s, CPU 8.6e-05s)
Info    : No ill-shaped tets in the mesh :-)
Info    : 0.00 < quality < 0.10 :         0 elements
Info    : 0.10 < quality < 0.20 :         0 elements
Info    : 0.20 < quality < 0.30 :         0 elements
Info    : 0.30 < quality < 0.40 :         8 elements
Info    : 0.40 < quality < 0.50 :        20 elements
Info    : 0.50 < quality < 0.60 :        18 elements
Info    : 0.60 < quality < 0.70 :        88 elements
Info    : 0.70 < quality < 0.80 :       185 elements
Info    : 0.80 < quality < 0.90 :       128 elements
Info    : 0.90 < quality < 1.00 :        51 elements
Info    : Done optimizing mesh (Wall 0.0351037s, CPU 0.035102s)
Info    : 13549 nodes 67703 elements
Info    : Meshing order 2 (curvilinear on)...
Info    : [  0%] Meshing curve 1 order 2
Info    : [ 10%] Meshing curve 2 order 2
Info    : [ 20%] Meshing curve 3 order 2
Info    : [ 20%] Meshing curve 4 order 2
Info    : [ 30%] Meshing curve 5 order 2
Info    : [ 30%] Meshing curve 6 order 2
Info    : [ 40%] Meshing curve 7 order 2
Info    : [ 40%] Meshing curve 8 order 2
Info    : [ 50%] Meshing curve 9 order 2
Info    : [ 50%] Meshing curve 10 order 2
Info    : [ 60%] Meshing curve 11 order 2
Info    : [ 60%] Meshing curve 12 order 2
Info    : [ 70%] Meshing surface 1 order 2
Info    : [ 70%] Meshing surface 2 order 2
Info    : [ 80%] Meshing surface 3 order 2
Info    : [ 80%] Meshing surface 4 order 2
Info    : [ 90%] Meshing surface 5 order 2
Info    : [ 90%] Meshing surface 6 order 2
Info    : [100%] Meshing volume 1 order 2
Info    : [100%] Meshing volume 2 order 2
Info    : Surface mesh: worst distortion = 0.797589 (0 elements in ]0, 0.2]); worst gamma = 0.632317
Info    : Volume mesh: worst distortion = 0.240172 (0 elements in ]0, 0.2])
Info    : Done meshing order 2 (Wall 13.4687s, CPU 13.4564s)
Info    : Writing '/home/user/mscr-mom/현서/scripts/contact_scenarios/fea/geom_mesh_LM75_phiN120_s25.inp'...
Info    : Done writing '/home/user/mscr-mom/현서/scripts/contact_scenarios/fea/geom_mesh_LM75_phiN120_s25.inp'
[LM75_phiN120 1/9] L_M=75.0, phi=-120.0, s=25.0mm, push_depth=0.05mm ...
  [LM75_phiN120] F_mag=0.0051mN  (155.3s)
[LM75_phiN120 2/9] L_M=75.0, phi=-120.0, s=25.0mm, push_depth=0.1mm ...
  [LM75_phiN120] F_mag=0.0154mN  (333.9s)
[LM75_phiN120 3/9] L_M=75.0, phi=-120.0, s=25.0mm, push_depth=0.15mm ...
  [LM75_phiN120] F_mag=0.0256mN  (675.7s)
Info    : Meshing 1D...
Info    : [  0%] Meshing curve 1 (BSpline)
Info    : [ 10%] Meshing curve 2 (Ellipse)
Info    : [ 20%] Meshing curve 3 (Ellipse)
Info    : [ 30%] Meshing curve 4 (BSpline)
Info    : [ 40%] Meshing curve 5 (BSpline)
Info    : [ 50%] Meshing curve 6 (BSpline)
Info    : [ 60%] Meshing curve 7 (BSpline)
Info    : [ 60%] Meshing curve 8 (BSpline)
Info    : [ 70%] Meshing curve 9 (BSpline)
Info    : [ 90%] Meshing curve 11 (Circle)
Info    : Done meshing 1D (Wall 0.0195731s, CPU 0.019559s)
Info    : Meshing 2D...
Info    : [  0%] Meshing surface 1 (Plane, Frontal-Delaunay)
Info    : [ 20%] Meshing surface 2 (Plane, Frontal-Delaunay)
Info    : [ 40%] Meshing surface 3 (BSpline surface, Frontal-Delaunay)
Info    : [ 60%] Meshing surface 4 (BSpline surface, Frontal-Delaunay)
Info    : [ 70%] Meshing surface 5 (Plane, Frontal-Delaunay)
Info    : [ 90%] Meshing surface 6 (Sphere, Frontal-Delaunay)
Info    : Done meshing 2D (Wall 0.719726s, CPU 0.719216s)
Info    : Meshing 3D...
Info    : 3D Meshing 2 volumes with 2 connected components
Info    : Tetrahedrizing 12505 nodes...
Info    : Done tetrahedrizing 12513 nodes (Wall 0.14628s, CPU 0.143299s)
Info    : Reconstructing mesh...
Info    :  - Creating surface mesh
Info    :  - Identifying boundary edges
Info    :  - Recovering boundary
Info    : Done reconstructing mesh (Wall 0.357741s, CPU 0.342753s)
Info    : Found volume 1
Info    : It. 0 - 0 nodes created - worst tet radius 1.0515 (nodes removed 0 0)
Info    : 3D refinement terminated (13147 nodes total):
Info    :  - 0 Delaunay cavities modified for star shapeness
Info    :  - 0 nodes could not be inserted
Info    :  - 41706 tetrahedra created in 0.030961 sec. (1347049 tets/s)
Info    : 0 node relocations
Info    : Tetrahedrizing 132 nodes...
Info    : Done tetrahedrizing 140 nodes (Wall 0.000806731s, CPU 0.000807s)
Info    : Reconstructing mesh...
Info    :  - Creating surface mesh
Info    :  - Identifying boundary edges
Info    :  - Recovering boundary
Info    : Done reconstructing mesh (Wall 0.0018784s, CPU 0.001876s)
Info    : Found volume 2
Info    : It. 0 - 0 nodes created - worst tet radius 3.18538 (nodes removed 0 0)
Info    : 3D refinement terminated (12717 nodes total):
Info    :  - 0 Delaunay cavities modified for star shapeness
Info    :  - 0 nodes could not be inserted
Info    :  - 486 tetrahedra created in 0.00503486 sec. (96526 tets/s)
Info    : 0 node relocations
Info    : Done meshing 3D (Wall 0.659605s, CPU 0.642551s)
Info    : Optimizing mesh...
Info    : Optimizing volume 1
Info    : Optimization starts (volume = 235.669) with worst = 0.00124831 / average = 0.684846:
Info    : 0.00 < quality < 0.10 :       222 elements
Info    : 0.10 < quality < 0.20 :       344 elements
Info    : 0.20 < quality < 0.30 :       549 elements
Info    : 0.30 < quality < 0.40 :       775 elements
Info    : 0.40 < quality < 0.50 :      1120 elements
Info    : 0.50 < quality < 0.60 :      3456 elements
Info    : 0.60 < quality < 0.70 :     11617 elements
Info    : 0.70 < quality < 0.80 :     20244 elements
Info    : 0.80 < quality < 0.90 :      1860 elements
Info    : 0.90 < quality < 1.00 :      1519 elements
Info    : 1057 edge swaps, 15 node relocations (volume = 235.669): worst = 0.0669583 / average = 0.699866 (Wall 0.0151132s, CPU 0.015115s)
Info    : 1101 edge swaps, 16 node relocations (volume = 235.669): worst = 0.12952 / average = 0.700368 (Wall 0.0185723s, CPU 0.018569s)
Info    : 1106 edge swaps, 16 node relocations (volume = 235.669): worst = 0.165185 / average = 0.70041 (Wall 0.0214336s, CPU 0.021431s)
Info    : No ill-shaped tets in the mesh :-)
Info    : 0.00 < quality < 0.10 :         0 elements
Info    : 0.10 < quality < 0.20 :         1 elements
Info    : 0.20 < quality < 0.30 :         6 elements
Info    : 0.30 < quality < 0.40 :       608 elements
Info    : 0.40 < quality < 0.50 :       974 elements
Info    : 0.50 < quality < 0.60 :      3571 elements
Info    : 0.60 < quality < 0.70 :     11983 elements
Info    : 0.70 < quality < 0.80 :     20003 elements
Info    : 0.80 < quality < 0.90 :      2029 elements
Info    : 0.90 < quality < 1.00 :      1519 elements
Info    : Optimizing volume 2
Info    : Optimization starts (volume = 0.256519) with worst = 0.162413 / average = 0.754081:
Info    : 0.00 < quality < 0.10 :         0 elements
Info    : 0.10 < quality < 0.20 :         1 elements
Info    : 0.20 < quality < 0.30 :         7 elements
Info    : 0.30 < quality < 0.40 :         9 elements
Info    : 0.40 < quality < 0.50 :        13 elements
Info    : 0.50 < quality < 0.60 :        19 elements
Info    : 0.60 < quality < 0.70 :        69 elements
Info    : 0.70 < quality < 0.80 :       185 elements
Info    : 0.80 < quality < 0.90 :       133 elements
Info    : 0.90 < quality < 1.00 :        50 elements
Info    : 8 edge swaps, 0 node relocations (volume = 0.256519): worst = 0.302446 / average = 0.763547 (Wall 0.000117008s, CPU 0.000119s)
Info    : No ill-shaped tets in the mesh :-)
Info    : 0.00 < quality < 0.10 :         0 elements
Info    : 0.10 < quality < 0.20 :         0 elements
Info    : 0.20 < quality < 0.30 :         0 elements
Info    : 0.30 < quality < 0.40 :        10 elements
Info    : 0.40 < quality < 0.50 :        10 elements
Info    : 0.50 < quality < 0.60 :        17 elements
Info    : 0.60 < quality < 0.70 :        72 elements
Info    : 0.70 < quality < 0.80 :       185 elements
Info    : 0.80 < quality < 0.90 :       135 elements
Info    : 0.90 < quality < 1.00 :        50 elements
Info    : Done optimizing mesh (Wall 0.0519189s, CPU 0.051857s)
Info    : 13546 nodes 67680 elements
Info    : Meshing order 2 (curvilinear on)...
Info    : [  0%] Meshing curve 1 order 2
Info    : [ 10%] Meshing curve 2 order 2
Info    : [ 20%] Meshing curve 3 order 2
Info    : [ 20%] Meshing curve 4 order 2
Info    : [ 30%] Meshing curve 5 order 2
Info    : [ 30%] Meshing curve 6 order 2
Info    : [ 40%] Meshing curve 7 order 2
Info    : [ 40%] Meshing curve 8 order 2
Info    : [ 50%] Meshing curve 9 order 2
Info    : [ 50%] Meshing curve 10 order 2
Info    : [ 60%] Meshing curve 11 order 2
Info    : [ 60%] Meshing curve 12 order 2
Info    : [ 70%] Meshing surface 1 order 2
Info    : [ 70%] Meshing surface 2 order 2
Info    : [ 80%] Meshing surface 3 order 2
Info    : [ 80%] Meshing surface 4 order 2
Info    : [ 90%] Meshing surface 5 order 2
Info    : [ 90%] Meshing surface 6 order 2
Info    : [100%] Meshing volume 1 order 2
Info    : [100%] Meshing volume 2 order 2
Info    : Surface mesh: worst distortion = 0.797589 (0 elements in ]0, 0.2]); worst gamma = 0.633891
Info    : Volume mesh: worst distortion = 0.240172 (0 elements in ]0, 0.2])
Info    : Done meshing order 2 (Wall 13.6453s, CPU 13.6402s)
Info    : Writing '/home/user/mscr-mom/현서/scripts/contact_scenarios/fea/geom_mesh_LM75_phiN120_s50.inp'...
Info    : Done writing '/home/user/mscr-mom/현서/scripts/contact_scenarios/fea/geom_mesh_LM75_phiN120_s50.inp'
[LM75_phiN120 4/9] L_M=75.0, phi=-120.0, s=50.0mm, push_depth=0.05mm ...
  [LM75_phiN120] F_mag=0.0008mN  (127.4s)
[LM75_phiN120 5/9] L_M=75.0, phi=-120.0, s=50.0mm, push_depth=0.1mm ...
  [LM75_phiN120] [실패] (804.4s)
[LM75_phiN120 6/9] L_M=75.0, phi=-120.0, s=50.0mm, push_depth=0.15mm ...
  [LM75_phiN120] [실패] (694.8s)
Info    : Meshing 1D...
Info    : [  0%] Meshing curve 1 (BSpline)
Info    : [ 10%] Meshing curve 2 (Ellipse)
Info    : [ 20%] Meshing curve 3 (Ellipse)
Info    : [ 30%] Meshing curve 4 (BSpline)
Info    : [ 40%] Meshing curve 5 (BSpline)
Info    : [ 50%] Meshing curve 6 (BSpline)
Info    : [ 60%] Meshing curve 7 (BSpline)
Info    : [ 60%] Meshing curve 8 (BSpline)
Info    : [ 70%] Meshing curve 9 (BSpline)
Info    : [ 90%] Meshing curve 11 (Circle)
Info    : Done meshing 1D (Wall 0.0202917s, CPU 0.020289s)
Info    : Meshing 2D...
Info    : [  0%] Meshing surface 1 (Plane, Frontal-Delaunay)
Info    : [ 20%] Meshing surface 2 (Plane, Frontal-Delaunay)
Info    : [ 40%] Meshing surface 3 (BSpline surface, Frontal-Delaunay)
Info    : [ 60%] Meshing surface 4 (BSpline surface, Frontal-Delaunay)
Info    : [ 70%] Meshing surface 5 (Plane, Frontal-Delaunay)
Info    : [ 90%] Meshing surface 6 (Sphere, Frontal-Delaunay)
Info    : Done meshing 2D (Wall 0.770744s, CPU 0.7702s)
Info    : Meshing 3D...
Info    : 3D Meshing 2 volumes with 2 connected components
Info    : Tetrahedrizing 12505 nodes...
Info    : Done tetrahedrizing 12513 nodes (Wall 0.146222s, CPU 0.141228s)
Info    : Reconstructing mesh...
Info    :  - Creating surface mesh
Info    :  - Identifying boundary edges
Info    :  - Recovering boundary
Info    : Done reconstructing mesh (Wall 0.368381s, CPU 0.349757s)
Info    : Found volume 1
Info    : It. 0 - 0 nodes created - worst tet radius 1.0515 (nodes removed 0 0)
Info    : 3D refinement terminated (13149 nodes total):
Info    :  - 0 Delaunay cavities modified for star shapeness
Info    :  - 0 nodes could not be inserted
Info    :  - 41706 tetrahedra created in 0.0224739 sec. (1855753 tets/s)
Info    : 0 node relocations
Info    : Tetrahedrizing 134 nodes...
Info    : Done tetrahedrizing 142 nodes (Wall 0.000743222s, CPU 0.000743s)
Info    : Reconstructing mesh...
Info    :  - Creating surface mesh
Info    :  - Identifying boundary edges
Info    :  - Recovering boundary
Info    : Done reconstructing mesh (Wall 0.00164904s, CPU 0.001651s)
Info    : Found volume 2
Info    : It. 0 - 0 nodes created - worst tet radius 3.15563 (nodes removed 0 0)
Info    : 3D refinement terminated (12719 nodes total):
Info    :  - 0 Delaunay cavities modified for star shapeness
Info    :  - 0 nodes could not be inserted
Info    :  - 493 tetrahedra created in 0.00261877 sec. (188256 tets/s)
Info    : 0 node relocations
Info    : Done meshing 3D (Wall 0.663847s, CPU 0.645181s)
Info    : Optimizing mesh...
Info    : Optimizing volume 1
Info    : Optimization starts (volume = 235.669) with worst = 0.00124831 / average = 0.684846:
Info    : 0.00 < quality < 0.10 :       222 elements
Info    : 0.10 < quality < 0.20 :       344 elements
Info    : 0.20 < quality < 0.30 :       549 elements
Info    : 0.30 < quality < 0.40 :       775 elements
Info    : 0.40 < quality < 0.50 :      1120 elements
Info    : 0.50 < quality < 0.60 :      3456 elements
Info    : 0.60 < quality < 0.70 :     11617 elements
Info    : 0.70 < quality < 0.80 :     20244 elements
Info    : 0.80 < quality < 0.90 :      1860 elements
Info    : 0.90 < quality < 1.00 :      1519 elements
Info    : 1057 edge swaps, 15 node relocations (volume = 235.669): worst = 0.0669583 / average = 0.699866 (Wall 0.013237s, CPU 0.013237s)
Info    : 1101 edge swaps, 16 node relocations (volume = 235.669): worst = 0.12952 / average = 0.700368 (Wall 0.0157354s, CPU 0.015737s)
Info    : 1106 edge swaps, 16 node relocations (volume = 235.669): worst = 0.165185 / average = 0.70041 (Wall 0.0176902s, CPU 0.017693s)
Info    : No ill-shaped tets in the mesh :-)
Info    : 0.00 < quality < 0.10 :         0 elements
Info    : 0.10 < quality < 0.20 :         1 elements
Info    : 0.20 < quality < 0.30 :         6 elements
Info    : 0.30 < quality < 0.40 :       608 elements
Info    : 0.40 < quality < 0.50 :       974 elements
Info    : 0.50 < quality < 0.60 :      3571 elements
Info    : 0.60 < quality < 0.70 :     11983 elements
Info    : 0.70 < quality < 0.80 :     20003 elements
Info    : 0.80 < quality < 0.90 :      2029 elements
Info    : 0.90 < quality < 1.00 :      1519 elements
Info    : Optimizing volume 2
Info    : Optimization starts (volume = 0.256681) with worst = 0.106309 / average = 0.749686:
Info    : 0.00 < quality < 0.10 :         0 elements
Info    : 0.10 < quality < 0.20 :         2 elements
Info    : 0.20 < quality < 0.30 :         1 elements
Info    : 0.30 < quality < 0.40 :         8 elements
Info    : 0.40 < quality < 0.50 :        16 elements
Info    : 0.50 < quality < 0.60 :        26 elements
Info    : 0.60 < quality < 0.70 :        73 elements
Info    : 0.70 < quality < 0.80 :       196 elements
Info    : 0.80 < quality < 0.90 :       124 elements
Info    : 0.90 < quality < 1.00 :        47 elements
Info    : 3 edge swaps, 0 node relocations (volume = 0.256681): worst = 0.304449 / average = 0.752175 (Wall 8.27359e-05s, CPU 8.3e-05s)
Info    : No ill-shaped tets in the mesh :-)
Info    : 0.00 < quality < 0.10 :         0 elements
Info    : 0.10 < quality < 0.20 :         0 elements
Info    : 0.20 < quality < 0.30 :         0 elements
Info    : 0.30 < quality < 0.40 :         9 elements
Info    : 0.40 < quality < 0.50 :        15 elements
Info    : 0.50 < quality < 0.60 :        26 elements
Info    : 0.60 < quality < 0.70 :        73 elements
Info    : 0.70 < quality < 0.80 :       199 elements
Info    : 0.80 < quality < 0.90 :       124 elements
Info    : 0.90 < quality < 1.00 :        45 elements
Info    : Done optimizing mesh (Wall 0.0419243s, CPU 0.041923s)
Info    : 13548 nodes 67696 elements
Info    : Meshing order 2 (curvilinear on)...
Info    : [  0%] Meshing curve 1 order 2
Info    : [ 10%] Meshing curve 2 order 2
Info    : [ 20%] Meshing curve 3 order 2
Info    : [ 20%] Meshing curve 4 order 2
Info    : [ 30%] Meshing curve 5 order 2
Info    : [ 30%] Meshing curve 6 order 2
Info    : [ 40%] Meshing curve 7 order 2
Info    : [ 40%] Meshing curve 8 order 2
Info    : [ 50%] Meshing curve 9 order 2
Info    : [ 50%] Meshing curve 10 order 2
Info    : [ 60%] Meshing curve 11 order 2
Info    : [ 60%] Meshing curve 12 order 2
Info    : [ 70%] Meshing surface 1 order 2
Info    : [ 70%] Meshing surface 2 order 2
Info    : [ 80%] Meshing surface 3 order 2
Info    : [ 80%] Meshing surface 4 order 2
Info    : [ 90%] Meshing surface 5 order 2
Info    : [ 90%] Meshing surface 6 order 2
Info    : [100%] Meshing volume 1 order 2
Info    : [100%] Meshing volume 2 order 2
Info    : Surface mesh: worst distortion = 0.797589 (0 elements in ]0, 0.2]); worst gamma = 0.632317
Info    : Volume mesh: worst distortion = 0.240172 (0 elements in ]0, 0.2])
Info    : Done meshing order 2 (Wall 13.4806s, CPU 13.4722s)
Info    : Writing '/home/user/mscr-mom/현서/scripts/contact_scenarios/fea/geom_mesh_LM75_phiN120_s75.inp'...
Info    : Done writing '/home/user/mscr-mom/현서/scripts/contact_scenarios/fea/geom_mesh_LM75_phiN120_s75.inp'
[LM75_phiN120 7/9] L_M=75.0, phi=-120.0, s=75.0mm, push_depth=0.05mm ...
  [LM75_phiN120] F_mag=0.0003mN  (196.0s)
[LM75_phiN120 8/9] L_M=75.0, phi=-120.0, s=75.0mm, push_depth=0.1mm ...
  [LM75_phiN120] F_mag=0.0007mN  (323.7s)
[LM75_phiN120 9/9] L_M=75.0, phi=-120.0, s=75.0mm, push_depth=0.15mm ...
  [LM75_phiN120] [실패] (817.0s)
[LM75_phiN120] 완료: 6/9 성공
