[LM75_phiP120_b0 1/10] L_M=75.0, phi=120.0, beta=0.0, s=10.0mm, push_depth=0.1mm ...
Info    : Meshing 1D...
Info    : [  0%] Meshing curve 1 (BSpline)
Info    : [ 10%] Meshing curve 2 (Ellipse)
Info    : [ 20%] Meshing curve 3 (Ellipse)
Info    : [ 30%] Meshing curve 4 (BSpline)
Info    : [ 40%] Meshing curve 5 (BSpline)
Info    : [ 50%] Meshing curve 6 (BSpline)
Info    : [ 60%] Meshing curve 7 (BSpline)
Info    : [ 60%] Meshing curve 8 (BSpline)
Info    : [ 70%] Meshing curve 9 (BSpline)
Info    : [ 90%] Meshing curve 11 (Circle)
Info    : Done meshing 1D (Wall 0.0250208s, CPU 0.02302s)
Info    : Meshing 2D...
Info    : [  0%] Meshing surface 1 (Plane, Frontal-Delaunay)
Info    : [ 20%] Meshing surface 2 (Plane, Frontal-Delaunay)
Info    : [ 40%] Meshing surface 3 (BSpline surface, Frontal-Delaunay)
Info    : [ 60%] Meshing surface 4 (BSpline surface, Frontal-Delaunay)
Info    : [ 70%] Meshing surface 5 (Plane, Frontal-Delaunay)
Info    : [ 90%] Meshing surface 6 (Sphere, Frontal-Delaunay)
Info    : Done meshing 2D (Wall 0.740158s, CPU 0.732057s)
Info    : Meshing 3D...
Info    : 3D Meshing 2 volumes with 2 connected components
Info    : Tetrahedrizing 12491 nodes...
Info    : Done tetrahedrizing 12499 nodes (Wall 0.156345s, CPU 0.152319s)
Info    : Reconstructing mesh...
Info    :  - Creating surface mesh
Info    :  - Identifying boundary edges
Info    :  - Recovering boundary
Info    : Done reconstructing mesh (Wall 0.42783s, CPU 0.400751s)
Info    : Found volume 1
Info    : It. 0 - 0 nodes created - worst tet radius 1.04362 (nodes removed 0 0)
Info    : 3D refinement terminated (13015 nodes total):
Info    :  - 0 Delaunay cavities modified for star shapeness
Info    :  - 0 nodes could not be inserted
Info    :  - 40983 tetrahedra created in 0.0182367 sec. (2247282 tets/s)
Info    : 0 node relocations
Info    : Tetrahedrizing 132 nodes...
Info    : Done tetrahedrizing 140 nodes (Wall 0.000736068s, CPU 0.000736s)
Info    : Reconstructing mesh...
Info    :  - Creating surface mesh
Info    :  - Identifying boundary edges
Info    :  - Recovering boundary
Info    : Done reconstructing mesh (Wall 0.00159183s, CPU 0.001593s)
Info    : Found volume 2
Info    : It. 0 - 0 nodes created - worst tet radius 3.17744 (nodes removed 0 0)
Info    : 3D refinement terminated (12708 nodes total):
Info    :  - 0 Delaunay cavities modified for star shapeness
Info    :  - 0 nodes could not be inserted
Info    :  - 526 tetrahedra created in 0.00350747 sec. (149965 tets/s)
Info    : 0 node relocations
Info    : Done meshing 3D (Wall 0.737003s, CPU 0.709803s)
Info    : Optimizing mesh...
Info    : Optimizing volume 1
Info    : Optimization starts (volume = 235.595) with worst = 0.00317486 / average = 0.680302:
Info    : 0.00 < quality < 0.10 :       180 elements
Info    : 0.10 < quality < 0.20 :       410 elements
Info    : 0.20 < quality < 0.30 :       607 elements
Info    : 0.30 < quality < 0.40 :       823 elements
Info    : 0.40 < quality < 0.50 :      1320 elements
Info    : 0.50 < quality < 0.60 :      3428 elements
Info    : 0.60 < quality < 0.70 :     10842 elements
Info    : 0.70 < quality < 0.80 :     20840 elements
Info    : 0.80 < quality < 0.90 :      1442 elements
Info    : 0.90 < quality < 1.00 :      1091 elements
Info    : 1154 edge swaps, 16 node relocations (volume = 235.595): worst = 0.10135 / average = 0.696186 (Wall 0.0211869s, CPU 0.021115s)
Info    : 1206 edge swaps, 19 node relocations (volume = 235.595): worst = 0.143763 / average = 0.696704 (Wall 0.0245348s, CPU 0.024396s)
Info    : 1214 edge swaps, 20 node relocations (volume = 235.595): worst = 0.143763 / average = 0.696783 (Wall 0.0269344s, CPU 0.026729s)
Info    : No ill-shaped tets in the mesh :-)
Info    : 0.00 < quality < 0.10 :         0 elements
Info    : 0.10 < quality < 0.20 :         5 elements
Info    : 0.20 < quality < 0.30 :        17 elements
Info    : 0.30 < quality < 0.40 :       747 elements
Info    : 0.40 < quality < 0.50 :      1048 elements
Info    : 0.50 < quality < 0.60 :      3378 elements
Info    : 0.60 < quality < 0.70 :     11462 elements
Info    : 0.70 < quality < 0.80 :     20621 elements
Info    : 0.80 < quality < 0.90 :      1549 elements
Info    : 0.90 < quality < 1.00 :      1087 elements
Info    : Optimizing volume 2
Info    : Optimization starts (volume = 0.256468) with worst = 0.0965563 / average = 0.75519:
Info    : 0.00 < quality < 0.10 :         1 elements
Info    : 0.10 < quality < 0.20 :         1 elements
Info    : 0.20 < quality < 0.30 :         4 elements
Info    : 0.30 < quality < 0.40 :        15 elements
Info    : 0.40 < quality < 0.50 :        14 elements
Info    : 0.50 < quality < 0.60 :        23 elements
Info    : 0.60 < quality < 0.70 :        69 elements
Info    : 0.70 < quality < 0.80 :       187 elements
Info    : 0.80 < quality < 0.90 :       155 elements
Info    : 0.90 < quality < 1.00 :        57 elements
Info    : 6 edge swaps, 0 node relocations (volume = 0.256468): worst = 0.300101 / average = 0.763102 (Wall 0.000426464s, CPU 0.000151s)
Info    : No ill-shaped tets in the mesh :-)
Info    : 0.00 < quality < 0.10 :         0 elements
Info    : 0.10 < quality < 0.20 :         0 elements
Info    : 0.20 < quality < 0.30 :         0 elements
Info    : 0.30 < quality < 0.40 :        15 elements
Info    : 0.40 < quality < 0.50 :        13 elements
Info    : 0.50 < quality < 0.60 :        22 elements
Info    : 0.60 < quality < 0.70 :        70 elements
Info    : 0.70 < quality < 0.80 :       185 elements
Info    : 0.80 < quality < 0.90 :       158 elements
Info    : 0.90 < quality < 1.00 :        57 elements
Info    : Done optimizing mesh (Wall 0.053274s, CPU 0.052259s)
Info    : 13419 nodes 66899 elements
Info    : Meshing order 2 (curvilinear on)...
Info    : [  0%] Meshing curve 1 order 2
Info    : [ 10%] Meshing curve 2 order 2
Info    : [ 20%] Meshing curve 3 order 2
Info    : [ 20%] Meshing curve 4 order 2
Info    : [ 30%] Meshing curve 5 order 2
Info    : [ 30%] Meshing curve 6 order 2
Info    : [ 40%] Meshing curve 7 order 2
Info    : [ 40%] Meshing curve 8 order 2
Info    : [ 50%] Meshing curve 9 order 2
Info    : [ 50%] Meshing curve 10 order 2
Info    : [ 60%] Meshing curve 11 order 2
Info    : [ 60%] Meshing curve 12 order 2
Info    : [ 70%] Meshing surface 1 order 2
Info    : [ 70%] Meshing surface 2 order 2
Info    : [ 80%] Meshing surface 3 order 2
Info    : [ 80%] Meshing surface 4 order 2
Info    : [ 90%] Meshing surface 5 order 2
Info    : [ 90%] Meshing surface 6 order 2
Info    : [100%] Meshing volume 1 order 2
Info    : [100%] Meshing volume 2 order 2
Info    : Surface mesh: worst distortion = 0.797589 (0 elements in ]0, 0.2]); worst gamma = 0.499267
Info    : Volume mesh: worst distortion = 0.252129 (0 elements in ]0, 0.2])
Info    : Done meshing order 2 (Wall 14.5806s, CPU 14.5676s)
Info    : Writing '/home/user/mscr-mom/현서/scripts/contact_scenarios/fea/matv2_mesh_LM75_phiP120_b0_s10.inp'...
Info    : Done writing '/home/user/mscr-mom/현서/scripts/contact_scenarios/fea/matv2_mesh_LM75_phiP120_b0_s10.inp'
  [LM75_phiP120_b0] F_mag=0.1595mN  (447.9s)
[LM75_phiP120_b0 2/10] L_M=75.0, phi=120.0, beta=0.0, s=20.0mm, push_depth=0.1mm ...
Info    : Meshing 1D...
Info    : [  0%] Meshing curve 1 (BSpline)
Info    : [ 10%] Meshing curve 2 (Ellipse)
Info    : [ 20%] Meshing curve 3 (Ellipse)
Info    : [ 30%] Meshing curve 4 (BSpline)
Info    : [ 40%] Meshing curve 5 (BSpline)
Info    : [ 50%] Meshing curve 6 (BSpline)
Info    : [ 60%] Meshing curve 7 (BSpline)
Info    : [ 60%] Meshing curve 8 (BSpline)
Info    : [ 70%] Meshing curve 9 (BSpline)
Info    : [ 90%] Meshing curve 11 (Circle)
Info    : Done meshing 1D (Wall 0.0243482s, CPU 0.024347s)
Info    : Meshing 2D...
Info    : [  0%] Meshing surface 1 (Plane, Frontal-Delaunay)
Info    : [ 20%] Meshing surface 2 (Plane, Frontal-Delaunay)
Info    : [ 40%] Meshing surface 3 (BSpline surface, Frontal-Delaunay)
Info    : [ 60%] Meshing surface 4 (BSpline surface, Frontal-Delaunay)
Info    : [ 70%] Meshing surface 5 (Plane, Frontal-Delaunay)
Info    : [ 90%] Meshing surface 6 (Sphere, Frontal-Delaunay)
Info    : Done meshing 2D (Wall 0.699255s, CPU 0.698969s)
Info    : Meshing 3D...
Info    : 3D Meshing 2 volumes with 2 connected components
Info    : Tetrahedrizing 12491 nodes...
Info    : Done tetrahedrizing 12499 nodes (Wall 0.148107s, CPU 0.1431s)
Info    : Reconstructing mesh...
Info    :  - Creating surface mesh
Info    :  - Identifying boundary edges
Info    :  - Recovering boundary
Info    : Done reconstructing mesh (Wall 0.350777s, CPU 0.337776s)
Info    : Found volume 1
Info    : It. 0 - 0 nodes created - worst tet radius 1.04362 (nodes removed 0 0)
Info    : 3D refinement terminated (13015 nodes total):
Info    :  - 0 Delaunay cavities modified for star shapeness
Info    :  - 0 nodes could not be inserted
Info    :  - 40983 tetrahedra created in 0.0175069 sec. (2340964 tets/s)
Info    : 0 node relocations
Info    : Tetrahedrizing 132 nodes...
Info    : Done tetrahedrizing 140 nodes (Wall 0.000733032s, CPU 0.000733s)
Info    : Reconstructing mesh...
Info    :  - Creating surface mesh
Info    :  - Identifying boundary edges
Info    :  - Recovering boundary
Info    : Done reconstructing mesh (Wall 0.00160524s, CPU 0.001606s)
Info    : Found volume 2
Info    : It. 0 - 0 nodes created - worst tet radius 3.17744 (nodes removed 0 0)
Info    : 3D refinement terminated (12708 nodes total):
Info    :  - 0 Delaunay cavities modified for star shapeness
Info    :  - 0 nodes could not be inserted
Info    :  - 526 tetrahedra created in 0.00256911 sec. (204740 tets/s)
Info    : 0 node relocations
Info    : Done meshing 3D (Wall 0.623095s, CPU 0.609053s)
Info    : Optimizing mesh...
Info    : Optimizing volume 1
Info    : Optimization starts (volume = 235.595) with worst = 0.00317486 / average = 0.680302:
Info    : 0.00 < quality < 0.10 :       180 elements
Info    : 0.10 < quality < 0.20 :       410 elements
Info    : 0.20 < quality < 0.30 :       607 elements
Info    : 0.30 < quality < 0.40 :       823 elements
Info    : 0.40 < quality < 0.50 :      1320 elements
Info    : 0.50 < quality < 0.60 :      3428 elements
Info    : 0.60 < quality < 0.70 :     10842 elements
Info    : 0.70 < quality < 0.80 :     20840 elements
Info    : 0.80 < quality < 0.90 :      1442 elements
Info    : 0.90 < quality < 1.00 :      1091 elements
Info    : 1154 edge swaps, 16 node relocations (volume = 235.595): worst = 0.10135 / average = 0.696186 (Wall 0.0153742s, CPU 0.014371s)
Info    : 1206 edge swaps, 19 node relocations (volume = 235.595): worst = 0.143763 / average = 0.696704 (Wall 0.0183834s, CPU 0.017384s)
Info    : 1214 edge swaps, 20 node relocations (volume = 235.595): worst = 0.143763 / average = 0.696783 (Wall 0.0206718s, CPU 0.019667s)
Info    : No ill-shaped tets in the mesh :-)
Info    : 0.00 < quality < 0.10 :         0 elements
Info    : 0.10 < quality < 0.20 :         5 elements
Info    : 0.20 < quality < 0.30 :        17 elements
Info    : 0.30 < quality < 0.40 :       747 elements
Info    : 0.40 < quality < 0.50 :      1048 elements
Info    : 0.50 < quality < 0.60 :      3378 elements
Info    : 0.60 < quality < 0.70 :     11462 elements
Info    : 0.70 < quality < 0.80 :     20621 elements
Info    : 0.80 < quality < 0.90 :      1549 elements
Info    : 0.90 < quality < 1.00 :      1087 elements
Info    : Optimizing volume 2
Info    : Optimization starts (volume = 0.256468) with worst = 0.0965563 / average = 0.75519:
Info    : 0.00 < quality < 0.10 :         1 elements
Info    : 0.10 < quality < 0.20 :         1 elements
Info    : 0.20 < quality < 0.30 :         4 elements
Info    : 0.30 < quality < 0.40 :        15 elements
Info    : 0.40 < quality < 0.50 :        14 elements
Info    : 0.50 < quality < 0.60 :        23 elements
Info    : 0.60 < quality < 0.70 :        69 elements
Info    : 0.70 < quality < 0.80 :       187 elements
Info    : 0.80 < quality < 0.90 :       155 elements
Info    : 0.90 < quality < 1.00 :        57 elements
Info    : 6 edge swaps, 0 node relocations (volume = 0.256468): worst = 0.300101 / average = 0.763102 (Wall 0.000125001s, CPU 0.000125s)
Info    : No ill-shaped tets in the mesh :-)
Info    : 0.00 < quality < 0.10 :         0 elements
Info    : 0.10 < quality < 0.20 :         0 elements
Info    : 0.20 < quality < 0.30 :         0 elements
Info    : 0.30 < quality < 0.40 :        15 elements
Info    : 0.40 < quality < 0.50 :        13 elements
Info    : 0.50 < quality < 0.60 :        22 elements
Info    : 0.60 < quality < 0.70 :        70 elements
Info    : 0.70 < quality < 0.80 :       185 elements
Info    : 0.80 < quality < 0.90 :       158 elements
Info    : 0.90 < quality < 1.00 :        57 elements
Info    : Done optimizing mesh (Wall 0.0458076s, CPU 0.044789s)
Info    : 13419 nodes 66899 elements
Info    : Meshing order 2 (curvilinear on)...
Info    : [  0%] Meshing curve 1 order 2
Info    : [ 10%] Meshing curve 2 order 2
Info    : [ 20%] Meshing curve 3 order 2
Info    : [ 20%] Meshing curve 4 order 2
Info    : [ 30%] Meshing curve 5 order 2
Info    : [ 30%] Meshing curve 6 order 2
Info    : [ 40%] Meshing curve 7 order 2
Info    : [ 40%] Meshing curve 8 order 2
Info    : [ 50%] Meshing curve 9 order 2
Info    : [ 50%] Meshing curve 10 order 2
Info    : [ 60%] Meshing curve 11 order 2
Info    : [ 60%] Meshing curve 12 order 2
Info    : [ 70%] Meshing surface 1 order 2
Info    : [ 70%] Meshing surface 2 order 2
Info    : [ 80%] Meshing surface 3 order 2
Info    : [ 80%] Meshing surface 4 order 2
Info    : [ 90%] Meshing surface 5 order 2
Info    : [ 90%] Meshing surface 6 order 2
Info    : [100%] Meshing volume 1 order 2
Info    : [100%] Meshing volume 2 order 2
Info    : Surface mesh: worst distortion = 0.797589 (0 elements in ]0, 0.2]); worst gamma = 0.499267
Info    : Volume mesh: worst distortion = 0.252129 (0 elements in ]0, 0.2])
Info    : Done meshing order 2 (Wall 14.6276s, CPU 14.5858s)
Info    : Writing '/home/user/mscr-mom/현서/scripts/contact_scenarios/fea/matv2_mesh_LM75_phiP120_b0_s20.inp'...
Info    : Done writing '/home/user/mscr-mom/현서/scripts/contact_scenarios/fea/matv2_mesh_LM75_phiP120_b0_s20.inp'
  [LM75_phiP120_b0] [실패] (581.2s)
[LM75_phiP120_b0 3/10] L_M=75.0, phi=120.0, beta=0.0, s=30.0mm, push_depth=0.1mm ...
Info    : Meshing 1D...
Info    : [  0%] Meshing curve 1 (BSpline)
Info    : [ 10%] Meshing curve 2 (Ellipse)
Info    : [ 20%] Meshing curve 3 (Ellipse)
Info    : [ 30%] Meshing curve 4 (BSpline)
Info    : [ 40%] Meshing curve 5 (BSpline)
Info    : [ 50%] Meshing curve 6 (BSpline)
Info    : [ 60%] Meshing curve 7 (BSpline)
Info    : [ 60%] Meshing curve 8 (BSpline)
Info    : [ 70%] Meshing curve 9 (BSpline)
Info    : [ 90%] Meshing curve 11 (Circle)
Info    : Done meshing 1D (Wall 0.0239933s, CPU 0.023957s)
Info    : Meshing 2D...
Info    : [  0%] Meshing surface 1 (Plane, Frontal-Delaunay)
Info    : [ 20%] Meshing surface 2 (Plane, Frontal-Delaunay)
Info    : [ 40%] Meshing surface 3 (BSpline surface, Frontal-Delaunay)
Info    : [ 60%] Meshing surface 4 (BSpline surface, Frontal-Delaunay)
Info    : [ 70%] Meshing surface 5 (Plane, Frontal-Delaunay)
Info    : [ 90%] Meshing surface 6 (Sphere, Frontal-Delaunay)
Info    : Done meshing 2D (Wall 0.694012s, CPU 0.692935s)
Info    : Meshing 3D...
Info    : 3D Meshing 2 volumes with 2 connected components
Info    : Tetrahedrizing 12491 nodes...
Info    : Done tetrahedrizing 12499 nodes (Wall 0.155799s, CPU 0.148808s)
Info    : Reconstructing mesh...
Info    :  - Creating surface mesh
Info    :  - Identifying boundary edges
Info    :  - Recovering boundary
Info    : Done reconstructing mesh (Wall 0.36444s, CPU 0.346428s)
Info    : Found volume 1
Info    : It. 0 - 0 nodes created - worst tet radius 1.04362 (nodes removed 0 0)
Info    : 3D refinement terminated (13015 nodes total):
Info    :  - 0 Delaunay cavities modified for star shapeness
Info    :  - 0 nodes could not be inserted
Info    :  - 40983 tetrahedra created in 0.0190231 sec. (2154378 tets/s)
Info    : 0 node relocations
Info    : Tetrahedrizing 132 nodes...
Info    : Done tetrahedrizing 140 nodes (Wall 0.000722815s, CPU 0.000723s)
Info    : Reconstructing mesh...
Info    :  - Creating surface mesh
Info    :  - Identifying boundary edges
Info    :  - Recovering boundary
Info    : Done reconstructing mesh (Wall 0.00158811s, CPU 0.001592s)
Info    : Found volume 2
Info    : It. 0 - 0 nodes created - worst tet radius 3.17744 (nodes removed 0 0)
Info    : 3D refinement terminated (12708 nodes total):
Info    :  - 0 Delaunay cavities modified for star shapeness
Info    :  - 0 nodes could not be inserted
Info    :  - 526 tetrahedra created in 0.00377946 sec. (139173 tets/s)
Info    : 0 node relocations
Info    : Done meshing 3D (Wall 0.631441s, CPU 0.613408s)
Info    : Optimizing mesh...
Info    : Optimizing volume 1
Info    : Optimization starts (volume = 235.595) with worst = 0.00317486 / average = 0.680302:
Info    : 0.00 < quality < 0.10 :       180 elements
Info    : 0.10 < quality < 0.20 :       410 elements
Info    : 0.20 < quality < 0.30 :       607 elements
Info    : 0.30 < quality < 0.40 :       823 elements
Info    : 0.40 < quality < 0.50 :      1320 elements
Info    : 0.50 < quality < 0.60 :      3428 elements
Info    : 0.60 < quality < 0.70 :     10842 elements
Info    : 0.70 < quality < 0.80 :     20840 elements
Info    : 0.80 < quality < 0.90 :      1442 elements
Info    : 0.90 < quality < 1.00 :      1091 elements
Info    : 1154 edge swaps, 16 node relocations (volume = 235.595): worst = 0.10135 / average = 0.696186 (Wall 0.0152833s, CPU 0.014296s)
Info    : 1206 edge swaps, 19 node relocations (volume = 235.595): worst = 0.143763 / average = 0.696704 (Wall 0.0190836s, CPU 0.018085s)
Info    : 1214 edge swaps, 20 node relocations (volume = 235.595): worst = 0.143763 / average = 0.696783 (Wall 0.0219934s, CPU 0.020996s)
Info    : No ill-shaped tets in the mesh :-)
Info    : 0.00 < quality < 0.10 :         0 elements
Info    : 0.10 < quality < 0.20 :         5 elements
Info    : 0.20 < quality < 0.30 :        17 elements
Info    : 0.30 < quality < 0.40 :       747 elements
Info    : 0.40 < quality < 0.50 :      1048 elements
Info    : 0.50 < quality < 0.60 :      3378 elements
Info    : 0.60 < quality < 0.70 :     11462 elements
Info    : 0.70 < quality < 0.80 :     20621 elements
Info    : 0.80 < quality < 0.90 :      1549 elements
Info    : 0.90 < quality < 1.00 :      1087 elements
Info    : Optimizing volume 2
Info    : Optimization starts (volume = 0.256468) with worst = 0.0965563 / average = 0.75519:
Info    : 0.00 < quality < 0.10 :         1 elements
Info    : 0.10 < quality < 0.20 :         1 elements
Info    : 0.20 < quality < 0.30 :         4 elements
Info    : 0.30 < quality < 0.40 :        15 elements
Info    : 0.40 < quality < 0.50 :        14 elements
Info    : 0.50 < quality < 0.60 :        23 elements
Info    : 0.60 < quality < 0.70 :        69 elements
Info    : 0.70 < quality < 0.80 :       187 elements
Info    : 0.80 < quality < 0.90 :       155 elements
Info    : 0.90 < quality < 1.00 :        57 elements
Info    : 6 edge swaps, 0 node relocations (volume = 0.256468): worst = 0.300101 / average = 0.763102 (Wall 9.99132e-05s, CPU 0.000102s)
Info    : No ill-shaped tets in the mesh :-)
Info    : 0.00 < quality < 0.10 :         0 elements
Info    : 0.10 < quality < 0.20 :         0 elements
Info    : 0.20 < quality < 0.30 :         0 elements
Info    : 0.30 < quality < 0.40 :        15 elements
Info    : 0.40 < quality < 0.50 :        13 elements
Info    : 0.50 < quality < 0.60 :        22 elements
Info    : 0.60 < quality < 0.70 :        70 elements
Info    : 0.70 < quality < 0.80 :       185 elements
Info    : 0.80 < quality < 0.90 :       158 elements
Info    : 0.90 < quality < 1.00 :        57 elements
Info    : Done optimizing mesh (Wall 0.0472674s, CPU 0.046266s)
Info    : 13419 nodes 66899 elements
Info    : Meshing order 2 (curvilinear on)...
Info    : [  0%] Meshing curve 1 order 2
Info    : [ 10%] Meshing curve 2 order 2
Info    : [ 20%] Meshing curve 3 order 2
Info    : [ 20%] Meshing curve 4 order 2
Info    : [ 30%] Meshing curve 5 order 2
Info    : [ 30%] Meshing curve 6 order 2
Info    : [ 40%] Meshing curve 7 order 2
Info    : [ 40%] Meshing curve 8 order 2
Info    : [ 50%] Meshing curve 9 order 2
Info    : [ 50%] Meshing curve 10 order 2
Info    : [ 60%] Meshing curve 11 order 2
Info    : [ 60%] Meshing curve 12 order 2
Info    : [ 70%] Meshing surface 1 order 2
Info    : [ 70%] Meshing surface 2 order 2
Info    : [ 80%] Meshing surface 3 order 2
Info    : [ 80%] Meshing surface 4 order 2
Info    : [ 90%] Meshing surface 5 order 2
Info    : [ 90%] Meshing surface 6 order 2
Info    : [100%] Meshing volume 1 order 2
Info    : [100%] Meshing volume 2 order 2
Info    : Surface mesh: worst distortion = 0.797589 (0 elements in ]0, 0.2]); worst gamma = 0.499267
Info    : Volume mesh: worst distortion = 0.252129 (0 elements in ]0, 0.2])
Info    : Done meshing order 2 (Wall 14.4374s, CPU 14.4157s)
Info    : Writing '/home/user/mscr-mom/현서/scripts/contact_scenarios/fea/matv2_mesh_LM75_phiP120_b0_s30.inp'...
Info    : Done writing '/home/user/mscr-mom/현서/scripts/contact_scenarios/fea/matv2_mesh_LM75_phiP120_b0_s30.inp'
  [LM75_phiP120_b0] F_mag=0.0089mN  (523.8s)
[LM75_phiP120_b0 4/10] L_M=75.0, phi=120.0, beta=0.0, s=40.0mm, push_depth=0.1mm ...
Info    : Meshing 1D...
Info    : [  0%] Meshing curve 1 (BSpline)
Info    : [ 10%] Meshing curve 2 (Ellipse)
Info    : [ 20%] Meshing curve 3 (Ellipse)
Info    : [ 30%] Meshing curve 4 (BSpline)
Info    : [ 40%] Meshing curve 5 (BSpline)
Info    : [ 50%] Meshing curve 6 (BSpline)
Info    : [ 60%] Meshing curve 7 (BSpline)
Info    : [ 60%] Meshing curve 8 (BSpline)
Info    : [ 70%] Meshing curve 9 (BSpline)
Info    : [ 90%] Meshing curve 11 (Circle)
Info    : Done meshing 1D (Wall 0.0238039s, CPU 0.02374s)
Info    : Meshing 2D...
Info    : [  0%] Meshing surface 1 (Plane, Frontal-Delaunay)
Info    : [ 20%] Meshing surface 2 (Plane, Frontal-Delaunay)
Info    : [ 40%] Meshing surface 3 (BSpline surface, Frontal-Delaunay)
Info    : [ 60%] Meshing surface 4 (BSpline surface, Frontal-Delaunay)
Info    : [ 70%] Meshing surface 5 (Plane, Frontal-Delaunay)
Info    : [ 90%] Meshing surface 6 (Sphere, Frontal-Delaunay)
Info    : Done meshing 2D (Wall 0.700476s, CPU 0.698752s)
Info    : Meshing 3D...
Info    : 3D Meshing 2 volumes with 2 connected components
Info    : Tetrahedrizing 12491 nodes...
Info    : Done tetrahedrizing 12499 nodes (Wall 0.154654s, CPU 0.148643s)
Info    : Reconstructing mesh...
Info    :  - Creating surface mesh
Info    :  - Identifying boundary edges
Info    :  - Recovering boundary
Info    : Done reconstructing mesh (Wall 0.379791s, CPU 0.362794s)
Info    : Found volume 1
Info    : It. 0 - 0 nodes created - worst tet radius 1.04362 (nodes removed 0 0)
Info    : 3D refinement terminated (13015 nodes total):
Info    :  - 0 Delaunay cavities modified for star shapeness
Info    :  - 0 nodes could not be inserted
Info    :  - 40983 tetrahedra created in 0.0218473 sec. (1875887 tets/s)
Info    : 0 node relocations
Info    : Tetrahedrizing 132 nodes...
Info    : Done tetrahedrizing 140 nodes (Wall 0.000738008s, CPU 0.000739s)
Info    : Reconstructing mesh...
Info    :  - Creating surface mesh
Info    :  - Identifying boundary edges
Info    :  - Recovering boundary
Info    : Done reconstructing mesh (Wall 0.00163304s, CPU 0.001634s)
Info    : Found volume 2
Info    : It. 0 - 0 nodes created - worst tet radius 3.17744 (nodes removed 0 0)
Info    : 3D refinement terminated (12708 nodes total):
Info    :  - 0 Delaunay cavities modified for star shapeness
Info    :  - 0 nodes could not be inserted
Info    :  - 526 tetrahedra created in 0.00398583 sec. (131967 tets/s)
Info    : 0 node relocations
Info    : Done meshing 3D (Wall 0.685243s, CPU 0.668223s)
Info    : Optimizing mesh...
Info    : Optimizing volume 1
Info    : Optimization starts (volume = 235.595) with worst = 0.00317486 / average = 0.680302:
Info    : 0.00 < quality < 0.10 :       180 elements
Info    : 0.10 < quality < 0.20 :       410 elements
Info    : 0.20 < quality < 0.30 :       607 elements
Info    : 0.30 < quality < 0.40 :       823 elements
Info    : 0.40 < quality < 0.50 :      1320 elements
Info    : 0.50 < quality < 0.60 :      3428 elements
Info    : 0.60 < quality < 0.70 :     10842 elements
Info    : 0.70 < quality < 0.80 :     20840 elements
Info    : 0.80 < quality < 0.90 :      1442 elements
Info    : 0.90 < quality < 1.00 :      1091 elements
Info    : 1154 edge swaps, 16 node relocations (volume = 235.595): worst = 0.10135 / average = 0.696186 (Wall 0.0130397s, CPU 0.01304s)
Info    : 1206 edge swaps, 19 node relocations (volume = 235.595): worst = 0.143763 / average = 0.696704 (Wall 0.0158569s, CPU 0.015858s)
Info    : 1214 edge swaps, 20 node relocations (volume = 235.595): worst = 0.143763 / average = 0.696783 (Wall 0.0179671s, CPU 0.017969s)
Info    : No ill-shaped tets in the mesh :-)
Info    : 0.00 < quality < 0.10 :         0 elements
Info    : 0.10 < quality < 0.20 :         5 elements
Info    : 0.20 < quality < 0.30 :        17 elements
Info    : 0.30 < quality < 0.40 :       747 elements
Info    : 0.40 < quality < 0.50 :      1048 elements
Info    : 0.50 < quality < 0.60 :      3378 elements
Info    : 0.60 < quality < 0.70 :     11462 elements
Info    : 0.70 < quality < 0.80 :     20621 elements
Info    : 0.80 < quality < 0.90 :      1549 elements
Info    : 0.90 < quality < 1.00 :      1087 elements
Info    : Optimizing volume 2
Info    : Optimization starts (volume = 0.256468) with worst = 0.0965563 / average = 0.75519:
Info    : 0.00 < quality < 0.10 :         1 elements
Info    : 0.10 < quality < 0.20 :         1 elements
Info    : 0.20 < quality < 0.30 :         4 elements
Info    : 0.30 < quality < 0.40 :        15 elements
Info    : 0.40 < quality < 0.50 :        14 elements
Info    : 0.50 < quality < 0.60 :        23 elements
Info    : 0.60 < quality < 0.70 :        69 elements
Info    : 0.70 < quality < 0.80 :       187 elements
Info    : 0.80 < quality < 0.90 :       155 elements
Info    : 0.90 < quality < 1.00 :        57 elements
Info    : 6 edge swaps, 0 node relocations (volume = 0.256468): worst = 0.300101 / average = 0.763102 (Wall 9.8811e-05s, CPU 0.0001s)
Info    : No ill-shaped tets in the mesh :-)
Info    : 0.00 < quality < 0.10 :         0 elements
Info    : 0.10 < quality < 0.20 :         0 elements
Info    : 0.20 < quality < 0.30 :         0 elements
Info    : 0.30 < quality < 0.40 :        15 elements
Info    : 0.40 < quality < 0.50 :        13 elements
Info    : 0.50 < quality < 0.60 :        22 elements
Info    : 0.60 < quality < 0.70 :        70 elements
Info    : 0.70 < quality < 0.80 :       185 elements
Info    : 0.80 < quality < 0.90 :       158 elements
Info    : 0.90 < quality < 1.00 :        57 elements
Info    : Done optimizing mesh (Wall 0.0412887s, CPU 0.041289s)
Info    : 13419 nodes 66899 elements
Info    : Meshing order 2 (curvilinear on)...
Info    : [  0%] Meshing curve 1 order 2
Info    : [ 10%] Meshing curve 2 order 2
Info    : [ 20%] Meshing curve 3 order 2
Info    : [ 20%] Meshing curve 4 order 2
Info    : [ 30%] Meshing curve 5 order 2
Info    : [ 30%] Meshing curve 6 order 2
Info    : [ 40%] Meshing curve 7 order 2
Info    : [ 40%] Meshing curve 8 order 2
Info    : [ 50%] Meshing curve 9 order 2
Info    : [ 50%] Meshing curve 10 order 2
Info    : [ 60%] Meshing curve 11 order 2
Info    : [ 60%] Meshing curve 12 order 2
Info    : [ 70%] Meshing surface 1 order 2
Info    : [ 70%] Meshing surface 2 order 2
Info    : [ 80%] Meshing surface 3 order 2
Info    : [ 80%] Meshing surface 4 order 2
Info    : [ 90%] Meshing surface 5 order 2
Info    : [ 90%] Meshing surface 6 order 2
Info    : [100%] Meshing volume 1 order 2
Info    : [100%] Meshing volume 2 order 2
Info    : Surface mesh: worst distortion = 0.797589 (0 elements in ]0, 0.2]); worst gamma = 0.499267
Info    : Volume mesh: worst distortion = 0.252129 (0 elements in ]0, 0.2])
Info    : Done meshing order 2 (Wall 14.3971s, CPU 14.3952s)
Info    : Writing '/home/user/mscr-mom/현서/scripts/contact_scenarios/fea/matv2_mesh_LM75_phiP120_b0_s40.inp'...
Info    : Done writing '/home/user/mscr-mom/현서/scripts/contact_scenarios/fea/matv2_mesh_LM75_phiP120_b0_s40.inp'
  [LM75_phiP120_b0] [실패] (446.9s)
[LM75_phiP120_b0 5/10] L_M=75.0, phi=120.0, beta=0.0, s=50.0mm, push_depth=0.1mm ...
Info    : Meshing 1D...
Info    : [  0%] Meshing curve 1 (BSpline)
Info    : [ 10%] Meshing curve 2 (Ellipse)
Info    : [ 20%] Meshing curve 3 (Ellipse)
Info    : [ 30%] Meshing curve 4 (BSpline)
Info    : [ 40%] Meshing curve 5 (BSpline)
Info    : [ 50%] Meshing curve 6 (BSpline)
Info    : [ 60%] Meshing curve 7 (BSpline)
Info    : [ 60%] Meshing curve 8 (BSpline)
Info    : [ 70%] Meshing curve 9 (BSpline)
Info    : [ 90%] Meshing curve 11 (Circle)
Info    : Done meshing 1D (Wall 0.0238953s, CPU 0.023828s)
Info    : Meshing 2D...
Info    : [  0%] Meshing surface 1 (Plane, Frontal-Delaunay)
Info    : [ 20%] Meshing surface 2 (Plane, Frontal-Delaunay)
Info    : [ 40%] Meshing surface 3 (BSpline surface, Frontal-Delaunay)
Info    : [ 60%] Meshing surface 4 (BSpline surface, Frontal-Delaunay)
Info    : [ 70%] Meshing surface 5 (Plane, Frontal-Delaunay)
Info    : [ 90%] Meshing surface 6 (Sphere, Frontal-Delaunay)
Info    : Done meshing 2D (Wall 0.766264s, CPU 0.765605s)
Info    : Meshing 3D...
Info    : 3D Meshing 2 volumes with 2 connected components
Info    : Tetrahedrizing 12491 nodes...
Info    : Done tetrahedrizing 12499 nodes (Wall 0.161019s, CPU 0.146025s)
Info    : Reconstructing mesh...
Info    :  - Creating surface mesh
Info    :  - Identifying boundary edges
Info    :  - Recovering boundary
Info    : Done reconstructing mesh (Wall 0.406678s, CPU 0.379678s)
Info    : Found volume 1
Info    : It. 0 - 0 nodes created - worst tet radius 1.04362 (nodes removed 0 0)
Info    : 3D refinement terminated (13015 nodes total):
Info    :  - 0 Delaunay cavities modified for star shapeness
Info    :  - 0 nodes could not be inserted
Info    :  - 40983 tetrahedra created in 0.026679 sec. (1536150 tets/s)
Info    : 0 node relocations
Info    : Tetrahedrizing 132 nodes...
Info    : Done tetrahedrizing 140 nodes (Wall 0.000724006s, CPU 0s)
Info    : Reconstructing mesh...
Info    :  - Creating surface mesh
Info    :  - Identifying boundary edges
Info    :  - Recovering boundary
Info    : Done reconstructing mesh (Wall 0.00160814s, CPU 0.000618s)
Info    : Found volume 2
Info    : It. 0 - 0 nodes created - worst tet radius 3.17744 (nodes removed 0 0)
Info    : 3D refinement terminated (12708 nodes total):
Info    :  - 0 Delaunay cavities modified for star shapeness
Info    :  - 0 nodes could not be inserted
Info    :  - 526 tetrahedra created in 0.00356346 sec. (147609 tets/s)
Info    : 0 node relocations
Info    : Done meshing 3D (Wall 0.718051s, CPU 0.688955s)
Info    : Optimizing mesh...
Info    : Optimizing volume 1
Info    : Optimization starts (volume = 235.595) with worst = 0.00317486 / average = 0.680302:
Info    : 0.00 < quality < 0.10 :       180 elements
Info    : 0.10 < quality < 0.20 :       410 elements
Info    : 0.20 < quality < 0.30 :       607 elements
Info    : 0.30 < quality < 0.40 :       823 elements
Info    : 0.40 < quality < 0.50 :      1320 elements
Info    : 0.50 < quality < 0.60 :      3428 elements
Info    : 0.60 < quality < 0.70 :     10842 elements
Info    : 0.70 < quality < 0.80 :     20840 elements
Info    : 0.80 < quality < 0.90 :      1442 elements
Info    : 0.90 < quality < 1.00 :      1091 elements
Info    : 1154 edge swaps, 16 node relocations (volume = 235.595): worst = 0.10135 / average = 0.696186 (Wall 0.0135211s, CPU 0.013514s)
Info    : 1206 edge swaps, 19 node relocations (volume = 235.595): worst = 0.143763 / average = 0.696704 (Wall 0.0164551s, CPU 0.016451s)
Info    : 1214 edge swaps, 20 node relocations (volume = 235.595): worst = 0.143763 / average = 0.696783 (Wall 0.0185764s, CPU 0.018572s)
Info    : No ill-shaped tets in the mesh :-)
Info    : 0.00 < quality < 0.10 :         0 elements
Info    : 0.10 < quality < 0.20 :         5 elements
Info    : 0.20 < quality < 0.30 :        17 elements
Info    : 0.30 < quality < 0.40 :       747 elements
Info    : 0.40 < quality < 0.50 :      1048 elements
Info    : 0.50 < quality < 0.60 :      3378 elements
Info    : 0.60 < quality < 0.70 :     11462 elements
Info    : 0.70 < quality < 0.80 :     20621 elements
Info    : 0.80 < quality < 0.90 :      1549 elements
Info    : 0.90 < quality < 1.00 :      1087 elements
Info    : Optimizing volume 2
Info    : Optimization starts (volume = 0.256468) with worst = 0.0965563 / average = 0.75519:
Info    : 0.00 < quality < 0.10 :         1 elements
Info    : 0.10 < quality < 0.20 :         1 elements
Info    : 0.20 < quality < 0.30 :         4 elements
Info    : 0.30 < quality < 0.40 :        15 elements
Info    : 0.40 < quality < 0.50 :        14 elements
Info    : 0.50 < quality < 0.60 :        23 elements
Info    : 0.60 < quality < 0.70 :        69 elements
Info    : 0.70 < quality < 0.80 :       187 elements
Info    : 0.80 < quality < 0.90 :       155 elements
Info    : 0.90 < quality < 1.00 :        57 elements
Info    : 6 edge swaps, 0 node relocations (volume = 0.256468): worst = 0.300101 / average = 0.763102 (Wall 0.000109597s, CPU 0.00011s)
Info    : No ill-shaped tets in the mesh :-)
Info    : 0.00 < quality < 0.10 :         0 elements
Info    : 0.10 < quality < 0.20 :         0 elements
Info    : 0.20 < quality < 0.30 :         0 elements
Info    : 0.30 < quality < 0.40 :        15 elements
Info    : 0.40 < quality < 0.50 :        13 elements
Info    : 0.50 < quality < 0.60 :        22 elements
Info    : 0.60 < quality < 0.70 :        70 elements
Info    : 0.70 < quality < 0.80 :       185 elements
Info    : 0.80 < quality < 0.90 :       158 elements
Info    : 0.90 < quality < 1.00 :        57 elements
Info    : Done optimizing mesh (Wall 0.0406017s, CPU 0.039604s)
Info    : 13419 nodes 66899 elements
Info    : Meshing order 2 (curvilinear on)...
Info    : [  0%] Meshing curve 1 order 2
Info    : [ 10%] Meshing curve 2 order 2
Info    : [ 20%] Meshing curve 3 order 2
Info    : [ 20%] Meshing curve 4 order 2
Info    : [ 30%] Meshing curve 5 order 2
Info    : [ 30%] Meshing curve 6 order 2
Info    : [ 40%] Meshing curve 7 order 2
Info    : [ 40%] Meshing curve 8 order 2
Info    : [ 50%] Meshing curve 9 order 2
Info    : [ 50%] Meshing curve 10 order 2
Info    : [ 60%] Meshing curve 11 order 2
Info    : [ 60%] Meshing curve 12 order 2
Info    : [ 70%] Meshing surface 1 order 2
Info    : [ 70%] Meshing surface 2 order 2
Info    : [ 80%] Meshing surface 3 order 2
Info    : [ 80%] Meshing surface 4 order 2
Info    : [ 90%] Meshing surface 5 order 2
Info    : [ 90%] Meshing surface 6 order 2
Info    : [100%] Meshing volume 1 order 2
Info    : [100%] Meshing volume 2 order 2
Info    : Surface mesh: worst distortion = 0.797589 (0 elements in ]0, 0.2]); worst gamma = 0.499267
Info    : Volume mesh: worst distortion = 0.252129 (0 elements in ]0, 0.2])
Info    : Done meshing order 2 (Wall 14.5251s, CPU 14.516s)
Info    : Writing '/home/user/mscr-mom/현서/scripts/contact_scenarios/fea/matv2_mesh_LM75_phiP120_b0_s50.inp'...
Info    : Done writing '/home/user/mscr-mom/현서/scripts/contact_scenarios/fea/matv2_mesh_LM75_phiP120_b0_s50.inp'
  [LM75_phiP120_b0] [실패] (530.2s)
[LM75_phiP120_b0 6/10] L_M=75.0, phi=120.0, beta=0.0, s=60.0mm, push_depth=0.1mm ...
Info    : Meshing 1D...
Info    : [  0%] Meshing curve 1 (BSpline)
Info    : [ 10%] Meshing curve 2 (Ellipse)
Info    : [ 20%] Meshing curve 3 (Ellipse)
Info    : [ 30%] Meshing curve 4 (BSpline)
Info    : [ 40%] Meshing curve 5 (BSpline)
Info    : [ 50%] Meshing curve 6 (BSpline)
Info    : [ 60%] Meshing curve 7 (BSpline)
Info    : [ 60%] Meshing curve 8 (BSpline)
Info    : [ 70%] Meshing curve 9 (BSpline)
Info    : [ 90%] Meshing curve 11 (Circle)
Info    : Done meshing 1D (Wall 0.0243374s, CPU 0.024245s)
Info    : Meshing 2D...
Info    : [  0%] Meshing surface 1 (Plane, Frontal-Delaunay)
Info    : [ 20%] Meshing surface 2 (Plane, Frontal-Delaunay)
Info    : [ 40%] Meshing surface 3 (BSpline surface, Frontal-Delaunay)
Info    : [ 60%] Meshing surface 4 (BSpline surface, Frontal-Delaunay)
Info    : [ 70%] Meshing surface 5 (Plane, Frontal-Delaunay)
Info    : [ 90%] Meshing surface 6 (Sphere, Frontal-Delaunay)
Info    : Done meshing 2D (Wall 0.723403s, CPU 0.72292s)
Info    : Meshing 3D...
Info    : 3D Meshing 2 volumes with 2 connected components
Info    : Tetrahedrizing 12491 nodes...
Info    : Done tetrahedrizing 12499 nodes (Wall 0.157379s, CPU 0.151373s)
Info    : Reconstructing mesh...
Info    :  - Creating surface mesh
Info    :  - Identifying boundary edges
Info    :  - Recovering boundary
Info    : Done reconstructing mesh (Wall 0.404315s, CPU 0.389126s)
Info    : Found volume 1
Info    : It. 0 - 0 nodes created - worst tet radius 1.04362 (nodes removed 0 0)
Info    : 3D refinement terminated (13015 nodes total):
Info    :  - 0 Delaunay cavities modified for star shapeness
Info    :  - 0 nodes could not be inserted
Info    :  - 40983 tetrahedra created in 0.0205564 sec. (1993682 tets/s)
Info    : 0 node relocations
Info    : Tetrahedrizing 132 nodes...
Info    : Done tetrahedrizing 140 nodes (Wall 0.000723819s, CPU 0.000724s)
Info    : Reconstructing mesh...
Info    :  - Creating surface mesh
Info    :  - Identifying boundary edges
Info    :  - Recovering boundary
Info    : Done reconstructing mesh (Wall 0.00159656s, CPU 0.001599s)
Info    : Found volume 2
Info    : It. 0 - 0 nodes created - worst tet radius 3.04804 (nodes removed 0 0)
Info    : 3D refinement terminated (12703 nodes total):
Info    :  - 1 Delaunay cavities modified for star shapeness
Info    :  - 0 nodes could not be inserted
Info    :  - 486 tetrahedra created in 0.00399273 sec. (121721 tets/s)
Info    : 0 node relocations
Info    : Done meshing 3D (Wall 0.701173s, CPU 0.685962s)
Info    : Optimizing mesh...
Info    : Optimizing volume 1
Info    : Optimization starts (volume = 235.595) with worst = 0.00317486 / average = 0.680302:
Info    : 0.00 < quality < 0.10 :       180 elements
Info    : 0.10 < quality < 0.20 :       410 elements
Info    : 0.20 < quality < 0.30 :       607 elements
Info    : 0.30 < quality < 0.40 :       823 elements
Info    : 0.40 < quality < 0.50 :      1320 elements
Info    : 0.50 < quality < 0.60 :      3428 elements
Info    : 0.60 < quality < 0.70 :     10842 elements
Info    : 0.70 < quality < 0.80 :     20840 elements
Info    : 0.80 < quality < 0.90 :      1442 elements
Info    : 0.90 < quality < 1.00 :      1091 elements
Info    : 1154 edge swaps, 16 node relocations (volume = 235.595): worst = 0.10135 / average = 0.696186 (Wall 0.0144661s, CPU 0.014466s)
Info    : 1206 edge swaps, 19 node relocations (volume = 235.595): worst = 0.143763 / average = 0.696704 (Wall 0.0177274s, CPU 0.017729s)
Info    : 1214 edge swaps, 20 node relocations (volume = 235.595): worst = 0.143763 / average = 0.696783 (Wall 0.0201499s, CPU 0.020152s)
Info    : No ill-shaped tets in the mesh :-)
Info    : 0.00 < quality < 0.10 :         0 elements
Info    : 0.10 < quality < 0.20 :         5 elements
Info    : 0.20 < quality < 0.30 :        17 elements
Info    : 0.30 < quality < 0.40 :       747 elements
Info    : 0.40 < quality < 0.50 :      1048 elements
Info    : 0.50 < quality < 0.60 :      3378 elements
Info    : 0.60 < quality < 0.70 :     11462 elements
Info    : 0.70 < quality < 0.80 :     20621 elements
Info    : 0.80 < quality < 0.90 :      1549 elements
Info    : 0.90 < quality < 1.00 :      1087 elements
Info    : Optimizing volume 2
Info    : Optimization starts (volume = 0.256478) with worst = 0.104083 / average = 0.74788:
Info    : 0.00 < quality < 0.10 :         0 elements
Info    : 0.10 < quality < 0.20 :         2 elements
Info    : 0.20 < quality < 0.30 :         5 elements
Info    : 0.30 < quality < 0.40 :        11 elements
Info    : 0.40 < quality < 0.50 :        16 elements
Info    : 0.50 < quality < 0.60 :        25 elements
Info    : 0.60 < quality < 0.70 :        67 elements
Info    : 0.70 < quality < 0.80 :       169 elements
Info    : 0.80 < quality < 0.90 :       150 elements
Info    : 0.90 < quality < 1.00 :        41 elements
Info    : 6 edge swaps, 0 node relocations (volume = 0.256478): worst = 0.31836 / average = 0.757034 (Wall 9.39928e-05s, CPU 9.5e-05s)
Info    : No ill-shaped tets in the mesh :-)
Info    : 0.00 < quality < 0.10 :         0 elements
Info    : 0.10 < quality < 0.20 :         0 elements
Info    : 0.20 < quality < 0.30 :         0 elements
Info    : 0.30 < quality < 0.40 :        10 elements
Info    : 0.40 < quality < 0.50 :        15 elements
Info    : 0.50 < quality < 0.60 :        25 elements
Info    : 0.60 < quality < 0.70 :        69 elements
Info    : 0.70 < quality < 0.80 :       169 elements
Info    : 0.80 < quality < 0.90 :       151 elements
Info    : 0.90 < quality < 1.00 :        41 elements
Info    : Done optimizing mesh (Wall 0.0456062s, CPU 0.04508s)
Info    : 13414 nodes 66859 elements
Info    : Meshing order 2 (curvilinear on)...
Info    : [  0%] Meshing curve 1 order 2
Info    : [ 10%] Meshing curve 2 order 2
Info    : [ 20%] Meshing curve 3 order 2
Info    : [ 20%] Meshing curve 4 order 2
Info    : [ 30%] Meshing curve 5 order 2
Info    : [ 30%] Meshing curve 6 order 2
Info    : [ 40%] Meshing curve 7 order 2
Info    : [ 40%] Meshing curve 8 order 2
Info    : [ 50%] Meshing curve 9 order 2
Info    : [ 50%] Meshing curve 10 order 2
Info    : [ 60%] Meshing curve 11 order 2
Info    : [ 60%] Meshing curve 12 order 2
Info    : [ 70%] Meshing surface 1 order 2
Info    : [ 70%] Meshing surface 2 order 2
Info    : [ 80%] Meshing surface 3 order 2
Info    : [ 80%] Meshing surface 4 order 2
Info    : [ 90%] Meshing surface 5 order 2
Info    : [ 90%] Meshing surface 6 order 2
Info    : [100%] Meshing volume 1 order 2
Info    : [100%] Meshing volume 2 order 2
Info    : Surface mesh: worst distortion = 0.797589 (0 elements in ]0, 0.2]); worst gamma = 0.562417
Info    : Volume mesh: worst distortion = 0.252129 (0 elements in ]0, 0.2])
Info    : Done meshing order 2 (Wall 14.2965s, CPU 14.2781s)
Info    : Writing '/home/user/mscr-mom/현서/scripts/contact_scenarios/fea/matv2_mesh_LM75_phiP120_b0_s60.inp'...
Info    : Done writing '/home/user/mscr-mom/현서/scripts/contact_scenarios/fea/matv2_mesh_LM75_phiP120_b0_s60.inp'
  [LM75_phiP120_b0] [실패] (498.0s)
[LM75_phiP120_b0 7/10] L_M=75.0, phi=120.0, beta=0.0, s=70.0mm, push_depth=0.1mm ...
Info    : Meshing 1D...
Info    : [  0%] Meshing curve 1 (BSpline)
Info    : [ 10%] Meshing curve 2 (Ellipse)
Info    : [ 20%] Meshing curve 3 (Ellipse)
Info    : [ 30%] Meshing curve 4 (BSpline)
Info    : [ 40%] Meshing curve 5 (BSpline)
Info    : [ 50%] Meshing curve 6 (BSpline)
Info    : [ 60%] Meshing curve 7 (BSpline)
Info    : [ 60%] Meshing curve 8 (BSpline)
Info    : [ 70%] Meshing curve 9 (BSpline)
Info    : [ 90%] Meshing curve 11 (Circle)
Info    : Done meshing 1D (Wall 0.0235617s, CPU 0.023548s)
Info    : Meshing 2D...
Info    : [  0%] Meshing surface 1 (Plane, Frontal-Delaunay)
Info    : [ 20%] Meshing surface 2 (Plane, Frontal-Delaunay)
Info    : [ 40%] Meshing surface 3 (BSpline surface, Frontal-Delaunay)
Info    : [ 60%] Meshing surface 4 (BSpline surface, Frontal-Delaunay)
Info    : [ 70%] Meshing surface 5 (Plane, Frontal-Delaunay)
Info    : [ 90%] Meshing surface 6 (Sphere, Frontal-Delaunay)
Info    : Done meshing 2D (Wall 0.701943s, CPU 0.701922s)
Info    : Meshing 3D...
Info    : 3D Meshing 2 volumes with 2 connected components
Info    : Tetrahedrizing 12491 nodes...
Info    : Done tetrahedrizing 12499 nodes (Wall 0.154268s, CPU 0.148267s)
Info    : Reconstructing mesh...
Info    :  - Creating surface mesh
Info    :  - Identifying boundary edges
Info    :  - Recovering boundary
Info    : Done reconstructing mesh (Wall 0.40673s, CPU 0.387505s)
Info    : Found volume 1
Info    : It. 0 - 0 nodes created - worst tet radius 1.04362 (nodes removed 0 0)
Info    : 3D refinement terminated (13015 nodes total):
Info    :  - 0 Delaunay cavities modified for star shapeness
Info    :  - 0 nodes could not be inserted
Info    :  - 40983 tetrahedra created in 0.0231689 sec. (1768880 tets/s)
Info    : 0 node relocations
Info    : Tetrahedrizing 132 nodes...
Info    : Done tetrahedrizing 140 nodes (Wall 0.000727728s, CPU 0.000728s)
Info    : Reconstructing mesh...
Info    :  - Creating surface mesh
Info    :  - Identifying boundary edges
Info    :  - Recovering boundary
Info    : Done reconstructing mesh (Wall 0.00163857s, CPU 0.001642s)
Info    : Found volume 2
Info    : It. 0 - 0 nodes created - worst tet radius 3.04804 (nodes removed 0 0)
Info    : 3D refinement terminated (12703 nodes total):
Info    :  - 1 Delaunay cavities modified for star shapeness
Info    :  - 0 nodes could not be inserted
Info    :  - 486 tetrahedra created in 0.00388357 sec. (125142 tets/s)
Info    : 0 node relocations
Info    : Done meshing 3D (Wall 0.718862s, CPU 0.698582s)
Info    : Optimizing mesh...
Info    : Optimizing volume 1
Info    : Optimization starts (volume = 235.595) with worst = 0.00317486 / average = 0.680302:
Info    : 0.00 < quality < 0.10 :       180 elements
Info    : 0.10 < quality < 0.20 :       410 elements
Info    : 0.20 < quality < 0.30 :       607 elements
Info    : 0.30 < quality < 0.40 :       823 elements
Info    : 0.40 < quality < 0.50 :      1320 elements
Info    : 0.50 < quality < 0.60 :      3428 elements
Info    : 0.60 < quality < 0.70 :     10842 elements
Info    : 0.70 < quality < 0.80 :     20840 elements
Info    : 0.80 < quality < 0.90 :      1442 elements
Info    : 0.90 < quality < 1.00 :      1091 elements
Info    : 1154 edge swaps, 16 node relocations (volume = 235.595): worst = 0.10135 / average = 0.696186 (Wall 0.0162698s, CPU 0.016267s)
Info    : 1206 edge swaps, 19 node relocations (volume = 235.595): worst = 0.143763 / average = 0.696704 (Wall 0.02009s, CPU 0.020088s)
Info    : 1214 edge swaps, 20 node relocations (volume = 235.595): worst = 0.143763 / average = 0.696783 (Wall 0.0231031s, CPU 0.023102s)
Info    : No ill-shaped tets in the mesh :-)
Info    : 0.00 < quality < 0.10 :         0 elements
Info    : 0.10 < quality < 0.20 :         5 elements
Info    : 0.20 < quality < 0.30 :        17 elements
Info    : 0.30 < quality < 0.40 :       747 elements
Info    : 0.40 < quality < 0.50 :      1048 elements
Info    : 0.50 < quality < 0.60 :      3378 elements
Info    : 0.60 < quality < 0.70 :     11462 elements
Info    : 0.70 < quality < 0.80 :     20621 elements
Info    : 0.80 < quality < 0.90 :      1549 elements
Info    : 0.90 < quality < 1.00 :      1087 elements
Info    : Optimizing volume 2
Info    : Optimization starts (volume = 0.256478) with worst = 0.104083 / average = 0.74788:
Info    : 0.00 < quality < 0.10 :         0 elements
Info    : 0.10 < quality < 0.20 :         2 elements
Info    : 0.20 < quality < 0.30 :         5 elements
Info    : 0.30 < quality < 0.40 :        11 elements
Info    : 0.40 < quality < 0.50 :        16 elements
Info    : 0.50 < quality < 0.60 :        25 elements
Info    : 0.60 < quality < 0.70 :        67 elements
Info    : 0.70 < quality < 0.80 :       169 elements
Info    : 0.80 < quality < 0.90 :       150 elements
Info    : 0.90 < quality < 1.00 :        41 elements
Info    : 6 edge swaps, 0 node relocations (volume = 0.256478): worst = 0.31836 / average = 0.757034 (Wall 9.64869e-05s, CPU 0.0001s)
Info    : No ill-shaped tets in the mesh :-)
Info    : 0.00 < quality < 0.10 :         0 elements
Info    : 0.10 < quality < 0.20 :         0 elements
Info    : 0.20 < quality < 0.30 :         0 elements
Info    : 0.30 < quality < 0.40 :        10 elements
Info    : 0.40 < quality < 0.50 :        15 elements
Info    : 0.50 < quality < 0.60 :        25 elements
Info    : 0.60 < quality < 0.70 :        69 elements
Info    : 0.70 < quality < 0.80 :       169 elements
Info    : 0.80 < quality < 0.90 :       151 elements
Info    : 0.90 < quality < 1.00 :        41 elements
Info    : Done optimizing mesh (Wall 0.048296s, CPU 0.048292s)
Info    : 13414 nodes 66859 elements
Info    : Meshing order 2 (curvilinear on)...
Info    : [  0%] Meshing curve 1 order 2
Info    : [ 10%] Meshing curve 2 order 2
Info    : [ 20%] Meshing curve 3 order 2
Info    : [ 20%] Meshing curve 4 order 2
Info    : [ 30%] Meshing curve 5 order 2
Info    : [ 30%] Meshing curve 6 order 2
Info    : [ 40%] Meshing curve 7 order 2
Info    : [ 40%] Meshing curve 8 order 2
Info    : [ 50%] Meshing curve 9 order 2
Info    : [ 50%] Meshing curve 10 order 2
Info    : [ 60%] Meshing curve 11 order 2
Info    : [ 60%] Meshing curve 12 order 2
Info    : [ 70%] Meshing surface 1 order 2
Info    : [ 70%] Meshing surface 2 order 2
Info    : [ 80%] Meshing surface 3 order 2
Info    : [ 80%] Meshing surface 4 order 2
Info    : [ 90%] Meshing surface 5 order 2
Info    : [ 90%] Meshing surface 6 order 2
Info    : [100%] Meshing volume 1 order 2
Info    : [100%] Meshing volume 2 order 2
Info    : Surface mesh: worst distortion = 0.797589 (0 elements in ]0, 0.2]); worst gamma = 0.562417
Info    : Volume mesh: worst distortion = 0.252129 (0 elements in ]0, 0.2])
Info    : Done meshing order 2 (Wall 14.3779s, CPU 14.3549s)
Info    : Writing '/home/user/mscr-mom/현서/scripts/contact_scenarios/fea/matv2_mesh_LM75_phiP120_b0_s70.inp'...
Info    : Done writing '/home/user/mscr-mom/현서/scripts/contact_scenarios/fea/matv2_mesh_LM75_phiP120_b0_s70.inp'
  [LM75_phiP120_b0] [실패] (598.3s)
[LM75_phiP120_b0 8/10] L_M=75.0, phi=120.0, beta=0.0, s=80.0mm, push_depth=0.1mm ...
Info    : Meshing 1D...
Info    : [  0%] Meshing curve 1 (BSpline)
Info    : [ 10%] Meshing curve 2 (Ellipse)
Info    : [ 20%] Meshing curve 3 (Ellipse)
Info    : [ 30%] Meshing curve 4 (BSpline)
Info    : [ 40%] Meshing curve 5 (BSpline)
Info    : [ 50%] Meshing curve 6 (BSpline)
Info    : [ 60%] Meshing curve 7 (BSpline)
Info    : [ 60%] Meshing curve 8 (BSpline)
Info    : [ 70%] Meshing curve 9 (BSpline)
Info    : [ 90%] Meshing curve 11 (Circle)
Info    : Done meshing 1D (Wall 0.0240159s, CPU 0.023966s)
Info    : Meshing 2D...
Info    : [  0%] Meshing surface 1 (Plane, Frontal-Delaunay)
Info    : [ 20%] Meshing surface 2 (Plane, Frontal-Delaunay)
Info    : [ 40%] Meshing surface 3 (BSpline surface, Frontal-Delaunay)
Info    : [ 60%] Meshing surface 4 (BSpline surface, Frontal-Delaunay)
Info    : [ 70%] Meshing surface 5 (Plane, Frontal-Delaunay)
Info    : [ 90%] Meshing surface 6 (Sphere, Frontal-Delaunay)
Info    : Done meshing 2D (Wall 0.708504s, CPU 0.708046s)
Info    : Meshing 3D...
Info    : 3D Meshing 2 volumes with 2 connected components
Info    : Tetrahedrizing 12491 nodes...
Info    : Done tetrahedrizing 12499 nodes (Wall 0.163844s, CPU 0.154848s)
Info    : Reconstructing mesh...
Info    :  - Creating surface mesh
Info    :  - Identifying boundary edges
Info    :  - Recovering boundary
Info    : Done reconstructing mesh (Wall 0.372445s, CPU 0.354331s)
Info    : Found volume 1
Info    : It. 0 - 0 nodes created - worst tet radius 1.04362 (nodes removed 0 0)
Info    : 3D refinement terminated (13015 nodes total):
Info    :  - 0 Delaunay cavities modified for star shapeness
Info    :  - 0 nodes could not be inserted
Info    :  - 40983 tetrahedra created in 0.0240991 sec. (1700606 tets/s)
Info    : 0 node relocations
Info    : Tetrahedrizing 132 nodes...
Info    : Done tetrahedrizing 140 nodes (Wall 0.00073458s, CPU 0.000734s)
Info    : Reconstructing mesh...
Info    :  - Creating surface mesh
Info    :  - Identifying boundary edges
Info    :  - Recovering boundary
Info    : Done reconstructing mesh (Wall 0.00161309s, CPU 0.001615s)
Info    : Found volume 2
Info    : It. 0 - 0 nodes created - worst tet radius 3.04804 (nodes removed 0 0)
Info    : 3D refinement terminated (12703 nodes total):
Info    :  - 1 Delaunay cavities modified for star shapeness
Info    :  - 0 nodes could not be inserted
Info    :  - 486 tetrahedra created in 0.00317526 sec. (153058 tets/s)
Info    : 0 node relocations
Info    : Done meshing 3D (Wall 0.717372s, CPU 0.699249s)
Info    : Optimizing mesh...
Info    : Optimizing volume 1
Info    : Optimization starts (volume = 235.595) with worst = 0.00317486 / average = 0.680302:
Info    : 0.00 < quality < 0.10 :       180 elements
Info    : 0.10 < quality < 0.20 :       410 elements
Info    : 0.20 < quality < 0.30 :       607 elements
Info    : 0.30 < quality < 0.40 :       823 elements
Info    : 0.40 < quality < 0.50 :      1320 elements
Info    : 0.50 < quality < 0.60 :      3428 elements
Info    : 0.60 < quality < 0.70 :     10842 elements
Info    : 0.70 < quality < 0.80 :     20840 elements
Info    : 0.80 < quality < 0.90 :      1442 elements
Info    : 0.90 < quality < 1.00 :      1091 elements
Info    : 1154 edge swaps, 16 node relocations (volume = 235.595): worst = 0.10135 / average = 0.696186 (Wall 0.0142957s, CPU 0.014295s)
Info    : 1206 edge swaps, 19 node relocations (volume = 235.595): worst = 0.143763 / average = 0.696704 (Wall 0.0173743s, CPU 0.017375s)
Info    : 1214 edge swaps, 20 node relocations (volume = 235.595): worst = 0.143763 / average = 0.696783 (Wall 0.0196278s, CPU 0.019631s)
Info    : No ill-shaped tets in the mesh :-)
Info    : 0.00 < quality < 0.10 :         0 elements
Info    : 0.10 < quality < 0.20 :         5 elements
Info    : 0.20 < quality < 0.30 :        17 elements
Info    : 0.30 < quality < 0.40 :       747 elements
Info    : 0.40 < quality < 0.50 :      1048 elements
Info    : 0.50 < quality < 0.60 :      3378 elements
Info    : 0.60 < quality < 0.70 :     11462 elements
Info    : 0.70 < quality < 0.80 :     20621 elements
Info    : 0.80 < quality < 0.90 :      1549 elements
Info    : 0.90 < quality < 1.00 :      1087 elements
Info    : Optimizing volume 2
Info    : Optimization starts (volume = 0.256478) with worst = 0.104083 / average = 0.74788:
Info    : 0.00 < quality < 0.10 :         0 elements
Info    : 0.10 < quality < 0.20 :         2 elements
Info    : 0.20 < quality < 0.30 :         5 elements
Info    : 0.30 < quality < 0.40 :        11 elements
Info    : 0.40 < quality < 0.50 :        16 elements
Info    : 0.50 < quality < 0.60 :        25 elements
Info    : 0.60 < quality < 0.70 :        67 elements
Info    : 0.70 < quality < 0.80 :       169 elements
Info    : 0.80 < quality < 0.90 :       150 elements
Info    : 0.90 < quality < 1.00 :        41 elements
Info    : 6 edge swaps, 0 node relocations (volume = 0.256478): worst = 0.31836 / average = 0.757034 (Wall 9.6587e-05s, CPU 9.7e-05s)
Info    : No ill-shaped tets in the mesh :-)
Info    : 0.00 < quality < 0.10 :         0 elements
Info    : 0.10 < quality < 0.20 :         0 elements
Info    : 0.20 < quality < 0.30 :         0 elements
Info    : 0.30 < quality < 0.40 :        10 elements
Info    : 0.40 < quality < 0.50 :        15 elements
Info    : 0.50 < quality < 0.60 :        25 elements
Info    : 0.60 < quality < 0.70 :        69 elements
Info    : 0.70 < quality < 0.80 :       169 elements
Info    : 0.80 < quality < 0.90 :       151 elements
Info    : 0.90 < quality < 1.00 :        41 elements
Info    : Done optimizing mesh (Wall 0.0422865s, CPU 0.042287s)
Info    : 13414 nodes 66859 elements
Info    : Meshing order 2 (curvilinear on)...
Info    : [  0%] Meshing curve 1 order 2
Info    : [ 10%] Meshing curve 2 order 2
Info    : [ 20%] Meshing curve 3 order 2
Info    : [ 20%] Meshing curve 4 order 2
Info    : [ 30%] Meshing curve 5 order 2
Info    : [ 30%] Meshing curve 6 order 2
Info    : [ 40%] Meshing curve 7 order 2
Info    : [ 40%] Meshing curve 8 order 2
Info    : [ 50%] Meshing curve 9 order 2
Info    : [ 50%] Meshing curve 10 order 2
Info    : [ 60%] Meshing curve 11 order 2
Info    : [ 60%] Meshing curve 12 order 2
Info    : [ 70%] Meshing surface 1 order 2
Info    : [ 70%] Meshing surface 2 order 2
Info    : [ 80%] Meshing surface 3 order 2
Info    : [ 80%] Meshing surface 4 order 2
Info    : [ 90%] Meshing surface 5 order 2
Info    : [ 90%] Meshing surface 6 order 2
Info    : [100%] Meshing volume 1 order 2
Info    : [100%] Meshing volume 2 order 2
Info    : Surface mesh: worst distortion = 0.797589 (0 elements in ]0, 0.2]); worst gamma = 0.562417
Info    : Volume mesh: worst distortion = 0.252129 (0 elements in ]0, 0.2])
Info    : Done meshing order 2 (Wall 14.3738s, CPU 14.3551s)
Info    : Writing '/home/user/mscr-mom/현서/scripts/contact_scenarios/fea/matv2_mesh_LM75_phiP120_b0_s80.inp'...
Info    : Done writing '/home/user/mscr-mom/현서/scripts/contact_scenarios/fea/matv2_mesh_LM75_phiP120_b0_s80.inp'
  [LM75_phiP120_b0] [실패] (552.3s)
[LM75_phiP120_b0 9/10] L_M=75.0, phi=120.0, beta=0.0, s=90.0mm, push_depth=0.1mm ...
Info    : Meshing 1D...
Info    : [  0%] Meshing curve 1 (BSpline)
Info    : [ 10%] Meshing curve 2 (Ellipse)
Info    : [ 20%] Meshing curve 3 (Ellipse)
Info    : [ 30%] Meshing curve 4 (BSpline)
Info    : [ 40%] Meshing curve 5 (BSpline)
Info    : [ 50%] Meshing curve 6 (BSpline)
Info    : [ 60%] Meshing curve 7 (BSpline)
Info    : [ 60%] Meshing curve 8 (BSpline)
Info    : [ 70%] Meshing curve 9 (BSpline)
Info    : [ 90%] Meshing curve 11 (Circle)
Info    : Done meshing 1D (Wall 0.024163s, CPU 0.024112s)
Info    : Meshing 2D...
Info    : [  0%] Meshing surface 1 (Plane, Frontal-Delaunay)
Info    : [ 20%] Meshing surface 2 (Plane, Frontal-Delaunay)
Info    : [ 40%] Meshing surface 3 (BSpline surface, Frontal-Delaunay)
Info    : [ 60%] Meshing surface 4 (BSpline surface, Frontal-Delaunay)
Info    : [ 70%] Meshing surface 5 (Plane, Frontal-Delaunay)
Info    : [ 90%] Meshing surface 6 (Sphere, Frontal-Delaunay)
Info    : Done meshing 2D (Wall 0.713964s, CPU 0.71373s)
Info    : Meshing 3D...
Info    : 3D Meshing 2 volumes with 2 connected components
Info    : Tetrahedrizing 12491 nodes...
Info    : Done tetrahedrizing 12499 nodes (Wall 0.160339s, CPU 0.151343s)
Info    : Reconstructing mesh...
Info    :  - Creating surface mesh
Info    :  - Identifying boundary edges
Info    :  - Recovering boundary
Info    : Done reconstructing mesh (Wall 0.394899s, CPU 0.372871s)
Info    : Found volume 1
Info    : It. 0 - 0 nodes created - worst tet radius 1.04362 (nodes removed 0 0)
Info    : 3D refinement terminated (13015 nodes total):
Info    :  - 0 Delaunay cavities modified for star shapeness
Info    :  - 0 nodes could not be inserted
Info    :  - 40983 tetrahedra created in 0.020531 sec. (1996153 tets/s)
Info    : 0 node relocations
Info    : Tetrahedrizing 132 nodes...
Info    : Done tetrahedrizing 140 nodes (Wall 0.000723869s, CPU 0.000724s)
Info    : Reconstructing mesh...
Info    :  - Creating surface mesh
Info    :  - Identifying boundary edges
Info    :  - Recovering boundary
Info    : Done reconstructing mesh (Wall 0.00157661s, CPU 0.001579s)
Info    : Found volume 2
Info    : It. 0 - 0 nodes created - worst tet radius 3.04804 (nodes removed 0 0)
Info    : 3D refinement terminated (12703 nodes total):
Info    :  - 1 Delaunay cavities modified for star shapeness
Info    :  - 0 nodes could not be inserted
Info    :  - 486 tetrahedra created in 0.00217761 sec. (223180 tets/s)
Info    : 0 node relocations
Info    : Done meshing 3D (Wall 0.686849s, CPU 0.66475s)
Info    : Optimizing mesh...
Info    : Optimizing volume 1
Info    : Optimization starts (volume = 235.595) with worst = 0.00317486 / average = 0.680302:
Info    : 0.00 < quality < 0.10 :       180 elements
Info    : 0.10 < quality < 0.20 :       410 elements
Info    : 0.20 < quality < 0.30 :       607 elements
Info    : 0.30 < quality < 0.40 :       823 elements
Info    : 0.40 < quality < 0.50 :      1320 elements
Info    : 0.50 < quality < 0.60 :      3428 elements
Info    : 0.60 < quality < 0.70 :     10842 elements
Info    : 0.70 < quality < 0.80 :     20840 elements
Info    : 0.80 < quality < 0.90 :      1442 elements
Info    : 0.90 < quality < 1.00 :      1091 elements
Info    : 1154 edge swaps, 16 node relocations (volume = 235.595): worst = 0.10135 / average = 0.696186 (Wall 0.0139782s, CPU 0.013978s)
Info    : 1206 edge swaps, 19 node relocations (volume = 235.595): worst = 0.143763 / average = 0.696704 (Wall 0.0169471s, CPU 0.016949s)
Info    : 1214 edge swaps, 20 node relocations (volume = 235.595): worst = 0.143763 / average = 0.696783 (Wall 0.0191548s, CPU 0.019157s)
Info    : No ill-shaped tets in the mesh :-)
Info    : 0.00 < quality < 0.10 :         0 elements
Info    : 0.10 < quality < 0.20 :         5 elements
Info    : 0.20 < quality < 0.30 :        17 elements
Info    : 0.30 < quality < 0.40 :       747 elements
Info    : 0.40 < quality < 0.50 :      1048 elements
Info    : 0.50 < quality < 0.60 :      3378 elements
Info    : 0.60 < quality < 0.70 :     11462 elements
Info    : 0.70 < quality < 0.80 :     20621 elements
Info    : 0.80 < quality < 0.90 :      1549 elements
Info    : 0.90 < quality < 1.00 :      1087 elements
Info    : Optimizing volume 2
Info    : Optimization starts (volume = 0.256478) with worst = 0.104083 / average = 0.74788:
Info    : 0.00 < quality < 0.10 :         0 elements
Info    : 0.10 < quality < 0.20 :         2 elements
Info    : 0.20 < quality < 0.30 :         5 elements
Info    : 0.30 < quality < 0.40 :        11 elements
Info    : 0.40 < quality < 0.50 :        16 elements
Info    : 0.50 < quality < 0.60 :        25 elements
Info    : 0.60 < quality < 0.70 :        67 elements
Info    : 0.70 < quality < 0.80 :       169 elements
Info    : 0.80 < quality < 0.90 :       150 elements
Info    : 0.90 < quality < 1.00 :        41 elements
Info    : 6 edge swaps, 0 node relocations (volume = 0.256478): worst = 0.31836 / average = 0.757034 (Wall 0.000122698s, CPU 0.000123s)
Info    : No ill-shaped tets in the mesh :-)
Info    : 0.00 < quality < 0.10 :         0 elements
Info    : 0.10 < quality < 0.20 :         0 elements
Info    : 0.20 < quality < 0.30 :         0 elements
Info    : 0.30 < quality < 0.40 :        10 elements
Info    : 0.40 < quality < 0.50 :        15 elements
Info    : 0.50 < quality < 0.60 :        25 elements
Info    : 0.60 < quality < 0.70 :        69 elements
Info    : 0.70 < quality < 0.80 :       169 elements
Info    : 0.80 < quality < 0.90 :       151 elements
Info    : 0.90 < quality < 1.00 :        41 elements
Info    : Done optimizing mesh (Wall 0.0409321s, CPU 0.04093s)
Info    : 13414 nodes 66859 elements
Info    : Meshing order 2 (curvilinear on)...
Info    : [  0%] Meshing curve 1 order 2
Info    : [ 10%] Meshing curve 2 order 2
Info    : [ 20%] Meshing curve 3 order 2
Info    : [ 20%] Meshing curve 4 order 2
Info    : [ 30%] Meshing curve 5 order 2
Info    : [ 30%] Meshing curve 6 order 2
Info    : [ 40%] Meshing curve 7 order 2
Info    : [ 40%] Meshing curve 8 order 2
Info    : [ 50%] Meshing curve 9 order 2
Info    : [ 50%] Meshing curve 10 order 2
Info    : [ 60%] Meshing curve 11 order 2
Info    : [ 60%] Meshing curve 12 order 2
Info    : [ 70%] Meshing surface 1 order 2
Info    : [ 70%] Meshing surface 2 order 2
Info    : [ 80%] Meshing surface 3 order 2
Info    : [ 80%] Meshing surface 4 order 2
Info    : [ 90%] Meshing surface 5 order 2
Info    : [ 90%] Meshing surface 6 order 2
Info    : [100%] Meshing volume 1 order 2
Info    : [100%] Meshing volume 2 order 2
Info    : Surface mesh: worst distortion = 0.797589 (0 elements in ]0, 0.2]); worst gamma = 0.562417
Info    : Volume mesh: worst distortion = 0.252129 (0 elements in ]0, 0.2])
Info    : Done meshing order 2 (Wall 14.3686s, CPU 14.3396s)
Info    : Writing '/home/user/mscr-mom/현서/scripts/contact_scenarios/fea/matv2_mesh_LM75_phiP120_b0_s90.inp'...
Info    : Done writing '/home/user/mscr-mom/현서/scripts/contact_scenarios/fea/matv2_mesh_LM75_phiP120_b0_s90.inp'
  [LM75_phiP120_b0] [실패] (1584.5s)
[LM75_phiP120_b0 10/10] L_M=75.0, phi=120.0, beta=0.0, s=100.0mm, push_depth=0.1mm ...
Info    : Meshing 1D...
Info    : [  0%] Meshing curve 1 (BSpline)
Info    : [ 10%] Meshing curve 2 (Ellipse)
Info    : [ 20%] Meshing curve 3 (Ellipse)
Info    : [ 30%] Meshing curve 4 (BSpline)
Info    : [ 40%] Meshing curve 5 (BSpline)
Info    : [ 50%] Meshing curve 6 (BSpline)
Info    : [ 60%] Meshing curve 7 (BSpline)
Info    : [ 60%] Meshing curve 8 (BSpline)
Info    : [ 70%] Meshing curve 9 (BSpline)
Info    : [ 90%] Meshing curve 11 (Circle)
Info    : Done meshing 1D (Wall 0.0241692s, CPU 0.024104s)
Info    : Meshing 2D...
Info    : [  0%] Meshing surface 1 (Plane, Frontal-Delaunay)
Info    : [ 20%] Meshing surface 2 (Plane, Frontal-Delaunay)
Info    : [ 40%] Meshing surface 3 (BSpline surface, Frontal-Delaunay)
Info    : [ 60%] Meshing surface 4 (BSpline surface, Frontal-Delaunay)
Info    : [ 70%] Meshing surface 5 (Plane, Frontal-Delaunay)
Info    : [ 90%] Meshing surface 6 (Sphere, Frontal-Delaunay)
Info    : Done meshing 2D (Wall 0.770891s, CPU 0.770797s)
Info    : Meshing 3D...
Info    : 3D Meshing 2 volumes with 2 connected components
Info    : Tetrahedrizing 12491 nodes...
Info    : Done tetrahedrizing 12499 nodes (Wall 0.15488s, CPU 0.150878s)
Info    : Reconstructing mesh...
Info    :  - Creating surface mesh
Info    :  - Identifying boundary edges
Info    :  - Recovering boundary
Info    : Done reconstructing mesh (Wall 0.385334s, CPU 0.37325s)
Info    : Found volume 1
Info    : It. 0 - 0 nodes created - worst tet radius 1.04362 (nodes removed 0 0)
Info    : 3D refinement terminated (13015 nodes total):
Info    :  - 0 Delaunay cavities modified for star shapeness
Info    :  - 0 nodes could not be inserted
Info    :  - 40983 tetrahedra created in 0.0181014 sec. (2264081 tets/s)
Info    : 0 node relocations
Info    : Tetrahedrizing 132 nodes...
Info    : Done tetrahedrizing 140 nodes (Wall 0.000739458s, CPU 0.000734s)
Info    : Reconstructing mesh...
Info    :  - Creating surface mesh
Info    :  - Identifying boundary edges
Info    :  - Recovering boundary
Info    : Done reconstructing mesh (Wall 0.001607s, CPU 0.001605s)
Info    : Found volume 2
Info    : It. 0 - 0 nodes created - worst tet radius 3.04804 (nodes removed 0 0)
Info    : 3D refinement terminated (12703 nodes total):
Info    :  - 1 Delaunay cavities modified for star shapeness
Info    :  - 0 nodes could not be inserted
Info    :  - 486 tetrahedra created in 0.00225915 sec. (215125 tets/s)
Info    : 0 node relocations
Info    : Done meshing 3D (Wall 0.646938s, CPU 0.634844s)
Info    : Optimizing mesh...
Info    : Optimizing volume 1
Info    : Optimization starts (volume = 235.595) with worst = 0.00317486 / average = 0.680302:
Info    : 0.00 < quality < 0.10 :       180 elements
Info    : 0.10 < quality < 0.20 :       410 elements
Info    : 0.20 < quality < 0.30 :       607 elements
Info    : 0.30 < quality < 0.40 :       823 elements
Info    : 0.40 < quality < 0.50 :      1320 elements
Info    : 0.50 < quality < 0.60 :      3428 elements
Info    : 0.60 < quality < 0.70 :     10842 elements
Info    : 0.70 < quality < 0.80 :     20840 elements
Info    : 0.80 < quality < 0.90 :      1442 elements
Info    : 0.90 < quality < 1.00 :      1091 elements
Info    : 1154 edge swaps, 16 node relocations (volume = 235.595): worst = 0.10135 / average = 0.696186 (Wall 0.0125279s, CPU 0.012528s)
Info    : 1206 edge swaps, 19 node relocations (volume = 235.595): worst = 0.143763 / average = 0.696704 (Wall 0.0151013s, CPU 0.015104s)
Info    : 1214 edge swaps, 20 node relocations (volume = 235.595): worst = 0.143763 / average = 0.696783 (Wall 0.0170732s, CPU 0.017075s)
Info    : No ill-shaped tets in the mesh :-)
Info    : 0.00 < quality < 0.10 :         0 elements
Info    : 0.10 < quality < 0.20 :         5 elements
Info    : 0.20 < quality < 0.30 :        17 elements
Info    : 0.30 < quality < 0.40 :       747 elements
Info    : 0.40 < quality < 0.50 :      1048 elements
Info    : 0.50 < quality < 0.60 :      3378 elements
Info    : 0.60 < quality < 0.70 :     11462 elements
Info    : 0.70 < quality < 0.80 :     20621 elements
Info    : 0.80 < quality < 0.90 :      1549 elements
Info    : 0.90 < quality < 1.00 :      1087 elements
Info    : Optimizing volume 2
Info    : Optimization starts (volume = 0.256478) with worst = 0.104083 / average = 0.74788:
Info    : 0.00 < quality < 0.10 :         0 elements
Info    : 0.10 < quality < 0.20 :         2 elements
Info    : 0.20 < quality < 0.30 :         5 elements
Info    : 0.30 < quality < 0.40 :        11 elements
Info    : 0.40 < quality < 0.50 :        16 elements
Info    : 0.50 < quality < 0.60 :        25 elements
Info    : 0.60 < quality < 0.70 :        67 elements
Info    : 0.70 < quality < 0.80 :       169 elements
Info    : 0.80 < quality < 0.90 :       150 elements
Info    : 0.90 < quality < 1.00 :        41 elements
Info    : 6 edge swaps, 0 node relocations (volume = 0.256478): worst = 0.31836 / average = 0.757034 (Wall 9.29418e-05s, CPU 9.4e-05s)
Info    : No ill-shaped tets in the mesh :-)
Info    : 0.00 < quality < 0.10 :         0 elements
Info    : 0.10 < quality < 0.20 :         0 elements
Info    : 0.20 < quality < 0.30 :         0 elements
Info    : 0.30 < quality < 0.40 :        10 elements
Info    : 0.40 < quality < 0.50 :        15 elements
Info    : 0.50 < quality < 0.60 :        25 elements
Info    : 0.60 < quality < 0.70 :        69 elements
Info    : 0.70 < quality < 0.80 :       169 elements
Info    : 0.80 < quality < 0.90 :       151 elements
Info    : 0.90 < quality < 1.00 :        41 elements
Info    : Done optimizing mesh (Wall 0.0390372s, CPU 0.039035s)
Info    : 13414 nodes 66859 elements
Info    : Meshing order 2 (curvilinear on)...
Info    : [  0%] Meshing curve 1 order 2
Info    : [ 10%] Meshing curve 2 order 2
Info    : [ 20%] Meshing curve 3 order 2
Info    : [ 20%] Meshing curve 4 order 2
Info    : [ 30%] Meshing curve 5 order 2
Info    : [ 30%] Meshing curve 6 order 2
Info    : [ 40%] Meshing curve 7 order 2
Info    : [ 40%] Meshing curve 8 order 2
Info    : [ 50%] Meshing curve 9 order 2
Info    : [ 50%] Meshing curve 10 order 2
Info    : [ 60%] Meshing curve 11 order 2
Info    : [ 60%] Meshing curve 12 order 2
Info    : [ 70%] Meshing surface 1 order 2
Info    : [ 70%] Meshing surface 2 order 2
Info    : [ 80%] Meshing surface 3 order 2
Info    : [ 80%] Meshing surface 4 order 2
Info    : [ 90%] Meshing surface 5 order 2
Info    : [ 90%] Meshing surface 6 order 2
Info    : [100%] Meshing volume 1 order 2
Info    : [100%] Meshing volume 2 order 2
Info    : Surface mesh: worst distortion = 0.797589 (0 elements in ]0, 0.2]); worst gamma = 0.562417
Info    : Volume mesh: worst distortion = 0.252129 (0 elements in ]0, 0.2])
Info    : Done meshing order 2 (Wall 14.6057s, CPU 14.5673s)
Info    : Writing '/home/user/mscr-mom/현서/scripts/contact_scenarios/fea/matv2_mesh_LM75_phiP120_b0_s100.inp'...
Info    : Done writing '/home/user/mscr-mom/현서/scripts/contact_scenarios/fea/matv2_mesh_LM75_phiP120_b0_s100.inp'
  [LM75_phiP120_b0] F_mag=0.0003mN  (162.7s)
[LM75_phiP120_b0] 완료: 3/10 성공
