[LM50_phiP90 1/10] L_M=50.0, phi=90.0, s=10.0mm, push_depth=0.1mm ...
Info    : Meshing 1D...
Info    : [  0%] Meshing curve 1 (BSpline)
Info    : [ 10%] Meshing curve 2 (Ellipse)
Info    : [ 20%] Meshing curve 3 (Ellipse)
Info    : [ 30%] Meshing curve 4 (BSpline)
Info    : [ 40%] Meshing curve 5 (BSpline)
Info    : [ 50%] Meshing curve 6 (BSpline)
Info    : [ 60%] Meshing curve 7 (BSpline)
Info    : [ 60%] Meshing curve 8 (BSpline)
Info    : [ 70%] Meshing curve 9 (BSpline)
Info    : [ 90%] Meshing curve 11 (Circle)
Info    : Done meshing 1D (Wall 0.0217024s, CPU 0.021702s)
Info    : Meshing 2D...
Info    : [  0%] Meshing surface 1 (Plane, Frontal-Delaunay)
Info    : [ 20%] Meshing surface 2 (Plane, Frontal-Delaunay)
Info    : [ 40%] Meshing surface 3 (BSpline surface, Frontal-Delaunay)
Info    : [ 60%] Meshing surface 4 (BSpline surface, Frontal-Delaunay)
Info    : [ 70%] Meshing surface 5 (Plane, Frontal-Delaunay)
Info    : [ 90%] Meshing surface 6 (Sphere, Frontal-Delaunay)
Info    : Done meshing 2D (Wall 0.753737s, CPU 0.751573s)
Info    : Meshing 3D...
Info    : 3D Meshing 2 volumes with 2 connected components
Info    : Tetrahedrizing 12529 nodes...
Info    : Done tetrahedrizing 12537 nodes (Wall 0.147328s, CPU 0.133318s)
Info    : Reconstructing mesh...
Info    :  - Creating surface mesh
Info    :  - Identifying boundary edges
Info    :  - Recovering boundary
Info    : Done reconstructing mesh (Wall 0.39041s, CPU 0.36032s)
Info    : Found volume 1
Info    : It. 0 - 0 nodes created - worst tet radius 1.03018 (nodes removed 0 0)
Info    : 3D refinement terminated (13134 nodes total):
Info    :  - 0 Delaunay cavities modified for star shapeness
Info    :  - 0 nodes could not be inserted
Info    :  - 41593 tetrahedra created in 0.0301403 sec. (1379979 tets/s)
Info    : 0 node relocations
Info    : Tetrahedrizing 132 nodes...
Info    : Done tetrahedrizing 140 nodes (Wall 0.00090257s, CPU 0.000903s)
Info    : Reconstructing mesh...
Info    :  - Creating surface mesh
Info    :  - Identifying boundary edges
Info    :  - Recovering boundary
Info    : Done reconstructing mesh (Wall 0.00186412s, CPU 0.001867s)
Info    : Found volume 2
Info    : It. 0 - 0 nodes created - worst tet radius 3.17744 (nodes removed 0 0)
Info    : 3D refinement terminated (12746 nodes total):
Info    :  - 2 Delaunay cavities modified for star shapeness
Info    :  - 1 nodes could not be inserted
Info    :  - 521 tetrahedra created in 0.00339598 sec. (153416 tets/s)
Info    : 0 node relocations
Info    : Done meshing 3D (Wall 0.718355s, CPU 0.687616s)
Info    : Optimizing mesh...
Info    : Optimizing volume 1
Info    : Optimization starts (volume = 235.623) with worst = 0.00876588 / average = 0.682239:
Info    : 0.00 < quality < 0.10 :       185 elements
Info    : 0.10 < quality < 0.20 :       359 elements
Info    : 0.20 < quality < 0.30 :       578 elements
Info    : 0.30 < quality < 0.40 :       772 elements
Info    : 0.40 < quality < 0.50 :      1167 elements
Info    : 0.50 < quality < 0.60 :      3851 elements
Info    : 0.60 < quality < 0.70 :     11664 elements
Info    : 0.70 < quality < 0.80 :     19958 elements
Info    : 0.80 < quality < 0.90 :      1644 elements
Info    : 0.90 < quality < 1.00 :      1415 elements
Info    : 1073 edge swaps, 11 node relocations (volume = 235.623): worst = 0.0758076 / average = 0.696987 (Wall 0.016776s, CPU 0.016775s)
Info    : 1106 edge swaps, 11 node relocations (volume = 235.623): worst = 0.0758076 / average = 0.697426 (Wall 0.0209744s, CPU 0.020974s)
Info    : No ill-shaped tets in the mesh :-)
Info    : 0.00 < quality < 0.10 :         1 elements
Info    : 0.10 < quality < 0.20 :         5 elements
Info    : 0.20 < quality < 0.30 :        18 elements
Info    : 0.30 < quality < 0.40 :       618 elements
Info    : 0.40 < quality < 0.50 :      1061 elements
Info    : 0.50 < quality < 0.60 :      3798 elements
Info    : 0.60 < quality < 0.70 :     12152 elements
Info    : 0.70 < quality < 0.80 :     19746 elements
Info    : 0.80 < quality < 0.90 :      1767 elements
Info    : 0.90 < quality < 1.00 :      1415 elements
Info    : Optimizing volume 2
Info    : Optimization starts (volume = 0.256468) with worst = 0.0969405 / average = 0.761852:
Info    : 0.00 < quality < 0.10 :         1 elements
Info    : 0.10 < quality < 0.20 :         2 elements
Info    : 0.20 < quality < 0.30 :         3 elements
Info    : 0.30 < quality < 0.40 :         8 elements
Info    : 0.40 < quality < 0.50 :        18 elements
Info    : 0.50 < quality < 0.60 :        19 elements
Info    : 0.60 < quality < 0.70 :        62 elements
Info    : 0.70 < quality < 0.80 :       188 elements
Info    : 0.80 < quality < 0.90 :       165 elements
Info    : 0.90 < quality < 1.00 :        55 elements
Info    : 6 edge swaps, 0 node relocations (volume = 0.256468): worst = 0.315758 / average = 0.769697 (Wall 0.000100023s, CPU 0.000102s)
Info    : No ill-shaped tets in the mesh :-)
Info    : 0.00 < quality < 0.10 :         0 elements
Info    : 0.10 < quality < 0.20 :         0 elements
Info    : 0.20 < quality < 0.30 :         0 elements
Info    : 0.30 < quality < 0.40 :         8 elements
Info    : 0.40 < quality < 0.50 :        17 elements
Info    : 0.50 < quality < 0.60 :        18 elements
Info    : 0.60 < quality < 0.70 :        61 elements
Info    : 0.70 < quality < 0.80 :       191 elements
Info    : 0.80 < quality < 0.90 :       165 elements
Info    : 0.90 < quality < 1.00 :        55 elements
Info    : Done optimizing mesh (Wall 0.048106s, CPU 0.048104s)
Info    : 13538 nodes 67659 elements
Info    : Meshing order 2 (curvilinear on)...
Info    : [  0%] Meshing curve 1 order 2
Info    : [ 10%] Meshing curve 2 order 2
Info    : [ 20%] Meshing curve 3 order 2
Info    : [ 20%] Meshing curve 4 order 2
Info    : [ 30%] Meshing curve 5 order 2
Info    : [ 30%] Meshing curve 6 order 2
Info    : [ 40%] Meshing curve 7 order 2
Info    : [ 40%] Meshing curve 8 order 2
Info    : [ 50%] Meshing curve 9 order 2
Info    : [ 50%] Meshing curve 10 order 2
Info    : [ 60%] Meshing curve 11 order 2
Info    : [ 60%] Meshing curve 12 order 2
Info    : [ 70%] Meshing surface 1 order 2
Info    : [ 70%] Meshing surface 2 order 2
Info    : [ 80%] Meshing surface 3 order 2
Info    : [ 80%] Meshing surface 4 order 2
Info    : [ 90%] Meshing surface 5 order 2
Info    : [ 90%] Meshing surface 6 order 2
Info    : [100%] Meshing volume 1 order 2
Info    : [100%] Meshing volume 2 order 2
Info    : Surface mesh: worst distortion = 0.797589 (0 elements in ]0, 0.2]); worst gamma = 0.499267
Info    : Volume mesh: worst distortion = 0.270279 (0 elements in ]0, 0.2])
Info    : Done meshing order 2 (Wall 15.9577s, CPU 15.9382s)
Info    : Writing '/home/user/mscr-mom/현서/scripts/contact_scenarios/fea/lmphi_mesh_LM50_phiP90_s10.inp'...
Info    : Done writing '/home/user/mscr-mom/현서/scripts/contact_scenarios/fea/lmphi_mesh_LM50_phiP90_s10.inp'
  [LM50_phiP90] F_mag=0.2113mN  (256.2s)
[LM50_phiP90 2/10] L_M=50.0, phi=90.0, s=20.0mm, push_depth=0.1mm ...
Info    : Meshing 1D...
Info    : [  0%] Meshing curve 1 (BSpline)
Info    : [ 10%] Meshing curve 2 (Ellipse)
Info    : [ 20%] Meshing curve 3 (Ellipse)
Info    : [ 30%] Meshing curve 4 (BSpline)
Info    : [ 40%] Meshing curve 5 (BSpline)
Info    : [ 50%] Meshing curve 6 (BSpline)
Info    : [ 60%] Meshing curve 7 (BSpline)
Info    : [ 60%] Meshing curve 8 (BSpline)
Info    : [ 70%] Meshing curve 9 (BSpline)
Info    : [ 90%] Meshing curve 11 (Circle)
Info    : Done meshing 1D (Wall 0.0216184s, CPU 0.021603s)
Info    : Meshing 2D...
Info    : [  0%] Meshing surface 1 (Plane, Frontal-Delaunay)
Info    : [ 20%] Meshing surface 2 (Plane, Frontal-Delaunay)
Info    : [ 40%] Meshing surface 3 (BSpline surface, Frontal-Delaunay)
Info    : [ 60%] Meshing surface 4 (BSpline surface, Frontal-Delaunay)
Info    : [ 70%] Meshing surface 5 (Plane, Frontal-Delaunay)
Info    : [ 90%] Meshing surface 6 (Sphere, Frontal-Delaunay)
Info    : Done meshing 2D (Wall 0.75178s, CPU 0.751177s)
Info    : Meshing 3D...
Info    : 3D Meshing 2 volumes with 2 connected components
Info    : Tetrahedrizing 12529 nodes...
Info    : Done tetrahedrizing 12537 nodes (Wall 0.141509s, CPU 0.133523s)
Info    : Reconstructing mesh...
Info    :  - Creating surface mesh
Info    :  - Identifying boundary edges
Info    :  - Recovering boundary
Info    : Done reconstructing mesh (Wall 0.373195s, CPU 0.354112s)
Info    : Found volume 1
Info    : It. 0 - 0 nodes created - worst tet radius 1.03018 (nodes removed 0 0)
Info    : 3D refinement terminated (13134 nodes total):
Info    :  - 0 Delaunay cavities modified for star shapeness
Info    :  - 0 nodes could not be inserted
Info    :  - 41593 tetrahedra created in 0.022713 sec. (1831242 tets/s)
Info    : 0 node relocations
Info    : Tetrahedrizing 132 nodes...
Info    : Done tetrahedrizing 140 nodes (Wall 0.000742805s, CPU 0.000743s)
Info    : Reconstructing mesh...
Info    :  - Creating surface mesh
Info    :  - Identifying boundary edges
Info    :  - Recovering boundary
Info    : Done reconstructing mesh (Wall 0.0016991s, CPU 0.001701s)
Info    : Found volume 2
Info    : It. 0 - 0 nodes created - worst tet radius 3.17744 (nodes removed 0 0)
Info    : 3D refinement terminated (12746 nodes total):
Info    :  - 2 Delaunay cavities modified for star shapeness
Info    :  - 1 nodes could not be inserted
Info    :  - 521 tetrahedra created in 0.00304709 sec. (170982 tets/s)
Info    : 0 node relocations
Info    : Done meshing 3D (Wall 0.673819s, CPU 0.65467s)
Info    : Optimizing mesh...
Info    : Optimizing volume 1
Info    : Optimization starts (volume = 235.623) with worst = 0.00876588 / average = 0.682239:
Info    : 0.00 < quality < 0.10 :       185 elements
Info    : 0.10 < quality < 0.20 :       359 elements
Info    : 0.20 < quality < 0.30 :       578 elements
Info    : 0.30 < quality < 0.40 :       772 elements
Info    : 0.40 < quality < 0.50 :      1167 elements
Info    : 0.50 < quality < 0.60 :      3851 elements
Info    : 0.60 < quality < 0.70 :     11664 elements
Info    : 0.70 < quality < 0.80 :     19958 elements
Info    : 0.80 < quality < 0.90 :      1644 elements
Info    : 0.90 < quality < 1.00 :      1415 elements
Info    : 1073 edge swaps, 11 node relocations (volume = 235.623): worst = 0.0758076 / average = 0.696987 (Wall 0.0136637s, CPU 0.013663s)
Info    : 1106 edge swaps, 11 node relocations (volume = 235.623): worst = 0.0758076 / average = 0.697426 (Wall 0.0165784s, CPU 0.016578s)
Info    : No ill-shaped tets in the mesh :-)
Info    : 0.00 < quality < 0.10 :         1 elements
Info    : 0.10 < quality < 0.20 :         5 elements
Info    : 0.20 < quality < 0.30 :        18 elements
Info    : 0.30 < quality < 0.40 :       618 elements
Info    : 0.40 < quality < 0.50 :      1061 elements
Info    : 0.50 < quality < 0.60 :      3798 elements
Info    : 0.60 < quality < 0.70 :     12152 elements
Info    : 0.70 < quality < 0.80 :     19746 elements
Info    : 0.80 < quality < 0.90 :      1767 elements
Info    : 0.90 < quality < 1.00 :      1415 elements
Info    : Optimizing volume 2
Info    : Optimization starts (volume = 0.256468) with worst = 0.0969405 / average = 0.761852:
Info    : 0.00 < quality < 0.10 :         1 elements
Info    : 0.10 < quality < 0.20 :         2 elements
Info    : 0.20 < quality < 0.30 :         3 elements
Info    : 0.30 < quality < 0.40 :         8 elements
Info    : 0.40 < quality < 0.50 :        18 elements
Info    : 0.50 < quality < 0.60 :        19 elements
Info    : 0.60 < quality < 0.70 :        62 elements
Info    : 0.70 < quality < 0.80 :       188 elements
Info    : 0.80 < quality < 0.90 :       165 elements
Info    : 0.90 < quality < 1.00 :        55 elements
Info    : 6 edge swaps, 0 node relocations (volume = 0.256468): worst = 0.315758 / average = 0.769697 (Wall 9.74387e-05s, CPU 9.8e-05s)
Info    : No ill-shaped tets in the mesh :-)
Info    : 0.00 < quality < 0.10 :         0 elements
Info    : 0.10 < quality < 0.20 :         0 elements
Info    : 0.20 < quality < 0.30 :         0 elements
Info    : 0.30 < quality < 0.40 :         8 elements
Info    : 0.40 < quality < 0.50 :        17 elements
Info    : 0.50 < quality < 0.60 :        18 elements
Info    : 0.60 < quality < 0.70 :        61 elements
Info    : 0.70 < quality < 0.80 :       191 elements
Info    : 0.80 < quality < 0.90 :       165 elements
Info    : 0.90 < quality < 1.00 :        55 elements
Info    : Done optimizing mesh (Wall 0.0396884s, CPU 0.039688s)
Info    : 13538 nodes 67659 elements
Info    : Meshing order 2 (curvilinear on)...
Info    : [  0%] Meshing curve 1 order 2
Info    : [ 10%] Meshing curve 2 order 2
Info    : [ 20%] Meshing curve 3 order 2
Info    : [ 20%] Meshing curve 4 order 2
Info    : [ 30%] Meshing curve 5 order 2
Info    : [ 30%] Meshing curve 6 order 2
Info    : [ 40%] Meshing curve 7 order 2
Info    : [ 40%] Meshing curve 8 order 2
Info    : [ 50%] Meshing curve 9 order 2
Info    : [ 50%] Meshing curve 10 order 2
Info    : [ 60%] Meshing curve 11 order 2
Info    : [ 60%] Meshing curve 12 order 2
Info    : [ 70%] Meshing surface 1 order 2
Info    : [ 70%] Meshing surface 2 order 2
Info    : [ 80%] Meshing surface 3 order 2
Info    : [ 80%] Meshing surface 4 order 2
Info    : [ 90%] Meshing surface 5 order 2
Info    : [ 90%] Meshing surface 6 order 2
Info    : [100%] Meshing volume 1 order 2
Info    : [100%] Meshing volume 2 order 2
Info    : Surface mesh: worst distortion = 0.797589 (0 elements in ]0, 0.2]); worst gamma = 0.499267
Info    : Volume mesh: worst distortion = 0.270279 (0 elements in ]0, 0.2])
Info    : Done meshing order 2 (Wall 15.5638s, CPU 15.5558s)
Info    : Writing '/home/user/mscr-mom/현서/scripts/contact_scenarios/fea/lmphi_mesh_LM50_phiP90_s20.inp'...
Info    : Done writing '/home/user/mscr-mom/현서/scripts/contact_scenarios/fea/lmphi_mesh_LM50_phiP90_s20.inp'
  [LM50_phiP90] F_mag=0.0290mN  (295.7s)
[LM50_phiP90 3/10] L_M=50.0, phi=90.0, s=30.0mm, push_depth=0.1mm ...
Info    : Meshing 1D...
Info    : [  0%] Meshing curve 1 (BSpline)
Info    : [ 10%] Meshing curve 2 (Ellipse)
Info    : [ 20%] Meshing curve 3 (Ellipse)
Info    : [ 30%] Meshing curve 4 (BSpline)
Info    : [ 40%] Meshing curve 5 (BSpline)
Info    : [ 50%] Meshing curve 6 (BSpline)
Info    : [ 60%] Meshing curve 7 (BSpline)
Info    : [ 60%] Meshing curve 8 (BSpline)
Info    : [ 70%] Meshing curve 9 (BSpline)
Info    : [ 90%] Meshing curve 11 (Circle)
Info    : Done meshing 1D (Wall 0.0217264s, CPU 0.021691s)
Info    : Meshing 2D...
Info    : [  0%] Meshing surface 1 (Plane, Frontal-Delaunay)
Info    : [ 20%] Meshing surface 2 (Plane, Frontal-Delaunay)
Info    : [ 40%] Meshing surface 3 (BSpline surface, Frontal-Delaunay)
Info    : [ 60%] Meshing surface 4 (BSpline surface, Frontal-Delaunay)
Info    : [ 70%] Meshing surface 5 (Plane, Frontal-Delaunay)
Info    : [ 90%] Meshing surface 6 (Sphere, Frontal-Delaunay)
Info    : Done meshing 2D (Wall 0.76352s, CPU 0.763423s)
Info    : Meshing 3D...
Info    : 3D Meshing 2 volumes with 2 connected components
Info    : Tetrahedrizing 12529 nodes...
Info    : Done tetrahedrizing 12537 nodes (Wall 0.146502s, CPU 0.143417s)
Info    : Reconstructing mesh...
Info    :  - Creating surface mesh
Info    :  - Identifying boundary edges
Info    :  - Recovering boundary
Info    : Done reconstructing mesh (Wall 0.376796s, CPU 0.363646s)
Info    : Found volume 1
Info    : It. 0 - 0 nodes created - worst tet radius 1.03018 (nodes removed 0 0)
Info    : 3D refinement terminated (13134 nodes total):
Info    :  - 0 Delaunay cavities modified for star shapeness
Info    :  - 0 nodes could not be inserted
Info    :  - 41593 tetrahedra created in 0.0230001 sec. (1808386 tets/s)
Info    : 0 node relocations
Info    : Tetrahedrizing 132 nodes...
Info    : Done tetrahedrizing 140 nodes (Wall 0.000735402s, CPU 0.000735s)
Info    : Reconstructing mesh...
Info    :  - Creating surface mesh
Info    :  - Identifying boundary edges
Info    :  - Recovering boundary
Info    : Done reconstructing mesh (Wall 0.00165997s, CPU 0.001664s)
Info    : Found volume 2
Info    : It. 0 - 0 nodes created - worst tet radius 3.17744 (nodes removed 0 0)
Info    : 3D refinement terminated (12746 nodes total):
Info    :  - 2 Delaunay cavities modified for star shapeness
Info    :  - 1 nodes could not be inserted
Info    :  - 521 tetrahedra created in 0.00227212 sec. (229301 tets/s)
Info    : 0 node relocations
Info    : Done meshing 3D (Wall 0.687096s, CPU 0.673495s)
Info    : Optimizing mesh...
Info    : Optimizing volume 1
Info    : Optimization starts (volume = 235.623) with worst = 0.00876588 / average = 0.682239:
Info    : 0.00 < quality < 0.10 :       185 elements
Info    : 0.10 < quality < 0.20 :       359 elements
Info    : 0.20 < quality < 0.30 :       578 elements
Info    : 0.30 < quality < 0.40 :       772 elements
Info    : 0.40 < quality < 0.50 :      1167 elements
Info    : 0.50 < quality < 0.60 :      3851 elements
Info    : 0.60 < quality < 0.70 :     11664 elements
Info    : 0.70 < quality < 0.80 :     19958 elements
Info    : 0.80 < quality < 0.90 :      1644 elements
Info    : 0.90 < quality < 1.00 :      1415 elements
Info    : 1073 edge swaps, 11 node relocations (volume = 235.623): worst = 0.0758076 / average = 0.696987 (Wall 0.0102141s, CPU 0.010214s)
Info    : 1106 edge swaps, 11 node relocations (volume = 235.623): worst = 0.0758076 / average = 0.697426 (Wall 0.0124571s, CPU 0.012458s)
Info    : No ill-shaped tets in the mesh :-)
Info    : 0.00 < quality < 0.10 :         1 elements
Info    : 0.10 < quality < 0.20 :         5 elements
Info    : 0.20 < quality < 0.30 :        18 elements
Info    : 0.30 < quality < 0.40 :       618 elements
Info    : 0.40 < quality < 0.50 :      1061 elements
Info    : 0.50 < quality < 0.60 :      3798 elements
Info    : 0.60 < quality < 0.70 :     12152 elements
Info    : 0.70 < quality < 0.80 :     19746 elements
Info    : 0.80 < quality < 0.90 :      1767 elements
Info    : 0.90 < quality < 1.00 :      1415 elements
Info    : Optimizing volume 2
Info    : Optimization starts (volume = 0.256468) with worst = 0.0969405 / average = 0.761852:
Info    : 0.00 < quality < 0.10 :         1 elements
Info    : 0.10 < quality < 0.20 :         2 elements
Info    : 0.20 < quality < 0.30 :         3 elements
Info    : 0.30 < quality < 0.40 :         8 elements
Info    : 0.40 < quality < 0.50 :        18 elements
Info    : 0.50 < quality < 0.60 :        19 elements
Info    : 0.60 < quality < 0.70 :        62 elements
Info    : 0.70 < quality < 0.80 :       188 elements
Info    : 0.80 < quality < 0.90 :       165 elements
Info    : 0.90 < quality < 1.00 :        55 elements
Info    : 6 edge swaps, 0 node relocations (volume = 0.256468): worst = 0.315758 / average = 0.769697 (Wall 9.32729e-05s, CPU 9.4e-05s)
Info    : No ill-shaped tets in the mesh :-)
Info    : 0.00 < quality < 0.10 :         0 elements
Info    : 0.10 < quality < 0.20 :         0 elements
Info    : 0.20 < quality < 0.30 :         0 elements
Info    : 0.30 < quality < 0.40 :         8 elements
Info    : 0.40 < quality < 0.50 :        17 elements
Info    : 0.50 < quality < 0.60 :        18 elements
Info    : 0.60 < quality < 0.70 :        61 elements
Info    : 0.70 < quality < 0.80 :       191 elements
Info    : 0.80 < quality < 0.90 :       165 elements
Info    : 0.90 < quality < 1.00 :        55 elements
Info    : Done optimizing mesh (Wall 0.0336594s, CPU 0.033658s)
Info    : 13538 nodes 67659 elements
Info    : Meshing order 2 (curvilinear on)...
Info    : [  0%] Meshing curve 1 order 2
Info    : [ 10%] Meshing curve 2 order 2
Info    : [ 20%] Meshing curve 3 order 2
Info    : [ 20%] Meshing curve 4 order 2
Info    : [ 30%] Meshing curve 5 order 2
Info    : [ 30%] Meshing curve 6 order 2
Info    : [ 40%] Meshing curve 7 order 2
Info    : [ 40%] Meshing curve 8 order 2
Info    : [ 50%] Meshing curve 9 order 2
Info    : [ 50%] Meshing curve 10 order 2
Info    : [ 60%] Meshing curve 11 order 2
Info    : [ 60%] Meshing curve 12 order 2
Info    : [ 70%] Meshing surface 1 order 2
Info    : [ 70%] Meshing surface 2 order 2
Info    : [ 80%] Meshing surface 3 order 2
Info    : [ 80%] Meshing surface 4 order 2
Info    : [ 90%] Meshing surface 5 order 2
Info    : [ 90%] Meshing surface 6 order 2
Info    : [100%] Meshing volume 1 order 2
Info    : [100%] Meshing volume 2 order 2
Info    : Surface mesh: worst distortion = 0.797589 (0 elements in ]0, 0.2]); worst gamma = 0.499267
Info    : Volume mesh: worst distortion = 0.270279 (0 elements in ]0, 0.2])
Info    : Done meshing order 2 (Wall 15.6171s, CPU 15.6143s)
Info    : Writing '/home/user/mscr-mom/현서/scripts/contact_scenarios/fea/lmphi_mesh_LM50_phiP90_s30.inp'...
Info    : Done writing '/home/user/mscr-mom/현서/scripts/contact_scenarios/fea/lmphi_mesh_LM50_phiP90_s30.inp'
  [LM50_phiP90] F_mag=0.0077mN  (333.1s)
[LM50_phiP90 4/10] L_M=50.0, phi=90.0, s=40.0mm, push_depth=0.1mm ...
Info    : Meshing 1D...
Info    : [  0%] Meshing curve 1 (BSpline)
Info    : [ 10%] Meshing curve 2 (Ellipse)
Info    : [ 20%] Meshing curve 3 (Ellipse)
Info    : [ 30%] Meshing curve 4 (BSpline)
Info    : [ 40%] Meshing curve 5 (BSpline)
Info    : [ 50%] Meshing curve 6 (BSpline)
Info    : [ 60%] Meshing curve 7 (BSpline)
Info    : [ 60%] Meshing curve 8 (BSpline)
Info    : [ 70%] Meshing curve 9 (BSpline)
Info    : [ 90%] Meshing curve 11 (Circle)
Info    : Done meshing 1D (Wall 0.0216813s, CPU 0.021596s)
Info    : Meshing 2D...
Info    : [  0%] Meshing surface 1 (Plane, Frontal-Delaunay)
Info    : [ 20%] Meshing surface 2 (Plane, Frontal-Delaunay)
Info    : [ 40%] Meshing surface 3 (BSpline surface, Frontal-Delaunay)
Info    : [ 60%] Meshing surface 4 (BSpline surface, Frontal-Delaunay)
Info    : [ 70%] Meshing surface 5 (Plane, Frontal-Delaunay)
Info    : [ 90%] Meshing surface 6 (Sphere, Frontal-Delaunay)
Info    : Done meshing 2D (Wall 0.764645s, CPU 0.764355s)
Info    : Meshing 3D...
Info    : 3D Meshing 2 volumes with 2 connected components
Info    : Tetrahedrizing 12529 nodes...
Info    : Done tetrahedrizing 12537 nodes (Wall 0.139545s, CPU 0.138543s)
Info    : Reconstructing mesh...
Info    :  - Creating surface mesh
Info    :  - Identifying boundary edges
Info    :  - Recovering boundary
Info    : Done reconstructing mesh (Wall 0.38193s, CPU 0.373923s)
Info    : Found volume 1
Info    : It. 0 - 0 nodes created - worst tet radius 1.03018 (nodes removed 0 0)
Info    : 3D refinement terminated (13134 nodes total):
Info    :  - 0 Delaunay cavities modified for star shapeness
Info    :  - 0 nodes could not be inserted
Info    :  - 41593 tetrahedra created in 0.0198069 sec. (2099921 tets/s)
Info    : 0 node relocations
Info    : Tetrahedrizing 132 nodes...
Info    : Done tetrahedrizing 140 nodes (Wall 0.000737575s, CPU 0.000738s)
Info    : Reconstructing mesh...
Info    :  - Creating surface mesh
Info    :  - Identifying boundary edges
Info    :  - Recovering boundary
Info    : Done reconstructing mesh (Wall 0.00166057s, CPU 0.001661s)
Info    : Found volume 2
Info    : It. 0 - 0 nodes created - worst tet radius 3.17744 (nodes removed 0 0)
Info    : 3D refinement terminated (12746 nodes total):
Info    :  - 2 Delaunay cavities modified for star shapeness
Info    :  - 1 nodes could not be inserted
Info    :  - 521 tetrahedra created in 0.00237427 sec. (219435 tets/s)
Info    : 0 node relocations
Info    : Done meshing 3D (Wall 0.643097s, CPU 0.635079s)
Info    : Optimizing mesh...
Info    : Optimizing volume 1
Info    : Optimization starts (volume = 235.623) with worst = 0.00876588 / average = 0.682239:
Info    : 0.00 < quality < 0.10 :       185 elements
Info    : 0.10 < quality < 0.20 :       359 elements
Info    : 0.20 < quality < 0.30 :       578 elements
Info    : 0.30 < quality < 0.40 :       772 elements
Info    : 0.40 < quality < 0.50 :      1167 elements
Info    : 0.50 < quality < 0.60 :      3851 elements
Info    : 0.60 < quality < 0.70 :     11664 elements
Info    : 0.70 < quality < 0.80 :     19958 elements
Info    : 0.80 < quality < 0.90 :      1644 elements
Info    : 0.90 < quality < 1.00 :      1415 elements
Info    : 1073 edge swaps, 11 node relocations (volume = 235.623): worst = 0.0758076 / average = 0.696987 (Wall 0.0119113s, CPU 0.011911s)
Info    : 1106 edge swaps, 11 node relocations (volume = 235.623): worst = 0.0758076 / average = 0.697426 (Wall 0.0142207s, CPU 0.014221s)
Info    : No ill-shaped tets in the mesh :-)
Info    : 0.00 < quality < 0.10 :         1 elements
Info    : 0.10 < quality < 0.20 :         5 elements
Info    : 0.20 < quality < 0.30 :        18 elements
Info    : 0.30 < quality < 0.40 :       618 elements
Info    : 0.40 < quality < 0.50 :      1061 elements
Info    : 0.50 < quality < 0.60 :      3798 elements
Info    : 0.60 < quality < 0.70 :     12152 elements
Info    : 0.70 < quality < 0.80 :     19746 elements
Info    : 0.80 < quality < 0.90 :      1767 elements
Info    : 0.90 < quality < 1.00 :      1415 elements
Info    : Optimizing volume 2
Info    : Optimization starts (volume = 0.256468) with worst = 0.0969405 / average = 0.761852:
Info    : 0.00 < quality < 0.10 :         1 elements
Info    : 0.10 < quality < 0.20 :         2 elements
Info    : 0.20 < quality < 0.30 :         3 elements
Info    : 0.30 < quality < 0.40 :         8 elements
Info    : 0.40 < quality < 0.50 :        18 elements
Info    : 0.50 < quality < 0.60 :        19 elements
Info    : 0.60 < quality < 0.70 :        62 elements
Info    : 0.70 < quality < 0.80 :       188 elements
Info    : 0.80 < quality < 0.90 :       165 elements
Info    : 0.90 < quality < 1.00 :        55 elements
Info    : 6 edge swaps, 0 node relocations (volume = 0.256468): worst = 0.315758 / average = 0.769697 (Wall 9.6587e-05s, CPU 9.7e-05s)
Info    : No ill-shaped tets in the mesh :-)
Info    : 0.00 < quality < 0.10 :         0 elements
Info    : 0.10 < quality < 0.20 :         0 elements
Info    : 0.20 < quality < 0.30 :         0 elements
Info    : 0.30 < quality < 0.40 :         8 elements
Info    : 0.40 < quality < 0.50 :        17 elements
Info    : 0.50 < quality < 0.60 :        18 elements
Info    : 0.60 < quality < 0.70 :        61 elements
Info    : 0.70 < quality < 0.80 :       191 elements
Info    : 0.80 < quality < 0.90 :       165 elements
Info    : 0.90 < quality < 1.00 :        55 elements
Info    : Done optimizing mesh (Wall 0.0355817s, CPU 0.035579s)
Info    : 13538 nodes 67659 elements
Info    : Meshing order 2 (curvilinear on)...
Info    : [  0%] Meshing curve 1 order 2
Info    : [ 10%] Meshing curve 2 order 2
Info    : [ 20%] Meshing curve 3 order 2
Info    : [ 20%] Meshing curve 4 order 2
Info    : [ 30%] Meshing curve 5 order 2
Info    : [ 30%] Meshing curve 6 order 2
Info    : [ 40%] Meshing curve 7 order 2
Info    : [ 40%] Meshing curve 8 order 2
Info    : [ 50%] Meshing curve 9 order 2
Info    : [ 50%] Meshing curve 10 order 2
Info    : [ 60%] Meshing curve 11 order 2
Info    : [ 60%] Meshing curve 12 order 2
Info    : [ 70%] Meshing surface 1 order 2
Info    : [ 70%] Meshing surface 2 order 2
Info    : [ 80%] Meshing surface 3 order 2
Info    : [ 80%] Meshing surface 4 order 2
Info    : [ 90%] Meshing surface 5 order 2
Info    : [ 90%] Meshing surface 6 order 2
Info    : [100%] Meshing volume 1 order 2
Info    : [100%] Meshing volume 2 order 2
Info    : Surface mesh: worst distortion = 0.797589 (0 elements in ]0, 0.2]); worst gamma = 0.499267
Info    : Volume mesh: worst distortion = 0.270279 (0 elements in ]0, 0.2])
Info    : Done meshing order 2 (Wall 15.5113s, CPU 15.5066s)
Info    : Writing '/home/user/mscr-mom/현서/scripts/contact_scenarios/fea/lmphi_mesh_LM50_phiP90_s40.inp'...
Info    : Done writing '/home/user/mscr-mom/현서/scripts/contact_scenarios/fea/lmphi_mesh_LM50_phiP90_s40.inp'
  [LM50_phiP90] F_mag=0.0033mN  (605.1s)
[LM50_phiP90 5/10] L_M=50.0, phi=90.0, s=50.0mm, push_depth=0.1mm ...
Info    : Meshing 1D...
Info    : [  0%] Meshing curve 1 (BSpline)
Info    : [ 10%] Meshing curve 2 (Ellipse)
Info    : [ 20%] Meshing curve 3 (Ellipse)
Info    : [ 30%] Meshing curve 4 (BSpline)
Info    : [ 40%] Meshing curve 5 (BSpline)
Info    : [ 50%] Meshing curve 6 (BSpline)
Info    : [ 60%] Meshing curve 7 (BSpline)
Info    : [ 60%] Meshing curve 8 (BSpline)
Info    : [ 70%] Meshing curve 9 (BSpline)
Info    : [ 90%] Meshing curve 11 (Circle)
Info    : Done meshing 1D (Wall 0.022029s, CPU 0.021989s)
Info    : Meshing 2D...
Info    : [  0%] Meshing surface 1 (Plane, Frontal-Delaunay)
Info    : [ 20%] Meshing surface 2 (Plane, Frontal-Delaunay)
Info    : [ 40%] Meshing surface 3 (BSpline surface, Frontal-Delaunay)
Info    : [ 60%] Meshing surface 4 (BSpline surface, Frontal-Delaunay)
Info    : [ 70%] Meshing surface 5 (Plane, Frontal-Delaunay)
Info    : [ 90%] Meshing surface 6 (Sphere, Frontal-Delaunay)
Info    : Done meshing 2D (Wall 0.754342s, CPU 0.754172s)
Info    : Meshing 3D...
Info    : 3D Meshing 2 volumes with 2 connected components
Info    : Tetrahedrizing 12529 nodes...
Info    : Done tetrahedrizing 12537 nodes (Wall 0.140291s, CPU 0.137297s)
Info    : Reconstructing mesh...
Info    :  - Creating surface mesh
Info    :  - Identifying boundary edges
Info    :  - Recovering boundary
Info    : Done reconstructing mesh (Wall 0.34657s, CPU 0.328553s)
Info    : Found volume 1
Info    : It. 0 - 0 nodes created - worst tet radius 1.03018 (nodes removed 0 0)
Info    : 3D refinement terminated (13134 nodes total):
Info    :  - 0 Delaunay cavities modified for star shapeness
Info    :  - 0 nodes could not be inserted
Info    :  - 41593 tetrahedra created in 0.0240947 sec. (1726232 tets/s)
Info    : 0 node relocations
Info    : Tetrahedrizing 132 nodes...
Info    : Done tetrahedrizing 140 nodes (Wall 0.000734351s, CPU 0.000725s)
Info    : Reconstructing mesh...
Info    :  - Creating surface mesh
Info    :  - Identifying boundary edges
Info    :  - Recovering boundary
Info    : Done reconstructing mesh (Wall 0.00170759s, CPU 0.001699s)
Info    : Found volume 2
Info    : It. 0 - 0 nodes created - worst tet radius 3.17744 (nodes removed 0 0)
Info    : 3D refinement terminated (12746 nodes total):
Info    :  - 2 Delaunay cavities modified for star shapeness
Info    :  - 1 nodes could not be inserted
Info    :  - 521 tetrahedra created in 0.00373387 sec. (139533 tets/s)
Info    : 0 node relocations
Info    : Done meshing 3D (Wall 0.651937s, CPU 0.632906s)
Info    : Optimizing mesh...
Info    : Optimizing volume 1
Info    : Optimization starts (volume = 235.623) with worst = 0.00876588 / average = 0.682239:
Info    : 0.00 < quality < 0.10 :       185 elements
Info    : 0.10 < quality < 0.20 :       359 elements
Info    : 0.20 < quality < 0.30 :       578 elements
Info    : 0.30 < quality < 0.40 :       772 elements
Info    : 0.40 < quality < 0.50 :      1167 elements
Info    : 0.50 < quality < 0.60 :      3851 elements
Info    : 0.60 < quality < 0.70 :     11664 elements
Info    : 0.70 < quality < 0.80 :     19958 elements
Info    : 0.80 < quality < 0.90 :      1644 elements
Info    : 0.90 < quality < 1.00 :      1415 elements
Info    : 1073 edge swaps, 11 node relocations (volume = 235.623): worst = 0.0758076 / average = 0.696987 (Wall 0.0135906s, CPU 0.01359s)
Info    : 1106 edge swaps, 11 node relocations (volume = 235.623): worst = 0.0758076 / average = 0.697426 (Wall 0.0167394s, CPU 0.016739s)
Info    : No ill-shaped tets in the mesh :-)
Info    : 0.00 < quality < 0.10 :         1 elements
Info    : 0.10 < quality < 0.20 :         5 elements
Info    : 0.20 < quality < 0.30 :        18 elements
Info    : 0.30 < quality < 0.40 :       618 elements
Info    : 0.40 < quality < 0.50 :      1061 elements
Info    : 0.50 < quality < 0.60 :      3798 elements
Info    : 0.60 < quality < 0.70 :     12152 elements
Info    : 0.70 < quality < 0.80 :     19746 elements
Info    : 0.80 < quality < 0.90 :      1767 elements
Info    : 0.90 < quality < 1.00 :      1415 elements
Info    : Optimizing volume 2
Info    : Optimization starts (volume = 0.256468) with worst = 0.0969405 / average = 0.761852:
Info    : 0.00 < quality < 0.10 :         1 elements
Info    : 0.10 < quality < 0.20 :         2 elements
Info    : 0.20 < quality < 0.30 :         3 elements
Info    : 0.30 < quality < 0.40 :         8 elements
Info    : 0.40 < quality < 0.50 :        18 elements
Info    : 0.50 < quality < 0.60 :        19 elements
Info    : 0.60 < quality < 0.70 :        62 elements
Info    : 0.70 < quality < 0.80 :       188 elements
Info    : 0.80 < quality < 0.90 :       165 elements
Info    : 0.90 < quality < 1.00 :        55 elements
Info    : 6 edge swaps, 0 node relocations (volume = 0.256468): worst = 0.315758 / average = 0.769697 (Wall 9.4675e-05s, CPU 9.6e-05s)
Info    : No ill-shaped tets in the mesh :-)
Info    : 0.00 < quality < 0.10 :         0 elements
Info    : 0.10 < quality < 0.20 :         0 elements
Info    : 0.20 < quality < 0.30 :         0 elements
Info    : 0.30 < quality < 0.40 :         8 elements
Info    : 0.40 < quality < 0.50 :        17 elements
Info    : 0.50 < quality < 0.60 :        18 elements
Info    : 0.60 < quality < 0.70 :        61 elements
Info    : 0.70 < quality < 0.80 :       191 elements
Info    : 0.80 < quality < 0.90 :       165 elements
Info    : 0.90 < quality < 1.00 :        55 elements
Info    : Done optimizing mesh (Wall 0.0406603s, CPU 0.040659s)
Info    : 13538 nodes 67659 elements
Info    : Meshing order 2 (curvilinear on)...
Info    : [  0%] Meshing curve 1 order 2
Info    : [ 10%] Meshing curve 2 order 2
Info    : [ 20%] Meshing curve 3 order 2
Info    : [ 20%] Meshing curve 4 order 2
Info    : [ 30%] Meshing curve 5 order 2
Info    : [ 30%] Meshing curve 6 order 2
Info    : [ 40%] Meshing curve 7 order 2
Info    : [ 40%] Meshing curve 8 order 2
Info    : [ 50%] Meshing curve 9 order 2
Info    : [ 50%] Meshing curve 10 order 2
Info    : [ 60%] Meshing curve 11 order 2
Info    : [ 60%] Meshing curve 12 order 2
Info    : [ 70%] Meshing surface 1 order 2
Info    : [ 70%] Meshing surface 2 order 2
Info    : [ 80%] Meshing surface 3 order 2
Info    : [ 80%] Meshing surface 4 order 2
Info    : [ 90%] Meshing surface 5 order 2
Info    : [ 90%] Meshing surface 6 order 2
Info    : [100%] Meshing volume 1 order 2
Info    : [100%] Meshing volume 2 order 2
Info    : Surface mesh: worst distortion = 0.797589 (0 elements in ]0, 0.2]); worst gamma = 0.499267
Info    : Volume mesh: worst distortion = 0.270279 (0 elements in ]0, 0.2])
Info    : Done meshing order 2 (Wall 15.5269s, CPU 15.523s)
Info    : Writing '/home/user/mscr-mom/현서/scripts/contact_scenarios/fea/lmphi_mesh_LM50_phiP90_s50.inp'...
Info    : Done writing '/home/user/mscr-mom/현서/scripts/contact_scenarios/fea/lmphi_mesh_LM50_phiP90_s50.inp'
  [LM50_phiP90] F_mag=0.0021mN  (1061.7s)
[LM50_phiP90 6/10] L_M=50.0, phi=90.0, s=60.0mm, push_depth=0.1mm ...
Info    : Meshing 1D...
Info    : [  0%] Meshing curve 1 (BSpline)
Info    : [ 10%] Meshing curve 2 (Ellipse)
Info    : [ 20%] Meshing curve 3 (Ellipse)
Info    : [ 30%] Meshing curve 4 (BSpline)
Info    : [ 40%] Meshing curve 5 (BSpline)
Info    : [ 50%] Meshing curve 6 (BSpline)
Info    : [ 60%] Meshing curve 7 (BSpline)
Info    : [ 60%] Meshing curve 8 (BSpline)
Info    : [ 70%] Meshing curve 9 (BSpline)
Info    : [ 90%] Meshing curve 11 (Circle)
Info    : Done meshing 1D (Wall 0.022916s, CPU 0.020911s)
Info    : Meshing 2D...
Info    : [  0%] Meshing surface 1 (Plane, Frontal-Delaunay)
Info    : [ 20%] Meshing surface 2 (Plane, Frontal-Delaunay)
Info    : [ 40%] Meshing surface 3 (BSpline surface, Frontal-Delaunay)
Info    : [ 60%] Meshing surface 4 (BSpline surface, Frontal-Delaunay)
Info    : [ 70%] Meshing surface 5 (Plane, Frontal-Delaunay)
Info    : [ 90%] Meshing surface 6 (Sphere, Frontal-Delaunay)
Info    : Done meshing 2D (Wall 0.806643s, CPU 0.806054s)
Info    : Meshing 3D...
Info    : 3D Meshing 2 volumes with 2 connected components
Info    : Tetrahedrizing 12529 nodes...
Info    : Done tetrahedrizing 12537 nodes (Wall 0.146782s, CPU 0.140776s)
Info    : Reconstructing mesh...
Info    :  - Creating surface mesh
Info    :  - Identifying boundary edges
Info    :  - Recovering boundary
Info    : Done reconstructing mesh (Wall 0.372209s, CPU 0.349182s)
Info    : Found volume 1
Info    : It. 0 - 0 nodes created - worst tet radius 1.03018 (nodes removed 0 0)
Info    : 3D refinement terminated (13134 nodes total):
Info    :  - 0 Delaunay cavities modified for star shapeness
Info    :  - 0 nodes could not be inserted
Info    :  - 41593 tetrahedra created in 0.0313593 sec. (1326337 tets/s)
Info    : 0 node relocations
Info    : Tetrahedrizing 132 nodes...
Info    : Done tetrahedrizing 140 nodes (Wall 0.000811014s, CPU 0.00081s)
Info    : Reconstructing mesh...
Info    :  - Creating surface mesh
Info    :  - Identifying boundary edges
Info    :  - Recovering boundary
Info    : Done reconstructing mesh (Wall 0.00178707s, CPU 0.001791s)
Info    : Found volume 2
Info    : It. 0 - 0 nodes created - worst tet radius 3.17744 (nodes removed 0 0)
Info    : 3D refinement terminated (12746 nodes total):
Info    :  - 2 Delaunay cavities modified for star shapeness
Info    :  - 1 nodes could not be inserted
Info    :  - 521 tetrahedra created in 0.00922674 sec. (56466 tets/s)
Info    : 0 node relocations
Info    : Done meshing 3D (Wall 0.715713s, CPU 0.692205s)
Info    : Optimizing mesh...
Info    : Optimizing volume 1
Info    : Optimization starts (volume = 235.623) with worst = 0.00876588 / average = 0.682239:
Info    : 0.00 < quality < 0.10 :       185 elements
Info    : 0.10 < quality < 0.20 :       359 elements
Info    : 0.20 < quality < 0.30 :       578 elements
Info    : 0.30 < quality < 0.40 :       772 elements
Info    : 0.40 < quality < 0.50 :      1167 elements
Info    : 0.50 < quality < 0.60 :      3851 elements
Info    : 0.60 < quality < 0.70 :     11664 elements
Info    : 0.70 < quality < 0.80 :     19958 elements
Info    : 0.80 < quality < 0.90 :      1644 elements
Info    : 0.90 < quality < 1.00 :      1415 elements
Info    : 1073 edge swaps, 11 node relocations (volume = 235.623): worst = 0.0758076 / average = 0.696987 (Wall 0.0161779s, CPU 0.016176s)
Info    : 1106 edge swaps, 11 node relocations (volume = 235.623): worst = 0.0758076 / average = 0.697426 (Wall 0.0194942s, CPU 0.019496s)
Info    : No ill-shaped tets in the mesh :-)
Info    : 0.00 < quality < 0.10 :         1 elements
Info    : 0.10 < quality < 0.20 :         5 elements
Info    : 0.20 < quality < 0.30 :        18 elements
Info    : 0.30 < quality < 0.40 :       618 elements
Info    : 0.40 < quality < 0.50 :      1061 elements
Info    : 0.50 < quality < 0.60 :      3798 elements
Info    : 0.60 < quality < 0.70 :     12152 elements
Info    : 0.70 < quality < 0.80 :     19746 elements
Info    : 0.80 < quality < 0.90 :      1767 elements
Info    : 0.90 < quality < 1.00 :      1415 elements
Info    : Optimizing volume 2
Info    : Optimization starts (volume = 0.256468) with worst = 0.0969405 / average = 0.761852:
Info    : 0.00 < quality < 0.10 :         1 elements
Info    : 0.10 < quality < 0.20 :         2 elements
Info    : 0.20 < quality < 0.30 :         3 elements
Info    : 0.30 < quality < 0.40 :         8 elements
Info    : 0.40 < quality < 0.50 :        18 elements
Info    : 0.50 < quality < 0.60 :        19 elements
Info    : 0.60 < quality < 0.70 :        62 elements
Info    : 0.70 < quality < 0.80 :       188 elements
Info    : 0.80 < quality < 0.90 :       165 elements
Info    : 0.90 < quality < 1.00 :        55 elements
Info    : 6 edge swaps, 0 node relocations (volume = 0.256468): worst = 0.315758 / average = 0.769697 (Wall 0.000101304s, CPU 0.000103s)
Info    : No ill-shaped tets in the mesh :-)
Info    : 0.00 < quality < 0.10 :         0 elements
Info    : 0.10 < quality < 0.20 :         0 elements
Info    : 0.20 < quality < 0.30 :         0 elements
Info    : 0.30 < quality < 0.40 :         8 elements
Info    : 0.40 < quality < 0.50 :        17 elements
Info    : 0.50 < quality < 0.60 :        18 elements
Info    : 0.60 < quality < 0.70 :        61 elements
Info    : 0.70 < quality < 0.80 :       191 elements
Info    : 0.80 < quality < 0.90 :       165 elements
Info    : 0.90 < quality < 1.00 :        55 elements
Info    : Done optimizing mesh (Wall 0.0558872s, CPU 0.055888s)
Info    : 13538 nodes 67659 elements
Info    : Meshing order 2 (curvilinear on)...
Info    : [  0%] Meshing curve 1 order 2
Info    : [ 10%] Meshing curve 2 order 2
Info    : [ 20%] Meshing curve 3 order 2
Info    : [ 20%] Meshing curve 4 order 2
Info    : [ 30%] Meshing curve 5 order 2
Info    : [ 30%] Meshing curve 6 order 2
Info    : [ 40%] Meshing curve 7 order 2
Info    : [ 40%] Meshing curve 8 order 2
Info    : [ 50%] Meshing curve 9 order 2
Info    : [ 50%] Meshing curve 10 order 2
Info    : [ 60%] Meshing curve 11 order 2
Info    : [ 60%] Meshing curve 12 order 2
Info    : [ 70%] Meshing surface 1 order 2
Info    : [ 70%] Meshing surface 2 order 2
Info    : [ 80%] Meshing surface 3 order 2
Info    : [ 80%] Meshing surface 4 order 2
Info    : [ 90%] Meshing surface 5 order 2
Info    : [ 90%] Meshing surface 6 order 2
Info    : [100%] Meshing volume 1 order 2
Info    : [100%] Meshing volume 2 order 2
Info    : Surface mesh: worst distortion = 0.797589 (0 elements in ]0, 0.2]); worst gamma = 0.499267
Info    : Volume mesh: worst distortion = 0.270279 (0 elements in ]0, 0.2])
Info    : Done meshing order 2 (Wall 15.8613s, CPU 15.8477s)
Info    : Writing '/home/user/mscr-mom/현서/scripts/contact_scenarios/fea/lmphi_mesh_LM50_phiP90_s60.inp'...
Info    : Done writing '/home/user/mscr-mom/현서/scripts/contact_scenarios/fea/lmphi_mesh_LM50_phiP90_s60.inp'
  [LM50_phiP90] [실패] (548.2s)
[LM50_phiP90 7/10] L_M=50.0, phi=90.0, s=70.0mm, push_depth=0.1mm ...
Info    : Meshing 1D...
Info    : [  0%] Meshing curve 1 (BSpline)
Info    : [ 10%] Meshing curve 2 (Ellipse)
Info    : [ 20%] Meshing curve 3 (Ellipse)
Info    : [ 30%] Meshing curve 4 (BSpline)
Info    : [ 40%] Meshing curve 5 (BSpline)
Info    : [ 50%] Meshing curve 6 (BSpline)
Info    : [ 60%] Meshing curve 7 (BSpline)
Info    : [ 60%] Meshing curve 8 (BSpline)
Info    : [ 70%] Meshing curve 9 (BSpline)
Info    : [ 90%] Meshing curve 11 (Circle)
Info    : Done meshing 1D (Wall 0.0222096s, CPU 0.022207s)
Info    : Meshing 2D...
Info    : [  0%] Meshing surface 1 (Plane, Frontal-Delaunay)
Info    : [ 20%] Meshing surface 2 (Plane, Frontal-Delaunay)
Info    : [ 40%] Meshing surface 3 (BSpline surface, Frontal-Delaunay)
Info    : [ 60%] Meshing surface 4 (BSpline surface, Frontal-Delaunay)
Info    : [ 70%] Meshing surface 5 (Plane, Frontal-Delaunay)
Info    : [ 90%] Meshing surface 6 (Sphere, Frontal-Delaunay)
Info    : Done meshing 2D (Wall 0.789963s, CPU 0.789656s)
Info    : Meshing 3D...
Info    : 3D Meshing 2 volumes with 2 connected components
Info    : Tetrahedrizing 12529 nodes...
Info    : Done tetrahedrizing 12537 nodes (Wall 0.140651s, CPU 0.136616s)
Info    : Reconstructing mesh...
Info    :  - Creating surface mesh
Info    :  - Identifying boundary edges
Info    :  - Recovering boundary
Info    : Done reconstructing mesh (Wall 0.353983s, CPU 0.344942s)
Info    : Found volume 1
Info    : It. 0 - 0 nodes created - worst tet radius 1.03018 (nodes removed 0 0)
Info    : 3D refinement terminated (13134 nodes total):
Info    :  - 0 Delaunay cavities modified for star shapeness
Info    :  - 0 nodes could not be inserted
Info    :  - 41593 tetrahedra created in 0.0309156 sec. (1345373 tets/s)
Info    : 0 node relocations
Info    : Tetrahedrizing 132 nodes...
Info    : Done tetrahedrizing 140 nodes (Wall 0.000811706s, CPU 0.000814s)
Info    : Reconstructing mesh...
Info    :  - Creating surface mesh
Info    :  - Identifying boundary edges
Info    :  - Recovering boundary
Info    : Done reconstructing mesh (Wall 0.00195682s, CPU 0.001956s)
Info    : Found volume 2
Info    : It. 0 - 0 nodes created - worst tet radius 3.17744 (nodes removed 0 0)
Info    : 3D refinement terminated (12746 nodes total):
Info    :  - 2 Delaunay cavities modified for star shapeness
Info    :  - 1 nodes could not be inserted
Info    :  - 521 tetrahedra created in 0.00543117 sec. (95927 tets/s)
Info    : 0 node relocations
Info    : Done meshing 3D (Wall 0.677351s, CPU 0.667296s)
Info    : Optimizing mesh...
Info    : Optimizing volume 1
Info    : Optimization starts (volume = 235.623) with worst = 0.00876588 / average = 0.682239:
Info    : 0.00 < quality < 0.10 :       185 elements
Info    : 0.10 < quality < 0.20 :       359 elements
Info    : 0.20 < quality < 0.30 :       578 elements
Info    : 0.30 < quality < 0.40 :       772 elements
Info    : 0.40 < quality < 0.50 :      1167 elements
Info    : 0.50 < quality < 0.60 :      3851 elements
Info    : 0.60 < quality < 0.70 :     11664 elements
Info    : 0.70 < quality < 0.80 :     19958 elements
Info    : 0.80 < quality < 0.90 :      1644 elements
Info    : 0.90 < quality < 1.00 :      1415 elements
Info    : 1073 edge swaps, 11 node relocations (volume = 235.623): worst = 0.0758076 / average = 0.696987 (Wall 0.0146654s, CPU 0.014665s)
Info    : 1106 edge swaps, 11 node relocations (volume = 235.623): worst = 0.0758076 / average = 0.697426 (Wall 0.0180973s, CPU 0.018098s)
Info    : No ill-shaped tets in the mesh :-)
Info    : 0.00 < quality < 0.10 :         1 elements
Info    : 0.10 < quality < 0.20 :         5 elements
Info    : 0.20 < quality < 0.30 :        18 elements
Info    : 0.30 < quality < 0.40 :       618 elements
Info    : 0.40 < quality < 0.50 :      1061 elements
Info    : 0.50 < quality < 0.60 :      3798 elements
Info    : 0.60 < quality < 0.70 :     12152 elements
Info    : 0.70 < quality < 0.80 :     19746 elements
Info    : 0.80 < quality < 0.90 :      1767 elements
Info    : 0.90 < quality < 1.00 :      1415 elements
Info    : Optimizing volume 2
Info    : Optimization starts (volume = 0.256468) with worst = 0.0969405 / average = 0.761852:
Info    : 0.00 < quality < 0.10 :         1 elements
Info    : 0.10 < quality < 0.20 :         2 elements
Info    : 0.20 < quality < 0.30 :         3 elements
Info    : 0.30 < quality < 0.40 :         8 elements
Info    : 0.40 < quality < 0.50 :        18 elements
Info    : 0.50 < quality < 0.60 :        19 elements
Info    : 0.60 < quality < 0.70 :        62 elements
Info    : 0.70 < quality < 0.80 :       188 elements
Info    : 0.80 < quality < 0.90 :       165 elements
Info    : 0.90 < quality < 1.00 :        55 elements
Info    : 6 edge swaps, 0 node relocations (volume = 0.256468): worst = 0.315758 / average = 0.769697 (Wall 0.000110508s, CPU 0.000112s)
Info    : No ill-shaped tets in the mesh :-)
Info    : 0.00 < quality < 0.10 :         0 elements
Info    : 0.10 < quality < 0.20 :         0 elements
Info    : 0.20 < quality < 0.30 :         0 elements
Info    : 0.30 < quality < 0.40 :         8 elements
Info    : 0.40 < quality < 0.50 :        17 elements
Info    : 0.50 < quality < 0.60 :        18 elements
Info    : 0.60 < quality < 0.70 :        61 elements
Info    : 0.70 < quality < 0.80 :       191 elements
Info    : 0.80 < quality < 0.90 :       165 elements
Info    : 0.90 < quality < 1.00 :        55 elements
Info    : Done optimizing mesh (Wall 0.0434711s, CPU 0.043471s)
Info    : 13538 nodes 67659 elements
Info    : Meshing order 2 (curvilinear on)...
Info    : [  0%] Meshing curve 1 order 2
Info    : [ 10%] Meshing curve 2 order 2
Info    : [ 20%] Meshing curve 3 order 2
Info    : [ 20%] Meshing curve 4 order 2
Info    : [ 30%] Meshing curve 5 order 2
Info    : [ 30%] Meshing curve 6 order 2
Info    : [ 40%] Meshing curve 7 order 2
Info    : [ 40%] Meshing curve 8 order 2
Info    : [ 50%] Meshing curve 9 order 2
Info    : [ 50%] Meshing curve 10 order 2
Info    : [ 60%] Meshing curve 11 order 2
Info    : [ 60%] Meshing curve 12 order 2
Info    : [ 70%] Meshing surface 1 order 2
Info    : [ 70%] Meshing surface 2 order 2
Info    : [ 80%] Meshing surface 3 order 2
Info    : [ 80%] Meshing surface 4 order 2
Info    : [ 90%] Meshing surface 5 order 2
Info    : [ 90%] Meshing surface 6 order 2
Info    : [100%] Meshing volume 1 order 2
Info    : [100%] Meshing volume 2 order 2
Info    : Surface mesh: worst distortion = 0.797589 (0 elements in ]0, 0.2]); worst gamma = 0.499267
Info    : Volume mesh: worst distortion = 0.270279 (0 elements in ]0, 0.2])
Info    : Done meshing order 2 (Wall 15.6257s, CPU 15.6218s)
Info    : Writing '/home/user/mscr-mom/현서/scripts/contact_scenarios/fea/lmphi_mesh_LM50_phiP90_s70.inp'...
Info    : Done writing '/home/user/mscr-mom/현서/scripts/contact_scenarios/fea/lmphi_mesh_LM50_phiP90_s70.inp'
  [LM50_phiP90] [실패] (399.6s)
[LM50_phiP90 8/10] L_M=50.0, phi=90.0, s=80.0mm, push_depth=0.1mm ...
Info    : Meshing 1D...
Info    : [  0%] Meshing curve 1 (BSpline)
Info    : [ 10%] Meshing curve 2 (Ellipse)
Info    : [ 20%] Meshing curve 3 (Ellipse)
Info    : [ 30%] Meshing curve 4 (BSpline)
Info    : [ 40%] Meshing curve 5 (BSpline)
Info    : [ 50%] Meshing curve 6 (BSpline)
Info    : [ 60%] Meshing curve 7 (BSpline)
Info    : [ 60%] Meshing curve 8 (BSpline)
Info    : [ 70%] Meshing curve 9 (BSpline)
Info    : [ 90%] Meshing curve 11 (Circle)
Info    : Done meshing 1D (Wall 0.0216769s, CPU 0.021665s)
Info    : Meshing 2D...
Info    : [  0%] Meshing surface 1 (Plane, Frontal-Delaunay)
Info    : [ 20%] Meshing surface 2 (Plane, Frontal-Delaunay)
Info    : [ 40%] Meshing surface 3 (BSpline surface, Frontal-Delaunay)
Info    : [ 60%] Meshing surface 4 (BSpline surface, Frontal-Delaunay)
Info    : [ 70%] Meshing surface 5 (Plane, Frontal-Delaunay)
Info    : [ 90%] Meshing surface 6 (Sphere, Frontal-Delaunay)
Info    : Done meshing 2D (Wall 0.75021s, CPU 0.750159s)
Info    : Meshing 3D...
Info    : 3D Meshing 2 volumes with 2 connected components
Info    : Tetrahedrizing 12529 nodes...
Info    : Done tetrahedrizing 12537 nodes (Wall 0.13845s, CPU 0.137274s)
Info    : Reconstructing mesh...
Info    :  - Creating surface mesh
Info    :  - Identifying boundary edges
Info    :  - Recovering boundary
Info    : Done reconstructing mesh (Wall 0.37283s, CPU 0.36065s)
Info    : Found volume 1
Info    : It. 0 - 0 nodes created - worst tet radius 1.03018 (nodes removed 0 0)
Info    : 3D refinement terminated (13134 nodes total):
Info    :  - 0 Delaunay cavities modified for star shapeness
Info    :  - 0 nodes could not be inserted
Info    :  - 41593 tetrahedra created in 0.0208543 sec. (1994452 tets/s)
Info    : 0 node relocations
Info    : Tetrahedrizing 132 nodes...
Info    : Done tetrahedrizing 140 nodes (Wall 0.000747639s, CPU 0.000747s)
Info    : Reconstructing mesh...
Info    :  - Creating surface mesh
Info    :  - Identifying boundary edges
Info    :  - Recovering boundary
Info    : Done reconstructing mesh (Wall 0.00164616s, CPU 0.001647s)
Info    : Found volume 2
Info    : It. 0 - 0 nodes created - worst tet radius 3.17744 (nodes removed 0 0)
Info    : 3D refinement terminated (12746 nodes total):
Info    :  - 2 Delaunay cavities modified for star shapeness
Info    :  - 1 nodes could not be inserted
Info    :  - 521 tetrahedra created in 0.00396068 sec. (131542 tets/s)
Info    : 0 node relocations
Info    : Done meshing 3D (Wall 0.672585s, CPU 0.66039s)
Info    : Optimizing mesh...
Info    : Optimizing volume 1
Info    : Optimization starts (volume = 235.623) with worst = 0.00876588 / average = 0.682239:
Info    : 0.00 < quality < 0.10 :       185 elements
Info    : 0.10 < quality < 0.20 :       359 elements
Info    : 0.20 < quality < 0.30 :       578 elements
Info    : 0.30 < quality < 0.40 :       772 elements
Info    : 0.40 < quality < 0.50 :      1167 elements
Info    : 0.50 < quality < 0.60 :      3851 elements
Info    : 0.60 < quality < 0.70 :     11664 elements
Info    : 0.70 < quality < 0.80 :     19958 elements
Info    : 0.80 < quality < 0.90 :      1644 elements
Info    : 0.90 < quality < 1.00 :      1415 elements
Info    : 1073 edge swaps, 11 node relocations (volume = 235.623): worst = 0.0758076 / average = 0.696987 (Wall 0.0122496s, CPU 0.012249s)
Info    : 1106 edge swaps, 11 node relocations (volume = 235.623): worst = 0.0758076 / average = 0.697426 (Wall 0.0153182s, CPU 0.015318s)
Info    : No ill-shaped tets in the mesh :-)
Info    : 0.00 < quality < 0.10 :         1 elements
Info    : 0.10 < quality < 0.20 :         5 elements
Info    : 0.20 < quality < 0.30 :        18 elements
Info    : 0.30 < quality < 0.40 :       618 elements
Info    : 0.40 < quality < 0.50 :      1061 elements
Info    : 0.50 < quality < 0.60 :      3798 elements
Info    : 0.60 < quality < 0.70 :     12152 elements
Info    : 0.70 < quality < 0.80 :     19746 elements
Info    : 0.80 < quality < 0.90 :      1767 elements
Info    : 0.90 < quality < 1.00 :      1415 elements
Info    : Optimizing volume 2
Info    : Optimization starts (volume = 0.256468) with worst = 0.0969405 / average = 0.761852:
Info    : 0.00 < quality < 0.10 :         1 elements
Info    : 0.10 < quality < 0.20 :         2 elements
Info    : 0.20 < quality < 0.30 :         3 elements
Info    : 0.30 < quality < 0.40 :         8 elements
Info    : 0.40 < quality < 0.50 :        18 elements
Info    : 0.50 < quality < 0.60 :        19 elements
Info    : 0.60 < quality < 0.70 :        62 elements
Info    : 0.70 < quality < 0.80 :       188 elements
Info    : 0.80 < quality < 0.90 :       165 elements
Info    : 0.90 < quality < 1.00 :        55 elements
Info    : 6 edge swaps, 0 node relocations (volume = 0.256468): worst = 0.315758 / average = 0.769697 (Wall 0.000105691s, CPU 0.000107s)
Info    : No ill-shaped tets in the mesh :-)
Info    : 0.00 < quality < 0.10 :         0 elements
Info    : 0.10 < quality < 0.20 :         0 elements
Info    : 0.20 < quality < 0.30 :         0 elements
Info    : 0.30 < quality < 0.40 :         8 elements
Info    : 0.40 < quality < 0.50 :        17 elements
Info    : 0.50 < quality < 0.60 :        18 elements
Info    : 0.60 < quality < 0.70 :        61 elements
Info    : 0.70 < quality < 0.80 :       191 elements
Info    : 0.80 < quality < 0.90 :       165 elements
Info    : 0.90 < quality < 1.00 :        55 elements
Info    : Done optimizing mesh (Wall 0.0392303s, CPU 0.039229s)
Info    : 13538 nodes 67659 elements
Info    : Meshing order 2 (curvilinear on)...
Info    : [  0%] Meshing curve 1 order 2
Info    : [ 10%] Meshing curve 2 order 2
Info    : [ 20%] Meshing curve 3 order 2
Info    : [ 20%] Meshing curve 4 order 2
Info    : [ 30%] Meshing curve 5 order 2
Info    : [ 30%] Meshing curve 6 order 2
Info    : [ 40%] Meshing curve 7 order 2
Info    : [ 40%] Meshing curve 8 order 2
Info    : [ 50%] Meshing curve 9 order 2
Info    : [ 50%] Meshing curve 10 order 2
Info    : [ 60%] Meshing curve 11 order 2
Info    : [ 60%] Meshing curve 12 order 2
Info    : [ 70%] Meshing surface 1 order 2
Info    : [ 70%] Meshing surface 2 order 2
Info    : [ 80%] Meshing surface 3 order 2
Info    : [ 80%] Meshing surface 4 order 2
Info    : [ 90%] Meshing surface 5 order 2
Info    : [ 90%] Meshing surface 6 order 2
Info    : [100%] Meshing volume 1 order 2
Info    : [100%] Meshing volume 2 order 2
Info    : Surface mesh: worst distortion = 0.797589 (0 elements in ]0, 0.2]); worst gamma = 0.499267
Info    : Volume mesh: worst distortion = 0.270279 (0 elements in ]0, 0.2])
Info    : Done meshing order 2 (Wall 15.8522s, CPU 15.8387s)
Info    : Writing '/home/user/mscr-mom/현서/scripts/contact_scenarios/fea/lmphi_mesh_LM50_phiP90_s80.inp'...
Info    : Done writing '/home/user/mscr-mom/현서/scripts/contact_scenarios/fea/lmphi_mesh_LM50_phiP90_s80.inp'
  [LM50_phiP90] [실패] (890.1s)
[LM50_phiP90 9/10] L_M=50.0, phi=90.0, s=90.0mm, push_depth=0.1mm ...
Info    : Meshing 1D...
Info    : [  0%] Meshing curve 1 (BSpline)
Info    : [ 10%] Meshing curve 2 (Ellipse)
Info    : [ 20%] Meshing curve 3 (Ellipse)
Info    : [ 30%] Meshing curve 4 (BSpline)
Info    : [ 40%] Meshing curve 5 (BSpline)
Info    : [ 50%] Meshing curve 6 (BSpline)
Info    : [ 60%] Meshing curve 7 (BSpline)
Info    : [ 60%] Meshing curve 8 (BSpline)
Info    : [ 70%] Meshing curve 9 (BSpline)
Info    : [ 90%] Meshing curve 11 (Circle)
Info    : Done meshing 1D (Wall 0.021754s, CPU 0.021704s)
Info    : Meshing 2D...
Info    : [  0%] Meshing surface 1 (Plane, Frontal-Delaunay)
Info    : [ 20%] Meshing surface 2 (Plane, Frontal-Delaunay)
Info    : [ 40%] Meshing surface 3 (BSpline surface, Frontal-Delaunay)
Info    : [ 60%] Meshing surface 4 (BSpline surface, Frontal-Delaunay)
Info    : [ 70%] Meshing surface 5 (Plane, Frontal-Delaunay)
Info    : [ 90%] Meshing surface 6 (Sphere, Frontal-Delaunay)
Info    : Done meshing 2D (Wall 0.748473s, CPU 0.747388s)
Info    : Meshing 3D...
Info    : 3D Meshing 2 volumes with 2 connected components
Info    : Tetrahedrizing 12529 nodes...
Info    : Done tetrahedrizing 12537 nodes (Wall 0.140928s, CPU 0.139924s)
Info    : Reconstructing mesh...
Info    :  - Creating surface mesh
Info    :  - Identifying boundary edges
Info    :  - Recovering boundary
Info    : Done reconstructing mesh (Wall 0.334603s, CPU 0.323528s)
Info    : Found volume 1
Info    : It. 0 - 0 nodes created - worst tet radius 1.03018 (nodes removed 0 0)
Info    : 3D refinement terminated (13134 nodes total):
Info    :  - 0 Delaunay cavities modified for star shapeness
Info    :  - 0 nodes could not be inserted
Info    :  - 41593 tetrahedra created in 0.0241209 sec. (1724358 tets/s)
Info    : 0 node relocations
Info    : Tetrahedrizing 132 nodes...
Info    : Done tetrahedrizing 140 nodes (Wall 0.000739935s, CPU 0.00074s)
Info    : Reconstructing mesh...
Info    :  - Creating surface mesh
Info    :  - Identifying boundary edges
Info    :  - Recovering boundary
Info    : Done reconstructing mesh (Wall 0.00168752s, CPU 0.001687s)
Info    : Found volume 2
Info    : It. 0 - 0 nodes created - worst tet radius 3.17744 (nodes removed 0 0)
Info    : 3D refinement terminated (12746 nodes total):
Info    :  - 2 Delaunay cavities modified for star shapeness
Info    :  - 1 nodes could not be inserted
Info    :  - 521 tetrahedra created in 0.00332175 sec. (156844 tets/s)
Info    : 0 node relocations
Info    : Done meshing 3D (Wall 0.628067s, CPU 0.616795s)
Info    : Optimizing mesh...
Info    : Optimizing volume 1
Info    : Optimization starts (volume = 235.623) with worst = 0.00876588 / average = 0.682239:
Info    : 0.00 < quality < 0.10 :       185 elements
Info    : 0.10 < quality < 0.20 :       359 elements
Info    : 0.20 < quality < 0.30 :       578 elements
Info    : 0.30 < quality < 0.40 :       772 elements
Info    : 0.40 < quality < 0.50 :      1167 elements
Info    : 0.50 < quality < 0.60 :      3851 elements
Info    : 0.60 < quality < 0.70 :     11664 elements
Info    : 0.70 < quality < 0.80 :     19958 elements
Info    : 0.80 < quality < 0.90 :      1644 elements
Info    : 0.90 < quality < 1.00 :      1415 elements
Info    : 1073 edge swaps, 11 node relocations (volume = 235.623): worst = 0.0758076 / average = 0.696987 (Wall 0.0140802s, CPU 0.014081s)
Info    : 1106 edge swaps, 11 node relocations (volume = 235.623): worst = 0.0758076 / average = 0.697426 (Wall 0.0172921s, CPU 0.017293s)
Info    : No ill-shaped tets in the mesh :-)
Info    : 0.00 < quality < 0.10 :         1 elements
Info    : 0.10 < quality < 0.20 :         5 elements
Info    : 0.20 < quality < 0.30 :        18 elements
Info    : 0.30 < quality < 0.40 :       618 elements
Info    : 0.40 < quality < 0.50 :      1061 elements
Info    : 0.50 < quality < 0.60 :      3798 elements
Info    : 0.60 < quality < 0.70 :     12152 elements
Info    : 0.70 < quality < 0.80 :     19746 elements
Info    : 0.80 < quality < 0.90 :      1767 elements
Info    : 0.90 < quality < 1.00 :      1415 elements
Info    : Optimizing volume 2
Info    : Optimization starts (volume = 0.256468) with worst = 0.0969405 / average = 0.761852:
Info    : 0.00 < quality < 0.10 :         1 elements
Info    : 0.10 < quality < 0.20 :         2 elements
Info    : 0.20 < quality < 0.30 :         3 elements
Info    : 0.30 < quality < 0.40 :         8 elements
Info    : 0.40 < quality < 0.50 :        18 elements
Info    : 0.50 < quality < 0.60 :        19 elements
Info    : 0.60 < quality < 0.70 :        62 elements
Info    : 0.70 < quality < 0.80 :       188 elements
Info    : 0.80 < quality < 0.90 :       165 elements
Info    : 0.90 < quality < 1.00 :        55 elements
Info    : 6 edge swaps, 0 node relocations (volume = 0.256468): worst = 0.315758 / average = 0.769697 (Wall 9.4505e-05s, CPU 9.6e-05s)
Info    : No ill-shaped tets in the mesh :-)
Info    : 0.00 < quality < 0.10 :         0 elements
Info    : 0.10 < quality < 0.20 :         0 elements
Info    : 0.20 < quality < 0.30 :         0 elements
Info    : 0.30 < quality < 0.40 :         8 elements
Info    : 0.40 < quality < 0.50 :        17 elements
Info    : 0.50 < quality < 0.60 :        18 elements
Info    : 0.60 < quality < 0.70 :        61 elements
Info    : 0.70 < quality < 0.80 :       191 elements
Info    : 0.80 < quality < 0.90 :       165 elements
Info    : 0.90 < quality < 1.00 :        55 elements
Info    : Done optimizing mesh (Wall 0.044279s, CPU 0.044277s)
Info    : 13538 nodes 67659 elements
Info    : Meshing order 2 (curvilinear on)...
Info    : [  0%] Meshing curve 1 order 2
Info    : [ 10%] Meshing curve 2 order 2
Info    : [ 20%] Meshing curve 3 order 2
Info    : [ 20%] Meshing curve 4 order 2
Info    : [ 30%] Meshing curve 5 order 2
Info    : [ 30%] Meshing curve 6 order 2
Info    : [ 40%] Meshing curve 7 order 2
Info    : [ 40%] Meshing curve 8 order 2
Info    : [ 50%] Meshing curve 9 order 2
Info    : [ 50%] Meshing curve 10 order 2
Info    : [ 60%] Meshing curve 11 order 2
Info    : [ 60%] Meshing curve 12 order 2
Info    : [ 70%] Meshing surface 1 order 2
Info    : [ 70%] Meshing surface 2 order 2
Info    : [ 80%] Meshing surface 3 order 2
Info    : [ 80%] Meshing surface 4 order 2
Info    : [ 90%] Meshing surface 5 order 2
Info    : [ 90%] Meshing surface 6 order 2
Info    : [100%] Meshing volume 1 order 2
Info    : [100%] Meshing volume 2 order 2
Info    : Surface mesh: worst distortion = 0.797589 (0 elements in ]0, 0.2]); worst gamma = 0.499267
Info    : Volume mesh: worst distortion = 0.270279 (0 elements in ]0, 0.2])
Info    : Done meshing order 2 (Wall 15.5367s, CPU 15.5292s)
Info    : Writing '/home/user/mscr-mom/현서/scripts/contact_scenarios/fea/lmphi_mesh_LM50_phiP90_s90.inp'...
Info    : Done writing '/home/user/mscr-mom/현서/scripts/contact_scenarios/fea/lmphi_mesh_LM50_phiP90_s90.inp'
  [LM50_phiP90] [실패] (1382.6s)
[LM50_phiP90 10/10] L_M=50.0, phi=90.0, s=100.0mm, push_depth=0.1mm ...
Info    : Meshing 1D...
Info    : [  0%] Meshing curve 1 (BSpline)
Info    : [ 10%] Meshing curve 2 (Ellipse)
Info    : [ 20%] Meshing curve 3 (Ellipse)
Info    : [ 30%] Meshing curve 4 (BSpline)
Info    : [ 40%] Meshing curve 5 (BSpline)
Info    : [ 50%] Meshing curve 6 (BSpline)
Info    : [ 60%] Meshing curve 7 (BSpline)
Info    : [ 60%] Meshing curve 8 (BSpline)
Info    : [ 70%] Meshing curve 9 (BSpline)
Info    : [ 90%] Meshing curve 11 (Circle)
Info    : Done meshing 1D (Wall 0.022136s, CPU 0.022134s)
Info    : Meshing 2D...
Info    : [  0%] Meshing surface 1 (Plane, Frontal-Delaunay)
Info    : [ 20%] Meshing surface 2 (Plane, Frontal-Delaunay)
Info    : [ 40%] Meshing surface 3 (BSpline surface, Frontal-Delaunay)
Info    : [ 60%] Meshing surface 4 (BSpline surface, Frontal-Delaunay)
Info    : [ 70%] Meshing surface 5 (Plane, Frontal-Delaunay)
Info    : [ 90%] Meshing surface 6 (Sphere, Frontal-Delaunay)
Info    : Done meshing 2D (Wall 0.761226s, CPU 0.761175s)
Info    : Meshing 3D...
Info    : 3D Meshing 2 volumes with 2 connected components
Info    : Tetrahedrizing 12529 nodes...
Info    : Done tetrahedrizing 12537 nodes (Wall 0.141351s, CPU 0.13934s)
Info    : Reconstructing mesh...
Info    :  - Creating surface mesh
Info    :  - Identifying boundary edges
Info    :  - Recovering boundary
Info    : Done reconstructing mesh (Wall 0.370103s, CPU 0.357464s)
Info    : Found volume 1
Info    : It. 0 - 0 nodes created - worst tet radius 1.03018 (nodes removed 0 0)
Info    : 3D refinement terminated (13134 nodes total):
Info    :  - 0 Delaunay cavities modified for star shapeness
Info    :  - 0 nodes could not be inserted
Info    :  - 41593 tetrahedra created in 0.0211289 sec. (1968532 tets/s)
Info    : 0 node relocations
Info    : Tetrahedrizing 132 nodes...
Info    : Done tetrahedrizing 140 nodes (Wall 0.000742774s, CPU 0.000743s)
Info    : Reconstructing mesh...
Info    :  - Creating surface mesh
Info    :  - Identifying boundary edges
Info    :  - Recovering boundary
Info    : Done reconstructing mesh (Wall 0.00169684s, CPU 0.001699s)
Info    : Found volume 2
Info    : It. 0 - 0 nodes created - worst tet radius 3.17744 (nodes removed 0 0)
Info    : 3D refinement terminated (12746 nodes total):
Info    :  - 2 Delaunay cavities modified for star shapeness
Info    :  - 1 nodes could not be inserted
Info    :  - 521 tetrahedra created in 0.00413295 sec. (126060 tets/s)
Info    : 0 node relocations
Info    : Done meshing 3D (Wall 0.690022s, CPU 0.677373s)
Info    : Optimizing mesh...
Info    : Optimizing volume 1
Info    : Optimization starts (volume = 235.623) with worst = 0.00876588 / average = 0.682239:
Info    : 0.00 < quality < 0.10 :       185 elements
Info    : 0.10 < quality < 0.20 :       359 elements
Info    : 0.20 < quality < 0.30 :       578 elements
Info    : 0.30 < quality < 0.40 :       772 elements
Info    : 0.40 < quality < 0.50 :      1167 elements
Info    : 0.50 < quality < 0.60 :      3851 elements
Info    : 0.60 < quality < 0.70 :     11664 elements
Info    : 0.70 < quality < 0.80 :     19958 elements
Info    : 0.80 < quality < 0.90 :      1644 elements
Info    : 0.90 < quality < 1.00 :      1415 elements
Info    : 1073 edge swaps, 11 node relocations (volume = 235.623): worst = 0.0758076 / average = 0.696987 (Wall 0.0142236s, CPU 0.014221s)
Info    : 1106 edge swaps, 11 node relocations (volume = 235.623): worst = 0.0758076 / average = 0.697426 (Wall 0.017303s, CPU 0.017301s)
Info    : No ill-shaped tets in the mesh :-)
Info    : 0.00 < quality < 0.10 :         1 elements
Info    : 0.10 < quality < 0.20 :         5 elements
Info    : 0.20 < quality < 0.30 :        18 elements
Info    : 0.30 < quality < 0.40 :       618 elements
Info    : 0.40 < quality < 0.50 :      1061 elements
Info    : 0.50 < quality < 0.60 :      3798 elements
Info    : 0.60 < quality < 0.70 :     12152 elements
Info    : 0.70 < quality < 0.80 :     19746 elements
Info    : 0.80 < quality < 0.90 :      1767 elements
Info    : 0.90 < quality < 1.00 :      1415 elements
Info    : Optimizing volume 2
Info    : Optimization starts (volume = 0.256468) with worst = 0.0969405 / average = 0.761852:
Info    : 0.00 < quality < 0.10 :         1 elements
Info    : 0.10 < quality < 0.20 :         2 elements
Info    : 0.20 < quality < 0.30 :         3 elements
Info    : 0.30 < quality < 0.40 :         8 elements
Info    : 0.40 < quality < 0.50 :        18 elements
Info    : 0.50 < quality < 0.60 :        19 elements
Info    : 0.60 < quality < 0.70 :        62 elements
Info    : 0.70 < quality < 0.80 :       188 elements
Info    : 0.80 < quality < 0.90 :       165 elements
Info    : 0.90 < quality < 1.00 :        55 elements
Info    : 6 edge swaps, 0 node relocations (volume = 0.256468): worst = 0.315758 / average = 0.769697 (Wall 9.39141e-05s, CPU 9.5e-05s)
Info    : No ill-shaped tets in the mesh :-)
Info    : 0.00 < quality < 0.10 :         0 elements
Info    : 0.10 < quality < 0.20 :         0 elements
Info    : 0.20 < quality < 0.30 :         0 elements
Info    : 0.30 < quality < 0.40 :         8 elements
Info    : 0.40 < quality < 0.50 :        17 elements
Info    : 0.50 < quality < 0.60 :        18 elements
Info    : 0.60 < quality < 0.70 :        61 elements
Info    : 0.70 < quality < 0.80 :       191 elements
Info    : 0.80 < quality < 0.90 :       165 elements
Info    : 0.90 < quality < 1.00 :        55 elements
Info    : Done optimizing mesh (Wall 0.0414012s, CPU 0.040789s)
Info    : 13538 nodes 67659 elements
Info    : Meshing order 2 (curvilinear on)...
Info    : [  0%] Meshing curve 1 order 2
Info    : [ 10%] Meshing curve 2 order 2
Info    : [ 20%] Meshing curve 3 order 2
Info    : [ 20%] Meshing curve 4 order 2
Info    : [ 30%] Meshing curve 5 order 2
Info    : [ 30%] Meshing curve 6 order 2
Info    : [ 40%] Meshing curve 7 order 2
Info    : [ 40%] Meshing curve 8 order 2
Info    : [ 50%] Meshing curve 9 order 2
Info    : [ 50%] Meshing curve 10 order 2
Info    : [ 60%] Meshing curve 11 order 2
Info    : [ 60%] Meshing curve 12 order 2
Info    : [ 70%] Meshing surface 1 order 2
Info    : [ 70%] Meshing surface 2 order 2
Info    : [ 80%] Meshing surface 3 order 2
Info    : [ 80%] Meshing surface 4 order 2
Info    : [ 90%] Meshing surface 5 order 2
Info    : [ 90%] Meshing surface 6 order 2
Info    : [100%] Meshing volume 1 order 2
Info    : [100%] Meshing volume 2 order 2
Info    : Surface mesh: worst distortion = 0.797589 (0 elements in ]0, 0.2]); worst gamma = 0.499267
Info    : Volume mesh: worst distortion = 0.270279 (0 elements in ]0, 0.2])
Info    : Done meshing order 2 (Wall 16.0296s, CPU 16.023s)
Info    : Writing '/home/user/mscr-mom/현서/scripts/contact_scenarios/fea/lmphi_mesh_LM50_phiP90_s100.inp'...
Info    : Done writing '/home/user/mscr-mom/현서/scripts/contact_scenarios/fea/lmphi_mesh_LM50_phiP90_s100.inp'
  [LM50_phiP90] [실패] (697.4s)
[LM50_phiP90] 완료: 5/10 성공
