[LM50_phiN30_b0 1/10] L_M=50.0, phi=-30.0, beta=0.0, s=10.0mm, push_depth=0.1mm (wire) ...
Info    : Meshing 1D...
Info    : [  0%] Meshing curve 1 (BSpline)
Info    : [ 10%] Meshing curve 2 (Ellipse)
Info    : [ 20%] Meshing curve 3 (Ellipse)
Info    : [ 30%] Meshing curve 4 (BSpline)
Info    : [ 40%] Meshing curve 5 (BSpline)
Info    : [ 40%] Meshing curve 6 (BSpline)
Info    : [ 50%] Meshing curve 7 (BSpline)
Info    : [ 60%] Meshing curve 8 (BSpline)
Info    : [ 70%] Meshing curve 9 (BSpline)
Info    : [ 70%] Meshing curve 10 (BSpline)
Info    : [ 90%] Meshing curve 12 (Circle)
Info    : Done meshing 1D (Wall 0.0138616s, CPU 0.013862s)
Info    : Meshing 2D...
Info    : [  0%] Meshing surface 1 (Plane, Frontal-Delaunay)
Info    : [ 20%] Meshing surface 2 (Plane, Frontal-Delaunay)
Info    : [ 40%] Meshing surface 3 (BSpline surface, Frontal-Delaunay)
Info    : [ 60%] Meshing surface 4 (BSpline surface, Frontal-Delaunay)
Info    : [ 70%] Meshing surface 5 (Plane, Frontal-Delaunay)
Info    : [ 90%] Meshing surface 6 (Sphere, Frontal-Delaunay)
Info    : Done meshing 2D (Wall 0.707327s, CPU 0.699078s)
Info    : Meshing 3D...
Info    : 3D Meshing 2 volumes with 2 connected components
Info    : Tetrahedrizing 12500 nodes...
Info    : Done tetrahedrizing 12508 nodes (Wall 0.135572s, CPU 0.125535s)
Info    : Reconstructing mesh...
Info    :  - Creating surface mesh
Info    :  - Identifying boundary edges
Info    :  - Recovering boundary
Info    : Done reconstructing mesh (Wall 0.375962s, CPU 0.350897s)
Info    : Found volume 1
Info    : It. 0 - 0 nodes created - worst tet radius 1.03517 (nodes removed 0 0)
Info    : 3D refinement terminated (13184 nodes total):
Info    :  - 0 Delaunay cavities modified for star shapeness
Info    :  - 0 nodes could not be inserted
Info    :  - 42106 tetrahedra created in 0.0268614 sec. (1567525 tets/s)
Info    : 0 node relocations
Info    : Tetrahedrizing 131 nodes...
Info    : Done tetrahedrizing 139 nodes (Wall 0.000728086s, CPU 0.000728s)
Info    : Reconstructing mesh...
Info    :  - Creating surface mesh
Info    :  - Identifying boundary edges
Info    :  - Recovering boundary
Info    : Done reconstructing mesh (Wall 0.0016856s, CPU 0.001688s)
Info    : Found volume 2
Info    : It. 0 - 0 nodes created - worst tet radius 3.07515 (nodes removed 0 0)
Info    : 3D refinement terminated (12707 nodes total):
Info    :  - 0 Delaunay cavities modified for star shapeness
Info    :  - 0 nodes could not be inserted
Info    :  - 451 tetrahedra created in 0.00399068 sec. (113013 tets/s)
Info    : 0 node relocations
Info    : Done meshing 3D (Wall 0.696006s, CPU 0.66791s)
Info    : Optimizing mesh...
Info    : Optimizing volume 1
Info    : Optimization starts (volume = 235.649) with worst = 0.00606196 / average = 0.684464:
Info    : 0.00 < quality < 0.10 :       230 elements
Info    : 0.10 < quality < 0.20 :       376 elements
Info    : 0.20 < quality < 0.30 :       633 elements
Info    : 0.30 < quality < 0.40 :       711 elements
Info    : 0.40 < quality < 0.50 :      1288 elements
Info    : 0.50 < quality < 0.60 :      3722 elements
Info    : 0.60 < quality < 0.70 :     11296 elements
Info    : 0.70 < quality < 0.80 :     20107 elements
Info    : 0.80 < quality < 0.90 :      2106 elements
Info    : 0.90 < quality < 1.00 :      1637 elements
Info    : 1190 edge swaps, 17 node relocations (volume = 235.649): worst = 0.111314 / average = 0.700891 (Wall 0.0138824s, CPU 0.013882s)
Info    : 1236 edge swaps, 19 node relocations (volume = 235.649): worst = 0.119807 / average = 0.701416 (Wall 0.0170594s, CPU 0.01706s)
Info    : 1243 edge swaps, 19 node relocations (volume = 235.649): worst = 0.119807 / average = 0.701486 (Wall 0.0192058s, CPU 0.019207s)
Info    : No ill-shaped tets in the mesh :-)
Info    : 0.00 < quality < 0.10 :         0 elements
Info    : 0.10 < quality < 0.20 :         3 elements
Info    : 0.20 < quality < 0.30 :        12 elements
Info    : 0.30 < quality < 0.40 :       567 elements
Info    : 0.40 < quality < 0.50 :      1066 elements
Info    : 0.50 < quality < 0.60 :      3809 elements
Info    : 0.60 < quality < 0.70 :     11716 elements
Info    : 0.70 < quality < 0.80 :     19893 elements
Info    : 0.80 < quality < 0.90 :      2269 elements
Info    : 0.90 < quality < 1.00 :      1642 elements
Info    : Optimizing volume 2
Info    : Optimization starts (volume = 0.25645) with worst = 0.156818 / average = 0.747933:
Info    : 0.00 < quality < 0.10 :         0 elements
Info    : 0.10 < quality < 0.20 :         3 elements
Info    : 0.20 < quality < 0.30 :         1 elements
Info    : 0.30 < quality < 0.40 :        11 elements
Info    : 0.40 < quality < 0.50 :         7 elements
Info    : 0.50 < quality < 0.60 :        13 elements
Info    : 0.60 < quality < 0.70 :        76 elements
Info    : 0.70 < quality < 0.80 :       198 elements
Info    : 0.80 < quality < 0.90 :       108 elements
Info    : 0.90 < quality < 1.00 :        34 elements
Info    : 4 edge swaps, 0 node relocations (volume = 0.25645): worst = 0.306679 / average = 0.754082 (Wall 9.119e-05s, CPU 9.3e-05s)
Info    : No ill-shaped tets in the mesh :-)
Info    : 0.00 < quality < 0.10 :         0 elements
Info    : 0.10 < quality < 0.20 :         0 elements
Info    : 0.20 < quality < 0.30 :         0 elements
Info    : 0.30 < quality < 0.40 :        11 elements
Info    : 0.40 < quality < 0.50 :         7 elements
Info    : 0.50 < quality < 0.60 :        10 elements
Info    : 0.60 < quality < 0.70 :        78 elements
Info    : 0.70 < quality < 0.80 :       197 elements
Info    : 0.80 < quality < 0.90 :       110 elements
Info    : 0.90 < quality < 1.00 :        34 elements
Info    : Done optimizing mesh (Wall 0.0444108s, CPU 0.044409s)
Info    : 13749 nodes 68091 elements
Info    : Meshing order 2 (curvilinear on)...
Info    : [  0%] Meshing curve 1 order 2
Info    : [ 10%] Meshing curve 2 order 2
Info    : [ 10%] Meshing curve 3 order 2
Info    : [ 20%] Meshing curve 4 order 2
Info    : [ 20%] Meshing curve 5 order 2
Info    : [ 30%] Meshing curve 6 order 2
Info    : [ 30%] Meshing curve 7 order 2
Info    : [ 40%] Meshing curve 8 order 2
Info    : [ 40%] Meshing curve 9 order 2
Info    : [ 50%] Meshing curve 10 order 2
Info    : [ 50%] Meshing curve 11 order 2
Info    : [ 60%] Meshing curve 12 order 2
Info    : [ 60%] Meshing curve 13 order 2
Info    : [ 70%] Meshing surface 1 order 2
Info    : [ 70%] Meshing surface 2 order 2
Info    : [ 80%] Meshing surface 3 order 2
Info    : [ 80%] Meshing surface 4 order 2
Info    : [ 90%] Meshing surface 5 order 2
Info    : [ 90%] Meshing surface 6 order 2
Info    : [100%] Meshing volume 1 order 2
Info    : [100%] Meshing volume 2 order 2
Info    : Surface mesh: worst distortion = 0.797589 (0 elements in ]0, 0.2]); worst gamma = 0.691829
Info    : Volume mesh: worst distortion = 0.241348 (0 elements in ]0, 0.2])
Info    : Done meshing order 2 (Wall 10.2792s, CPU 10.2711s)
Info    : Writing '/home/user/mscr-mom/현서/scripts/contact_scenarios/fea/matv2wire_mesh_LM50_phiN30_b0_s10.inp'...
Info    : Done writing '/home/user/mscr-mom/현서/scripts/contact_scenarios/fea/matv2wire_mesh_LM50_phiN30_b0_s10.inp'
  [LM50_phiN30_b0] F_mag=0.1491mN  (348.0s)
[LM50_phiN30_b0 2/10] L_M=50.0, phi=-30.0, beta=0.0, s=20.0mm, push_depth=0.1mm (wire) ...
Info    : Meshing 1D...
Info    : [  0%] Meshing curve 1 (BSpline)
Info    : [ 10%] Meshing curve 2 (Ellipse)
Info    : [ 20%] Meshing curve 3 (Ellipse)
Info    : [ 30%] Meshing curve 4 (BSpline)
Info    : [ 40%] Meshing curve 5 (BSpline)
Info    : [ 40%] Meshing curve 6 (BSpline)
Info    : [ 50%] Meshing curve 7 (BSpline)
Info    : [ 60%] Meshing curve 8 (BSpline)
Info    : [ 70%] Meshing curve 9 (BSpline)
Info    : [ 70%] Meshing curve 10 (BSpline)
Info    : [ 90%] Meshing curve 12 (Circle)
Info    : Done meshing 1D (Wall 0.0137658s, CPU 0.013686s)
Info    : Meshing 2D...
Info    : [  0%] Meshing surface 1 (Plane, Frontal-Delaunay)
Info    : [ 20%] Meshing surface 2 (Plane, Frontal-Delaunay)
Info    : [ 40%] Meshing surface 3 (BSpline surface, Frontal-Delaunay)
Info    : [ 60%] Meshing surface 4 (BSpline surface, Frontal-Delaunay)
Info    : [ 70%] Meshing surface 5 (Plane, Frontal-Delaunay)
Info    : [ 90%] Meshing surface 6 (Sphere, Frontal-Delaunay)
Info    : Done meshing 2D (Wall 0.692545s, CPU 0.692462s)
Info    : Meshing 3D...
Info    : 3D Meshing 2 volumes with 2 connected components
Info    : Tetrahedrizing 12500 nodes...
Info    : Done tetrahedrizing 12508 nodes (Wall 0.13056s, CPU 0.124571s)
Info    : Reconstructing mesh...
Info    :  - Creating surface mesh
Info    :  - Identifying boundary edges
Info    :  - Recovering boundary
Info    : Done reconstructing mesh (Wall 0.351557s, CPU 0.338553s)
Info    : Found volume 1
Info    : It. 0 - 0 nodes created - worst tet radius 1.03517 (nodes removed 0 0)
Info    : 3D refinement terminated (13184 nodes total):
Info    :  - 0 Delaunay cavities modified for star shapeness
Info    :  - 0 nodes could not be inserted
Info    :  - 42106 tetrahedra created in 0.0341007 sec. (1234756 tets/s)
Info    : 0 node relocations
Info    : Tetrahedrizing 131 nodes...
Info    : Done tetrahedrizing 139 nodes (Wall 0.000762077s, CPU 0.000764s)
Info    : Reconstructing mesh...
Info    :  - Creating surface mesh
Info    :  - Identifying boundary edges
Info    :  - Recovering boundary
Info    : Done reconstructing mesh (Wall 0.00206535s, CPU 0.002063s)
Info    : Found volume 2
Info    : It. 0 - 0 nodes created - worst tet radius 3.07938 (nodes removed 0 0)
Info    : 3D refinement terminated (12711 nodes total):
Info    :  - 0 Delaunay cavities modified for star shapeness
Info    :  - 0 nodes could not be inserted
Info    :  - 482 tetrahedra created in 0.00541951 sec. (88937 tets/s)
Info    : 0 node relocations
Info    : Done meshing 3D (Wall 0.705997s, CPU 0.692968s)
Info    : Optimizing mesh...
Info    : Optimizing volume 1
Info    : Optimization starts (volume = 235.649) with worst = 0.00606196 / average = 0.684464:
Info    : 0.00 < quality < 0.10 :       230 elements
Info    : 0.10 < quality < 0.20 :       376 elements
Info    : 0.20 < quality < 0.30 :       633 elements
Info    : 0.30 < quality < 0.40 :       711 elements
Info    : 0.40 < quality < 0.50 :      1288 elements
Info    : 0.50 < quality < 0.60 :      3722 elements
Info    : 0.60 < quality < 0.70 :     11296 elements
Info    : 0.70 < quality < 0.80 :     20107 elements
Info    : 0.80 < quality < 0.90 :      2106 elements
Info    : 0.90 < quality < 1.00 :      1637 elements
Info    : 1190 edge swaps, 17 node relocations (volume = 235.649): worst = 0.111314 / average = 0.700891 (Wall 0.0137463s, CPU 0.013746s)
Info    : 1236 edge swaps, 19 node relocations (volume = 235.649): worst = 0.119807 / average = 0.701416 (Wall 0.017259s, CPU 0.017259s)
Info    : 1243 edge swaps, 19 node relocations (volume = 235.649): worst = 0.119807 / average = 0.701486 (Wall 0.0202508s, CPU 0.02025s)
Info    : No ill-shaped tets in the mesh :-)
Info    : 0.00 < quality < 0.10 :         0 elements
Info    : 0.10 < quality < 0.20 :         3 elements
Info    : 0.20 < quality < 0.30 :        12 elements
Info    : 0.30 < quality < 0.40 :       567 elements
Info    : 0.40 < quality < 0.50 :      1066 elements
Info    : 0.50 < quality < 0.60 :      3809 elements
Info    : 0.60 < quality < 0.70 :     11716 elements
Info    : 0.70 < quality < 0.80 :     19893 elements
Info    : 0.80 < quality < 0.90 :      2269 elements
Info    : 0.90 < quality < 1.00 :      1642 elements
Info    : Optimizing volume 2
Info    : Optimization starts (volume = 0.256422) with worst = 0.0624585 / average = 0.75339:
Info    : 0.00 < quality < 0.10 :         1 elements
Info    : 0.10 < quality < 0.20 :         1 elements
Info    : 0.20 < quality < 0.30 :         4 elements
Info    : 0.30 < quality < 0.40 :         8 elements
Info    : 0.40 < quality < 0.50 :         8 elements
Info    : 0.50 < quality < 0.60 :        20 elements
Info    : 0.60 < quality < 0.70 :        77 elements
Info    : 0.70 < quality < 0.80 :       188 elements
Info    : 0.80 < quality < 0.90 :       134 elements
Info    : 0.90 < quality < 1.00 :        41 elements
Info    : 6 edge swaps, 0 node relocations (volume = 0.256422): worst = 0.301484 / average = 0.762273 (Wall 9.83309e-05s, CPU 0.000101s)
Info    : No ill-shaped tets in the mesh :-)
Info    : 0.00 < quality < 0.10 :         0 elements
Info    : 0.10 < quality < 0.20 :         0 elements
Info    : 0.20 < quality < 0.30 :         0 elements
Info    : 0.30 < quality < 0.40 :         8 elements
Info    : 0.40 < quality < 0.50 :         7 elements
Info    : 0.50 < quality < 0.60 :        17 elements
Info    : 0.60 < quality < 0.70 :        76 elements
Info    : 0.70 < quality < 0.80 :       192 elements
Info    : 0.80 < quality < 0.90 :       135 elements
Info    : 0.90 < quality < 1.00 :        41 elements
Info    : Done optimizing mesh (Wall 0.0472757s, CPU 0.047271s)
Info    : 13753 nodes 68120 elements
Info    : Meshing order 2 (curvilinear on)...
Info    : [  0%] Meshing curve 1 order 2
Info    : [ 10%] Meshing curve 2 order 2
Info    : [ 10%] Meshing curve 3 order 2
Info    : [ 20%] Meshing curve 4 order 2
Info    : [ 20%] Meshing curve 5 order 2
Info    : [ 30%] Meshing curve 6 order 2
Info    : [ 30%] Meshing curve 7 order 2
Info    : [ 40%] Meshing curve 8 order 2
Info    : [ 40%] Meshing curve 9 order 2
Info    : [ 50%] Meshing curve 10 order 2
Info    : [ 50%] Meshing curve 11 order 2
Info    : [ 60%] Meshing curve 12 order 2
Info    : [ 60%] Meshing curve 13 order 2
Info    : [ 70%] Meshing surface 1 order 2
Info    : [ 70%] Meshing surface 2 order 2
Info    : [ 80%] Meshing surface 3 order 2
Info    : [ 80%] Meshing surface 4 order 2
Info    : [ 90%] Meshing surface 5 order 2
Info    : [ 90%] Meshing surface 6 order 2
Info    : [100%] Meshing volume 1 order 2
Info    : [100%] Meshing volume 2 order 2
Info    : Surface mesh: worst distortion = 0.797589 (0 elements in ]0, 0.2]); worst gamma = 0.691829
Info    : Volume mesh: worst distortion = 0.241348 (0 elements in ]0, 0.2])
Info    : Done meshing order 2 (Wall 10.1079s, CPU 10.1052s)
Info    : Writing '/home/user/mscr-mom/현서/scripts/contact_scenarios/fea/matv2wire_mesh_LM50_phiN30_b0_s20.inp'...
Info    : Done writing '/home/user/mscr-mom/현서/scripts/contact_scenarios/fea/matv2wire_mesh_LM50_phiN30_b0_s20.inp'
  [LM50_phiN30_b0] F_mag=0.0177mN  (226.9s)
[LM50_phiN30_b0 3/10] L_M=50.0, phi=-30.0, beta=0.0, s=30.0mm, push_depth=0.1mm (wire) ...
Info    : Meshing 1D...
Info    : [  0%] Meshing curve 1 (BSpline)
Info    : [ 10%] Meshing curve 2 (Ellipse)
Info    : [ 20%] Meshing curve 3 (Ellipse)
Info    : [ 30%] Meshing curve 4 (BSpline)
Info    : [ 40%] Meshing curve 5 (BSpline)
Info    : [ 40%] Meshing curve 6 (BSpline)
Info    : [ 50%] Meshing curve 7 (BSpline)
Info    : [ 60%] Meshing curve 8 (BSpline)
Info    : [ 70%] Meshing curve 9 (BSpline)
Info    : [ 70%] Meshing curve 10 (BSpline)
Info    : [ 90%] Meshing curve 12 (Circle)
Info    : Done meshing 1D (Wall 0.0138084s, CPU 0.013779s)
Info    : Meshing 2D...
Info    : [  0%] Meshing surface 1 (Plane, Frontal-Delaunay)
Info    : [ 20%] Meshing surface 2 (Plane, Frontal-Delaunay)
Info    : [ 40%] Meshing surface 3 (BSpline surface, Frontal-Delaunay)
Info    : [ 60%] Meshing surface 4 (BSpline surface, Frontal-Delaunay)
Info    : [ 70%] Meshing surface 5 (Plane, Frontal-Delaunay)
Info    : [ 90%] Meshing surface 6 (Sphere, Frontal-Delaunay)
Info    : Done meshing 2D (Wall 0.703917s, CPU 0.70383s)
Info    : Meshing 3D...
Info    : 3D Meshing 2 volumes with 2 connected components
Info    : Tetrahedrizing 12500 nodes...
Info    : Done tetrahedrizing 12508 nodes (Wall 0.13569s, CPU 0.128671s)
Info    : Reconstructing mesh...
Info    :  - Creating surface mesh
Info    :  - Identifying boundary edges
Info    :  - Recovering boundary
Info    : Done reconstructing mesh (Wall 0.376566s, CPU 0.362487s)
Info    : Found volume 1
Info    : It. 0 - 0 nodes created - worst tet radius 1.03517 (nodes removed 0 0)
Info    : 3D refinement terminated (13183 nodes total):
Info    :  - 0 Delaunay cavities modified for star shapeness
Info    :  - 0 nodes could not be inserted
Info    :  - 42106 tetrahedra created in 0.0312905 sec. (1345649 tets/s)
Info    : 0 node relocations
Info    : Tetrahedrizing 130 nodes...
Info    : Done tetrahedrizing 138 nodes (Wall 0.00073819s, CPU 0.000739s)
Info    : Reconstructing mesh...
Info    :  - Creating surface mesh
Info    :  - Identifying boundary edges
Info    :  - Recovering boundary
Info    : Done reconstructing mesh (Wall 0.00173336s, CPU 0.001732s)
Info    : Found volume 2
Info    : It. 0 - 0 nodes created - worst tet radius 3.0606 (nodes removed 0 0)
Info    : 3D refinement terminated (12709 nodes total):
Info    :  - 0 Delaunay cavities modified for star shapeness
Info    :  - 0 nodes could not be inserted
Info    :  - 483 tetrahedra created in 0.00512817 sec. (94185 tets/s)
Info    : 0 node relocations
Info    : Done meshing 3D (Wall 0.69627s, CPU 0.681142s)
Info    : Optimizing mesh...
Info    : Optimizing volume 1
Info    : Optimization starts (volume = 235.649) with worst = 0.00606196 / average = 0.684464:
Info    : 0.00 < quality < 0.10 :       230 elements
Info    : 0.10 < quality < 0.20 :       376 elements
Info    : 0.20 < quality < 0.30 :       633 elements
Info    : 0.30 < quality < 0.40 :       711 elements
Info    : 0.40 < quality < 0.50 :      1288 elements
Info    : 0.50 < quality < 0.60 :      3722 elements
Info    : 0.60 < quality < 0.70 :     11296 elements
Info    : 0.70 < quality < 0.80 :     20107 elements
Info    : 0.80 < quality < 0.90 :      2106 elements
Info    : 0.90 < quality < 1.00 :      1637 elements
Info    : 1190 edge swaps, 17 node relocations (volume = 235.649): worst = 0.111314 / average = 0.700891 (Wall 0.0150316s, CPU 0.014036s)
Info    : 1236 edge swaps, 19 node relocations (volume = 235.649): worst = 0.119807 / average = 0.701416 (Wall 0.018292s, CPU 0.01729s)
Info    : 1243 edge swaps, 19 node relocations (volume = 235.649): worst = 0.119807 / average = 0.701486 (Wall 0.0208626s, CPU 0.019862s)
Info    : No ill-shaped tets in the mesh :-)
Info    : 0.00 < quality < 0.10 :         0 elements
Info    : 0.10 < quality < 0.20 :         3 elements
Info    : 0.20 < quality < 0.30 :        12 elements
Info    : 0.30 < quality < 0.40 :       567 elements
Info    : 0.40 < quality < 0.50 :      1066 elements
Info    : 0.50 < quality < 0.60 :      3809 elements
Info    : 0.60 < quality < 0.70 :     11716 elements
Info    : 0.70 < quality < 0.80 :     19893 elements
Info    : 0.80 < quality < 0.90 :      2269 elements
Info    : 0.90 < quality < 1.00 :      1642 elements
Info    : Optimizing volume 2
Info    : Optimization starts (volume = 0.256435) with worst = 0.112733 / average = 0.740858:
Info    : 0.00 < quality < 0.10 :         0 elements
Info    : 0.10 < quality < 0.20 :         2 elements
Info    : 0.20 < quality < 0.30 :         3 elements
Info    : 0.30 < quality < 0.40 :         9 elements
Info    : 0.40 < quality < 0.50 :        24 elements
Info    : 0.50 < quality < 0.60 :        29 elements
Info    : 0.60 < quality < 0.70 :        68 elements
Info    : 0.70 < quality < 0.80 :       182 elements
Info    : 0.80 < quality < 0.90 :       125 elements
Info    : 0.90 < quality < 1.00 :        41 elements
Info    : 5 edge swaps, 0 node relocations (volume = 0.256435): worst = 0.307232 / average = 0.746252 (Wall 9.4695e-05s, CPU 9.4e-05s)
Info    : No ill-shaped tets in the mesh :-)
Info    : 0.00 < quality < 0.10 :         0 elements
Info    : 0.10 < quality < 0.20 :         0 elements
Info    : 0.20 < quality < 0.30 :         0 elements
Info    : 0.30 < quality < 0.40 :        10 elements
Info    : 0.40 < quality < 0.50 :        22 elements
Info    : 0.50 < quality < 0.60 :        30 elements
Info    : 0.60 < quality < 0.70 :        67 elements
Info    : 0.70 < quality < 0.80 :       184 elements
Info    : 0.80 < quality < 0.90 :       125 elements
Info    : 0.90 < quality < 1.00 :        41 elements
Info    : Done optimizing mesh (Wall 0.0475251s, CPU 0.045538s)
Info    : 13751 nodes 68121 elements
Info    : Meshing order 2 (curvilinear on)...
Info    : [  0%] Meshing curve 1 order 2
Info    : [ 10%] Meshing curve 2 order 2
Info    : [ 10%] Meshing curve 3 order 2
Info    : [ 20%] Meshing curve 4 order 2
Info    : [ 20%] Meshing curve 5 order 2
Info    : [ 30%] Meshing curve 6 order 2
Info    : [ 30%] Meshing curve 7 order 2
Info    : [ 40%] Meshing curve 8 order 2
Info    : [ 40%] Meshing curve 9 order 2
Info    : [ 50%] Meshing curve 10 order 2
Info    : [ 50%] Meshing curve 11 order 2
Info    : [ 60%] Meshing curve 12 order 2
Info    : [ 60%] Meshing curve 13 order 2
Info    : [ 70%] Meshing surface 1 order 2
Info    : [ 70%] Meshing surface 2 order 2
Info    : [ 80%] Meshing surface 3 order 2
Info    : [ 80%] Meshing surface 4 order 2
Info    : [ 90%] Meshing surface 5 order 2
Info    : [ 90%] Meshing surface 6 order 2
Info    : [100%] Meshing volume 1 order 2
Info    : [100%] Meshing volume 2 order 2
Info    : Surface mesh: worst distortion = 0.797589 (0 elements in ]0, 0.2]); worst gamma = 0.691829
Info    : Volume mesh: worst distortion = 0.241348 (0 elements in ]0, 0.2])
Info    : Done meshing order 2 (Wall 10.1068s, CPU 10.1022s)
Info    : Writing '/home/user/mscr-mom/현서/scripts/contact_scenarios/fea/matv2wire_mesh_LM50_phiN30_b0_s30.inp'...
Info    : Done writing '/home/user/mscr-mom/현서/scripts/contact_scenarios/fea/matv2wire_mesh_LM50_phiN30_b0_s30.inp'
  [LM50_phiN30_b0] F_mag=0.0053mN  (339.3s)
[LM50_phiN30_b0 4/10] L_M=50.0, phi=-30.0, beta=0.0, s=40.0mm, push_depth=0.1mm (wire) ...
Info    : Meshing 1D...
Info    : [  0%] Meshing curve 1 (BSpline)
Info    : [ 10%] Meshing curve 2 (Ellipse)
Info    : [ 20%] Meshing curve 3 (Ellipse)
Info    : [ 30%] Meshing curve 4 (BSpline)
Info    : [ 40%] Meshing curve 5 (BSpline)
Info    : [ 40%] Meshing curve 6 (BSpline)
Info    : [ 50%] Meshing curve 7 (BSpline)
Info    : [ 60%] Meshing curve 8 (BSpline)
Info    : [ 70%] Meshing curve 9 (BSpline)
Info    : [ 70%] Meshing curve 10 (BSpline)
Info    : [ 90%] Meshing curve 12 (Circle)
Info    : Done meshing 1D (Wall 0.0138304s, CPU 0.013808s)
Info    : Meshing 2D...
Info    : [  0%] Meshing surface 1 (Plane, Frontal-Delaunay)
Info    : [ 20%] Meshing surface 2 (Plane, Frontal-Delaunay)
Info    : [ 40%] Meshing surface 3 (BSpline surface, Frontal-Delaunay)
Info    : [ 60%] Meshing surface 4 (BSpline surface, Frontal-Delaunay)
Info    : [ 70%] Meshing surface 5 (Plane, Frontal-Delaunay)
Info    : [ 90%] Meshing surface 6 (Sphere, Frontal-Delaunay)
Info    : Done meshing 2D (Wall 0.668526s, CPU 0.66845s)
Info    : Meshing 3D...
Info    : 3D Meshing 2 volumes with 2 connected components
Info    : Tetrahedrizing 12500 nodes...
Info    : Done tetrahedrizing 12508 nodes (Wall 0.132402s, CPU 0.121413s)
Info    : Reconstructing mesh...
Info    :  - Creating surface mesh
Info    :  - Identifying boundary edges
Info    :  - Recovering boundary
Info    : Done reconstructing mesh (Wall 0.369935s, CPU 0.347909s)
Info    : Found volume 1
Info    : It. 0 - 0 nodes created - worst tet radius 1.03517 (nodes removed 0 0)
Info    : 3D refinement terminated (13183 nodes total):
Info    :  - 0 Delaunay cavities modified for star shapeness
Info    :  - 0 nodes could not be inserted
Info    :  - 42106 tetrahedra created in 0.0275089 sec. (1530634 tets/s)
Info    : 0 node relocations
Info    : Tetrahedrizing 130 nodes...
Info    : Done tetrahedrizing 138 nodes (Wall 0.000845432s, CPU 0.000846s)
Info    : Reconstructing mesh...
Info    :  - Creating surface mesh
Info    :  - Identifying boundary edges
Info    :  - Recovering boundary
Info    : Done reconstructing mesh (Wall 0.00189923s, CPU 0.001904s)
Info    : Found volume 2
Info    : It. 0 - 0 nodes created - worst tet radius 3.0606 (nodes removed 0 0)
Info    : 3D refinement terminated (12705 nodes total):
Info    :  - 0 Delaunay cavities modified for star shapeness
Info    :  - 0 nodes could not be inserted
Info    :  - 436 tetrahedra created in 0.00336927 sec. (129404 tets/s)
Info    : 0 node relocations
Info    : Done meshing 3D (Wall 0.670597s, CPU 0.64854s)
Info    : Optimizing mesh...
Info    : Optimizing volume 1
Info    : Optimization starts (volume = 235.649) with worst = 0.00606196 / average = 0.684464:
Info    : 0.00 < quality < 0.10 :       230 elements
Info    : 0.10 < quality < 0.20 :       376 elements
Info    : 0.20 < quality < 0.30 :       633 elements
Info    : 0.30 < quality < 0.40 :       711 elements
Info    : 0.40 < quality < 0.50 :      1288 elements
Info    : 0.50 < quality < 0.60 :      3722 elements
Info    : 0.60 < quality < 0.70 :     11296 elements
Info    : 0.70 < quality < 0.80 :     20107 elements
Info    : 0.80 < quality < 0.90 :      2106 elements
Info    : 0.90 < quality < 1.00 :      1637 elements
Info    : 1190 edge swaps, 17 node relocations (volume = 235.649): worst = 0.111314 / average = 0.700891 (Wall 0.013483s, CPU 0.013482s)
Info    : 1236 edge swaps, 19 node relocations (volume = 235.649): worst = 0.119807 / average = 0.701416 (Wall 0.0177179s, CPU 0.017705s)
Info    : 1243 edge swaps, 19 node relocations (volume = 235.649): worst = 0.119807 / average = 0.701486 (Wall 0.0229552s, CPU 0.022935s)
Info    : No ill-shaped tets in the mesh :-)
Info    : 0.00 < quality < 0.10 :         0 elements
Info    : 0.10 < quality < 0.20 :         3 elements
Info    : 0.20 < quality < 0.30 :        12 elements
Info    : 0.30 < quality < 0.40 :       567 elements
Info    : 0.40 < quality < 0.50 :      1066 elements
Info    : 0.50 < quality < 0.60 :      3809 elements
Info    : 0.60 < quality < 0.70 :     11716 elements
Info    : 0.70 < quality < 0.80 :     19893 elements
Info    : 0.80 < quality < 0.90 :      2269 elements
Info    : 0.90 < quality < 1.00 :      1642 elements
Info    : Optimizing volume 2
Info    : Optimization starts (volume = 0.256435) with worst = 0.0814927 / average = 0.75683:
Info    : 0.00 < quality < 0.10 :         1 elements
Info    : 0.10 < quality < 0.20 :         2 elements
Info    : 0.20 < quality < 0.30 :         2 elements
Info    : 0.30 < quality < 0.40 :         3 elements
Info    : 0.40 < quality < 0.50 :         8 elements
Info    : 0.50 < quality < 0.60 :        13 elements
Info    : 0.60 < quality < 0.70 :        77 elements
Info    : 0.70 < quality < 0.80 :       179 elements
Info    : 0.80 < quality < 0.90 :       112 elements
Info    : 0.90 < quality < 1.00 :        39 elements
Info    : 5 edge swaps, 0 node relocations (volume = 0.256435): worst = 0.318565 / average = 0.764903 (Wall 0.000100684s, CPU 0.000104s)
Info    : No ill-shaped tets in the mesh :-)
Info    : 0.00 < quality < 0.10 :         0 elements
Info    : 0.10 < quality < 0.20 :         0 elements
Info    : 0.20 < quality < 0.30 :         0 elements
Info    : 0.30 < quality < 0.40 :         3 elements
Info    : 0.40 < quality < 0.50 :         7 elements
Info    : 0.50 < quality < 0.60 :        13 elements
Info    : 0.60 < quality < 0.70 :        76 elements
Info    : 0.70 < quality < 0.80 :       180 elements
Info    : 0.80 < quality < 0.90 :       113 elements
Info    : 0.90 < quality < 1.00 :        39 elements
Info    : Done optimizing mesh (Wall 0.0532011s, CPU 0.053178s)
Info    : 13747 nodes 68073 elements
Info    : Meshing order 2 (curvilinear on)...
Info    : [  0%] Meshing curve 1 order 2
Info    : [ 10%] Meshing curve 2 order 2
Info    : [ 10%] Meshing curve 3 order 2
Info    : [ 20%] Meshing curve 4 order 2
Info    : [ 20%] Meshing curve 5 order 2
Info    : [ 30%] Meshing curve 6 order 2
Info    : [ 30%] Meshing curve 7 order 2
Info    : [ 40%] Meshing curve 8 order 2
Info    : [ 40%] Meshing curve 9 order 2
Info    : [ 50%] Meshing curve 10 order 2
Info    : [ 50%] Meshing curve 11 order 2
Info    : [ 60%] Meshing curve 12 order 2
Info    : [ 60%] Meshing curve 13 order 2
Info    : [ 70%] Meshing surface 1 order 2
Info    : [ 70%] Meshing surface 2 order 2
Info    : [ 80%] Meshing surface 3 order 2
Info    : [ 80%] Meshing surface 4 order 2
Info    : [ 90%] Meshing surface 5 order 2
Info    : [ 90%] Meshing surface 6 order 2
Info    : [100%] Meshing volume 1 order 2
Info    : [100%] Meshing volume 2 order 2
Info    : Surface mesh: worst distortion = 0.797589 (0 elements in ]0, 0.2]); worst gamma = 0.691829
Info    : Volume mesh: worst distortion = 0.241348 (0 elements in ]0, 0.2])
Info    : Done meshing order 2 (Wall 10.0435s, CPU 10.0405s)
Info    : Writing '/home/user/mscr-mom/현서/scripts/contact_scenarios/fea/matv2wire_mesh_LM50_phiN30_b0_s40.inp'...
Info    : Done writing '/home/user/mscr-mom/현서/scripts/contact_scenarios/fea/matv2wire_mesh_LM50_phiN30_b0_s40.inp'
  [LM50_phiN30_b0] F_mag=0.0021mN  (144.4s)
[LM50_phiN30_b0 5/10] L_M=50.0, phi=-30.0, beta=0.0, s=50.0mm, push_depth=0.1mm (wire) ...
Info    : Meshing 1D...
Info    : [  0%] Meshing curve 1 (BSpline)
Info    : [ 10%] Meshing curve 2 (Ellipse)
Info    : [ 20%] Meshing curve 3 (Ellipse)
Info    : [ 30%] Meshing curve 4 (BSpline)
Info    : [ 40%] Meshing curve 5 (BSpline)
Info    : [ 40%] Meshing curve 6 (BSpline)
Info    : [ 50%] Meshing curve 7 (BSpline)
Info    : [ 60%] Meshing curve 8 (BSpline)
Info    : [ 70%] Meshing curve 9 (BSpline)
Info    : [ 70%] Meshing curve 10 (BSpline)
Info    : [ 90%] Meshing curve 12 (Circle)
Info    : Done meshing 1D (Wall 0.0139702s, CPU 0.013957s)
Info    : Meshing 2D...
Info    : [  0%] Meshing surface 1 (Plane, Frontal-Delaunay)
Info    : [ 20%] Meshing surface 2 (Plane, Frontal-Delaunay)
Info    : [ 40%] Meshing surface 3 (BSpline surface, Frontal-Delaunay)
Info    : [ 60%] Meshing surface 4 (BSpline surface, Frontal-Delaunay)
Info    : [ 70%] Meshing surface 5 (Plane, Frontal-Delaunay)
Info    : [ 90%] Meshing surface 6 (Sphere, Frontal-Delaunay)
Info    : Done meshing 2D (Wall 0.764249s, CPU 0.763946s)
Info    : Meshing 3D...
Info    : 3D Meshing 2 volumes with 2 connected components
Info    : Tetrahedrizing 12500 nodes...
Info    : Done tetrahedrizing 12508 nodes (Wall 0.142086s, CPU 0.135068s)
Info    : Reconstructing mesh...
Info    :  - Creating surface mesh
Info    :  - Identifying boundary edges
Info    :  - Recovering boundary
Info    : Done reconstructing mesh (Wall 0.372532s, CPU 0.356508s)
Info    : Found volume 1
Info    : It. 0 - 0 nodes created - worst tet radius 1.03517 (nodes removed 0 0)
Info    : 3D refinement terminated (13183 nodes total):
Info    :  - 0 Delaunay cavities modified for star shapeness
Info    :  - 0 nodes could not be inserted
Info    :  - 42106 tetrahedra created in 0.0328568 sec. (1281501 tets/s)
Info    : 0 node relocations
Info    : Tetrahedrizing 130 nodes...
Info    : Done tetrahedrizing 138 nodes (Wall 0.000752981s, CPU 0.000753s)
Info    : Reconstructing mesh...
Info    :  - Creating surface mesh
Info    :  - Identifying boundary edges
Info    :  - Recovering boundary
Info    : Done reconstructing mesh (Wall 0.00177483s, CPU 0.001774s)
Info    : Found volume 2
Info    : It. 0 - 0 nodes created - worst tet radius 3.0606 (nodes removed 0 0)
Info    : 3D refinement terminated (12705 nodes total):
Info    :  - 0 Delaunay cavities modified for star shapeness
Info    :  - 0 nodes could not be inserted
Info    :  - 436 tetrahedra created in 0.00351962 sec. (123877 tets/s)
Info    : 0 node relocations
Info    : Done meshing 3D (Wall 0.701215s, CPU 0.685157s)
Info    : Optimizing mesh...
Info    : Optimizing volume 1
Info    : Optimization starts (volume = 235.649) with worst = 0.00606196 / average = 0.684464:
Info    : 0.00 < quality < 0.10 :       230 elements
Info    : 0.10 < quality < 0.20 :       376 elements
Info    : 0.20 < quality < 0.30 :       633 elements
Info    : 0.30 < quality < 0.40 :       711 elements
Info    : 0.40 < quality < 0.50 :      1288 elements
Info    : 0.50 < quality < 0.60 :      3722 elements
Info    : 0.60 < quality < 0.70 :     11296 elements
Info    : 0.70 < quality < 0.80 :     20107 elements
Info    : 0.80 < quality < 0.90 :      2106 elements
Info    : 0.90 < quality < 1.00 :      1637 elements
Info    : 1190 edge swaps, 17 node relocations (volume = 235.649): worst = 0.111314 / average = 0.700891 (Wall 0.0154015s, CPU 0.015401s)
Info    : 1236 edge swaps, 19 node relocations (volume = 235.649): worst = 0.119807 / average = 0.701416 (Wall 0.0187259s, CPU 0.018727s)
Info    : 1243 edge swaps, 19 node relocations (volume = 235.649): worst = 0.119807 / average = 0.701486 (Wall 0.0213532s, CPU 0.021355s)
Info    : No ill-shaped tets in the mesh :-)
Info    : 0.00 < quality < 0.10 :         0 elements
Info    : 0.10 < quality < 0.20 :         3 elements
Info    : 0.20 < quality < 0.30 :        12 elements
Info    : 0.30 < quality < 0.40 :       567 elements
Info    : 0.40 < quality < 0.50 :      1066 elements
Info    : 0.50 < quality < 0.60 :      3809 elements
Info    : 0.60 < quality < 0.70 :     11716 elements
Info    : 0.70 < quality < 0.80 :     19893 elements
Info    : 0.80 < quality < 0.90 :      2269 elements
Info    : 0.90 < quality < 1.00 :      1642 elements
Info    : Optimizing volume 2
Info    : Optimization starts (volume = 0.256435) with worst = 0.0814927 / average = 0.75683:
Info    : 0.00 < quality < 0.10 :         1 elements
Info    : 0.10 < quality < 0.20 :         2 elements
Info    : 0.20 < quality < 0.30 :         2 elements
Info    : 0.30 < quality < 0.40 :         3 elements
Info    : 0.40 < quality < 0.50 :         8 elements
Info    : 0.50 < quality < 0.60 :        13 elements
Info    : 0.60 < quality < 0.70 :        77 elements
Info    : 0.70 < quality < 0.80 :       179 elements
Info    : 0.80 < quality < 0.90 :       112 elements
Info    : 0.90 < quality < 1.00 :        39 elements
Info    : 5 edge swaps, 0 node relocations (volume = 0.256435): worst = 0.318565 / average = 0.764903 (Wall 9.66582e-05s, CPU 9.8e-05s)
Info    : No ill-shaped tets in the mesh :-)
Info    : 0.00 < quality < 0.10 :         0 elements
Info    : 0.10 < quality < 0.20 :         0 elements
Info    : 0.20 < quality < 0.30 :         0 elements
Info    : 0.30 < quality < 0.40 :         3 elements
Info    : 0.40 < quality < 0.50 :         7 elements
Info    : 0.50 < quality < 0.60 :        13 elements
Info    : 0.60 < quality < 0.70 :        76 elements
Info    : 0.70 < quality < 0.80 :       180 elements
Info    : 0.80 < quality < 0.90 :       113 elements
Info    : 0.90 < quality < 1.00 :        39 elements
Info    : Done optimizing mesh (Wall 0.0480351s, CPU 0.048031s)
Info    : 13747 nodes 68073 elements
Info    : Meshing order 2 (curvilinear on)...
Info    : [  0%] Meshing curve 1 order 2
Info    : [ 10%] Meshing curve 2 order 2
Info    : [ 10%] Meshing curve 3 order 2
Info    : [ 20%] Meshing curve 4 order 2
Info    : [ 20%] Meshing curve 5 order 2
Info    : [ 30%] Meshing curve 6 order 2
Info    : [ 30%] Meshing curve 7 order 2
Info    : [ 40%] Meshing curve 8 order 2
Info    : [ 40%] Meshing curve 9 order 2
Info    : [ 50%] Meshing curve 10 order 2
Info    : [ 50%] Meshing curve 11 order 2
Info    : [ 60%] Meshing curve 12 order 2
Info    : [ 60%] Meshing curve 13 order 2
Info    : [ 70%] Meshing surface 1 order 2
Info    : [ 70%] Meshing surface 2 order 2
Info    : [ 80%] Meshing surface 3 order 2
Info    : [ 80%] Meshing surface 4 order 2
Info    : [ 90%] Meshing surface 5 order 2
Info    : [ 90%] Meshing surface 6 order 2
Info    : [100%] Meshing volume 1 order 2
Info    : [100%] Meshing volume 2 order 2
Info    : Surface mesh: worst distortion = 0.797589 (0 elements in ]0, 0.2]); worst gamma = 0.691829
Info    : Volume mesh: worst distortion = 0.241348 (0 elements in ]0, 0.2])
Info    : Done meshing order 2 (Wall 10.2663s, CPU 10.2607s)
Info    : Writing '/home/user/mscr-mom/현서/scripts/contact_scenarios/fea/matv2wire_mesh_LM50_phiN30_b0_s50.inp'...
Info    : Done writing '/home/user/mscr-mom/현서/scripts/contact_scenarios/fea/matv2wire_mesh_LM50_phiN30_b0_s50.inp'
  [LM50_phiN30_b0] [실패] (875.4s)
[LM50_phiN30_b0 6/10] L_M=50.0, phi=-30.0, beta=0.0, s=60.0mm, push_depth=0.1mm (wire) ...
Info    : Meshing 1D...
Info    : [  0%] Meshing curve 1 (BSpline)
Info    : [ 10%] Meshing curve 2 (Ellipse)
Info    : [ 20%] Meshing curve 3 (Ellipse)
Info    : [ 30%] Meshing curve 4 (BSpline)
Info    : [ 40%] Meshing curve 5 (BSpline)
Info    : [ 40%] Meshing curve 6 (BSpline)
Info    : [ 50%] Meshing curve 7 (BSpline)
Info    : [ 60%] Meshing curve 8 (BSpline)
Info    : [ 70%] Meshing curve 9 (BSpline)
Info    : [ 70%] Meshing curve 10 (BSpline)
Info    : [ 90%] Meshing curve 12 (Circle)
Info    : Done meshing 1D (Wall 0.0139854s, CPU 0.013681s)
Info    : Meshing 2D...
Info    : [  0%] Meshing surface 1 (Plane, Frontal-Delaunay)
Info    : [ 20%] Meshing surface 2 (Plane, Frontal-Delaunay)
Info    : [ 40%] Meshing surface 3 (BSpline surface, Frontal-Delaunay)
Info    : [ 60%] Meshing surface 4 (BSpline surface, Frontal-Delaunay)
Info    : [ 70%] Meshing surface 5 (Plane, Frontal-Delaunay)
Info    : [ 90%] Meshing surface 6 (Sphere, Frontal-Delaunay)
Info    : Done meshing 2D (Wall 0.661843s, CPU 0.661708s)
Info    : Meshing 3D...
Info    : 3D Meshing 2 volumes with 2 connected components
Info    : Tetrahedrizing 12500 nodes...
Info    : Done tetrahedrizing 12508 nodes (Wall 0.128622s, CPU 0.119639s)
Info    : Reconstructing mesh...
Info    :  - Creating surface mesh
Info    :  - Identifying boundary edges
Info    :  - Recovering boundary
Info    : Done reconstructing mesh (Wall 0.342294s, CPU 0.325181s)
Info    : Found volume 1
Info    : It. 0 - 0 nodes created - worst tet radius 1.03517 (nodes removed 0 0)
Info    : 3D refinement terminated (13184 nodes total):
Info    :  - 0 Delaunay cavities modified for star shapeness
Info    :  - 0 nodes could not be inserted
Info    :  - 42106 tetrahedra created in 0.0286645 sec. (1468926 tets/s)
Info    : 0 node relocations
Info    : Tetrahedrizing 131 nodes...
Info    : Done tetrahedrizing 139 nodes (Wall 0.000687671s, CPU 0.000687s)
Info    : Reconstructing mesh...
Info    :  - Creating surface mesh
Info    :  - Identifying boundary edges
Info    :  - Recovering boundary
Info    : Done reconstructing mesh (Wall 0.00164848s, CPU 0.00165s)
Info    : Found volume 2
Info    : It. 0 - 0 nodes created - worst tet radius 3.10725 (nodes removed 0 0)
Info    : 3D refinement terminated (12707 nodes total):
Info    :  - 1 Delaunay cavities modified for star shapeness
Info    :  - 0 nodes could not be inserted
Info    :  - 455 tetrahedra created in 0.00221392 sec. (205517 tets/s)
Info    : 0 node relocations
Info    : Done meshing 3D (Wall 0.631199s, CPU 0.614003s)
Info    : Optimizing mesh...
Info    : Optimizing volume 1
Info    : Optimization starts (volume = 235.649) with worst = 0.00606196 / average = 0.684464:
Info    : 0.00 < quality < 0.10 :       230 elements
Info    : 0.10 < quality < 0.20 :       376 elements
Info    : 0.20 < quality < 0.30 :       633 elements
Info    : 0.30 < quality < 0.40 :       711 elements
Info    : 0.40 < quality < 0.50 :      1288 elements
Info    : 0.50 < quality < 0.60 :      3722 elements
Info    : 0.60 < quality < 0.70 :     11296 elements
Info    : 0.70 < quality < 0.80 :     20107 elements
Info    : 0.80 < quality < 0.90 :      2106 elements
Info    : 0.90 < quality < 1.00 :      1637 elements
Info    : 1190 edge swaps, 17 node relocations (volume = 235.649): worst = 0.111314 / average = 0.700891 (Wall 0.0135278s, CPU 0.013526s)
Info    : 1236 edge swaps, 19 node relocations (volume = 235.649): worst = 0.119807 / average = 0.701416 (Wall 0.0161648s, CPU 0.016165s)
Info    : 1243 edge swaps, 19 node relocations (volume = 235.649): worst = 0.119807 / average = 0.701486 (Wall 0.0181208s, CPU 0.018122s)
Info    : No ill-shaped tets in the mesh :-)
Info    : 0.00 < quality < 0.10 :         0 elements
Info    : 0.10 < quality < 0.20 :         3 elements
Info    : 0.20 < quality < 0.30 :        12 elements
Info    : 0.30 < quality < 0.40 :       567 elements
Info    : 0.40 < quality < 0.50 :      1066 elements
Info    : 0.50 < quality < 0.60 :      3809 elements
Info    : 0.60 < quality < 0.70 :     11716 elements
Info    : 0.70 < quality < 0.80 :     19893 elements
Info    : 0.80 < quality < 0.90 :      2269 elements
Info    : 0.90 < quality < 1.00 :      1642 elements
Info    : Optimizing volume 2
Info    : Optimization starts (volume = 0.25632) with worst = 0.151888 / average = 0.739247:
Info    : 0.00 < quality < 0.10 :         0 elements
Info    : 0.10 < quality < 0.20 :         2 elements
Info    : 0.20 < quality < 0.30 :         7 elements
Info    : 0.30 < quality < 0.40 :        10 elements
Info    : 0.40 < quality < 0.50 :        11 elements
Info    : 0.50 < quality < 0.60 :        19 elements
Info    : 0.60 < quality < 0.70 :        79 elements
Info    : 0.70 < quality < 0.80 :       186 elements
Info    : 0.80 < quality < 0.90 :       101 elements
Info    : 0.90 < quality < 1.00 :        40 elements
Info    : 9 edge swaps, 0 node relocations (volume = 0.25632): worst = 0.315166 / average = 0.752614 (Wall 0.000111681s, CPU 0.000113s)
Info    : No ill-shaped tets in the mesh :-)
Info    : 0.00 < quality < 0.10 :         0 elements
Info    : 0.10 < quality < 0.20 :         0 elements
Info    : 0.20 < quality < 0.30 :         0 elements
Info    : 0.30 < quality < 0.40 :         8 elements
Info    : 0.40 < quality < 0.50 :        11 elements
Info    : 0.50 < quality < 0.60 :        14 elements
Info    : 0.60 < quality < 0.70 :        84 elements
Info    : 0.70 < quality < 0.80 :       187 elements
Info    : 0.80 < quality < 0.90 :       103 elements
Info    : 0.90 < quality < 1.00 :        39 elements
Info    : Done optimizing mesh (Wall 0.0415871s, CPU 0.041585s)
Info    : 13749 nodes 68090 elements
Info    : Meshing order 2 (curvilinear on)...
Info    : [  0%] Meshing curve 1 order 2
Info    : [ 10%] Meshing curve 2 order 2
Info    : [ 10%] Meshing curve 3 order 2
Info    : [ 20%] Meshing curve 4 order 2
Info    : [ 20%] Meshing curve 5 order 2
Info    : [ 30%] Meshing curve 6 order 2
Info    : [ 30%] Meshing curve 7 order 2
Info    : [ 40%] Meshing curve 8 order 2
Info    : [ 40%] Meshing curve 9 order 2
Info    : [ 50%] Meshing curve 10 order 2
Info    : [ 50%] Meshing curve 11 order 2
Info    : [ 60%] Meshing curve 12 order 2
Info    : [ 60%] Meshing curve 13 order 2
Info    : [ 70%] Meshing surface 1 order 2
Info    : [ 70%] Meshing surface 2 order 2
Info    : [ 80%] Meshing surface 3 order 2
Info    : [ 80%] Meshing surface 4 order 2
Info    : [ 90%] Meshing surface 5 order 2
Info    : [ 90%] Meshing surface 6 order 2
Info    : [100%] Meshing volume 1 order 2
Info    : [100%] Meshing volume 2 order 2
Info    : Surface mesh: worst distortion = 0.797589 (0 elements in ]0, 0.2]); worst gamma = 0.354265
Info    : Volume mesh: worst distortion = 0.241348 (0 elements in ]0, 0.2])
Info    : Done meshing order 2 (Wall 9.7797s, CPU 9.77583s)
Info    : Writing '/home/user/mscr-mom/현서/scripts/contact_scenarios/fea/matv2wire_mesh_LM50_phiN30_b0_s60.inp'...
Info    : Done writing '/home/user/mscr-mom/현서/scripts/contact_scenarios/fea/matv2wire_mesh_LM50_phiN30_b0_s60.inp'
  [LM50_phiN30_b0] [실패] (720.0s)
[LM50_phiN30_b0 7/10] L_M=50.0, phi=-30.0, beta=0.0, s=70.0mm, push_depth=0.1mm (wire) ...
Info    : Meshing 1D...
Info    : [  0%] Meshing curve 1 (BSpline)
Info    : [ 10%] Meshing curve 2 (Ellipse)
Info    : [ 20%] Meshing curve 3 (Ellipse)
Info    : [ 30%] Meshing curve 4 (BSpline)
Info    : [ 40%] Meshing curve 5 (BSpline)
Info    : [ 40%] Meshing curve 6 (BSpline)
Info    : [ 50%] Meshing curve 7 (BSpline)
Info    : [ 60%] Meshing curve 8 (BSpline)
Info    : [ 70%] Meshing curve 9 (BSpline)
Info    : [ 70%] Meshing curve 10 (BSpline)
Info    : [ 90%] Meshing curve 12 (Circle)
Info    : Done meshing 1D (Wall 0.0143476s, CPU 0.014157s)
Info    : Meshing 2D...
Info    : [  0%] Meshing surface 1 (Plane, Frontal-Delaunay)
Info    : [ 20%] Meshing surface 2 (Plane, Frontal-Delaunay)
Info    : [ 40%] Meshing surface 3 (BSpline surface, Frontal-Delaunay)
Info    : [ 60%] Meshing surface 4 (BSpline surface, Frontal-Delaunay)
Info    : [ 70%] Meshing surface 5 (Plane, Frontal-Delaunay)
Info    : [ 90%] Meshing surface 6 (Sphere, Frontal-Delaunay)
Info    : Done meshing 2D (Wall 0.730549s, CPU 0.730517s)
Info    : Meshing 3D...
Info    : 3D Meshing 2 volumes with 2 connected components
Info    : Tetrahedrizing 12500 nodes...
Info    : Done tetrahedrizing 12508 nodes (Wall 0.127095s, CPU 0.120827s)
Info    : Reconstructing mesh...
Info    :  - Creating surface mesh
Info    :  - Identifying boundary edges
Info    :  - Recovering boundary
Info    : Done reconstructing mesh (Wall 0.345027s, CPU 0.328747s)
Info    : Found volume 1
Info    : It. 0 - 0 nodes created - worst tet radius 1.03517 (nodes removed 0 0)
Info    : 3D refinement terminated (13184 nodes total):
Info    :  - 0 Delaunay cavities modified for star shapeness
Info    :  - 0 nodes could not be inserted
Info    :  - 42106 tetrahedra created in 0.0261413 sec. (1610708 tets/s)
Info    : 0 node relocations
Info    : Tetrahedrizing 131 nodes...
Info    : Done tetrahedrizing 139 nodes (Wall 0.000691097s, CPU 0.000691s)
Info    : Reconstructing mesh...
Info    :  - Creating surface mesh
Info    :  - Identifying boundary edges
Info    :  - Recovering boundary
Info    : Done reconstructing mesh (Wall 0.00173251s, CPU 0.001733s)
Info    : Found volume 2
Info    : It. 0 - 0 nodes created - worst tet radius 3.10725 (nodes removed 0 0)
Info    : 3D refinement terminated (12707 nodes total):
Info    :  - 1 Delaunay cavities modified for star shapeness
Info    :  - 0 nodes could not be inserted
Info    :  - 455 tetrahedra created in 0.00226582 sec. (200810 tets/s)
Info    : 0 node relocations
Info    : Done meshing 3D (Wall 0.582441s, CPU 0.565141s)
Info    : Optimizing mesh...
Info    : Optimizing volume 1
Info    : Optimization starts (volume = 235.649) with worst = 0.00606196 / average = 0.684464:
Info    : 0.00 < quality < 0.10 :       230 elements
Info    : 0.10 < quality < 0.20 :       376 elements
Info    : 0.20 < quality < 0.30 :       633 elements
Info    : 0.30 < quality < 0.40 :       711 elements
Info    : 0.40 < quality < 0.50 :      1288 elements
Info    : 0.50 < quality < 0.60 :      3722 elements
Info    : 0.60 < quality < 0.70 :     11296 elements
Info    : 0.70 < quality < 0.80 :     20107 elements
Info    : 0.80 < quality < 0.90 :      2106 elements
Info    : 0.90 < quality < 1.00 :      1637 elements
Info    : 1190 edge swaps, 17 node relocations (volume = 235.649): worst = 0.111314 / average = 0.700891 (Wall 0.0123167s, CPU 0.011324s)
Info    : 1236 edge swaps, 19 node relocations (volume = 235.649): worst = 0.119807 / average = 0.701416 (Wall 0.0147017s, CPU 0.013705s)
Info    : 1243 edge swaps, 19 node relocations (volume = 235.649): worst = 0.119807 / average = 0.701486 (Wall 0.0167894s, CPU 0.015791s)
Info    : No ill-shaped tets in the mesh :-)
Info    : 0.00 < quality < 0.10 :         0 elements
Info    : 0.10 < quality < 0.20 :         3 elements
Info    : 0.20 < quality < 0.30 :        12 elements
Info    : 0.30 < quality < 0.40 :       567 elements
Info    : 0.40 < quality < 0.50 :      1066 elements
Info    : 0.50 < quality < 0.60 :      3809 elements
Info    : 0.60 < quality < 0.70 :     11716 elements
Info    : 0.70 < quality < 0.80 :     19893 elements
Info    : 0.80 < quality < 0.90 :      2269 elements
Info    : 0.90 < quality < 1.00 :      1642 elements
Info    : Optimizing volume 2
Info    : Optimization starts (volume = 0.25632) with worst = 0.151888 / average = 0.739247:
Info    : 0.00 < quality < 0.10 :         0 elements
Info    : 0.10 < quality < 0.20 :         2 elements
Info    : 0.20 < quality < 0.30 :         7 elements
Info    : 0.30 < quality < 0.40 :        10 elements
Info    : 0.40 < quality < 0.50 :        11 elements
Info    : 0.50 < quality < 0.60 :        19 elements
Info    : 0.60 < quality < 0.70 :        79 elements
Info    : 0.70 < quality < 0.80 :       186 elements
Info    : 0.80 < quality < 0.90 :       101 elements
Info    : 0.90 < quality < 1.00 :        40 elements
Info    : 9 edge swaps, 0 node relocations (volume = 0.25632): worst = 0.315166 / average = 0.752614 (Wall 0.000111729s, CPU 0.000112s)
Info    : No ill-shaped tets in the mesh :-)
Info    : 0.00 < quality < 0.10 :         0 elements
Info    : 0.10 < quality < 0.20 :         0 elements
Info    : 0.20 < quality < 0.30 :         0 elements
Info    : 0.30 < quality < 0.40 :         8 elements
Info    : 0.40 < quality < 0.50 :        11 elements
Info    : 0.50 < quality < 0.60 :        14 elements
Info    : 0.60 < quality < 0.70 :        84 elements
Info    : 0.70 < quality < 0.80 :       187 elements
Info    : 0.80 < quality < 0.90 :       103 elements
Info    : 0.90 < quality < 1.00 :        39 elements
Info    : Done optimizing mesh (Wall 0.039474s, CPU 0.038473s)
Info    : 13749 nodes 68090 elements
Info    : Meshing order 2 (curvilinear on)...
Info    : [  0%] Meshing curve 1 order 2
Info    : [ 10%] Meshing curve 2 order 2
Info    : [ 10%] Meshing curve 3 order 2
Info    : [ 20%] Meshing curve 4 order 2
Info    : [ 20%] Meshing curve 5 order 2
Info    : [ 30%] Meshing curve 6 order 2
Info    : [ 30%] Meshing curve 7 order 2
Info    : [ 40%] Meshing curve 8 order 2
Info    : [ 40%] Meshing curve 9 order 2
Info    : [ 50%] Meshing curve 10 order 2
Info    : [ 50%] Meshing curve 11 order 2
Info    : [ 60%] Meshing curve 12 order 2
Info    : [ 60%] Meshing curve 13 order 2
Info    : [ 70%] Meshing surface 1 order 2
Info    : [ 70%] Meshing surface 2 order 2
Info    : [ 80%] Meshing surface 3 order 2
Info    : [ 80%] Meshing surface 4 order 2
Info    : [ 90%] Meshing surface 5 order 2
Info    : [ 90%] Meshing surface 6 order 2
Info    : [100%] Meshing volume 1 order 2
Info    : [100%] Meshing volume 2 order 2
Info    : Surface mesh: worst distortion = 0.797589 (0 elements in ]0, 0.2]); worst gamma = 0.354265
Info    : Volume mesh: worst distortion = 0.241348 (0 elements in ]0, 0.2])
Info    : Done meshing order 2 (Wall 10.4272s, CPU 10.4207s)
Info    : Writing '/home/user/mscr-mom/현서/scripts/contact_scenarios/fea/matv2wire_mesh_LM50_phiN30_b0_s70.inp'...
Info    : Done writing '/home/user/mscr-mom/현서/scripts/contact_scenarios/fea/matv2wire_mesh_LM50_phiN30_b0_s70.inp'
  [LM50_phiN30_b0] F_mag=0.0005mN  (143.2s)
[LM50_phiN30_b0 8/10] L_M=50.0, phi=-30.0, beta=0.0, s=80.0mm, push_depth=0.1mm (wire) ...
Info    : Meshing 1D...
Info    : [  0%] Meshing curve 1 (BSpline)
Info    : [ 10%] Meshing curve 2 (Ellipse)
Info    : [ 20%] Meshing curve 3 (Ellipse)
Info    : [ 30%] Meshing curve 4 (BSpline)
Info    : [ 40%] Meshing curve 5 (BSpline)
Info    : [ 40%] Meshing curve 6 (BSpline)
Info    : [ 50%] Meshing curve 7 (BSpline)
Info    : [ 60%] Meshing curve 8 (BSpline)
Info    : [ 70%] Meshing curve 9 (BSpline)
Info    : [ 70%] Meshing curve 10 (BSpline)
Info    : [ 90%] Meshing curve 12 (Circle)
Info    : Done meshing 1D (Wall 0.0144145s, CPU 0.01441s)
Info    : Meshing 2D...
Info    : [  0%] Meshing surface 1 (Plane, Frontal-Delaunay)
Info    : [ 20%] Meshing surface 2 (Plane, Frontal-Delaunay)
Info    : [ 40%] Meshing surface 3 (BSpline surface, Frontal-Delaunay)
Info    : [ 60%] Meshing surface 4 (BSpline surface, Frontal-Delaunay)
Info    : [ 70%] Meshing surface 5 (Plane, Frontal-Delaunay)
Info    : [ 90%] Meshing surface 6 (Sphere, Frontal-Delaunay)
Info    : Done meshing 2D (Wall 0.676417s, CPU 0.676401s)
Info    : Meshing 3D...
Info    : 3D Meshing 2 volumes with 2 connected components
Info    : Tetrahedrizing 12500 nodes...
Info    : Done tetrahedrizing 12508 nodes (Wall 0.124842s, CPU 0.117834s)
Info    : Reconstructing mesh...
Info    :  - Creating surface mesh
Info    :  - Identifying boundary edges
Info    :  - Recovering boundary
Info    : Done reconstructing mesh (Wall 0.318239s, CPU 0.30322s)
Info    : Found volume 1
Info    : It. 0 - 0 nodes created - worst tet radius 1.03517 (nodes removed 0 0)
Info    : 3D refinement terminated (13184 nodes total):
Info    :  - 0 Delaunay cavities modified for star shapeness
Info    :  - 0 nodes could not be inserted
Info    :  - 42106 tetrahedra created in 0.0202468 sec. (2079634 tets/s)
Info    : 0 node relocations
Info    : Tetrahedrizing 131 nodes...
Info    : Done tetrahedrizing 139 nodes (Wall 0.000611087s, CPU 0.000609s)
Info    : Reconstructing mesh...
Info    :  - Creating surface mesh
Info    :  - Identifying boundary edges
Info    :  - Recovering boundary
Info    : Done reconstructing mesh (Wall 0.00144362s, CPU 0.001445s)
Info    : Found volume 2
Info    : It. 0 - 0 nodes created - worst tet radius 3.10725 (nodes removed 0 0)
Info    : 3D refinement terminated (12707 nodes total):
Info    :  - 1 Delaunay cavities modified for star shapeness
Info    :  - 0 nodes could not be inserted
Info    :  - 455 tetrahedra created in 0.00226986 sec. (200453 tets/s)
Info    : 0 node relocations
Info    : Done meshing 3D (Wall 0.538404s, CPU 0.523376s)
Info    : Optimizing mesh...
Info    : Optimizing volume 1
Info    : Optimization starts (volume = 235.649) with worst = 0.00606196 / average = 0.684464:
Info    : 0.00 < quality < 0.10 :       230 elements
Info    : 0.10 < quality < 0.20 :       376 elements
Info    : 0.20 < quality < 0.30 :       633 elements
Info    : 0.30 < quality < 0.40 :       711 elements
Info    : 0.40 < quality < 0.50 :      1288 elements
Info    : 0.50 < quality < 0.60 :      3722 elements
Info    : 0.60 < quality < 0.70 :     11296 elements
Info    : 0.70 < quality < 0.80 :     20107 elements
Info    : 0.80 < quality < 0.90 :      2106 elements
Info    : 0.90 < quality < 1.00 :      1637 elements
Info    : 1190 edge swaps, 17 node relocations (volume = 235.649): worst = 0.111314 / average = 0.700891 (Wall 0.0119332s, CPU 0.011933s)
Info    : 1236 edge swaps, 19 node relocations (volume = 235.649): worst = 0.119807 / average = 0.701416 (Wall 0.0143748s, CPU 0.014376s)
Info    : 1243 edge swaps, 19 node relocations (volume = 235.649): worst = 0.119807 / average = 0.701486 (Wall 0.0163233s, CPU 0.016325s)
Info    : No ill-shaped tets in the mesh :-)
Info    : 0.00 < quality < 0.10 :         0 elements
Info    : 0.10 < quality < 0.20 :         3 elements
Info    : 0.20 < quality < 0.30 :        12 elements
Info    : 0.30 < quality < 0.40 :       567 elements
Info    : 0.40 < quality < 0.50 :      1066 elements
Info    : 0.50 < quality < 0.60 :      3809 elements
Info    : 0.60 < quality < 0.70 :     11716 elements
Info    : 0.70 < quality < 0.80 :     19893 elements
Info    : 0.80 < quality < 0.90 :      2269 elements
Info    : 0.90 < quality < 1.00 :      1642 elements
Info    : Optimizing volume 2
Info    : Optimization starts (volume = 0.25632) with worst = 0.151888 / average = 0.739247:
Info    : 0.00 < quality < 0.10 :         0 elements
Info    : 0.10 < quality < 0.20 :         2 elements
Info    : 0.20 < quality < 0.30 :         7 elements
Info    : 0.30 < quality < 0.40 :        10 elements
Info    : 0.40 < quality < 0.50 :        11 elements
Info    : 0.50 < quality < 0.60 :        19 elements
Info    : 0.60 < quality < 0.70 :        79 elements
Info    : 0.70 < quality < 0.80 :       186 elements
Info    : 0.80 < quality < 0.90 :       101 elements
Info    : 0.90 < quality < 1.00 :        40 elements
Info    : 9 edge swaps, 0 node relocations (volume = 0.25632): worst = 0.315166 / average = 0.752614 (Wall 9.69777e-05s, CPU 9.8e-05s)
Info    : No ill-shaped tets in the mesh :-)
Info    : 0.00 < quality < 0.10 :         0 elements
Info    : 0.10 < quality < 0.20 :         0 elements
Info    : 0.20 < quality < 0.30 :         0 elements
Info    : 0.30 < quality < 0.40 :         8 elements
Info    : 0.40 < quality < 0.50 :        11 elements
Info    : 0.50 < quality < 0.60 :        14 elements
Info    : 0.60 < quality < 0.70 :        84 elements
Info    : 0.70 < quality < 0.80 :       187 elements
Info    : 0.80 < quality < 0.90 :       103 elements
Info    : 0.90 < quality < 1.00 :        39 elements
Info    : Done optimizing mesh (Wall 0.0373049s, CPU 0.037303s)
Info    : 13749 nodes 68090 elements
Info    : Meshing order 2 (curvilinear on)...
Info    : [  0%] Meshing curve 1 order 2
Info    : [ 10%] Meshing curve 2 order 2
Info    : [ 10%] Meshing curve 3 order 2
Info    : [ 20%] Meshing curve 4 order 2
Info    : [ 20%] Meshing curve 5 order 2
Info    : [ 30%] Meshing curve 6 order 2
Info    : [ 30%] Meshing curve 7 order 2
Info    : [ 40%] Meshing curve 8 order 2
Info    : [ 40%] Meshing curve 9 order 2
Info    : [ 50%] Meshing curve 10 order 2
Info    : [ 50%] Meshing curve 11 order 2
Info    : [ 60%] Meshing curve 12 order 2
Info    : [ 60%] Meshing curve 13 order 2
Info    : [ 70%] Meshing surface 1 order 2
Info    : [ 70%] Meshing surface 2 order 2
Info    : [ 80%] Meshing surface 3 order 2
Info    : [ 80%] Meshing surface 4 order 2
Info    : [ 90%] Meshing surface 5 order 2
Info    : [ 90%] Meshing surface 6 order 2
Info    : [100%] Meshing volume 1 order 2
Info    : [100%] Meshing volume 2 order 2
Info    : Surface mesh: worst distortion = 0.797589 (0 elements in ]0, 0.2]); worst gamma = 0.354265
Info    : Volume mesh: worst distortion = 0.241348 (0 elements in ]0, 0.2])
Info    : Done meshing order 2 (Wall 9.90884s, CPU 9.90535s)
Info    : Writing '/home/user/mscr-mom/현서/scripts/contact_scenarios/fea/matv2wire_mesh_LM50_phiN30_b0_s80.inp'...
Info    : Done writing '/home/user/mscr-mom/현서/scripts/contact_scenarios/fea/matv2wire_mesh_LM50_phiN30_b0_s80.inp'
  [LM50_phiN30_b0] F_mag=0.0003mN  (153.1s)
[LM50_phiN30_b0 9/10] L_M=50.0, phi=-30.0, beta=0.0, s=90.0mm, push_depth=0.1mm (wire) ...
Info    : Meshing 1D...
Info    : [  0%] Meshing curve 1 (BSpline)
Info    : [ 10%] Meshing curve 2 (Ellipse)
Info    : [ 20%] Meshing curve 3 (Ellipse)
Info    : [ 30%] Meshing curve 4 (BSpline)
Info    : [ 40%] Meshing curve 5 (BSpline)
Info    : [ 40%] Meshing curve 6 (BSpline)
Info    : [ 50%] Meshing curve 7 (BSpline)
Info    : [ 60%] Meshing curve 8 (BSpline)
Info    : [ 70%] Meshing curve 9 (BSpline)
Info    : [ 70%] Meshing curve 10 (BSpline)
Info    : [ 90%] Meshing curve 12 (Circle)
Info    : Done meshing 1D (Wall 0.0133572s, CPU 0.013313s)
Info    : Meshing 2D...
Info    : [  0%] Meshing surface 1 (Plane, Frontal-Delaunay)
Info    : [ 20%] Meshing surface 2 (Plane, Frontal-Delaunay)
Info    : [ 40%] Meshing surface 3 (BSpline surface, Frontal-Delaunay)
Info    : [ 60%] Meshing surface 4 (BSpline surface, Frontal-Delaunay)
Info    : [ 70%] Meshing surface 5 (Plane, Frontal-Delaunay)
Info    : [ 90%] Meshing surface 6 (Sphere, Frontal-Delaunay)
Info    : Done meshing 2D (Wall 0.621478s, CPU 0.621025s)
Info    : Meshing 3D...
Info    : 3D Meshing 2 volumes with 2 connected components
Info    : Tetrahedrizing 12500 nodes...
Info    : Done tetrahedrizing 12508 nodes (Wall 0.131895s, CPU 0.12391s)
Info    : Reconstructing mesh...
Info    :  - Creating surface mesh
Info    :  - Identifying boundary edges
Info    :  - Recovering boundary
Info    : Done reconstructing mesh (Wall 0.345813s, CPU 0.327815s)
Info    : Found volume 1
Info    : It. 0 - 0 nodes created - worst tet radius 1.03517 (nodes removed 0 0)
Info    : 3D refinement terminated (13184 nodes total):
Info    :  - 0 Delaunay cavities modified for star shapeness
Info    :  - 0 nodes could not be inserted
Info    :  - 42106 tetrahedra created in 0.0248872 sec. (1691870 tets/s)
Info    : 0 node relocations
Info    : Tetrahedrizing 131 nodes...
Info    : Done tetrahedrizing 139 nodes (Wall 0.000692102s, CPU 0.000692s)
Info    : Reconstructing mesh...
Info    :  - Creating surface mesh
Info    :  - Identifying boundary edges
Info    :  - Recovering boundary
Info    : Done reconstructing mesh (Wall 0.00163566s, CPU 0.001636s)
Info    : Found volume 2
Info    : It. 0 - 0 nodes created - worst tet radius 3.10725 (nodes removed 0 0)
Info    : 3D refinement terminated (12707 nodes total):
Info    :  - 1 Delaunay cavities modified for star shapeness
Info    :  - 0 nodes could not be inserted
Info    :  - 455 tetrahedra created in 0.00340468 sec. (133639 tets/s)
Info    : 0 node relocations
Info    : Done meshing 3D (Wall 0.636595s, CPU 0.617592s)
Info    : Optimizing mesh...
Info    : Optimizing volume 1
Info    : Optimization starts (volume = 235.649) with worst = 0.00606196 / average = 0.684464:
Info    : 0.00 < quality < 0.10 :       230 elements
Info    : 0.10 < quality < 0.20 :       376 elements
Info    : 0.20 < quality < 0.30 :       633 elements
Info    : 0.30 < quality < 0.40 :       711 elements
Info    : 0.40 < quality < 0.50 :      1288 elements
Info    : 0.50 < quality < 0.60 :      3722 elements
Info    : 0.60 < quality < 0.70 :     11296 elements
Info    : 0.70 < quality < 0.80 :     20107 elements
Info    : 0.80 < quality < 0.90 :      2106 elements
Info    : 0.90 < quality < 1.00 :      1637 elements
Info    : 1190 edge swaps, 17 node relocations (volume = 235.649): worst = 0.111314 / average = 0.700891 (Wall 0.015021s, CPU 0.015021s)
Info    : 1236 edge swaps, 19 node relocations (volume = 235.649): worst = 0.119807 / average = 0.701416 (Wall 0.0181961s, CPU 0.018196s)
Info    : 1243 edge swaps, 19 node relocations (volume = 235.649): worst = 0.119807 / average = 0.701486 (Wall 0.0207177s, CPU 0.020718s)
Info    : No ill-shaped tets in the mesh :-)
Info    : 0.00 < quality < 0.10 :         0 elements
Info    : 0.10 < quality < 0.20 :         3 elements
Info    : 0.20 < quality < 0.30 :        12 elements
Info    : 0.30 < quality < 0.40 :       567 elements
Info    : 0.40 < quality < 0.50 :      1066 elements
Info    : 0.50 < quality < 0.60 :      3809 elements
Info    : 0.60 < quality < 0.70 :     11716 elements
Info    : 0.70 < quality < 0.80 :     19893 elements
Info    : 0.80 < quality < 0.90 :      2269 elements
Info    : 0.90 < quality < 1.00 :      1642 elements
Info    : Optimizing volume 2
Info    : Optimization starts (volume = 0.25632) with worst = 0.151888 / average = 0.739247:
Info    : 0.00 < quality < 0.10 :         0 elements
Info    : 0.10 < quality < 0.20 :         2 elements
Info    : 0.20 < quality < 0.30 :         7 elements
Info    : 0.30 < quality < 0.40 :        10 elements
Info    : 0.40 < quality < 0.50 :        11 elements
Info    : 0.50 < quality < 0.60 :        19 elements
Info    : 0.60 < quality < 0.70 :        79 elements
Info    : 0.70 < quality < 0.80 :       186 elements
Info    : 0.80 < quality < 0.90 :       101 elements
Info    : 0.90 < quality < 1.00 :        40 elements
Info    : 9 edge swaps, 0 node relocations (volume = 0.25632): worst = 0.315166 / average = 0.752614 (Wall 0.000114785s, CPU 0.000117s)
Info    : No ill-shaped tets in the mesh :-)
Info    : 0.00 < quality < 0.10 :         0 elements
Info    : 0.10 < quality < 0.20 :         0 elements
Info    : 0.20 < quality < 0.30 :         0 elements
Info    : 0.30 < quality < 0.40 :         8 elements
Info    : 0.40 < quality < 0.50 :        11 elements
Info    : 0.50 < quality < 0.60 :        14 elements
Info    : 0.60 < quality < 0.70 :        84 elements
Info    : 0.70 < quality < 0.80 :       187 elements
Info    : 0.80 < quality < 0.90 :       103 elements
Info    : 0.90 < quality < 1.00 :        39 elements
Info    : Done optimizing mesh (Wall 0.0452196s, CPU 0.045213s)
Info    : 13749 nodes 68090 elements
Info    : Meshing order 2 (curvilinear on)...
Info    : [  0%] Meshing curve 1 order 2
Info    : [ 10%] Meshing curve 2 order 2
Info    : [ 10%] Meshing curve 3 order 2
Info    : [ 20%] Meshing curve 4 order 2
Info    : [ 20%] Meshing curve 5 order 2
Info    : [ 30%] Meshing curve 6 order 2
Info    : [ 30%] Meshing curve 7 order 2
Info    : [ 40%] Meshing curve 8 order 2
Info    : [ 40%] Meshing curve 9 order 2
Info    : [ 50%] Meshing curve 10 order 2
Info    : [ 50%] Meshing curve 11 order 2
Info    : [ 60%] Meshing curve 12 order 2
Info    : [ 60%] Meshing curve 13 order 2
Info    : [ 70%] Meshing surface 1 order 2
Info    : [ 70%] Meshing surface 2 order 2
Info    : [ 80%] Meshing surface 3 order 2
Info    : [ 80%] Meshing surface 4 order 2
Info    : [ 90%] Meshing surface 5 order 2
Info    : [ 90%] Meshing surface 6 order 2
Info    : [100%] Meshing volume 1 order 2
Info    : [100%] Meshing volume 2 order 2
Info    : Surface mesh: worst distortion = 0.797589 (0 elements in ]0, 0.2]); worst gamma = 0.354265
Info    : Volume mesh: worst distortion = 0.241348 (0 elements in ]0, 0.2])
Info    : Done meshing order 2 (Wall 9.93217s, CPU 9.92951s)
Info    : Writing '/home/user/mscr-mom/현서/scripts/contact_scenarios/fea/matv2wire_mesh_LM50_phiN30_b0_s90.inp'...
Info    : Done writing '/home/user/mscr-mom/현서/scripts/contact_scenarios/fea/matv2wire_mesh_LM50_phiN30_b0_s90.inp'
  [LM50_phiN30_b0] [실패] (602.5s)
[LM50_phiN30_b0 10/10] L_M=50.0, phi=-30.0, beta=0.0, s=100.0mm, push_depth=0.1mm (wire) ...
Info    : Meshing 1D...
Info    : [  0%] Meshing curve 1 (BSpline)
Info    : [ 10%] Meshing curve 2 (Ellipse)
Info    : [ 20%] Meshing curve 3 (Ellipse)
Info    : [ 30%] Meshing curve 4 (BSpline)
Info    : [ 40%] Meshing curve 5 (BSpline)
Info    : [ 40%] Meshing curve 6 (BSpline)
Info    : [ 50%] Meshing curve 7 (BSpline)
Info    : [ 60%] Meshing curve 8 (BSpline)
Info    : [ 70%] Meshing curve 9 (BSpline)
Info    : [ 70%] Meshing curve 10 (BSpline)
Info    : [ 90%] Meshing curve 12 (Circle)
Info    : Done meshing 1D (Wall 0.0137904s, CPU 0.012751s)
Info    : Meshing 2D...
Info    : [  0%] Meshing surface 1 (Plane, Frontal-Delaunay)
Info    : [ 20%] Meshing surface 2 (Plane, Frontal-Delaunay)
Info    : [ 40%] Meshing surface 3 (BSpline surface, Frontal-Delaunay)
Info    : [ 60%] Meshing surface 4 (BSpline surface, Frontal-Delaunay)
Info    : [ 70%] Meshing surface 5 (Plane, Frontal-Delaunay)
Info    : [ 90%] Meshing surface 6 (Sphere, Frontal-Delaunay)
Info    : Done meshing 2D (Wall 0.649263s, CPU 0.649151s)
Info    : Meshing 3D...
Info    : 3D Meshing 2 volumes with 2 connected components
Info    : Tetrahedrizing 12500 nodes...
Info    : Done tetrahedrizing 12508 nodes (Wall 0.13288s, CPU 0.122876s)
Info    : Reconstructing mesh...
Info    :  - Creating surface mesh
Info    :  - Identifying boundary edges
Info    :  - Recovering boundary
Info    : Done reconstructing mesh (Wall 0.35306s, CPU 0.330048s)
Info    : Found volume 1
Info    : It. 0 - 0 nodes created - worst tet radius 1.03517 (nodes removed 0 0)
Info    : 3D refinement terminated (13184 nodes total):
Info    :  - 0 Delaunay cavities modified for star shapeness
Info    :  - 0 nodes could not be inserted
Info    :  - 42106 tetrahedra created in 0.0222609 sec. (1891481 tets/s)
Info    : 0 node relocations
Info    : Tetrahedrizing 131 nodes...
Info    : Done tetrahedrizing 139 nodes (Wall 0.000680345s, CPU 0.000681s)
Info    : Reconstructing mesh...
Info    :  - Creating surface mesh
Info    :  - Identifying boundary edges
Info    :  - Recovering boundary
Info    : Done reconstructing mesh (Wall 0.0015995s, CPU 0.001597s)
Info    : Found volume 2
Info    : It. 0 - 0 nodes created - worst tet radius 3.10725 (nodes removed 0 0)
Info    : 3D refinement terminated (12707 nodes total):
Info    :  - 1 Delaunay cavities modified for star shapeness
Info    :  - 0 nodes could not be inserted
Info    :  - 455 tetrahedra created in 0.00225812 sec. (201495 tets/s)
Info    : 0 node relocations
Info    : Done meshing 3D (Wall 0.613343s, CPU 0.590316s)
Info    : Optimizing mesh...
Info    : Optimizing volume 1
Info    : Optimization starts (volume = 235.649) with worst = 0.00606196 / average = 0.684464:
Info    : 0.00 < quality < 0.10 :       230 elements
Info    : 0.10 < quality < 0.20 :       376 elements
Info    : 0.20 < quality < 0.30 :       633 elements
Info    : 0.30 < quality < 0.40 :       711 elements
Info    : 0.40 < quality < 0.50 :      1288 elements
Info    : 0.50 < quality < 0.60 :      3722 elements
Info    : 0.60 < quality < 0.70 :     11296 elements
Info    : 0.70 < quality < 0.80 :     20107 elements
Info    : 0.80 < quality < 0.90 :      2106 elements
Info    : 0.90 < quality < 1.00 :      1637 elements
Info    : 1190 edge swaps, 17 node relocations (volume = 235.649): worst = 0.111314 / average = 0.700891 (Wall 0.0132508s, CPU 0.013251s)
Info    : 1236 edge swaps, 19 node relocations (volume = 235.649): worst = 0.119807 / average = 0.701416 (Wall 0.0162228s, CPU 0.016223s)
Info    : 1243 edge swaps, 19 node relocations (volume = 235.649): worst = 0.119807 / average = 0.701486 (Wall 0.0184558s, CPU 0.018458s)
Info    : No ill-shaped tets in the mesh :-)
Info    : 0.00 < quality < 0.10 :         0 elements
Info    : 0.10 < quality < 0.20 :         3 elements
Info    : 0.20 < quality < 0.30 :        12 elements
Info    : 0.30 < quality < 0.40 :       567 elements
Info    : 0.40 < quality < 0.50 :      1066 elements
Info    : 0.50 < quality < 0.60 :      3809 elements
Info    : 0.60 < quality < 0.70 :     11716 elements
Info    : 0.70 < quality < 0.80 :     19893 elements
Info    : 0.80 < quality < 0.90 :      2269 elements
Info    : 0.90 < quality < 1.00 :      1642 elements
Info    : Optimizing volume 2
Info    : Optimization starts (volume = 0.25632) with worst = 0.151888 / average = 0.739247:
Info    : 0.00 < quality < 0.10 :         0 elements
Info    : 0.10 < quality < 0.20 :         2 elements
Info    : 0.20 < quality < 0.30 :         7 elements
Info    : 0.30 < quality < 0.40 :        10 elements
Info    : 0.40 < quality < 0.50 :        11 elements
Info    : 0.50 < quality < 0.60 :        19 elements
Info    : 0.60 < quality < 0.70 :        79 elements
Info    : 0.70 < quality < 0.80 :       186 elements
Info    : 0.80 < quality < 0.90 :       101 elements
Info    : 0.90 < quality < 1.00 :        40 elements
Info    : 9 edge swaps, 0 node relocations (volume = 0.25632): worst = 0.315166 / average = 0.752614 (Wall 0.000119792s, CPU 0.000119s)
Info    : No ill-shaped tets in the mesh :-)
Info    : 0.00 < quality < 0.10 :         0 elements
Info    : 0.10 < quality < 0.20 :         0 elements
Info    : 0.20 < quality < 0.30 :         0 elements
Info    : 0.30 < quality < 0.40 :         8 elements
Info    : 0.40 < quality < 0.50 :        11 elements
Info    : 0.50 < quality < 0.60 :        14 elements
Info    : 0.60 < quality < 0.70 :        84 elements
Info    : 0.70 < quality < 0.80 :       187 elements
Info    : 0.80 < quality < 0.90 :       103 elements
Info    : 0.90 < quality < 1.00 :        39 elements
Info    : Done optimizing mesh (Wall 0.0423102s, CPU 0.042306s)
Info    : 13749 nodes 68090 elements
Info    : Meshing order 2 (curvilinear on)...
Info    : [  0%] Meshing curve 1 order 2
Info    : [ 10%] Meshing curve 2 order 2
Info    : [ 10%] Meshing curve 3 order 2
Info    : [ 20%] Meshing curve 4 order 2
Info    : [ 20%] Meshing curve 5 order 2
Info    : [ 30%] Meshing curve 6 order 2
Info    : [ 30%] Meshing curve 7 order 2
Info    : [ 40%] Meshing curve 8 order 2
Info    : [ 40%] Meshing curve 9 order 2
Info    : [ 50%] Meshing curve 10 order 2
Info    : [ 50%] Meshing curve 11 order 2
Info    : [ 60%] Meshing curve 12 order 2
Info    : [ 60%] Meshing curve 13 order 2
Info    : [ 70%] Meshing surface 1 order 2
Info    : [ 70%] Meshing surface 2 order 2
Info    : [ 80%] Meshing surface 3 order 2
Info    : [ 80%] Meshing surface 4 order 2
Info    : [ 90%] Meshing surface 5 order 2
Info    : [ 90%] Meshing surface 6 order 2
Info    : [100%] Meshing volume 1 order 2
Info    : [100%] Meshing volume 2 order 2
Info    : Surface mesh: worst distortion = 0.797589 (0 elements in ]0, 0.2]); worst gamma = 0.354265
Info    : Volume mesh: worst distortion = 0.241348 (0 elements in ]0, 0.2])
Info    : Done meshing order 2 (Wall 9.81323s, CPU 9.81086s)
Info    : Writing '/home/user/mscr-mom/현서/scripts/contact_scenarios/fea/matv2wire_mesh_LM50_phiN30_b0_s100.inp'...
Info    : Done writing '/home/user/mscr-mom/현서/scripts/contact_scenarios/fea/matv2wire_mesh_LM50_phiN30_b0_s100.inp'
  [LM50_phiN30_b0] [실패] (833.5s)
[LM50_phiN30_b0] 완료: 6/10 성공
