[LM50_phiN150 1/10] L_M=50.0, phi=-150.0, s=10.0mm, push_depth=0.1mm ...
Info    : Meshing 1D...
Info    : [  0%] Meshing curve 1 (BSpline)
Info    : [ 10%] Meshing curve 2 (Ellipse)
Info    : [ 20%] Meshing curve 3 (Ellipse)
Info    : [ 30%] Meshing curve 4 (BSpline)
Info    : [ 40%] Meshing curve 5 (BSpline)
Info    : [ 50%] Meshing curve 6 (BSpline)
Info    : [ 60%] Meshing curve 7 (BSpline)
Info    : [ 60%] Meshing curve 8 (BSpline)
Info    : [ 70%] Meshing curve 9 (BSpline)
Info    : [ 90%] Meshing curve 11 (Circle)
Info    : Done meshing 1D (Wall 0.0196731s, CPU 0.019665s)
Info    : Meshing 2D...
Info    : [  0%] Meshing surface 1 (Plane, Frontal-Delaunay)
Info    : [ 20%] Meshing surface 2 (Plane, Frontal-Delaunay)
Info    : [ 40%] Meshing surface 3 (BSpline surface, Frontal-Delaunay)
Info    : [ 60%] Meshing surface 4 (BSpline surface, Frontal-Delaunay)
Info    : [ 70%] Meshing surface 5 (Plane, Frontal-Delaunay)
Info    : [ 90%] Meshing surface 6 (Sphere, Frontal-Delaunay)
Info    : Done meshing 2D (Wall 0.752249s, CPU 0.74705s)
Info    : Meshing 3D...
Info    : 3D Meshing 2 volumes with 2 connected components
Info    : Tetrahedrizing 12525 nodes...
Info    : Done tetrahedrizing 12533 nodes (Wall 0.146459s, CPU 0.138563s)
Info    : Reconstructing mesh...
Info    :  - Creating surface mesh
Info    :  - Identifying boundary edges
Info    :  - Recovering boundary
Info    : Done reconstructing mesh (Wall 0.38693s, CPU 0.365777s)
Info    : Found volume 1
Info    : It. 0 - 0 nodes created - worst tet radius 1.04481 (nodes removed 0 0)
Info    : 3D refinement terminated (13166 nodes total):
Info    :  - 0 Delaunay cavities modified for star shapeness
Info    :  - 0 nodes could not be inserted
Info    :  - 41964 tetrahedra created in 0.0332342 sec. (1262673 tets/s)
Info    : 0 node relocations
Info    : Tetrahedrizing 131 nodes...
Info    : Done tetrahedrizing 139 nodes (Wall 0.000795014s, CPU 0.000796s)
Info    : Reconstructing mesh...
Info    :  - Creating surface mesh
Info    :  - Identifying boundary edges
Info    :  - Recovering boundary
Info    : Done reconstructing mesh (Wall 0.0020375s, CPU 0.002036s)
Info    : Found volume 2
Info    : It. 0 - 0 nodes created - worst tet radius 3.13495 (nodes removed 0 0)
Info    : 3D refinement terminated (12734 nodes total):
Info    :  - 0 Delaunay cavities modified for star shapeness
Info    :  - 0 nodes could not be inserted
Info    :  - 468 tetrahedra created in 0.00943042 sec. (49626 tets/s)
Info    : 0 node relocations
Info    : Done meshing 3D (Wall 0.753354s, CPU 0.731042s)
Info    : Optimizing mesh...
Info    : Optimizing volume 1
Info    : Optimization starts (volume = 235.642) with worst = 0.00120437 / average = 0.680336:
Info    : 0.00 < quality < 0.10 :       237 elements
Info    : 0.10 < quality < 0.20 :       351 elements
Info    : 0.20 < quality < 0.30 :       653 elements
Info    : 0.30 < quality < 0.40 :       833 elements
Info    : 0.40 < quality < 0.50 :      1527 elements
Info    : 0.50 < quality < 0.60 :      3628 elements
Info    : 0.60 < quality < 0.70 :     11418 elements
Info    : 0.70 < quality < 0.80 :     19977 elements
Info    : 0.80 < quality < 0.90 :      1809 elements
Info    : 0.90 < quality < 1.00 :      1531 elements
Info    : 1190 edge swaps, 9 node relocations (volume = 235.642): worst = 0.0831642 / average = 0.696663 (Wall 0.015961s, CPU 0.01596s)
Info    : 1242 edge swaps, 11 node relocations (volume = 235.642): worst = 0.162243 / average = 0.697216 (Wall 0.0194335s, CPU 0.019434s)
Info    : 1246 edge swaps, 11 node relocations (volume = 235.642): worst = 0.227028 / average = 0.69726 (Wall 0.023109s, CPU 0.022095s)
Info    : No ill-shaped tets in the mesh :-)
Info    : 0.00 < quality < 0.10 :         0 elements
Info    : 0.10 < quality < 0.20 :         0 elements
Info    : 0.20 < quality < 0.30 :        10 elements
Info    : 0.30 < quality < 0.40 :       727 elements
Info    : 0.40 < quality < 0.50 :      1256 elements
Info    : 0.50 < quality < 0.60 :      3712 elements
Info    : 0.60 < quality < 0.70 :     11907 elements
Info    : 0.70 < quality < 0.80 :     19727 elements
Info    : 0.80 < quality < 0.90 :      1971 elements
Info    : 0.90 < quality < 1.00 :      1534 elements
Info    : Optimizing volume 2
Info    : Optimization starts (volume = 0.25645) with worst = 0.0814445 / average = 0.749453:
Info    : 0.00 < quality < 0.10 :         1 elements
Info    : 0.10 < quality < 0.20 :         5 elements
Info    : 0.20 < quality < 0.30 :         2 elements
Info    : 0.30 < quality < 0.40 :         8 elements
Info    : 0.40 < quality < 0.50 :         8 elements
Info    : 0.50 < quality < 0.60 :        19 elements
Info    : 0.60 < quality < 0.70 :        77 elements
Info    : 0.70 < quality < 0.80 :       177 elements
Info    : 0.80 < quality < 0.90 :       131 elements
Info    : 0.90 < quality < 1.00 :        40 elements
Info    : 8 edge swaps, 0 node relocations (volume = 0.25645): worst = 0.318497 / average = 0.761481 (Wall 0.000120154s, CPU 0.000108s)
Info    : No ill-shaped tets in the mesh :-)
Info    : 0.00 < quality < 0.10 :         0 elements
Info    : 0.10 < quality < 0.20 :         0 elements
Info    : 0.20 < quality < 0.30 :         0 elements
Info    : 0.30 < quality < 0.40 :         8 elements
Info    : 0.40 < quality < 0.50 :         8 elements
Info    : 0.50 < quality < 0.60 :        14 elements
Info    : 0.60 < quality < 0.70 :        78 elements
Info    : 0.70 < quality < 0.80 :       180 elements
Info    : 0.80 < quality < 0.90 :       132 elements
Info    : 0.90 < quality < 1.00 :        40 elements
Info    : Done optimizing mesh (Wall 0.0645848s, CPU 0.063544s)
Info    : 13563 nodes 67853 elements
Info    : Meshing order 2 (curvilinear on)...
Info    : [  0%] Meshing curve 1 order 2
Info    : [ 10%] Meshing curve 2 order 2
Info    : [ 20%] Meshing curve 3 order 2
Info    : [ 20%] Meshing curve 4 order 2
Info    : [ 30%] Meshing curve 5 order 2
Info    : [ 30%] Meshing curve 6 order 2
Info    : [ 40%] Meshing curve 7 order 2
Info    : [ 40%] Meshing curve 8 order 2
Info    : [ 50%] Meshing curve 9 order 2
Info    : [ 50%] Meshing curve 10 order 2
Info    : [ 60%] Meshing curve 11 order 2
Info    : [ 60%] Meshing curve 12 order 2
Info    : [ 70%] Meshing surface 1 order 2
Info    : [ 70%] Meshing surface 2 order 2
Info    : [ 80%] Meshing surface 3 order 2
Info    : [ 80%] Meshing surface 4 order 2
Info    : [ 90%] Meshing surface 5 order 2
Info    : [ 90%] Meshing surface 6 order 2
Info    : [100%] Meshing volume 1 order 2
Info    : [100%] Meshing volume 2 order 2
Info    : Surface mesh: worst distortion = 0.797589 (0 elements in ]0, 0.2]); worst gamma = 0.700109
Info    : Volume mesh: worst distortion = 0.256732 (0 elements in ]0, 0.2])
Info    : Done meshing order 2 (Wall 13.1766s, CPU 13.1724s)
Info    : Writing '/home/user/mscr-mom/현서/scripts/contact_scenarios/fea/lmphi_mesh_LM50_phiN150_s10.inp'...
Info    : Done writing '/home/user/mscr-mom/현서/scripts/contact_scenarios/fea/lmphi_mesh_LM50_phiN150_s10.inp'
  [LM50_phiN150] F_mag=0.2435mN  (193.9s)
[LM50_phiN150 2/10] L_M=50.0, phi=-150.0, s=20.0mm, push_depth=0.1mm ...
Info    : Meshing 1D...
Info    : [  0%] Meshing curve 1 (BSpline)
Info    : [ 10%] Meshing curve 2 (Ellipse)
Info    : [ 20%] Meshing curve 3 (Ellipse)
Info    : [ 30%] Meshing curve 4 (BSpline)
Info    : [ 40%] Meshing curve 5 (BSpline)
Info    : [ 50%] Meshing curve 6 (BSpline)
Info    : [ 60%] Meshing curve 7 (BSpline)
Info    : [ 60%] Meshing curve 8 (BSpline)
Info    : [ 70%] Meshing curve 9 (BSpline)
Info    : [ 90%] Meshing curve 11 (Circle)
Info    : Done meshing 1D (Wall 0.0195124s, CPU 0.019462s)
Info    : Meshing 2D...
Info    : [  0%] Meshing surface 1 (Plane, Frontal-Delaunay)
Info    : [ 20%] Meshing surface 2 (Plane, Frontal-Delaunay)
Info    : [ 40%] Meshing surface 3 (BSpline surface, Frontal-Delaunay)
Info    : [ 60%] Meshing surface 4 (BSpline surface, Frontal-Delaunay)
Info    : [ 70%] Meshing surface 5 (Plane, Frontal-Delaunay)
Info    : [ 90%] Meshing surface 6 (Sphere, Frontal-Delaunay)
Info    : Done meshing 2D (Wall 0.718102s, CPU 0.718049s)
Info    : Meshing 3D...
Info    : 3D Meshing 2 volumes with 2 connected components
Info    : Tetrahedrizing 12525 nodes...
Info    : Done tetrahedrizing 12533 nodes (Wall 0.137335s, CPU 0.13034s)
Info    : Reconstructing mesh...
Info    :  - Creating surface mesh
Info    :  - Identifying boundary edges
Info    :  - Recovering boundary
Info    : Done reconstructing mesh (Wall 0.342874s, CPU 0.324876s)
Info    : Found volume 1
Info    : It. 0 - 0 nodes created - worst tet radius 1.04481 (nodes removed 0 0)
Info    : 3D refinement terminated (13165 nodes total):
Info    :  - 0 Delaunay cavities modified for star shapeness
Info    :  - 0 nodes could not be inserted
Info    :  - 41964 tetrahedra created in 0.0253945 sec. (1652482 tets/s)
Info    : 0 node relocations
Info    : Tetrahedrizing 130 nodes...
Info    : Done tetrahedrizing 138 nodes (Wall 0.000755874s, CPU 0.000755s)
Info    : Reconstructing mesh...
Info    :  - Creating surface mesh
Info    :  - Identifying boundary edges
Info    :  - Recovering boundary
Info    : Done reconstructing mesh (Wall 0.00169866s, CPU 0.001697s)
Info    : Found volume 2
Info    : It. 0 - 0 nodes created - worst tet radius 3.08842 (nodes removed 0 0)
Info    : 3D refinement terminated (12739 nodes total):
Info    :  - 0 Delaunay cavities modified for star shapeness
Info    :  - 0 nodes could not be inserted
Info    :  - 511 tetrahedra created in 0.00543109 sec. (94087 tets/s)
Info    : 0 node relocations
Info    : Done meshing 3D (Wall 0.628673s, CPU 0.609644s)
Info    : Optimizing mesh...
Info    : Optimizing volume 1
Info    : Optimization starts (volume = 235.642) with worst = 0.00120437 / average = 0.680336:
Info    : 0.00 < quality < 0.10 :       237 elements
Info    : 0.10 < quality < 0.20 :       351 elements
Info    : 0.20 < quality < 0.30 :       653 elements
Info    : 0.30 < quality < 0.40 :       833 elements
Info    : 0.40 < quality < 0.50 :      1527 elements
Info    : 0.50 < quality < 0.60 :      3628 elements
Info    : 0.60 < quality < 0.70 :     11418 elements
Info    : 0.70 < quality < 0.80 :     19977 elements
Info    : 0.80 < quality < 0.90 :      1809 elements
Info    : 0.90 < quality < 1.00 :      1531 elements
Info    : 1190 edge swaps, 9 node relocations (volume = 235.642): worst = 0.0831642 / average = 0.696663 (Wall 0.0141442s, CPU 0.014144s)
Info    : 1242 edge swaps, 11 node relocations (volume = 235.642): worst = 0.162243 / average = 0.697216 (Wall 0.0166743s, CPU 0.016675s)
Info    : 1246 edge swaps, 11 node relocations (volume = 235.642): worst = 0.227028 / average = 0.69726 (Wall 0.0186724s, CPU 0.018674s)
Info    : No ill-shaped tets in the mesh :-)
Info    : 0.00 < quality < 0.10 :         0 elements
Info    : 0.10 < quality < 0.20 :         0 elements
Info    : 0.20 < quality < 0.30 :        10 elements
Info    : 0.30 < quality < 0.40 :       727 elements
Info    : 0.40 < quality < 0.50 :      1256 elements
Info    : 0.50 < quality < 0.60 :      3712 elements
Info    : 0.60 < quality < 0.70 :     11907 elements
Info    : 0.70 < quality < 0.80 :     19727 elements
Info    : 0.80 < quality < 0.90 :      1971 elements
Info    : 0.90 < quality < 1.00 :      1534 elements
Info    : Optimizing volume 2
Info    : Optimization starts (volume = 0.256435) with worst = 0.0178542 / average = 0.759627:
Info    : 0.00 < quality < 0.10 :         2 elements
Info    : 0.10 < quality < 0.20 :         2 elements
Info    : 0.20 < quality < 0.30 :         5 elements
Info    : 0.30 < quality < 0.40 :         9 elements
Info    : 0.40 < quality < 0.50 :        14 elements
Info    : 0.50 < quality < 0.60 :        17 elements
Info    : 0.60 < quality < 0.70 :        54 elements
Info    : 0.70 < quality < 0.80 :       193 elements
Info    : 0.80 < quality < 0.90 :       165 elements
Info    : 0.90 < quality < 1.00 :        50 elements
Info    : 9 edge swaps, 0 node relocations (volume = 0.256435): worst = 0.320799 / average = 0.770086 (Wall 0.000121225s, CPU 0.000122s)
Info    : No ill-shaped tets in the mesh :-)
Info    : 0.00 < quality < 0.10 :         0 elements
Info    : 0.10 < quality < 0.20 :         0 elements
Info    : 0.20 < quality < 0.30 :         0 elements
Info    : 0.30 < quality < 0.40 :         8 elements
Info    : 0.40 < quality < 0.50 :        13 elements
Info    : 0.50 < quality < 0.60 :        17 elements
Info    : 0.60 < quality < 0.70 :        54 elements
Info    : 0.70 < quality < 0.80 :       196 elements
Info    : 0.80 < quality < 0.90 :       167 elements
Info    : 0.90 < quality < 1.00 :        48 elements
Info    : Done optimizing mesh (Wall 0.0456486s, CPU 0.045648s)
Info    : 13568 nodes 67894 elements
Info    : Meshing order 2 (curvilinear on)...
Info    : [  0%] Meshing curve 1 order 2
Info    : [ 10%] Meshing curve 2 order 2
Info    : [ 20%] Meshing curve 3 order 2
Info    : [ 20%] Meshing curve 4 order 2
Info    : [ 30%] Meshing curve 5 order 2
Info    : [ 30%] Meshing curve 6 order 2
Info    : [ 40%] Meshing curve 7 order 2
Info    : [ 40%] Meshing curve 8 order 2
Info    : [ 50%] Meshing curve 9 order 2
Info    : [ 50%] Meshing curve 10 order 2
Info    : [ 60%] Meshing curve 11 order 2
Info    : [ 60%] Meshing curve 12 order 2
Info    : [ 70%] Meshing surface 1 order 2
Info    : [ 70%] Meshing surface 2 order 2
Info    : [ 80%] Meshing surface 3 order 2
Info    : [ 80%] Meshing surface 4 order 2
Info    : [ 90%] Meshing surface 5 order 2
Info    : [ 90%] Meshing surface 6 order 2
Info    : [100%] Meshing volume 1 order 2
Info    : [100%] Meshing volume 2 order 2
Info    : Surface mesh: worst distortion = 0.797589 (0 elements in ]0, 0.2]); worst gamma = 0.700109
Info    : Volume mesh: worst distortion = 0.256732 (0 elements in ]0, 0.2])
Info    : Done meshing order 2 (Wall 13.0925s, CPU 13.0869s)
Info    : Writing '/home/user/mscr-mom/현서/scripts/contact_scenarios/fea/lmphi_mesh_LM50_phiN150_s20.inp'...
Info    : Done writing '/home/user/mscr-mom/현서/scripts/contact_scenarios/fea/lmphi_mesh_LM50_phiN150_s20.inp'
  [LM50_phiN150] F_mag=0.0317mN  (279.9s)
[LM50_phiN150 3/10] L_M=50.0, phi=-150.0, s=30.0mm, push_depth=0.1mm ...
Info    : Meshing 1D...
Info    : [  0%] Meshing curve 1 (BSpline)
Info    : [ 10%] Meshing curve 2 (Ellipse)
Info    : [ 20%] Meshing curve 3 (Ellipse)
Info    : [ 30%] Meshing curve 4 (BSpline)
Info    : [ 40%] Meshing curve 5 (BSpline)
Info    : [ 50%] Meshing curve 6 (BSpline)
Info    : [ 60%] Meshing curve 7 (BSpline)
Info    : [ 60%] Meshing curve 8 (BSpline)
Info    : [ 70%] Meshing curve 9 (BSpline)
Info    : [ 90%] Meshing curve 11 (Circle)
Info    : Done meshing 1D (Wall 0.0199659s, CPU 0.019769s)
Info    : Meshing 2D...
Info    : [  0%] Meshing surface 1 (Plane, Frontal-Delaunay)
Info    : [ 20%] Meshing surface 2 (Plane, Frontal-Delaunay)
Info    : [ 40%] Meshing surface 3 (BSpline surface, Frontal-Delaunay)
Info    : [ 60%] Meshing surface 4 (BSpline surface, Frontal-Delaunay)
Info    : [ 70%] Meshing surface 5 (Plane, Frontal-Delaunay)
Info    : [ 90%] Meshing surface 6 (Sphere, Frontal-Delaunay)
Info    : Done meshing 2D (Wall 0.754541s, CPU 0.753434s)
Info    : Meshing 3D...
Info    : 3D Meshing 2 volumes with 2 connected components
Info    : Tetrahedrizing 12525 nodes...
Info    : Done tetrahedrizing 12533 nodes (Wall 0.139206s, CPU 0.135221s)
Info    : Reconstructing mesh...
Info    :  - Creating surface mesh
Info    :  - Identifying boundary edges
Info    :  - Recovering boundary
Info    : Done reconstructing mesh (Wall 0.334921s, CPU 0.321876s)
Info    : Found volume 1
Info    : It. 0 - 0 nodes created - worst tet radius 1.04481 (nodes removed 0 0)
Info    : 3D refinement terminated (13166 nodes total):
Info    :  - 0 Delaunay cavities modified for star shapeness
Info    :  - 0 nodes could not be inserted
Info    :  - 41964 tetrahedra created in 0.022832 sec. (1837942 tets/s)
Info    : 0 node relocations
Info    : Tetrahedrizing 131 nodes...
Info    : Done tetrahedrizing 139 nodes (Wall 0.000788153s, CPU 0.000789s)
Info    : Reconstructing mesh...
Info    :  - Creating surface mesh
Info    :  - Identifying boundary edges
Info    :  - Recovering boundary
Info    : Done reconstructing mesh (Wall 0.00195113s, CPU 0.001953s)
Info    : Found volume 2
Info    : It. 0 - 0 nodes created - worst tet radius 3.1274 (nodes removed 0 0)
Info    : 3D refinement terminated (12737 nodes total):
Info    :  - 0 Delaunay cavities modified for star shapeness
Info    :  - 0 nodes could not be inserted
Info    :  - 506 tetrahedra created in 0.00272658 sec. (185580 tets/s)
Info    : 0 node relocations
Info    : Done meshing 3D (Wall 0.604065s, CPU 0.590959s)
Info    : Optimizing mesh...
Info    : Optimizing volume 1
Info    : Optimization starts (volume = 235.642) with worst = 0.00120437 / average = 0.680336:
Info    : 0.00 < quality < 0.10 :       237 elements
Info    : 0.10 < quality < 0.20 :       351 elements
Info    : 0.20 < quality < 0.30 :       653 elements
Info    : 0.30 < quality < 0.40 :       833 elements
Info    : 0.40 < quality < 0.50 :      1527 elements
Info    : 0.50 < quality < 0.60 :      3628 elements
Info    : 0.60 < quality < 0.70 :     11418 elements
Info    : 0.70 < quality < 0.80 :     19977 elements
Info    : 0.80 < quality < 0.90 :      1809 elements
Info    : 0.90 < quality < 1.00 :      1531 elements
Info    : 1190 edge swaps, 9 node relocations (volume = 235.642): worst = 0.0831642 / average = 0.696663 (Wall 0.0107286s, CPU 0.010729s)
Info    : 1242 edge swaps, 11 node relocations (volume = 235.642): worst = 0.162243 / average = 0.697216 (Wall 0.0131093s, CPU 0.013111s)
Info    : 1246 edge swaps, 11 node relocations (volume = 235.642): worst = 0.227028 / average = 0.69726 (Wall 0.0149997s, CPU 0.015001s)
Info    : No ill-shaped tets in the mesh :-)
Info    : 0.00 < quality < 0.10 :         0 elements
Info    : 0.10 < quality < 0.20 :         0 elements
Info    : 0.20 < quality < 0.30 :        10 elements
Info    : 0.30 < quality < 0.40 :       727 elements
Info    : 0.40 < quality < 0.50 :      1256 elements
Info    : 0.50 < quality < 0.60 :      3712 elements
Info    : 0.60 < quality < 0.70 :     11907 elements
Info    : 0.70 < quality < 0.80 :     19727 elements
Info    : 0.80 < quality < 0.90 :      1971 elements
Info    : 0.90 < quality < 1.00 :      1534 elements
Info    : Optimizing volume 2
Info    : Optimization starts (volume = 0.256422) with worst = 0.00650602 / average = 0.729926:
Info    : 0.00 < quality < 0.10 :         3 elements
Info    : 0.10 < quality < 0.20 :         2 elements
Info    : 0.20 < quality < 0.30 :         5 elements
Info    : 0.30 < quality < 0.40 :        13 elements
Info    : 0.40 < quality < 0.50 :        26 elements
Info    : 0.50 < quality < 0.60 :        26 elements
Info    : 0.60 < quality < 0.70 :        77 elements
Info    : 0.70 < quality < 0.80 :       182 elements
Info    : 0.80 < quality < 0.90 :       137 elements
Info    : 0.90 < quality < 1.00 :        35 elements
Info    : 10 edge swaps, 0 node relocations (volume = 0.256422): worst = 0.30484 / average = 0.744198 (Wall 0.000112982s, CPU 0.000113s)
Info    : No ill-shaped tets in the mesh :-)
Info    : 0.00 < quality < 0.10 :         0 elements
Info    : 0.10 < quality < 0.20 :         0 elements
Info    : 0.20 < quality < 0.30 :         0 elements
Info    : 0.30 < quality < 0.40 :        13 elements
Info    : 0.40 < quality < 0.50 :        23 elements
Info    : 0.50 < quality < 0.60 :        24 elements
Info    : 0.60 < quality < 0.70 :        77 elements
Info    : 0.70 < quality < 0.80 :       185 elements
Info    : 0.80 < quality < 0.90 :       139 elements
Info    : 0.90 < quality < 1.00 :        35 elements
Info    : Done optimizing mesh (Wall 0.0384059s, CPU 0.038404s)
Info    : 13566 nodes 67889 elements
Info    : Meshing order 2 (curvilinear on)...
Info    : [  0%] Meshing curve 1 order 2
Info    : [ 10%] Meshing curve 2 order 2
Info    : [ 20%] Meshing curve 3 order 2
Info    : [ 20%] Meshing curve 4 order 2
Info    : [ 30%] Meshing curve 5 order 2
Info    : [ 30%] Meshing curve 6 order 2
Info    : [ 40%] Meshing curve 7 order 2
Info    : [ 40%] Meshing curve 8 order 2
Info    : [ 50%] Meshing curve 9 order 2
Info    : [ 50%] Meshing curve 10 order 2
Info    : [ 60%] Meshing curve 11 order 2
Info    : [ 60%] Meshing curve 12 order 2
Info    : [ 70%] Meshing surface 1 order 2
Info    : [ 70%] Meshing surface 2 order 2
Info    : [ 80%] Meshing surface 3 order 2
Info    : [ 80%] Meshing surface 4 order 2
Info    : [ 90%] Meshing surface 5 order 2
Info    : [ 90%] Meshing surface 6 order 2
Info    : [100%] Meshing volume 1 order 2
Info    : [100%] Meshing volume 2 order 2
Info    : Surface mesh: worst distortion = 0.797589 (0 elements in ]0, 0.2]); worst gamma = 0.700109
Info    : Volume mesh: worst distortion = 0.256732 (0 elements in ]0, 0.2])
Info    : Done meshing order 2 (Wall 13.2371s, CPU 13.2334s)
Info    : Writing '/home/user/mscr-mom/현서/scripts/contact_scenarios/fea/lmphi_mesh_LM50_phiN150_s30.inp'...
Info    : Done writing '/home/user/mscr-mom/현서/scripts/contact_scenarios/fea/lmphi_mesh_LM50_phiN150_s30.inp'
  [LM50_phiN150] F_mag=0.0093mN  (330.3s)
[LM50_phiN150 4/10] L_M=50.0, phi=-150.0, s=40.0mm, push_depth=0.1mm ...
Info    : Meshing 1D...
Info    : [  0%] Meshing curve 1 (BSpline)
Info    : [ 10%] Meshing curve 2 (Ellipse)
Info    : [ 20%] Meshing curve 3 (Ellipse)
Info    : [ 30%] Meshing curve 4 (BSpline)
Info    : [ 40%] Meshing curve 5 (BSpline)
Info    : [ 50%] Meshing curve 6 (BSpline)
Info    : [ 60%] Meshing curve 7 (BSpline)
Info    : [ 60%] Meshing curve 8 (BSpline)
Info    : [ 70%] Meshing curve 9 (BSpline)
Info    : [ 90%] Meshing curve 11 (Circle)
Info    : Done meshing 1D (Wall 0.0195281s, CPU 0.018485s)
Info    : Meshing 2D...
Info    : [  0%] Meshing surface 1 (Plane, Frontal-Delaunay)
Info    : [ 20%] Meshing surface 2 (Plane, Frontal-Delaunay)
Info    : [ 40%] Meshing surface 3 (BSpline surface, Frontal-Delaunay)
Info    : [ 60%] Meshing surface 4 (BSpline surface, Frontal-Delaunay)
Info    : [ 70%] Meshing surface 5 (Plane, Frontal-Delaunay)
Info    : [ 90%] Meshing surface 6 (Sphere, Frontal-Delaunay)
Info    : Done meshing 2D (Wall 0.775317s, CPU 0.740538s)
Info    : Meshing 3D...
Info    : 3D Meshing 2 volumes with 2 connected components
Info    : Tetrahedrizing 12525 nodes...
Info    : Done tetrahedrizing 12533 nodes (Wall 0.138224s, CPU 0.137213s)
Info    : Reconstructing mesh...
Info    :  - Creating surface mesh
Info    :  - Identifying boundary edges
Info    :  - Recovering boundary
Info    : Done reconstructing mesh (Wall 0.359082s, CPU 0.348071s)
Info    : Found volume 1
Info    : It. 0 - 0 nodes created - worst tet radius 1.04481 (nodes removed 0 0)
Info    : 3D refinement terminated (13166 nodes total):
Info    :  - 0 Delaunay cavities modified for star shapeness
Info    :  - 0 nodes could not be inserted
Info    :  - 41964 tetrahedra created in 0.0229844 sec. (1825762 tets/s)
Info    : 0 node relocations
Info    : Tetrahedrizing 131 nodes...
Info    : Done tetrahedrizing 139 nodes (Wall 0.000753014s, CPU 0.000753s)
Info    : Reconstructing mesh...
Info    :  - Creating surface mesh
Info    :  - Identifying boundary edges
Info    :  - Recovering boundary
Info    : Done reconstructing mesh (Wall 0.00167868s, CPU 0.001677s)
Info    : Found volume 2
Info    : It. 0 - 0 nodes created - worst tet radius 3.1274 (nodes removed 0 0)
Info    : 3D refinement terminated (12737 nodes total):
Info    :  - 0 Delaunay cavities modified for star shapeness
Info    :  - 0 nodes could not be inserted
Info    :  - 506 tetrahedra created in 0.00243922 sec. (207443 tets/s)
Info    : 0 node relocations
Info    : Done meshing 3D (Wall 0.641075s, CPU 0.629859s)
Info    : Optimizing mesh...
Info    : Optimizing volume 1
Info    : Optimization starts (volume = 235.642) with worst = 0.00120437 / average = 0.680336:
Info    : 0.00 < quality < 0.10 :       237 elements
Info    : 0.10 < quality < 0.20 :       351 elements
Info    : 0.20 < quality < 0.30 :       653 elements
Info    : 0.30 < quality < 0.40 :       833 elements
Info    : 0.40 < quality < 0.50 :      1527 elements
Info    : 0.50 < quality < 0.60 :      3628 elements
Info    : 0.60 < quality < 0.70 :     11418 elements
Info    : 0.70 < quality < 0.80 :     19977 elements
Info    : 0.80 < quality < 0.90 :      1809 elements
Info    : 0.90 < quality < 1.00 :      1531 elements
Info    : 1190 edge swaps, 9 node relocations (volume = 235.642): worst = 0.0831642 / average = 0.696663 (Wall 0.013888s, CPU 0.01387s)
Info    : 1242 edge swaps, 11 node relocations (volume = 235.642): worst = 0.162243 / average = 0.697216 (Wall 0.0167665s, CPU 0.01675s)
Info    : 1246 edge swaps, 11 node relocations (volume = 235.642): worst = 0.227028 / average = 0.69726 (Wall 0.0187027s, CPU 0.018688s)
Info    : No ill-shaped tets in the mesh :-)
Info    : 0.00 < quality < 0.10 :         0 elements
Info    : 0.10 < quality < 0.20 :         0 elements
Info    : 0.20 < quality < 0.30 :        10 elements
Info    : 0.30 < quality < 0.40 :       727 elements
Info    : 0.40 < quality < 0.50 :      1256 elements
Info    : 0.50 < quality < 0.60 :      3712 elements
Info    : 0.60 < quality < 0.70 :     11907 elements
Info    : 0.70 < quality < 0.80 :     19727 elements
Info    : 0.80 < quality < 0.90 :      1971 elements
Info    : 0.90 < quality < 1.00 :      1534 elements
Info    : Optimizing volume 2
Info    : Optimization starts (volume = 0.256422) with worst = 0.00650602 / average = 0.729926:
Info    : 0.00 < quality < 0.10 :         3 elements
Info    : 0.10 < quality < 0.20 :         2 elements
Info    : 0.20 < quality < 0.30 :         5 elements
Info    : 0.30 < quality < 0.40 :        13 elements
Info    : 0.40 < quality < 0.50 :        26 elements
Info    : 0.50 < quality < 0.60 :        26 elements
Info    : 0.60 < quality < 0.70 :        77 elements
Info    : 0.70 < quality < 0.80 :       182 elements
Info    : 0.80 < quality < 0.90 :       137 elements
Info    : 0.90 < quality < 1.00 :        35 elements
Info    : 10 edge swaps, 0 node relocations (volume = 0.256422): worst = 0.30484 / average = 0.744198 (Wall 0.000118832s, CPU 0.00012s)
Info    : No ill-shaped tets in the mesh :-)
Info    : 0.00 < quality < 0.10 :         0 elements
Info    : 0.10 < quality < 0.20 :         0 elements
Info    : 0.20 < quality < 0.30 :         0 elements
Info    : 0.30 < quality < 0.40 :        13 elements
Info    : 0.40 < quality < 0.50 :        23 elements
Info    : 0.50 < quality < 0.60 :        24 elements
Info    : 0.60 < quality < 0.70 :        77 elements
Info    : 0.70 < quality < 0.80 :       185 elements
Info    : 0.80 < quality < 0.90 :       139 elements
Info    : 0.90 < quality < 1.00 :        35 elements
Info    : Done optimizing mesh (Wall 0.0419846s, CPU 0.040982s)
Info    : 13566 nodes 67889 elements
Info    : Meshing order 2 (curvilinear on)...
Info    : [  0%] Meshing curve 1 order 2
Info    : [ 10%] Meshing curve 2 order 2
Info    : [ 20%] Meshing curve 3 order 2
Info    : [ 20%] Meshing curve 4 order 2
Info    : [ 30%] Meshing curve 5 order 2
Info    : [ 30%] Meshing curve 6 order 2
Info    : [ 40%] Meshing curve 7 order 2
Info    : [ 40%] Meshing curve 8 order 2
Info    : [ 50%] Meshing curve 9 order 2
Info    : [ 50%] Meshing curve 10 order 2
Info    : [ 60%] Meshing curve 11 order 2
Info    : [ 60%] Meshing curve 12 order 2
Info    : [ 70%] Meshing surface 1 order 2
Info    : [ 70%] Meshing surface 2 order 2
Info    : [ 80%] Meshing surface 3 order 2
Info    : [ 80%] Meshing surface 4 order 2
Info    : [ 90%] Meshing surface 5 order 2
Info    : [ 90%] Meshing surface 6 order 2
Info    : [100%] Meshing volume 1 order 2
Info    : [100%] Meshing volume 2 order 2
Info    : Surface mesh: worst distortion = 0.797589 (0 elements in ]0, 0.2]); worst gamma = 0.700109
Info    : Volume mesh: worst distortion = 0.256732 (0 elements in ]0, 0.2])
Info    : Done meshing order 2 (Wall 13.3527s, CPU 13.3488s)
Info    : Writing '/home/user/mscr-mom/현서/scripts/contact_scenarios/fea/lmphi_mesh_LM50_phiN150_s40.inp'...
Info    : Done writing '/home/user/mscr-mom/현서/scripts/contact_scenarios/fea/lmphi_mesh_LM50_phiN150_s40.inp'
  [LM50_phiN150] [실패] (778.4s)
[LM50_phiN150 5/10] L_M=50.0, phi=-150.0, s=50.0mm, push_depth=0.1mm ...
Info    : Meshing 1D...
Info    : [  0%] Meshing curve 1 (BSpline)
Info    : [ 10%] Meshing curve 2 (Ellipse)
Info    : [ 20%] Meshing curve 3 (Ellipse)
Info    : [ 30%] Meshing curve 4 (BSpline)
Info    : [ 40%] Meshing curve 5 (BSpline)
Info    : [ 50%] Meshing curve 6 (BSpline)
Info    : [ 60%] Meshing curve 7 (BSpline)
Info    : [ 60%] Meshing curve 8 (BSpline)
Info    : [ 70%] Meshing curve 9 (BSpline)
Info    : [ 90%] Meshing curve 11 (Circle)
Info    : Done meshing 1D (Wall 0.0196253s, CPU 0.019551s)
Info    : Meshing 2D...
Info    : [  0%] Meshing surface 1 (Plane, Frontal-Delaunay)
Info    : [ 20%] Meshing surface 2 (Plane, Frontal-Delaunay)
Info    : [ 40%] Meshing surface 3 (BSpline surface, Frontal-Delaunay)
Info    : [ 60%] Meshing surface 4 (BSpline surface, Frontal-Delaunay)
Info    : [ 70%] Meshing surface 5 (Plane, Frontal-Delaunay)
Info    : [ 90%] Meshing surface 6 (Sphere, Frontal-Delaunay)
Info    : Done meshing 2D (Wall 0.723152s, CPU 0.722053s)
Info    : Meshing 3D...
Info    : 3D Meshing 2 volumes with 2 connected components
Info    : Tetrahedrizing 12525 nodes...
Info    : Done tetrahedrizing 12533 nodes (Wall 0.140273s, CPU 0.140003s)
Info    : Reconstructing mesh...
Info    :  - Creating surface mesh
Info    :  - Identifying boundary edges
Info    :  - Recovering boundary
Info    : Done reconstructing mesh (Wall 0.330452s, CPU 0.318213s)
Info    : Found volume 1
Info    : It. 0 - 0 nodes created - worst tet radius 1.04481 (nodes removed 0 0)
Info    : 3D refinement terminated (13165 nodes total):
Info    :  - 0 Delaunay cavities modified for star shapeness
Info    :  - 0 nodes could not be inserted
Info    :  - 41964 tetrahedra created in 0.0291483 sec. (1439670 tets/s)
Info    : 0 node relocations
Info    : Tetrahedrizing 130 nodes...
Info    : Done tetrahedrizing 138 nodes (Wall 0.00073257s, CPU 0.000732s)
Info    : Reconstructing mesh...
Info    :  - Creating surface mesh
Info    :  - Identifying boundary edges
Info    :  - Recovering boundary
Info    : Done reconstructing mesh (Wall 0.00173139s, CPU 0.001734s)
Info    : Found volume 2
Info    : It. 0 - 0 nodes created - worst tet radius 3.08842 (nodes removed 0 0)
Info    : 3D refinement terminated (12739 nodes total):
Info    :  - 0 Delaunay cavities modified for star shapeness
Info    :  - 0 nodes could not be inserted
Info    :  - 511 tetrahedra created in 0.00479195 sec. (106637 tets/s)
Info    : 0 node relocations
Info    : Done meshing 3D (Wall 0.623646s, CPU 0.61136s)
Info    : Optimizing mesh...
Info    : Optimizing volume 1
Info    : Optimization starts (volume = 235.642) with worst = 0.00120437 / average = 0.680336:
Info    : 0.00 < quality < 0.10 :       237 elements
Info    : 0.10 < quality < 0.20 :       351 elements
Info    : 0.20 < quality < 0.30 :       653 elements
Info    : 0.30 < quality < 0.40 :       833 elements
Info    : 0.40 < quality < 0.50 :      1527 elements
Info    : 0.50 < quality < 0.60 :      3628 elements
Info    : 0.60 < quality < 0.70 :     11418 elements
Info    : 0.70 < quality < 0.80 :     19977 elements
Info    : 0.80 < quality < 0.90 :      1809 elements
Info    : 0.90 < quality < 1.00 :      1531 elements
Info    : 1190 edge swaps, 9 node relocations (volume = 235.642): worst = 0.0831642 / average = 0.696663 (Wall 0.0158864s, CPU 0.015866s)
Info    : 1242 edge swaps, 11 node relocations (volume = 235.642): worst = 0.162243 / average = 0.697216 (Wall 0.0195397s, CPU 0.01952s)
Info    : 1246 edge swaps, 11 node relocations (volume = 235.642): worst = 0.227028 / average = 0.69726 (Wall 0.0222036s, CPU 0.022184s)
Info    : No ill-shaped tets in the mesh :-)
Info    : 0.00 < quality < 0.10 :         0 elements
Info    : 0.10 < quality < 0.20 :         0 elements
Info    : 0.20 < quality < 0.30 :        10 elements
Info    : 0.30 < quality < 0.40 :       727 elements
Info    : 0.40 < quality < 0.50 :      1256 elements
Info    : 0.50 < quality < 0.60 :      3712 elements
Info    : 0.60 < quality < 0.70 :     11907 elements
Info    : 0.70 < quality < 0.80 :     19727 elements
Info    : 0.80 < quality < 0.90 :      1971 elements
Info    : 0.90 < quality < 1.00 :      1534 elements
Info    : Optimizing volume 2
Info    : Optimization starts (volume = 0.256435) with worst = 0.0178542 / average = 0.759627:
Info    : 0.00 < quality < 0.10 :         2 elements
Info    : 0.10 < quality < 0.20 :         2 elements
Info    : 0.20 < quality < 0.30 :         5 elements
Info    : 0.30 < quality < 0.40 :         9 elements
Info    : 0.40 < quality < 0.50 :        14 elements
Info    : 0.50 < quality < 0.60 :        17 elements
Info    : 0.60 < quality < 0.70 :        54 elements
Info    : 0.70 < quality < 0.80 :       193 elements
Info    : 0.80 < quality < 0.90 :       165 elements
Info    : 0.90 < quality < 1.00 :        50 elements
Info    : 9 edge swaps, 0 node relocations (volume = 0.256435): worst = 0.320799 / average = 0.770086 (Wall 0.000139383s, CPU 0.000141s)
Info    : No ill-shaped tets in the mesh :-)
Info    : 0.00 < quality < 0.10 :         0 elements
Info    : 0.10 < quality < 0.20 :         0 elements
Info    : 0.20 < quality < 0.30 :         0 elements
Info    : 0.30 < quality < 0.40 :         8 elements
Info    : 0.40 < quality < 0.50 :        13 elements
Info    : 0.50 < quality < 0.60 :        17 elements
Info    : 0.60 < quality < 0.70 :        54 elements
Info    : 0.70 < quality < 0.80 :       196 elements
Info    : 0.80 < quality < 0.90 :       167 elements
Info    : 0.90 < quality < 1.00 :        48 elements
Info    : Done optimizing mesh (Wall 0.0512028s, CPU 0.05118s)
Info    : 13568 nodes 67894 elements
Info    : Meshing order 2 (curvilinear on)...
Info    : [  0%] Meshing curve 1 order 2
Info    : [ 10%] Meshing curve 2 order 2
Info    : [ 20%] Meshing curve 3 order 2
Info    : [ 20%] Meshing curve 4 order 2
Info    : [ 30%] Meshing curve 5 order 2
Info    : [ 30%] Meshing curve 6 order 2
Info    : [ 40%] Meshing curve 7 order 2
Info    : [ 40%] Meshing curve 8 order 2
Info    : [ 50%] Meshing curve 9 order 2
Info    : [ 50%] Meshing curve 10 order 2
Info    : [ 60%] Meshing curve 11 order 2
Info    : [ 60%] Meshing curve 12 order 2
Info    : [ 70%] Meshing surface 1 order 2
Info    : [ 70%] Meshing surface 2 order 2
Info    : [ 80%] Meshing surface 3 order 2
Info    : [ 80%] Meshing surface 4 order 2
Info    : [ 90%] Meshing surface 5 order 2
Info    : [ 90%] Meshing surface 6 order 2
Info    : [100%] Meshing volume 1 order 2
Info    : [100%] Meshing volume 2 order 2
Info    : Surface mesh: worst distortion = 0.797589 (0 elements in ]0, 0.2]); worst gamma = 0.700109
Info    : Volume mesh: worst distortion = 0.256732 (0 elements in ]0, 0.2])
Info    : Done meshing order 2 (Wall 13.1696s, CPU 13.165s)
Info    : Writing '/home/user/mscr-mom/현서/scripts/contact_scenarios/fea/lmphi_mesh_LM50_phiN150_s50.inp'...
Info    : Done writing '/home/user/mscr-mom/현서/scripts/contact_scenarios/fea/lmphi_mesh_LM50_phiN150_s50.inp'
  [LM50_phiN150] [실패] (813.6s)
[LM50_phiN150 6/10] L_M=50.0, phi=-150.0, s=60.0mm, push_depth=0.1mm ...
Info    : Meshing 1D...
Info    : [  0%] Meshing curve 1 (BSpline)
Info    : [ 10%] Meshing curve 2 (Ellipse)
Info    : [ 20%] Meshing curve 3 (Ellipse)
Info    : [ 30%] Meshing curve 4 (BSpline)
Info    : [ 40%] Meshing curve 5 (BSpline)
Info    : [ 50%] Meshing curve 6 (BSpline)
Info    : [ 60%] Meshing curve 7 (BSpline)
Info    : [ 60%] Meshing curve 8 (BSpline)
Info    : [ 70%] Meshing curve 9 (BSpline)
Info    : [ 90%] Meshing curve 11 (Circle)
Info    : Done meshing 1D (Wall 0.0196304s, CPU 0.019583s)
Info    : Meshing 2D...
Info    : [  0%] Meshing surface 1 (Plane, Frontal-Delaunay)
Info    : [ 20%] Meshing surface 2 (Plane, Frontal-Delaunay)
Info    : [ 40%] Meshing surface 3 (BSpline surface, Frontal-Delaunay)
Info    : [ 60%] Meshing surface 4 (BSpline surface, Frontal-Delaunay)
Info    : [ 70%] Meshing surface 5 (Plane, Frontal-Delaunay)
Info    : [ 90%] Meshing surface 6 (Sphere, Frontal-Delaunay)
Info    : Done meshing 2D (Wall 0.727884s, CPU 0.72784s)
Info    : Meshing 3D...
Info    : 3D Meshing 2 volumes with 2 connected components
Info    : Tetrahedrizing 12525 nodes...
Info    : Done tetrahedrizing 12533 nodes (Wall 0.138366s, CPU 0.134371s)
Info    : Reconstructing mesh...
Info    :  - Creating surface mesh
Info    :  - Identifying boundary edges
Info    :  - Recovering boundary
Info    : Done reconstructing mesh (Wall 0.32751s, CPU 0.319497s)
Info    : Found volume 1
Info    : It. 0 - 0 nodes created - worst tet radius 1.04481 (nodes removed 0 0)
Info    : 3D refinement terminated (13166 nodes total):
Info    :  - 0 Delaunay cavities modified for star shapeness
Info    :  - 0 nodes could not be inserted
Info    :  - 41964 tetrahedra created in 0.0250956 sec. (1672164 tets/s)
Info    : 0 node relocations
Info    : Tetrahedrizing 131 nodes...
Info    : Done tetrahedrizing 139 nodes (Wall 0.000755364s, CPU 0.000756s)
Info    : Reconstructing mesh...
Info    :  - Creating surface mesh
Info    :  - Identifying boundary edges
Info    :  - Recovering boundary
Info    : Done reconstructing mesh (Wall 0.00175665s, CPU 0.00176s)
Info    : Found volume 2
Info    : It. 0 - 0 nodes created - worst tet radius 3.1274 (nodes removed 0 0)
Info    : 3D refinement terminated (12737 nodes total):
Info    :  - 0 Delaunay cavities modified for star shapeness
Info    :  - 0 nodes could not be inserted
Info    :  - 506 tetrahedra created in 0.00259508 sec. (194984 tets/s)
Info    : 0 node relocations
Info    : Done meshing 3D (Wall 0.626311s, CPU 0.617234s)
Info    : Optimizing mesh...
Info    : Optimizing volume 1
Info    : Optimization starts (volume = 235.642) with worst = 0.00120437 / average = 0.680336:
Info    : 0.00 < quality < 0.10 :       237 elements
Info    : 0.10 < quality < 0.20 :       351 elements
Info    : 0.20 < quality < 0.30 :       653 elements
Info    : 0.30 < quality < 0.40 :       833 elements
Info    : 0.40 < quality < 0.50 :      1527 elements
Info    : 0.50 < quality < 0.60 :      3628 elements
Info    : 0.60 < quality < 0.70 :     11418 elements
Info    : 0.70 < quality < 0.80 :     19977 elements
Info    : 0.80 < quality < 0.90 :      1809 elements
Info    : 0.90 < quality < 1.00 :      1531 elements
Info    : 1190 edge swaps, 9 node relocations (volume = 235.642): worst = 0.0831642 / average = 0.696663 (Wall 0.0144119s, CPU 0.014412s)
Info    : 1242 edge swaps, 11 node relocations (volume = 235.642): worst = 0.162243 / average = 0.697216 (Wall 0.0177339s, CPU 0.017735s)
Info    : 1246 edge swaps, 11 node relocations (volume = 235.642): worst = 0.227028 / average = 0.69726 (Wall 0.0199643s, CPU 0.019967s)
Info    : No ill-shaped tets in the mesh :-)
Info    : 0.00 < quality < 0.10 :         0 elements
Info    : 0.10 < quality < 0.20 :         0 elements
Info    : 0.20 < quality < 0.30 :        10 elements
Info    : 0.30 < quality < 0.40 :       727 elements
Info    : 0.40 < quality < 0.50 :      1256 elements
Info    : 0.50 < quality < 0.60 :      3712 elements
Info    : 0.60 < quality < 0.70 :     11907 elements
Info    : 0.70 < quality < 0.80 :     19727 elements
Info    : 0.80 < quality < 0.90 :      1971 elements
Info    : 0.90 < quality < 1.00 :      1534 elements
Info    : Optimizing volume 2
Info    : Optimization starts (volume = 0.256422) with worst = 0.00650602 / average = 0.729926:
Info    : 0.00 < quality < 0.10 :         3 elements
Info    : 0.10 < quality < 0.20 :         2 elements
Info    : 0.20 < quality < 0.30 :         5 elements
Info    : 0.30 < quality < 0.40 :        13 elements
Info    : 0.40 < quality < 0.50 :        26 elements
Info    : 0.50 < quality < 0.60 :        26 elements
Info    : 0.60 < quality < 0.70 :        77 elements
Info    : 0.70 < quality < 0.80 :       182 elements
Info    : 0.80 < quality < 0.90 :       137 elements
Info    : 0.90 < quality < 1.00 :        35 elements
Info    : 10 edge swaps, 0 node relocations (volume = 0.256422): worst = 0.30484 / average = 0.744198 (Wall 0.000111851s, CPU 0.000112s)
Info    : No ill-shaped tets in the mesh :-)
Info    : 0.00 < quality < 0.10 :         0 elements
Info    : 0.10 < quality < 0.20 :         0 elements
Info    : 0.20 < quality < 0.30 :         0 elements
Info    : 0.30 < quality < 0.40 :        13 elements
Info    : 0.40 < quality < 0.50 :        23 elements
Info    : 0.50 < quality < 0.60 :        24 elements
Info    : 0.60 < quality < 0.70 :        77 elements
Info    : 0.70 < quality < 0.80 :       185 elements
Info    : 0.80 < quality < 0.90 :       139 elements
Info    : 0.90 < quality < 1.00 :        35 elements
Info    : Done optimizing mesh (Wall 0.0447264s, CPU 0.044725s)
Info    : 13566 nodes 67889 elements
Info    : Meshing order 2 (curvilinear on)...
Info    : [  0%] Meshing curve 1 order 2
Info    : [ 10%] Meshing curve 2 order 2
Info    : [ 20%] Meshing curve 3 order 2
Info    : [ 20%] Meshing curve 4 order 2
Info    : [ 30%] Meshing curve 5 order 2
Info    : [ 30%] Meshing curve 6 order 2
Info    : [ 40%] Meshing curve 7 order 2
Info    : [ 40%] Meshing curve 8 order 2
Info    : [ 50%] Meshing curve 9 order 2
Info    : [ 50%] Meshing curve 10 order 2
Info    : [ 60%] Meshing curve 11 order 2
Info    : [ 60%] Meshing curve 12 order 2
Info    : [ 70%] Meshing surface 1 order 2
Info    : [ 70%] Meshing surface 2 order 2
Info    : [ 80%] Meshing surface 3 order 2
Info    : [ 80%] Meshing surface 4 order 2
Info    : [ 90%] Meshing surface 5 order 2
Info    : [ 90%] Meshing surface 6 order 2
Info    : [100%] Meshing volume 1 order 2
Info    : [100%] Meshing volume 2 order 2
Info    : Surface mesh: worst distortion = 0.797589 (0 elements in ]0, 0.2]); worst gamma = 0.700109
Info    : Volume mesh: worst distortion = 0.256732 (0 elements in ]0, 0.2])
Info    : Done meshing order 2 (Wall 13.314s, CPU 13.3033s)
Info    : Writing '/home/user/mscr-mom/현서/scripts/contact_scenarios/fea/lmphi_mesh_LM50_phiN150_s60.inp'...
Info    : Done writing '/home/user/mscr-mom/현서/scripts/contact_scenarios/fea/lmphi_mesh_LM50_phiN150_s60.inp'
  [LM50_phiN150] F_mag=0.0006mN  (269.5s)
[LM50_phiN150 7/10] L_M=50.0, phi=-150.0, s=70.0mm, push_depth=0.1mm ...
Info    : Meshing 1D...
Info    : [  0%] Meshing curve 1 (BSpline)
Info    : [ 10%] Meshing curve 2 (Ellipse)
Info    : [ 20%] Meshing curve 3 (Ellipse)
Info    : [ 30%] Meshing curve 4 (BSpline)
Info    : [ 40%] Meshing curve 5 (BSpline)
Info    : [ 50%] Meshing curve 6 (BSpline)
Info    : [ 60%] Meshing curve 7 (BSpline)
Info    : [ 60%] Meshing curve 8 (BSpline)
Info    : [ 70%] Meshing curve 9 (BSpline)
Info    : [ 90%] Meshing curve 11 (Circle)
Info    : Done meshing 1D (Wall 0.0194414s, CPU 0.019437s)
Info    : Meshing 2D...
Info    : [  0%] Meshing surface 1 (Plane, Frontal-Delaunay)
Info    : [ 20%] Meshing surface 2 (Plane, Frontal-Delaunay)
Info    : [ 40%] Meshing surface 3 (BSpline surface, Frontal-Delaunay)
Info    : [ 60%] Meshing surface 4 (BSpline surface, Frontal-Delaunay)
Info    : [ 70%] Meshing surface 5 (Plane, Frontal-Delaunay)
Info    : [ 90%] Meshing surface 6 (Sphere, Frontal-Delaunay)
Info    : Done meshing 2D (Wall 0.756593s, CPU 0.756156s)
Info    : Meshing 3D...
Info    : 3D Meshing 2 volumes with 2 connected components
Info    : Tetrahedrizing 12525 nodes...
Info    : Done tetrahedrizing 12533 nodes (Wall 0.138881s, CPU 0.133873s)
Info    : Reconstructing mesh...
Info    :  - Creating surface mesh
Info    :  - Identifying boundary edges
Info    :  - Recovering boundary
Info    : Done reconstructing mesh (Wall 0.367785s, CPU 0.354719s)
Info    : Found volume 1
Info    : It. 0 - 0 nodes created - worst tet radius 1.04481 (nodes removed 0 0)
Info    : 3D refinement terminated (13165 nodes total):
Info    :  - 0 Delaunay cavities modified for star shapeness
Info    :  - 0 nodes could not be inserted
Info    :  - 41964 tetrahedra created in 0.0319106 sec. (1315047 tets/s)
Info    : 0 node relocations
Info    : Tetrahedrizing 130 nodes...
Info    : Done tetrahedrizing 138 nodes (Wall 0.000738441s, CPU 0.000739s)
Info    : Reconstructing mesh...
Info    :  - Creating surface mesh
Info    :  - Identifying boundary edges
Info    :  - Recovering boundary
Info    : Done reconstructing mesh (Wall 0.00172831s, CPU 0.001731s)
Info    : Found volume 2
Info    : It. 0 - 0 nodes created - worst tet radius 3.08842 (nodes removed 0 0)
Info    : 3D refinement terminated (12739 nodes total):
Info    :  - 0 Delaunay cavities modified for star shapeness
Info    :  - 0 nodes could not be inserted
Info    :  - 511 tetrahedra created in 0.0032456 sec. (157443 tets/s)
Info    : 0 node relocations
Info    : Done meshing 3D (Wall 0.66948s, CPU 0.656356s)
Info    : Optimizing mesh...
Info    : Optimizing volume 1
Info    : Optimization starts (volume = 235.642) with worst = 0.00120437 / average = 0.680336:
Info    : 0.00 < quality < 0.10 :       237 elements
Info    : 0.10 < quality < 0.20 :       351 elements
Info    : 0.20 < quality < 0.30 :       653 elements
Info    : 0.30 < quality < 0.40 :       833 elements
Info    : 0.40 < quality < 0.50 :      1527 elements
Info    : 0.50 < quality < 0.60 :      3628 elements
Info    : 0.60 < quality < 0.70 :     11418 elements
Info    : 0.70 < quality < 0.80 :     19977 elements
Info    : 0.80 < quality < 0.90 :      1809 elements
Info    : 0.90 < quality < 1.00 :      1531 elements
Info    : 1190 edge swaps, 9 node relocations (volume = 235.642): worst = 0.0831642 / average = 0.696663 (Wall 0.0131764s, CPU 0.013177s)
Info    : 1242 edge swaps, 11 node relocations (volume = 235.642): worst = 0.162243 / average = 0.697216 (Wall 0.0156883s, CPU 0.015691s)
Info    : 1246 edge swaps, 11 node relocations (volume = 235.642): worst = 0.227028 / average = 0.69726 (Wall 0.0175737s, CPU 0.017577s)
Info    : No ill-shaped tets in the mesh :-)
Info    : 0.00 < quality < 0.10 :         0 elements
Info    : 0.10 < quality < 0.20 :         0 elements
Info    : 0.20 < quality < 0.30 :        10 elements
Info    : 0.30 < quality < 0.40 :       727 elements
Info    : 0.40 < quality < 0.50 :      1256 elements
Info    : 0.50 < quality < 0.60 :      3712 elements
Info    : 0.60 < quality < 0.70 :     11907 elements
Info    : 0.70 < quality < 0.80 :     19727 elements
Info    : 0.80 < quality < 0.90 :      1971 elements
Info    : 0.90 < quality < 1.00 :      1534 elements
Info    : Optimizing volume 2
Info    : Optimization starts (volume = 0.256435) with worst = 0.0178542 / average = 0.759627:
Info    : 0.00 < quality < 0.10 :         2 elements
Info    : 0.10 < quality < 0.20 :         2 elements
Info    : 0.20 < quality < 0.30 :         5 elements
Info    : 0.30 < quality < 0.40 :         9 elements
Info    : 0.40 < quality < 0.50 :        14 elements
Info    : 0.50 < quality < 0.60 :        17 elements
Info    : 0.60 < quality < 0.70 :        54 elements
Info    : 0.70 < quality < 0.80 :       193 elements
Info    : 0.80 < quality < 0.90 :       165 elements
Info    : 0.90 < quality < 1.00 :        50 elements
Info    : 9 edge swaps, 0 node relocations (volume = 0.256435): worst = 0.320799 / average = 0.770086 (Wall 0.000123426s, CPU 0.000124s)
Info    : No ill-shaped tets in the mesh :-)
Info    : 0.00 < quality < 0.10 :         0 elements
Info    : 0.10 < quality < 0.20 :         0 elements
Info    : 0.20 < quality < 0.30 :         0 elements
Info    : 0.30 < quality < 0.40 :         8 elements
Info    : 0.40 < quality < 0.50 :        13 elements
Info    : 0.50 < quality < 0.60 :        17 elements
Info    : 0.60 < quality < 0.70 :        54 elements
Info    : 0.70 < quality < 0.80 :       196 elements
Info    : 0.80 < quality < 0.90 :       167 elements
Info    : 0.90 < quality < 1.00 :        48 elements
Info    : Done optimizing mesh (Wall 0.041207s, CPU 0.041207s)
Info    : 13568 nodes 67894 elements
Info    : Meshing order 2 (curvilinear on)...
Info    : [  0%] Meshing curve 1 order 2
Info    : [ 10%] Meshing curve 2 order 2
Info    : [ 20%] Meshing curve 3 order 2
Info    : [ 20%] Meshing curve 4 order 2
Info    : [ 30%] Meshing curve 5 order 2
Info    : [ 30%] Meshing curve 6 order 2
Info    : [ 40%] Meshing curve 7 order 2
Info    : [ 40%] Meshing curve 8 order 2
Info    : [ 50%] Meshing curve 9 order 2
Info    : [ 50%] Meshing curve 10 order 2
Info    : [ 60%] Meshing curve 11 order 2
Info    : [ 60%] Meshing curve 12 order 2
Info    : [ 70%] Meshing surface 1 order 2
Info    : [ 70%] Meshing surface 2 order 2
Info    : [ 80%] Meshing surface 3 order 2
Info    : [ 80%] Meshing surface 4 order 2
Info    : [ 90%] Meshing surface 5 order 2
Info    : [ 90%] Meshing surface 6 order 2
Info    : [100%] Meshing volume 1 order 2
Info    : [100%] Meshing volume 2 order 2
Info    : Surface mesh: worst distortion = 0.797589 (0 elements in ]0, 0.2]); worst gamma = 0.700109
Info    : Volume mesh: worst distortion = 0.256732 (0 elements in ]0, 0.2])
Info    : Done meshing order 2 (Wall 13.3973s, CPU 13.3929s)
Info    : Writing '/home/user/mscr-mom/현서/scripts/contact_scenarios/fea/lmphi_mesh_LM50_phiN150_s70.inp'...
Info    : Done writing '/home/user/mscr-mom/현서/scripts/contact_scenarios/fea/lmphi_mesh_LM50_phiN150_s70.inp'
  [LM50_phiN150] [실패] (634.4s)
[LM50_phiN150 8/10] L_M=50.0, phi=-150.0, s=80.0mm, push_depth=0.1mm ...
Info    : Meshing 1D...
Info    : [  0%] Meshing curve 1 (BSpline)
Info    : [ 10%] Meshing curve 2 (Ellipse)
Info    : [ 20%] Meshing curve 3 (Ellipse)
Info    : [ 30%] Meshing curve 4 (BSpline)
Info    : [ 40%] Meshing curve 5 (BSpline)
Info    : [ 50%] Meshing curve 6 (BSpline)
Info    : [ 60%] Meshing curve 7 (BSpline)
Info    : [ 60%] Meshing curve 8 (BSpline)
Info    : [ 70%] Meshing curve 9 (BSpline)
Info    : [ 90%] Meshing curve 11 (Circle)
Info    : Done meshing 1D (Wall 0.0200084s, CPU 0.020001s)
Info    : Meshing 2D...
Info    : [  0%] Meshing surface 1 (Plane, Frontal-Delaunay)
Info    : [ 20%] Meshing surface 2 (Plane, Frontal-Delaunay)
Info    : [ 40%] Meshing surface 3 (BSpline surface, Frontal-Delaunay)
Info    : [ 60%] Meshing surface 4 (BSpline surface, Frontal-Delaunay)
Info    : [ 70%] Meshing surface 5 (Plane, Frontal-Delaunay)
Info    : [ 90%] Meshing surface 6 (Sphere, Frontal-Delaunay)
Info    : Done meshing 2D (Wall 0.738551s, CPU 0.737902s)
Info    : Meshing 3D...
Info    : 3D Meshing 2 volumes with 2 connected components
Info    : Tetrahedrizing 12525 nodes...
Info    : Done tetrahedrizing 12533 nodes (Wall 0.145887s, CPU 0.139873s)
Info    : Reconstructing mesh...
Info    :  - Creating surface mesh
Info    :  - Identifying boundary edges
Info    :  - Recovering boundary
Info    : Done reconstructing mesh (Wall 0.356159s, CPU 0.339161s)
Info    : Found volume 1
Info    : It. 0 - 0 nodes created - worst tet radius 1.04481 (nodes removed 0 0)
Info    : 3D refinement terminated (13166 nodes total):
Info    :  - 0 Delaunay cavities modified for star shapeness
Info    :  - 0 nodes could not be inserted
Info    :  - 41964 tetrahedra created in 0.0325884 sec. (1287695 tets/s)
Info    : 0 node relocations
Info    : Tetrahedrizing 131 nodes...
Info    : Done tetrahedrizing 139 nodes (Wall 0.000807006s, CPU 0.000807s)
Info    : Reconstructing mesh...
Info    :  - Creating surface mesh
Info    :  - Identifying boundary edges
Info    :  - Recovering boundary
Info    : Done reconstructing mesh (Wall 0.00193238s, CPU 0.001935s)
Info    : Found volume 2
Info    : It. 0 - 0 nodes created - worst tet radius 3.1274 (nodes removed 0 0)
Info    : 3D refinement terminated (12737 nodes total):
Info    :  - 0 Delaunay cavities modified for star shapeness
Info    :  - 0 nodes could not be inserted
Info    :  - 506 tetrahedra created in 0.00374395 sec. (135151 tets/s)
Info    : 0 node relocations
Info    : Done meshing 3D (Wall 0.667305s, CPU 0.649954s)
Info    : Optimizing mesh...
Info    : Optimizing volume 1
Info    : Optimization starts (volume = 235.642) with worst = 0.00120437 / average = 0.680336:
Info    : 0.00 < quality < 0.10 :       237 elements
Info    : 0.10 < quality < 0.20 :       351 elements
Info    : 0.20 < quality < 0.30 :       653 elements
Info    : 0.30 < quality < 0.40 :       833 elements
Info    : 0.40 < quality < 0.50 :      1527 elements
Info    : 0.50 < quality < 0.60 :      3628 elements
Info    : 0.60 < quality < 0.70 :     11418 elements
Info    : 0.70 < quality < 0.80 :     19977 elements
Info    : 0.80 < quality < 0.90 :      1809 elements
Info    : 0.90 < quality < 1.00 :      1531 elements
Info    : 1190 edge swaps, 9 node relocations (volume = 235.642): worst = 0.0831642 / average = 0.696663 (Wall 0.0134789s, CPU 0.013477s)
Info    : 1242 edge swaps, 11 node relocations (volume = 235.642): worst = 0.162243 / average = 0.697216 (Wall 0.0162594s, CPU 0.016261s)
Info    : 1246 edge swaps, 11 node relocations (volume = 235.642): worst = 0.227028 / average = 0.69726 (Wall 0.0182487s, CPU 0.018251s)
Info    : No ill-shaped tets in the mesh :-)
Info    : 0.00 < quality < 0.10 :         0 elements
Info    : 0.10 < quality < 0.20 :         0 elements
Info    : 0.20 < quality < 0.30 :        10 elements
Info    : 0.30 < quality < 0.40 :       727 elements
Info    : 0.40 < quality < 0.50 :      1256 elements
Info    : 0.50 < quality < 0.60 :      3712 elements
Info    : 0.60 < quality < 0.70 :     11907 elements
Info    : 0.70 < quality < 0.80 :     19727 elements
Info    : 0.80 < quality < 0.90 :      1971 elements
Info    : 0.90 < quality < 1.00 :      1534 elements
Info    : Optimizing volume 2
Info    : Optimization starts (volume = 0.256422) with worst = 0.00650602 / average = 0.729926:
Info    : 0.00 < quality < 0.10 :         3 elements
Info    : 0.10 < quality < 0.20 :         2 elements
Info    : 0.20 < quality < 0.30 :         5 elements
Info    : 0.30 < quality < 0.40 :        13 elements
Info    : 0.40 < quality < 0.50 :        26 elements
Info    : 0.50 < quality < 0.60 :        26 elements
Info    : 0.60 < quality < 0.70 :        77 elements
Info    : 0.70 < quality < 0.80 :       182 elements
Info    : 0.80 < quality < 0.90 :       137 elements
Info    : 0.90 < quality < 1.00 :        35 elements
Info    : 10 edge swaps, 0 node relocations (volume = 0.256422): worst = 0.30484 / average = 0.744198 (Wall 0.000120933s, CPU 0.000122s)
Info    : No ill-shaped tets in the mesh :-)
Info    : 0.00 < quality < 0.10 :         0 elements
Info    : 0.10 < quality < 0.20 :         0 elements
Info    : 0.20 < quality < 0.30 :         0 elements
Info    : 0.30 < quality < 0.40 :        13 elements
Info    : 0.40 < quality < 0.50 :        23 elements
Info    : 0.50 < quality < 0.60 :        24 elements
Info    : 0.60 < quality < 0.70 :        77 elements
Info    : 0.70 < quality < 0.80 :       185 elements
Info    : 0.80 < quality < 0.90 :       139 elements
Info    : 0.90 < quality < 1.00 :        35 elements
Info    : Done optimizing mesh (Wall 0.0424455s, CPU 0.042446s)
Info    : 13566 nodes 67889 elements
Info    : Meshing order 2 (curvilinear on)...
Info    : [  0%] Meshing curve 1 order 2
Info    : [ 10%] Meshing curve 2 order 2
Info    : [ 20%] Meshing curve 3 order 2
Info    : [ 20%] Meshing curve 4 order 2
Info    : [ 30%] Meshing curve 5 order 2
Info    : [ 30%] Meshing curve 6 order 2
Info    : [ 40%] Meshing curve 7 order 2
Info    : [ 40%] Meshing curve 8 order 2
Info    : [ 50%] Meshing curve 9 order 2
Info    : [ 50%] Meshing curve 10 order 2
Info    : [ 60%] Meshing curve 11 order 2
Info    : [ 60%] Meshing curve 12 order 2
Info    : [ 70%] Meshing surface 1 order 2
Info    : [ 70%] Meshing surface 2 order 2
Info    : [ 80%] Meshing surface 3 order 2
Info    : [ 80%] Meshing surface 4 order 2
Info    : [ 90%] Meshing surface 5 order 2
Info    : [ 90%] Meshing surface 6 order 2
Info    : [100%] Meshing volume 1 order 2
Info    : [100%] Meshing volume 2 order 2
Info    : Surface mesh: worst distortion = 0.797589 (0 elements in ]0, 0.2]); worst gamma = 0.700109
Info    : Volume mesh: worst distortion = 0.256732 (0 elements in ]0, 0.2])
Info    : Done meshing order 2 (Wall 13.3957s, CPU 13.3826s)
Info    : Writing '/home/user/mscr-mom/현서/scripts/contact_scenarios/fea/lmphi_mesh_LM50_phiN150_s80.inp'...
Info    : Done writing '/home/user/mscr-mom/현서/scripts/contact_scenarios/fea/lmphi_mesh_LM50_phiN150_s80.inp'
  [LM50_phiN150] 실패: Command '['ccx', 'lmphisweep_LM50_phiN150_08']' timed out after 1800 seconds
  [LM50_phiN150] [실패] (1815.4s)
[LM50_phiN150 9/10] L_M=50.0, phi=-150.0, s=90.0mm, push_depth=0.1mm ...
Info    : Meshing 1D...
Info    : [  0%] Meshing curve 1 (BSpline)
Info    : [ 10%] Meshing curve 2 (Ellipse)
Info    : [ 20%] Meshing curve 3 (Ellipse)
Info    : [ 30%] Meshing curve 4 (BSpline)
Info    : [ 40%] Meshing curve 5 (BSpline)
Info    : [ 50%] Meshing curve 6 (BSpline)
Info    : [ 60%] Meshing curve 7 (BSpline)
Info    : [ 60%] Meshing curve 8 (BSpline)
Info    : [ 70%] Meshing curve 9 (BSpline)
Info    : [ 90%] Meshing curve 11 (Circle)
Info    : Done meshing 1D (Wall 0.0197901s, CPU 0.019732s)
Info    : Meshing 2D...
Info    : [  0%] Meshing surface 1 (Plane, Frontal-Delaunay)
Info    : [ 20%] Meshing surface 2 (Plane, Frontal-Delaunay)
Info    : [ 40%] Meshing surface 3 (BSpline surface, Frontal-Delaunay)
Info    : [ 60%] Meshing surface 4 (BSpline surface, Frontal-Delaunay)
Info    : [ 70%] Meshing surface 5 (Plane, Frontal-Delaunay)
Info    : [ 90%] Meshing surface 6 (Sphere, Frontal-Delaunay)
Info    : Done meshing 2D (Wall 0.728618s, CPU 0.72829s)
Info    : Meshing 3D...
Info    : 3D Meshing 2 volumes with 2 connected components
Info    : Tetrahedrizing 12525 nodes...
Info    : Done tetrahedrizing 12533 nodes (Wall 0.139762s, CPU 0.130761s)
Info    : Reconstructing mesh...
Info    :  - Creating surface mesh
Info    :  - Identifying boundary edges
Info    :  - Recovering boundary
Info    : Done reconstructing mesh (Wall 0.368513s, CPU 0.352496s)
Info    : Found volume 1
Info    : It. 0 - 0 nodes created - worst tet radius 1.04481 (nodes removed 0 0)
Info    : 3D refinement terminated (13166 nodes total):
Info    :  - 0 Delaunay cavities modified for star shapeness
Info    :  - 0 nodes could not be inserted
Info    :  - 41964 tetrahedra created in 0.0212811 sec. (1971890 tets/s)
Info    : 0 node relocations
Info    : Tetrahedrizing 131 nodes...
Info    : Done tetrahedrizing 139 nodes (Wall 0.000856249s, CPU 0.000856s)
Info    : Reconstructing mesh...
Info    :  - Creating surface mesh
Info    :  - Identifying boundary edges
Info    :  - Recovering boundary
Info    : Done reconstructing mesh (Wall 0.0019852s, CPU 0.001888s)
Info    : Found volume 2
Info    : It. 0 - 0 nodes created - worst tet radius 3.14107 (nodes removed 0 0)
Info    : 3D refinement terminated (12734 nodes total):
Info    :  - 0 Delaunay cavities modified for star shapeness
Info    :  - 0 nodes could not be inserted
Info    :  - 473 tetrahedra created in 0.00239666 sec. (197357 tets/s)
Info    : 0 node relocations
Info    : Done meshing 3D (Wall 0.657367s, CPU 0.639971s)
Info    : Optimizing mesh...
Info    : Optimizing volume 1
Info    : Optimization starts (volume = 235.642) with worst = 0.00120437 / average = 0.680336:
Info    : 0.00 < quality < 0.10 :       237 elements
Info    : 0.10 < quality < 0.20 :       351 elements
Info    : 0.20 < quality < 0.30 :       653 elements
Info    : 0.30 < quality < 0.40 :       833 elements
Info    : 0.40 < quality < 0.50 :      1527 elements
Info    : 0.50 < quality < 0.60 :      3628 elements
Info    : 0.60 < quality < 0.70 :     11418 elements
Info    : 0.70 < quality < 0.80 :     19977 elements
Info    : 0.80 < quality < 0.90 :      1809 elements
Info    : 0.90 < quality < 1.00 :      1531 elements
Info    : 1190 edge swaps, 9 node relocations (volume = 235.642): worst = 0.0831642 / average = 0.696663 (Wall 0.0241948s, CPU 0.024195s)
Info    : 1242 edge swaps, 11 node relocations (volume = 235.642): worst = 0.162243 / average = 0.697216 (Wall 0.0296391s, CPU 0.02964s)
Info    : 1246 edge swaps, 11 node relocations (volume = 235.642): worst = 0.227028 / average = 0.69726 (Wall 0.0330207s, CPU 0.033022s)
Info    : No ill-shaped tets in the mesh :-)
Info    : 0.00 < quality < 0.10 :         0 elements
Info    : 0.10 < quality < 0.20 :         0 elements
Info    : 0.20 < quality < 0.30 :        10 elements
Info    : 0.30 < quality < 0.40 :       727 elements
Info    : 0.40 < quality < 0.50 :      1256 elements
Info    : 0.50 < quality < 0.60 :      3712 elements
Info    : 0.60 < quality < 0.70 :     11907 elements
Info    : 0.70 < quality < 0.80 :     19727 elements
Info    : 0.80 < quality < 0.90 :      1971 elements
Info    : 0.90 < quality < 1.00 :      1534 elements
Info    : Optimizing volume 2
Info    : Optimization starts (volume = 0.25645) with worst = 0.0557115 / average = 0.742857:
Info    : 0.00 < quality < 0.10 :         1 elements
Info    : 0.10 < quality < 0.20 :         4 elements
Info    : 0.20 < quality < 0.30 :         3 elements
Info    : 0.30 < quality < 0.40 :        11 elements
Info    : 0.40 < quality < 0.50 :        10 elements
Info    : 0.50 < quality < 0.60 :        20 elements
Info    : 0.60 < quality < 0.70 :        79 elements
Info    : 0.70 < quality < 0.80 :       188 elements
Info    : 0.80 < quality < 0.90 :       115 elements
Info    : 0.90 < quality < 1.00 :        42 elements
Info    : 8 edge swaps, 0 node relocations (volume = 0.25645): worst = 0.318497 / average = 0.754617 (Wall 0.000119242s, CPU 0.000122s)
Info    : No ill-shaped tets in the mesh :-)
Info    : 0.00 < quality < 0.10 :         0 elements
Info    : 0.10 < quality < 0.20 :         0 elements
Info    : 0.20 < quality < 0.30 :         0 elements
Info    : 0.30 < quality < 0.40 :        11 elements
Info    : 0.40 < quality < 0.50 :         9 elements
Info    : 0.50 < quality < 0.60 :        16 elements
Info    : 0.60 < quality < 0.70 :        80 elements
Info    : 0.70 < quality < 0.80 :       191 elements
Info    : 0.80 < quality < 0.90 :       116 elements
Info    : 0.90 < quality < 1.00 :        42 elements
Info    : Done optimizing mesh (Wall 0.0627154s, CPU 0.062712s)
Info    : 13563 nodes 67858 elements
Info    : Meshing order 2 (curvilinear on)...
Info    : [  0%] Meshing curve 1 order 2
Info    : [ 10%] Meshing curve 2 order 2
Info    : [ 20%] Meshing curve 3 order 2
Info    : [ 20%] Meshing curve 4 order 2
Info    : [ 30%] Meshing curve 5 order 2
Info    : [ 30%] Meshing curve 6 order 2
Info    : [ 40%] Meshing curve 7 order 2
Info    : [ 40%] Meshing curve 8 order 2
Info    : [ 50%] Meshing curve 9 order 2
Info    : [ 50%] Meshing curve 10 order 2
Info    : [ 60%] Meshing curve 11 order 2
Info    : [ 60%] Meshing curve 12 order 2
Info    : [ 70%] Meshing surface 1 order 2
Info    : [ 70%] Meshing surface 2 order 2
Info    : [ 80%] Meshing surface 3 order 2
Info    : [ 80%] Meshing surface 4 order 2
Info    : [ 90%] Meshing surface 5 order 2
Info    : [ 90%] Meshing surface 6 order 2
Info    : [100%] Meshing volume 1 order 2
Info    : [100%] Meshing volume 2 order 2
Info    : Surface mesh: worst distortion = 0.797589 (0 elements in ]0, 0.2]); worst gamma = 0.700109
Info    : Volume mesh: worst distortion = 0.256732 (0 elements in ]0, 0.2])
Info    : Done meshing order 2 (Wall 13.4637s, CPU 13.4597s)
Info    : Writing '/home/user/mscr-mom/현서/scripts/contact_scenarios/fea/lmphi_mesh_LM50_phiN150_s90.inp'...
Info    : Done writing '/home/user/mscr-mom/현서/scripts/contact_scenarios/fea/lmphi_mesh_LM50_phiN150_s90.inp'
  [LM50_phiN150] [실패] (660.9s)
[LM50_phiN150 10/10] L_M=50.0, phi=-150.0, s=100.0mm, push_depth=0.1mm ...
Info    : Meshing 1D...
Info    : [  0%] Meshing curve 1 (BSpline)
Info    : [ 10%] Meshing curve 2 (Ellipse)
Info    : [ 20%] Meshing curve 3 (Ellipse)
Info    : [ 30%] Meshing curve 4 (BSpline)
Info    : [ 40%] Meshing curve 5 (BSpline)
Info    : [ 50%] Meshing curve 6 (BSpline)
Info    : [ 60%] Meshing curve 7 (BSpline)
Info    : [ 60%] Meshing curve 8 (BSpline)
Info    : [ 70%] Meshing curve 9 (BSpline)
Info    : [ 90%] Meshing curve 11 (Circle)
Info    : Done meshing 1D (Wall 0.0195319s, CPU 0.019484s)
Info    : Meshing 2D...
Info    : [  0%] Meshing surface 1 (Plane, Frontal-Delaunay)
Info    : [ 20%] Meshing surface 2 (Plane, Frontal-Delaunay)
Info    : [ 40%] Meshing surface 3 (BSpline surface, Frontal-Delaunay)
Info    : [ 60%] Meshing surface 4 (BSpline surface, Frontal-Delaunay)
Info    : [ 70%] Meshing surface 5 (Plane, Frontal-Delaunay)
Info    : [ 90%] Meshing surface 6 (Sphere, Frontal-Delaunay)
Info    : Done meshing 2D (Wall 0.749004s, CPU 0.747948s)
Info    : Meshing 3D...
Info    : 3D Meshing 2 volumes with 2 connected components
Info    : Tetrahedrizing 12525 nodes...
Info    : Done tetrahedrizing 12533 nodes (Wall 0.13721s, CPU 0.131207s)
Info    : Reconstructing mesh...
Info    :  - Creating surface mesh
Info    :  - Identifying boundary edges
Info    :  - Recovering boundary
Info    : Done reconstructing mesh (Wall 0.344104s, CPU 0.330092s)
Info    : Found volume 1
Info    : It. 0 - 0 nodes created - worst tet radius 1.04481 (nodes removed 0 0)
Info    : 3D refinement terminated (13163 nodes total):
Info    :  - 0 Delaunay cavities modified for star shapeness
Info    :  - 0 nodes could not be inserted
Info    :  - 41964 tetrahedra created in 0.0230857 sec. (1817748 tets/s)
Info    : 0 node relocations
Info    : Tetrahedrizing 128 nodes...
Info    : Done tetrahedrizing 136 nodes (Wall 0.000702472s, CPU 0.000703s)
Info    : Reconstructing mesh...
Info    :  - Creating surface mesh
Info    :  - Identifying boundary edges
Info    :  - Recovering boundary
Info    : Done reconstructing mesh (Wall 0.00157498s, CPU 0.001571s)
Info    : Found volume 2
Info    : It. 0 - 0 nodes created - worst tet radius 3.0848 (nodes removed 0 0)
Info    : 3D refinement terminated (12733 nodes total):
Info    :  - 1 Delaunay cavities modified for star shapeness
Info    :  - 1 nodes could not be inserted
Info    :  - 469 tetrahedra created in 0.00219162 sec. (213997 tets/s)
Info    : 1 node relocations
Info    : Done meshing 3D (Wall 0.619814s, CPU 0.60579s)
Info    : Optimizing mesh...
Info    : Optimizing volume 1
Info    : Optimization starts (volume = 235.642) with worst = 0.00120437 / average = 0.680336:
Info    : 0.00 < quality < 0.10 :       237 elements
Info    : 0.10 < quality < 0.20 :       351 elements
Info    : 0.20 < quality < 0.30 :       653 elements
Info    : 0.30 < quality < 0.40 :       833 elements
Info    : 0.40 < quality < 0.50 :      1527 elements
Info    : 0.50 < quality < 0.60 :      3628 elements
Info    : 0.60 < quality < 0.70 :     11418 elements
Info    : 0.70 < quality < 0.80 :     19977 elements
Info    : 0.80 < quality < 0.90 :      1809 elements
Info    : 0.90 < quality < 1.00 :      1531 elements
Info    : 1190 edge swaps, 9 node relocations (volume = 235.642): worst = 0.0831642 / average = 0.696663 (Wall 0.0111853s, CPU 0.011186s)
Info    : 1242 edge swaps, 11 node relocations (volume = 235.642): worst = 0.162243 / average = 0.697216 (Wall 0.013559s, CPU 0.01356s)
Info    : 1246 edge swaps, 11 node relocations (volume = 235.642): worst = 0.227028 / average = 0.69726 (Wall 0.0154305s, CPU 0.015432s)
Info    : No ill-shaped tets in the mesh :-)
Info    : 0.00 < quality < 0.10 :         0 elements
Info    : 0.10 < quality < 0.20 :         0 elements
Info    : 0.20 < quality < 0.30 :        10 elements
Info    : 0.30 < quality < 0.40 :       727 elements
Info    : 0.40 < quality < 0.50 :      1256 elements
Info    : 0.50 < quality < 0.60 :      3712 elements
Info    : 0.60 < quality < 0.70 :     11907 elements
Info    : 0.70 < quality < 0.80 :     19727 elements
Info    : 0.80 < quality < 0.90 :      1971 elements
Info    : 0.90 < quality < 1.00 :      1534 elements
Info    : Optimizing volume 2
Info    : Optimization starts (volume = 0.256169) with worst = 0.041137 / average = 0.76611:
Info    : 0.00 < quality < 0.10 :         1 elements
Info    : 0.10 < quality < 0.20 :         0 elements
Info    : 0.20 < quality < 0.30 :         1 elements
Info    : 0.30 < quality < 0.40 :        10 elements
Info    : 0.40 < quality < 0.50 :         7 elements
Info    : 0.50 < quality < 0.60 :        21 elements
Info    : 0.60 < quality < 0.70 :        61 elements
Info    : 0.70 < quality < 0.80 :       194 elements
Info    : 0.80 < quality < 0.90 :       117 elements
Info    : 0.90 < quality < 1.00 :        57 elements
Info    : 2 edge swaps, 1 node relocations (volume = 0.256169): worst = 0.227503 / average = 0.768937 (Wall 8.75629e-05s, CPU 8.8e-05s)
Info    : 4 edge swaps, 1 node relocations (volume = 0.256169): worst = 0.227503 / average = 0.770351 (Wall 0.000146353s, CPU 0.000147s)
Info    : No ill-shaped tets in the mesh :-)
Info    : 0.00 < quality < 0.10 :         0 elements
Info    : 0.10 < quality < 0.20 :         0 elements
Info    : 0.20 < quality < 0.30 :         1 elements
Info    : 0.30 < quality < 0.40 :         7 elements
Info    : 0.40 < quality < 0.50 :         7 elements
Info    : 0.50 < quality < 0.60 :        19 elements
Info    : 0.60 < quality < 0.70 :        60 elements
Info    : 0.70 < quality < 0.80 :       189 elements
Info    : 0.80 < quality < 0.90 :       122 elements
Info    : 0.90 < quality < 1.00 :        56 elements
Info    : Done optimizing mesh (Wall 0.0386143s, CPU 0.038613s)
Info    : 13562 nodes 67853 elements
Info    : Meshing order 2 (curvilinear on)...
Info    : [  0%] Meshing curve 1 order 2
Info    : [ 10%] Meshing curve 2 order 2
Info    : [ 20%] Meshing curve 3 order 2
Info    : [ 20%] Meshing curve 4 order 2
Info    : [ 30%] Meshing curve 5 order 2
Info    : [ 30%] Meshing curve 6 order 2
Info    : [ 40%] Meshing curve 7 order 2
Info    : [ 40%] Meshing curve 8 order 2
Info    : [ 50%] Meshing curve 9 order 2
Info    : [ 50%] Meshing curve 10 order 2
Info    : [ 60%] Meshing curve 11 order 2
Info    : [ 60%] Meshing curve 12 order 2
Info    : [ 70%] Meshing surface 1 order 2
Info    : [ 70%] Meshing surface 2 order 2
Info    : [ 80%] Meshing surface 3 order 2
Info    : [ 80%] Meshing surface 4 order 2
Info    : [ 90%] Meshing surface 5 order 2
Info    : [ 90%] Meshing surface 6 order 2
Info    : [100%] Meshing volume 1 order 2
Info    : [100%] Meshing volume 2 order 2
Info    : Surface mesh: worst distortion = 0.797589 (0 elements in ]0, 0.2]); worst gamma = 0.176434
Info    : Volume mesh: worst distortion = 0.256732 (0 elements in ]0, 0.2])
Info    : Done meshing order 2 (Wall 13.2103s, CPU 13.2063s)
Info    : Writing '/home/user/mscr-mom/현서/scripts/contact_scenarios/fea/lmphi_mesh_LM50_phiN150_s100.inp'...
Info    : Done writing '/home/user/mscr-mom/현서/scripts/contact_scenarios/fea/lmphi_mesh_LM50_phiN150_s100.inp'
  [LM50_phiN150] [실패] (1006.3s)
[LM50_phiN150] 완료: 4/10 성공
