[LM50_phi00_b0 1/10] L_M=50.0, phi=0.0, beta=0.0, s=10.0mm, push_depth=0.1mm (wire) ...
Info    : Meshing 1D...
Info    : [  0%] Meshing curve 1 (BSpline)
Info    : [ 10%] Meshing curve 2 (Ellipse)
Info    : [ 20%] Meshing curve 3 (Ellipse)
Info    : [ 30%] Meshing curve 4 (BSpline)
Info    : [ 40%] Meshing curve 5 (BSpline)
Info    : [ 40%] Meshing curve 6 (BSpline)
Info    : [ 50%] Meshing curve 7 (BSpline)
Info    : [ 60%] Meshing curve 8 (BSpline)
Info    : [ 70%] Meshing curve 9 (BSpline)
Info    : [ 70%] Meshing curve 10 (BSpline)
Info    : [ 90%] Meshing curve 12 (Circle)
Info    : Done meshing 1D (Wall 0.00993492s, CPU 0.008904s)
Info    : Meshing 2D...
Info    : [  0%] Meshing surface 1 (Plane, Frontal-Delaunay)
Info    : [ 20%] Meshing surface 2 (Plane, Frontal-Delaunay)
Info    : [ 40%] Meshing surface 3 (BSpline surface, Frontal-Delaunay)
Info    : [ 60%] Meshing surface 4 (BSpline surface, Frontal-Delaunay)
Info    : [ 70%] Meshing surface 5 (Plane, Frontal-Delaunay)
Info    : [ 90%] Meshing surface 6 (Sphere, Frontal-Delaunay)
Info    : Done meshing 2D (Wall 0.497926s, CPU 0.487912s)
Info    : Meshing 3D...
Info    : 3D Meshing 2 volumes with 2 connected components
Info    : Tetrahedrizing 12298 nodes...
Info    : Done tetrahedrizing 12306 nodes (Wall 0.166561s, CPU 0.161514s)
Info    : Reconstructing mesh...
Info    :  - Creating surface mesh
Info    :  - Identifying boundary edges
Info    :  - Recovering boundary
Info    : Done reconstructing mesh (Wall 0.397586s, CPU 0.371568s)
Info    : Found volume 1
Info    : It. 0 - 0 nodes created - worst tet radius 1.05159 (nodes removed 0 0)
Info    : It. 500 - 500 nodes created - worst tet radius 1.00667 (nodes removed 0 0)
Info    : It. 1000 - 1000 nodes created - worst tet radius 1.00632 (nodes removed 0 0)
Info    : 3D refinement terminated (13622 nodes total):
Info    :  - 0 Delaunay cavities modified for star shapeness
Info    :  - 0 nodes could not be inserted
Info    :  - 46136 tetrahedra created in 0.0628547 sec. (734009 tets/s)
Info    : 0 node relocations
Info    : Tetrahedrizing 132 nodes...
Info    : Done tetrahedrizing 140 nodes (Wall 0.000791008s, CPU 0.000794s)
Info    : Reconstructing mesh...
Info    :  - Creating surface mesh
Info    :  - Identifying boundary edges
Info    :  - Recovering boundary
Info    : Done reconstructing mesh (Wall 0.00256622s, CPU 0.00256s)
Info    : Found volume 2
Info    : It. 0 - 0 nodes created - worst tet radius 3.18126 (nodes removed 0 0)
Info    : 3D refinement terminated (12517 nodes total):
Info    :  - 0 Delaunay cavities modified for star shapeness
Info    :  - 0 nodes could not be inserted
Info    :  - 550 tetrahedra created in 0.0116414 sec. (47245 tets/s)
Info    : 0 node relocations
Info    : Done meshing 3D (Wall 0.788188s, CPU 0.761123s)
Info    : Optimizing mesh...
Info    : Optimizing volume 1
Info    : Optimization starts (volume = 235.488) with worst = 0.000186131 / average = 0.692841:
Info    : 0.00 < quality < 0.10 :       350 elements
Info    : 0.10 < quality < 0.20 :       203 elements
Info    : 0.20 < quality < 0.30 :       927 elements
Info    : 0.30 < quality < 0.40 :      1225 elements
Info    : 0.40 < quality < 0.50 :      1804 elements
Info    : 0.50 < quality < 0.60 :      3214 elements
Info    : 0.60 < quality < 0.70 :     12833 elements
Info    : 0.70 < quality < 0.80 :     17096 elements
Info    : 0.80 < quality < 0.90 :      4606 elements
Info    : 0.90 < quality < 1.00 :      3878 elements
Info    : 1427 edge swaps, 27 node relocations (volume = 235.488): worst = 0.129869 / average = 0.711326 (Wall 0.0183737s, CPU 0.018368s)
Info    : 1465 edge swaps, 29 node relocations (volume = 235.488): worst = 0.190975 / average = 0.711802 (Wall 0.0217374s, CPU 0.021734s)
Info    : 1469 edge swaps, 29 node relocations (volume = 235.488): worst = 0.211743 / average = 0.711844 (Wall 0.0245976s, CPU 0.024595s)
Info    : 1470 edge swaps, 29 node relocations (volume = 235.488): worst = 0.239676 / average = 0.711859 (Wall 0.0272559s, CPU 0.027254s)
Info    : No ill-shaped tets in the mesh :-)
Info    : 0.00 < quality < 0.10 :         0 elements
Info    : 0.10 < quality < 0.20 :         0 elements
Info    : 0.20 < quality < 0.30 :         5 elements
Info    : 0.30 < quality < 0.40 :      1030 elements
Info    : 0.40 < quality < 0.50 :      1415 elements
Info    : 0.50 < quality < 0.60 :      3722 elements
Info    : 0.60 < quality < 0.70 :     13057 elements
Info    : 0.70 < quality < 0.80 :     16516 elements
Info    : 0.80 < quality < 0.90 :      5104 elements
Info    : 0.90 < quality < 1.00 :      3881 elements
Info    : Optimizing volume 2
Info    : Optimization starts (volume = 0.256468) with worst = 0.030997 / average = 0.741695:
Info    : 0.00 < quality < 0.10 :         1 elements
Info    : 0.10 < quality < 0.20 :         5 elements
Info    : 0.20 < quality < 0.30 :        10 elements
Info    : 0.30 < quality < 0.40 :        16 elements
Info    : 0.40 < quality < 0.50 :        18 elements
Info    : 0.50 < quality < 0.60 :        26 elements
Info    : 0.60 < quality < 0.70 :        71 elements
Info    : 0.70 < quality < 0.80 :       179 elements
Info    : 0.80 < quality < 0.90 :       162 elements
Info    : 0.90 < quality < 1.00 :        62 elements
Info    : 16 edge swaps, 1 node relocations (volume = 0.256468): worst = 0.275941 / average = 0.760906 (Wall 0.000177601s, CPU 0.000179s)
Info    : 17 edge swaps, 1 node relocations (volume = 0.256468): worst = 0.300101 / average = 0.762128 (Wall 0.000224223s, CPU 0.000226s)
Info    : No ill-shaped tets in the mesh :-)
Info    : 0.00 < quality < 0.10 :         0 elements
Info    : 0.10 < quality < 0.20 :         0 elements
Info    : 0.20 < quality < 0.30 :         0 elements
Info    : 0.30 < quality < 0.40 :        15 elements
Info    : 0.40 < quality < 0.50 :        14 elements
Info    : 0.50 < quality < 0.60 :        25 elements
Info    : 0.60 < quality < 0.70 :        70 elements
Info    : 0.70 < quality < 0.80 :       184 elements
Info    : 0.80 < quality < 0.90 :       162 elements
Info    : 0.90 < quality < 1.00 :        64 elements
Info    : Done optimizing mesh (Wall 0.0719838s, CPU 0.071979s)
Info    : 14200 nodes 71524 elements
Info    : Meshing order 2 (curvilinear on)...
Info    : [  0%] Meshing curve 1 order 2
Info    : [ 10%] Meshing curve 2 order 2
Info    : [ 10%] Meshing curve 3 order 2
Info    : [ 20%] Meshing curve 4 order 2
Info    : [ 20%] Meshing curve 5 order 2
Info    : [ 30%] Meshing curve 6 order 2
Info    : [ 30%] Meshing curve 7 order 2
Info    : [ 40%] Meshing curve 8 order 2
Info    : [ 40%] Meshing curve 9 order 2
Info    : [ 50%] Meshing curve 10 order 2
Info    : [ 50%] Meshing curve 11 order 2
Info    : [ 60%] Meshing curve 12 order 2
Info    : [ 60%] Meshing curve 13 order 2
Info    : [ 70%] Meshing surface 1 order 2
Info    : [ 70%] Meshing surface 2 order 2
Info    : [ 80%] Meshing surface 3 order 2
Info    : [ 80%] Meshing surface 4 order 2
Info    : [ 90%] Meshing surface 5 order 2
Info    : [ 90%] Meshing surface 6 order 2
Info    : [100%] Meshing volume 1 order 2
Info    : [100%] Meshing volume 2 order 2
Info    : Surface mesh: worst distortion = 0.797589 (0 elements in ]0, 0.2]); worst gamma = 0.499267
Info    : Volume mesh: worst distortion = 0.243307 (0 elements in ]0, 0.2])
Info    : Done meshing order 2 (Wall 2.43249s, CPU 2.43202s)
Info    : Writing '/home/user/mscr-mom/현서/scripts/contact_scenarios/fea/matv2wire_mesh_LM50_phi00_b0_s10.inp'...
Info    : Done writing '/home/user/mscr-mom/현서/scripts/contact_scenarios/fea/matv2wire_mesh_LM50_phi00_b0_s10.inp'
  [LM50_phi00_b0] F_mag=0.1466mN  (155.8s)
[LM50_phi00_b0 2/10] L_M=50.0, phi=0.0, beta=0.0, s=20.0mm, push_depth=0.1mm (wire) ...
Info    : Meshing 1D...
Info    : [  0%] Meshing curve 1 (BSpline)
Info    : [ 10%] Meshing curve 2 (Ellipse)
Info    : [ 20%] Meshing curve 3 (Ellipse)
Info    : [ 30%] Meshing curve 4 (BSpline)
Info    : [ 40%] Meshing curve 5 (BSpline)
Info    : [ 40%] Meshing curve 6 (BSpline)
Info    : [ 50%] Meshing curve 7 (BSpline)
Info    : [ 60%] Meshing curve 8 (BSpline)
Info    : [ 70%] Meshing curve 9 (BSpline)
Info    : [ 70%] Meshing curve 10 (BSpline)
Info    : [ 90%] Meshing curve 12 (Circle)
Info    : Done meshing 1D (Wall 0.00645974s, CPU 0.006438s)
Info    : Meshing 2D...
Info    : [  0%] Meshing surface 1 (Plane, Frontal-Delaunay)
Info    : [ 20%] Meshing surface 2 (Plane, Frontal-Delaunay)
Info    : [ 40%] Meshing surface 3 (BSpline surface, Frontal-Delaunay)
Info    : [ 60%] Meshing surface 4 (BSpline surface, Frontal-Delaunay)
Info    : [ 70%] Meshing surface 5 (Plane, Frontal-Delaunay)
Info    : [ 90%] Meshing surface 6 (Sphere, Frontal-Delaunay)
Info    : Done meshing 2D (Wall 0.480821s, CPU 0.480762s)
Info    : Meshing 3D...
Info    : 3D Meshing 2 volumes with 2 connected components
Info    : Tetrahedrizing 12298 nodes...
Info    : Done tetrahedrizing 12306 nodes (Wall 0.162854s, CPU 0.157617s)
Info    : Reconstructing mesh...
Info    :  - Creating surface mesh
Info    :  - Identifying boundary edges
Info    :  - Recovering boundary
Info    : Done reconstructing mesh (Wall 0.375599s, CPU 0.360361s)
Info    : Found volume 1
Info    : It. 0 - 0 nodes created - worst tet radius 1.05159 (nodes removed 0 0)
Info    : It. 500 - 500 nodes created - worst tet radius 1.00667 (nodes removed 0 0)
Info    : It. 1000 - 1000 nodes created - worst tet radius 1.00632 (nodes removed 0 0)
Info    : 3D refinement terminated (13622 nodes total):
Info    :  - 0 Delaunay cavities modified for star shapeness
Info    :  - 0 nodes could not be inserted
Info    :  - 46136 tetrahedra created in 0.0620427 sec. (743617 tets/s)
Info    : 0 node relocations
Info    : Tetrahedrizing 132 nodes...
Info    : Done tetrahedrizing 140 nodes (Wall 0.000835847s, CPU 0.000824s)
Info    : Reconstructing mesh...
Info    :  - Creating surface mesh
Info    :  - Identifying boundary edges
Info    :  - Recovering boundary
Info    : Done reconstructing mesh (Wall 0.00232632s, CPU 0.001461s)
Info    : Found volume 2
Info    : It. 0 - 0 nodes created - worst tet radius 3.18126 (nodes removed 0 0)
Info    : 3D refinement terminated (12517 nodes total):
Info    :  - 0 Delaunay cavities modified for star shapeness
Info    :  - 0 nodes could not be inserted
Info    :  - 550 tetrahedra created in 0.00319688 sec. (172042 tets/s)
Info    : 0 node relocations
Info    : Done meshing 3D (Wall 0.688932s, CPU 0.671637s)
Info    : Optimizing mesh...
Info    : Optimizing volume 1
Info    : Optimization starts (volume = 235.488) with worst = 0.000186131 / average = 0.692841:
Info    : 0.00 < quality < 0.10 :       350 elements
Info    : 0.10 < quality < 0.20 :       203 elements
Info    : 0.20 < quality < 0.30 :       927 elements
Info    : 0.30 < quality < 0.40 :      1225 elements
Info    : 0.40 < quality < 0.50 :      1804 elements
Info    : 0.50 < quality < 0.60 :      3214 elements
Info    : 0.60 < quality < 0.70 :     12833 elements
Info    : 0.70 < quality < 0.80 :     17096 elements
Info    : 0.80 < quality < 0.90 :      4606 elements
Info    : 0.90 < quality < 1.00 :      3878 elements
Info    : 1427 edge swaps, 27 node relocations (volume = 235.488): worst = 0.129869 / average = 0.711326 (Wall 0.0136231s, CPU 0.013624s)
Info    : 1465 edge swaps, 29 node relocations (volume = 235.488): worst = 0.190975 / average = 0.711802 (Wall 0.0161267s, CPU 0.01613s)
Info    : 1469 edge swaps, 29 node relocations (volume = 235.488): worst = 0.211743 / average = 0.711844 (Wall 0.0182437s, CPU 0.018248s)
Info    : 1470 edge swaps, 29 node relocations (volume = 235.488): worst = 0.239676 / average = 0.711859 (Wall 0.0203334s, CPU 0.020338s)
Info    : No ill-shaped tets in the mesh :-)
Info    : 0.00 < quality < 0.10 :         0 elements
Info    : 0.10 < quality < 0.20 :         0 elements
Info    : 0.20 < quality < 0.30 :         5 elements
Info    : 0.30 < quality < 0.40 :      1030 elements
Info    : 0.40 < quality < 0.50 :      1415 elements
Info    : 0.50 < quality < 0.60 :      3722 elements
Info    : 0.60 < quality < 0.70 :     13057 elements
Info    : 0.70 < quality < 0.80 :     16516 elements
Info    : 0.80 < quality < 0.90 :      5104 elements
Info    : 0.90 < quality < 1.00 :      3881 elements
Info    : Optimizing volume 2
Info    : Optimization starts (volume = 0.256468) with worst = 0.030997 / average = 0.741695:
Info    : 0.00 < quality < 0.10 :         1 elements
Info    : 0.10 < quality < 0.20 :         5 elements
Info    : 0.20 < quality < 0.30 :        10 elements
Info    : 0.30 < quality < 0.40 :        16 elements
Info    : 0.40 < quality < 0.50 :        18 elements
Info    : 0.50 < quality < 0.60 :        26 elements
Info    : 0.60 < quality < 0.70 :        71 elements
Info    : 0.70 < quality < 0.80 :       179 elements
Info    : 0.80 < quality < 0.90 :       162 elements
Info    : 0.90 < quality < 1.00 :        62 elements
Info    : 16 edge swaps, 1 node relocations (volume = 0.256468): worst = 0.275941 / average = 0.760906 (Wall 0.000161036s, CPU 0.000161s)
Info    : 17 edge swaps, 1 node relocations (volume = 0.256468): worst = 0.300101 / average = 0.762128 (Wall 0.000201487s, CPU 0.000202s)
Info    : No ill-shaped tets in the mesh :-)
Info    : 0.00 < quality < 0.10 :         0 elements
Info    : 0.10 < quality < 0.20 :         0 elements
Info    : 0.20 < quality < 0.30 :         0 elements
Info    : 0.30 < quality < 0.40 :        15 elements
Info    : 0.40 < quality < 0.50 :        14 elements
Info    : 0.50 < quality < 0.60 :        25 elements
Info    : 0.60 < quality < 0.70 :        70 elements
Info    : 0.70 < quality < 0.80 :       184 elements
Info    : 0.80 < quality < 0.90 :       162 elements
Info    : 0.90 < quality < 1.00 :        64 elements
Info    : Done optimizing mesh (Wall 0.0488695s, CPU 0.048857s)
Info    : 14200 nodes 71524 elements
Info    : Meshing order 2 (curvilinear on)...
Info    : [  0%] Meshing curve 1 order 2
Info    : [ 10%] Meshing curve 2 order 2
Info    : [ 10%] Meshing curve 3 order 2
Info    : [ 20%] Meshing curve 4 order 2
Info    : [ 20%] Meshing curve 5 order 2
Info    : [ 30%] Meshing curve 6 order 2
Info    : [ 30%] Meshing curve 7 order 2
Info    : [ 40%] Meshing curve 8 order 2
Info    : [ 40%] Meshing curve 9 order 2
Info    : [ 50%] Meshing curve 10 order 2
Info    : [ 50%] Meshing curve 11 order 2
Info    : [ 60%] Meshing curve 12 order 2
Info    : [ 60%] Meshing curve 13 order 2
Info    : [ 70%] Meshing surface 1 order 2
Info    : [ 70%] Meshing surface 2 order 2
Info    : [ 80%] Meshing surface 3 order 2
Info    : [ 80%] Meshing surface 4 order 2
Info    : [ 90%] Meshing surface 5 order 2
Info    : [ 90%] Meshing surface 6 order 2
Info    : [100%] Meshing volume 1 order 2
Info    : [100%] Meshing volume 2 order 2
Info    : Surface mesh: worst distortion = 0.797589 (0 elements in ]0, 0.2]); worst gamma = 0.499267
Info    : Volume mesh: worst distortion = 0.243307 (0 elements in ]0, 0.2])
Info    : Done meshing order 2 (Wall 2.48514s, CPU 2.4821s)
Info    : Writing '/home/user/mscr-mom/현서/scripts/contact_scenarios/fea/matv2wire_mesh_LM50_phi00_b0_s20.inp'...
Info    : Done writing '/home/user/mscr-mom/현서/scripts/contact_scenarios/fea/matv2wire_mesh_LM50_phi00_b0_s20.inp'
  [LM50_phi00_b0] F_mag=0.0189mN  (525.2s)
[LM50_phi00_b0 3/10] L_M=50.0, phi=0.0, beta=0.0, s=30.0mm, push_depth=0.1mm (wire) ...
Info    : Meshing 1D...
Info    : [  0%] Meshing curve 1 (BSpline)
Info    : [ 10%] Meshing curve 2 (Ellipse)
Info    : [ 20%] Meshing curve 3 (Ellipse)
Info    : [ 30%] Meshing curve 4 (BSpline)
Info    : [ 40%] Meshing curve 5 (BSpline)
Info    : [ 40%] Meshing curve 6 (BSpline)
Info    : [ 50%] Meshing curve 7 (BSpline)
Info    : [ 60%] Meshing curve 8 (BSpline)
Info    : [ 70%] Meshing curve 9 (BSpline)
Info    : [ 70%] Meshing curve 10 (BSpline)
Info    : [ 90%] Meshing curve 12 (Circle)
Info    : Done meshing 1D (Wall 0.00627536s, CPU 0.006263s)
Info    : Meshing 2D...
Info    : [  0%] Meshing surface 1 (Plane, Frontal-Delaunay)
Info    : [ 20%] Meshing surface 2 (Plane, Frontal-Delaunay)
Info    : [ 40%] Meshing surface 3 (BSpline surface, Frontal-Delaunay)
Info    : [ 60%] Meshing surface 4 (BSpline surface, Frontal-Delaunay)
Info    : [ 70%] Meshing surface 5 (Plane, Frontal-Delaunay)
Info    : [ 90%] Meshing surface 6 (Sphere, Frontal-Delaunay)
Info    : Done meshing 2D (Wall 0.468769s, CPU 0.468646s)
Info    : Meshing 3D...
Info    : 3D Meshing 2 volumes with 2 connected components
Info    : Tetrahedrizing 12298 nodes...
Info    : Done tetrahedrizing 12306 nodes (Wall 0.161198s, CPU 0.153175s)
Info    : Reconstructing mesh...
Info    :  - Creating surface mesh
Info    :  - Identifying boundary edges
Info    :  - Recovering boundary
Info    : Done reconstructing mesh (Wall 0.365697s, CPU 0.34866s)
Info    : Found volume 1
Info    : It. 0 - 0 nodes created - worst tet radius 1.05159 (nodes removed 0 0)
Info    : It. 500 - 500 nodes created - worst tet radius 1.00667 (nodes removed 0 0)
Info    : It. 1000 - 1000 nodes created - worst tet radius 1.00632 (nodes removed 0 0)
Info    : 3D refinement terminated (13622 nodes total):
Info    :  - 0 Delaunay cavities modified for star shapeness
Info    :  - 0 nodes could not be inserted
Info    :  - 46136 tetrahedra created in 0.0503797 sec. (915764 tets/s)
Info    : 0 node relocations
Info    : Tetrahedrizing 132 nodes...
Info    : Done tetrahedrizing 140 nodes (Wall 0.000766731s, CPU 0.000768s)
Info    : Reconstructing mesh...
Info    :  - Creating surface mesh
Info    :  - Identifying boundary edges
Info    :  - Recovering boundary
Info    : Done reconstructing mesh (Wall 0.00229351s, CPU 0.002297s)
Info    : Found volume 2
Info    : It. 0 - 0 nodes created - worst tet radius 3.18126 (nodes removed 0 0)
Info    : 3D refinement terminated (12517 nodes total):
Info    :  - 0 Delaunay cavities modified for star shapeness
Info    :  - 0 nodes could not be inserted
Info    :  - 550 tetrahedra created in 0.00343229 sec. (160242 tets/s)
Info    : 0 node relocations
Info    : Done meshing 3D (Wall 0.648292s, CPU 0.631215s)
Info    : Optimizing mesh...
Info    : Optimizing volume 1
Info    : Optimization starts (volume = 235.488) with worst = 0.000186131 / average = 0.692841:
Info    : 0.00 < quality < 0.10 :       350 elements
Info    : 0.10 < quality < 0.20 :       203 elements
Info    : 0.20 < quality < 0.30 :       927 elements
Info    : 0.30 < quality < 0.40 :      1225 elements
Info    : 0.40 < quality < 0.50 :      1804 elements
Info    : 0.50 < quality < 0.60 :      3214 elements
Info    : 0.60 < quality < 0.70 :     12833 elements
Info    : 0.70 < quality < 0.80 :     17096 elements
Info    : 0.80 < quality < 0.90 :      4606 elements
Info    : 0.90 < quality < 1.00 :      3878 elements
Info    : 1427 edge swaps, 27 node relocations (volume = 235.488): worst = 0.129869 / average = 0.711326 (Wall 0.0173833s, CPU 0.017383s)
Info    : 1465 edge swaps, 29 node relocations (volume = 235.488): worst = 0.190975 / average = 0.711802 (Wall 0.0208194s, CPU 0.02082s)
Info    : 1469 edge swaps, 29 node relocations (volume = 235.488): worst = 0.211743 / average = 0.711844 (Wall 0.0236135s, CPU 0.023614s)
Info    : 1470 edge swaps, 29 node relocations (volume = 235.488): worst = 0.239676 / average = 0.711859 (Wall 0.026143s, CPU 0.026145s)
Info    : No ill-shaped tets in the mesh :-)
Info    : 0.00 < quality < 0.10 :         0 elements
Info    : 0.10 < quality < 0.20 :         0 elements
Info    : 0.20 < quality < 0.30 :         5 elements
Info    : 0.30 < quality < 0.40 :      1030 elements
Info    : 0.40 < quality < 0.50 :      1415 elements
Info    : 0.50 < quality < 0.60 :      3722 elements
Info    : 0.60 < quality < 0.70 :     13057 elements
Info    : 0.70 < quality < 0.80 :     16516 elements
Info    : 0.80 < quality < 0.90 :      5104 elements
Info    : 0.90 < quality < 1.00 :      3881 elements
Info    : Optimizing volume 2
Info    : Optimization starts (volume = 0.256468) with worst = 0.030997 / average = 0.741695:
Info    : 0.00 < quality < 0.10 :         1 elements
Info    : 0.10 < quality < 0.20 :         5 elements
Info    : 0.20 < quality < 0.30 :        10 elements
Info    : 0.30 < quality < 0.40 :        16 elements
Info    : 0.40 < quality < 0.50 :        18 elements
Info    : 0.50 < quality < 0.60 :        26 elements
Info    : 0.60 < quality < 0.70 :        71 elements
Info    : 0.70 < quality < 0.80 :       179 elements
Info    : 0.80 < quality < 0.90 :       162 elements
Info    : 0.90 < quality < 1.00 :        62 elements
Info    : 16 edge swaps, 1 node relocations (volume = 0.256468): worst = 0.275941 / average = 0.760906 (Wall 0.000172954s, CPU 0.000175s)
Info    : 17 edge swaps, 1 node relocations (volume = 0.256468): worst = 0.300101 / average = 0.762128 (Wall 0.000215189s, CPU 0.000217s)
Info    : No ill-shaped tets in the mesh :-)
Info    : 0.00 < quality < 0.10 :         0 elements
Info    : 0.10 < quality < 0.20 :         0 elements
Info    : 0.20 < quality < 0.30 :         0 elements
Info    : 0.30 < quality < 0.40 :        15 elements
Info    : 0.40 < quality < 0.50 :        14 elements
Info    : 0.50 < quality < 0.60 :        25 elements
Info    : 0.60 < quality < 0.70 :        70 elements
Info    : 0.70 < quality < 0.80 :       184 elements
Info    : 0.80 < quality < 0.90 :       162 elements
Info    : 0.90 < quality < 1.00 :        64 elements
Info    : Done optimizing mesh (Wall 0.0545764s, CPU 0.054574s)
Info    : 14200 nodes 71524 elements
Info    : Meshing order 2 (curvilinear on)...
Info    : [  0%] Meshing curve 1 order 2
Info    : [ 10%] Meshing curve 2 order 2
Info    : [ 10%] Meshing curve 3 order 2
Info    : [ 20%] Meshing curve 4 order 2
Info    : [ 20%] Meshing curve 5 order 2
Info    : [ 30%] Meshing curve 6 order 2
Info    : [ 30%] Meshing curve 7 order 2
Info    : [ 40%] Meshing curve 8 order 2
Info    : [ 40%] Meshing curve 9 order 2
Info    : [ 50%] Meshing curve 10 order 2
Info    : [ 50%] Meshing curve 11 order 2
Info    : [ 60%] Meshing curve 12 order 2
Info    : [ 60%] Meshing curve 13 order 2
Info    : [ 70%] Meshing surface 1 order 2
Info    : [ 70%] Meshing surface 2 order 2
Info    : [ 80%] Meshing surface 3 order 2
Info    : [ 80%] Meshing surface 4 order 2
Info    : [ 90%] Meshing surface 5 order 2
Info    : [ 90%] Meshing surface 6 order 2
Info    : [100%] Meshing volume 1 order 2
Info    : [100%] Meshing volume 2 order 2
Info    : Surface mesh: worst distortion = 0.797589 (0 elements in ]0, 0.2]); worst gamma = 0.499267
Info    : Volume mesh: worst distortion = 0.243307 (0 elements in ]0, 0.2])
Info    : Done meshing order 2 (Wall 2.39058s, CPU 2.3885s)
Info    : Writing '/home/user/mscr-mom/현서/scripts/contact_scenarios/fea/matv2wire_mesh_LM50_phi00_b0_s30.inp'...
Info    : Done writing '/home/user/mscr-mom/현서/scripts/contact_scenarios/fea/matv2wire_mesh_LM50_phi00_b0_s30.inp'
  [LM50_phi00_b0] F_mag=0.0055mN  (169.0s)
[LM50_phi00_b0 4/10] L_M=50.0, phi=0.0, beta=0.0, s=40.0mm, push_depth=0.1mm (wire) ...
Info    : Meshing 1D...
Info    : [  0%] Meshing curve 1 (BSpline)
Info    : [ 10%] Meshing curve 2 (Ellipse)
Info    : [ 20%] Meshing curve 3 (Ellipse)
Info    : [ 30%] Meshing curve 4 (BSpline)
Info    : [ 40%] Meshing curve 5 (BSpline)
Info    : [ 40%] Meshing curve 6 (BSpline)
Info    : [ 50%] Meshing curve 7 (BSpline)
Info    : [ 60%] Meshing curve 8 (BSpline)
Info    : [ 70%] Meshing curve 9 (BSpline)
Info    : [ 70%] Meshing curve 10 (BSpline)
Info    : [ 90%] Meshing curve 12 (Circle)
Info    : Done meshing 1D (Wall 0.00620137s, CPU 0.006194s)
Info    : Meshing 2D...
Info    : [  0%] Meshing surface 1 (Plane, Frontal-Delaunay)
Info    : [ 20%] Meshing surface 2 (Plane, Frontal-Delaunay)
Info    : [ 40%] Meshing surface 3 (BSpline surface, Frontal-Delaunay)
Info    : [ 60%] Meshing surface 4 (BSpline surface, Frontal-Delaunay)
Info    : [ 70%] Meshing surface 5 (Plane, Frontal-Delaunay)
Info    : [ 90%] Meshing surface 6 (Sphere, Frontal-Delaunay)
Info    : Done meshing 2D (Wall 0.506539s, CPU 0.506468s)
Info    : Meshing 3D...
Info    : 3D Meshing 2 volumes with 2 connected components
Info    : Tetrahedrizing 12298 nodes...
Info    : Done tetrahedrizing 12306 nodes (Wall 0.182017s, CPU 0.173018s)
Info    : Reconstructing mesh...
Info    :  - Creating surface mesh
Info    :  - Identifying boundary edges
Info    :  - Recovering boundary
Info    : Done reconstructing mesh (Wall 0.398023s, CPU 0.377825s)
Info    : Found volume 1
Info    : It. 0 - 0 nodes created - worst tet radius 1.05159 (nodes removed 0 0)
Info    : It. 500 - 500 nodes created - worst tet radius 1.00667 (nodes removed 0 0)
Info    : It. 1000 - 1000 nodes created - worst tet radius 1.00632 (nodes removed 0 0)
Info    : 3D refinement terminated (13622 nodes total):
Info    :  - 0 Delaunay cavities modified for star shapeness
Info    :  - 0 nodes could not be inserted
Info    :  - 46136 tetrahedra created in 0.0559011 sec. (825315 tets/s)
Info    : 0 node relocations
Info    : Tetrahedrizing 132 nodes...
Info    : Done tetrahedrizing 140 nodes (Wall 0.000745403s, CPU 0.000746s)
Info    : Reconstructing mesh...
Info    :  - Creating surface mesh
Info    :  - Identifying boundary edges
Info    :  - Recovering boundary
Info    : Done reconstructing mesh (Wall 0.00202353s, CPU 0.002028s)
Info    : Found volume 2
Info    : It. 0 - 0 nodes created - worst tet radius 3.18126 (nodes removed 0 0)
Info    : 3D refinement terminated (12517 nodes total):
Info    :  - 0 Delaunay cavities modified for star shapeness
Info    :  - 0 nodes could not be inserted
Info    :  - 550 tetrahedra created in 0.00346539 sec. (158712 tets/s)
Info    : 0 node relocations
Info    : Done meshing 3D (Wall 0.74515s, CPU 0.724921s)
Info    : Optimizing mesh...
Info    : Optimizing volume 1
Info    : Optimization starts (volume = 235.488) with worst = 0.000186131 / average = 0.692841:
Info    : 0.00 < quality < 0.10 :       350 elements
Info    : 0.10 < quality < 0.20 :       203 elements
Info    : 0.20 < quality < 0.30 :       927 elements
Info    : 0.30 < quality < 0.40 :      1225 elements
Info    : 0.40 < quality < 0.50 :      1804 elements
Info    : 0.50 < quality < 0.60 :      3214 elements
Info    : 0.60 < quality < 0.70 :     12833 elements
Info    : 0.70 < quality < 0.80 :     17096 elements
Info    : 0.80 < quality < 0.90 :      4606 elements
Info    : 0.90 < quality < 1.00 :      3878 elements
Info    : 1427 edge swaps, 27 node relocations (volume = 235.488): worst = 0.129869 / average = 0.711326 (Wall 0.0181626s, CPU 0.018162s)
Info    : 1465 edge swaps, 29 node relocations (volume = 235.488): worst = 0.190975 / average = 0.711802 (Wall 0.0211157s, CPU 0.021117s)
Info    : 1469 edge swaps, 29 node relocations (volume = 235.488): worst = 0.211743 / average = 0.711844 (Wall 0.0234796s, CPU 0.023481s)
Info    : 1470 edge swaps, 29 node relocations (volume = 235.488): worst = 0.239676 / average = 0.711859 (Wall 0.0257334s, CPU 0.025736s)
Info    : No ill-shaped tets in the mesh :-)
Info    : 0.00 < quality < 0.10 :         0 elements
Info    : 0.10 < quality < 0.20 :         0 elements
Info    : 0.20 < quality < 0.30 :         5 elements
Info    : 0.30 < quality < 0.40 :      1030 elements
Info    : 0.40 < quality < 0.50 :      1415 elements
Info    : 0.50 < quality < 0.60 :      3722 elements
Info    : 0.60 < quality < 0.70 :     13057 elements
Info    : 0.70 < quality < 0.80 :     16516 elements
Info    : 0.80 < quality < 0.90 :      5104 elements
Info    : 0.90 < quality < 1.00 :      3881 elements
Info    : Optimizing volume 2
Info    : Optimization starts (volume = 0.256468) with worst = 0.030997 / average = 0.741695:
Info    : 0.00 < quality < 0.10 :         1 elements
Info    : 0.10 < quality < 0.20 :         5 elements
Info    : 0.20 < quality < 0.30 :        10 elements
Info    : 0.30 < quality < 0.40 :        16 elements
Info    : 0.40 < quality < 0.50 :        18 elements
Info    : 0.50 < quality < 0.60 :        26 elements
Info    : 0.60 < quality < 0.70 :        71 elements
Info    : 0.70 < quality < 0.80 :       179 elements
Info    : 0.80 < quality < 0.90 :       162 elements
Info    : 0.90 < quality < 1.00 :        62 elements
Info    : 16 edge swaps, 1 node relocations (volume = 0.256468): worst = 0.275941 / average = 0.760906 (Wall 0.000161267s, CPU 0.000162s)
Info    : 17 edge swaps, 1 node relocations (volume = 0.256468): worst = 0.300101 / average = 0.762128 (Wall 0.000203962s, CPU 0.000205s)
Info    : No ill-shaped tets in the mesh :-)
Info    : 0.00 < quality < 0.10 :         0 elements
Info    : 0.10 < quality < 0.20 :         0 elements
Info    : 0.20 < quality < 0.30 :         0 elements
Info    : 0.30 < quality < 0.40 :        15 elements
Info    : 0.40 < quality < 0.50 :        14 elements
Info    : 0.50 < quality < 0.60 :        25 elements
Info    : 0.60 < quality < 0.70 :        70 elements
Info    : 0.70 < quality < 0.80 :       184 elements
Info    : 0.80 < quality < 0.90 :       162 elements
Info    : 0.90 < quality < 1.00 :        64 elements
Info    : Done optimizing mesh (Wall 0.0558293s, CPU 0.055814s)
Info    : 14200 nodes 71524 elements
Info    : Meshing order 2 (curvilinear on)...
Info    : [  0%] Meshing curve 1 order 2
Info    : [ 10%] Meshing curve 2 order 2
Info    : [ 10%] Meshing curve 3 order 2
Info    : [ 20%] Meshing curve 4 order 2
Info    : [ 20%] Meshing curve 5 order 2
Info    : [ 30%] Meshing curve 6 order 2
Info    : [ 30%] Meshing curve 7 order 2
Info    : [ 40%] Meshing curve 8 order 2
Info    : [ 40%] Meshing curve 9 order 2
Info    : [ 50%] Meshing curve 10 order 2
Info    : [ 50%] Meshing curve 11 order 2
Info    : [ 60%] Meshing curve 12 order 2
Info    : [ 60%] Meshing curve 13 order 2
Info    : [ 70%] Meshing surface 1 order 2
Info    : [ 70%] Meshing surface 2 order 2
Info    : [ 80%] Meshing surface 3 order 2
Info    : [ 80%] Meshing surface 4 order 2
Info    : [ 90%] Meshing surface 5 order 2
Info    : [ 90%] Meshing surface 6 order 2
Info    : [100%] Meshing volume 1 order 2
Info    : [100%] Meshing volume 2 order 2
Info    : Surface mesh: worst distortion = 0.797589 (0 elements in ]0, 0.2]); worst gamma = 0.499267
Info    : Volume mesh: worst distortion = 0.243307 (0 elements in ]0, 0.2])
Info    : Done meshing order 2 (Wall 2.37365s, CPU 2.37241s)
Info    : Writing '/home/user/mscr-mom/현서/scripts/contact_scenarios/fea/matv2wire_mesh_LM50_phi00_b0_s40.inp'...
Info    : Done writing '/home/user/mscr-mom/현서/scripts/contact_scenarios/fea/matv2wire_mesh_LM50_phi00_b0_s40.inp'
  [LM50_phi00_b0] [실패] (925.8s)
[LM50_phi00_b0 5/10] L_M=50.0, phi=0.0, beta=0.0, s=50.0mm, push_depth=0.1mm (wire) ...
Info    : Meshing 1D...
Info    : [  0%] Meshing curve 1 (BSpline)
Info    : [ 10%] Meshing curve 2 (Ellipse)
Info    : [ 20%] Meshing curve 3 (Ellipse)
Info    : [ 30%] Meshing curve 4 (BSpline)
Info    : [ 40%] Meshing curve 5 (BSpline)
Info    : [ 40%] Meshing curve 6 (BSpline)
Info    : [ 50%] Meshing curve 7 (BSpline)
Info    : [ 60%] Meshing curve 8 (BSpline)
Info    : [ 70%] Meshing curve 9 (BSpline)
Info    : [ 70%] Meshing curve 10 (BSpline)
Info    : [ 90%] Meshing curve 12 (Circle)
Info    : Done meshing 1D (Wall 0.00639224s, CPU 0.006333s)
Info    : Meshing 2D...
Info    : [  0%] Meshing surface 1 (Plane, Frontal-Delaunay)
Info    : [ 20%] Meshing surface 2 (Plane, Frontal-Delaunay)
Info    : [ 40%] Meshing surface 3 (BSpline surface, Frontal-Delaunay)
Info    : [ 60%] Meshing surface 4 (BSpline surface, Frontal-Delaunay)
Info    : [ 70%] Meshing surface 5 (Plane, Frontal-Delaunay)
Info    : [ 90%] Meshing surface 6 (Sphere, Frontal-Delaunay)
Info    : Done meshing 2D (Wall 0.481725s, CPU 0.481662s)
Info    : Meshing 3D...
Info    : 3D Meshing 2 volumes with 2 connected components
Info    : Tetrahedrizing 12298 nodes...
Info    : Done tetrahedrizing 12306 nodes (Wall 0.166284s, CPU 0.157296s)
Info    : Reconstructing mesh...
Info    :  - Creating surface mesh
Info    :  - Identifying boundary edges
Info    :  - Recovering boundary
Info    : Done reconstructing mesh (Wall 0.388966s, CPU 0.369928s)
Info    : Found volume 1
Info    : It. 0 - 0 nodes created - worst tet radius 1.05159 (nodes removed 0 0)
Info    : It. 500 - 500 nodes created - worst tet radius 1.00667 (nodes removed 0 0)
Info    : It. 1000 - 1000 nodes created - worst tet radius 1.00632 (nodes removed 0 0)
Info    : 3D refinement terminated (13622 nodes total):
Info    :  - 0 Delaunay cavities modified for star shapeness
Info    :  - 0 nodes could not be inserted
Info    :  - 46136 tetrahedra created in 0.0548777 sec. (840706 tets/s)
Info    : 0 node relocations
Info    : Tetrahedrizing 132 nodes...
Info    : Done tetrahedrizing 140 nodes (Wall 0.000795516s, CPU 0.000797s)
Info    : Reconstructing mesh...
Info    :  - Creating surface mesh
Info    :  - Identifying boundary edges
Info    :  - Recovering boundary
Info    : Done reconstructing mesh (Wall 0.00323742s, CPU 0.003227s)
Info    : Found volume 2
Info    : It. 0 - 0 nodes created - worst tet radius 3.18126 (nodes removed 0 0)
Info    : 3D refinement terminated (12517 nodes total):
Info    :  - 0 Delaunay cavities modified for star shapeness
Info    :  - 0 nodes could not be inserted
Info    :  - 550 tetrahedra created in 0.00619257 sec. (88816 tets/s)
Info    : 0 node relocations
Info    : Done meshing 3D (Wall 0.731779s, CPU 0.712663s)
Info    : Optimizing mesh...
Info    : Optimizing volume 1
Info    : Optimization starts (volume = 235.488) with worst = 0.000186131 / average = 0.692841:
Info    : 0.00 < quality < 0.10 :       350 elements
Info    : 0.10 < quality < 0.20 :       203 elements
Info    : 0.20 < quality < 0.30 :       927 elements
Info    : 0.30 < quality < 0.40 :      1225 elements
Info    : 0.40 < quality < 0.50 :      1804 elements
Info    : 0.50 < quality < 0.60 :      3214 elements
Info    : 0.60 < quality < 0.70 :     12833 elements
Info    : 0.70 < quality < 0.80 :     17096 elements
Info    : 0.80 < quality < 0.90 :      4606 elements
Info    : 0.90 < quality < 1.00 :      3878 elements
Info    : 1427 edge swaps, 27 node relocations (volume = 235.488): worst = 0.129869 / average = 0.711326 (Wall 0.0203589s, CPU 0.020341s)
Info    : 1465 edge swaps, 29 node relocations (volume = 235.488): worst = 0.190975 / average = 0.711802 (Wall 0.026132s, CPU 0.026114s)
Info    : 1469 edge swaps, 29 node relocations (volume = 235.488): worst = 0.211743 / average = 0.711844 (Wall 0.0298929s, CPU 0.029876s)
Info    : 1470 edge swaps, 29 node relocations (volume = 235.488): worst = 0.239676 / average = 0.711859 (Wall 0.0331737s, CPU 0.033157s)
Info    : No ill-shaped tets in the mesh :-)
Info    : 0.00 < quality < 0.10 :         0 elements
Info    : 0.10 < quality < 0.20 :         0 elements
Info    : 0.20 < quality < 0.30 :         5 elements
Info    : 0.30 < quality < 0.40 :      1030 elements
Info    : 0.40 < quality < 0.50 :      1415 elements
Info    : 0.50 < quality < 0.60 :      3722 elements
Info    : 0.60 < quality < 0.70 :     13057 elements
Info    : 0.70 < quality < 0.80 :     16516 elements
Info    : 0.80 < quality < 0.90 :      5104 elements
Info    : 0.90 < quality < 1.00 :      3881 elements
Info    : Optimizing volume 2
Info    : Optimization starts (volume = 0.256468) with worst = 0.030997 / average = 0.741695:
Info    : 0.00 < quality < 0.10 :         1 elements
Info    : 0.10 < quality < 0.20 :         5 elements
Info    : 0.20 < quality < 0.30 :        10 elements
Info    : 0.30 < quality < 0.40 :        16 elements
Info    : 0.40 < quality < 0.50 :        18 elements
Info    : 0.50 < quality < 0.60 :        26 elements
Info    : 0.60 < quality < 0.70 :        71 elements
Info    : 0.70 < quality < 0.80 :       179 elements
Info    : 0.80 < quality < 0.90 :       162 elements
Info    : 0.90 < quality < 1.00 :        62 elements
Info    : 16 edge swaps, 1 node relocations (volume = 0.256468): worst = 0.275941 / average = 0.760906 (Wall 0.000152103s, CPU 0.000155s)
Info    : 17 edge swaps, 1 node relocations (volume = 0.256468): worst = 0.300101 / average = 0.762128 (Wall 0.00018969s, CPU 0.000192s)
Info    : No ill-shaped tets in the mesh :-)
Info    : 0.00 < quality < 0.10 :         0 elements
Info    : 0.10 < quality < 0.20 :         0 elements
Info    : 0.20 < quality < 0.30 :         0 elements
Info    : 0.30 < quality < 0.40 :        15 elements
Info    : 0.40 < quality < 0.50 :        14 elements
Info    : 0.50 < quality < 0.60 :        25 elements
Info    : 0.60 < quality < 0.70 :        70 elements
Info    : 0.70 < quality < 0.80 :       184 elements
Info    : 0.80 < quality < 0.90 :       162 elements
Info    : 0.90 < quality < 1.00 :        64 elements
Info    : Done optimizing mesh (Wall 0.0693478s, CPU 0.069327s)
Info    : 14200 nodes 71524 elements
Info    : Meshing order 2 (curvilinear on)...
Info    : [  0%] Meshing curve 1 order 2
Info    : [ 10%] Meshing curve 2 order 2
Info    : [ 10%] Meshing curve 3 order 2
Info    : [ 20%] Meshing curve 4 order 2
Info    : [ 20%] Meshing curve 5 order 2
Info    : [ 30%] Meshing curve 6 order 2
Info    : [ 30%] Meshing curve 7 order 2
Info    : [ 40%] Meshing curve 8 order 2
Info    : [ 40%] Meshing curve 9 order 2
Info    : [ 50%] Meshing curve 10 order 2
Info    : [ 50%] Meshing curve 11 order 2
Info    : [ 60%] Meshing curve 12 order 2
Info    : [ 60%] Meshing curve 13 order 2
Info    : [ 70%] Meshing surface 1 order 2
Info    : [ 70%] Meshing surface 2 order 2
Info    : [ 80%] Meshing surface 3 order 2
Info    : [ 80%] Meshing surface 4 order 2
Info    : [ 90%] Meshing surface 5 order 2
Info    : [ 90%] Meshing surface 6 order 2
Info    : [100%] Meshing volume 1 order 2
Info    : [100%] Meshing volume 2 order 2
Info    : Surface mesh: worst distortion = 0.797589 (0 elements in ]0, 0.2]); worst gamma = 0.499267
Info    : Volume mesh: worst distortion = 0.243307 (0 elements in ]0, 0.2])
Info    : Done meshing order 2 (Wall 2.41439s, CPU 2.41298s)
Info    : Writing '/home/user/mscr-mom/현서/scripts/contact_scenarios/fea/matv2wire_mesh_LM50_phi00_b0_s50.inp'...
Info    : Done writing '/home/user/mscr-mom/현서/scripts/contact_scenarios/fea/matv2wire_mesh_LM50_phi00_b0_s50.inp'
  [LM50_phi00_b0] F_mag=0.0013mN  (584.4s)
[LM50_phi00_b0 6/10] L_M=50.0, phi=0.0, beta=0.0, s=60.0mm, push_depth=0.1mm (wire) ...
Info    : Meshing 1D...
Info    : [  0%] Meshing curve 1 (BSpline)
Info    : [ 10%] Meshing curve 2 (Ellipse)
Info    : [ 20%] Meshing curve 3 (Ellipse)
Info    : [ 30%] Meshing curve 4 (BSpline)
Info    : [ 40%] Meshing curve 5 (BSpline)
Info    : [ 40%] Meshing curve 6 (BSpline)
Info    : [ 50%] Meshing curve 7 (BSpline)
Info    : [ 60%] Meshing curve 8 (BSpline)
Info    : [ 70%] Meshing curve 9 (BSpline)
Info    : [ 70%] Meshing curve 10 (BSpline)
Info    : [ 90%] Meshing curve 12 (Circle)
Info    : Done meshing 1D (Wall 0.00758575s, CPU 0.007576s)
Info    : Meshing 2D...
Info    : [  0%] Meshing surface 1 (Plane, Frontal-Delaunay)
Info    : [ 20%] Meshing surface 2 (Plane, Frontal-Delaunay)
Info    : [ 40%] Meshing surface 3 (BSpline surface, Frontal-Delaunay)
Info    : [ 60%] Meshing surface 4 (BSpline surface, Frontal-Delaunay)
Info    : [ 70%] Meshing surface 5 (Plane, Frontal-Delaunay)
Info    : [ 90%] Meshing surface 6 (Sphere, Frontal-Delaunay)
Info    : Done meshing 2D (Wall 0.457508s, CPU 0.457398s)
Info    : Meshing 3D...
Info    : 3D Meshing 2 volumes with 2 connected components
Info    : Tetrahedrizing 12298 nodes...
Info    : Done tetrahedrizing 12306 nodes (Wall 0.16325s, CPU 0.156239s)
Info    : Reconstructing mesh...
Info    :  - Creating surface mesh
Info    :  - Identifying boundary edges
Info    :  - Recovering boundary
Info    : Done reconstructing mesh (Wall 0.385675s, CPU 0.372638s)
Info    : Found volume 1
Info    : It. 0 - 0 nodes created - worst tet radius 1.05159 (nodes removed 0 0)
Info    : It. 500 - 500 nodes created - worst tet radius 1.00667 (nodes removed 0 0)
Info    : It. 1000 - 1000 nodes created - worst tet radius 1.00632 (nodes removed 0 0)
Info    : 3D refinement terminated (13622 nodes total):
Info    :  - 0 Delaunay cavities modified for star shapeness
Info    :  - 0 nodes could not be inserted
Info    :  - 46136 tetrahedra created in 0.0572611 sec. (805712 tets/s)
Info    : 0 node relocations
Info    : Tetrahedrizing 132 nodes...
Info    : Done tetrahedrizing 140 nodes (Wall 0.0008049s, CPU 0.000805s)
Info    : Reconstructing mesh...
Info    :  - Creating surface mesh
Info    :  - Identifying boundary edges
Info    :  - Recovering boundary
Info    : Done reconstructing mesh (Wall 0.00264176s, CPU 0.002644s)
Info    : Found volume 2
Info    : It. 0 - 0 nodes created - worst tet radius 3.18126 (nodes removed 0 0)
Info    : 3D refinement terminated (12517 nodes total):
Info    :  - 0 Delaunay cavities modified for star shapeness
Info    :  - 0 nodes could not be inserted
Info    :  - 550 tetrahedra created in 0.0064404 sec. (85398 tets/s)
Info    : 0 node relocations
Info    : Done meshing 3D (Wall 0.728209s, CPU 0.715145s)
Info    : Optimizing mesh...
Info    : Optimizing volume 1
Info    : Optimization starts (volume = 235.488) with worst = 0.000186131 / average = 0.692841:
Info    : 0.00 < quality < 0.10 :       350 elements
Info    : 0.10 < quality < 0.20 :       203 elements
Info    : 0.20 < quality < 0.30 :       927 elements
Info    : 0.30 < quality < 0.40 :      1225 elements
Info    : 0.40 < quality < 0.50 :      1804 elements
Info    : 0.50 < quality < 0.60 :      3214 elements
Info    : 0.60 < quality < 0.70 :     12833 elements
Info    : 0.70 < quality < 0.80 :     17096 elements
Info    : 0.80 < quality < 0.90 :      4606 elements
Info    : 0.90 < quality < 1.00 :      3878 elements
Info    : 1427 edge swaps, 27 node relocations (volume = 235.488): worst = 0.129869 / average = 0.711326 (Wall 0.0197258s, CPU 0.019724s)
Info    : 1465 edge swaps, 29 node relocations (volume = 235.488): worst = 0.190975 / average = 0.711802 (Wall 0.0230973s, CPU 0.023098s)
Info    : 1469 edge swaps, 29 node relocations (volume = 235.488): worst = 0.211743 / average = 0.711844 (Wall 0.0256033s, CPU 0.025605s)
Info    : 1470 edge swaps, 29 node relocations (volume = 235.488): worst = 0.239676 / average = 0.711859 (Wall 0.0279419s, CPU 0.027943s)
Info    : No ill-shaped tets in the mesh :-)
Info    : 0.00 < quality < 0.10 :         0 elements
Info    : 0.10 < quality < 0.20 :         0 elements
Info    : 0.20 < quality < 0.30 :         5 elements
Info    : 0.30 < quality < 0.40 :      1030 elements
Info    : 0.40 < quality < 0.50 :      1415 elements
Info    : 0.50 < quality < 0.60 :      3722 elements
Info    : 0.60 < quality < 0.70 :     13057 elements
Info    : 0.70 < quality < 0.80 :     16516 elements
Info    : 0.80 < quality < 0.90 :      5104 elements
Info    : 0.90 < quality < 1.00 :      3881 elements
Info    : Optimizing volume 2
Info    : Optimization starts (volume = 0.256468) with worst = 0.030997 / average = 0.741695:
Info    : 0.00 < quality < 0.10 :         1 elements
Info    : 0.10 < quality < 0.20 :         5 elements
Info    : 0.20 < quality < 0.30 :        10 elements
Info    : 0.30 < quality < 0.40 :        16 elements
Info    : 0.40 < quality < 0.50 :        18 elements
Info    : 0.50 < quality < 0.60 :        26 elements
Info    : 0.60 < quality < 0.70 :        71 elements
Info    : 0.70 < quality < 0.80 :       179 elements
Info    : 0.80 < quality < 0.90 :       162 elements
Info    : 0.90 < quality < 1.00 :        62 elements
Info    : 16 edge swaps, 1 node relocations (volume = 0.256468): worst = 0.275941 / average = 0.760906 (Wall 0.000164461s, CPU 0.000167s)
Info    : 17 edge swaps, 1 node relocations (volume = 0.256468): worst = 0.300101 / average = 0.762128 (Wall 0.000205534s, CPU 0.000208s)
Info    : No ill-shaped tets in the mesh :-)
Info    : 0.00 < quality < 0.10 :         0 elements
Info    : 0.10 < quality < 0.20 :         0 elements
Info    : 0.20 < quality < 0.30 :         0 elements
Info    : 0.30 < quality < 0.40 :        15 elements
Info    : 0.40 < quality < 0.50 :        14 elements
Info    : 0.50 < quality < 0.60 :        25 elements
Info    : 0.60 < quality < 0.70 :        70 elements
Info    : 0.70 < quality < 0.80 :       184 elements
Info    : 0.80 < quality < 0.90 :       162 elements
Info    : 0.90 < quality < 1.00 :        64 elements
Info    : Done optimizing mesh (Wall 0.0647986s, CPU 0.064797s)
Info    : 14200 nodes 71524 elements
Info    : Meshing order 2 (curvilinear on)...
Info    : [  0%] Meshing curve 1 order 2
Info    : [ 10%] Meshing curve 2 order 2
Info    : [ 10%] Meshing curve 3 order 2
Info    : [ 20%] Meshing curve 4 order 2
Info    : [ 20%] Meshing curve 5 order 2
Info    : [ 30%] Meshing curve 6 order 2
Info    : [ 30%] Meshing curve 7 order 2
Info    : [ 40%] Meshing curve 8 order 2
Info    : [ 40%] Meshing curve 9 order 2
Info    : [ 50%] Meshing curve 10 order 2
Info    : [ 50%] Meshing curve 11 order 2
Info    : [ 60%] Meshing curve 12 order 2
Info    : [ 60%] Meshing curve 13 order 2
Info    : [ 70%] Meshing surface 1 order 2
Info    : [ 70%] Meshing surface 2 order 2
Info    : [ 80%] Meshing surface 3 order 2
Info    : [ 80%] Meshing surface 4 order 2
Info    : [ 90%] Meshing surface 5 order 2
Info    : [ 90%] Meshing surface 6 order 2
Info    : [100%] Meshing volume 1 order 2
Info    : [100%] Meshing volume 2 order 2
Info    : Surface mesh: worst distortion = 0.797589 (0 elements in ]0, 0.2]); worst gamma = 0.499267
Info    : Volume mesh: worst distortion = 0.243307 (0 elements in ]0, 0.2])
Info    : Done meshing order 2 (Wall 2.34463s, CPU 2.34428s)
Info    : Writing '/home/user/mscr-mom/현서/scripts/contact_scenarios/fea/matv2wire_mesh_LM50_phi00_b0_s60.inp'...
Info    : Done writing '/home/user/mscr-mom/현서/scripts/contact_scenarios/fea/matv2wire_mesh_LM50_phi00_b0_s60.inp'
  [LM50_phi00_b0] F_mag=0.0007mN  (217.2s)
[LM50_phi00_b0 7/10] L_M=50.0, phi=0.0, beta=0.0, s=70.0mm, push_depth=0.1mm (wire) ...
Info    : Meshing 1D...
Info    : [  0%] Meshing curve 1 (BSpline)
Info    : [ 10%] Meshing curve 2 (Ellipse)
Info    : [ 20%] Meshing curve 3 (Ellipse)
Info    : [ 30%] Meshing curve 4 (BSpline)
Info    : [ 40%] Meshing curve 5 (BSpline)
Info    : [ 40%] Meshing curve 6 (BSpline)
Info    : [ 50%] Meshing curve 7 (BSpline)
Info    : [ 60%] Meshing curve 8 (BSpline)
Info    : [ 70%] Meshing curve 9 (BSpline)
Info    : [ 70%] Meshing curve 10 (BSpline)
Info    : [ 90%] Meshing curve 12 (Circle)
Info    : Done meshing 1D (Wall 0.00624195s, CPU 0.006234s)
Info    : Meshing 2D...
Info    : [  0%] Meshing surface 1 (Plane, Frontal-Delaunay)
Info    : [ 20%] Meshing surface 2 (Plane, Frontal-Delaunay)
Info    : [ 40%] Meshing surface 3 (BSpline surface, Frontal-Delaunay)
Info    : [ 60%] Meshing surface 4 (BSpline surface, Frontal-Delaunay)
Info    : [ 70%] Meshing surface 5 (Plane, Frontal-Delaunay)
Info    : [ 90%] Meshing surface 6 (Sphere, Frontal-Delaunay)
Info    : Done meshing 2D (Wall 0.483172s, CPU 0.483119s)
Info    : Meshing 3D...
Info    : 3D Meshing 2 volumes with 2 connected components
Info    : Tetrahedrizing 12298 nodes...
Info    : Done tetrahedrizing 12306 nodes (Wall 0.163475s, CPU 0.156491s)
Info    : Reconstructing mesh...
Info    :  - Creating surface mesh
Info    :  - Identifying boundary edges
Info    :  - Recovering boundary
Info    : Done reconstructing mesh (Wall 0.371402s, CPU 0.354404s)
Info    : Found volume 1
Info    : It. 0 - 0 nodes created - worst tet radius 1.05159 (nodes removed 0 0)
Info    : It. 500 - 500 nodes created - worst tet radius 1.00667 (nodes removed 0 0)
Info    : It. 1000 - 1000 nodes created - worst tet radius 1.00632 (nodes removed 0 0)
Info    : 3D refinement terminated (13622 nodes total):
Info    :  - 0 Delaunay cavities modified for star shapeness
Info    :  - 0 nodes could not be inserted
Info    :  - 46136 tetrahedra created in 0.0497578 sec. (927210 tets/s)
Info    : 0 node relocations
Info    : Tetrahedrizing 132 nodes...
Info    : Done tetrahedrizing 140 nodes (Wall 0.000763146s, CPU 0.000765s)
Info    : Reconstructing mesh...
Info    :  - Creating surface mesh
Info    :  - Identifying boundary edges
Info    :  - Recovering boundary
Info    : Done reconstructing mesh (Wall 0.00209931s, CPU 0.002101s)
Info    : Found volume 2
Info    : It. 0 - 0 nodes created - worst tet radius 3.18126 (nodes removed 0 0)
Info    : 3D refinement terminated (12517 nodes total):
Info    :  - 0 Delaunay cavities modified for star shapeness
Info    :  - 0 nodes could not be inserted
Info    :  - 550 tetrahedra created in 0.00537565 sec. (102313 tets/s)
Info    : 0 node relocations
Info    : Done meshing 3D (Wall 0.65229s, CPU 0.635254s)
Info    : Optimizing mesh...
Info    : Optimizing volume 1
Info    : Optimization starts (volume = 235.488) with worst = 0.000186131 / average = 0.692841:
Info    : 0.00 < quality < 0.10 :       350 elements
Info    : 0.10 < quality < 0.20 :       203 elements
Info    : 0.20 < quality < 0.30 :       927 elements
Info    : 0.30 < quality < 0.40 :      1225 elements
Info    : 0.40 < quality < 0.50 :      1804 elements
Info    : 0.50 < quality < 0.60 :      3214 elements
Info    : 0.60 < quality < 0.70 :     12833 elements
Info    : 0.70 < quality < 0.80 :     17096 elements
Info    : 0.80 < quality < 0.90 :      4606 elements
Info    : 0.90 < quality < 1.00 :      3878 elements
Info    : 1427 edge swaps, 27 node relocations (volume = 235.488): worst = 0.129869 / average = 0.711326 (Wall 0.0170448s, CPU 0.017044s)
Info    : 1465 edge swaps, 29 node relocations (volume = 235.488): worst = 0.190975 / average = 0.711802 (Wall 0.0203933s, CPU 0.020393s)
Info    : 1469 edge swaps, 29 node relocations (volume = 235.488): worst = 0.211743 / average = 0.711844 (Wall 0.0236165s, CPU 0.023615s)
Info    : 1470 edge swaps, 29 node relocations (volume = 235.488): worst = 0.239676 / average = 0.711859 (Wall 0.0269807s, CPU 0.02698s)
Info    : No ill-shaped tets in the mesh :-)
Info    : 0.00 < quality < 0.10 :         0 elements
Info    : 0.10 < quality < 0.20 :         0 elements
Info    : 0.20 < quality < 0.30 :         5 elements
Info    : 0.30 < quality < 0.40 :      1030 elements
Info    : 0.40 < quality < 0.50 :      1415 elements
Info    : 0.50 < quality < 0.60 :      3722 elements
Info    : 0.60 < quality < 0.70 :     13057 elements
Info    : 0.70 < quality < 0.80 :     16516 elements
Info    : 0.80 < quality < 0.90 :      5104 elements
Info    : 0.90 < quality < 1.00 :      3881 elements
Info    : Optimizing volume 2
Info    : Optimization starts (volume = 0.256468) with worst = 0.030997 / average = 0.741695:
Info    : 0.00 < quality < 0.10 :         1 elements
Info    : 0.10 < quality < 0.20 :         5 elements
Info    : 0.20 < quality < 0.30 :        10 elements
Info    : 0.30 < quality < 0.40 :        16 elements
Info    : 0.40 < quality < 0.50 :        18 elements
Info    : 0.50 < quality < 0.60 :        26 elements
Info    : 0.60 < quality < 0.70 :        71 elements
Info    : 0.70 < quality < 0.80 :       179 elements
Info    : 0.80 < quality < 0.90 :       162 elements
Info    : 0.90 < quality < 1.00 :        62 elements
Info    : 16 edge swaps, 1 node relocations (volume = 0.256468): worst = 0.275941 / average = 0.760906 (Wall 0.000171752s, CPU 0.000175s)
Info    : 17 edge swaps, 1 node relocations (volume = 0.256468): worst = 0.300101 / average = 0.762128 (Wall 0.000213707s, CPU 0.000217s)
Info    : No ill-shaped tets in the mesh :-)
Info    : 0.00 < quality < 0.10 :         0 elements
Info    : 0.10 < quality < 0.20 :         0 elements
Info    : 0.20 < quality < 0.30 :         0 elements
Info    : 0.30 < quality < 0.40 :        15 elements
Info    : 0.40 < quality < 0.50 :        14 elements
Info    : 0.50 < quality < 0.60 :        25 elements
Info    : 0.60 < quality < 0.70 :        70 elements
Info    : 0.70 < quality < 0.80 :       184 elements
Info    : 0.80 < quality < 0.90 :       162 elements
Info    : 0.90 < quality < 1.00 :        64 elements
Info    : Done optimizing mesh (Wall 0.061022s, CPU 0.061019s)
Info    : 14200 nodes 71524 elements
Info    : Meshing order 2 (curvilinear on)...
Info    : [  0%] Meshing curve 1 order 2
Info    : [ 10%] Meshing curve 2 order 2
Info    : [ 10%] Meshing curve 3 order 2
Info    : [ 20%] Meshing curve 4 order 2
Info    : [ 20%] Meshing curve 5 order 2
Info    : [ 30%] Meshing curve 6 order 2
Info    : [ 30%] Meshing curve 7 order 2
Info    : [ 40%] Meshing curve 8 order 2
Info    : [ 40%] Meshing curve 9 order 2
Info    : [ 50%] Meshing curve 10 order 2
Info    : [ 50%] Meshing curve 11 order 2
Info    : [ 60%] Meshing curve 12 order 2
Info    : [ 60%] Meshing curve 13 order 2
Info    : [ 70%] Meshing surface 1 order 2
Info    : [ 70%] Meshing surface 2 order 2
Info    : [ 80%] Meshing surface 3 order 2
Info    : [ 80%] Meshing surface 4 order 2
Info    : [ 90%] Meshing surface 5 order 2
Info    : [ 90%] Meshing surface 6 order 2
Info    : [100%] Meshing volume 1 order 2
Info    : [100%] Meshing volume 2 order 2
Info    : Surface mesh: worst distortion = 0.797589 (0 elements in ]0, 0.2]); worst gamma = 0.499267
Info    : Volume mesh: worst distortion = 0.243307 (0 elements in ]0, 0.2])
Info    : Done meshing order 2 (Wall 2.41918s, CPU 2.41869s)
Info    : Writing '/home/user/mscr-mom/현서/scripts/contact_scenarios/fea/matv2wire_mesh_LM50_phi00_b0_s70.inp'...
Info    : Done writing '/home/user/mscr-mom/현서/scripts/contact_scenarios/fea/matv2wire_mesh_LM50_phi00_b0_s70.inp'
  [LM50_phi00_b0] F_mag=0.0004mN  (146.2s)
[LM50_phi00_b0 8/10] L_M=50.0, phi=0.0, beta=0.0, s=80.0mm, push_depth=0.1mm (wire) ...
Info    : Meshing 1D...
Info    : [  0%] Meshing curve 1 (BSpline)
Info    : [ 10%] Meshing curve 2 (Ellipse)
Info    : [ 20%] Meshing curve 3 (Ellipse)
Info    : [ 30%] Meshing curve 4 (BSpline)
Info    : [ 40%] Meshing curve 5 (BSpline)
Info    : [ 40%] Meshing curve 6 (BSpline)
Info    : [ 50%] Meshing curve 7 (BSpline)
Info    : [ 60%] Meshing curve 8 (BSpline)
Info    : [ 70%] Meshing curve 9 (BSpline)
Info    : [ 70%] Meshing curve 10 (BSpline)
Info    : [ 90%] Meshing curve 12 (Circle)
Info    : Done meshing 1D (Wall 0.0062297s, CPU 0.005226s)
Info    : Meshing 2D...
Info    : [  0%] Meshing surface 1 (Plane, Frontal-Delaunay)
Info    : [ 20%] Meshing surface 2 (Plane, Frontal-Delaunay)
Info    : [ 40%] Meshing surface 3 (BSpline surface, Frontal-Delaunay)
Info    : [ 60%] Meshing surface 4 (BSpline surface, Frontal-Delaunay)
Info    : [ 70%] Meshing surface 5 (Plane, Frontal-Delaunay)
Info    : [ 90%] Meshing surface 6 (Sphere, Frontal-Delaunay)
Info    : Done meshing 2D (Wall 0.472767s, CPU 0.471758s)
Info    : Meshing 3D...
Info    : 3D Meshing 2 volumes with 2 connected components
Info    : Tetrahedrizing 12298 nodes...
Info    : Done tetrahedrizing 12306 nodes (Wall 0.163021s, CPU 0.157028s)
Info    : Reconstructing mesh...
Info    :  - Creating surface mesh
Info    :  - Identifying boundary edges
Info    :  - Recovering boundary
Info    : Done reconstructing mesh (Wall 0.366252s, CPU 0.354259s)
Info    : Found volume 1
Info    : It. 0 - 0 nodes created - worst tet radius 1.05159 (nodes removed 0 0)
Info    : It. 500 - 500 nodes created - worst tet radius 1.00667 (nodes removed 0 0)
Info    : It. 1000 - 1000 nodes created - worst tet radius 1.00632 (nodes removed 0 0)
Info    : 3D refinement terminated (13622 nodes total):
Info    :  - 0 Delaunay cavities modified for star shapeness
Info    :  - 0 nodes could not be inserted
Info    :  - 46136 tetrahedra created in 0.0501888 sec. (919249 tets/s)
Info    : 0 node relocations
Info    : Tetrahedrizing 132 nodes...
Info    : Done tetrahedrizing 140 nodes (Wall 0.000731989s, CPU 0.000734s)
Info    : Reconstructing mesh...
Info    :  - Creating surface mesh
Info    :  - Identifying boundary edges
Info    :  - Recovering boundary
Info    : Done reconstructing mesh (Wall 0.00203478s, CPU 0.002034s)
Info    : Found volume 2
Info    : It. 0 - 0 nodes created - worst tet radius 3.18126 (nodes removed 0 0)
Info    : 3D refinement terminated (12517 nodes total):
Info    :  - 0 Delaunay cavities modified for star shapeness
Info    :  - 0 nodes could not be inserted
Info    :  - 550 tetrahedra created in 0.00586655 sec. (93751 tets/s)
Info    : 0 node relocations
Info    : Done meshing 3D (Wall 0.648851s, CPU 0.636791s)
Info    : Optimizing mesh...
Info    : Optimizing volume 1
Info    : Optimization starts (volume = 235.488) with worst = 0.000186131 / average = 0.692841:
Info    : 0.00 < quality < 0.10 :       350 elements
Info    : 0.10 < quality < 0.20 :       203 elements
Info    : 0.20 < quality < 0.30 :       927 elements
Info    : 0.30 < quality < 0.40 :      1225 elements
Info    : 0.40 < quality < 0.50 :      1804 elements
Info    : 0.50 < quality < 0.60 :      3214 elements
Info    : 0.60 < quality < 0.70 :     12833 elements
Info    : 0.70 < quality < 0.80 :     17096 elements
Info    : 0.80 < quality < 0.90 :      4606 elements
Info    : 0.90 < quality < 1.00 :      3878 elements
Info    : 1427 edge swaps, 27 node relocations (volume = 235.488): worst = 0.129869 / average = 0.711326 (Wall 0.0172156s, CPU 0.016251s)
Info    : 1465 edge swaps, 29 node relocations (volume = 235.488): worst = 0.190975 / average = 0.711802 (Wall 0.0211906s, CPU 0.020227s)
Info    : 1469 edge swaps, 29 node relocations (volume = 235.488): worst = 0.211743 / average = 0.711844 (Wall 0.0243092s, CPU 0.023342s)
Info    : 1470 edge swaps, 29 node relocations (volume = 235.488): worst = 0.239676 / average = 0.711859 (Wall 0.0271448s, CPU 0.026177s)
Info    : No ill-shaped tets in the mesh :-)
Info    : 0.00 < quality < 0.10 :         0 elements
Info    : 0.10 < quality < 0.20 :         0 elements
Info    : 0.20 < quality < 0.30 :         5 elements
Info    : 0.30 < quality < 0.40 :      1030 elements
Info    : 0.40 < quality < 0.50 :      1415 elements
Info    : 0.50 < quality < 0.60 :      3722 elements
Info    : 0.60 < quality < 0.70 :     13057 elements
Info    : 0.70 < quality < 0.80 :     16516 elements
Info    : 0.80 < quality < 0.90 :      5104 elements
Info    : 0.90 < quality < 1.00 :      3881 elements
Info    : Optimizing volume 2
Info    : Optimization starts (volume = 0.256468) with worst = 0.030997 / average = 0.741695:
Info    : 0.00 < quality < 0.10 :         1 elements
Info    : 0.10 < quality < 0.20 :         5 elements
Info    : 0.20 < quality < 0.30 :        10 elements
Info    : 0.30 < quality < 0.40 :        16 elements
Info    : 0.40 < quality < 0.50 :        18 elements
Info    : 0.50 < quality < 0.60 :        26 elements
Info    : 0.60 < quality < 0.70 :        71 elements
Info    : 0.70 < quality < 0.80 :       179 elements
Info    : 0.80 < quality < 0.90 :       162 elements
Info    : 0.90 < quality < 1.00 :        62 elements
Info    : 16 edge swaps, 1 node relocations (volume = 0.256468): worst = 0.275941 / average = 0.760906 (Wall 0.000154096s, CPU 0.000151s)
Info    : 17 edge swaps, 1 node relocations (volume = 0.256468): worst = 0.300101 / average = 0.762128 (Wall 0.000194087s, CPU 0.00019s)
Info    : No ill-shaped tets in the mesh :-)
Info    : 0.00 < quality < 0.10 :         0 elements
Info    : 0.10 < quality < 0.20 :         0 elements
Info    : 0.20 < quality < 0.30 :         0 elements
Info    : 0.30 < quality < 0.40 :        15 elements
Info    : 0.40 < quality < 0.50 :        14 elements
Info    : 0.50 < quality < 0.60 :        25 elements
Info    : 0.60 < quality < 0.70 :        70 elements
Info    : 0.70 < quality < 0.80 :       184 elements
Info    : 0.80 < quality < 0.90 :       162 elements
Info    : 0.90 < quality < 1.00 :        64 elements
Info    : Done optimizing mesh (Wall 0.0571229s, CPU 0.05613s)
Info    : 14200 nodes 71524 elements
Info    : Meshing order 2 (curvilinear on)...
Info    : [  0%] Meshing curve 1 order 2
Info    : [ 10%] Meshing curve 2 order 2
Info    : [ 10%] Meshing curve 3 order 2
Info    : [ 20%] Meshing curve 4 order 2
Info    : [ 20%] Meshing curve 5 order 2
Info    : [ 30%] Meshing curve 6 order 2
Info    : [ 30%] Meshing curve 7 order 2
Info    : [ 40%] Meshing curve 8 order 2
Info    : [ 40%] Meshing curve 9 order 2
Info    : [ 50%] Meshing curve 10 order 2
Info    : [ 50%] Meshing curve 11 order 2
Info    : [ 60%] Meshing curve 12 order 2
Info    : [ 60%] Meshing curve 13 order 2
Info    : [ 70%] Meshing surface 1 order 2
Info    : [ 70%] Meshing surface 2 order 2
Info    : [ 80%] Meshing surface 3 order 2
Info    : [ 80%] Meshing surface 4 order 2
Info    : [ 90%] Meshing surface 5 order 2
Info    : [ 90%] Meshing surface 6 order 2
Info    : [100%] Meshing volume 1 order 2
Info    : [100%] Meshing volume 2 order 2
Info    : Surface mesh: worst distortion = 0.797589 (0 elements in ]0, 0.2]); worst gamma = 0.499267
Info    : Volume mesh: worst distortion = 0.243307 (0 elements in ]0, 0.2])
Info    : Done meshing order 2 (Wall 2.35479s, CPU 2.35457s)
Info    : Writing '/home/user/mscr-mom/현서/scripts/contact_scenarios/fea/matv2wire_mesh_LM50_phi00_b0_s80.inp'...
Info    : Done writing '/home/user/mscr-mom/현서/scripts/contact_scenarios/fea/matv2wire_mesh_LM50_phi00_b0_s80.inp'
  [LM50_phi00_b0] F_mag=0.0003mN  (362.0s)
[LM50_phi00_b0 9/10] L_M=50.0, phi=0.0, beta=0.0, s=90.0mm, push_depth=0.1mm (wire) ...
Info    : Meshing 1D...
Info    : [  0%] Meshing curve 1 (BSpline)
Info    : [ 10%] Meshing curve 2 (Ellipse)
Info    : [ 20%] Meshing curve 3 (Ellipse)
Info    : [ 30%] Meshing curve 4 (BSpline)
Info    : [ 40%] Meshing curve 5 (BSpline)
Info    : [ 40%] Meshing curve 6 (BSpline)
Info    : [ 50%] Meshing curve 7 (BSpline)
Info    : [ 60%] Meshing curve 8 (BSpline)
Info    : [ 70%] Meshing curve 9 (BSpline)
Info    : [ 70%] Meshing curve 10 (BSpline)
Info    : [ 90%] Meshing curve 12 (Circle)
Info    : Done meshing 1D (Wall 0.00580308s, CPU 0.005771s)
Info    : Meshing 2D...
Info    : [  0%] Meshing surface 1 (Plane, Frontal-Delaunay)
Info    : [ 20%] Meshing surface 2 (Plane, Frontal-Delaunay)
Info    : [ 40%] Meshing surface 3 (BSpline surface, Frontal-Delaunay)
Info    : [ 60%] Meshing surface 4 (BSpline surface, Frontal-Delaunay)
Info    : [ 70%] Meshing surface 5 (Plane, Frontal-Delaunay)
Info    : [ 90%] Meshing surface 6 (Sphere, Frontal-Delaunay)
Info    : Done meshing 2D (Wall 0.470083s, CPU 0.468777s)
Info    : Meshing 3D...
Info    : 3D Meshing 2 volumes with 2 connected components
Info    : Tetrahedrizing 12298 nodes...
Info    : Done tetrahedrizing 12306 nodes (Wall 0.161211s, CPU 0.151192s)
Info    : Reconstructing mesh...
Info    :  - Creating surface mesh
Info    :  - Identifying boundary edges
Info    :  - Recovering boundary
Info    : Done reconstructing mesh (Wall 0.360874s, CPU 0.343859s)
Info    : Found volume 1
Info    : It. 0 - 0 nodes created - worst tet radius 1.05159 (nodes removed 0 0)
Info    : It. 500 - 500 nodes created - worst tet radius 1.00667 (nodes removed 0 0)
Info    : It. 1000 - 1000 nodes created - worst tet radius 1.00632 (nodes removed 0 0)
Info    : 3D refinement terminated (13622 nodes total):
Info    :  - 0 Delaunay cavities modified for star shapeness
Info    :  - 0 nodes could not be inserted
Info    :  - 46136 tetrahedra created in 0.0515564 sec. (894864 tets/s)
Info    : 0 node relocations
Info    : Tetrahedrizing 132 nodes...
Info    : Done tetrahedrizing 140 nodes (Wall 0.000761218s, CPU 0.000762s)
Info    : Reconstructing mesh...
Info    :  - Creating surface mesh
Info    :  - Identifying boundary edges
Info    :  - Recovering boundary
Info    : Done reconstructing mesh (Wall 0.00232319s, CPU 0.002327s)
Info    : Found volume 2
Info    : It. 0 - 0 nodes created - worst tet radius 3.18126 (nodes removed 0 0)
Info    : 3D refinement terminated (12517 nodes total):
Info    :  - 0 Delaunay cavities modified for star shapeness
Info    :  - 0 nodes could not be inserted
Info    :  - 550 tetrahedra created in 0.00403177 sec. (136416 tets/s)
Info    : 0 node relocations
Info    : Done meshing 3D (Wall 0.674515s, CPU 0.657463s)
Info    : Optimizing mesh...
Info    : Optimizing volume 1
Info    : Optimization starts (volume = 235.488) with worst = 0.000186131 / average = 0.692841:
Info    : 0.00 < quality < 0.10 :       350 elements
Info    : 0.10 < quality < 0.20 :       203 elements
Info    : 0.20 < quality < 0.30 :       927 elements
Info    : 0.30 < quality < 0.40 :      1225 elements
Info    : 0.40 < quality < 0.50 :      1804 elements
Info    : 0.50 < quality < 0.60 :      3214 elements
Info    : 0.60 < quality < 0.70 :     12833 elements
Info    : 0.70 < quality < 0.80 :     17096 elements
Info    : 0.80 < quality < 0.90 :      4606 elements
Info    : 0.90 < quality < 1.00 :      3878 elements
Info    : 1427 edge swaps, 27 node relocations (volume = 235.488): worst = 0.129869 / average = 0.711326 (Wall 0.0192249s, CPU 0.019225s)
Info    : 1465 edge swaps, 29 node relocations (volume = 235.488): worst = 0.190975 / average = 0.711802 (Wall 0.0245094s, CPU 0.024509s)
Info    : 1469 edge swaps, 29 node relocations (volume = 235.488): worst = 0.211743 / average = 0.711844 (Wall 0.0288393s, CPU 0.028828s)
Info    : 1470 edge swaps, 29 node relocations (volume = 235.488): worst = 0.239676 / average = 0.711859 (Wall 0.0330459s, CPU 0.03207s)
Info    : No ill-shaped tets in the mesh :-)
Info    : 0.00 < quality < 0.10 :         0 elements
Info    : 0.10 < quality < 0.20 :         0 elements
Info    : 0.20 < quality < 0.30 :         5 elements
Info    : 0.30 < quality < 0.40 :      1030 elements
Info    : 0.40 < quality < 0.50 :      1415 elements
Info    : 0.50 < quality < 0.60 :      3722 elements
Info    : 0.60 < quality < 0.70 :     13057 elements
Info    : 0.70 < quality < 0.80 :     16516 elements
Info    : 0.80 < quality < 0.90 :      5104 elements
Info    : 0.90 < quality < 1.00 :      3881 elements
Info    : Optimizing volume 2
Info    : Optimization starts (volume = 0.256468) with worst = 0.030997 / average = 0.741695:
Info    : 0.00 < quality < 0.10 :         1 elements
Info    : 0.10 < quality < 0.20 :         5 elements
Info    : 0.20 < quality < 0.30 :        10 elements
Info    : 0.30 < quality < 0.40 :        16 elements
Info    : 0.40 < quality < 0.50 :        18 elements
Info    : 0.50 < quality < 0.60 :        26 elements
Info    : 0.60 < quality < 0.70 :        71 elements
Info    : 0.70 < quality < 0.80 :       179 elements
Info    : 0.80 < quality < 0.90 :       162 elements
Info    : 0.90 < quality < 1.00 :        62 elements
Info    : 16 edge swaps, 1 node relocations (volume = 0.256468): worst = 0.275941 / average = 0.760906 (Wall 0.000170718s, CPU 0.000168s)
Info    : 17 edge swaps, 1 node relocations (volume = 0.256468): worst = 0.300101 / average = 0.762128 (Wall 0.000213122s, CPU 0.000209s)
Info    : No ill-shaped tets in the mesh :-)
Info    : 0.00 < quality < 0.10 :         0 elements
Info    : 0.10 < quality < 0.20 :         0 elements
Info    : 0.20 < quality < 0.30 :         0 elements
Info    : 0.30 < quality < 0.40 :        15 elements
Info    : 0.40 < quality < 0.50 :        14 elements
Info    : 0.50 < quality < 0.60 :        25 elements
Info    : 0.60 < quality < 0.70 :        70 elements
Info    : 0.70 < quality < 0.80 :       184 elements
Info    : 0.80 < quality < 0.90 :       162 elements
Info    : 0.90 < quality < 1.00 :        64 elements
Info    : Done optimizing mesh (Wall 0.065691s, CPU 0.064684s)
Info    : 14200 nodes 71524 elements
Info    : Meshing order 2 (curvilinear on)...
Info    : [  0%] Meshing curve 1 order 2
Info    : [ 10%] Meshing curve 2 order 2
Info    : [ 10%] Meshing curve 3 order 2
Info    : [ 20%] Meshing curve 4 order 2
Info    : [ 20%] Meshing curve 5 order 2
Info    : [ 30%] Meshing curve 6 order 2
Info    : [ 30%] Meshing curve 7 order 2
Info    : [ 40%] Meshing curve 8 order 2
Info    : [ 40%] Meshing curve 9 order 2
Info    : [ 50%] Meshing curve 10 order 2
Info    : [ 50%] Meshing curve 11 order 2
Info    : [ 60%] Meshing curve 12 order 2
Info    : [ 60%] Meshing curve 13 order 2
Info    : [ 70%] Meshing surface 1 order 2
Info    : [ 70%] Meshing surface 2 order 2
Info    : [ 80%] Meshing surface 3 order 2
Info    : [ 80%] Meshing surface 4 order 2
Info    : [ 90%] Meshing surface 5 order 2
Info    : [ 90%] Meshing surface 6 order 2
Info    : [100%] Meshing volume 1 order 2
Info    : [100%] Meshing volume 2 order 2
Info    : Surface mesh: worst distortion = 0.797589 (0 elements in ]0, 0.2]); worst gamma = 0.499267
Info    : Volume mesh: worst distortion = 0.243307 (0 elements in ]0, 0.2])
Info    : Done meshing order 2 (Wall 2.38483s, CPU 2.38427s)
Info    : Writing '/home/user/mscr-mom/현서/scripts/contact_scenarios/fea/matv2wire_mesh_LM50_phi00_b0_s90.inp'...
Info    : Done writing '/home/user/mscr-mom/현서/scripts/contact_scenarios/fea/matv2wire_mesh_LM50_phi00_b0_s90.inp'
  [LM50_phi00_b0] F_mag=0.0002mN  (224.5s)
[LM50_phi00_b0 10/10] L_M=50.0, phi=0.0, beta=0.0, s=100.0mm, push_depth=0.1mm (wire) ...
Info    : Meshing 1D...
Info    : [  0%] Meshing curve 1 (BSpline)
Info    : [ 10%] Meshing curve 2 (Ellipse)
Info    : [ 20%] Meshing curve 3 (Ellipse)
Info    : [ 30%] Meshing curve 4 (BSpline)
Info    : [ 40%] Meshing curve 5 (BSpline)
Info    : [ 40%] Meshing curve 6 (BSpline)
Info    : [ 50%] Meshing curve 7 (BSpline)
Info    : [ 60%] Meshing curve 8 (BSpline)
Info    : [ 70%] Meshing curve 9 (BSpline)
Info    : [ 70%] Meshing curve 10 (BSpline)
Info    : [ 90%] Meshing curve 12 (Circle)
Info    : Done meshing 1D (Wall 0.00623903s, CPU 0.005196s)
Info    : Meshing 2D...
Info    : [  0%] Meshing surface 1 (Plane, Frontal-Delaunay)
Info    : [ 20%] Meshing surface 2 (Plane, Frontal-Delaunay)
Info    : [ 40%] Meshing surface 3 (BSpline surface, Frontal-Delaunay)
Info    : [ 60%] Meshing surface 4 (BSpline surface, Frontal-Delaunay)
Info    : [ 70%] Meshing surface 5 (Plane, Frontal-Delaunay)
Info    : [ 90%] Meshing surface 6 (Sphere, Frontal-Delaunay)
Info    : Done meshing 2D (Wall 0.464669s, CPU 0.464573s)
Info    : Meshing 3D...
Info    : 3D Meshing 2 volumes with 2 connected components
Info    : Tetrahedrizing 12298 nodes...
Info    : Done tetrahedrizing 12306 nodes (Wall 0.158212s, CPU 0.152224s)
Info    : Reconstructing mesh...
Info    :  - Creating surface mesh
Info    :  - Identifying boundary edges
Info    :  - Recovering boundary
Info    : Done reconstructing mesh (Wall 0.369619s, CPU 0.354624s)
Info    : Found volume 1
Info    : It. 0 - 0 nodes created - worst tet radius 1.05159 (nodes removed 0 0)
Info    : It. 500 - 500 nodes created - worst tet radius 1.00667 (nodes removed 0 0)
Info    : It. 1000 - 1000 nodes created - worst tet radius 1.00632 (nodes removed 0 0)
Info    : 3D refinement terminated (13622 nodes total):
Info    :  - 0 Delaunay cavities modified for star shapeness
Info    :  - 0 nodes could not be inserted
Info    :  - 46136 tetrahedra created in 0.0592915 sec. (778121 tets/s)
Info    : 0 node relocations
Info    : Tetrahedrizing 132 nodes...
Info    : Done tetrahedrizing 140 nodes (Wall 0.000771988s, CPU 0.000774s)
Info    : Reconstructing mesh...
Info    :  - Creating surface mesh
Info    :  - Identifying boundary edges
Info    :  - Recovering boundary
Info    : Done reconstructing mesh (Wall 0.00226321s, CPU 0.002256s)
Info    : Found volume 2
Info    : It. 0 - 0 nodes created - worst tet radius 3.18126 (nodes removed 0 0)
Info    : 3D refinement terminated (12517 nodes total):
Info    :  - 0 Delaunay cavities modified for star shapeness
Info    :  - 0 nodes could not be inserted
Info    :  - 550 tetrahedra created in 0.00680954 sec. (80769 tets/s)
Info    : 0 node relocations
Info    : Done meshing 3D (Wall 0.70797s, CPU 0.692951s)
Info    : Optimizing mesh...
Info    : Optimizing volume 1
Info    : Optimization starts (volume = 235.488) with worst = 0.000186131 / average = 0.692841:
Info    : 0.00 < quality < 0.10 :       350 elements
Info    : 0.10 < quality < 0.20 :       203 elements
Info    : 0.20 < quality < 0.30 :       927 elements
Info    : 0.30 < quality < 0.40 :      1225 elements
Info    : 0.40 < quality < 0.50 :      1804 elements
Info    : 0.50 < quality < 0.60 :      3214 elements
Info    : 0.60 < quality < 0.70 :     12833 elements
Info    : 0.70 < quality < 0.80 :     17096 elements
Info    : 0.80 < quality < 0.90 :      4606 elements
Info    : 0.90 < quality < 1.00 :      3878 elements
Info    : 1427 edge swaps, 27 node relocations (volume = 235.488): worst = 0.129869 / average = 0.711326 (Wall 0.0180884s, CPU 0.018088s)
Info    : 1465 edge swaps, 29 node relocations (volume = 235.488): worst = 0.190975 / average = 0.711802 (Wall 0.0213144s, CPU 0.021314s)
Info    : 1469 edge swaps, 29 node relocations (volume = 235.488): worst = 0.211743 / average = 0.711844 (Wall 0.0240546s, CPU 0.024055s)
Info    : 1470 edge swaps, 29 node relocations (volume = 235.488): worst = 0.239676 / average = 0.711859 (Wall 0.026419s, CPU 0.02642s)
Info    : No ill-shaped tets in the mesh :-)
Info    : 0.00 < quality < 0.10 :         0 elements
Info    : 0.10 < quality < 0.20 :         0 elements
Info    : 0.20 < quality < 0.30 :         5 elements
Info    : 0.30 < quality < 0.40 :      1030 elements
Info    : 0.40 < quality < 0.50 :      1415 elements
Info    : 0.50 < quality < 0.60 :      3722 elements
Info    : 0.60 < quality < 0.70 :     13057 elements
Info    : 0.70 < quality < 0.80 :     16516 elements
Info    : 0.80 < quality < 0.90 :      5104 elements
Info    : 0.90 < quality < 1.00 :      3881 elements
Info    : Optimizing volume 2
Info    : Optimization starts (volume = 0.256468) with worst = 0.030997 / average = 0.741695:
Info    : 0.00 < quality < 0.10 :         1 elements
Info    : 0.10 < quality < 0.20 :         5 elements
Info    : 0.20 < quality < 0.30 :        10 elements
Info    : 0.30 < quality < 0.40 :        16 elements
Info    : 0.40 < quality < 0.50 :        18 elements
Info    : 0.50 < quality < 0.60 :        26 elements
Info    : 0.60 < quality < 0.70 :        71 elements
Info    : 0.70 < quality < 0.80 :       179 elements
Info    : 0.80 < quality < 0.90 :       162 elements
Info    : 0.90 < quality < 1.00 :        62 elements
Info    : 16 edge swaps, 1 node relocations (volume = 0.256468): worst = 0.275941 / average = 0.760906 (Wall 0.000174034s, CPU 0.000175s)
Info    : 17 edge swaps, 1 node relocations (volume = 0.256468): worst = 0.300101 / average = 0.762128 (Wall 0.000215256s, CPU 0.000217s)
Info    : No ill-shaped tets in the mesh :-)
Info    : 0.00 < quality < 0.10 :         0 elements
Info    : 0.10 < quality < 0.20 :         0 elements
Info    : 0.20 < quality < 0.30 :         0 elements
Info    : 0.30 < quality < 0.40 :        15 elements
Info    : 0.40 < quality < 0.50 :        14 elements
Info    : 0.50 < quality < 0.60 :        25 elements
Info    : 0.60 < quality < 0.70 :        70 elements
Info    : 0.70 < quality < 0.80 :       184 elements
Info    : 0.80 < quality < 0.90 :       162 elements
Info    : 0.90 < quality < 1.00 :        64 elements
Info    : Done optimizing mesh (Wall 0.06264s, CPU 0.062641s)
Info    : 14200 nodes 71524 elements
Info    : Meshing order 2 (curvilinear on)...
Info    : [  0%] Meshing curve 1 order 2
Info    : [ 10%] Meshing curve 2 order 2
Info    : [ 10%] Meshing curve 3 order 2
Info    : [ 20%] Meshing curve 4 order 2
Info    : [ 20%] Meshing curve 5 order 2
Info    : [ 30%] Meshing curve 6 order 2
Info    : [ 30%] Meshing curve 7 order 2
Info    : [ 40%] Meshing curve 8 order 2
Info    : [ 40%] Meshing curve 9 order 2
Info    : [ 50%] Meshing curve 10 order 2
Info    : [ 50%] Meshing curve 11 order 2
Info    : [ 60%] Meshing curve 12 order 2
Info    : [ 60%] Meshing curve 13 order 2
Info    : [ 70%] Meshing surface 1 order 2
Info    : [ 70%] Meshing surface 2 order 2
Info    : [ 80%] Meshing surface 3 order 2
Info    : [ 80%] Meshing surface 4 order 2
Info    : [ 90%] Meshing surface 5 order 2
Info    : [ 90%] Meshing surface 6 order 2
Info    : [100%] Meshing volume 1 order 2
Info    : [100%] Meshing volume 2 order 2
Info    : Surface mesh: worst distortion = 0.797589 (0 elements in ]0, 0.2]); worst gamma = 0.499267
Info    : Volume mesh: worst distortion = 0.243307 (0 elements in ]0, 0.2])
Info    : Done meshing order 2 (Wall 2.34349s, CPU 2.34335s)
Info    : Writing '/home/user/mscr-mom/현서/scripts/contact_scenarios/fea/matv2wire_mesh_LM50_phi00_b0_s100.inp'...
Info    : Done writing '/home/user/mscr-mom/현서/scripts/contact_scenarios/fea/matv2wire_mesh_LM50_phi00_b0_s100.inp'
  [LM50_phi00_b0] [실패] (1030.6s)
[LM50_phi00_b0] 완료: 8/10 성공
