[LM0_phiP30_b0 1/10] L_M=0.0, phi=30.0, beta=0.0, s=10.0mm, push_depth=0.1mm ...
Info    : Meshing 1D...
Info    : [  0%] Meshing curve 1 (BSpline)
Info    : [ 10%] Meshing curve 2 (Ellipse)
Info    : [ 20%] Meshing curve 3 (Ellipse)
Info    : [ 30%] Meshing curve 4 (BSpline)
Info    : [ 40%] Meshing curve 5 (BSpline)
Info    : [ 50%] Meshing curve 6 (BSpline)
Info    : [ 60%] Meshing curve 7 (BSpline)
Info    : [ 60%] Meshing curve 8 (BSpline)
Info    : [ 70%] Meshing curve 9 (BSpline)
Info    : [ 90%] Meshing curve 11 (Circle)
Info    : Done meshing 1D (Wall 0.00960392s, CPU 0.009594s)
Info    : Meshing 2D...
Info    : [  0%] Meshing surface 1 (Plane, Frontal-Delaunay)
Info    : [ 20%] Meshing surface 2 (Plane, Frontal-Delaunay)
Info    : [ 40%] Meshing surface 3 (BSpline surface, Frontal-Delaunay)
Info    : [ 60%] Meshing surface 4 (BSpline surface, Frontal-Delaunay)
Info    : [ 70%] Meshing surface 5 (Plane, Frontal-Delaunay)
Info    : [ 90%] Meshing surface 6 (Sphere, Frontal-Delaunay)
Info    : Done meshing 2D (Wall 0.722098s, CPU 0.715491s)
Info    : Meshing 3D...
Info    : 3D Meshing 2 volumes with 2 connected components
Info    : Tetrahedrizing 12509 nodes...
Info    : Done tetrahedrizing 12517 nodes (Wall 0.140269s, CPU 0.134255s)
Info    : Reconstructing mesh...
Info    :  - Creating surface mesh
Info    :  - Identifying boundary edges
Info    :  - Recovering boundary
Info    : Done reconstructing mesh (Wall 0.411146s, CPU 0.388113s)
Info    : Found volume 1
Info    : It. 0 - 0 nodes created - worst tet radius 1.0711 (nodes removed 0 0)
Info    : 3D refinement terminated (13091 nodes total):
Info    :  - 0 Delaunay cavities modified for star shapeness
Info    :  - 0 nodes could not be inserted
Info    :  - 41112 tetrahedra created in 0.0272673 sec. (1507740 tets/s)
Info    : 0 node relocations
Info    : Tetrahedrizing 131 nodes...
Info    : Done tetrahedrizing 139 nodes (Wall 0.000736826s, CPU 0.000734s)
Info    : Reconstructing mesh...
Info    :  - Creating surface mesh
Info    :  - Identifying boundary edges
Info    :  - Recovering boundary
Info    : Done reconstructing mesh (Wall 0.00180013s, CPU 0.001804s)
Info    : Found volume 2
Info    : It. 0 - 0 nodes created - worst tet radius 3.1127 (nodes removed 0 0)
Info    : 3D refinement terminated (12717 nodes total):
Info    :  - 0 Delaunay cavities modified for star shapeness
Info    :  - 0 nodes could not be inserted
Info    :  - 465 tetrahedra created in 0.00474873 sec. (97920 tets/s)
Info    : 0 node relocations
Info    : Done meshing 3D (Wall 0.760085s, CPU 0.734964s)
Info    : Optimizing mesh...
Info    : Optimizing volume 1
Info    : Optimization starts (volume = 235.634) with worst = 0.00190552 / average = 0.686731:
Info    : 0.00 < quality < 0.10 :       221 elements
Info    : 0.10 < quality < 0.20 :       310 elements
Info    : 0.20 < quality < 0.30 :       464 elements
Info    : 0.30 < quality < 0.40 :       482 elements
Info    : 0.40 < quality < 0.50 :       917 elements
Info    : 0.50 < quality < 0.60 :      3472 elements
Info    : 0.60 < quality < 0.70 :     12127 elements
Info    : 0.70 < quality < 0.80 :     20189 elements
Info    : 0.80 < quality < 0.90 :      1638 elements
Info    : 0.90 < quality < 1.00 :      1292 elements
Info    : 940 edge swaps, 18 node relocations (volume = 235.634): worst = 0.140514 / average = 0.700216 (Wall 0.0139903s, CPU 0.013991s)
Info    : 969 edge swaps, 18 node relocations (volume = 235.634): worst = 0.140514 / average = 0.700535 (Wall 0.0176914s, CPU 0.017692s)
Info    : No ill-shaped tets in the mesh :-)
Info    : 0.00 < quality < 0.10 :         0 elements
Info    : 0.10 < quality < 0.20 :         8 elements
Info    : 0.20 < quality < 0.30 :        12 elements
Info    : 0.30 < quality < 0.40 :       376 elements
Info    : 0.40 < quality < 0.50 :       774 elements
Info    : 0.50 < quality < 0.60 :      3521 elements
Info    : 0.60 < quality < 0.70 :     12450 elements
Info    : 0.70 < quality < 0.80 :     19982 elements
Info    : 0.80 < quality < 0.90 :      1787 elements
Info    : 0.90 < quality < 1.00 :      1291 elements
Info    : Optimizing volume 2
Info    : Optimization starts (volume = 0.25645) with worst = 0.0557115 / average = 0.740998:
Info    : 0.00 < quality < 0.10 :         1 elements
Info    : 0.10 < quality < 0.20 :         4 elements
Info    : 0.20 < quality < 0.30 :         3 elements
Info    : 0.30 < quality < 0.40 :        10 elements
Info    : 0.40 < quality < 0.50 :        10 elements
Info    : 0.50 < quality < 0.60 :        16 elements
Info    : 0.60 < quality < 0.70 :        86 elements
Info    : 0.70 < quality < 0.80 :       188 elements
Info    : 0.80 < quality < 0.90 :       109 elements
Info    : 0.90 < quality < 1.00 :        38 elements
Info    : 8 edge swaps, 0 node relocations (volume = 0.25645): worst = 0.318497 / average = 0.752936 (Wall 0.000113293s, CPU 0.000116s)
Info    : No ill-shaped tets in the mesh :-)
Info    : 0.00 < quality < 0.10 :         0 elements
Info    : 0.10 < quality < 0.20 :         0 elements
Info    : 0.20 < quality < 0.30 :         0 elements
Info    : 0.30 < quality < 0.40 :        10 elements
Info    : 0.40 < quality < 0.50 :         9 elements
Info    : 0.50 < quality < 0.60 :        13 elements
Info    : 0.60 < quality < 0.70 :        85 elements
Info    : 0.70 < quality < 0.80 :       192 elements
Info    : 0.80 < quality < 0.90 :       110 elements
Info    : 0.90 < quality < 1.00 :        38 elements
Info    : Done optimizing mesh (Wall 0.0535819s, CPU 0.05358s)
Info    : 13487 nodes 67181 elements
Info    : Meshing order 2 (curvilinear on)...
Info    : [  0%] Meshing curve 1 order 2
Info    : [ 10%] Meshing curve 2 order 2
Info    : [ 20%] Meshing curve 3 order 2
Info    : [ 20%] Meshing curve 4 order 2
Info    : [ 30%] Meshing curve 5 order 2
Info    : [ 30%] Meshing curve 6 order 2
Info    : [ 40%] Meshing curve 7 order 2
Info    : [ 40%] Meshing curve 8 order 2
Info    : [ 50%] Meshing curve 9 order 2
Info    : [ 50%] Meshing curve 10 order 2
Info    : [ 60%] Meshing curve 11 order 2
Info    : [ 60%] Meshing curve 12 order 2
Info    : [ 70%] Meshing surface 1 order 2
Info    : [ 70%] Meshing surface 2 order 2
Info    : [ 80%] Meshing surface 3 order 2
Info    : [ 80%] Meshing surface 4 order 2
Info    : [ 90%] Meshing surface 5 order 2
Info    : [ 90%] Meshing surface 6 order 2
Info    : [100%] Meshing volume 1 order 2
Info    : [100%] Meshing volume 2 order 2
Info    : Surface mesh: worst distortion = 0.797589 (0 elements in ]0, 0.2]); worst gamma = 0.684603
Info    : Volume mesh: worst distortion = 0.234817 (0 elements in ]0, 0.2])
Info    : Done meshing order 2 (Wall 6.3611s, CPU 6.358s)
Info    : Writing '/home/user/mscr-mom/현서/scripts/contact_scenarios/fea/matv2_mesh_LM0_phiP30_b0_s10.inp'...
Info    : Done writing '/home/user/mscr-mom/현서/scripts/contact_scenarios/fea/matv2_mesh_LM0_phiP30_b0_s10.inp'
  [LM0_phiP30_b0] F_mag=0.1308mN  (234.1s)
[LM0_phiP30_b0 2/10] L_M=0.0, phi=30.0, beta=0.0, s=20.0mm, push_depth=0.1mm ...
Info    : Meshing 1D...
Info    : [  0%] Meshing curve 1 (BSpline)
Info    : [ 10%] Meshing curve 2 (Ellipse)
Info    : [ 20%] Meshing curve 3 (Ellipse)
Info    : [ 30%] Meshing curve 4 (BSpline)
Info    : [ 40%] Meshing curve 5 (BSpline)
Info    : [ 50%] Meshing curve 6 (BSpline)
Info    : [ 60%] Meshing curve 7 (BSpline)
Info    : [ 60%] Meshing curve 8 (BSpline)
Info    : [ 70%] Meshing curve 9 (BSpline)
Info    : [ 90%] Meshing curve 11 (Circle)
Info    : Done meshing 1D (Wall 0.00974004s, CPU 0.009685s)
Info    : Meshing 2D...
Info    : [  0%] Meshing surface 1 (Plane, Frontal-Delaunay)
Info    : [ 20%] Meshing surface 2 (Plane, Frontal-Delaunay)
Info    : [ 40%] Meshing surface 3 (BSpline surface, Frontal-Delaunay)
Info    : [ 60%] Meshing surface 4 (BSpline surface, Frontal-Delaunay)
Info    : [ 70%] Meshing surface 5 (Plane, Frontal-Delaunay)
Info    : [ 90%] Meshing surface 6 (Sphere, Frontal-Delaunay)
Info    : Done meshing 2D (Wall 0.787292s, CPU 0.759865s)
Info    : Meshing 3D...
Info    : 3D Meshing 2 volumes with 2 connected components
Info    : Tetrahedrizing 12509 nodes...
Info    : Done tetrahedrizing 12517 nodes (Wall 0.15344s, CPU 0.146408s)
Info    : Reconstructing mesh...
Info    :  - Creating surface mesh
Info    :  - Identifying boundary edges
Info    :  - Recovering boundary
Info    : Done reconstructing mesh (Wall 0.40304s, CPU 0.385009s)
Info    : Found volume 1
Info    : It. 0 - 0 nodes created - worst tet radius 1.0711 (nodes removed 0 0)
Info    : 3D refinement terminated (13091 nodes total):
Info    :  - 0 Delaunay cavities modified for star shapeness
Info    :  - 0 nodes could not be inserted
Info    :  - 41112 tetrahedra created in 0.0265883 sec. (1546243 tets/s)
Info    : 0 node relocations
Info    : Tetrahedrizing 131 nodes...
Info    : Done tetrahedrizing 139 nodes (Wall 0.000900525s, CPU 0.0009s)
Info    : Reconstructing mesh...
Info    :  - Creating surface mesh
Info    :  - Identifying boundary edges
Info    :  - Recovering boundary
Info    : Done reconstructing mesh (Wall 0.00184304s, CPU 0.001842s)
Info    : Found volume 2
Info    : It. 0 - 0 nodes created - worst tet radius 3.11281 (nodes removed 0 0)
Info    : 3D refinement terminated (12721 nodes total):
Info    :  - 0 Delaunay cavities modified for star shapeness
Info    :  - 0 nodes could not be inserted
Info    :  - 492 tetrahedra created in 0.0038748 sec. (126974 tets/s)
Info    : 0 node relocations
Info    : Done meshing 3D (Wall 0.720448s, CPU 0.701387s)
Info    : Optimizing mesh...
Info    : Optimizing volume 1
Info    : Optimization starts (volume = 235.634) with worst = 0.00190552 / average = 0.686731:
Info    : 0.00 < quality < 0.10 :       221 elements
Info    : 0.10 < quality < 0.20 :       310 elements
Info    : 0.20 < quality < 0.30 :       464 elements
Info    : 0.30 < quality < 0.40 :       482 elements
Info    : 0.40 < quality < 0.50 :       917 elements
Info    : 0.50 < quality < 0.60 :      3472 elements
Info    : 0.60 < quality < 0.70 :     12127 elements
Info    : 0.70 < quality < 0.80 :     20189 elements
Info    : 0.80 < quality < 0.90 :      1638 elements
Info    : 0.90 < quality < 1.00 :      1292 elements
Info    : 940 edge swaps, 18 node relocations (volume = 235.634): worst = 0.140514 / average = 0.700216 (Wall 0.0159316s, CPU 0.01593s)
Info    : 969 edge swaps, 18 node relocations (volume = 235.634): worst = 0.140514 / average = 0.700535 (Wall 0.0198801s, CPU 0.01888s)
Info    : No ill-shaped tets in the mesh :-)
Info    : 0.00 < quality < 0.10 :         0 elements
Info    : 0.10 < quality < 0.20 :         8 elements
Info    : 0.20 < quality < 0.30 :        12 elements
Info    : 0.30 < quality < 0.40 :       376 elements
Info    : 0.40 < quality < 0.50 :       774 elements
Info    : 0.50 < quality < 0.60 :      3521 elements
Info    : 0.60 < quality < 0.70 :     12450 elements
Info    : 0.70 < quality < 0.80 :     19982 elements
Info    : 0.80 < quality < 0.90 :      1787 elements
Info    : 0.90 < quality < 1.00 :      1291 elements
Info    : Optimizing volume 2
Info    : Optimization starts (volume = 0.256422) with worst = 0.0624585 / average = 0.752931:
Info    : 0.00 < quality < 0.10 :         1 elements
Info    : 0.10 < quality < 0.20 :         1 elements
Info    : 0.20 < quality < 0.30 :         3 elements
Info    : 0.30 < quality < 0.40 :        11 elements
Info    : 0.40 < quality < 0.50 :         8 elements
Info    : 0.50 < quality < 0.60 :        22 elements
Info    : 0.60 < quality < 0.70 :        75 elements
Info    : 0.70 < quality < 0.80 :       194 elements
Info    : 0.80 < quality < 0.90 :       134 elements
Info    : 0.90 < quality < 1.00 :        43 elements
Info    : 5 edge swaps, 0 node relocations (volume = 0.256422): worst = 0.301484 / average = 0.760163 (Wall 9.51062e-05s, CPU 9.8e-05s)
Info    : No ill-shaped tets in the mesh :-)
Info    : 0.00 < quality < 0.10 :         0 elements
Info    : 0.10 < quality < 0.20 :         0 elements
Info    : 0.20 < quality < 0.30 :         0 elements
Info    : 0.30 < quality < 0.40 :        11 elements
Info    : 0.40 < quality < 0.50 :         8 elements
Info    : 0.50 < quality < 0.60 :        19 elements
Info    : 0.60 < quality < 0.70 :        74 elements
Info    : 0.70 < quality < 0.80 :       197 elements
Info    : 0.80 < quality < 0.90 :       135 elements
Info    : 0.90 < quality < 1.00 :        43 elements
Info    : Done optimizing mesh (Wall 0.0498792s, CPU 0.048859s)
Info    : 13491 nodes 67211 elements
Info    : Meshing order 2 (curvilinear on)...
Info    : [  0%] Meshing curve 1 order 2
Info    : [ 10%] Meshing curve 2 order 2
Info    : [ 20%] Meshing curve 3 order 2
Info    : [ 20%] Meshing curve 4 order 2
Info    : [ 30%] Meshing curve 5 order 2
Info    : [ 30%] Meshing curve 6 order 2
Info    : [ 40%] Meshing curve 7 order 2
Info    : [ 40%] Meshing curve 8 order 2
Info    : [ 50%] Meshing curve 9 order 2
Info    : [ 50%] Meshing curve 10 order 2
Info    : [ 60%] Meshing curve 11 order 2
Info    : [ 60%] Meshing curve 12 order 2
Info    : [ 70%] Meshing surface 1 order 2
Info    : [ 70%] Meshing surface 2 order 2
Info    : [ 80%] Meshing surface 3 order 2
Info    : [ 80%] Meshing surface 4 order 2
Info    : [ 90%] Meshing surface 5 order 2
Info    : [ 90%] Meshing surface 6 order 2
Info    : [100%] Meshing volume 1 order 2
Info    : [100%] Meshing volume 2 order 2
Info    : Surface mesh: worst distortion = 0.797589 (0 elements in ]0, 0.2]); worst gamma = 0.684603
Info    : Volume mesh: worst distortion = 0.234817 (0 elements in ]0, 0.2])
Info    : Done meshing order 2 (Wall 6.77805s, CPU 6.77331s)
Info    : Writing '/home/user/mscr-mom/현서/scripts/contact_scenarios/fea/matv2_mesh_LM0_phiP30_b0_s20.inp'...
Info    : Done writing '/home/user/mscr-mom/현서/scripts/contact_scenarios/fea/matv2_mesh_LM0_phiP30_b0_s20.inp'
  [LM0_phiP30_b0] [실패] (721.2s)
[LM0_phiP30_b0 3/10] L_M=0.0, phi=30.0, beta=0.0, s=30.0mm, push_depth=0.1mm ...
Info    : Meshing 1D...
Info    : [  0%] Meshing curve 1 (BSpline)
Info    : [ 10%] Meshing curve 2 (Ellipse)
Info    : [ 20%] Meshing curve 3 (Ellipse)
Info    : [ 30%] Meshing curve 4 (BSpline)
Info    : [ 40%] Meshing curve 5 (BSpline)
Info    : [ 50%] Meshing curve 6 (BSpline)
Info    : [ 60%] Meshing curve 7 (BSpline)
Info    : [ 60%] Meshing curve 8 (BSpline)
Info    : [ 70%] Meshing curve 9 (BSpline)
Info    : [ 90%] Meshing curve 11 (Circle)
Info    : Done meshing 1D (Wall 0.00974133s, CPU 0.009696s)
Info    : Meshing 2D...
Info    : [  0%] Meshing surface 1 (Plane, Frontal-Delaunay)
Info    : [ 20%] Meshing surface 2 (Plane, Frontal-Delaunay)
Info    : [ 40%] Meshing surface 3 (BSpline surface, Frontal-Delaunay)
Info    : [ 60%] Meshing surface 4 (BSpline surface, Frontal-Delaunay)
Info    : [ 70%] Meshing surface 5 (Plane, Frontal-Delaunay)
Info    : [ 90%] Meshing surface 6 (Sphere, Frontal-Delaunay)
Info    : Done meshing 2D (Wall 0.702946s, CPU 0.702849s)
Info    : Meshing 3D...
Info    : 3D Meshing 2 volumes with 2 connected components
Info    : Tetrahedrizing 12509 nodes...
Info    : Done tetrahedrizing 12517 nodes (Wall 0.13802s, CPU 0.127015s)
Info    : Reconstructing mesh...
Info    :  - Creating surface mesh
Info    :  - Identifying boundary edges
Info    :  - Recovering boundary
Info    : Done reconstructing mesh (Wall 0.359685s, CPU 0.342645s)
Info    : Found volume 1
Info    : It. 0 - 0 nodes created - worst tet radius 1.0711 (nodes removed 0 0)
Info    : 3D refinement terminated (13091 nodes total):
Info    :  - 0 Delaunay cavities modified for star shapeness
Info    :  - 0 nodes could not be inserted
Info    :  - 41112 tetrahedra created in 0.0216755 sec. (1896702 tets/s)
Info    : 0 node relocations
Info    : Tetrahedrizing 131 nodes...
Info    : Done tetrahedrizing 139 nodes (Wall 0.000732238s, CPU 0.000732s)
Info    : Reconstructing mesh...
Info    :  - Creating surface mesh
Info    :  - Identifying boundary edges
Info    :  - Recovering boundary
Info    : Done reconstructing mesh (Wall 0.00163465s, CPU 0.001637s)
Info    : Found volume 2
Info    : It. 0 - 0 nodes created - worst tet radius 3.11281 (nodes removed 0 0)
Info    : 3D refinement terminated (12721 nodes total):
Info    :  - 0 Delaunay cavities modified for star shapeness
Info    :  - 0 nodes could not be inserted
Info    :  - 492 tetrahedra created in 0.00239505 sec. (205423 tets/s)
Info    : 0 node relocations
Info    : Done meshing 3D (Wall 0.647764s, CPU 0.630712s)
Info    : Optimizing mesh...
Info    : Optimizing volume 1
Info    : Optimization starts (volume = 235.634) with worst = 0.00190552 / average = 0.686731:
Info    : 0.00 < quality < 0.10 :       221 elements
Info    : 0.10 < quality < 0.20 :       310 elements
Info    : 0.20 < quality < 0.30 :       464 elements
Info    : 0.30 < quality < 0.40 :       482 elements
Info    : 0.40 < quality < 0.50 :       917 elements
Info    : 0.50 < quality < 0.60 :      3472 elements
Info    : 0.60 < quality < 0.70 :     12127 elements
Info    : 0.70 < quality < 0.80 :     20189 elements
Info    : 0.80 < quality < 0.90 :      1638 elements
Info    : 0.90 < quality < 1.00 :      1292 elements
Info    : 940 edge swaps, 18 node relocations (volume = 235.634): worst = 0.140514 / average = 0.700216 (Wall 0.0116625s, CPU 0.011649s)
Info    : 969 edge swaps, 18 node relocations (volume = 235.634): worst = 0.140514 / average = 0.700535 (Wall 0.0140286s, CPU 0.014018s)
Info    : No ill-shaped tets in the mesh :-)
Info    : 0.00 < quality < 0.10 :         0 elements
Info    : 0.10 < quality < 0.20 :         8 elements
Info    : 0.20 < quality < 0.30 :        12 elements
Info    : 0.30 < quality < 0.40 :       376 elements
Info    : 0.40 < quality < 0.50 :       774 elements
Info    : 0.50 < quality < 0.60 :      3521 elements
Info    : 0.60 < quality < 0.70 :     12450 elements
Info    : 0.70 < quality < 0.80 :     19982 elements
Info    : 0.80 < quality < 0.90 :      1787 elements
Info    : 0.90 < quality < 1.00 :      1291 elements
Info    : Optimizing volume 2
Info    : Optimization starts (volume = 0.256422) with worst = 0.0624585 / average = 0.752931:
Info    : 0.00 < quality < 0.10 :         1 elements
Info    : 0.10 < quality < 0.20 :         1 elements
Info    : 0.20 < quality < 0.30 :         3 elements
Info    : 0.30 < quality < 0.40 :        11 elements
Info    : 0.40 < quality < 0.50 :         8 elements
Info    : 0.50 < quality < 0.60 :        22 elements
Info    : 0.60 < quality < 0.70 :        75 elements
Info    : 0.70 < quality < 0.80 :       194 elements
Info    : 0.80 < quality < 0.90 :       134 elements
Info    : 0.90 < quality < 1.00 :        43 elements
Info    : 5 edge swaps, 0 node relocations (volume = 0.256422): worst = 0.301484 / average = 0.760163 (Wall 8.69939e-05s, CPU 8.7e-05s)
Info    : No ill-shaped tets in the mesh :-)
Info    : 0.00 < quality < 0.10 :         0 elements
Info    : 0.10 < quality < 0.20 :         0 elements
Info    : 0.20 < quality < 0.30 :         0 elements
Info    : 0.30 < quality < 0.40 :        11 elements
Info    : 0.40 < quality < 0.50 :         8 elements
Info    : 0.50 < quality < 0.60 :        19 elements
Info    : 0.60 < quality < 0.70 :        74 elements
Info    : 0.70 < quality < 0.80 :       197 elements
Info    : 0.80 < quality < 0.90 :       135 elements
Info    : 0.90 < quality < 1.00 :        43 elements
Info    : Done optimizing mesh (Wall 0.0355357s, CPU 0.035524s)
Info    : 13491 nodes 67211 elements
Info    : Meshing order 2 (curvilinear on)...
Info    : [  0%] Meshing curve 1 order 2
Info    : [ 10%] Meshing curve 2 order 2
Info    : [ 20%] Meshing curve 3 order 2
Info    : [ 20%] Meshing curve 4 order 2
Info    : [ 30%] Meshing curve 5 order 2
Info    : [ 30%] Meshing curve 6 order 2
Info    : [ 40%] Meshing curve 7 order 2
Info    : [ 40%] Meshing curve 8 order 2
Info    : [ 50%] Meshing curve 9 order 2
Info    : [ 50%] Meshing curve 10 order 2
Info    : [ 60%] Meshing curve 11 order 2
Info    : [ 60%] Meshing curve 12 order 2
Info    : [ 70%] Meshing surface 1 order 2
Info    : [ 70%] Meshing surface 2 order 2
Info    : [ 80%] Meshing surface 3 order 2
Info    : [ 80%] Meshing surface 4 order 2
Info    : [ 90%] Meshing surface 5 order 2
Info    : [ 90%] Meshing surface 6 order 2
Info    : [100%] Meshing volume 1 order 2
Info    : [100%] Meshing volume 2 order 2
Info    : Surface mesh: worst distortion = 0.797589 (0 elements in ]0, 0.2]); worst gamma = 0.684603
Info    : Volume mesh: worst distortion = 0.234817 (0 elements in ]0, 0.2])
Info    : Done meshing order 2 (Wall 6.49415s, CPU 6.48686s)
Info    : Writing '/home/user/mscr-mom/현서/scripts/contact_scenarios/fea/matv2_mesh_LM0_phiP30_b0_s30.inp'...
Info    : Done writing '/home/user/mscr-mom/현서/scripts/contact_scenarios/fea/matv2_mesh_LM0_phiP30_b0_s30.inp'
  [LM0_phiP30_b0] F_mag=0.0062mN  (144.4s)
[LM0_phiP30_b0 4/10] L_M=0.0, phi=30.0, beta=0.0, s=40.0mm, push_depth=0.1mm ...
Info    : Meshing 1D...
Info    : [  0%] Meshing curve 1 (BSpline)
Info    : [ 10%] Meshing curve 2 (Ellipse)
Info    : [ 20%] Meshing curve 3 (Ellipse)
Info    : [ 30%] Meshing curve 4 (BSpline)
Info    : [ 40%] Meshing curve 5 (BSpline)
Info    : [ 50%] Meshing curve 6 (BSpline)
Info    : [ 60%] Meshing curve 7 (BSpline)
Info    : [ 60%] Meshing curve 8 (BSpline)
Info    : [ 70%] Meshing curve 9 (BSpline)
Info    : [ 90%] Meshing curve 11 (Circle)
Info    : Done meshing 1D (Wall 0.00962134s, CPU 0.00961s)
Info    : Meshing 2D...
Info    : [  0%] Meshing surface 1 (Plane, Frontal-Delaunay)
Info    : [ 20%] Meshing surface 2 (Plane, Frontal-Delaunay)
Info    : [ 40%] Meshing surface 3 (BSpline surface, Frontal-Delaunay)
Info    : [ 60%] Meshing surface 4 (BSpline surface, Frontal-Delaunay)
Info    : [ 70%] Meshing surface 5 (Plane, Frontal-Delaunay)
Info    : [ 90%] Meshing surface 6 (Sphere, Frontal-Delaunay)
Info    : Done meshing 2D (Wall 0.706007s, CPU 0.703593s)
Info    : Meshing 3D...
Info    : 3D Meshing 2 volumes with 2 connected components
Info    : Tetrahedrizing 12509 nodes...
Info    : Done tetrahedrizing 12517 nodes (Wall 0.136755s, CPU 0.127758s)
Info    : Reconstructing mesh...
Info    :  - Creating surface mesh
Info    :  - Identifying boundary edges
Info    :  - Recovering boundary
Info    : Done reconstructing mesh (Wall 0.359182s, CPU 0.339149s)
Info    : Found volume 1
Info    : It. 0 - 0 nodes created - worst tet radius 1.0711 (nodes removed 0 0)
Info    : 3D refinement terminated (13090 nodes total):
Info    :  - 0 Delaunay cavities modified for star shapeness
Info    :  - 0 nodes could not be inserted
Info    :  - 41112 tetrahedra created in 0.0204076 sec. (2014540 tets/s)
Info    : 0 node relocations
Info    : Tetrahedrizing 130 nodes...
Info    : Done tetrahedrizing 138 nodes (Wall 0.000714949s, CPU 0.000702s)
Info    : Reconstructing mesh...
Info    :  - Creating surface mesh
Info    :  - Identifying boundary edges
Info    :  - Recovering boundary
Info    : Done reconstructing mesh (Wall 0.00158069s, CPU 0.001568s)
Info    : Found volume 2
Info    : It. 0 - 0 nodes created - worst tet radius 3.13563 (nodes removed 0 0)
Info    : 3D refinement terminated (12719 nodes total):
Info    :  - 0 Delaunay cavities modified for star shapeness
Info    :  - 0 nodes could not be inserted
Info    :  - 487 tetrahedra created in 0.00246874 sec. (197266 tets/s)
Info    : 0 node relocations
Info    : Done meshing 3D (Wall 0.639004s, CPU 0.617954s)
Info    : Optimizing mesh...
Info    : Optimizing volume 1
Info    : Optimization starts (volume = 235.634) with worst = 0.00190552 / average = 0.686731:
Info    : 0.00 < quality < 0.10 :       221 elements
Info    : 0.10 < quality < 0.20 :       310 elements
Info    : 0.20 < quality < 0.30 :       464 elements
Info    : 0.30 < quality < 0.40 :       482 elements
Info    : 0.40 < quality < 0.50 :       917 elements
Info    : 0.50 < quality < 0.60 :      3472 elements
Info    : 0.60 < quality < 0.70 :     12127 elements
Info    : 0.70 < quality < 0.80 :     20189 elements
Info    : 0.80 < quality < 0.90 :      1638 elements
Info    : 0.90 < quality < 1.00 :      1292 elements
Info    : 940 edge swaps, 18 node relocations (volume = 235.634): worst = 0.140514 / average = 0.700216 (Wall 0.0154266s, CPU 0.014437s)
Info    : 969 edge swaps, 18 node relocations (volume = 235.634): worst = 0.140514 / average = 0.700535 (Wall 0.0190452s, CPU 0.018046s)
Info    : No ill-shaped tets in the mesh :-)
Info    : 0.00 < quality < 0.10 :         0 elements
Info    : 0.10 < quality < 0.20 :         8 elements
Info    : 0.20 < quality < 0.30 :        12 elements
Info    : 0.30 < quality < 0.40 :       376 elements
Info    : 0.40 < quality < 0.50 :       774 elements
Info    : 0.50 < quality < 0.60 :      3521 elements
Info    : 0.60 < quality < 0.70 :     12450 elements
Info    : 0.70 < quality < 0.80 :     19982 elements
Info    : 0.80 < quality < 0.90 :      1787 elements
Info    : 0.90 < quality < 1.00 :      1291 elements
Info    : Optimizing volume 2
Info    : Optimization starts (volume = 0.256435) with worst = 0.191529 / average = 0.744184:
Info    : 0.00 < quality < 0.10 :         0 elements
Info    : 0.10 < quality < 0.20 :         1 elements
Info    : 0.20 < quality < 0.30 :         5 elements
Info    : 0.30 < quality < 0.40 :         7 elements
Info    : 0.40 < quality < 0.50 :        28 elements
Info    : 0.50 < quality < 0.60 :        21 elements
Info    : 0.60 < quality < 0.70 :        72 elements
Info    : 0.70 < quality < 0.80 :       168 elements
Info    : 0.80 < quality < 0.90 :       144 elements
Info    : 0.90 < quality < 1.00 :        41 elements
Info    : 6 edge swaps, 0 node relocations (volume = 0.256435): worst = 0.347362 / average = 0.751388 (Wall 9.71803e-05s, CPU 9.6e-05s)
Info    : No ill-shaped tets in the mesh :-)
Info    : 0.00 < quality < 0.10 :         0 elements
Info    : 0.10 < quality < 0.20 :         0 elements
Info    : 0.20 < quality < 0.30 :         0 elements
Info    : 0.30 < quality < 0.40 :         7 elements
Info    : 0.40 < quality < 0.50 :        25 elements
Info    : 0.50 < quality < 0.60 :        22 elements
Info    : 0.60 < quality < 0.70 :        74 elements
Info    : 0.70 < quality < 0.80 :       170 elements
Info    : 0.80 < quality < 0.90 :       143 elements
Info    : 0.90 < quality < 1.00 :        41 elements
Info    : Done optimizing mesh (Wall 0.0439723s, CPU 0.041977s)
Info    : 13489 nodes 67204 elements
Info    : Meshing order 2 (curvilinear on)...
Info    : [  0%] Meshing curve 1 order 2
Info    : [ 10%] Meshing curve 2 order 2
Info    : [ 20%] Meshing curve 3 order 2
Info    : [ 20%] Meshing curve 4 order 2
Info    : [ 30%] Meshing curve 5 order 2
Info    : [ 30%] Meshing curve 6 order 2
Info    : [ 40%] Meshing curve 7 order 2
Info    : [ 40%] Meshing curve 8 order 2
Info    : [ 50%] Meshing curve 9 order 2
Info    : [ 50%] Meshing curve 10 order 2
Info    : [ 60%] Meshing curve 11 order 2
Info    : [ 60%] Meshing curve 12 order 2
Info    : [ 70%] Meshing surface 1 order 2
Info    : [ 70%] Meshing surface 2 order 2
Info    : [ 80%] Meshing surface 3 order 2
Info    : [ 80%] Meshing surface 4 order 2
Info    : [ 90%] Meshing surface 5 order 2
Info    : [ 90%] Meshing surface 6 order 2
Info    : [100%] Meshing volume 1 order 2
Info    : [100%] Meshing volume 2 order 2
Info    : Surface mesh: worst distortion = 0.797589 (0 elements in ]0, 0.2]); worst gamma = 0.684603
Info    : Volume mesh: worst distortion = 0.234817 (0 elements in ]0, 0.2])
Info    : Done meshing order 2 (Wall 6.38908s, CPU 6.38715s)
Info    : Writing '/home/user/mscr-mom/현서/scripts/contact_scenarios/fea/matv2_mesh_LM0_phiP30_b0_s40.inp'...
Info    : Done writing '/home/user/mscr-mom/현서/scripts/contact_scenarios/fea/matv2_mesh_LM0_phiP30_b0_s40.inp'
  [LM0_phiP30_b0] F_mag=0.0025mN  (241.9s)
[LM0_phiP30_b0 5/10] L_M=0.0, phi=30.0, beta=0.0, s=50.0mm, push_depth=0.1mm ...
Info    : Meshing 1D...
Info    : [  0%] Meshing curve 1 (BSpline)
Info    : [ 10%] Meshing curve 2 (Ellipse)
Info    : [ 20%] Meshing curve 3 (Ellipse)
Info    : [ 30%] Meshing curve 4 (BSpline)
Info    : [ 40%] Meshing curve 5 (BSpline)
Info    : [ 50%] Meshing curve 6 (BSpline)
Info    : [ 60%] Meshing curve 7 (BSpline)
Info    : [ 60%] Meshing curve 8 (BSpline)
Info    : [ 70%] Meshing curve 9 (BSpline)
Info    : [ 90%] Meshing curve 11 (Circle)
Info    : Done meshing 1D (Wall 0.00962879s, CPU 0.009578s)
Info    : Meshing 2D...
Info    : [  0%] Meshing surface 1 (Plane, Frontal-Delaunay)
Info    : [ 20%] Meshing surface 2 (Plane, Frontal-Delaunay)
Info    : [ 40%] Meshing surface 3 (BSpline surface, Frontal-Delaunay)
Info    : [ 60%] Meshing surface 4 (BSpline surface, Frontal-Delaunay)
Info    : [ 70%] Meshing surface 5 (Plane, Frontal-Delaunay)
Info    : [ 90%] Meshing surface 6 (Sphere, Frontal-Delaunay)
Info    : Done meshing 2D (Wall 0.721318s, CPU 0.721225s)
Info    : Meshing 3D...
Info    : 3D Meshing 2 volumes with 2 connected components
Info    : Tetrahedrizing 12509 nodes...
Info    : Done tetrahedrizing 12517 nodes (Wall 0.139447s, CPU 0.133453s)
Info    : Reconstructing mesh...
Info    :  - Creating surface mesh
Info    :  - Identifying boundary edges
Info    :  - Recovering boundary
Info    : Done reconstructing mesh (Wall 0.393752s, CPU 0.379726s)
Info    : Found volume 1
Info    : It. 0 - 0 nodes created - worst tet radius 1.0711 (nodes removed 0 0)
Info    : 3D refinement terminated (13091 nodes total):
Info    :  - 0 Delaunay cavities modified for star shapeness
Info    :  - 0 nodes could not be inserted
Info    :  - 41112 tetrahedra created in 0.0262561 sec. (1565805 tets/s)
Info    : 0 node relocations
Info    : Tetrahedrizing 131 nodes...
Info    : Done tetrahedrizing 139 nodes (Wall 0.000732453s, CPU 0.000732s)
Info    : Reconstructing mesh...
Info    :  - Creating surface mesh
Info    :  - Identifying boundary edges
Info    :  - Recovering boundary
Info    : Done reconstructing mesh (Wall 0.00170951s, CPU 0.001714s)
Info    : Found volume 2
Info    : It. 0 - 0 nodes created - worst tet radius 3.11281 (nodes removed 0 0)
Info    : 3D refinement terminated (12721 nodes total):
Info    :  - 0 Delaunay cavities modified for star shapeness
Info    :  - 0 nodes could not be inserted
Info    :  - 492 tetrahedra created in 0.00455269 sec. (108067 tets/s)
Info    : 0 node relocations
Info    : Done meshing 3D (Wall 0.694718s, CPU 0.678684s)
Info    : Optimizing mesh...
Info    : Optimizing volume 1
Info    : Optimization starts (volume = 235.634) with worst = 0.00190552 / average = 0.686731:
Info    : 0.00 < quality < 0.10 :       221 elements
Info    : 0.10 < quality < 0.20 :       310 elements
Info    : 0.20 < quality < 0.30 :       464 elements
Info    : 0.30 < quality < 0.40 :       482 elements
Info    : 0.40 < quality < 0.50 :       917 elements
Info    : 0.50 < quality < 0.60 :      3472 elements
Info    : 0.60 < quality < 0.70 :     12127 elements
Info    : 0.70 < quality < 0.80 :     20189 elements
Info    : 0.80 < quality < 0.90 :      1638 elements
Info    : 0.90 < quality < 1.00 :      1292 elements
Info    : 940 edge swaps, 18 node relocations (volume = 235.634): worst = 0.140514 / average = 0.700216 (Wall 0.014722s, CPU 0.014721s)
Info    : 969 edge swaps, 18 node relocations (volume = 235.634): worst = 0.140514 / average = 0.700535 (Wall 0.0189252s, CPU 0.018925s)
Info    : No ill-shaped tets in the mesh :-)
Info    : 0.00 < quality < 0.10 :         0 elements
Info    : 0.10 < quality < 0.20 :         8 elements
Info    : 0.20 < quality < 0.30 :        12 elements
Info    : 0.30 < quality < 0.40 :       376 elements
Info    : 0.40 < quality < 0.50 :       774 elements
Info    : 0.50 < quality < 0.60 :      3521 elements
Info    : 0.60 < quality < 0.70 :     12450 elements
Info    : 0.70 < quality < 0.80 :     19982 elements
Info    : 0.80 < quality < 0.90 :      1787 elements
Info    : 0.90 < quality < 1.00 :      1291 elements
Info    : Optimizing volume 2
Info    : Optimization starts (volume = 0.256422) with worst = 0.0624585 / average = 0.752931:
Info    : 0.00 < quality < 0.10 :         1 elements
Info    : 0.10 < quality < 0.20 :         1 elements
Info    : 0.20 < quality < 0.30 :         3 elements
Info    : 0.30 < quality < 0.40 :        11 elements
Info    : 0.40 < quality < 0.50 :         8 elements
Info    : 0.50 < quality < 0.60 :        22 elements
Info    : 0.60 < quality < 0.70 :        75 elements
Info    : 0.70 < quality < 0.80 :       194 elements
Info    : 0.80 < quality < 0.90 :       134 elements
Info    : 0.90 < quality < 1.00 :        43 elements
Info    : 5 edge swaps, 0 node relocations (volume = 0.256422): worst = 0.301484 / average = 0.760163 (Wall 9.39239e-05s, CPU 9.6e-05s)
Info    : No ill-shaped tets in the mesh :-)
Info    : 0.00 < quality < 0.10 :         0 elements
Info    : 0.10 < quality < 0.20 :         0 elements
Info    : 0.20 < quality < 0.30 :         0 elements
Info    : 0.30 < quality < 0.40 :        11 elements
Info    : 0.40 < quality < 0.50 :         8 elements
Info    : 0.50 < quality < 0.60 :        19 elements
Info    : 0.60 < quality < 0.70 :        74 elements
Info    : 0.70 < quality < 0.80 :       197 elements
Info    : 0.80 < quality < 0.90 :       135 elements
Info    : 0.90 < quality < 1.00 :        43 elements
Info    : Done optimizing mesh (Wall 0.0480706s, CPU 0.048064s)
Info    : 13491 nodes 67211 elements
Info    : Meshing order 2 (curvilinear on)...
Info    : [  0%] Meshing curve 1 order 2
Info    : [ 10%] Meshing curve 2 order 2
Info    : [ 20%] Meshing curve 3 order 2
Info    : [ 20%] Meshing curve 4 order 2
Info    : [ 30%] Meshing curve 5 order 2
Info    : [ 30%] Meshing curve 6 order 2
Info    : [ 40%] Meshing curve 7 order 2
Info    : [ 40%] Meshing curve 8 order 2
Info    : [ 50%] Meshing curve 9 order 2
Info    : [ 50%] Meshing curve 10 order 2
Info    : [ 60%] Meshing curve 11 order 2
Info    : [ 60%] Meshing curve 12 order 2
Info    : [ 70%] Meshing surface 1 order 2
Info    : [ 70%] Meshing surface 2 order 2
Info    : [ 80%] Meshing surface 3 order 2
Info    : [ 80%] Meshing surface 4 order 2
Info    : [ 90%] Meshing surface 5 order 2
Info    : [ 90%] Meshing surface 6 order 2
Info    : [100%] Meshing volume 1 order 2
Info    : [100%] Meshing volume 2 order 2
Info    : Surface mesh: worst distortion = 0.797589 (0 elements in ]0, 0.2]); worst gamma = 0.684603
Info    : Volume mesh: worst distortion = 0.234817 (0 elements in ]0, 0.2])
Info    : Done meshing order 2 (Wall 6.38217s, CPU 6.3804s)
Info    : Writing '/home/user/mscr-mom/현서/scripts/contact_scenarios/fea/matv2_mesh_LM0_phiP30_b0_s50.inp'...
Info    : Done writing '/home/user/mscr-mom/현서/scripts/contact_scenarios/fea/matv2_mesh_LM0_phiP30_b0_s50.inp'
  [LM0_phiP30_b0] F_mag=0.0013mN  (167.2s)
[LM0_phiP30_b0 6/10] L_M=0.0, phi=30.0, beta=0.0, s=60.0mm, push_depth=0.1mm ...
Info    : Meshing 1D...
Info    : [  0%] Meshing curve 1 (BSpline)
Info    : [ 10%] Meshing curve 2 (Ellipse)
Info    : [ 20%] Meshing curve 3 (Ellipse)
Info    : [ 30%] Meshing curve 4 (BSpline)
Info    : [ 40%] Meshing curve 5 (BSpline)
Info    : [ 50%] Meshing curve 6 (BSpline)
Info    : [ 60%] Meshing curve 7 (BSpline)
Info    : [ 60%] Meshing curve 8 (BSpline)
Info    : [ 70%] Meshing curve 9 (BSpline)
Info    : [ 90%] Meshing curve 11 (Circle)
Info    : Done meshing 1D (Wall 0.00961207s, CPU 0.009566s)
Info    : Meshing 2D...
Info    : [  0%] Meshing surface 1 (Plane, Frontal-Delaunay)
Info    : [ 20%] Meshing surface 2 (Plane, Frontal-Delaunay)
Info    : [ 40%] Meshing surface 3 (BSpline surface, Frontal-Delaunay)
Info    : [ 60%] Meshing surface 4 (BSpline surface, Frontal-Delaunay)
Info    : [ 70%] Meshing surface 5 (Plane, Frontal-Delaunay)
Info    : [ 90%] Meshing surface 6 (Sphere, Frontal-Delaunay)
Info    : Done meshing 2D (Wall 0.693484s, CPU 0.693425s)
Info    : Meshing 3D...
Info    : 3D Meshing 2 volumes with 2 connected components
Info    : Tetrahedrizing 12509 nodes...
Info    : Done tetrahedrizing 12517 nodes (Wall 0.13995s, CPU 0.129947s)
Info    : Reconstructing mesh...
Info    :  - Creating surface mesh
Info    :  - Identifying boundary edges
Info    :  - Recovering boundary
Info    : Done reconstructing mesh (Wall 0.378177s, CPU 0.360148s)
Info    : Found volume 1
Info    : It. 0 - 0 nodes created - worst tet radius 1.0711 (nodes removed 0 0)
Info    : 3D refinement terminated (13091 nodes total):
Info    :  - 0 Delaunay cavities modified for star shapeness
Info    :  - 0 nodes could not be inserted
Info    :  - 41112 tetrahedra created in 0.0237438 sec. (1731486 tets/s)
Info    : 0 node relocations
Info    : Tetrahedrizing 131 nodes...
Info    : Done tetrahedrizing 139 nodes (Wall 0.000735627s, CPU 0.000735s)
Info    : Reconstructing mesh...
Info    :  - Creating surface mesh
Info    :  - Identifying boundary edges
Info    :  - Recovering boundary
Info    : Done reconstructing mesh (Wall 0.00167725s, CPU 0.001669s)
Info    : Found volume 2
Info    : It. 0 - 0 nodes created - worst tet radius 3.11281 (nodes removed 0 0)
Info    : 3D refinement terminated (12721 nodes total):
Info    :  - 0 Delaunay cavities modified for star shapeness
Info    :  - 0 nodes could not be inserted
Info    :  - 492 tetrahedra created in 0.0042095 sec. (116878 tets/s)
Info    : 0 node relocations
Info    : Done meshing 3D (Wall 0.692065s, CPU 0.668798s)
Info    : Optimizing mesh...
Info    : Optimizing volume 1
Info    : Optimization starts (volume = 235.634) with worst = 0.00190552 / average = 0.686731:
Info    : 0.00 < quality < 0.10 :       221 elements
Info    : 0.10 < quality < 0.20 :       310 elements
Info    : 0.20 < quality < 0.30 :       464 elements
Info    : 0.30 < quality < 0.40 :       482 elements
Info    : 0.40 < quality < 0.50 :       917 elements
Info    : 0.50 < quality < 0.60 :      3472 elements
Info    : 0.60 < quality < 0.70 :     12127 elements
Info    : 0.70 < quality < 0.80 :     20189 elements
Info    : 0.80 < quality < 0.90 :      1638 elements
Info    : 0.90 < quality < 1.00 :      1292 elements
Info    : 940 edge swaps, 18 node relocations (volume = 235.634): worst = 0.140514 / average = 0.700216 (Wall 0.015272s, CPU 0.014887s)
Info    : 969 edge swaps, 18 node relocations (volume = 235.634): worst = 0.140514 / average = 0.700535 (Wall 0.0190261s, CPU 0.018635s)
Info    : No ill-shaped tets in the mesh :-)
Info    : 0.00 < quality < 0.10 :         0 elements
Info    : 0.10 < quality < 0.20 :         8 elements
Info    : 0.20 < quality < 0.30 :        12 elements
Info    : 0.30 < quality < 0.40 :       376 elements
Info    : 0.40 < quality < 0.50 :       774 elements
Info    : 0.50 < quality < 0.60 :      3521 elements
Info    : 0.60 < quality < 0.70 :     12450 elements
Info    : 0.70 < quality < 0.80 :     19982 elements
Info    : 0.80 < quality < 0.90 :      1787 elements
Info    : 0.90 < quality < 1.00 :      1291 elements
Info    : Optimizing volume 2
Info    : Optimization starts (volume = 0.256422) with worst = 0.0624585 / average = 0.752931:
Info    : 0.00 < quality < 0.10 :         1 elements
Info    : 0.10 < quality < 0.20 :         1 elements
Info    : 0.20 < quality < 0.30 :         3 elements
Info    : 0.30 < quality < 0.40 :        11 elements
Info    : 0.40 < quality < 0.50 :         8 elements
Info    : 0.50 < quality < 0.60 :        22 elements
Info    : 0.60 < quality < 0.70 :        75 elements
Info    : 0.70 < quality < 0.80 :       194 elements
Info    : 0.80 < quality < 0.90 :       134 elements
Info    : 0.90 < quality < 1.00 :        43 elements
Info    : 5 edge swaps, 0 node relocations (volume = 0.256422): worst = 0.301484 / average = 0.760163 (Wall 0.000107795s, CPU 0.000112s)
Info    : No ill-shaped tets in the mesh :-)
Info    : 0.00 < quality < 0.10 :         0 elements
Info    : 0.10 < quality < 0.20 :         0 elements
Info    : 0.20 < quality < 0.30 :         0 elements
Info    : 0.30 < quality < 0.40 :        11 elements
Info    : 0.40 < quality < 0.50 :         8 elements
Info    : 0.50 < quality < 0.60 :        19 elements
Info    : 0.60 < quality < 0.70 :        74 elements
Info    : 0.70 < quality < 0.80 :       197 elements
Info    : 0.80 < quality < 0.90 :       135 elements
Info    : 0.90 < quality < 1.00 :        43 elements
Info    : Done optimizing mesh (Wall 0.0562848s, CPU 0.053611s)
Info    : 13491 nodes 67211 elements
Info    : Meshing order 2 (curvilinear on)...
Info    : [  0%] Meshing curve 1 order 2
Info    : [ 10%] Meshing curve 2 order 2
Info    : [ 20%] Meshing curve 3 order 2
Info    : [ 20%] Meshing curve 4 order 2
Info    : [ 30%] Meshing curve 5 order 2
Info    : [ 30%] Meshing curve 6 order 2
Info    : [ 40%] Meshing curve 7 order 2
Info    : [ 40%] Meshing curve 8 order 2
Info    : [ 50%] Meshing curve 9 order 2
Info    : [ 50%] Meshing curve 10 order 2
Info    : [ 60%] Meshing curve 11 order 2
Info    : [ 60%] Meshing curve 12 order 2
Info    : [ 70%] Meshing surface 1 order 2
Info    : [ 70%] Meshing surface 2 order 2
Info    : [ 80%] Meshing surface 3 order 2
Info    : [ 80%] Meshing surface 4 order 2
Info    : [ 90%] Meshing surface 5 order 2
Info    : [ 90%] Meshing surface 6 order 2
Info    : [100%] Meshing volume 1 order 2
Info    : [100%] Meshing volume 2 order 2
Info    : Surface mesh: worst distortion = 0.797589 (0 elements in ]0, 0.2]); worst gamma = 0.684603
Info    : Volume mesh: worst distortion = 0.234817 (0 elements in ]0, 0.2])
Info    : Done meshing order 2 (Wall 6.40619s, CPU 6.39075s)
Info    : Writing '/home/user/mscr-mom/현서/scripts/contact_scenarios/fea/matv2_mesh_LM0_phiP30_b0_s60.inp'...
Info    : Done writing '/home/user/mscr-mom/현서/scripts/contact_scenarios/fea/matv2_mesh_LM0_phiP30_b0_s60.inp'
  [LM0_phiP30_b0] F_mag=0.0007mN  (344.0s)
[LM0_phiP30_b0 7/10] L_M=0.0, phi=30.0, beta=0.0, s=70.0mm, push_depth=0.1mm ...
Info    : Meshing 1D...
Info    : [  0%] Meshing curve 1 (BSpline)
Info    : [ 10%] Meshing curve 2 (Ellipse)
Info    : [ 20%] Meshing curve 3 (Ellipse)
Info    : [ 30%] Meshing curve 4 (BSpline)
Info    : [ 40%] Meshing curve 5 (BSpline)
Info    : [ 50%] Meshing curve 6 (BSpline)
Info    : [ 60%] Meshing curve 7 (BSpline)
Info    : [ 60%] Meshing curve 8 (BSpline)
Info    : [ 70%] Meshing curve 9 (BSpline)
Info    : [ 90%] Meshing curve 11 (Circle)
Info    : Done meshing 1D (Wall 0.00972033s, CPU 0.008728s)
Info    : Meshing 2D...
Info    : [  0%] Meshing surface 1 (Plane, Frontal-Delaunay)
Info    : [ 20%] Meshing surface 2 (Plane, Frontal-Delaunay)
Info    : [ 40%] Meshing surface 3 (BSpline surface, Frontal-Delaunay)
Info    : [ 60%] Meshing surface 4 (BSpline surface, Frontal-Delaunay)
Info    : [ 70%] Meshing surface 5 (Plane, Frontal-Delaunay)
Info    : [ 90%] Meshing surface 6 (Sphere, Frontal-Delaunay)
Info    : Done meshing 2D (Wall 0.741002s, CPU 0.739918s)
Info    : Meshing 3D...
Info    : 3D Meshing 2 volumes with 2 connected components
Info    : Tetrahedrizing 12509 nodes...
Info    : Done tetrahedrizing 12517 nodes (Wall 0.137288s, CPU 0.130273s)
Info    : Reconstructing mesh...
Info    :  - Creating surface mesh
Info    :  - Identifying boundary edges
Info    :  - Recovering boundary
Info    : Done reconstructing mesh (Wall 0.354153s, CPU 0.334079s)
Info    : Found volume 1
Info    : It. 0 - 0 nodes created - worst tet radius 1.0711 (nodes removed 0 0)
Info    : 3D refinement terminated (13091 nodes total):
Info    :  - 0 Delaunay cavities modified for star shapeness
Info    :  - 0 nodes could not be inserted
Info    :  - 41112 tetrahedra created in 0.0214034 sec. (1920813 tets/s)
Info    : 0 node relocations
Info    : Tetrahedrizing 131 nodes...
Info    : Done tetrahedrizing 139 nodes (Wall 0.000733402s, CPU 0s)
Info    : Reconstructing mesh...
Info    :  - Creating surface mesh
Info    :  - Identifying boundary edges
Info    :  - Recovering boundary
Info    : Done reconstructing mesh (Wall 0.00160337s, CPU 0.000612s)
Info    : Found volume 2
Info    : It. 0 - 0 nodes created - worst tet radius 3.11281 (nodes removed 0 0)
Info    : 3D refinement terminated (12721 nodes total):
Info    :  - 0 Delaunay cavities modified for star shapeness
Info    :  - 0 nodes could not be inserted
Info    :  - 492 tetrahedra created in 0.00226954 sec. (216783 tets/s)
Info    : 0 node relocations
Info    : Done meshing 3D (Wall 0.631068s, CPU 0.609982s)
Info    : Optimizing mesh...
Info    : Optimizing volume 1
Info    : Optimization starts (volume = 235.634) with worst = 0.00190552 / average = 0.686731:
Info    : 0.00 < quality < 0.10 :       221 elements
Info    : 0.10 < quality < 0.20 :       310 elements
Info    : 0.20 < quality < 0.30 :       464 elements
Info    : 0.30 < quality < 0.40 :       482 elements
Info    : 0.40 < quality < 0.50 :       917 elements
Info    : 0.50 < quality < 0.60 :      3472 elements
Info    : 0.60 < quality < 0.70 :     12127 elements
Info    : 0.70 < quality < 0.80 :     20189 elements
Info    : 0.80 < quality < 0.90 :      1638 elements
Info    : 0.90 < quality < 1.00 :      1292 elements
Info    : 940 edge swaps, 18 node relocations (volume = 235.634): worst = 0.140514 / average = 0.700216 (Wall 0.00961872s, CPU 0.009616s)
Info    : 969 edge swaps, 18 node relocations (volume = 235.634): worst = 0.140514 / average = 0.700535 (Wall 0.0121275s, CPU 0.011142s)
Info    : No ill-shaped tets in the mesh :-)
Info    : 0.00 < quality < 0.10 :         0 elements
Info    : 0.10 < quality < 0.20 :         8 elements
Info    : 0.20 < quality < 0.30 :        12 elements
Info    : 0.30 < quality < 0.40 :       376 elements
Info    : 0.40 < quality < 0.50 :       774 elements
Info    : 0.50 < quality < 0.60 :      3521 elements
Info    : 0.60 < quality < 0.70 :     12450 elements
Info    : 0.70 < quality < 0.80 :     19982 elements
Info    : 0.80 < quality < 0.90 :      1787 elements
Info    : 0.90 < quality < 1.00 :      1291 elements
Info    : Optimizing volume 2
Info    : Optimization starts (volume = 0.256422) with worst = 0.0624585 / average = 0.752931:
Info    : 0.00 < quality < 0.10 :         1 elements
Info    : 0.10 < quality < 0.20 :         1 elements
Info    : 0.20 < quality < 0.30 :         3 elements
Info    : 0.30 < quality < 0.40 :        11 elements
Info    : 0.40 < quality < 0.50 :         8 elements
Info    : 0.50 < quality < 0.60 :        22 elements
Info    : 0.60 < quality < 0.70 :        75 elements
Info    : 0.70 < quality < 0.80 :       194 elements
Info    : 0.80 < quality < 0.90 :       134 elements
Info    : 0.90 < quality < 1.00 :        43 elements
Info    : 5 edge swaps, 0 node relocations (volume = 0.256422): worst = 0.301484 / average = 0.760163 (Wall 8.63322e-05s, CPU 8.6e-05s)
Info    : No ill-shaped tets in the mesh :-)
Info    : 0.00 < quality < 0.10 :         0 elements
Info    : 0.10 < quality < 0.20 :         0 elements
Info    : 0.20 < quality < 0.30 :         0 elements
Info    : 0.30 < quality < 0.40 :        11 elements
Info    : 0.40 < quality < 0.50 :         8 elements
Info    : 0.50 < quality < 0.60 :        19 elements
Info    : 0.60 < quality < 0.70 :        74 elements
Info    : 0.70 < quality < 0.80 :       197 elements
Info    : 0.80 < quality < 0.90 :       135 elements
Info    : 0.90 < quality < 1.00 :        43 elements
Info    : Done optimizing mesh (Wall 0.0330887s, CPU 0.03209s)
Info    : 13491 nodes 67211 elements
Info    : Meshing order 2 (curvilinear on)...
Info    : [  0%] Meshing curve 1 order 2
Info    : [ 10%] Meshing curve 2 order 2
Info    : [ 20%] Meshing curve 3 order 2
Info    : [ 20%] Meshing curve 4 order 2
Info    : [ 30%] Meshing curve 5 order 2
Info    : [ 30%] Meshing curve 6 order 2
Info    : [ 40%] Meshing curve 7 order 2
Info    : [ 40%] Meshing curve 8 order 2
Info    : [ 50%] Meshing curve 9 order 2
Info    : [ 50%] Meshing curve 10 order 2
Info    : [ 60%] Meshing curve 11 order 2
Info    : [ 60%] Meshing curve 12 order 2
Info    : [ 70%] Meshing surface 1 order 2
Info    : [ 70%] Meshing surface 2 order 2
Info    : [ 80%] Meshing surface 3 order 2
Info    : [ 80%] Meshing surface 4 order 2
Info    : [ 90%] Meshing surface 5 order 2
Info    : [ 90%] Meshing surface 6 order 2
Info    : [100%] Meshing volume 1 order 2
Info    : [100%] Meshing volume 2 order 2
Info    : Surface mesh: worst distortion = 0.797589 (0 elements in ]0, 0.2]); worst gamma = 0.684603
Info    : Volume mesh: worst distortion = 0.234817 (0 elements in ]0, 0.2])
Info    : Done meshing order 2 (Wall 6.51423s, CPU 6.49516s)
Info    : Writing '/home/user/mscr-mom/현서/scripts/contact_scenarios/fea/matv2_mesh_LM0_phiP30_b0_s70.inp'...
Info    : Done writing '/home/user/mscr-mom/현서/scripts/contact_scenarios/fea/matv2_mesh_LM0_phiP30_b0_s70.inp'
  [LM0_phiP30_b0] [실패] (744.2s)
[LM0_phiP30_b0 8/10] L_M=0.0, phi=30.0, beta=0.0, s=80.0mm, push_depth=0.1mm ...
Info    : Meshing 1D...
Info    : [  0%] Meshing curve 1 (BSpline)
Info    : [ 10%] Meshing curve 2 (Ellipse)
Info    : [ 20%] Meshing curve 3 (Ellipse)
Info    : [ 30%] Meshing curve 4 (BSpline)
Info    : [ 40%] Meshing curve 5 (BSpline)
Info    : [ 50%] Meshing curve 6 (BSpline)
Info    : [ 60%] Meshing curve 7 (BSpline)
Info    : [ 60%] Meshing curve 8 (BSpline)
Info    : [ 70%] Meshing curve 9 (BSpline)
Info    : [ 90%] Meshing curve 11 (Circle)
Info    : Done meshing 1D (Wall 0.00972452s, CPU 0.009685s)
Info    : Meshing 2D...
Info    : [  0%] Meshing surface 1 (Plane, Frontal-Delaunay)
Info    : [ 20%] Meshing surface 2 (Plane, Frontal-Delaunay)
Info    : [ 40%] Meshing surface 3 (BSpline surface, Frontal-Delaunay)
Info    : [ 60%] Meshing surface 4 (BSpline surface, Frontal-Delaunay)
Info    : [ 70%] Meshing surface 5 (Plane, Frontal-Delaunay)
Info    : [ 90%] Meshing surface 6 (Sphere, Frontal-Delaunay)
Info    : Done meshing 2D (Wall 0.786397s, CPU 0.786262s)
Info    : Meshing 3D...
Info    : 3D Meshing 2 volumes with 2 connected components
Info    : Tetrahedrizing 12509 nodes...
Info    : Done tetrahedrizing 12517 nodes (Wall 0.139548s, CPU 0.12855s)
Info    : Reconstructing mesh...
Info    :  - Creating surface mesh
Info    :  - Identifying boundary edges
Info    :  - Recovering boundary
Info    : Done reconstructing mesh (Wall 0.392395s, CPU 0.365395s)
Info    : Found volume 1
Info    : It. 0 - 0 nodes created - worst tet radius 1.0711 (nodes removed 0 0)
Info    : 3D refinement terminated (13090 nodes total):
Info    :  - 0 Delaunay cavities modified for star shapeness
Info    :  - 0 nodes could not be inserted
Info    :  - 41112 tetrahedra created in 0.0281375 sec. (1461112 tets/s)
Info    : 0 node relocations
Info    : Tetrahedrizing 130 nodes...
Info    : Done tetrahedrizing 138 nodes (Wall 0.000717948s, CPU 0.000718s)
Info    : Reconstructing mesh...
Info    :  - Creating surface mesh
Info    :  - Identifying boundary edges
Info    :  - Recovering boundary
Info    : Done reconstructing mesh (Wall 0.00165047s, CPU 0.001653s)
Info    : Found volume 2
Info    : It. 0 - 0 nodes created - worst tet radius 3.13563 (nodes removed 0 0)
Info    : 3D refinement terminated (12718 nodes total):
Info    :  - 0 Delaunay cavities modified for star shapeness
Info    :  - 0 nodes could not be inserted
Info    :  - 481 tetrahedra created in 0.00522526 sec. (92052 tets/s)
Info    : 0 node relocations
Info    : Done meshing 3D (Wall 0.730577s, CPU 0.703532s)
Info    : Optimizing mesh...
Info    : Optimizing volume 1
Info    : Optimization starts (volume = 235.634) with worst = 0.00190552 / average = 0.686731:
Info    : 0.00 < quality < 0.10 :       221 elements
Info    : 0.10 < quality < 0.20 :       310 elements
Info    : 0.20 < quality < 0.30 :       464 elements
Info    : 0.30 < quality < 0.40 :       482 elements
Info    : 0.40 < quality < 0.50 :       917 elements
Info    : 0.50 < quality < 0.60 :      3472 elements
Info    : 0.60 < quality < 0.70 :     12127 elements
Info    : 0.70 < quality < 0.80 :     20189 elements
Info    : 0.80 < quality < 0.90 :      1638 elements
Info    : 0.90 < quality < 1.00 :      1292 elements
Info    : 940 edge swaps, 18 node relocations (volume = 235.634): worst = 0.140514 / average = 0.700216 (Wall 0.0142449s, CPU 0.013259s)
Info    : 969 edge swaps, 18 node relocations (volume = 235.634): worst = 0.140514 / average = 0.700535 (Wall 0.0184169s, CPU 0.017429s)
Info    : No ill-shaped tets in the mesh :-)
Info    : 0.00 < quality < 0.10 :         0 elements
Info    : 0.10 < quality < 0.20 :         8 elements
Info    : 0.20 < quality < 0.30 :        12 elements
Info    : 0.30 < quality < 0.40 :       376 elements
Info    : 0.40 < quality < 0.50 :       774 elements
Info    : 0.50 < quality < 0.60 :      3521 elements
Info    : 0.60 < quality < 0.70 :     12450 elements
Info    : 0.70 < quality < 0.80 :     19982 elements
Info    : 0.80 < quality < 0.90 :      1787 elements
Info    : 0.90 < quality < 1.00 :      1291 elements
Info    : Optimizing volume 2
Info    : Optimization starts (volume = 0.256435) with worst = 0.228555 / average = 0.74099:
Info    : 0.00 < quality < 0.10 :         0 elements
Info    : 0.10 < quality < 0.20 :         0 elements
Info    : 0.20 < quality < 0.30 :         5 elements
Info    : 0.30 < quality < 0.40 :         8 elements
Info    : 0.40 < quality < 0.50 :        24 elements
Info    : 0.50 < quality < 0.60 :        26 elements
Info    : 0.60 < quality < 0.70 :        71 elements
Info    : 0.70 < quality < 0.80 :       183 elements
Info    : 0.80 < quality < 0.90 :       122 elements
Info    : 0.90 < quality < 1.00 :        42 elements
Info    : 5 edge swaps, 0 node relocations (volume = 0.256435): worst = 0.307232 / average = 0.746412 (Wall 0.000136569s, CPU 0.00014s)
Info    : No ill-shaped tets in the mesh :-)
Info    : 0.00 < quality < 0.10 :         0 elements
Info    : 0.10 < quality < 0.20 :         0 elements
Info    : 0.20 < quality < 0.30 :         0 elements
Info    : 0.30 < quality < 0.40 :         9 elements
Info    : 0.40 < quality < 0.50 :        23 elements
Info    : 0.50 < quality < 0.60 :        26 elements
Info    : 0.60 < quality < 0.70 :        69 elements
Info    : 0.70 < quality < 0.80 :       185 elements
Info    : 0.80 < quality < 0.90 :       123 elements
Info    : 0.90 < quality < 1.00 :        42 elements
Info    : Done optimizing mesh (Wall 0.0507909s, CPU 0.049789s)
Info    : 13488 nodes 67199 elements
Info    : Meshing order 2 (curvilinear on)...
Info    : [  0%] Meshing curve 1 order 2
Info    : [ 10%] Meshing curve 2 order 2
Info    : [ 20%] Meshing curve 3 order 2
Info    : [ 20%] Meshing curve 4 order 2
Info    : [ 30%] Meshing curve 5 order 2
Info    : [ 30%] Meshing curve 6 order 2
Info    : [ 40%] Meshing curve 7 order 2
Info    : [ 40%] Meshing curve 8 order 2
Info    : [ 50%] Meshing curve 9 order 2
Info    : [ 50%] Meshing curve 10 order 2
Info    : [ 60%] Meshing curve 11 order 2
Info    : [ 60%] Meshing curve 12 order 2
Info    : [ 70%] Meshing surface 1 order 2
Info    : [ 70%] Meshing surface 2 order 2
Info    : [ 80%] Meshing surface 3 order 2
Info    : [ 80%] Meshing surface 4 order 2
Info    : [ 90%] Meshing surface 5 order 2
Info    : [ 90%] Meshing surface 6 order 2
Info    : [100%] Meshing volume 1 order 2
Info    : [100%] Meshing volume 2 order 2
Info    : Surface mesh: worst distortion = 0.797589 (0 elements in ]0, 0.2]); worst gamma = 0.684603
Info    : Volume mesh: worst distortion = 0.234817 (0 elements in ]0, 0.2])
Info    : Done meshing order 2 (Wall 6.29335s, CPU 6.29187s)
Info    : Writing '/home/user/mscr-mom/현서/scripts/contact_scenarios/fea/matv2_mesh_LM0_phiP30_b0_s80.inp'...
Info    : Done writing '/home/user/mscr-mom/현서/scripts/contact_scenarios/fea/matv2_mesh_LM0_phiP30_b0_s80.inp'
  [LM0_phiP30_b0] F_mag=0.0003mN  (219.4s)
[LM0_phiP30_b0 9/10] L_M=0.0, phi=30.0, beta=0.0, s=90.0mm, push_depth=0.1mm ...
Info    : Meshing 1D...
Info    : [  0%] Meshing curve 1 (BSpline)
Info    : [ 10%] Meshing curve 2 (Ellipse)
Info    : [ 20%] Meshing curve 3 (Ellipse)
Info    : [ 30%] Meshing curve 4 (BSpline)
Info    : [ 40%] Meshing curve 5 (BSpline)
Info    : [ 50%] Meshing curve 6 (BSpline)
Info    : [ 60%] Meshing curve 7 (BSpline)
Info    : [ 60%] Meshing curve 8 (BSpline)
Info    : [ 70%] Meshing curve 9 (BSpline)
Info    : [ 90%] Meshing curve 11 (Circle)
Info    : Done meshing 1D (Wall 0.010042s, CPU 0.01002s)
Info    : Meshing 2D...
Info    : [  0%] Meshing surface 1 (Plane, Frontal-Delaunay)
Info    : [ 20%] Meshing surface 2 (Plane, Frontal-Delaunay)
Info    : [ 40%] Meshing surface 3 (BSpline surface, Frontal-Delaunay)
Info    : [ 60%] Meshing surface 4 (BSpline surface, Frontal-Delaunay)
Info    : [ 70%] Meshing surface 5 (Plane, Frontal-Delaunay)
Info    : [ 90%] Meshing surface 6 (Sphere, Frontal-Delaunay)
Info    : Done meshing 2D (Wall 0.745202s, CPU 0.745072s)
Info    : Meshing 3D...
Info    : 3D Meshing 2 volumes with 2 connected components
Info    : Tetrahedrizing 12509 nodes...
Info    : Done tetrahedrizing 12517 nodes (Wall 0.137955s, CPU 0.130953s)
Info    : Reconstructing mesh...
Info    :  - Creating surface mesh
Info    :  - Identifying boundary edges
Info    :  - Recovering boundary
Info    : Done reconstructing mesh (Wall 0.400204s, CPU 0.386158s)
Info    : Found volume 1
Info    : It. 0 - 0 nodes created - worst tet radius 1.0711 (nodes removed 0 0)
Info    : 3D refinement terminated (13091 nodes total):
Info    :  - 0 Delaunay cavities modified for star shapeness
Info    :  - 0 nodes could not be inserted
Info    :  - 41112 tetrahedra created in 0.0200913 sec. (2046261 tets/s)
Info    : 0 node relocations
Info    : Tetrahedrizing 131 nodes...
Info    : Done tetrahedrizing 139 nodes (Wall 0.000725539s, CPU 0.000726s)
Info    : Reconstructing mesh...
Info    :  - Creating surface mesh
Info    :  - Identifying boundary edges
Info    :  - Recovering boundary
Info    : Done reconstructing mesh (Wall 0.00160407s, CPU 0.001607s)
Info    : Found volume 2
Info    : It. 0 - 0 nodes created - worst tet radius 3.11281 (nodes removed 0 0)
Info    : 3D refinement terminated (12721 nodes total):
Info    :  - 0 Delaunay cavities modified for star shapeness
Info    :  - 0 nodes could not be inserted
Info    :  - 492 tetrahedra created in 0.00496788 sec. (99036 tets/s)
Info    : 0 node relocations
Info    : Done meshing 3D (Wall 0.702681s, CPU 0.687623s)
Info    : Optimizing mesh...
Info    : Optimizing volume 1
Info    : Optimization starts (volume = 235.634) with worst = 0.00190552 / average = 0.686731:
Info    : 0.00 < quality < 0.10 :       221 elements
Info    : 0.10 < quality < 0.20 :       310 elements
Info    : 0.20 < quality < 0.30 :       464 elements
Info    : 0.30 < quality < 0.40 :       482 elements
Info    : 0.40 < quality < 0.50 :       917 elements
Info    : 0.50 < quality < 0.60 :      3472 elements
Info    : 0.60 < quality < 0.70 :     12127 elements
Info    : 0.70 < quality < 0.80 :     20189 elements
Info    : 0.80 < quality < 0.90 :      1638 elements
Info    : 0.90 < quality < 1.00 :      1292 elements
Info    : 940 edge swaps, 18 node relocations (volume = 235.634): worst = 0.140514 / average = 0.700216 (Wall 0.0134939s, CPU 0.013493s)
Info    : 969 edge swaps, 18 node relocations (volume = 235.634): worst = 0.140514 / average = 0.700535 (Wall 0.0169161s, CPU 0.016912s)
Info    : No ill-shaped tets in the mesh :-)
Info    : 0.00 < quality < 0.10 :         0 elements
Info    : 0.10 < quality < 0.20 :         8 elements
Info    : 0.20 < quality < 0.30 :        12 elements
Info    : 0.30 < quality < 0.40 :       376 elements
Info    : 0.40 < quality < 0.50 :       774 elements
Info    : 0.50 < quality < 0.60 :      3521 elements
Info    : 0.60 < quality < 0.70 :     12450 elements
Info    : 0.70 < quality < 0.80 :     19982 elements
Info    : 0.80 < quality < 0.90 :      1787 elements
Info    : 0.90 < quality < 1.00 :      1291 elements
Info    : Optimizing volume 2
Info    : Optimization starts (volume = 0.256422) with worst = 0.0624585 / average = 0.752931:
Info    : 0.00 < quality < 0.10 :         1 elements
Info    : 0.10 < quality < 0.20 :         1 elements
Info    : 0.20 < quality < 0.30 :         3 elements
Info    : 0.30 < quality < 0.40 :        11 elements
Info    : 0.40 < quality < 0.50 :         8 elements
Info    : 0.50 < quality < 0.60 :        22 elements
Info    : 0.60 < quality < 0.70 :        75 elements
Info    : 0.70 < quality < 0.80 :       194 elements
Info    : 0.80 < quality < 0.90 :       134 elements
Info    : 0.90 < quality < 1.00 :        43 elements
Info    : 5 edge swaps, 0 node relocations (volume = 0.256422): worst = 0.301484 / average = 0.760163 (Wall 8.81348e-05s, CPU 9e-05s)
Info    : No ill-shaped tets in the mesh :-)
Info    : 0.00 < quality < 0.10 :         0 elements
Info    : 0.10 < quality < 0.20 :         0 elements
Info    : 0.20 < quality < 0.30 :         0 elements
Info    : 0.30 < quality < 0.40 :        11 elements
Info    : 0.40 < quality < 0.50 :         8 elements
Info    : 0.50 < quality < 0.60 :        19 elements
Info    : 0.60 < quality < 0.70 :        74 elements
Info    : 0.70 < quality < 0.80 :       197 elements
Info    : 0.80 < quality < 0.90 :       135 elements
Info    : 0.90 < quality < 1.00 :        43 elements
Info    : Done optimizing mesh (Wall 0.0487631s, CPU 0.046769s)
Info    : 13491 nodes 67211 elements
Info    : Meshing order 2 (curvilinear on)...
Info    : [  0%] Meshing curve 1 order 2
Info    : [ 10%] Meshing curve 2 order 2
Info    : [ 20%] Meshing curve 3 order 2
Info    : [ 20%] Meshing curve 4 order 2
Info    : [ 30%] Meshing curve 5 order 2
Info    : [ 30%] Meshing curve 6 order 2
Info    : [ 40%] Meshing curve 7 order 2
Info    : [ 40%] Meshing curve 8 order 2
Info    : [ 50%] Meshing curve 9 order 2
Info    : [ 50%] Meshing curve 10 order 2
Info    : [ 60%] Meshing curve 11 order 2
Info    : [ 60%] Meshing curve 12 order 2
Info    : [ 70%] Meshing surface 1 order 2
Info    : [ 70%] Meshing surface 2 order 2
Info    : [ 80%] Meshing surface 3 order 2
Info    : [ 80%] Meshing surface 4 order 2
Info    : [ 90%] Meshing surface 5 order 2
Info    : [ 90%] Meshing surface 6 order 2
Info    : [100%] Meshing volume 1 order 2
Info    : [100%] Meshing volume 2 order 2
Info    : Surface mesh: worst distortion = 0.797589 (0 elements in ]0, 0.2]); worst gamma = 0.684603
Info    : Volume mesh: worst distortion = 0.234817 (0 elements in ]0, 0.2])
Info    : Done meshing order 2 (Wall 6.29651s, CPU 6.29593s)
Info    : Writing '/home/user/mscr-mom/현서/scripts/contact_scenarios/fea/matv2_mesh_LM0_phiP30_b0_s90.inp'...
Info    : Done writing '/home/user/mscr-mom/현서/scripts/contact_scenarios/fea/matv2_mesh_LM0_phiP30_b0_s90.inp'
  [LM0_phiP30_b0] [실패] (792.0s)
[LM0_phiP30_b0 10/10] L_M=0.0, phi=30.0, beta=0.0, s=100.0mm, push_depth=0.1mm ...
Info    : Meshing 1D...
Info    : [  0%] Meshing curve 1 (BSpline)
Info    : [ 10%] Meshing curve 2 (Ellipse)
Info    : [ 20%] Meshing curve 3 (Ellipse)
Info    : [ 30%] Meshing curve 4 (BSpline)
Info    : [ 40%] Meshing curve 5 (BSpline)
Info    : [ 50%] Meshing curve 6 (BSpline)
Info    : [ 60%] Meshing curve 7 (BSpline)
Info    : [ 60%] Meshing curve 8 (BSpline)
Info    : [ 70%] Meshing curve 9 (BSpline)
Info    : [ 90%] Meshing curve 11 (Circle)
Info    : Done meshing 1D (Wall 0.00988839s, CPU 0.009831s)
Info    : Meshing 2D...
Info    : [  0%] Meshing surface 1 (Plane, Frontal-Delaunay)
Info    : [ 20%] Meshing surface 2 (Plane, Frontal-Delaunay)
Info    : [ 40%] Meshing surface 3 (BSpline surface, Frontal-Delaunay)
Info    : [ 60%] Meshing surface 4 (BSpline surface, Frontal-Delaunay)
Info    : [ 70%] Meshing surface 5 (Plane, Frontal-Delaunay)
Info    : [ 90%] Meshing surface 6 (Sphere, Frontal-Delaunay)
Info    : Done meshing 2D (Wall 0.722271s, CPU 0.722159s)
Info    : Meshing 3D...
Info    : 3D Meshing 2 volumes with 2 connected components
Info    : Tetrahedrizing 12509 nodes...
Info    : Done tetrahedrizing 12517 nodes (Wall 0.141495s, CPU 0.134479s)
Info    : Reconstructing mesh...
Info    :  - Creating surface mesh
Info    :  - Identifying boundary edges
Info    :  - Recovering boundary
Info    : Done reconstructing mesh (Wall 0.353629s, CPU 0.34159s)
Info    : Found volume 1
Info    : It. 0 - 0 nodes created - worst tet radius 1.0711 (nodes removed 0 0)
Info    : 3D refinement terminated (13091 nodes total):
Info    :  - 0 Delaunay cavities modified for star shapeness
Info    :  - 0 nodes could not be inserted
Info    :  - 41112 tetrahedra created in 0.0244141 sec. (1683948 tets/s)
Info    : 0 node relocations
Info    : Tetrahedrizing 131 nodes...
Info    : Done tetrahedrizing 139 nodes (Wall 0.000732575s, CPU 0.000732s)
Info    : Reconstructing mesh...
Info    :  - Creating surface mesh
Info    :  - Identifying boundary edges
Info    :  - Recovering boundary
Info    : Done reconstructing mesh (Wall 0.00170955s, CPU 0.001714s)
Info    : Found volume 2
Info    : It. 0 - 0 nodes created - worst tet radius 3.11281 (nodes removed 0 0)
Info    : 3D refinement terminated (12721 nodes total):
Info    :  - 0 Delaunay cavities modified for star shapeness
Info    :  - 0 nodes could not be inserted
Info    :  - 492 tetrahedra created in 0.00675974 sec. (72783 tets/s)
Info    : 0 node relocations
Info    : Done meshing 3D (Wall 0.655632s, CPU 0.643479s)
Info    : Optimizing mesh...
Info    : Optimizing volume 1
Info    : Optimization starts (volume = 235.634) with worst = 0.00190552 / average = 0.686731:
Info    : 0.00 < quality < 0.10 :       221 elements
Info    : 0.10 < quality < 0.20 :       310 elements
Info    : 0.20 < quality < 0.30 :       464 elements
Info    : 0.30 < quality < 0.40 :       482 elements
Info    : 0.40 < quality < 0.50 :       917 elements
Info    : 0.50 < quality < 0.60 :      3472 elements
Info    : 0.60 < quality < 0.70 :     12127 elements
Info    : 0.70 < quality < 0.80 :     20189 elements
Info    : 0.80 < quality < 0.90 :      1638 elements
Info    : 0.90 < quality < 1.00 :      1292 elements
Info    : 940 edge swaps, 18 node relocations (volume = 235.634): worst = 0.140514 / average = 0.700216 (Wall 0.0142759s, CPU 0.014276s)
Info    : 969 edge swaps, 18 node relocations (volume = 235.634): worst = 0.140514 / average = 0.700535 (Wall 0.0180939s, CPU 0.018095s)
Info    : No ill-shaped tets in the mesh :-)
Info    : 0.00 < quality < 0.10 :         0 elements
Info    : 0.10 < quality < 0.20 :         8 elements
Info    : 0.20 < quality < 0.30 :        12 elements
Info    : 0.30 < quality < 0.40 :       376 elements
Info    : 0.40 < quality < 0.50 :       774 elements
Info    : 0.50 < quality < 0.60 :      3521 elements
Info    : 0.60 < quality < 0.70 :     12450 elements
Info    : 0.70 < quality < 0.80 :     19982 elements
Info    : 0.80 < quality < 0.90 :      1787 elements
Info    : 0.90 < quality < 1.00 :      1291 elements
Info    : Optimizing volume 2
Info    : Optimization starts (volume = 0.256422) with worst = 0.0624585 / average = 0.752931:
Info    : 0.00 < quality < 0.10 :         1 elements
Info    : 0.10 < quality < 0.20 :         1 elements
Info    : 0.20 < quality < 0.30 :         3 elements
Info    : 0.30 < quality < 0.40 :        11 elements
Info    : 0.40 < quality < 0.50 :         8 elements
Info    : 0.50 < quality < 0.60 :        22 elements
Info    : 0.60 < quality < 0.70 :        75 elements
Info    : 0.70 < quality < 0.80 :       194 elements
Info    : 0.80 < quality < 0.90 :       134 elements
Info    : 0.90 < quality < 1.00 :        43 elements
Info    : 5 edge swaps, 0 node relocations (volume = 0.256422): worst = 0.301484 / average = 0.760163 (Wall 8.8254e-05s, CPU 9.1e-05s)
Info    : No ill-shaped tets in the mesh :-)
Info    : 0.00 < quality < 0.10 :         0 elements
Info    : 0.10 < quality < 0.20 :         0 elements
Info    : 0.20 < quality < 0.30 :         0 elements
Info    : 0.30 < quality < 0.40 :        11 elements
Info    : 0.40 < quality < 0.50 :         8 elements
Info    : 0.50 < quality < 0.60 :        19 elements
Info    : 0.60 < quality < 0.70 :        74 elements
Info    : 0.70 < quality < 0.80 :       197 elements
Info    : 0.80 < quality < 0.90 :       135 elements
Info    : 0.90 < quality < 1.00 :        43 elements
Info    : Done optimizing mesh (Wall 0.0467371s, CPU 0.046737s)
Info    : 13491 nodes 67211 elements
Info    : Meshing order 2 (curvilinear on)...
Info    : [  0%] Meshing curve 1 order 2
Info    : [ 10%] Meshing curve 2 order 2
Info    : [ 20%] Meshing curve 3 order 2
Info    : [ 20%] Meshing curve 4 order 2
Info    : [ 30%] Meshing curve 5 order 2
Info    : [ 30%] Meshing curve 6 order 2
Info    : [ 40%] Meshing curve 7 order 2
Info    : [ 40%] Meshing curve 8 order 2
Info    : [ 50%] Meshing curve 9 order 2
Info    : [ 50%] Meshing curve 10 order 2
Info    : [ 60%] Meshing curve 11 order 2
Info    : [ 60%] Meshing curve 12 order 2
Info    : [ 70%] Meshing surface 1 order 2
Info    : [ 70%] Meshing surface 2 order 2
Info    : [ 80%] Meshing surface 3 order 2
Info    : [ 80%] Meshing surface 4 order 2
Info    : [ 90%] Meshing surface 5 order 2
Info    : [ 90%] Meshing surface 6 order 2
Info    : [100%] Meshing volume 1 order 2
Info    : [100%] Meshing volume 2 order 2
Info    : Surface mesh: worst distortion = 0.797589 (0 elements in ]0, 0.2]); worst gamma = 0.684603
Info    : Volume mesh: worst distortion = 0.234817 (0 elements in ]0, 0.2])
Info    : Done meshing order 2 (Wall 6.37664s, CPU 6.37508s)
Info    : Writing '/home/user/mscr-mom/현서/scripts/contact_scenarios/fea/matv2_mesh_LM0_phiP30_b0_s100.inp'...
Info    : Done writing '/home/user/mscr-mom/현서/scripts/contact_scenarios/fea/matv2_mesh_LM0_phiP30_b0_s100.inp'
  [LM0_phiP30_b0] [실패] (898.9s)
[LM0_phiP30_b0] 완료: 6/10 성공
