[LM50_phi00 1/10] L_M=50.0, phi=0.0, s=10.0mm, push_depth=0.1mm ...
Info    : Meshing 1D...
Info    : [  0%] Meshing curve 1 (BSpline)
Info    : [ 10%] Meshing curve 2 (Ellipse)
Info    : [ 20%] Meshing curve 3 (Ellipse)
Info    : [ 30%] Meshing curve 4 (BSpline)
Info    : [ 40%] Meshing curve 5 (BSpline)
Info    : [ 50%] Meshing curve 6 (BSpline)
Info    : [ 60%] Meshing curve 7 (BSpline)
Info    : [ 60%] Meshing curve 8 (BSpline)
Info    : [ 70%] Meshing curve 9 (BSpline)
Info    : [ 90%] Meshing curve 11 (Circle)
Info    : Done meshing 1D (Wall 0.00659152s, CPU 0.006592s)
Info    : Meshing 2D...
Info    : [  0%] Meshing surface 1 (Plane, Frontal-Delaunay)
Info    : [ 20%] Meshing surface 2 (Plane, Frontal-Delaunay)
Info    : [ 40%] Meshing surface 3 (BSpline surface, Frontal-Delaunay)
Info    : [ 60%] Meshing surface 4 (BSpline surface, Frontal-Delaunay)
Info    : [ 70%] Meshing surface 5 (Plane, Frontal-Delaunay)
Info    : [ 90%] Meshing surface 6 (Sphere, Frontal-Delaunay)
Info    : Done meshing 2D (Wall 0.488059s, CPU 0.486889s)
Info    : Meshing 3D...
Info    : 3D Meshing 2 volumes with 2 connected components
Info    : Tetrahedrizing 12263 nodes...
Info    : Done tetrahedrizing 12271 nodes (Wall 0.170291s, CPU 0.159253s)
Info    : Reconstructing mesh...
Info    :  - Creating surface mesh
Info    :  - Identifying boundary edges
Info    :  - Recovering boundary
Info    : Done reconstructing mesh (Wall 0.399641s, CPU 0.368661s)
Info    : Found volume 1
Info    : It. 0 - 0 nodes created - worst tet radius 1.04563 (nodes removed 0 0)
Info    : It. 500 - 500 nodes created - worst tet radius 1.01012 (nodes removed 0 0)
Info    : It. 1000 - 1000 nodes created - worst tet radius 1.00291 (nodes removed 0 0)
Info    : 3D refinement terminated (13729 nodes total):
Info    :  - 0 Delaunay cavities modified for star shapeness
Info    :  - 0 nodes could not be inserted
Info    :  - 47188 tetrahedra created in 0.0503548 sec. (937110 tets/s)
Info    : 0 node relocations
Info    : Tetrahedrizing 132 nodes...
Info    : Done tetrahedrizing 140 nodes (Wall 0.000725436s, CPU 0.00073s)
Info    : Reconstructing mesh...
Info    :  - Creating surface mesh
Info    :  - Identifying boundary edges
Info    :  - Recovering boundary
Info    : Done reconstructing mesh (Wall 0.00202757s, CPU 0.001971s)
Info    : Found volume 2
Info    : It. 0 - 0 nodes created - worst tet radius 3.19034 (nodes removed 0 0)
Info    : 3D refinement terminated (12476 nodes total):
Info    :  - 0 Delaunay cavities modified for star shapeness
Info    :  - 0 nodes could not be inserted
Info    :  - 497 tetrahedra created in 0.00262479 sec. (189348 tets/s)
Info    : 0 node relocations
Info    : Done meshing 3D (Wall 0.69018s, CPU 0.659035s)
Info    : Optimizing mesh...
Info    : Optimizing volume 1
Info    : Optimization starts (volume = 235.447) with worst = 0.000747888 / average = 0.692117:
Info    : 0.00 < quality < 0.10 :       365 elements
Info    : 0.10 < quality < 0.20 :       177 elements
Info    : 0.20 < quality < 0.30 :      1254 elements
Info    : 0.30 < quality < 0.40 :      1115 elements
Info    : 0.40 < quality < 0.50 :      2293 elements
Info    : 0.50 < quality < 0.60 :      3209 elements
Info    : 0.60 < quality < 0.70 :     12941 elements
Info    : 0.70 < quality < 0.80 :     16520 elements
Info    : 0.80 < quality < 0.90 :      4941 elements
Info    : 0.90 < quality < 1.00 :      4373 elements
Info    : 1747 edge swaps, 27 node relocations (volume = 235.447): worst = 0.110271 / average = 0.71357 (Wall 0.0179608s, CPU 0.017947s)
Info    : 1799 edge swaps, 29 node relocations (volume = 235.447): worst = 0.239178 / average = 0.714153 (Wall 0.0209263s, CPU 0.020914s)
Info    : 1802 edge swaps, 30 node relocations (volume = 235.447): worst = 0.239178 / average = 0.714206 (Wall 0.0232605s, CPU 0.023248s)
Info    : No ill-shaped tets in the mesh :-)
Info    : 0.00 < quality < 0.10 :         0 elements
Info    : 0.10 < quality < 0.20 :         0 elements
Info    : 0.20 < quality < 0.30 :         6 elements
Info    : 0.30 < quality < 0.40 :       953 elements
Info    : 0.40 < quality < 0.50 :      1766 elements
Info    : 0.50 < quality < 0.60 :      3806 elements
Info    : 0.60 < quality < 0.70 :     13210 elements
Info    : 0.70 < quality < 0.80 :     15672 elements
Info    : 0.80 < quality < 0.90 :      5676 elements
Info    : 0.90 < quality < 1.00 :      4377 elements
Info    : Optimizing volume 2
Info    : Optimization starts (volume = 0.256468) with worst = 0.197332 / average = 0.745343:
Info    : 0.00 < quality < 0.10 :         0 elements
Info    : 0.10 < quality < 0.20 :         2 elements
Info    : 0.20 < quality < 0.30 :         7 elements
Info    : 0.30 < quality < 0.40 :         7 elements
Info    : 0.40 < quality < 0.50 :        21 elements
Info    : 0.50 < quality < 0.60 :        24 elements
Info    : 0.60 < quality < 0.70 :        77 elements
Info    : 0.70 < quality < 0.80 :       170 elements
Info    : 0.80 < quality < 0.90 :       147 elements
Info    : 0.90 < quality < 1.00 :        42 elements
Info    : 9 edge swaps, 0 node relocations (volume = 0.256468): worst = 0.308107 / average = 0.754553 (Wall 0.00011791s, CPU 0.000119s)
Info    : No ill-shaped tets in the mesh :-)
Info    : 0.00 < quality < 0.10 :         0 elements
Info    : 0.10 < quality < 0.20 :         0 elements
Info    : 0.20 < quality < 0.30 :         0 elements
Info    : 0.30 < quality < 0.40 :         9 elements
Info    : 0.40 < quality < 0.50 :        19 elements
Info    : 0.50 < quality < 0.60 :        22 elements
Info    : 0.60 < quality < 0.70 :        80 elements
Info    : 0.70 < quality < 0.80 :       168 elements
Info    : 0.80 < quality < 0.90 :       151 elements
Info    : 0.90 < quality < 1.00 :        41 elements
Info    : Done optimizing mesh (Wall 0.0495083s, CPU 0.049493s)
Info    : 14129 nodes 71976 elements
Info    : Meshing order 2 (curvilinear on)...
Info    : [  0%] Meshing curve 1 order 2
Info    : [ 10%] Meshing curve 2 order 2
Info    : [ 20%] Meshing curve 3 order 2
Info    : [ 20%] Meshing curve 4 order 2
Info    : [ 30%] Meshing curve 5 order 2
Info    : [ 30%] Meshing curve 6 order 2
Info    : [ 40%] Meshing curve 7 order 2
Info    : [ 40%] Meshing curve 8 order 2
Info    : [ 50%] Meshing curve 9 order 2
Info    : [ 50%] Meshing curve 10 order 2
Info    : [ 60%] Meshing curve 11 order 2
Info    : [ 60%] Meshing curve 12 order 2
Info    : [ 70%] Meshing surface 1 order 2
Info    : [ 70%] Meshing surface 2 order 2
Info    : [ 80%] Meshing surface 3 order 2
Info    : [ 80%] Meshing surface 4 order 2
Info    : [ 90%] Meshing surface 5 order 2
Info    : [ 90%] Meshing surface 6 order 2
Info    : [100%] Meshing volume 1 order 2
Info    : [100%] Meshing volume 2 order 2
Info    : Surface mesh: worst distortion = 0.797589 (0 elements in ]0, 0.2]); worst gamma = 0.499267
Info    : Volume mesh: worst distortion = 0.271784 (0 elements in ]0, 0.2])
Info    : Done meshing order 2 (Wall 2.4305s, CPU 2.42926s)
Info    : Writing '/home/user/mscr-mom/현서/scripts/contact_scenarios/fea/lmphi_mesh_LM50_phi00_s10.inp'...
Info    : Done writing '/home/user/mscr-mom/현서/scripts/contact_scenarios/fea/lmphi_mesh_LM50_phi00_s10.inp'
  [LM50_phi00] F_mag=0.2314mN  (459.5s)
[LM50_phi00 2/10] L_M=50.0, phi=0.0, s=20.0mm, push_depth=0.1mm ...
Info    : Meshing 1D...
Info    : [  0%] Meshing curve 1 (BSpline)
Info    : [ 10%] Meshing curve 2 (Ellipse)
Info    : [ 20%] Meshing curve 3 (Ellipse)
Info    : [ 30%] Meshing curve 4 (BSpline)
Info    : [ 40%] Meshing curve 5 (BSpline)
Info    : [ 50%] Meshing curve 6 (BSpline)
Info    : [ 60%] Meshing curve 7 (BSpline)
Info    : [ 60%] Meshing curve 8 (BSpline)
Info    : [ 70%] Meshing curve 9 (BSpline)
Info    : [ 90%] Meshing curve 11 (Circle)
Info    : Done meshing 1D (Wall 0.00627026s, CPU 0.006223s)
Info    : Meshing 2D...
Info    : [  0%] Meshing surface 1 (Plane, Frontal-Delaunay)
Info    : [ 20%] Meshing surface 2 (Plane, Frontal-Delaunay)
Info    : [ 40%] Meshing surface 3 (BSpline surface, Frontal-Delaunay)
Info    : [ 60%] Meshing surface 4 (BSpline surface, Frontal-Delaunay)
Info    : [ 70%] Meshing surface 5 (Plane, Frontal-Delaunay)
Info    : [ 90%] Meshing surface 6 (Sphere, Frontal-Delaunay)
Info    : Done meshing 2D (Wall 0.486856s, CPU 0.486248s)
Info    : Meshing 3D...
Info    : 3D Meshing 2 volumes with 2 connected components
Info    : Tetrahedrizing 12263 nodes...
Info    : Done tetrahedrizing 12271 nodes (Wall 0.163744s, CPU 0.162785s)
Info    : Reconstructing mesh...
Info    :  - Creating surface mesh
Info    :  - Identifying boundary edges
Info    :  - Recovering boundary
Info    : Done reconstructing mesh (Wall 0.38494s, CPU 0.371303s)
Info    : Found volume 1
Info    : It. 0 - 0 nodes created - worst tet radius 1.04563 (nodes removed 0 0)
Info    : It. 500 - 500 nodes created - worst tet radius 1.01012 (nodes removed 0 0)
Info    : It. 1000 - 1000 nodes created - worst tet radius 1.00291 (nodes removed 0 0)
Info    : 3D refinement terminated (13729 nodes total):
Info    :  - 0 Delaunay cavities modified for star shapeness
Info    :  - 0 nodes could not be inserted
Info    :  - 47188 tetrahedra created in 0.0632509 sec. (746044 tets/s)
Info    : 0 node relocations
Info    : Tetrahedrizing 132 nodes...
Info    : Done tetrahedrizing 140 nodes (Wall 0.000745717s, CPU 0.000747s)
Info    : Reconstructing mesh...
Info    :  - Creating surface mesh
Info    :  - Identifying boundary edges
Info    :  - Recovering boundary
Info    : Done reconstructing mesh (Wall 0.00234603s, CPU 0.002347s)
Info    : Found volume 2
Info    : It. 0 - 0 nodes created - worst tet radius 3.19034 (nodes removed 0 0)
Info    : 3D refinement terminated (12476 nodes total):
Info    :  - 0 Delaunay cavities modified for star shapeness
Info    :  - 0 nodes could not be inserted
Info    :  - 497 tetrahedra created in 0.00414151 sec. (120004 tets/s)
Info    : 0 node relocations
Info    : Done meshing 3D (Wall 0.718209s, CPU 0.704462s)
Info    : Optimizing mesh...
Info    : Optimizing volume 1
Info    : Optimization starts (volume = 235.447) with worst = 0.000747888 / average = 0.692117:
Info    : 0.00 < quality < 0.10 :       365 elements
Info    : 0.10 < quality < 0.20 :       177 elements
Info    : 0.20 < quality < 0.30 :      1254 elements
Info    : 0.30 < quality < 0.40 :      1115 elements
Info    : 0.40 < quality < 0.50 :      2293 elements
Info    : 0.50 < quality < 0.60 :      3209 elements
Info    : 0.60 < quality < 0.70 :     12941 elements
Info    : 0.70 < quality < 0.80 :     16520 elements
Info    : 0.80 < quality < 0.90 :      4941 elements
Info    : 0.90 < quality < 1.00 :      4373 elements
Info    : 1747 edge swaps, 27 node relocations (volume = 235.447): worst = 0.110271 / average = 0.71357 (Wall 0.0177098s, CPU 0.017709s)
Info    : 1799 edge swaps, 29 node relocations (volume = 235.447): worst = 0.239178 / average = 0.714153 (Wall 0.0206573s, CPU 0.020659s)
Info    : 1802 edge swaps, 30 node relocations (volume = 235.447): worst = 0.239178 / average = 0.714206 (Wall 0.0230078s, CPU 0.02301s)
Info    : No ill-shaped tets in the mesh :-)
Info    : 0.00 < quality < 0.10 :         0 elements
Info    : 0.10 < quality < 0.20 :         0 elements
Info    : 0.20 < quality < 0.30 :         6 elements
Info    : 0.30 < quality < 0.40 :       953 elements
Info    : 0.40 < quality < 0.50 :      1766 elements
Info    : 0.50 < quality < 0.60 :      3806 elements
Info    : 0.60 < quality < 0.70 :     13210 elements
Info    : 0.70 < quality < 0.80 :     15672 elements
Info    : 0.80 < quality < 0.90 :      5676 elements
Info    : 0.90 < quality < 1.00 :      4377 elements
Info    : Optimizing volume 2
Info    : Optimization starts (volume = 0.256468) with worst = 0.197332 / average = 0.745343:
Info    : 0.00 < quality < 0.10 :         0 elements
Info    : 0.10 < quality < 0.20 :         2 elements
Info    : 0.20 < quality < 0.30 :         7 elements
Info    : 0.30 < quality < 0.40 :         7 elements
Info    : 0.40 < quality < 0.50 :        21 elements
Info    : 0.50 < quality < 0.60 :        24 elements
Info    : 0.60 < quality < 0.70 :        77 elements
Info    : 0.70 < quality < 0.80 :       170 elements
Info    : 0.80 < quality < 0.90 :       147 elements
Info    : 0.90 < quality < 1.00 :        42 elements
Info    : 9 edge swaps, 0 node relocations (volume = 0.256468): worst = 0.308107 / average = 0.754553 (Wall 0.00012466s, CPU 0.000125s)
Info    : No ill-shaped tets in the mesh :-)
Info    : 0.00 < quality < 0.10 :         0 elements
Info    : 0.10 < quality < 0.20 :         0 elements
Info    : 0.20 < quality < 0.30 :         0 elements
Info    : 0.30 < quality < 0.40 :         9 elements
Info    : 0.40 < quality < 0.50 :        19 elements
Info    : 0.50 < quality < 0.60 :        22 elements
Info    : 0.60 < quality < 0.70 :        80 elements
Info    : 0.70 < quality < 0.80 :       168 elements
Info    : 0.80 < quality < 0.90 :       151 elements
Info    : 0.90 < quality < 1.00 :        41 elements
Info    : Done optimizing mesh (Wall 0.0574659s, CPU 0.057464s)
Info    : 14129 nodes 71976 elements
Info    : Meshing order 2 (curvilinear on)...
Info    : [  0%] Meshing curve 1 order 2
Info    : [ 10%] Meshing curve 2 order 2
Info    : [ 20%] Meshing curve 3 order 2
Info    : [ 20%] Meshing curve 4 order 2
Info    : [ 30%] Meshing curve 5 order 2
Info    : [ 30%] Meshing curve 6 order 2
Info    : [ 40%] Meshing curve 7 order 2
Info    : [ 40%] Meshing curve 8 order 2
Info    : [ 50%] Meshing curve 9 order 2
Info    : [ 50%] Meshing curve 10 order 2
Info    : [ 60%] Meshing curve 11 order 2
Info    : [ 60%] Meshing curve 12 order 2
Info    : [ 70%] Meshing surface 1 order 2
Info    : [ 70%] Meshing surface 2 order 2
Info    : [ 80%] Meshing surface 3 order 2
Info    : [ 80%] Meshing surface 4 order 2
Info    : [ 90%] Meshing surface 5 order 2
Info    : [ 90%] Meshing surface 6 order 2
Info    : [100%] Meshing volume 1 order 2
Info    : [100%] Meshing volume 2 order 2
Info    : Surface mesh: worst distortion = 0.797589 (0 elements in ]0, 0.2]); worst gamma = 0.499267
Info    : Volume mesh: worst distortion = 0.271784 (0 elements in ]0, 0.2])
Info    : Done meshing order 2 (Wall 2.37885s, CPU 2.37815s)
Info    : Writing '/home/user/mscr-mom/현서/scripts/contact_scenarios/fea/lmphi_mesh_LM50_phi00_s20.inp'...
Info    : Done writing '/home/user/mscr-mom/현서/scripts/contact_scenarios/fea/lmphi_mesh_LM50_phi00_s20.inp'
  [LM50_phi00] F_mag=0.0299mN  (317.1s)
[LM50_phi00 3/10] L_M=50.0, phi=0.0, s=30.0mm, push_depth=0.1mm ...
Info    : Meshing 1D...
Info    : [  0%] Meshing curve 1 (BSpline)
Info    : [ 10%] Meshing curve 2 (Ellipse)
Info    : [ 20%] Meshing curve 3 (Ellipse)
Info    : [ 30%] Meshing curve 4 (BSpline)
Info    : [ 40%] Meshing curve 5 (BSpline)
Info    : [ 50%] Meshing curve 6 (BSpline)
Info    : [ 60%] Meshing curve 7 (BSpline)
Info    : [ 60%] Meshing curve 8 (BSpline)
Info    : [ 70%] Meshing curve 9 (BSpline)
Info    : [ 90%] Meshing curve 11 (Circle)
Info    : Done meshing 1D (Wall 0.00604231s, CPU 0.00604s)
Info    : Meshing 2D...
Info    : [  0%] Meshing surface 1 (Plane, Frontal-Delaunay)
Info    : [ 20%] Meshing surface 2 (Plane, Frontal-Delaunay)
Info    : [ 40%] Meshing surface 3 (BSpline surface, Frontal-Delaunay)
Info    : [ 60%] Meshing surface 4 (BSpline surface, Frontal-Delaunay)
Info    : [ 70%] Meshing surface 5 (Plane, Frontal-Delaunay)
Info    : [ 90%] Meshing surface 6 (Sphere, Frontal-Delaunay)
Info    : Done meshing 2D (Wall 0.509301s, CPU 0.508854s)
Info    : Meshing 3D...
Info    : 3D Meshing 2 volumes with 2 connected components
Info    : Tetrahedrizing 12263 nodes...
Info    : Done tetrahedrizing 12271 nodes (Wall 0.169342s, CPU 0.166324s)
Info    : Reconstructing mesh...
Info    :  - Creating surface mesh
Info    :  - Identifying boundary edges
Info    :  - Recovering boundary
Info    : Done reconstructing mesh (Wall 0.39889s, CPU 0.385614s)
Info    : Found volume 1
Info    : It. 0 - 0 nodes created - worst tet radius 1.04563 (nodes removed 0 0)
Info    : It. 500 - 500 nodes created - worst tet radius 1.01012 (nodes removed 0 0)
Info    : It. 1000 - 1000 nodes created - worst tet radius 1.00291 (nodes removed 0 0)
Info    : 3D refinement terminated (13729 nodes total):
Info    :  - 0 Delaunay cavities modified for star shapeness
Info    :  - 0 nodes could not be inserted
Info    :  - 47188 tetrahedra created in 0.0546288 sec. (863793 tets/s)
Info    : 0 node relocations
Info    : Tetrahedrizing 132 nodes...
Info    : Done tetrahedrizing 140 nodes (Wall 0.000773009s, CPU 0.000774s)
Info    : Reconstructing mesh...
Info    :  - Creating surface mesh
Info    :  - Identifying boundary edges
Info    :  - Recovering boundary
Info    : Done reconstructing mesh (Wall 0.0025412s, CPU 0.002544s)
Info    : Found volume 2
Info    : It. 0 - 0 nodes created - worst tet radius 3.19034 (nodes removed 0 0)
Info    : 3D refinement terminated (12476 nodes total):
Info    :  - 0 Delaunay cavities modified for star shapeness
Info    :  - 0 nodes could not be inserted
Info    :  - 497 tetrahedra created in 0.00445042 sec. (111674 tets/s)
Info    : 0 node relocations
Info    : Done meshing 3D (Wall 0.712155s, CPU 0.697781s)
Info    : Optimizing mesh...
Info    : Optimizing volume 1
Info    : Optimization starts (volume = 235.447) with worst = 0.000747888 / average = 0.692117:
Info    : 0.00 < quality < 0.10 :       365 elements
Info    : 0.10 < quality < 0.20 :       177 elements
Info    : 0.20 < quality < 0.30 :      1254 elements
Info    : 0.30 < quality < 0.40 :      1115 elements
Info    : 0.40 < quality < 0.50 :      2293 elements
Info    : 0.50 < quality < 0.60 :      3209 elements
Info    : 0.60 < quality < 0.70 :     12941 elements
Info    : 0.70 < quality < 0.80 :     16520 elements
Info    : 0.80 < quality < 0.90 :      4941 elements
Info    : 0.90 < quality < 1.00 :      4373 elements
Info    : 1747 edge swaps, 27 node relocations (volume = 235.447): worst = 0.110271 / average = 0.71357 (Wall 0.0198687s, CPU 0.019869s)
Info    : 1799 edge swaps, 29 node relocations (volume = 235.447): worst = 0.239178 / average = 0.714153 (Wall 0.0235717s, CPU 0.023572s)
Info    : 1802 edge swaps, 30 node relocations (volume = 235.447): worst = 0.239178 / average = 0.714206 (Wall 0.0262878s, CPU 0.026289s)
Info    : No ill-shaped tets in the mesh :-)
Info    : 0.00 < quality < 0.10 :         0 elements
Info    : 0.10 < quality < 0.20 :         0 elements
Info    : 0.20 < quality < 0.30 :         6 elements
Info    : 0.30 < quality < 0.40 :       953 elements
Info    : 0.40 < quality < 0.50 :      1766 elements
Info    : 0.50 < quality < 0.60 :      3806 elements
Info    : 0.60 < quality < 0.70 :     13210 elements
Info    : 0.70 < quality < 0.80 :     15672 elements
Info    : 0.80 < quality < 0.90 :      5676 elements
Info    : 0.90 < quality < 1.00 :      4377 elements
Info    : Optimizing volume 2
Info    : Optimization starts (volume = 0.256468) with worst = 0.197332 / average = 0.745343:
Info    : 0.00 < quality < 0.10 :         0 elements
Info    : 0.10 < quality < 0.20 :         2 elements
Info    : 0.20 < quality < 0.30 :         7 elements
Info    : 0.30 < quality < 0.40 :         7 elements
Info    : 0.40 < quality < 0.50 :        21 elements
Info    : 0.50 < quality < 0.60 :        24 elements
Info    : 0.60 < quality < 0.70 :        77 elements
Info    : 0.70 < quality < 0.80 :       170 elements
Info    : 0.80 < quality < 0.90 :       147 elements
Info    : 0.90 < quality < 1.00 :        42 elements
Info    : 9 edge swaps, 0 node relocations (volume = 0.256468): worst = 0.308107 / average = 0.754553 (Wall 0.000113053s, CPU 0.000106s)
Info    : No ill-shaped tets in the mesh :-)
Info    : 0.00 < quality < 0.10 :         0 elements
Info    : 0.10 < quality < 0.20 :         0 elements
Info    : 0.20 < quality < 0.30 :         0 elements
Info    : 0.30 < quality < 0.40 :         9 elements
Info    : 0.40 < quality < 0.50 :        19 elements
Info    : 0.50 < quality < 0.60 :        22 elements
Info    : 0.60 < quality < 0.70 :        80 elements
Info    : 0.70 < quality < 0.80 :       168 elements
Info    : 0.80 < quality < 0.90 :       151 elements
Info    : 0.90 < quality < 1.00 :        41 elements
Info    : Done optimizing mesh (Wall 0.0543735s, CPU 0.053391s)
Info    : 14129 nodes 71976 elements
Info    : Meshing order 2 (curvilinear on)...
Info    : [  0%] Meshing curve 1 order 2
Info    : [ 10%] Meshing curve 2 order 2
Info    : [ 20%] Meshing curve 3 order 2
Info    : [ 20%] Meshing curve 4 order 2
Info    : [ 30%] Meshing curve 5 order 2
Info    : [ 30%] Meshing curve 6 order 2
Info    : [ 40%] Meshing curve 7 order 2
Info    : [ 40%] Meshing curve 8 order 2
Info    : [ 50%] Meshing curve 9 order 2
Info    : [ 50%] Meshing curve 10 order 2
Info    : [ 60%] Meshing curve 11 order 2
Info    : [ 60%] Meshing curve 12 order 2
Info    : [ 70%] Meshing surface 1 order 2
Info    : [ 70%] Meshing surface 2 order 2
Info    : [ 80%] Meshing surface 3 order 2
Info    : [ 80%] Meshing surface 4 order 2
Info    : [ 90%] Meshing surface 5 order 2
Info    : [ 90%] Meshing surface 6 order 2
Info    : [100%] Meshing volume 1 order 2
Info    : [100%] Meshing volume 2 order 2
Info    : Surface mesh: worst distortion = 0.797589 (0 elements in ]0, 0.2]); worst gamma = 0.499267
Info    : Volume mesh: worst distortion = 0.271784 (0 elements in ]0, 0.2])
Info    : Done meshing order 2 (Wall 2.43436s, CPU 2.4276s)
Info    : Writing '/home/user/mscr-mom/현서/scripts/contact_scenarios/fea/lmphi_mesh_LM50_phi00_s30.inp'...
Info    : Done writing '/home/user/mscr-mom/현서/scripts/contact_scenarios/fea/lmphi_mesh_LM50_phi00_s30.inp'
  [LM50_phi00] F_mag=0.0088mN  (159.7s)
[LM50_phi00 4/10] L_M=50.0, phi=0.0, s=40.0mm, push_depth=0.1mm ...
Info    : Meshing 1D...
Info    : [  0%] Meshing curve 1 (BSpline)
Info    : [ 10%] Meshing curve 2 (Ellipse)
Info    : [ 20%] Meshing curve 3 (Ellipse)
Info    : [ 30%] Meshing curve 4 (BSpline)
Info    : [ 40%] Meshing curve 5 (BSpline)
Info    : [ 50%] Meshing curve 6 (BSpline)
Info    : [ 60%] Meshing curve 7 (BSpline)
Info    : [ 60%] Meshing curve 8 (BSpline)
Info    : [ 70%] Meshing curve 9 (BSpline)
Info    : [ 90%] Meshing curve 11 (Circle)
Info    : Done meshing 1D (Wall 0.00613796s, CPU 0.006095s)
Info    : Meshing 2D...
Info    : [  0%] Meshing surface 1 (Plane, Frontal-Delaunay)
Info    : [ 20%] Meshing surface 2 (Plane, Frontal-Delaunay)
Info    : [ 40%] Meshing surface 3 (BSpline surface, Frontal-Delaunay)
Info    : [ 60%] Meshing surface 4 (BSpline surface, Frontal-Delaunay)
Info    : [ 70%] Meshing surface 5 (Plane, Frontal-Delaunay)
Info    : [ 90%] Meshing surface 6 (Sphere, Frontal-Delaunay)
Info    : Done meshing 2D (Wall 0.49525s, CPU 0.495148s)
Info    : Meshing 3D...
Info    : 3D Meshing 2 volumes with 2 connected components
Info    : Tetrahedrizing 12263 nodes...
Info    : Done tetrahedrizing 12271 nodes (Wall 0.16991s, CPU 0.166941s)
Info    : Reconstructing mesh...
Info    :  - Creating surface mesh
Info    :  - Identifying boundary edges
Info    :  - Recovering boundary
Info    : Done reconstructing mesh (Wall 0.383743s, CPU 0.369753s)
Info    : Found volume 1
Info    : It. 0 - 0 nodes created - worst tet radius 1.04563 (nodes removed 0 0)
Info    : It. 500 - 500 nodes created - worst tet radius 1.01012 (nodes removed 0 0)
Info    : It. 1000 - 1000 nodes created - worst tet radius 1.00291 (nodes removed 0 0)
Info    : 3D refinement terminated (13729 nodes total):
Info    :  - 0 Delaunay cavities modified for star shapeness
Info    :  - 0 nodes could not be inserted
Info    :  - 47188 tetrahedra created in 0.0680729 sec. (693197 tets/s)
Info    : 0 node relocations
Info    : Tetrahedrizing 132 nodes...
Info    : Done tetrahedrizing 140 nodes (Wall 0.000785601s, CPU 0.000756s)
Info    : Reconstructing mesh...
Info    :  - Creating surface mesh
Info    :  - Identifying boundary edges
Info    :  - Recovering boundary
Info    : Done reconstructing mesh (Wall 0.00335592s, CPU 0.003326s)
Info    : Found volume 2
Info    : It. 0 - 0 nodes created - worst tet radius 3.19034 (nodes removed 0 0)
Info    : 3D refinement terminated (12476 nodes total):
Info    :  - 0 Delaunay cavities modified for star shapeness
Info    :  - 0 nodes could not be inserted
Info    :  - 497 tetrahedra created in 0.00385315 sec. (128985 tets/s)
Info    : 0 node relocations
Info    : Done meshing 3D (Wall 0.735547s, CPU 0.72042s)
Info    : Optimizing mesh...
Info    : Optimizing volume 1
Info    : Optimization starts (volume = 235.447) with worst = 0.000747888 / average = 0.692117:
Info    : 0.00 < quality < 0.10 :       365 elements
Info    : 0.10 < quality < 0.20 :       177 elements
Info    : 0.20 < quality < 0.30 :      1254 elements
Info    : 0.30 < quality < 0.40 :      1115 elements
Info    : 0.40 < quality < 0.50 :      2293 elements
Info    : 0.50 < quality < 0.60 :      3209 elements
Info    : 0.60 < quality < 0.70 :     12941 elements
Info    : 0.70 < quality < 0.80 :     16520 elements
Info    : 0.80 < quality < 0.90 :      4941 elements
Info    : 0.90 < quality < 1.00 :      4373 elements
Info    : 1747 edge swaps, 27 node relocations (volume = 235.447): worst = 0.110271 / average = 0.71357 (Wall 0.0183898s, CPU 0.018389s)
Info    : 1799 edge swaps, 29 node relocations (volume = 235.447): worst = 0.239178 / average = 0.714153 (Wall 0.0211163s, CPU 0.021118s)
Info    : 1802 edge swaps, 30 node relocations (volume = 235.447): worst = 0.239178 / average = 0.714206 (Wall 0.0233834s, CPU 0.023384s)
Info    : No ill-shaped tets in the mesh :-)
Info    : 0.00 < quality < 0.10 :         0 elements
Info    : 0.10 < quality < 0.20 :         0 elements
Info    : 0.20 < quality < 0.30 :         6 elements
Info    : 0.30 < quality < 0.40 :       953 elements
Info    : 0.40 < quality < 0.50 :      1766 elements
Info    : 0.50 < quality < 0.60 :      3806 elements
Info    : 0.60 < quality < 0.70 :     13210 elements
Info    : 0.70 < quality < 0.80 :     15672 elements
Info    : 0.80 < quality < 0.90 :      5676 elements
Info    : 0.90 < quality < 1.00 :      4377 elements
Info    : Optimizing volume 2
Info    : Optimization starts (volume = 0.256468) with worst = 0.197332 / average = 0.745343:
Info    : 0.00 < quality < 0.10 :         0 elements
Info    : 0.10 < quality < 0.20 :         2 elements
Info    : 0.20 < quality < 0.30 :         7 elements
Info    : 0.30 < quality < 0.40 :         7 elements
Info    : 0.40 < quality < 0.50 :        21 elements
Info    : 0.50 < quality < 0.60 :        24 elements
Info    : 0.60 < quality < 0.70 :        77 elements
Info    : 0.70 < quality < 0.80 :       170 elements
Info    : 0.80 < quality < 0.90 :       147 elements
Info    : 0.90 < quality < 1.00 :        42 elements
Info    : 9 edge swaps, 0 node relocations (volume = 0.256468): worst = 0.308107 / average = 0.754553 (Wall 0.000114475s, CPU 0.000115s)
Info    : No ill-shaped tets in the mesh :-)
Info    : 0.00 < quality < 0.10 :         0 elements
Info    : 0.10 < quality < 0.20 :         0 elements
Info    : 0.20 < quality < 0.30 :         0 elements
Info    : 0.30 < quality < 0.40 :         9 elements
Info    : 0.40 < quality < 0.50 :        19 elements
Info    : 0.50 < quality < 0.60 :        22 elements
Info    : 0.60 < quality < 0.70 :        80 elements
Info    : 0.70 < quality < 0.80 :       168 elements
Info    : 0.80 < quality < 0.90 :       151 elements
Info    : 0.90 < quality < 1.00 :        41 elements
Info    : Done optimizing mesh (Wall 0.0497071s, CPU 0.049707s)
Info    : 14129 nodes 71976 elements
Info    : Meshing order 2 (curvilinear on)...
Info    : [  0%] Meshing curve 1 order 2
Info    : [ 10%] Meshing curve 2 order 2
Info    : [ 20%] Meshing curve 3 order 2
Info    : [ 20%] Meshing curve 4 order 2
Info    : [ 30%] Meshing curve 5 order 2
Info    : [ 30%] Meshing curve 6 order 2
Info    : [ 40%] Meshing curve 7 order 2
Info    : [ 40%] Meshing curve 8 order 2
Info    : [ 50%] Meshing curve 9 order 2
Info    : [ 50%] Meshing curve 10 order 2
Info    : [ 60%] Meshing curve 11 order 2
Info    : [ 60%] Meshing curve 12 order 2
Info    : [ 70%] Meshing surface 1 order 2
Info    : [ 70%] Meshing surface 2 order 2
Info    : [ 80%] Meshing surface 3 order 2
Info    : [ 80%] Meshing surface 4 order 2
Info    : [ 90%] Meshing surface 5 order 2
Info    : [ 90%] Meshing surface 6 order 2
Info    : [100%] Meshing volume 1 order 2
Info    : [100%] Meshing volume 2 order 2
Info    : Surface mesh: worst distortion = 0.797589 (0 elements in ]0, 0.2]); worst gamma = 0.499267
Info    : Volume mesh: worst distortion = 0.271784 (0 elements in ]0, 0.2])
Info    : Done meshing order 2 (Wall 2.43198s, CPU 2.43077s)
Info    : Writing '/home/user/mscr-mom/현서/scripts/contact_scenarios/fea/lmphi_mesh_LM50_phi00_s40.inp'...
Info    : Done writing '/home/user/mscr-mom/현서/scripts/contact_scenarios/fea/lmphi_mesh_LM50_phi00_s40.inp'
  [LM50_phi00] [실패] (619.9s)
[LM50_phi00 5/10] L_M=50.0, phi=0.0, s=50.0mm, push_depth=0.1mm ...
Info    : Meshing 1D...
Info    : [  0%] Meshing curve 1 (BSpline)
Info    : [ 10%] Meshing curve 2 (Ellipse)
Info    : [ 20%] Meshing curve 3 (Ellipse)
Info    : [ 30%] Meshing curve 4 (BSpline)
Info    : [ 40%] Meshing curve 5 (BSpline)
Info    : [ 50%] Meshing curve 6 (BSpline)
Info    : [ 60%] Meshing curve 7 (BSpline)
Info    : [ 60%] Meshing curve 8 (BSpline)
Info    : [ 70%] Meshing curve 9 (BSpline)
Info    : [ 90%] Meshing curve 11 (Circle)
Info    : Done meshing 1D (Wall 0.00621788s, CPU 0.00521s)
Info    : Meshing 2D...
Info    : [  0%] Meshing surface 1 (Plane, Frontal-Delaunay)
Info    : [ 20%] Meshing surface 2 (Plane, Frontal-Delaunay)
Info    : [ 40%] Meshing surface 3 (BSpline surface, Frontal-Delaunay)
Info    : [ 60%] Meshing surface 4 (BSpline surface, Frontal-Delaunay)
Info    : [ 70%] Meshing surface 5 (Plane, Frontal-Delaunay)
Info    : [ 90%] Meshing surface 6 (Sphere, Frontal-Delaunay)
Info    : Done meshing 2D (Wall 0.489394s, CPU 0.489287s)
Info    : Meshing 3D...
Info    : 3D Meshing 2 volumes with 2 connected components
Info    : Tetrahedrizing 12263 nodes...
Info    : Done tetrahedrizing 12271 nodes (Wall 0.164292s, CPU 0.157325s)
Info    : Reconstructing mesh...
Info    :  - Creating surface mesh
Info    :  - Identifying boundary edges
Info    :  - Recovering boundary
Info    : Done reconstructing mesh (Wall 0.38846s, CPU 0.371424s)
Info    : Found volume 1
Info    : It. 0 - 0 nodes created - worst tet radius 1.04563 (nodes removed 0 0)
Info    : It. 500 - 500 nodes created - worst tet radius 1.01012 (nodes removed 0 0)
Info    : It. 1000 - 1000 nodes created - worst tet radius 1.00291 (nodes removed 0 0)
Info    : 3D refinement terminated (13729 nodes total):
Info    :  - 0 Delaunay cavities modified for star shapeness
Info    :  - 0 nodes could not be inserted
Info    :  - 47188 tetrahedra created in 0.0567772 sec. (831107 tets/s)
Info    : 0 node relocations
Info    : Tetrahedrizing 132 nodes...
Info    : Done tetrahedrizing 140 nodes (Wall 0.000761172s, CPU 0.000762s)
Info    : Reconstructing mesh...
Info    :  - Creating surface mesh
Info    :  - Identifying boundary edges
Info    :  - Recovering boundary
Info    : Done reconstructing mesh (Wall 0.00272904s, CPU 0.002695s)
Info    : Found volume 2
Info    : It. 0 - 0 nodes created - worst tet radius 3.19034 (nodes removed 0 0)
Info    : 3D refinement terminated (12476 nodes total):
Info    :  - 0 Delaunay cavities modified for star shapeness
Info    :  - 0 nodes could not be inserted
Info    :  - 497 tetrahedra created in 0.00480292 sec. (103478 tets/s)
Info    : 0 node relocations
Info    : Done meshing 3D (Wall 0.732627s, CPU 0.714197s)
Info    : Optimizing mesh...
Info    : Optimizing volume 1
Info    : Optimization starts (volume = 235.447) with worst = 0.000747888 / average = 0.692117:
Info    : 0.00 < quality < 0.10 :       365 elements
Info    : 0.10 < quality < 0.20 :       177 elements
Info    : 0.20 < quality < 0.30 :      1254 elements
Info    : 0.30 < quality < 0.40 :      1115 elements
Info    : 0.40 < quality < 0.50 :      2293 elements
Info    : 0.50 < quality < 0.60 :      3209 elements
Info    : 0.60 < quality < 0.70 :     12941 elements
Info    : 0.70 < quality < 0.80 :     16520 elements
Info    : 0.80 < quality < 0.90 :      4941 elements
Info    : 0.90 < quality < 1.00 :      4373 elements
Info    : 1747 edge swaps, 27 node relocations (volume = 235.447): worst = 0.110271 / average = 0.71357 (Wall 0.0214762s, CPU 0.019519s)
Info    : 1799 edge swaps, 29 node relocations (volume = 235.447): worst = 0.239178 / average = 0.714153 (Wall 0.0258015s, CPU 0.023829s)
Info    : 1802 edge swaps, 30 node relocations (volume = 235.447): worst = 0.239178 / average = 0.714206 (Wall 0.0308189s, CPU 0.028832s)
Info    : No ill-shaped tets in the mesh :-)
Info    : 0.00 < quality < 0.10 :         0 elements
Info    : 0.10 < quality < 0.20 :         0 elements
Info    : 0.20 < quality < 0.30 :         6 elements
Info    : 0.30 < quality < 0.40 :       953 elements
Info    : 0.40 < quality < 0.50 :      1766 elements
Info    : 0.50 < quality < 0.60 :      3806 elements
Info    : 0.60 < quality < 0.70 :     13210 elements
Info    : 0.70 < quality < 0.80 :     15672 elements
Info    : 0.80 < quality < 0.90 :      5676 elements
Info    : 0.90 < quality < 1.00 :      4377 elements
Info    : Optimizing volume 2
Info    : Optimization starts (volume = 0.256468) with worst = 0.197332 / average = 0.745343:
Info    : 0.00 < quality < 0.10 :         0 elements
Info    : 0.10 < quality < 0.20 :         2 elements
Info    : 0.20 < quality < 0.30 :         7 elements
Info    : 0.30 < quality < 0.40 :         7 elements
Info    : 0.40 < quality < 0.50 :        21 elements
Info    : 0.50 < quality < 0.60 :        24 elements
Info    : 0.60 < quality < 0.70 :        77 elements
Info    : 0.70 < quality < 0.80 :       170 elements
Info    : 0.80 < quality < 0.90 :       147 elements
Info    : 0.90 < quality < 1.00 :        42 elements
Info    : 9 edge swaps, 0 node relocations (volume = 0.256468): worst = 0.308107 / average = 0.754553 (Wall 0.000179253s, CPU 0.000183s)
Info    : No ill-shaped tets in the mesh :-)
Info    : 0.00 < quality < 0.10 :         0 elements
Info    : 0.10 < quality < 0.20 :         0 elements
Info    : 0.20 < quality < 0.30 :         0 elements
Info    : 0.30 < quality < 0.40 :         9 elements
Info    : 0.40 < quality < 0.50 :        19 elements
Info    : 0.50 < quality < 0.60 :        22 elements
Info    : 0.60 < quality < 0.70 :        80 elements
Info    : 0.70 < quality < 0.80 :       168 elements
Info    : 0.80 < quality < 0.90 :       151 elements
Info    : 0.90 < quality < 1.00 :        41 elements
Info    : Done optimizing mesh (Wall 0.082815s, CPU 0.078826s)
Info    : 14129 nodes 71976 elements
Info    : Meshing order 2 (curvilinear on)...
Info    : [  0%] Meshing curve 1 order 2
Info    : [ 10%] Meshing curve 2 order 2
Info    : [ 20%] Meshing curve 3 order 2
Info    : [ 20%] Meshing curve 4 order 2
Info    : [ 30%] Meshing curve 5 order 2
Info    : [ 30%] Meshing curve 6 order 2
Info    : [ 40%] Meshing curve 7 order 2
Info    : [ 40%] Meshing curve 8 order 2
Info    : [ 50%] Meshing curve 9 order 2
Info    : [ 50%] Meshing curve 10 order 2
Info    : [ 60%] Meshing curve 11 order 2
Info    : [ 60%] Meshing curve 12 order 2
Info    : [ 70%] Meshing surface 1 order 2
Info    : [ 70%] Meshing surface 2 order 2
Info    : [ 80%] Meshing surface 3 order 2
Info    : [ 80%] Meshing surface 4 order 2
Info    : [ 90%] Meshing surface 5 order 2
Info    : [ 90%] Meshing surface 6 order 2
Info    : [100%] Meshing volume 1 order 2
Info    : [100%] Meshing volume 2 order 2
Info    : Surface mesh: worst distortion = 0.797589 (0 elements in ]0, 0.2]); worst gamma = 0.499267
Info    : Volume mesh: worst distortion = 0.271784 (0 elements in ]0, 0.2])
Info    : Done meshing order 2 (Wall 2.46649s, CPU 2.46396s)
Info    : Writing '/home/user/mscr-mom/현서/scripts/contact_scenarios/fea/lmphi_mesh_LM50_phi00_s50.inp'...
Info    : Done writing '/home/user/mscr-mom/현서/scripts/contact_scenarios/fea/lmphi_mesh_LM50_phi00_s50.inp'
  [LM50_phi00] F_mag=0.0020mN  (166.1s)
[LM50_phi00 6/10] L_M=50.0, phi=0.0, s=60.0mm, push_depth=0.1mm ...
Info    : Meshing 1D...
Info    : [  0%] Meshing curve 1 (BSpline)
Info    : [ 10%] Meshing curve 2 (Ellipse)
Info    : [ 20%] Meshing curve 3 (Ellipse)
Info    : [ 30%] Meshing curve 4 (BSpline)
Info    : [ 40%] Meshing curve 5 (BSpline)
Info    : [ 50%] Meshing curve 6 (BSpline)
Info    : [ 60%] Meshing curve 7 (BSpline)
Info    : [ 60%] Meshing curve 8 (BSpline)
Info    : [ 70%] Meshing curve 9 (BSpline)
Info    : [ 90%] Meshing curve 11 (Circle)
Info    : Done meshing 1D (Wall 0.0060209s, CPU 0.006022s)
Info    : Meshing 2D...
Info    : [  0%] Meshing surface 1 (Plane, Frontal-Delaunay)
Info    : [ 20%] Meshing surface 2 (Plane, Frontal-Delaunay)
Info    : [ 40%] Meshing surface 3 (BSpline surface, Frontal-Delaunay)
Info    : [ 60%] Meshing surface 4 (BSpline surface, Frontal-Delaunay)
Info    : [ 70%] Meshing surface 5 (Plane, Frontal-Delaunay)
Info    : [ 90%] Meshing surface 6 (Sphere, Frontal-Delaunay)
Info    : Done meshing 2D (Wall 0.495394s, CPU 0.493183s)
Info    : Meshing 3D...
Info    : 3D Meshing 2 volumes with 2 connected components
Info    : Tetrahedrizing 12263 nodes...
Info    : Done tetrahedrizing 12271 nodes (Wall 0.166576s, CPU 0.164589s)
Info    : Reconstructing mesh...
Info    :  - Creating surface mesh
Info    :  - Identifying boundary edges
Info    :  - Recovering boundary
Info    : Done reconstructing mesh (Wall 0.386392s, CPU 0.374405s)
Info    : Found volume 1
Info    : It. 0 - 0 nodes created - worst tet radius 1.04563 (nodes removed 0 0)
Info    : It. 500 - 500 nodes created - worst tet radius 1.01012 (nodes removed 0 0)
Info    : It. 1000 - 1000 nodes created - worst tet radius 1.00291 (nodes removed 0 0)
Info    : 3D refinement terminated (13729 nodes total):
Info    :  - 0 Delaunay cavities modified for star shapeness
Info    :  - 0 nodes could not be inserted
Info    :  - 47188 tetrahedra created in 0.0573582 sec. (822689 tets/s)
Info    : 0 node relocations
Info    : Tetrahedrizing 132 nodes...
Info    : Done tetrahedrizing 140 nodes (Wall 0.00075373s, CPU 0s)
Info    : Reconstructing mesh...
Info    :  - Creating surface mesh
Info    :  - Identifying boundary edges
Info    :  - Recovering boundary
Info    : Done reconstructing mesh (Wall 0.00225629s, CPU 0.001296s)
Info    : Found volume 2
Info    : It. 0 - 0 nodes created - worst tet radius 3.19034 (nodes removed 0 0)
Info    : 3D refinement terminated (12476 nodes total):
Info    :  - 0 Delaunay cavities modified for star shapeness
Info    :  - 0 nodes could not be inserted
Info    :  - 497 tetrahedra created in 0.00502497 sec. (98906 tets/s)
Info    : 0 node relocations
Info    : Done meshing 3D (Wall 0.702149s, CPU 0.689115s)
Info    : Optimizing mesh...
Info    : Optimizing volume 1
Info    : Optimization starts (volume = 235.447) with worst = 0.000747888 / average = 0.692117:
Info    : 0.00 < quality < 0.10 :       365 elements
Info    : 0.10 < quality < 0.20 :       177 elements
Info    : 0.20 < quality < 0.30 :      1254 elements
Info    : 0.30 < quality < 0.40 :      1115 elements
Info    : 0.40 < quality < 0.50 :      2293 elements
Info    : 0.50 < quality < 0.60 :      3209 elements
Info    : 0.60 < quality < 0.70 :     12941 elements
Info    : 0.70 < quality < 0.80 :     16520 elements
Info    : 0.80 < quality < 0.90 :      4941 elements
Info    : 0.90 < quality < 1.00 :      4373 elements
Info    : 1747 edge swaps, 27 node relocations (volume = 235.447): worst = 0.110271 / average = 0.71357 (Wall 0.0164009s, CPU 0.016401s)
Info    : 1799 edge swaps, 29 node relocations (volume = 235.447): worst = 0.239178 / average = 0.714153 (Wall 0.0192203s, CPU 0.019222s)
Info    : 1802 edge swaps, 30 node relocations (volume = 235.447): worst = 0.239178 / average = 0.714206 (Wall 0.0214739s, CPU 0.021476s)
Info    : No ill-shaped tets in the mesh :-)
Info    : 0.00 < quality < 0.10 :         0 elements
Info    : 0.10 < quality < 0.20 :         0 elements
Info    : 0.20 < quality < 0.30 :         6 elements
Info    : 0.30 < quality < 0.40 :       953 elements
Info    : 0.40 < quality < 0.50 :      1766 elements
Info    : 0.50 < quality < 0.60 :      3806 elements
Info    : 0.60 < quality < 0.70 :     13210 elements
Info    : 0.70 < quality < 0.80 :     15672 elements
Info    : 0.80 < quality < 0.90 :      5676 elements
Info    : 0.90 < quality < 1.00 :      4377 elements
Info    : Optimizing volume 2
Info    : Optimization starts (volume = 0.256468) with worst = 0.197332 / average = 0.745343:
Info    : 0.00 < quality < 0.10 :         0 elements
Info    : 0.10 < quality < 0.20 :         2 elements
Info    : 0.20 < quality < 0.30 :         7 elements
Info    : 0.30 < quality < 0.40 :         7 elements
Info    : 0.40 < quality < 0.50 :        21 elements
Info    : 0.50 < quality < 0.60 :        24 elements
Info    : 0.60 < quality < 0.70 :        77 elements
Info    : 0.70 < quality < 0.80 :       170 elements
Info    : 0.80 < quality < 0.90 :       147 elements
Info    : 0.90 < quality < 1.00 :        42 elements
Info    : 9 edge swaps, 0 node relocations (volume = 0.256468): worst = 0.308107 / average = 0.754553 (Wall 0.000114495s, CPU 0.000109s)
Info    : No ill-shaped tets in the mesh :-)
Info    : 0.00 < quality < 0.10 :         0 elements
Info    : 0.10 < quality < 0.20 :         0 elements
Info    : 0.20 < quality < 0.30 :         0 elements
Info    : 0.30 < quality < 0.40 :         9 elements
Info    : 0.40 < quality < 0.50 :        19 elements
Info    : 0.50 < quality < 0.60 :        22 elements
Info    : 0.60 < quality < 0.70 :        80 elements
Info    : 0.70 < quality < 0.80 :       168 elements
Info    : 0.80 < quality < 0.90 :       151 elements
Info    : 0.90 < quality < 1.00 :        41 elements
Info    : Done optimizing mesh (Wall 0.0506174s, CPU 0.050596s)
Info    : 14129 nodes 71976 elements
Info    : Meshing order 2 (curvilinear on)...
Info    : [  0%] Meshing curve 1 order 2
Info    : [ 10%] Meshing curve 2 order 2
Info    : [ 20%] Meshing curve 3 order 2
Info    : [ 20%] Meshing curve 4 order 2
Info    : [ 30%] Meshing curve 5 order 2
Info    : [ 30%] Meshing curve 6 order 2
Info    : [ 40%] Meshing curve 7 order 2
Info    : [ 40%] Meshing curve 8 order 2
Info    : [ 50%] Meshing curve 9 order 2
Info    : [ 50%] Meshing curve 10 order 2
Info    : [ 60%] Meshing curve 11 order 2
Info    : [ 60%] Meshing curve 12 order 2
Info    : [ 70%] Meshing surface 1 order 2
Info    : [ 70%] Meshing surface 2 order 2
Info    : [ 80%] Meshing surface 3 order 2
Info    : [ 80%] Meshing surface 4 order 2
Info    : [ 90%] Meshing surface 5 order 2
Info    : [ 90%] Meshing surface 6 order 2
Info    : [100%] Meshing volume 1 order 2
Info    : [100%] Meshing volume 2 order 2
Info    : Surface mesh: worst distortion = 0.797589 (0 elements in ]0, 0.2]); worst gamma = 0.499267
Info    : Volume mesh: worst distortion = 0.271784 (0 elements in ]0, 0.2])
Info    : Done meshing order 2 (Wall 2.4433s, CPU 2.44317s)
Info    : Writing '/home/user/mscr-mom/현서/scripts/contact_scenarios/fea/lmphi_mesh_LM50_phi00_s60.inp'...
Info    : Done writing '/home/user/mscr-mom/현서/scripts/contact_scenarios/fea/lmphi_mesh_LM50_phi00_s60.inp'
  [LM50_phi00] [실패] (804.2s)
[LM50_phi00 7/10] L_M=50.0, phi=0.0, s=70.0mm, push_depth=0.1mm ...
Info    : Meshing 1D...
Info    : [  0%] Meshing curve 1 (BSpline)
Info    : [ 10%] Meshing curve 2 (Ellipse)
Info    : [ 20%] Meshing curve 3 (Ellipse)
Info    : [ 30%] Meshing curve 4 (BSpline)
Info    : [ 40%] Meshing curve 5 (BSpline)
Info    : [ 50%] Meshing curve 6 (BSpline)
Info    : [ 60%] Meshing curve 7 (BSpline)
Info    : [ 60%] Meshing curve 8 (BSpline)
Info    : [ 70%] Meshing curve 9 (BSpline)
Info    : [ 90%] Meshing curve 11 (Circle)
Info    : Done meshing 1D (Wall 0.00613983s, CPU 0.006094s)
Info    : Meshing 2D...
Info    : [  0%] Meshing surface 1 (Plane, Frontal-Delaunay)
Info    : [ 20%] Meshing surface 2 (Plane, Frontal-Delaunay)
Info    : [ 40%] Meshing surface 3 (BSpline surface, Frontal-Delaunay)
Info    : [ 60%] Meshing surface 4 (BSpline surface, Frontal-Delaunay)
Info    : [ 70%] Meshing surface 5 (Plane, Frontal-Delaunay)
Info    : [ 90%] Meshing surface 6 (Sphere, Frontal-Delaunay)
Info    : Done meshing 2D (Wall 0.48303s, CPU 0.48261s)
Info    : Meshing 3D...
Info    : 3D Meshing 2 volumes with 2 connected components
Info    : Tetrahedrizing 12263 nodes...
Info    : Done tetrahedrizing 12271 nodes (Wall 0.164236s, CPU 0.158219s)
Info    : Reconstructing mesh...
Info    :  - Creating surface mesh
Info    :  - Identifying boundary edges
Info    :  - Recovering boundary
Info    : Done reconstructing mesh (Wall 0.358892s, CPU 0.347897s)
Info    : Found volume 1
Info    : It. 0 - 0 nodes created - worst tet radius 1.04563 (nodes removed 0 0)
Info    : It. 500 - 500 nodes created - worst tet radius 1.01012 (nodes removed 0 0)
Info    : It. 1000 - 1000 nodes created - worst tet radius 1.00291 (nodes removed 0 0)
Info    : 3D refinement terminated (13729 nodes total):
Info    :  - 0 Delaunay cavities modified for star shapeness
Info    :  - 0 nodes could not be inserted
Info    :  - 47188 tetrahedra created in 0.0688606 sec. (685268 tets/s)
Info    : 0 node relocations
Info    : Tetrahedrizing 132 nodes...
Info    : Done tetrahedrizing 140 nodes (Wall 0.000750175s, CPU 0.000751s)
Info    : Reconstructing mesh...
Info    :  - Creating surface mesh
Info    :  - Identifying boundary edges
Info    :  - Recovering boundary
Info    : Done reconstructing mesh (Wall 0.00238175s, CPU 0.002386s)
Info    : Found volume 2
Info    : It. 0 - 0 nodes created - worst tet radius 3.19034 (nodes removed 0 0)
Info    : 3D refinement terminated (12476 nodes total):
Info    :  - 0 Delaunay cavities modified for star shapeness
Info    :  - 0 nodes could not be inserted
Info    :  - 497 tetrahedra created in 0.0074416 sec. (66786 tets/s)
Info    : 0 node relocations
Info    : Done meshing 3D (Wall 0.682758s, CPU 0.670361s)
Info    : Optimizing mesh...
Info    : Optimizing volume 1
Info    : Optimization starts (volume = 235.447) with worst = 0.000747888 / average = 0.692117:
Info    : 0.00 < quality < 0.10 :       365 elements
Info    : 0.10 < quality < 0.20 :       177 elements
Info    : 0.20 < quality < 0.30 :      1254 elements
Info    : 0.30 < quality < 0.40 :      1115 elements
Info    : 0.40 < quality < 0.50 :      2293 elements
Info    : 0.50 < quality < 0.60 :      3209 elements
Info    : 0.60 < quality < 0.70 :     12941 elements
Info    : 0.70 < quality < 0.80 :     16520 elements
Info    : 0.80 < quality < 0.90 :      4941 elements
Info    : 0.90 < quality < 1.00 :      4373 elements
Info    : 1747 edge swaps, 27 node relocations (volume = 235.447): worst = 0.110271 / average = 0.71357 (Wall 0.0189821s, CPU 0.018983s)
Info    : 1799 edge swaps, 29 node relocations (volume = 235.447): worst = 0.239178 / average = 0.714153 (Wall 0.0227369s, CPU 0.022738s)
Info    : 1802 edge swaps, 30 node relocations (volume = 235.447): worst = 0.239178 / average = 0.714206 (Wall 0.0255467s, CPU 0.025539s)
Info    : No ill-shaped tets in the mesh :-)
Info    : 0.00 < quality < 0.10 :         0 elements
Info    : 0.10 < quality < 0.20 :         0 elements
Info    : 0.20 < quality < 0.30 :         6 elements
Info    : 0.30 < quality < 0.40 :       953 elements
Info    : 0.40 < quality < 0.50 :      1766 elements
Info    : 0.50 < quality < 0.60 :      3806 elements
Info    : 0.60 < quality < 0.70 :     13210 elements
Info    : 0.70 < quality < 0.80 :     15672 elements
Info    : 0.80 < quality < 0.90 :      5676 elements
Info    : 0.90 < quality < 1.00 :      4377 elements
Info    : Optimizing volume 2
Info    : Optimization starts (volume = 0.256468) with worst = 0.197332 / average = 0.745343:
Info    : 0.00 < quality < 0.10 :         0 elements
Info    : 0.10 < quality < 0.20 :         2 elements
Info    : 0.20 < quality < 0.30 :         7 elements
Info    : 0.30 < quality < 0.40 :         7 elements
Info    : 0.40 < quality < 0.50 :        21 elements
Info    : 0.50 < quality < 0.60 :        24 elements
Info    : 0.60 < quality < 0.70 :        77 elements
Info    : 0.70 < quality < 0.80 :       170 elements
Info    : 0.80 < quality < 0.90 :       147 elements
Info    : 0.90 < quality < 1.00 :        42 elements
Info    : 9 edge swaps, 0 node relocations (volume = 0.256468): worst = 0.308107 / average = 0.754553 (Wall 0.000112522s, CPU 0.000114s)
Info    : No ill-shaped tets in the mesh :-)
Info    : 0.00 < quality < 0.10 :         0 elements
Info    : 0.10 < quality < 0.20 :         0 elements
Info    : 0.20 < quality < 0.30 :         0 elements
Info    : 0.30 < quality < 0.40 :         9 elements
Info    : 0.40 < quality < 0.50 :        19 elements
Info    : 0.50 < quality < 0.60 :        22 elements
Info    : 0.60 < quality < 0.70 :        80 elements
Info    : 0.70 < quality < 0.80 :       168 elements
Info    : 0.80 < quality < 0.90 :       151 elements
Info    : 0.90 < quality < 1.00 :        41 elements
Info    : Done optimizing mesh (Wall 0.0611035s, CPU 0.061061s)
Info    : 14129 nodes 71976 elements
Info    : Meshing order 2 (curvilinear on)...
Info    : [  0%] Meshing curve 1 order 2
Info    : [ 10%] Meshing curve 2 order 2
Info    : [ 20%] Meshing curve 3 order 2
Info    : [ 20%] Meshing curve 4 order 2
Info    : [ 30%] Meshing curve 5 order 2
Info    : [ 30%] Meshing curve 6 order 2
Info    : [ 40%] Meshing curve 7 order 2
Info    : [ 40%] Meshing curve 8 order 2
Info    : [ 50%] Meshing curve 9 order 2
Info    : [ 50%] Meshing curve 10 order 2
Info    : [ 60%] Meshing curve 11 order 2
Info    : [ 60%] Meshing curve 12 order 2
Info    : [ 70%] Meshing surface 1 order 2
Info    : [ 70%] Meshing surface 2 order 2
Info    : [ 80%] Meshing surface 3 order 2
Info    : [ 80%] Meshing surface 4 order 2
Info    : [ 90%] Meshing surface 5 order 2
Info    : [ 90%] Meshing surface 6 order 2
Info    : [100%] Meshing volume 1 order 2
Info    : [100%] Meshing volume 2 order 2
Info    : Surface mesh: worst distortion = 0.797589 (0 elements in ]0, 0.2]); worst gamma = 0.499267
Info    : Volume mesh: worst distortion = 0.271784 (0 elements in ]0, 0.2])
Info    : Done meshing order 2 (Wall 2.4084s, CPU 2.40794s)
Info    : Writing '/home/user/mscr-mom/현서/scripts/contact_scenarios/fea/lmphi_mesh_LM50_phi00_s70.inp'...
Info    : Done writing '/home/user/mscr-mom/현서/scripts/contact_scenarios/fea/lmphi_mesh_LM50_phi00_s70.inp'
  [LM50_phi00] F_mag=0.0007mN  (167.0s)
[LM50_phi00 8/10] L_M=50.0, phi=0.0, s=80.0mm, push_depth=0.1mm ...
Info    : Meshing 1D...
Info    : [  0%] Meshing curve 1 (BSpline)
Info    : [ 10%] Meshing curve 2 (Ellipse)
Info    : [ 20%] Meshing curve 3 (Ellipse)
Info    : [ 30%] Meshing curve 4 (BSpline)
Info    : [ 40%] Meshing curve 5 (BSpline)
Info    : [ 50%] Meshing curve 6 (BSpline)
Info    : [ 60%] Meshing curve 7 (BSpline)
Info    : [ 60%] Meshing curve 8 (BSpline)
Info    : [ 70%] Meshing curve 9 (BSpline)
Info    : [ 90%] Meshing curve 11 (Circle)
Info    : Done meshing 1D (Wall 0.0061687s, CPU 0.006132s)
Info    : Meshing 2D...
Info    : [  0%] Meshing surface 1 (Plane, Frontal-Delaunay)
Info    : [ 20%] Meshing surface 2 (Plane, Frontal-Delaunay)
Info    : [ 40%] Meshing surface 3 (BSpline surface, Frontal-Delaunay)
Info    : [ 60%] Meshing surface 4 (BSpline surface, Frontal-Delaunay)
Info    : [ 70%] Meshing surface 5 (Plane, Frontal-Delaunay)
Info    : [ 90%] Meshing surface 6 (Sphere, Frontal-Delaunay)
Info    : Done meshing 2D (Wall 0.470693s, CPU 0.4706s)
Info    : Meshing 3D...
Info    : 3D Meshing 2 volumes with 2 connected components
Info    : Tetrahedrizing 12263 nodes...
Info    : Done tetrahedrizing 12271 nodes (Wall 0.165692s, CPU 0.161682s)
Info    : Reconstructing mesh...
Info    :  - Creating surface mesh
Info    :  - Identifying boundary edges
Info    :  - Recovering boundary
Info    : Done reconstructing mesh (Wall 0.386149s, CPU 0.371077s)
Info    : Found volume 1
Info    : It. 0 - 0 nodes created - worst tet radius 1.04563 (nodes removed 0 0)
Info    : It. 500 - 500 nodes created - worst tet radius 1.01012 (nodes removed 0 0)
Info    : It. 1000 - 1000 nodes created - worst tet radius 1.00291 (nodes removed 0 0)
Info    : 3D refinement terminated (13729 nodes total):
Info    :  - 0 Delaunay cavities modified for star shapeness
Info    :  - 0 nodes could not be inserted
Info    :  - 47188 tetrahedra created in 0.0619807 sec. (761334 tets/s)
Info    : 0 node relocations
Info    : Tetrahedrizing 132 nodes...
Info    : Done tetrahedrizing 140 nodes (Wall 0.000740559s, CPU 0s)
Info    : Reconstructing mesh...
Info    :  - Creating surface mesh
Info    :  - Identifying boundary edges
Info    :  - Recovering boundary
Info    : Done reconstructing mesh (Wall 0.00219228s, CPU 0.001192s)
Info    : Found volume 2
Info    : It. 0 - 0 nodes created - worst tet radius 3.19034 (nodes removed 0 0)
Info    : 3D refinement terminated (12476 nodes total):
Info    :  - 0 Delaunay cavities modified for star shapeness
Info    :  - 0 nodes could not be inserted
Info    :  - 497 tetrahedra created in 0.00300577 sec. (165348 tets/s)
Info    : 0 node relocations
Info    : Done meshing 3D (Wall 0.714339s, CPU 0.698227s)
Info    : Optimizing mesh...
Info    : Optimizing volume 1
Info    : Optimization starts (volume = 235.447) with worst = 0.000747888 / average = 0.692117:
Info    : 0.00 < quality < 0.10 :       365 elements
Info    : 0.10 < quality < 0.20 :       177 elements
Info    : 0.20 < quality < 0.30 :      1254 elements
Info    : 0.30 < quality < 0.40 :      1115 elements
Info    : 0.40 < quality < 0.50 :      2293 elements
Info    : 0.50 < quality < 0.60 :      3209 elements
Info    : 0.60 < quality < 0.70 :     12941 elements
Info    : 0.70 < quality < 0.80 :     16520 elements
Info    : 0.80 < quality < 0.90 :      4941 elements
Info    : 0.90 < quality < 1.00 :      4373 elements
Info    : 1747 edge swaps, 27 node relocations (volume = 235.447): worst = 0.110271 / average = 0.71357 (Wall 0.0177227s, CPU 0.017722s)
Info    : 1799 edge swaps, 29 node relocations (volume = 235.447): worst = 0.239178 / average = 0.714153 (Wall 0.0209395s, CPU 0.020939s)
Info    : 1802 edge swaps, 30 node relocations (volume = 235.447): worst = 0.239178 / average = 0.714206 (Wall 0.0233984s, CPU 0.023398s)
Info    : No ill-shaped tets in the mesh :-)
Info    : 0.00 < quality < 0.10 :         0 elements
Info    : 0.10 < quality < 0.20 :         0 elements
Info    : 0.20 < quality < 0.30 :         6 elements
Info    : 0.30 < quality < 0.40 :       953 elements
Info    : 0.40 < quality < 0.50 :      1766 elements
Info    : 0.50 < quality < 0.60 :      3806 elements
Info    : 0.60 < quality < 0.70 :     13210 elements
Info    : 0.70 < quality < 0.80 :     15672 elements
Info    : 0.80 < quality < 0.90 :      5676 elements
Info    : 0.90 < quality < 1.00 :      4377 elements
Info    : Optimizing volume 2
Info    : Optimization starts (volume = 0.256468) with worst = 0.197332 / average = 0.745343:
Info    : 0.00 < quality < 0.10 :         0 elements
Info    : 0.10 < quality < 0.20 :         2 elements
Info    : 0.20 < quality < 0.30 :         7 elements
Info    : 0.30 < quality < 0.40 :         7 elements
Info    : 0.40 < quality < 0.50 :        21 elements
Info    : 0.50 < quality < 0.60 :        24 elements
Info    : 0.60 < quality < 0.70 :        77 elements
Info    : 0.70 < quality < 0.80 :       170 elements
Info    : 0.80 < quality < 0.90 :       147 elements
Info    : 0.90 < quality < 1.00 :        42 elements
Info    : 9 edge swaps, 0 node relocations (volume = 0.256468): worst = 0.308107 / average = 0.754553 (Wall 0.000112191s, CPU 0.000113s)
Info    : No ill-shaped tets in the mesh :-)
Info    : 0.00 < quality < 0.10 :         0 elements
Info    : 0.10 < quality < 0.20 :         0 elements
Info    : 0.20 < quality < 0.30 :         0 elements
Info    : 0.30 < quality < 0.40 :         9 elements
Info    : 0.40 < quality < 0.50 :        19 elements
Info    : 0.50 < quality < 0.60 :        22 elements
Info    : 0.60 < quality < 0.70 :        80 elements
Info    : 0.70 < quality < 0.80 :       168 elements
Info    : 0.80 < quality < 0.90 :       151 elements
Info    : 0.90 < quality < 1.00 :        41 elements
Info    : Done optimizing mesh (Wall 0.0523483s, CPU 0.052341s)
Info    : 14129 nodes 71976 elements
Info    : Meshing order 2 (curvilinear on)...
Info    : [  0%] Meshing curve 1 order 2
Info    : [ 10%] Meshing curve 2 order 2
Info    : [ 20%] Meshing curve 3 order 2
Info    : [ 20%] Meshing curve 4 order 2
Info    : [ 30%] Meshing curve 5 order 2
Info    : [ 30%] Meshing curve 6 order 2
Info    : [ 40%] Meshing curve 7 order 2
Info    : [ 40%] Meshing curve 8 order 2
Info    : [ 50%] Meshing curve 9 order 2
Info    : [ 50%] Meshing curve 10 order 2
Info    : [ 60%] Meshing curve 11 order 2
Info    : [ 60%] Meshing curve 12 order 2
Info    : [ 70%] Meshing surface 1 order 2
Info    : [ 70%] Meshing surface 2 order 2
Info    : [ 80%] Meshing surface 3 order 2
Info    : [ 80%] Meshing surface 4 order 2
Info    : [ 90%] Meshing surface 5 order 2
Info    : [ 90%] Meshing surface 6 order 2
Info    : [100%] Meshing volume 1 order 2
Info    : [100%] Meshing volume 2 order 2
Info    : Surface mesh: worst distortion = 0.797589 (0 elements in ]0, 0.2]); worst gamma = 0.499267
Info    : Volume mesh: worst distortion = 0.271784 (0 elements in ]0, 0.2])
Info    : Done meshing order 2 (Wall 2.40303s, CPU 2.402s)
Info    : Writing '/home/user/mscr-mom/현서/scripts/contact_scenarios/fea/lmphi_mesh_LM50_phi00_s80.inp'...
Info    : Done writing '/home/user/mscr-mom/현서/scripts/contact_scenarios/fea/lmphi_mesh_LM50_phi00_s80.inp'
  [LM50_phi00] F_mag=0.0005mN  (160.1s)
[LM50_phi00 9/10] L_M=50.0, phi=0.0, s=90.0mm, push_depth=0.1mm ...
Info    : Meshing 1D...
Info    : [  0%] Meshing curve 1 (BSpline)
Info    : [ 10%] Meshing curve 2 (Ellipse)
Info    : [ 20%] Meshing curve 3 (Ellipse)
Info    : [ 30%] Meshing curve 4 (BSpline)
Info    : [ 40%] Meshing curve 5 (BSpline)
Info    : [ 50%] Meshing curve 6 (BSpline)
Info    : [ 60%] Meshing curve 7 (BSpline)
Info    : [ 60%] Meshing curve 8 (BSpline)
Info    : [ 70%] Meshing curve 9 (BSpline)
Info    : [ 90%] Meshing curve 11 (Circle)
Info    : Done meshing 1D (Wall 0.00612697s, CPU 0.006093s)
Info    : Meshing 2D...
Info    : [  0%] Meshing surface 1 (Plane, Frontal-Delaunay)
Info    : [ 20%] Meshing surface 2 (Plane, Frontal-Delaunay)
Info    : [ 40%] Meshing surface 3 (BSpline surface, Frontal-Delaunay)
Info    : [ 60%] Meshing surface 4 (BSpline surface, Frontal-Delaunay)
Info    : [ 70%] Meshing surface 5 (Plane, Frontal-Delaunay)
Info    : [ 90%] Meshing surface 6 (Sphere, Frontal-Delaunay)
Info    : Done meshing 2D (Wall 0.478897s, CPU 0.478826s)
Info    : Meshing 3D...
Info    : 3D Meshing 2 volumes with 2 connected components
Info    : Tetrahedrizing 12263 nodes...
Info    : Done tetrahedrizing 12271 nodes (Wall 0.164988s, CPU 0.162982s)
Info    : Reconstructing mesh...
Info    :  - Creating surface mesh
Info    :  - Identifying boundary edges
Info    :  - Recovering boundary
Info    : Done reconstructing mesh (Wall 0.375084s, CPU 0.364065s)
Info    : Found volume 1
Info    : It. 0 - 0 nodes created - worst tet radius 1.04563 (nodes removed 0 0)
Info    : It. 500 - 500 nodes created - worst tet radius 1.01012 (nodes removed 0 0)
Info    : It. 1000 - 1000 nodes created - worst tet radius 1.00291 (nodes removed 0 0)
Info    : 3D refinement terminated (13729 nodes total):
Info    :  - 0 Delaunay cavities modified for star shapeness
Info    :  - 0 nodes could not be inserted
Info    :  - 47188 tetrahedra created in 0.0597181 sec. (790179 tets/s)
Info    : 0 node relocations
Info    : Tetrahedrizing 132 nodes...
Info    : Done tetrahedrizing 140 nodes (Wall 0.000795173s, CPU 0.000797s)
Info    : Reconstructing mesh...
Info    :  - Creating surface mesh
Info    :  - Identifying boundary edges
Info    :  - Recovering boundary
Info    : Done reconstructing mesh (Wall 0.00311597s, CPU 0.002148s)
Info    : Found volume 2
Info    : It. 0 - 0 nodes created - worst tet radius 3.19034 (nodes removed 0 0)
Info    : 3D refinement terminated (12476 nodes total):
Info    :  - 0 Delaunay cavities modified for star shapeness
Info    :  - 0 nodes could not be inserted
Info    :  - 497 tetrahedra created in 0.00407837 sec. (121862 tets/s)
Info    : 0 node relocations
Info    : Done meshing 3D (Wall 0.71218s, CPU 0.700063s)
Info    : Optimizing mesh...
Info    : Optimizing volume 1
Info    : Optimization starts (volume = 235.447) with worst = 0.000747888 / average = 0.692117:
Info    : 0.00 < quality < 0.10 :       365 elements
Info    : 0.10 < quality < 0.20 :       177 elements
Info    : 0.20 < quality < 0.30 :      1254 elements
Info    : 0.30 < quality < 0.40 :      1115 elements
Info    : 0.40 < quality < 0.50 :      2293 elements
Info    : 0.50 < quality < 0.60 :      3209 elements
Info    : 0.60 < quality < 0.70 :     12941 elements
Info    : 0.70 < quality < 0.80 :     16520 elements
Info    : 0.80 < quality < 0.90 :      4941 elements
Info    : 0.90 < quality < 1.00 :      4373 elements
Info    : 1747 edge swaps, 27 node relocations (volume = 235.447): worst = 0.110271 / average = 0.71357 (Wall 0.0230848s, CPU 0.023085s)
Info    : 1799 edge swaps, 29 node relocations (volume = 235.447): worst = 0.239178 / average = 0.714153 (Wall 0.0276166s, CPU 0.027617s)
Info    : 1802 edge swaps, 30 node relocations (volume = 235.447): worst = 0.239178 / average = 0.714206 (Wall 0.031046s, CPU 0.031047s)
Info    : No ill-shaped tets in the mesh :-)
Info    : 0.00 < quality < 0.10 :         0 elements
Info    : 0.10 < quality < 0.20 :         0 elements
Info    : 0.20 < quality < 0.30 :         6 elements
Info    : 0.30 < quality < 0.40 :       953 elements
Info    : 0.40 < quality < 0.50 :      1766 elements
Info    : 0.50 < quality < 0.60 :      3806 elements
Info    : 0.60 < quality < 0.70 :     13210 elements
Info    : 0.70 < quality < 0.80 :     15672 elements
Info    : 0.80 < quality < 0.90 :      5676 elements
Info    : 0.90 < quality < 1.00 :      4377 elements
Info    : Optimizing volume 2
Info    : Optimization starts (volume = 0.256468) with worst = 0.197332 / average = 0.745343:
Info    : 0.00 < quality < 0.10 :         0 elements
Info    : 0.10 < quality < 0.20 :         2 elements
Info    : 0.20 < quality < 0.30 :         7 elements
Info    : 0.30 < quality < 0.40 :         7 elements
Info    : 0.40 < quality < 0.50 :        21 elements
Info    : 0.50 < quality < 0.60 :        24 elements
Info    : 0.60 < quality < 0.70 :        77 elements
Info    : 0.70 < quality < 0.80 :       170 elements
Info    : 0.80 < quality < 0.90 :       147 elements
Info    : 0.90 < quality < 1.00 :        42 elements
Info    : 9 edge swaps, 0 node relocations (volume = 0.256468): worst = 0.308107 / average = 0.754553 (Wall 0.00013139s, CPU 0.000133s)
Info    : No ill-shaped tets in the mesh :-)
Info    : 0.00 < quality < 0.10 :         0 elements
Info    : 0.10 < quality < 0.20 :         0 elements
Info    : 0.20 < quality < 0.30 :         0 elements
Info    : 0.30 < quality < 0.40 :         9 elements
Info    : 0.40 < quality < 0.50 :        19 elements
Info    : 0.50 < quality < 0.60 :        22 elements
Info    : 0.60 < quality < 0.70 :        80 elements
Info    : 0.70 < quality < 0.80 :       168 elements
Info    : 0.80 < quality < 0.90 :       151 elements
Info    : 0.90 < quality < 1.00 :        41 elements
Info    : Done optimizing mesh (Wall 0.0666205s, CPU 0.066618s)
Info    : 14129 nodes 71976 elements
Info    : Meshing order 2 (curvilinear on)...
Info    : [  0%] Meshing curve 1 order 2
Info    : [ 10%] Meshing curve 2 order 2
Info    : [ 20%] Meshing curve 3 order 2
Info    : [ 20%] Meshing curve 4 order 2
Info    : [ 30%] Meshing curve 5 order 2
Info    : [ 30%] Meshing curve 6 order 2
Info    : [ 40%] Meshing curve 7 order 2
Info    : [ 40%] Meshing curve 8 order 2
Info    : [ 50%] Meshing curve 9 order 2
Info    : [ 50%] Meshing curve 10 order 2
Info    : [ 60%] Meshing curve 11 order 2
Info    : [ 60%] Meshing curve 12 order 2
Info    : [ 70%] Meshing surface 1 order 2
Info    : [ 70%] Meshing surface 2 order 2
Info    : [ 80%] Meshing surface 3 order 2
Info    : [ 80%] Meshing surface 4 order 2
Info    : [ 90%] Meshing surface 5 order 2
Info    : [ 90%] Meshing surface 6 order 2
Info    : [100%] Meshing volume 1 order 2
Info    : [100%] Meshing volume 2 order 2
Info    : Surface mesh: worst distortion = 0.797589 (0 elements in ]0, 0.2]); worst gamma = 0.499267
Info    : Volume mesh: worst distortion = 0.271784 (0 elements in ]0, 0.2])
Info    : Done meshing order 2 (Wall 2.46803s, CPU 2.46381s)
Info    : Writing '/home/user/mscr-mom/현서/scripts/contact_scenarios/fea/lmphi_mesh_LM50_phi00_s90.inp'...
Info    : Done writing '/home/user/mscr-mom/현서/scripts/contact_scenarios/fea/lmphi_mesh_LM50_phi00_s90.inp'
  [LM50_phi00] F_mag=0.0003mN  (346.7s)
[LM50_phi00 10/10] L_M=50.0, phi=0.0, s=100.0mm, push_depth=0.1mm ...
Info    : Meshing 1D...
Info    : [  0%] Meshing curve 1 (BSpline)
Info    : [ 10%] Meshing curve 2 (Ellipse)
Info    : [ 20%] Meshing curve 3 (Ellipse)
Info    : [ 30%] Meshing curve 4 (BSpline)
Info    : [ 40%] Meshing curve 5 (BSpline)
Info    : [ 50%] Meshing curve 6 (BSpline)
Info    : [ 60%] Meshing curve 7 (BSpline)
Info    : [ 60%] Meshing curve 8 (BSpline)
Info    : [ 70%] Meshing curve 9 (BSpline)
Info    : [ 90%] Meshing curve 11 (Circle)
Info    : Done meshing 1D (Wall 0.00606689s, CPU 0.006067s)
Info    : Meshing 2D...
Info    : [  0%] Meshing surface 1 (Plane, Frontal-Delaunay)
Info    : [ 20%] Meshing surface 2 (Plane, Frontal-Delaunay)
Info    : [ 40%] Meshing surface 3 (BSpline surface, Frontal-Delaunay)
Info    : [ 60%] Meshing surface 4 (BSpline surface, Frontal-Delaunay)
Info    : [ 70%] Meshing surface 5 (Plane, Frontal-Delaunay)
Info    : [ 90%] Meshing surface 6 (Sphere, Frontal-Delaunay)
Info    : Done meshing 2D (Wall 0.479347s, CPU 0.478158s)
Info    : Meshing 3D...
Info    : 3D Meshing 2 volumes with 2 connected components
Info    : Tetrahedrizing 12263 nodes...
Info    : Done tetrahedrizing 12271 nodes (Wall 0.166971s, CPU 0.164899s)
Info    : Reconstructing mesh...
Info    :  - Creating surface mesh
Info    :  - Identifying boundary edges
Info    :  - Recovering boundary
Info    : Done reconstructing mesh (Wall 0.422846s, CPU 0.409771s)
Info    : Found volume 1
Info    : It. 0 - 0 nodes created - worst tet radius 1.04563 (nodes removed 0 0)
Info    : It. 500 - 500 nodes created - worst tet radius 1.01012 (nodes removed 0 0)
Info    : It. 1000 - 1000 nodes created - worst tet radius 1.00291 (nodes removed 0 0)
Info    : 3D refinement terminated (13729 nodes total):
Info    :  - 0 Delaunay cavities modified for star shapeness
Info    :  - 0 nodes could not be inserted
Info    :  - 47188 tetrahedra created in 0.0824844 sec. (572083 tets/s)
Info    : 0 node relocations
Info    : Tetrahedrizing 132 nodes...
Info    : Done tetrahedrizing 140 nodes (Wall 0.000768116s, CPU 0s)
Info    : Reconstructing mesh...
Info    :  - Creating surface mesh
Info    :  - Identifying boundary edges
Info    :  - Recovering boundary
Info    : Done reconstructing mesh (Wall 0.00426289s, CPU 0.003257s)
Info    : Found volume 2
Info    : It. 0 - 0 nodes created - worst tet radius 3.19034 (nodes removed 0 0)
Info    : 3D refinement terminated (12476 nodes total):
Info    :  - 0 Delaunay cavities modified for star shapeness
Info    :  - 0 nodes could not be inserted
Info    :  - 497 tetrahedra created in 0.00379897 sec. (130824 tets/s)
Info    : 0 node relocations
Info    : Done meshing 3D (Wall 0.816751s, CPU 0.801639s)
Info    : Optimizing mesh...
Info    : Optimizing volume 1
Info    : Optimization starts (volume = 235.447) with worst = 0.000747888 / average = 0.692117:
Info    : 0.00 < quality < 0.10 :       365 elements
Info    : 0.10 < quality < 0.20 :       177 elements
Info    : 0.20 < quality < 0.30 :      1254 elements
Info    : 0.30 < quality < 0.40 :      1115 elements
Info    : 0.40 < quality < 0.50 :      2293 elements
Info    : 0.50 < quality < 0.60 :      3209 elements
Info    : 0.60 < quality < 0.70 :     12941 elements
Info    : 0.70 < quality < 0.80 :     16520 elements
Info    : 0.80 < quality < 0.90 :      4941 elements
Info    : 0.90 < quality < 1.00 :      4373 elements
Info    : 1747 edge swaps, 27 node relocations (volume = 235.447): worst = 0.110271 / average = 0.71357 (Wall 0.0250203s, CPU 0.025003s)
Info    : 1799 edge swaps, 29 node relocations (volume = 235.447): worst = 0.239178 / average = 0.714153 (Wall 0.0331687s, CPU 0.032187s)
Info    : 1802 edge swaps, 30 node relocations (volume = 235.447): worst = 0.239178 / average = 0.714206 (Wall 0.0393561s, CPU 0.038368s)
Info    : No ill-shaped tets in the mesh :-)
Info    : 0.00 < quality < 0.10 :         0 elements
Info    : 0.10 < quality < 0.20 :         0 elements
Info    : 0.20 < quality < 0.30 :         6 elements
Info    : 0.30 < quality < 0.40 :       953 elements
Info    : 0.40 < quality < 0.50 :      1766 elements
Info    : 0.50 < quality < 0.60 :      3806 elements
Info    : 0.60 < quality < 0.70 :     13210 elements
Info    : 0.70 < quality < 0.80 :     15672 elements
Info    : 0.80 < quality < 0.90 :      5676 elements
Info    : 0.90 < quality < 1.00 :      4377 elements
Info    : Optimizing volume 2
Info    : Optimization starts (volume = 0.256468) with worst = 0.197332 / average = 0.745343:
Info    : 0.00 < quality < 0.10 :         0 elements
Info    : 0.10 < quality < 0.20 :         2 elements
Info    : 0.20 < quality < 0.30 :         7 elements
Info    : 0.30 < quality < 0.40 :         7 elements
Info    : 0.40 < quality < 0.50 :        21 elements
Info    : 0.50 < quality < 0.60 :        24 elements
Info    : 0.60 < quality < 0.70 :        77 elements
Info    : 0.70 < quality < 0.80 :       170 elements
Info    : 0.80 < quality < 0.90 :       147 elements
Info    : 0.90 < quality < 1.00 :        42 elements
Info    : 9 edge swaps, 0 node relocations (volume = 0.256468): worst = 0.308107 / average = 0.754553 (Wall 0.000123718s, CPU 0.000122s)
Info    : No ill-shaped tets in the mesh :-)
Info    : 0.00 < quality < 0.10 :         0 elements
Info    : 0.10 < quality < 0.20 :         0 elements
Info    : 0.20 < quality < 0.30 :         0 elements
Info    : 0.30 < quality < 0.40 :         9 elements
Info    : 0.40 < quality < 0.50 :        19 elements
Info    : 0.50 < quality < 0.60 :        22 elements
Info    : 0.60 < quality < 0.70 :        80 elements
Info    : 0.70 < quality < 0.80 :       168 elements
Info    : 0.80 < quality < 0.90 :       151 elements
Info    : 0.90 < quality < 1.00 :        41 elements
Info    : Done optimizing mesh (Wall 0.081797s, CPU 0.079805s)
Info    : 14129 nodes 71976 elements
Info    : Meshing order 2 (curvilinear on)...
Info    : [  0%] Meshing curve 1 order 2
Info    : [ 10%] Meshing curve 2 order 2
Info    : [ 20%] Meshing curve 3 order 2
Info    : [ 20%] Meshing curve 4 order 2
Info    : [ 30%] Meshing curve 5 order 2
Info    : [ 30%] Meshing curve 6 order 2
Info    : [ 40%] Meshing curve 7 order 2
Info    : [ 40%] Meshing curve 8 order 2
Info    : [ 50%] Meshing curve 9 order 2
Info    : [ 50%] Meshing curve 10 order 2
Info    : [ 60%] Meshing curve 11 order 2
Info    : [ 60%] Meshing curve 12 order 2
Info    : [ 70%] Meshing surface 1 order 2
Info    : [ 70%] Meshing surface 2 order 2
Info    : [ 80%] Meshing surface 3 order 2
Info    : [ 80%] Meshing surface 4 order 2
Info    : [ 90%] Meshing surface 5 order 2
Info    : [ 90%] Meshing surface 6 order 2
Info    : [100%] Meshing volume 1 order 2
Info    : [100%] Meshing volume 2 order 2
Info    : Surface mesh: worst distortion = 0.797589 (0 elements in ]0, 0.2]); worst gamma = 0.499267
Info    : Volume mesh: worst distortion = 0.271784 (0 elements in ]0, 0.2])
Info    : Done meshing order 2 (Wall 2.37119s, CPU 2.37009s)
Info    : Writing '/home/user/mscr-mom/현서/scripts/contact_scenarios/fea/lmphi_mesh_LM50_phi00_s100.inp'...
Info    : Done writing '/home/user/mscr-mom/현서/scripts/contact_scenarios/fea/lmphi_mesh_LM50_phi00_s100.inp'
  [LM50_phi00] F_mag=0.0003mN  (160.0s)
[LM50_phi00] 완료: 8/10 성공
