[PHS750_phiP120_b0 1/9] L_M=75.0, phi=120.0, beta=0.0, s=15.0mm, push_depth=0.1mm ...
Info    : Meshing 1D...
Info    : [  0%] Meshing curve 1 (BSpline)
Info    : [ 10%] Meshing curve 2 (Ellipse)
Info    : [ 20%] Meshing curve 3 (Ellipse)
Info    : [ 30%] Meshing curve 4 (BSpline)
Info    : [ 40%] Meshing curve 5 (BSpline)
Info    : [ 50%] Meshing curve 6 (BSpline)
Info    : [ 60%] Meshing curve 7 (BSpline)
Info    : [ 60%] Meshing curve 8 (BSpline)
Info    : [ 70%] Meshing curve 9 (BSpline)
Info    : [ 90%] Meshing curve 11 (Circle)
Info    : Done meshing 1D (Wall 0.0508627s, CPU 0.048873s)
Info    : Meshing 2D...
Info    : [  0%] Meshing surface 1 (Plane, Frontal-Delaunay)
Info    : [ 20%] Meshing surface 2 (Plane, Frontal-Delaunay)
Info    : [ 40%] Meshing surface 3 (BSpline surface, Frontal-Delaunay)
Info    : [ 60%] Meshing surface 4 (BSpline surface, Frontal-Delaunay)
Info    : [ 70%] Meshing surface 5 (Plane, Frontal-Delaunay)
Info    : [ 90%] Meshing surface 6 (Sphere, Frontal-Delaunay)
Info    : Done meshing 2D (Wall 1.34934s, CPU 1.34016s)
Info    : Meshing 3D...
Info    : 3D Meshing 2 volumes with 2 connected components
Info    : Tetrahedrizing 12491 nodes...
Info    : Done tetrahedrizing 12499 nodes (Wall 0.243599s, CPU 0.232606s)
Info    : Reconstructing mesh...
Info    :  - Creating surface mesh
Info    :  - Identifying boundary edges
Info    :  - Recovering boundary
Info    : Done reconstructing mesh (Wall 0.658988s, CPU 0.619911s)
Info    : Found volume 1
Info    : It. 0 - 0 nodes created - worst tet radius 1.04362 (nodes removed 0 0)
Info    : 3D refinement terminated (13015 nodes total):
Info    :  - 0 Delaunay cavities modified for star shapeness
Info    :  - 0 nodes could not be inserted
Info    :  - 40983 tetrahedra created in 0.0377884 sec. (1084540 tets/s)
Info    : 0 node relocations
Info    : Tetrahedrizing 132 nodes...
Info    : Done tetrahedrizing 140 nodes (Wall 0.00100574s, CPU 0.001006s)
Info    : Reconstructing mesh...
Info    :  - Creating surface mesh
Info    :  - Identifying boundary edges
Info    :  - Recovering boundary
Info    : Done reconstructing mesh (Wall 0.00219198s, CPU 0.002197s)
Info    : Found volume 2
Info    : It. 0 - 0 nodes created - worst tet radius 3.17744 (nodes removed 0 0)
Info    : 3D refinement terminated (12708 nodes total):
Info    :  - 0 Delaunay cavities modified for star shapeness
Info    :  - 0 nodes could not be inserted
Info    :  - 526 tetrahedra created in 0.00364263 sec. (144401 tets/s)
Info    : 0 node relocations
Info    : Done meshing 3D (Wall 1.13457s, CPU 1.09436s)
Info    : Optimizing mesh...
Info    : Optimizing volume 1
Info    : Optimization starts (volume = 235.595) with worst = 0.00317486 / average = 0.680302:
Info    : 0.00 < quality < 0.10 :       180 elements
Info    : 0.10 < quality < 0.20 :       410 elements
Info    : 0.20 < quality < 0.30 :       607 elements
Info    : 0.30 < quality < 0.40 :       823 elements
Info    : 0.40 < quality < 0.50 :      1320 elements
Info    : 0.50 < quality < 0.60 :      3428 elements
Info    : 0.60 < quality < 0.70 :     10842 elements
Info    : 0.70 < quality < 0.80 :     20840 elements
Info    : 0.80 < quality < 0.90 :      1442 elements
Info    : 0.90 < quality < 1.00 :      1091 elements
Info    : 1154 edge swaps, 16 node relocations (volume = 235.595): worst = 0.10135 / average = 0.696186 (Wall 0.0234035s, CPU 0.023403s)
Info    : 1206 edge swaps, 19 node relocations (volume = 235.595): worst = 0.143763 / average = 0.696704 (Wall 0.0279999s, CPU 0.028s)
Info    : 1214 edge swaps, 20 node relocations (volume = 235.595): worst = 0.143763 / average = 0.696783 (Wall 0.0308493s, CPU 0.03085s)
Info    : No ill-shaped tets in the mesh :-)
Info    : 0.00 < quality < 0.10 :         0 elements
Info    : 0.10 < quality < 0.20 :         5 elements
Info    : 0.20 < quality < 0.30 :        17 elements
Info    : 0.30 < quality < 0.40 :       747 elements
Info    : 0.40 < quality < 0.50 :      1048 elements
Info    : 0.50 < quality < 0.60 :      3378 elements
Info    : 0.60 < quality < 0.70 :     11462 elements
Info    : 0.70 < quality < 0.80 :     20621 elements
Info    : 0.80 < quality < 0.90 :      1549 elements
Info    : 0.90 < quality < 1.00 :      1087 elements
Info    : Optimizing volume 2
Info    : Optimization starts (volume = 0.256468) with worst = 0.0965563 / average = 0.75519:
Info    : 0.00 < quality < 0.10 :         1 elements
Info    : 0.10 < quality < 0.20 :         1 elements
Info    : 0.20 < quality < 0.30 :         4 elements
Info    : 0.30 < quality < 0.40 :        15 elements
Info    : 0.40 < quality < 0.50 :        14 elements
Info    : 0.50 < quality < 0.60 :        23 elements
Info    : 0.60 < quality < 0.70 :        69 elements
Info    : 0.70 < quality < 0.80 :       187 elements
Info    : 0.80 < quality < 0.90 :       155 elements
Info    : 0.90 < quality < 1.00 :        57 elements
Info    : 6 edge swaps, 0 node relocations (volume = 0.256468): worst = 0.300101 / average = 0.763102 (Wall 0.000151423s, CPU 0.000153s)
Info    : No ill-shaped tets in the mesh :-)
Info    : 0.00 < quality < 0.10 :         0 elements
Info    : 0.10 < quality < 0.20 :         0 elements
Info    : 0.20 < quality < 0.30 :         0 elements
Info    : 0.30 < quality < 0.40 :        15 elements
Info    : 0.40 < quality < 0.50 :        13 elements
Info    : 0.50 < quality < 0.60 :        22 elements
Info    : 0.60 < quality < 0.70 :        70 elements
Info    : 0.70 < quality < 0.80 :       185 elements
Info    : 0.80 < quality < 0.90 :       158 elements
Info    : 0.90 < quality < 1.00 :        57 elements
Info    : Done optimizing mesh (Wall 0.0660711s, CPU 0.066069s)
Info    : 13419 nodes 66899 elements
Info    : Meshing order 2 (curvilinear on)...
Info    : [  0%] Meshing curve 1 order 2
Info    : [ 10%] Meshing curve 2 order 2
Info    : [ 20%] Meshing curve 3 order 2
Info    : [ 20%] Meshing curve 4 order 2
Info    : [ 30%] Meshing curve 5 order 2
Info    : [ 30%] Meshing curve 6 order 2
Info    : [ 40%] Meshing curve 7 order 2
Info    : [ 40%] Meshing curve 8 order 2
Info    : [ 50%] Meshing curve 9 order 2
Info    : [ 50%] Meshing curve 10 order 2
Info    : [ 60%] Meshing curve 11 order 2
Info    : [ 60%] Meshing curve 12 order 2
Info    : [ 70%] Meshing surface 1 order 2
Info    : [ 70%] Meshing surface 2 order 2
Info    : [ 80%] Meshing surface 3 order 2
Info    : [ 80%] Meshing surface 4 order 2
Info    : [ 90%] Meshing surface 5 order 2
Info    : [ 90%] Meshing surface 6 order 2
Info    : [100%] Meshing volume 1 order 2
Info    : [100%] Meshing volume 2 order 2
Info    : Surface mesh: worst distortion = 0.797589 (0 elements in ]0, 0.2]); worst gamma = 0.499267
Info    : Volume mesh: worst distortion = 0.252129 (0 elements in ]0, 0.2])
Info    : Done meshing order 2 (Wall 21.6244s, CPU 21.5738s)
Info    : Writing '/home/user/mscr-mom/현서/scripts/contact_scenarios/fea/matv2_mesh_PHS750_phiP120_b0_s15.inp'...
Info    : Done writing '/home/user/mscr-mom/현서/scripts/contact_scenarios/fea/matv2_mesh_PHS750_phiP120_b0_s15.inp'
  [PHS750_phiP120_b0] F_mag=0.0452mN  (322.9s)
[PHS750_phiP120_b0 2/9] L_M=75.0, phi=120.0, beta=0.0, s=25.0mm, push_depth=0.1mm ...
Info    : Meshing 1D...
Info    : [  0%] Meshing curve 1 (BSpline)
Info    : [ 10%] Meshing curve 2 (Ellipse)
Info    : [ 20%] Meshing curve 3 (Ellipse)
Info    : [ 30%] Meshing curve 4 (BSpline)
Info    : [ 40%] Meshing curve 5 (BSpline)
Info    : [ 50%] Meshing curve 6 (BSpline)
Info    : [ 60%] Meshing curve 7 (BSpline)
Info    : [ 60%] Meshing curve 8 (BSpline)
Info    : [ 70%] Meshing curve 9 (BSpline)
Info    : [ 90%] Meshing curve 11 (Circle)
Info    : Done meshing 1D (Wall 0.0505462s, CPU 0.049404s)
Info    : Meshing 2D...
Info    : [  0%] Meshing surface 1 (Plane, Frontal-Delaunay)
Info    : [ 20%] Meshing surface 2 (Plane, Frontal-Delaunay)
Info    : [ 40%] Meshing surface 3 (BSpline surface, Frontal-Delaunay)
Info    : [ 60%] Meshing surface 4 (BSpline surface, Frontal-Delaunay)
Info    : [ 70%] Meshing surface 5 (Plane, Frontal-Delaunay)
Info    : [ 90%] Meshing surface 6 (Sphere, Frontal-Delaunay)
Info    : Done meshing 2D (Wall 1.38963s, CPU 1.38894s)
Info    : Meshing 3D...
Info    : 3D Meshing 2 volumes with 2 connected components
Info    : Tetrahedrizing 12491 nodes...
Info    : Done tetrahedrizing 12499 nodes (Wall 0.242225s, CPU 0.235814s)
Info    : Reconstructing mesh...
Info    :  - Creating surface mesh
Info    :  - Identifying boundary edges
Info    :  - Recovering boundary
Info    : Done reconstructing mesh (Wall 0.654683s, CPU 0.628108s)
Info    : Found volume 1
Info    : It. 0 - 0 nodes created - worst tet radius 1.04362 (nodes removed 0 0)
Info    : 3D refinement terminated (13015 nodes total):
Info    :  - 0 Delaunay cavities modified for star shapeness
Info    :  - 0 nodes could not be inserted
Info    :  - 40983 tetrahedra created in 0.0438228 sec. (935197 tets/s)
Info    : 0 node relocations
Info    : Tetrahedrizing 132 nodes...
Info    : Done tetrahedrizing 140 nodes (Wall 0.00111329s, CPU 0.001114s)
Info    : Reconstructing mesh...
Info    :  - Creating surface mesh
Info    :  - Identifying boundary edges
Info    :  - Recovering boundary
Info    : Done reconstructing mesh (Wall 0.00245753s, CPU 0.002464s)
Info    : Found volume 2
Info    : It. 0 - 0 nodes created - worst tet radius 3.17744 (nodes removed 0 0)
Info    : 3D refinement terminated (12708 nodes total):
Info    :  - 0 Delaunay cavities modified for star shapeness
Info    :  - 0 nodes could not be inserted
Info    :  - 526 tetrahedra created in 0.00395321 sec. (133056 tets/s)
Info    : 0 node relocations
Info    : Done meshing 3D (Wall 1.17326s, CPU 1.1466s)
Info    : Optimizing mesh...
Info    : Optimizing volume 1
Info    : Optimization starts (volume = 235.595) with worst = 0.00317486 / average = 0.680302:
Info    : 0.00 < quality < 0.10 :       180 elements
Info    : 0.10 < quality < 0.20 :       410 elements
Info    : 0.20 < quality < 0.30 :       607 elements
Info    : 0.30 < quality < 0.40 :       823 elements
Info    : 0.40 < quality < 0.50 :      1320 elements
Info    : 0.50 < quality < 0.60 :      3428 elements
Info    : 0.60 < quality < 0.70 :     10842 elements
Info    : 0.70 < quality < 0.80 :     20840 elements
Info    : 0.80 < quality < 0.90 :      1442 elements
Info    : 0.90 < quality < 1.00 :      1091 elements
Info    : 1154 edge swaps, 16 node relocations (volume = 235.595): worst = 0.10135 / average = 0.696186 (Wall 0.0292239s, CPU 0.029218s)
Info    : 1206 edge swaps, 19 node relocations (volume = 235.595): worst = 0.143763 / average = 0.696704 (Wall 0.0362667s, CPU 0.036262s)
Info    : 1214 edge swaps, 20 node relocations (volume = 235.595): worst = 0.143763 / average = 0.696783 (Wall 0.0406753s, CPU 0.040672s)
Info    : No ill-shaped tets in the mesh :-)
Info    : 0.00 < quality < 0.10 :         0 elements
Info    : 0.10 < quality < 0.20 :         5 elements
Info    : 0.20 < quality < 0.30 :        17 elements
Info    : 0.30 < quality < 0.40 :       747 elements
Info    : 0.40 < quality < 0.50 :      1048 elements
Info    : 0.50 < quality < 0.60 :      3378 elements
Info    : 0.60 < quality < 0.70 :     11462 elements
Info    : 0.70 < quality < 0.80 :     20621 elements
Info    : 0.80 < quality < 0.90 :      1549 elements
Info    : 0.90 < quality < 1.00 :      1087 elements
Info    : Optimizing volume 2
Info    : Optimization starts (volume = 0.256468) with worst = 0.0965563 / average = 0.75519:
Info    : 0.00 < quality < 0.10 :         1 elements
Info    : 0.10 < quality < 0.20 :         1 elements
Info    : 0.20 < quality < 0.30 :         4 elements
Info    : 0.30 < quality < 0.40 :        15 elements
Info    : 0.40 < quality < 0.50 :        14 elements
Info    : 0.50 < quality < 0.60 :        23 elements
Info    : 0.60 < quality < 0.70 :        69 elements
Info    : 0.70 < quality < 0.80 :       187 elements
Info    : 0.80 < quality < 0.90 :       155 elements
Info    : 0.90 < quality < 1.00 :        57 elements
Info    : 6 edge swaps, 0 node relocations (volume = 0.256468): worst = 0.300101 / average = 0.763102 (Wall 0.000168248s, CPU 0.000172s)
Info    : No ill-shaped tets in the mesh :-)
Info    : 0.00 < quality < 0.10 :         0 elements
Info    : 0.10 < quality < 0.20 :         0 elements
Info    : 0.20 < quality < 0.30 :         0 elements
Info    : 0.30 < quality < 0.40 :        15 elements
Info    : 0.40 < quality < 0.50 :        13 elements
Info    : 0.50 < quality < 0.60 :        22 elements
Info    : 0.60 < quality < 0.70 :        70 elements
Info    : 0.70 < quality < 0.80 :       185 elements
Info    : 0.80 < quality < 0.90 :       158 elements
Info    : 0.90 < quality < 1.00 :        57 elements
Info    : Done optimizing mesh (Wall 0.0869241s, CPU 0.086919s)
Info    : 13419 nodes 66899 elements
Info    : Meshing order 2 (curvilinear on)...
Info    : [  0%] Meshing curve 1 order 2
Info    : [ 10%] Meshing curve 2 order 2
Info    : [ 20%] Meshing curve 3 order 2
Info    : [ 20%] Meshing curve 4 order 2
Info    : [ 30%] Meshing curve 5 order 2
Info    : [ 30%] Meshing curve 6 order 2
Info    : [ 40%] Meshing curve 7 order 2
Info    : [ 40%] Meshing curve 8 order 2
Info    : [ 50%] Meshing curve 9 order 2
Info    : [ 50%] Meshing curve 10 order 2
Info    : [ 60%] Meshing curve 11 order 2
Info    : [ 60%] Meshing curve 12 order 2
Info    : [ 70%] Meshing surface 1 order 2
Info    : [ 70%] Meshing surface 2 order 2
Info    : [ 80%] Meshing surface 3 order 2
Info    : [ 80%] Meshing surface 4 order 2
Info    : [ 90%] Meshing surface 5 order 2
Info    : [ 90%] Meshing surface 6 order 2
Info    : [100%] Meshing volume 1 order 2
Info    : [100%] Meshing volume 2 order 2
Info    : Surface mesh: worst distortion = 0.797589 (0 elements in ]0, 0.2]); worst gamma = 0.499267
Info    : Volume mesh: worst distortion = 0.252129 (0 elements in ]0, 0.2])
Info    : Done meshing order 2 (Wall 28.3972s, CPU 28.3201s)
Info    : Writing '/home/user/mscr-mom/현서/scripts/contact_scenarios/fea/matv2_mesh_PHS750_phiP120_b0_s25.inp'...
Info    : Done writing '/home/user/mscr-mom/현서/scripts/contact_scenarios/fea/matv2_mesh_PHS750_phiP120_b0_s25.inp'
  [PHS750_phiP120_b0] [실패] (420.2s)
[PHS750_phiP120_b0 3/9] L_M=75.0, phi=120.0, beta=0.0, s=35.0mm, push_depth=0.1mm ...
Info    : Meshing 1D...
Info    : [  0%] Meshing curve 1 (BSpline)
Info    : [ 10%] Meshing curve 2 (Ellipse)
Info    : [ 20%] Meshing curve 3 (Ellipse)
Info    : [ 30%] Meshing curve 4 (BSpline)
Info    : [ 40%] Meshing curve 5 (BSpline)
Info    : [ 50%] Meshing curve 6 (BSpline)
Info    : [ 60%] Meshing curve 7 (BSpline)
Info    : [ 60%] Meshing curve 8 (BSpline)
Info    : [ 70%] Meshing curve 9 (BSpline)
Info    : [ 90%] Meshing curve 11 (Circle)
Info    : Done meshing 1D (Wall 0.026148s, CPU 0.026147s)
Info    : Meshing 2D...
Info    : [  0%] Meshing surface 1 (Plane, Frontal-Delaunay)
Info    : [ 20%] Meshing surface 2 (Plane, Frontal-Delaunay)
Info    : [ 40%] Meshing surface 3 (BSpline surface, Frontal-Delaunay)
Info    : [ 60%] Meshing surface 4 (BSpline surface, Frontal-Delaunay)
Info    : [ 70%] Meshing surface 5 (Plane, Frontal-Delaunay)
Info    : [ 90%] Meshing surface 6 (Sphere, Frontal-Delaunay)
Info    : Done meshing 2D (Wall 0.815754s, CPU 0.814604s)
Info    : Meshing 3D...
Info    : 3D Meshing 2 volumes with 2 connected components
Info    : Tetrahedrizing 12491 nodes...
Info    : Done tetrahedrizing 12499 nodes (Wall 0.170038s, CPU 0.162036s)
Info    : Reconstructing mesh...
Info    :  - Creating surface mesh
Info    :  - Identifying boundary edges
Info    :  - Recovering boundary
Info    : Done reconstructing mesh (Wall 0.431576s, CPU 0.415568s)
Info    : Found volume 1
Info    : It. 0 - 0 nodes created - worst tet radius 1.04362 (nodes removed 0 0)
Info    : 3D refinement terminated (13015 nodes total):
Info    :  - 0 Delaunay cavities modified for star shapeness
Info    :  - 0 nodes could not be inserted
Info    :  - 40983 tetrahedra created in 0.0295897 sec. (1385042 tets/s)
Info    : 0 node relocations
Info    : Tetrahedrizing 132 nodes...
Info    : Done tetrahedrizing 140 nodes (Wall 0.000795639s, CPU 0.000799s)
Info    : Reconstructing mesh...
Info    :  - Creating surface mesh
Info    :  - Identifying boundary edges
Info    :  - Recovering boundary
Info    : Done reconstructing mesh (Wall 0.0018434s, CPU 0.001847s)
Info    : Found volume 2
Info    : It. 0 - 0 nodes created - worst tet radius 3.17744 (nodes removed 0 0)
Info    : 3D refinement terminated (12706 nodes total):
Info    :  - 0 Delaunay cavities modified for star shapeness
Info    :  - 0 nodes could not be inserted
Info    :  - 518 tetrahedra created in 0.00690523 sec. (75015 tets/s)
Info    : 0 node relocations
Info    : Done meshing 3D (Wall 0.833112s, CPU 0.815066s)
Info    : Optimizing mesh...
Info    : Optimizing volume 1
Info    : Optimization starts (volume = 235.595) with worst = 0.00317486 / average = 0.680302:
Info    : 0.00 < quality < 0.10 :       180 elements
Info    : 0.10 < quality < 0.20 :       410 elements
Info    : 0.20 < quality < 0.30 :       607 elements
Info    : 0.30 < quality < 0.40 :       823 elements
Info    : 0.40 < quality < 0.50 :      1320 elements
Info    : 0.50 < quality < 0.60 :      3428 elements
Info    : 0.60 < quality < 0.70 :     10842 elements
Info    : 0.70 < quality < 0.80 :     20840 elements
Info    : 0.80 < quality < 0.90 :      1442 elements
Info    : 0.90 < quality < 1.00 :      1091 elements
Info    : 1154 edge swaps, 16 node relocations (volume = 235.595): worst = 0.10135 / average = 0.696186 (Wall 0.025362s, CPU 0.02536s)
Info    : 1206 edge swaps, 19 node relocations (volume = 235.595): worst = 0.143763 / average = 0.696704 (Wall 0.033277s, CPU 0.033277s)
Info    : 1214 edge swaps, 20 node relocations (volume = 235.595): worst = 0.143763 / average = 0.696783 (Wall 0.0392098s, CPU 0.03921s)
Info    : No ill-shaped tets in the mesh :-)
Info    : 0.00 < quality < 0.10 :         0 elements
Info    : 0.10 < quality < 0.20 :         5 elements
Info    : 0.20 < quality < 0.30 :        17 elements
Info    : 0.30 < quality < 0.40 :       747 elements
Info    : 0.40 < quality < 0.50 :      1048 elements
Info    : 0.50 < quality < 0.60 :      3378 elements
Info    : 0.60 < quality < 0.70 :     11462 elements
Info    : 0.70 < quality < 0.80 :     20621 elements
Info    : 0.80 < quality < 0.90 :      1549 elements
Info    : 0.90 < quality < 1.00 :      1087 elements
Info    : Optimizing volume 2
Info    : Optimization starts (volume = 0.256468) with worst = 0.119858 / average = 0.738144:
Info    : 0.00 < quality < 0.10 :         0 elements
Info    : 0.10 < quality < 0.20 :         5 elements
Info    : 0.20 < quality < 0.30 :         5 elements
Info    : 0.30 < quality < 0.40 :        17 elements
Info    : 0.40 < quality < 0.50 :        22 elements
Info    : 0.50 < quality < 0.60 :        19 elements
Info    : 0.60 < quality < 0.70 :        75 elements
Info    : 0.70 < quality < 0.80 :       193 elements
Info    : 0.80 < quality < 0.90 :       133 elements
Info    : 0.90 < quality < 1.00 :        49 elements
Info    : 10 edge swaps, 0 node relocations (volume = 0.256468): worst = 0.300101 / average = 0.75145 (Wall 0.000200447s, CPU 0.000203s)
Info    : No ill-shaped tets in the mesh :-)
Info    : 0.00 < quality < 0.10 :         0 elements
Info    : 0.10 < quality < 0.20 :         0 elements
Info    : 0.20 < quality < 0.30 :         0 elements
Info    : 0.30 < quality < 0.40 :        15 elements
Info    : 0.40 < quality < 0.50 :        21 elements
Info    : 0.50 < quality < 0.60 :        20 elements
Info    : 0.60 < quality < 0.70 :        72 elements
Info    : 0.70 < quality < 0.80 :       194 elements
Info    : 0.80 < quality < 0.90 :       137 elements
Info    : 0.90 < quality < 1.00 :        49 elements
Info    : Done optimizing mesh (Wall 0.0829156s, CPU 0.082895s)
Info    : 13417 nodes 66887 elements
Info    : Meshing order 2 (curvilinear on)...
Info    : [  0%] Meshing curve 1 order 2
Info    : [ 10%] Meshing curve 2 order 2
Info    : [ 20%] Meshing curve 3 order 2
Info    : [ 20%] Meshing curve 4 order 2
Info    : [ 30%] Meshing curve 5 order 2
Info    : [ 30%] Meshing curve 6 order 2
Info    : [ 40%] Meshing curve 7 order 2
Info    : [ 40%] Meshing curve 8 order 2
Info    : [ 50%] Meshing curve 9 order 2
Info    : [ 50%] Meshing curve 10 order 2
Info    : [ 60%] Meshing curve 11 order 2
Info    : [ 60%] Meshing curve 12 order 2
Info    : [ 70%] Meshing surface 1 order 2
Info    : [ 70%] Meshing surface 2 order 2
Info    : [ 80%] Meshing surface 3 order 2
Info    : [ 80%] Meshing surface 4 order 2
Info    : [ 90%] Meshing surface 5 order 2
Info    : [ 90%] Meshing surface 6 order 2
Info    : [100%] Meshing volume 1 order 2
Info    : [100%] Meshing volume 2 order 2
Info    : Surface mesh: worst distortion = 0.797589 (0 elements in ]0, 0.2]); worst gamma = 0.499267
Info    : Volume mesh: worst distortion = 0.252129 (0 elements in ]0, 0.2])
Info    : Done meshing order 2 (Wall 16.9142s, CPU 16.8582s)
Info    : Writing '/home/user/mscr-mom/현서/scripts/contact_scenarios/fea/matv2_mesh_PHS750_phiP120_b0_s35.inp'...
Info    : Done writing '/home/user/mscr-mom/현서/scripts/contact_scenarios/fea/matv2_mesh_PHS750_phiP120_b0_s35.inp'
  [PHS750_phiP120_b0] [실패] (581.0s)
[PHS750_phiP120_b0 4/9] L_M=75.0, phi=120.0, beta=0.0, s=45.0mm, push_depth=0.1mm ...
Info    : Meshing 1D...
Info    : [  0%] Meshing curve 1 (BSpline)
Info    : [ 10%] Meshing curve 2 (Ellipse)
Info    : [ 20%] Meshing curve 3 (Ellipse)
Info    : [ 30%] Meshing curve 4 (BSpline)
Info    : [ 40%] Meshing curve 5 (BSpline)
Info    : [ 50%] Meshing curve 6 (BSpline)
Info    : [ 60%] Meshing curve 7 (BSpline)
Info    : [ 60%] Meshing curve 8 (BSpline)
Info    : [ 70%] Meshing curve 9 (BSpline)
Info    : [ 90%] Meshing curve 11 (Circle)
Info    : Done meshing 1D (Wall 0.0370485s, CPU 0.037047s)
Info    : Meshing 2D...
Info    : [  0%] Meshing surface 1 (Plane, Frontal-Delaunay)
Info    : [ 20%] Meshing surface 2 (Plane, Frontal-Delaunay)
Info    : [ 40%] Meshing surface 3 (BSpline surface, Frontal-Delaunay)
Info    : [ 60%] Meshing surface 4 (BSpline surface, Frontal-Delaunay)
Info    : [ 70%] Meshing surface 5 (Plane, Frontal-Delaunay)
Info    : [ 90%] Meshing surface 6 (Sphere, Frontal-Delaunay)
Info    : Done meshing 2D (Wall 0.842545s, CPU 0.842158s)
Info    : Meshing 3D...
Info    : 3D Meshing 2 volumes with 2 connected components
Info    : Tetrahedrizing 12491 nodes...
Info    : Done tetrahedrizing 12499 nodes (Wall 0.185282s, CPU 0.176285s)
Info    : Reconstructing mesh...
Info    :  - Creating surface mesh
Info    :  - Identifying boundary edges
Info    :  - Recovering boundary
Info    : Done reconstructing mesh (Wall 0.462306s, CPU 0.44528s)
Info    : Found volume 1
Info    : It. 0 - 0 nodes created - worst tet radius 1.04362 (nodes removed 0 0)
Info    : 3D refinement terminated (13015 nodes total):
Info    :  - 0 Delaunay cavities modified for star shapeness
Info    :  - 0 nodes could not be inserted
Info    :  - 40983 tetrahedra created in 0.0238249 sec. (1720178 tets/s)
Info    : 0 node relocations
Info    : Tetrahedrizing 132 nodes...
Info    : Done tetrahedrizing 140 nodes (Wall 0.000779823s, CPU 0.00078s)
Info    : Reconstructing mesh...
Info    :  - Creating surface mesh
Info    :  - Identifying boundary edges
Info    :  - Recovering boundary
Info    : Done reconstructing mesh (Wall 0.0017059s, CPU 0.001709s)
Info    : Found volume 2
Info    : It. 0 - 0 nodes created - worst tet radius 3.17744 (nodes removed 0 0)
Info    : 3D refinement terminated (12708 nodes total):
Info    :  - 0 Delaunay cavities modified for star shapeness
Info    :  - 0 nodes could not be inserted
Info    :  - 526 tetrahedra created in 0.0059786 sec. (87980 tets/s)
Info    : 0 node relocations
Info    : Done meshing 3D (Wall 0.79436s, CPU 0.777306s)
Info    : Optimizing mesh...
Info    : Optimizing volume 1
Info    : Optimization starts (volume = 235.595) with worst = 0.00317486 / average = 0.680302:
Info    : 0.00 < quality < 0.10 :       180 elements
Info    : 0.10 < quality < 0.20 :       410 elements
Info    : 0.20 < quality < 0.30 :       607 elements
Info    : 0.30 < quality < 0.40 :       823 elements
Info    : 0.40 < quality < 0.50 :      1320 elements
Info    : 0.50 < quality < 0.60 :      3428 elements
Info    : 0.60 < quality < 0.70 :     10842 elements
Info    : 0.70 < quality < 0.80 :     20840 elements
Info    : 0.80 < quality < 0.90 :      1442 elements
Info    : 0.90 < quality < 1.00 :      1091 elements
Info    : 1154 edge swaps, 16 node relocations (volume = 235.595): worst = 0.10135 / average = 0.696186 (Wall 0.0150187s, CPU 0.015019s)
Info    : 1206 edge swaps, 19 node relocations (volume = 235.595): worst = 0.143763 / average = 0.696704 (Wall 0.0185419s, CPU 0.018543s)
Info    : 1214 edge swaps, 20 node relocations (volume = 235.595): worst = 0.143763 / average = 0.696783 (Wall 0.021051s, CPU 0.021054s)
Info    : No ill-shaped tets in the mesh :-)
Info    : 0.00 < quality < 0.10 :         0 elements
Info    : 0.10 < quality < 0.20 :         5 elements
Info    : 0.20 < quality < 0.30 :        17 elements
Info    : 0.30 < quality < 0.40 :       747 elements
Info    : 0.40 < quality < 0.50 :      1048 elements
Info    : 0.50 < quality < 0.60 :      3378 elements
Info    : 0.60 < quality < 0.70 :     11462 elements
Info    : 0.70 < quality < 0.80 :     20621 elements
Info    : 0.80 < quality < 0.90 :      1549 elements
Info    : 0.90 < quality < 1.00 :      1087 elements
Info    : Optimizing volume 2
Info    : Optimization starts (volume = 0.256468) with worst = 0.0965563 / average = 0.75519:
Info    : 0.00 < quality < 0.10 :         1 elements
Info    : 0.10 < quality < 0.20 :         1 elements
Info    : 0.20 < quality < 0.30 :         4 elements
Info    : 0.30 < quality < 0.40 :        15 elements
Info    : 0.40 < quality < 0.50 :        14 elements
Info    : 0.50 < quality < 0.60 :        23 elements
Info    : 0.60 < quality < 0.70 :        69 elements
Info    : 0.70 < quality < 0.80 :       187 elements
Info    : 0.80 < quality < 0.90 :       155 elements
Info    : 0.90 < quality < 1.00 :        57 elements
Info    : 6 edge swaps, 0 node relocations (volume = 0.256468): worst = 0.300101 / average = 0.763102 (Wall 0.000106643s, CPU 0.000107s)
Info    : No ill-shaped tets in the mesh :-)
Info    : 0.00 < quality < 0.10 :         0 elements
Info    : 0.10 < quality < 0.20 :         0 elements
Info    : 0.20 < quality < 0.30 :         0 elements
Info    : 0.30 < quality < 0.40 :        15 elements
Info    : 0.40 < quality < 0.50 :        13 elements
Info    : 0.50 < quality < 0.60 :        22 elements
Info    : 0.60 < quality < 0.70 :        70 elements
Info    : 0.70 < quality < 0.80 :       185 elements
Info    : 0.80 < quality < 0.90 :       158 elements
Info    : 0.90 < quality < 1.00 :        57 elements
Info    : Done optimizing mesh (Wall 0.0484126s, CPU 0.048413s)
Info    : 13419 nodes 66899 elements
Info    : Meshing order 2 (curvilinear on)...
Info    : [  0%] Meshing curve 1 order 2
Info    : [ 10%] Meshing curve 2 order 2
Info    : [ 20%] Meshing curve 3 order 2
Info    : [ 20%] Meshing curve 4 order 2
Info    : [ 30%] Meshing curve 5 order 2
Info    : [ 30%] Meshing curve 6 order 2
Info    : [ 40%] Meshing curve 7 order 2
Info    : [ 40%] Meshing curve 8 order 2
Info    : [ 50%] Meshing curve 9 order 2
Info    : [ 50%] Meshing curve 10 order 2
Info    : [ 60%] Meshing curve 11 order 2
Info    : [ 60%] Meshing curve 12 order 2
Info    : [ 70%] Meshing surface 1 order 2
Info    : [ 70%] Meshing surface 2 order 2
Info    : [ 80%] Meshing surface 3 order 2
Info    : [ 80%] Meshing surface 4 order 2
Info    : [ 90%] Meshing surface 5 order 2
Info    : [ 90%] Meshing surface 6 order 2
Info    : [100%] Meshing volume 1 order 2
Info    : [100%] Meshing volume 2 order 2
Info    : Surface mesh: worst distortion = 0.797589 (0 elements in ]0, 0.2]); worst gamma = 0.499267
Info    : Volume mesh: worst distortion = 0.252129 (0 elements in ]0, 0.2])
Info    : Done meshing order 2 (Wall 18.1303s, CPU 18.124s)
Info    : Writing '/home/user/mscr-mom/현서/scripts/contact_scenarios/fea/matv2_mesh_PHS750_phiP120_b0_s45.inp'...
Info    : Done writing '/home/user/mscr-mom/현서/scripts/contact_scenarios/fea/matv2_mesh_PHS750_phiP120_b0_s45.inp'
  [PHS750_phiP120_b0] [실패] (431.3s)
[PHS750_phiP120_b0 5/9] L_M=75.0, phi=120.0, beta=0.0, s=55.0mm, push_depth=0.1mm ...
Info    : Meshing 1D...
Info    : [  0%] Meshing curve 1 (BSpline)
Info    : [ 10%] Meshing curve 2 (Ellipse)
Info    : [ 20%] Meshing curve 3 (Ellipse)
Info    : [ 30%] Meshing curve 4 (BSpline)
Info    : [ 40%] Meshing curve 5 (BSpline)
Info    : [ 50%] Meshing curve 6 (BSpline)
Info    : [ 60%] Meshing curve 7 (BSpline)
Info    : [ 60%] Meshing curve 8 (BSpline)
Info    : [ 70%] Meshing curve 9 (BSpline)
Info    : [ 90%] Meshing curve 11 (Circle)
Info    : Done meshing 1D (Wall 0.0253104s, CPU 0.025307s)
Info    : Meshing 2D...
Info    : [  0%] Meshing surface 1 (Plane, Frontal-Delaunay)
Info    : [ 20%] Meshing surface 2 (Plane, Frontal-Delaunay)
Info    : [ 40%] Meshing surface 3 (BSpline surface, Frontal-Delaunay)
Info    : [ 60%] Meshing surface 4 (BSpline surface, Frontal-Delaunay)
Info    : [ 70%] Meshing surface 5 (Plane, Frontal-Delaunay)
Info    : [ 90%] Meshing surface 6 (Sphere, Frontal-Delaunay)
Info    : Done meshing 2D (Wall 0.826896s, CPU 0.825346s)
Info    : Meshing 3D...
Info    : 3D Meshing 2 volumes with 2 connected components
Info    : Tetrahedrizing 12491 nodes...
Info    : Done tetrahedrizing 12499 nodes (Wall 0.170165s, CPU 0.164157s)
Info    : Reconstructing mesh...
Info    :  - Creating surface mesh
Info    :  - Identifying boundary edges
Info    :  - Recovering boundary
Info    : Done reconstructing mesh (Wall 0.410599s, CPU 0.396551s)
Info    : Found volume 1
Info    : It. 0 - 0 nodes created - worst tet radius 1.04362 (nodes removed 0 0)
Info    : 3D refinement terminated (13015 nodes total):
Info    :  - 0 Delaunay cavities modified for star shapeness
Info    :  - 0 nodes could not be inserted
Info    :  - 40983 tetrahedra created in 0.0195836 sec. (2092717 tets/s)
Info    : 0 node relocations
Info    : Tetrahedrizing 132 nodes...
Info    : Done tetrahedrizing 140 nodes (Wall 0.000794529s, CPU 0.000794s)
Info    : Reconstructing mesh...
Info    :  - Creating surface mesh
Info    :  - Identifying boundary edges
Info    :  - Recovering boundary
Info    : Done reconstructing mesh (Wall 0.00173335s, CPU 0.001736s)
Info    : Found volume 2
Info    : It. 0 - 0 nodes created - worst tet radius 3.04804 (nodes removed 0 0)
Info    : 3D refinement terminated (12703 nodes total):
Info    :  - 1 Delaunay cavities modified for star shapeness
Info    :  - 0 nodes could not be inserted
Info    :  - 486 tetrahedra created in 0.00231602 sec. (209842 tets/s)
Info    : 0 node relocations
Info    : Done meshing 3D (Wall 0.718806s, CPU 0.703745s)
Info    : Optimizing mesh...
Info    : Optimizing volume 1
Info    : Optimization starts (volume = 235.595) with worst = 0.00317486 / average = 0.680302:
Info    : 0.00 < quality < 0.10 :       180 elements
Info    : 0.10 < quality < 0.20 :       410 elements
Info    : 0.20 < quality < 0.30 :       607 elements
Info    : 0.30 < quality < 0.40 :       823 elements
Info    : 0.40 < quality < 0.50 :      1320 elements
Info    : 0.50 < quality < 0.60 :      3428 elements
Info    : 0.60 < quality < 0.70 :     10842 elements
Info    : 0.70 < quality < 0.80 :     20840 elements
Info    : 0.80 < quality < 0.90 :      1442 elements
Info    : 0.90 < quality < 1.00 :      1091 elements
Info    : 1154 edge swaps, 16 node relocations (volume = 235.595): worst = 0.10135 / average = 0.696186 (Wall 0.0203228s, CPU 0.020321s)
Info    : 1206 edge swaps, 19 node relocations (volume = 235.595): worst = 0.143763 / average = 0.696704 (Wall 0.0254148s, CPU 0.025418s)
Info    : 1214 edge swaps, 20 node relocations (volume = 235.595): worst = 0.143763 / average = 0.696783 (Wall 0.0288603s, CPU 0.028863s)
Info    : No ill-shaped tets in the mesh :-)
Info    : 0.00 < quality < 0.10 :         0 elements
Info    : 0.10 < quality < 0.20 :         5 elements
Info    : 0.20 < quality < 0.30 :        17 elements
Info    : 0.30 < quality < 0.40 :       747 elements
Info    : 0.40 < quality < 0.50 :      1048 elements
Info    : 0.50 < quality < 0.60 :      3378 elements
Info    : 0.60 < quality < 0.70 :     11462 elements
Info    : 0.70 < quality < 0.80 :     20621 elements
Info    : 0.80 < quality < 0.90 :      1549 elements
Info    : 0.90 < quality < 1.00 :      1087 elements
Info    : Optimizing volume 2
Info    : Optimization starts (volume = 0.256478) with worst = 0.104083 / average = 0.74788:
Info    : 0.00 < quality < 0.10 :         0 elements
Info    : 0.10 < quality < 0.20 :         2 elements
Info    : 0.20 < quality < 0.30 :         5 elements
Info    : 0.30 < quality < 0.40 :        11 elements
Info    : 0.40 < quality < 0.50 :        16 elements
Info    : 0.50 < quality < 0.60 :        25 elements
Info    : 0.60 < quality < 0.70 :        67 elements
Info    : 0.70 < quality < 0.80 :       169 elements
Info    : 0.80 < quality < 0.90 :       150 elements
Info    : 0.90 < quality < 1.00 :        41 elements
Info    : 6 edge swaps, 0 node relocations (volume = 0.256478): worst = 0.31836 / average = 0.757034 (Wall 0.000133196s, CPU 0.000137s)
Info    : No ill-shaped tets in the mesh :-)
Info    : 0.00 < quality < 0.10 :         0 elements
Info    : 0.10 < quality < 0.20 :         0 elements
Info    : 0.20 < quality < 0.30 :         0 elements
Info    : 0.30 < quality < 0.40 :        10 elements
Info    : 0.40 < quality < 0.50 :        15 elements
Info    : 0.50 < quality < 0.60 :        25 elements
Info    : 0.60 < quality < 0.70 :        69 elements
Info    : 0.70 < quality < 0.80 :       169 elements
Info    : 0.80 < quality < 0.90 :       151 elements
Info    : 0.90 < quality < 1.00 :        41 elements
Info    : Done optimizing mesh (Wall 0.0536091s, CPU 0.053602s)
Info    : 13414 nodes 66859 elements
Info    : Meshing order 2 (curvilinear on)...
Info    : [  0%] Meshing curve 1 order 2
Info    : [ 10%] Meshing curve 2 order 2
Info    : [ 20%] Meshing curve 3 order 2
Info    : [ 20%] Meshing curve 4 order 2
Info    : [ 30%] Meshing curve 5 order 2
Info    : [ 30%] Meshing curve 6 order 2
Info    : [ 40%] Meshing curve 7 order 2
Info    : [ 40%] Meshing curve 8 order 2
Info    : [ 50%] Meshing curve 9 order 2
Info    : [ 50%] Meshing curve 10 order 2
Info    : [ 60%] Meshing curve 11 order 2
Info    : [ 60%] Meshing curve 12 order 2
Info    : [ 70%] Meshing surface 1 order 2
Info    : [ 70%] Meshing surface 2 order 2
Info    : [ 80%] Meshing surface 3 order 2
Info    : [ 80%] Meshing surface 4 order 2
Info    : [ 90%] Meshing surface 5 order 2
Info    : [ 90%] Meshing surface 6 order 2
Info    : [100%] Meshing volume 1 order 2
Info    : [100%] Meshing volume 2 order 2
Info    : Surface mesh: worst distortion = 0.797589 (0 elements in ]0, 0.2]); worst gamma = 0.562417
Info    : Volume mesh: worst distortion = 0.252129 (0 elements in ]0, 0.2])
Info    : Done meshing order 2 (Wall 16.2703s, CPU 16.264s)
Info    : Writing '/home/user/mscr-mom/현서/scripts/contact_scenarios/fea/matv2_mesh_PHS750_phiP120_b0_s55.inp'...
Info    : Done writing '/home/user/mscr-mom/현서/scripts/contact_scenarios/fea/matv2_mesh_PHS750_phiP120_b0_s55.inp'
  [PHS750_phiP120_b0] [실패] (819.5s)
[PHS750_phiP120_b0 6/9] L_M=75.0, phi=120.0, beta=0.0, s=65.0mm, push_depth=0.1mm ...
Info    : Meshing 1D...
Info    : [  0%] Meshing curve 1 (BSpline)
Info    : [ 10%] Meshing curve 2 (Ellipse)
Info    : [ 20%] Meshing curve 3 (Ellipse)
Info    : [ 30%] Meshing curve 4 (BSpline)
Info    : [ 40%] Meshing curve 5 (BSpline)
Info    : [ 50%] Meshing curve 6 (BSpline)
Info    : [ 60%] Meshing curve 7 (BSpline)
Info    : [ 60%] Meshing curve 8 (BSpline)
Info    : [ 70%] Meshing curve 9 (BSpline)
Info    : [ 90%] Meshing curve 11 (Circle)
Info    : Done meshing 1D (Wall 0.0508046s, CPU 0.050801s)
Info    : Meshing 2D...
Info    : [  0%] Meshing surface 1 (Plane, Frontal-Delaunay)
Info    : [ 20%] Meshing surface 2 (Plane, Frontal-Delaunay)
Info    : [ 40%] Meshing surface 3 (BSpline surface, Frontal-Delaunay)
Info    : [ 60%] Meshing surface 4 (BSpline surface, Frontal-Delaunay)
Info    : [ 70%] Meshing surface 5 (Plane, Frontal-Delaunay)
Info    : [ 90%] Meshing surface 6 (Sphere, Frontal-Delaunay)
Info    : Done meshing 2D (Wall 1.38079s, CPU 1.38046s)
Info    : Meshing 3D...
Info    : 3D Meshing 2 volumes with 2 connected components
Info    : Tetrahedrizing 12491 nodes...
Info    : Done tetrahedrizing 12499 nodes (Wall 0.231489s, CPU 0.217483s)
Info    : Reconstructing mesh...
Info    :  - Creating surface mesh
Info    :  - Identifying boundary edges
Info    :  - Recovering boundary
Info    : Done reconstructing mesh (Wall 0.653638s, CPU 0.615756s)
Info    : Found volume 1
Info    : It. 0 - 0 nodes created - worst tet radius 1.04362 (nodes removed 0 0)
Info    : 3D refinement terminated (13015 nodes total):
Info    :  - 0 Delaunay cavities modified for star shapeness
Info    :  - 0 nodes could not be inserted
Info    :  - 40983 tetrahedra created in 0.0468532 sec. (874711 tets/s)
Info    : 0 node relocations
Info    : Tetrahedrizing 132 nodes...
Info    : Done tetrahedrizing 140 nodes (Wall 0.00112784s, CPU 0.001129s)
Info    : Reconstructing mesh...
Info    :  - Creating surface mesh
Info    :  - Identifying boundary edges
Info    :  - Recovering boundary
Info    : Done reconstructing mesh (Wall 0.00279724s, CPU 0.002805s)
Info    : Found volume 2
Info    : It. 0 - 0 nodes created - worst tet radius 3.04804 (nodes removed 0 0)
Info    : 3D refinement terminated (12703 nodes total):
Info    :  - 1 Delaunay cavities modified for star shapeness
Info    :  - 0 nodes could not be inserted
Info    :  - 486 tetrahedra created in 0.00709125 sec. (68535 tets/s)
Info    : 0 node relocations
Info    : Done meshing 3D (Wall 1.24245s, CPU 1.1954s)
Info    : Optimizing mesh...
Info    : Optimizing volume 1
Info    : Optimization starts (volume = 235.595) with worst = 0.00317486 / average = 0.680302:
Info    : 0.00 < quality < 0.10 :       180 elements
Info    : 0.10 < quality < 0.20 :       410 elements
Info    : 0.20 < quality < 0.30 :       607 elements
Info    : 0.30 < quality < 0.40 :       823 elements
Info    : 0.40 < quality < 0.50 :      1320 elements
Info    : 0.50 < quality < 0.60 :      3428 elements
Info    : 0.60 < quality < 0.70 :     10842 elements
Info    : 0.70 < quality < 0.80 :     20840 elements
Info    : 0.80 < quality < 0.90 :      1442 elements
Info    : 0.90 < quality < 1.00 :      1091 elements
Info    : 1154 edge swaps, 16 node relocations (volume = 235.595): worst = 0.10135 / average = 0.696186 (Wall 0.0320299s, CPU 0.032023s)
Info    : 1206 edge swaps, 19 node relocations (volume = 235.595): worst = 0.143763 / average = 0.696704 (Wall 0.0365563s, CPU 0.036553s)
Info    : 1214 edge swaps, 20 node relocations (volume = 235.595): worst = 0.143763 / average = 0.696783 (Wall 0.0395804s, CPU 0.039579s)
Info    : No ill-shaped tets in the mesh :-)
Info    : 0.00 < quality < 0.10 :         0 elements
Info    : 0.10 < quality < 0.20 :         5 elements
Info    : 0.20 < quality < 0.30 :        17 elements
Info    : 0.30 < quality < 0.40 :       747 elements
Info    : 0.40 < quality < 0.50 :      1048 elements
Info    : 0.50 < quality < 0.60 :      3378 elements
Info    : 0.60 < quality < 0.70 :     11462 elements
Info    : 0.70 < quality < 0.80 :     20621 elements
Info    : 0.80 < quality < 0.90 :      1549 elements
Info    : 0.90 < quality < 1.00 :      1087 elements
Info    : Optimizing volume 2
Info    : Optimization starts (volume = 0.256478) with worst = 0.104083 / average = 0.74788:
Info    : 0.00 < quality < 0.10 :         0 elements
Info    : 0.10 < quality < 0.20 :         2 elements
Info    : 0.20 < quality < 0.30 :         5 elements
Info    : 0.30 < quality < 0.40 :        11 elements
Info    : 0.40 < quality < 0.50 :        16 elements
Info    : 0.50 < quality < 0.60 :        25 elements
Info    : 0.60 < quality < 0.70 :        67 elements
Info    : 0.70 < quality < 0.80 :       169 elements
Info    : 0.80 < quality < 0.90 :       150 elements
Info    : 0.90 < quality < 1.00 :        41 elements
Info    : 6 edge swaps, 0 node relocations (volume = 0.256478): worst = 0.31836 / average = 0.757034 (Wall 0.000164342s, CPU 0.000165s)
Info    : No ill-shaped tets in the mesh :-)
Info    : 0.00 < quality < 0.10 :         0 elements
Info    : 0.10 < quality < 0.20 :         0 elements
Info    : 0.20 < quality < 0.30 :         0 elements
Info    : 0.30 < quality < 0.40 :        10 elements
Info    : 0.40 < quality < 0.50 :        15 elements
Info    : 0.50 < quality < 0.60 :        25 elements
Info    : 0.60 < quality < 0.70 :        69 elements
Info    : 0.70 < quality < 0.80 :       169 elements
Info    : 0.80 < quality < 0.90 :       151 elements
Info    : 0.90 < quality < 1.00 :        41 elements
Info    : Done optimizing mesh (Wall 0.0814698s, CPU 0.081458s)
Info    : 13414 nodes 66859 elements
Info    : Meshing order 2 (curvilinear on)...
Info    : [  0%] Meshing curve 1 order 2
Info    : [ 10%] Meshing curve 2 order 2
Info    : [ 20%] Meshing curve 3 order 2
Info    : [ 20%] Meshing curve 4 order 2
Info    : [ 30%] Meshing curve 5 order 2
Info    : [ 30%] Meshing curve 6 order 2
Info    : [ 40%] Meshing curve 7 order 2
Info    : [ 40%] Meshing curve 8 order 2
Info    : [ 50%] Meshing curve 9 order 2
Info    : [ 50%] Meshing curve 10 order 2
Info    : [ 60%] Meshing curve 11 order 2
Info    : [ 60%] Meshing curve 12 order 2
Info    : [ 70%] Meshing surface 1 order 2
Info    : [ 70%] Meshing surface 2 order 2
Info    : [ 80%] Meshing surface 3 order 2
Info    : [ 80%] Meshing surface 4 order 2
Info    : [ 90%] Meshing surface 5 order 2
Info    : [ 90%] Meshing surface 6 order 2
Info    : [100%] Meshing volume 1 order 2
Info    : [100%] Meshing volume 2 order 2
Info    : Surface mesh: worst distortion = 0.797589 (0 elements in ]0, 0.2]); worst gamma = 0.562417
Info    : Volume mesh: worst distortion = 0.252129 (0 elements in ]0, 0.2])
Info    : Done meshing order 2 (Wall 28.3107s, CPU 28.2807s)
Info    : Writing '/home/user/mscr-mom/현서/scripts/contact_scenarios/fea/matv2_mesh_PHS750_phiP120_b0_s65.inp'...
Info    : Done writing '/home/user/mscr-mom/현서/scripts/contact_scenarios/fea/matv2_mesh_PHS750_phiP120_b0_s65.inp'
  [PHS750_phiP120_b0] [실패] (538.8s)
[PHS750_phiP120_b0 7/9] L_M=75.0, phi=120.0, beta=0.0, s=75.0mm, push_depth=0.1mm ...
Info    : Meshing 1D...
Info    : [  0%] Meshing curve 1 (BSpline)
Info    : [ 10%] Meshing curve 2 (Ellipse)
Info    : [ 20%] Meshing curve 3 (Ellipse)
Info    : [ 30%] Meshing curve 4 (BSpline)
Info    : [ 40%] Meshing curve 5 (BSpline)
Info    : [ 50%] Meshing curve 6 (BSpline)
Info    : [ 60%] Meshing curve 7 (BSpline)
Info    : [ 60%] Meshing curve 8 (BSpline)
Info    : [ 70%] Meshing curve 9 (BSpline)
Info    : [ 90%] Meshing curve 11 (Circle)
Info    : Done meshing 1D (Wall 0.0477043s, CPU 0.047614s)
Info    : Meshing 2D...
Info    : [  0%] Meshing surface 1 (Plane, Frontal-Delaunay)
Info    : [ 20%] Meshing surface 2 (Plane, Frontal-Delaunay)
Info    : [ 40%] Meshing surface 3 (BSpline surface, Frontal-Delaunay)
Info    : [ 60%] Meshing surface 4 (BSpline surface, Frontal-Delaunay)
Info    : [ 70%] Meshing surface 5 (Plane, Frontal-Delaunay)
Info    : [ 90%] Meshing surface 6 (Sphere, Frontal-Delaunay)
Info    : Done meshing 2D (Wall 1.39714s, CPU 1.39618s)
Info    : Meshing 3D...
Info    : 3D Meshing 2 volumes with 2 connected components
Info    : Tetrahedrizing 12491 nodes...
Info    : Done tetrahedrizing 12499 nodes (Wall 0.267254s, CPU 0.222813s)
Info    : Reconstructing mesh...
Info    :  - Creating surface mesh
Info    :  - Identifying boundary edges
Info    :  - Recovering boundary
Info    : Done reconstructing mesh (Wall 0.674686s, CPU 0.613158s)
Info    : Found volume 1
Info    : It. 0 - 0 nodes created - worst tet radius 1.04362 (nodes removed 0 0)
Info    : 3D refinement terminated (13015 nodes total):
Info    :  - 0 Delaunay cavities modified for star shapeness
Info    :  - 0 nodes could not be inserted
Info    :  - 40983 tetrahedra created in 0.0376056 sec. (1089810 tets/s)
Info    : 0 node relocations
Info    : Tetrahedrizing 132 nodes...
Info    : Done tetrahedrizing 140 nodes (Wall 0.00117759s, CPU 0.001178s)
Info    : Reconstructing mesh...
Info    :  - Creating surface mesh
Info    :  - Identifying boundary edges
Info    :  - Recovering boundary
Info    : Done reconstructing mesh (Wall 0.00281257s, CPU 0.002816s)
Info    : Found volume 2
Info    : It. 0 - 0 nodes created - worst tet radius 3.04804 (nodes removed 0 0)
Info    : 3D refinement terminated (12703 nodes total):
Info    :  - 1 Delaunay cavities modified for star shapeness
Info    :  - 0 nodes could not be inserted
Info    :  - 486 tetrahedra created in 0.0148646 sec. (32695 tets/s)
Info    : 0 node relocations
Info    : Done meshing 3D (Wall 1.24862s, CPU 1.18705s)
Info    : Optimizing mesh...
Info    : Optimizing volume 1
Info    : Optimization starts (volume = 235.595) with worst = 0.00317486 / average = 0.680302:
Info    : 0.00 < quality < 0.10 :       180 elements
Info    : 0.10 < quality < 0.20 :       410 elements
Info    : 0.20 < quality < 0.30 :       607 elements
Info    : 0.30 < quality < 0.40 :       823 elements
Info    : 0.40 < quality < 0.50 :      1320 elements
Info    : 0.50 < quality < 0.60 :      3428 elements
Info    : 0.60 < quality < 0.70 :     10842 elements
Info    : 0.70 < quality < 0.80 :     20840 elements
Info    : 0.80 < quality < 0.90 :      1442 elements
Info    : 0.90 < quality < 1.00 :      1091 elements
Info    : 1154 edge swaps, 16 node relocations (volume = 235.595): worst = 0.10135 / average = 0.696186 (Wall 0.0168393s, CPU 0.01684s)
Info    : 1206 edge swaps, 19 node relocations (volume = 235.595): worst = 0.143763 / average = 0.696704 (Wall 0.0202423s, CPU 0.020246s)
Info    : 1214 edge swaps, 20 node relocations (volume = 235.595): worst = 0.143763 / average = 0.696783 (Wall 0.0227757s, CPU 0.022781s)
Info    : No ill-shaped tets in the mesh :-)
Info    : 0.00 < quality < 0.10 :         0 elements
Info    : 0.10 < quality < 0.20 :         5 elements
Info    : 0.20 < quality < 0.30 :        17 elements
Info    : 0.30 < quality < 0.40 :       747 elements
Info    : 0.40 < quality < 0.50 :      1048 elements
Info    : 0.50 < quality < 0.60 :      3378 elements
Info    : 0.60 < quality < 0.70 :     11462 elements
Info    : 0.70 < quality < 0.80 :     20621 elements
Info    : 0.80 < quality < 0.90 :      1549 elements
Info    : 0.90 < quality < 1.00 :      1087 elements
Info    : Optimizing volume 2
Info    : Optimization starts (volume = 0.256478) with worst = 0.104083 / average = 0.74788:
Info    : 0.00 < quality < 0.10 :         0 elements
Info    : 0.10 < quality < 0.20 :         2 elements
Info    : 0.20 < quality < 0.30 :         5 elements
Info    : 0.30 < quality < 0.40 :        11 elements
Info    : 0.40 < quality < 0.50 :        16 elements
Info    : 0.50 < quality < 0.60 :        25 elements
Info    : 0.60 < quality < 0.70 :        67 elements
Info    : 0.70 < quality < 0.80 :       169 elements
Info    : 0.80 < quality < 0.90 :       150 elements
Info    : 0.90 < quality < 1.00 :        41 elements
Info    : 6 edge swaps, 0 node relocations (volume = 0.256478): worst = 0.31836 / average = 0.757034 (Wall 0.000134556s, CPU 0.000135s)
Info    : No ill-shaped tets in the mesh :-)
Info    : 0.00 < quality < 0.10 :         0 elements
Info    : 0.10 < quality < 0.20 :         0 elements
Info    : 0.20 < quality < 0.30 :         0 elements
Info    : 0.30 < quality < 0.40 :        10 elements
Info    : 0.40 < quality < 0.50 :        15 elements
Info    : 0.50 < quality < 0.60 :        25 elements
Info    : 0.60 < quality < 0.70 :        69 elements
Info    : 0.70 < quality < 0.80 :       169 elements
Info    : 0.80 < quality < 0.90 :       151 elements
Info    : 0.90 < quality < 1.00 :        41 elements
Info    : Done optimizing mesh (Wall 0.0577663s, CPU 0.057767s)
Info    : 13414 nodes 66859 elements
Info    : Meshing order 2 (curvilinear on)...
Info    : [  0%] Meshing curve 1 order 2
Info    : [ 10%] Meshing curve 2 order 2
Info    : [ 20%] Meshing curve 3 order 2
Info    : [ 20%] Meshing curve 4 order 2
Info    : [ 30%] Meshing curve 5 order 2
Info    : [ 30%] Meshing curve 6 order 2
Info    : [ 40%] Meshing curve 7 order 2
Info    : [ 40%] Meshing curve 8 order 2
Info    : [ 50%] Meshing curve 9 order 2
Info    : [ 50%] Meshing curve 10 order 2
Info    : [ 60%] Meshing curve 11 order 2
Info    : [ 60%] Meshing curve 12 order 2
Info    : [ 70%] Meshing surface 1 order 2
Info    : [ 70%] Meshing surface 2 order 2
Info    : [ 80%] Meshing surface 3 order 2
Info    : [ 80%] Meshing surface 4 order 2
Info    : [ 90%] Meshing surface 5 order 2
Info    : [ 90%] Meshing surface 6 order 2
Info    : [100%] Meshing volume 1 order 2
Info    : [100%] Meshing volume 2 order 2
Info    : Surface mesh: worst distortion = 0.797589 (0 elements in ]0, 0.2]); worst gamma = 0.562417
Info    : Volume mesh: worst distortion = 0.252129 (0 elements in ]0, 0.2])
Info    : Done meshing order 2 (Wall 20.92s, CPU 20.8728s)
Info    : Writing '/home/user/mscr-mom/현서/scripts/contact_scenarios/fea/matv2_mesh_PHS750_phiP120_b0_s75.inp'...
Info    : Done writing '/home/user/mscr-mom/현서/scripts/contact_scenarios/fea/matv2_mesh_PHS750_phiP120_b0_s75.inp'
  [PHS750_phiP120_b0] 실패: Command '['ccx', 'matv2sweep_PHS750_phiP120_b0_07']' timed out after 1800 seconds
  [PHS750_phiP120_b0] [실패] (1824.3s)
[PHS750_phiP120_b0 8/9] L_M=75.0, phi=120.0, beta=0.0, s=85.0mm, push_depth=0.1mm ...
Info    : Meshing 1D...
Info    : [  0%] Meshing curve 1 (BSpline)
Info    : [ 10%] Meshing curve 2 (Ellipse)
Info    : [ 20%] Meshing curve 3 (Ellipse)
Info    : [ 30%] Meshing curve 4 (BSpline)
Info    : [ 40%] Meshing curve 5 (BSpline)
Info    : [ 50%] Meshing curve 6 (BSpline)
Info    : [ 60%] Meshing curve 7 (BSpline)
Info    : [ 60%] Meshing curve 8 (BSpline)
Info    : [ 70%] Meshing curve 9 (BSpline)
Info    : [ 90%] Meshing curve 11 (Circle)
Info    : Done meshing 1D (Wall 0.0478411s, CPU 0.047839s)
Info    : Meshing 2D...
Info    : [  0%] Meshing surface 1 (Plane, Frontal-Delaunay)
Info    : [ 20%] Meshing surface 2 (Plane, Frontal-Delaunay)
Info    : [ 40%] Meshing surface 3 (BSpline surface, Frontal-Delaunay)
Info    : [ 60%] Meshing surface 4 (BSpline surface, Frontal-Delaunay)
Info    : [ 70%] Meshing surface 5 (Plane, Frontal-Delaunay)
Info    : [ 90%] Meshing surface 6 (Sphere, Frontal-Delaunay)
Info    : Done meshing 2D (Wall 1.44634s, CPU 1.44628s)
Info    : Meshing 3D...
Info    : 3D Meshing 2 volumes with 2 connected components
Info    : Tetrahedrizing 12491 nodes...
Info    : Done tetrahedrizing 12499 nodes (Wall 0.240649s, CPU 0.23063s)
Info    : Reconstructing mesh...
Info    :  - Creating surface mesh
Info    :  - Identifying boundary edges
Info    :  - Recovering boundary
Info    : Done reconstructing mesh (Wall 0.560692s, CPU 0.536666s)
Info    : Found volume 1
Info    : It. 0 - 0 nodes created - worst tet radius 1.04362 (nodes removed 0 0)
Info    : 3D refinement terminated (13015 nodes total):
Info    :  - 0 Delaunay cavities modified for star shapeness
Info    :  - 0 nodes could not be inserted
Info    :  - 40983 tetrahedra created in 0.0453567 sec. (903570 tets/s)
Info    : 0 node relocations
Info    : Tetrahedrizing 132 nodes...
Info    : Done tetrahedrizing 140 nodes (Wall 0.00123045s, CPU 0.001229s)
Info    : Reconstructing mesh...
Info    :  - Creating surface mesh
Info    :  - Identifying boundary edges
Info    :  - Recovering boundary
Info    : Done reconstructing mesh (Wall 0.00314299s, CPU 0.003141s)
Info    : Found volume 2
Info    : It. 0 - 0 nodes created - worst tet radius 3.04804 (nodes removed 0 0)
Info    : 3D refinement terminated (12703 nodes total):
Info    :  - 1 Delaunay cavities modified for star shapeness
Info    :  - 0 nodes could not be inserted
Info    :  - 486 tetrahedra created in 0.0112057 sec. (43370 tets/s)
Info    : 0 node relocations
Info    : Done meshing 3D (Wall 1.0978s, CPU 1.07075s)
Info    : Optimizing mesh...
Info    : Optimizing volume 1
Info    : Optimization starts (volume = 235.595) with worst = 0.00317486 / average = 0.680302:
Info    : 0.00 < quality < 0.10 :       180 elements
Info    : 0.10 < quality < 0.20 :       410 elements
Info    : 0.20 < quality < 0.30 :       607 elements
Info    : 0.30 < quality < 0.40 :       823 elements
Info    : 0.40 < quality < 0.50 :      1320 elements
Info    : 0.50 < quality < 0.60 :      3428 elements
Info    : 0.60 < quality < 0.70 :     10842 elements
Info    : 0.70 < quality < 0.80 :     20840 elements
Info    : 0.80 < quality < 0.90 :      1442 elements
Info    : 0.90 < quality < 1.00 :      1091 elements
Info    : 1154 edge swaps, 16 node relocations (volume = 235.595): worst = 0.10135 / average = 0.696186 (Wall 0.0336888s, CPU 0.033691s)
Info    : 1206 edge swaps, 19 node relocations (volume = 235.595): worst = 0.143763 / average = 0.696704 (Wall 0.0406803s, CPU 0.040684s)
Info    : 1214 edge swaps, 20 node relocations (volume = 235.595): worst = 0.143763 / average = 0.696783 (Wall 0.0457464s, CPU 0.045748s)
Info    : No ill-shaped tets in the mesh :-)
Info    : 0.00 < quality < 0.10 :         0 elements
Info    : 0.10 < quality < 0.20 :         5 elements
Info    : 0.20 < quality < 0.30 :        17 elements
Info    : 0.30 < quality < 0.40 :       747 elements
Info    : 0.40 < quality < 0.50 :      1048 elements
Info    : 0.50 < quality < 0.60 :      3378 elements
Info    : 0.60 < quality < 0.70 :     11462 elements
Info    : 0.70 < quality < 0.80 :     20621 elements
Info    : 0.80 < quality < 0.90 :      1549 elements
Info    : 0.90 < quality < 1.00 :      1087 elements
Info    : Optimizing volume 2
Info    : Optimization starts (volume = 0.256478) with worst = 0.104083 / average = 0.74788:
Info    : 0.00 < quality < 0.10 :         0 elements
Info    : 0.10 < quality < 0.20 :         2 elements
Info    : 0.20 < quality < 0.30 :         5 elements
Info    : 0.30 < quality < 0.40 :        11 elements
Info    : 0.40 < quality < 0.50 :        16 elements
Info    : 0.50 < quality < 0.60 :        25 elements
Info    : 0.60 < quality < 0.70 :        67 elements
Info    : 0.70 < quality < 0.80 :       169 elements
Info    : 0.80 < quality < 0.90 :       150 elements
Info    : 0.90 < quality < 1.00 :        41 elements
Info    : 6 edge swaps, 0 node relocations (volume = 0.256478): worst = 0.31836 / average = 0.757034 (Wall 0.000167455s, CPU 0.000173s)
Info    : No ill-shaped tets in the mesh :-)
Info    : 0.00 < quality < 0.10 :         0 elements
Info    : 0.10 < quality < 0.20 :         0 elements
Info    : 0.20 < quality < 0.30 :         0 elements
Info    : 0.30 < quality < 0.40 :        10 elements
Info    : 0.40 < quality < 0.50 :        15 elements
Info    : 0.50 < quality < 0.60 :        25 elements
Info    : 0.60 < quality < 0.70 :        69 elements
Info    : 0.70 < quality < 0.80 :       169 elements
Info    : 0.80 < quality < 0.90 :       151 elements
Info    : 0.90 < quality < 1.00 :        41 elements
Info    : Done optimizing mesh (Wall 0.107672s, CPU 0.10767s)
Info    : 13414 nodes 66859 elements
Info    : Meshing order 2 (curvilinear on)...
Info    : [  0%] Meshing curve 1 order 2
Info    : [ 10%] Meshing curve 2 order 2
Info    : [ 20%] Meshing curve 3 order 2
Info    : [ 20%] Meshing curve 4 order 2
Info    : [ 30%] Meshing curve 5 order 2
Info    : [ 30%] Meshing curve 6 order 2
Info    : [ 40%] Meshing curve 7 order 2
Info    : [ 40%] Meshing curve 8 order 2
Info    : [ 50%] Meshing curve 9 order 2
Info    : [ 50%] Meshing curve 10 order 2
Info    : [ 60%] Meshing curve 11 order 2
Info    : [ 60%] Meshing curve 12 order 2
Info    : [ 70%] Meshing surface 1 order 2
Info    : [ 70%] Meshing surface 2 order 2
Info    : [ 80%] Meshing surface 3 order 2
Info    : [ 80%] Meshing surface 4 order 2
Info    : [ 90%] Meshing surface 5 order 2
Info    : [ 90%] Meshing surface 6 order 2
Info    : [100%] Meshing volume 1 order 2
Info    : [100%] Meshing volume 2 order 2
Info    : Surface mesh: worst distortion = 0.797589 (0 elements in ]0, 0.2]); worst gamma = 0.562417
Info    : Volume mesh: worst distortion = 0.252129 (0 elements in ]0, 0.2])
Info    : Done meshing order 2 (Wall 20.2774s, CPU 20.273s)
Info    : Writing '/home/user/mscr-mom/현서/scripts/contact_scenarios/fea/matv2_mesh_PHS750_phiP120_b0_s85.inp'...
Info    : Done writing '/home/user/mscr-mom/현서/scripts/contact_scenarios/fea/matv2_mesh_PHS750_phiP120_b0_s85.inp'
  [PHS750_phiP120_b0] F_mag=0.0005mN  (443.2s)
[PHS750_phiP120_b0 9/9] L_M=75.0, phi=120.0, beta=0.0, s=95.0mm, push_depth=0.1mm ...
Info    : Meshing 1D...
Info    : [  0%] Meshing curve 1 (BSpline)
Info    : [ 10%] Meshing curve 2 (Ellipse)
Info    : [ 20%] Meshing curve 3 (Ellipse)
Info    : [ 30%] Meshing curve 4 (BSpline)
Info    : [ 40%] Meshing curve 5 (BSpline)
Info    : [ 50%] Meshing curve 6 (BSpline)
Info    : [ 60%] Meshing curve 7 (BSpline)
Info    : [ 60%] Meshing curve 8 (BSpline)
Info    : [ 70%] Meshing curve 9 (BSpline)
Info    : [ 90%] Meshing curve 11 (Circle)
Info    : Done meshing 1D (Wall 0.0464507s, CPU 0.046447s)
Info    : Meshing 2D...
Info    : [  0%] Meshing surface 1 (Plane, Frontal-Delaunay)
Info    : [ 20%] Meshing surface 2 (Plane, Frontal-Delaunay)
Info    : [ 40%] Meshing surface 3 (BSpline surface, Frontal-Delaunay)
Info    : [ 60%] Meshing surface 4 (BSpline surface, Frontal-Delaunay)
Info    : [ 70%] Meshing surface 5 (Plane, Frontal-Delaunay)
Info    : [ 90%] Meshing surface 6 (Sphere, Frontal-Delaunay)
Info    : Done meshing 2D (Wall 1.37129s, CPU 1.37067s)
Info    : Meshing 3D...
Info    : 3D Meshing 2 volumes with 2 connected components
Info    : Tetrahedrizing 12491 nodes...
Info    : Done tetrahedrizing 12499 nodes (Wall 0.250191s, CPU 0.238163s)
Info    : Reconstructing mesh...
Info    :  - Creating surface mesh
Info    :  - Identifying boundary edges
Info    :  - Recovering boundary
Info    : Done reconstructing mesh (Wall 0.652511s, CPU 0.627468s)
Info    : Found volume 1
Info    : It. 0 - 0 nodes created - worst tet radius 1.04362 (nodes removed 0 0)
Info    : 3D refinement terminated (13015 nodes total):
Info    :  - 0 Delaunay cavities modified for star shapeness
Info    :  - 0 nodes could not be inserted
Info    :  - 40983 tetrahedra created in 0.0350221 sec. (1170203 tets/s)
Info    : 0 node relocations
Info    : Tetrahedrizing 132 nodes...
Info    : Done tetrahedrizing 140 nodes (Wall 0.00106413s, CPU 0.001064s)
Info    : Reconstructing mesh...
Info    :  - Creating surface mesh
Info    :  - Identifying boundary edges
Info    :  - Recovering boundary
Info    : Done reconstructing mesh (Wall 0.00237111s, CPU 0.002374s)
Info    : Found volume 2
Info    : It. 0 - 0 nodes created - worst tet radius 3.04804 (nodes removed 0 0)
Info    : 3D refinement terminated (12703 nodes total):
Info    :  - 1 Delaunay cavities modified for star shapeness
Info    :  - 0 nodes could not be inserted
Info    :  - 486 tetrahedra created in 0.00563645 sec. (86224 tets/s)
Info    : 0 node relocations
Info    : Done meshing 3D (Wall 1.14015s, CPU 1.11405s)
Info    : Optimizing mesh...
Info    : Optimizing volume 1
Info    : Optimization starts (volume = 235.595) with worst = 0.00317486 / average = 0.680302:
Info    : 0.00 < quality < 0.10 :       180 elements
Info    : 0.10 < quality < 0.20 :       410 elements
Info    : 0.20 < quality < 0.30 :       607 elements
Info    : 0.30 < quality < 0.40 :       823 elements
Info    : 0.40 < quality < 0.50 :      1320 elements
Info    : 0.50 < quality < 0.60 :      3428 elements
Info    : 0.60 < quality < 0.70 :     10842 elements
Info    : 0.70 < quality < 0.80 :     20840 elements
Info    : 0.80 < quality < 0.90 :      1442 elements
Info    : 0.90 < quality < 1.00 :      1091 elements
Info    : 1154 edge swaps, 16 node relocations (volume = 235.595): worst = 0.10135 / average = 0.696186 (Wall 0.0208319s, CPU 0.020832s)
Info    : 1206 edge swaps, 19 node relocations (volume = 235.595): worst = 0.143763 / average = 0.696704 (Wall 0.0248128s, CPU 0.024815s)
Info    : 1214 edge swaps, 20 node relocations (volume = 235.595): worst = 0.143763 / average = 0.696783 (Wall 0.0276123s, CPU 0.027615s)
Info    : No ill-shaped tets in the mesh :-)
Info    : 0.00 < quality < 0.10 :         0 elements
Info    : 0.10 < quality < 0.20 :         5 elements
Info    : 0.20 < quality < 0.30 :        17 elements
Info    : 0.30 < quality < 0.40 :       747 elements
Info    : 0.40 < quality < 0.50 :      1048 elements
Info    : 0.50 < quality < 0.60 :      3378 elements
Info    : 0.60 < quality < 0.70 :     11462 elements
Info    : 0.70 < quality < 0.80 :     20621 elements
Info    : 0.80 < quality < 0.90 :      1549 elements
Info    : 0.90 < quality < 1.00 :      1087 elements
Info    : Optimizing volume 2
Info    : Optimization starts (volume = 0.256478) with worst = 0.104083 / average = 0.74788:
Info    : 0.00 < quality < 0.10 :         0 elements
Info    : 0.10 < quality < 0.20 :         2 elements
Info    : 0.20 < quality < 0.30 :         5 elements
Info    : 0.30 < quality < 0.40 :        11 elements
Info    : 0.40 < quality < 0.50 :        16 elements
Info    : 0.50 < quality < 0.60 :        25 elements
Info    : 0.60 < quality < 0.70 :        67 elements
Info    : 0.70 < quality < 0.80 :       169 elements
Info    : 0.80 < quality < 0.90 :       150 elements
Info    : 0.90 < quality < 1.00 :        41 elements
Info    : 6 edge swaps, 0 node relocations (volume = 0.256478): worst = 0.31836 / average = 0.757034 (Wall 0.000152813s, CPU 0.000154s)
Info    : No ill-shaped tets in the mesh :-)
Info    : 0.00 < quality < 0.10 :         0 elements
Info    : 0.10 < quality < 0.20 :         0 elements
Info    : 0.20 < quality < 0.30 :         0 elements
Info    : 0.30 < quality < 0.40 :        10 elements
Info    : 0.40 < quality < 0.50 :        15 elements
Info    : 0.50 < quality < 0.60 :        25 elements
Info    : 0.60 < quality < 0.70 :        69 elements
Info    : 0.70 < quality < 0.80 :       169 elements
Info    : 0.80 < quality < 0.90 :       151 elements
Info    : 0.90 < quality < 1.00 :        41 elements
Info    : Done optimizing mesh (Wall 0.062435s, CPU 0.062436s)
Info    : 13414 nodes 66859 elements
Info    : Meshing order 2 (curvilinear on)...
Info    : [  0%] Meshing curve 1 order 2
Info    : [ 10%] Meshing curve 2 order 2
Info    : [ 20%] Meshing curve 3 order 2
Info    : [ 20%] Meshing curve 4 order 2
Info    : [ 30%] Meshing curve 5 order 2
Info    : [ 30%] Meshing curve 6 order 2
Info    : [ 40%] Meshing curve 7 order 2
Info    : [ 40%] Meshing curve 8 order 2
Info    : [ 50%] Meshing curve 9 order 2
Info    : [ 50%] Meshing curve 10 order 2
Info    : [ 60%] Meshing curve 11 order 2
Info    : [ 60%] Meshing curve 12 order 2
Info    : [ 70%] Meshing surface 1 order 2
Info    : [ 70%] Meshing surface 2 order 2
Info    : [ 80%] Meshing surface 3 order 2
Info    : [ 80%] Meshing surface 4 order 2
Info    : [ 90%] Meshing surface 5 order 2
Info    : [ 90%] Meshing surface 6 order 2
Info    : [100%] Meshing volume 1 order 2
Info    : [100%] Meshing volume 2 order 2
Info    : Surface mesh: worst distortion = 0.797589 (0 elements in ]0, 0.2]); worst gamma = 0.562417
Info    : Volume mesh: worst distortion = 0.252129 (0 elements in ]0, 0.2])
Info    : Done meshing order 2 (Wall 28.3077s, CPU 28.2377s)
Info    : Writing '/home/user/mscr-mom/현서/scripts/contact_scenarios/fea/matv2_mesh_PHS750_phiP120_b0_s95.inp'...
Info    : Done writing '/home/user/mscr-mom/현서/scripts/contact_scenarios/fea/matv2_mesh_PHS750_phiP120_b0_s95.inp'
  [PHS750_phiP120_b0] F_mag=0.0003mN  (354.0s)
[PHS750_phiP120_b0] 완료: 3/9 성공
