[LM100_phiN60 1/10] L_M=100.0, phi=-60.0, s=10.0mm, push_depth=0.1mm ...
Info    : Meshing 1D...
Info    : [  0%] Meshing curve 1 (BSpline)
Info    : [ 10%] Meshing curve 2 (Ellipse)
Info    : [ 20%] Meshing curve 3 (Ellipse)
Info    : [ 30%] Meshing curve 4 (BSpline)
Info    : [ 40%] Meshing curve 5 (BSpline)
Info    : [ 50%] Meshing curve 6 (BSpline)
Info    : [ 60%] Meshing curve 7 (BSpline)
Info    : [ 60%] Meshing curve 8 (BSpline)
Info    : [ 70%] Meshing curve 9 (BSpline)
Info    : [ 90%] Meshing curve 11 (Circle)
Info    : Done meshing 1D (Wall 0.018269s, CPU 0.018213s)
Info    : Meshing 2D...
Info    : [  0%] Meshing surface 1 (Plane, Frontal-Delaunay)
Info    : [ 20%] Meshing surface 2 (Plane, Frontal-Delaunay)
Info    : [ 40%] Meshing surface 3 (BSpline surface, Frontal-Delaunay)
Info    : [ 60%] Meshing surface 4 (BSpline surface, Frontal-Delaunay)
Info    : [ 70%] Meshing surface 5 (Plane, Frontal-Delaunay)
Info    : [ 90%] Meshing surface 6 (Sphere, Frontal-Delaunay)
Info    : Done meshing 2D (Wall 0.763783s, CPU 0.751812s)
Info    : Meshing 3D...
Info    : 3D Meshing 2 volumes with 2 connected components
Info    : Tetrahedrizing 12536 nodes...
Info    : Done tetrahedrizing 12544 nodes (Wall 0.142295s, CPU 0.134233s)
Info    : Reconstructing mesh...
Info    :  - Creating surface mesh
Info    :  - Identifying boundary edges
Info    :  - Recovering boundary
Info    : Done reconstructing mesh (Wall 0.404738s, CPU 0.37664s)
Info    : Found volume 1
Info    : It. 0 - 0 nodes created - worst tet radius 1.04603 (nodes removed 0 0)
Info    : It. 500 - 500 nodes created - worst tet radius 1.00371 (nodes removed 0 0)
Info    : 3D refinement terminated (13282 nodes total):
Info    :  - 0 Delaunay cavities modified for star shapeness
Info    :  - 0 nodes could not be inserted
Info    :  - 42706 tetrahedra created in 0.0276145 sec. (1546507 tets/s)
Info    : 0 node relocations
Info    : Tetrahedrizing 131 nodes...
Info    : Done tetrahedrizing 139 nodes (Wall 0.000760112s, CPU 0.000761s)
Info    : Reconstructing mesh...
Info    :  - Creating surface mesh
Info    :  - Identifying boundary edges
Info    :  - Recovering boundary
Info    : Done reconstructing mesh (Wall 0.0020081s, CPU 0.001957s)
Info    : Found volume 2
Info    : It. 0 - 0 nodes created - worst tet radius 3.14107 (nodes removed 0 0)
Info    : 3D refinement terminated (12747 nodes total):
Info    :  - 0 Delaunay cavities modified for star shapeness
Info    :  - 0 nodes could not be inserted
Info    :  - 501 tetrahedra created in 0.00518552 sec. (96615 tets/s)
Info    : 0 node relocations
Info    : Done meshing 3D (Wall 0.723394s, CPU 0.694031s)
Info    : Optimizing mesh...
Info    : Optimizing volume 1
Info    : Optimization starts (volume = 235.684) with worst = 0.00196526 / average = 0.683026:
Info    : 0.00 < quality < 0.10 :       205 elements
Info    : 0.10 < quality < 0.20 :       392 elements
Info    : 0.20 < quality < 0.30 :       715 elements
Info    : 0.30 < quality < 0.40 :       873 elements
Info    : 0.40 < quality < 0.50 :      1399 elements
Info    : 0.50 < quality < 0.60 :      3690 elements
Info    : 0.60 < quality < 0.70 :     11224 elements
Info    : 0.70 < quality < 0.80 :     20151 elements
Info    : 0.80 < quality < 0.90 :      2241 elements
Info    : 0.90 < quality < 1.00 :      1816 elements
Info    : 1236 edge swaps, 21 node relocations (volume = 235.684): worst = 0.0289085 / average = 0.69987 (Wall 0.0177476s, CPU 0.017747s)
Info    : 1288 edge swaps, 21 node relocations (volume = 235.684): worst = 0.120775 / average = 0.700396 (Wall 0.0209141s, CPU 0.020916s)
Info    : 1293 edge swaps, 21 node relocations (volume = 235.684): worst = 0.120775 / average = 0.700469 (Wall 0.0234994s, CPU 0.023477s)
Info    : No ill-shaped tets in the mesh :-)
Info    : 0.00 < quality < 0.10 :         0 elements
Info    : 0.10 < quality < 0.20 :         3 elements
Info    : 0.20 < quality < 0.30 :        18 elements
Info    : 0.30 < quality < 0.40 :       744 elements
Info    : 0.40 < quality < 0.50 :      1133 elements
Info    : 0.50 < quality < 0.60 :      3832 elements
Info    : 0.60 < quality < 0.70 :     11644 elements
Info    : 0.70 < quality < 0.80 :     19895 elements
Info    : 0.80 < quality < 0.90 :      2446 elements
Info    : 0.90 < quality < 1.00 :      1818 elements
Info    : Optimizing volume 2
Info    : Optimization starts (volume = 0.25645) with worst = 0.0401763 / average = 0.72318:
Info    : 0.00 < quality < 0.10 :         2 elements
Info    : 0.10 < quality < 0.20 :         5 elements
Info    : 0.20 < quality < 0.30 :         4 elements
Info    : 0.30 < quality < 0.40 :        19 elements
Info    : 0.40 < quality < 0.50 :        23 elements
Info    : 0.50 < quality < 0.60 :        29 elements
Info    : 0.60 < quality < 0.70 :        68 elements
Info    : 0.70 < quality < 0.80 :       188 elements
Info    : 0.80 < quality < 0.90 :       122 elements
Info    : 0.90 < quality < 1.00 :        41 elements
Info    : 11 edge swaps, 0 node relocations (volume = 0.25645): worst = 0.306492 / average = 0.738542 (Wall 0.000112482s, CPU 0.000114s)
Info    : No ill-shaped tets in the mesh :-)
Info    : 0.00 < quality < 0.10 :         0 elements
Info    : 0.10 < quality < 0.20 :         0 elements
Info    : 0.20 < quality < 0.30 :         0 elements
Info    : 0.30 < quality < 0.40 :        19 elements
Info    : 0.40 < quality < 0.50 :        20 elements
Info    : 0.50 < quality < 0.60 :        27 elements
Info    : 0.60 < quality < 0.70 :        69 elements
Info    : 0.70 < quality < 0.80 :       189 elements
Info    : 0.80 < quality < 0.90 :       125 elements
Info    : 0.90 < quality < 1.00 :        41 elements
Info    : Done optimizing mesh (Wall 0.0498718s, CPU 0.049846s)
Info    : 13681 nodes 68581 elements
Info    : Meshing order 2 (curvilinear on)...
Info    : [  0%] Meshing curve 1 order 2
Info    : [ 10%] Meshing curve 2 order 2
Info    : [ 20%] Meshing curve 3 order 2
Info    : [ 20%] Meshing curve 4 order 2
Info    : [ 30%] Meshing curve 5 order 2
Info    : [ 30%] Meshing curve 6 order 2
Info    : [ 40%] Meshing curve 7 order 2
Info    : [ 40%] Meshing curve 8 order 2
Info    : [ 50%] Meshing curve 9 order 2
Info    : [ 50%] Meshing curve 10 order 2
Info    : [ 60%] Meshing curve 11 order 2
Info    : [ 60%] Meshing curve 12 order 2
Info    : [ 70%] Meshing surface 1 order 2
Info    : [ 70%] Meshing surface 2 order 2
Info    : [ 80%] Meshing surface 3 order 2
Info    : [ 80%] Meshing surface 4 order 2
Info    : [ 90%] Meshing surface 5 order 2
Info    : [ 90%] Meshing surface 6 order 2
Info    : [100%] Meshing volume 1 order 2
Info    : [100%] Meshing volume 2 order 2
Info    : Surface mesh: worst distortion = 0.797589 (0 elements in ]0, 0.2]); worst gamma = 0.687108
Info    : Volume mesh: worst distortion = 0.256879 (0 elements in ]0, 0.2])
Info    : Done meshing order 2 (Wall 6.63727s, CPU 6.63476s)
Info    : Writing '/home/user/mscr-mom/현서/scripts/contact_scenarios/fea/lmphi_mesh_LM100_phiN60_s10.inp'...
Info    : Done writing '/home/user/mscr-mom/현서/scripts/contact_scenarios/fea/lmphi_mesh_LM100_phiN60_s10.inp'
  [LM100_phiN60] F_mag=0.2525mN  (152.3s)
[LM100_phiN60 2/10] L_M=100.0, phi=-60.0, s=20.0mm, push_depth=0.1mm ...
Info    : Meshing 1D...
Info    : [  0%] Meshing curve 1 (BSpline)
Info    : [ 10%] Meshing curve 2 (Ellipse)
Info    : [ 20%] Meshing curve 3 (Ellipse)
Info    : [ 30%] Meshing curve 4 (BSpline)
Info    : [ 40%] Meshing curve 5 (BSpline)
Info    : [ 50%] Meshing curve 6 (BSpline)
Info    : [ 60%] Meshing curve 7 (BSpline)
Info    : [ 60%] Meshing curve 8 (BSpline)
Info    : [ 70%] Meshing curve 9 (BSpline)
Info    : [ 90%] Meshing curve 11 (Circle)
Info    : Done meshing 1D (Wall 0.010609s, CPU 0.010314s)
Info    : Meshing 2D...
Info    : [  0%] Meshing surface 1 (Plane, Frontal-Delaunay)
Info    : [ 20%] Meshing surface 2 (Plane, Frontal-Delaunay)
Info    : [ 40%] Meshing surface 3 (BSpline surface, Frontal-Delaunay)
Info    : [ 60%] Meshing surface 4 (BSpline surface, Frontal-Delaunay)
Info    : [ 70%] Meshing surface 5 (Plane, Frontal-Delaunay)
Info    : [ 90%] Meshing surface 6 (Sphere, Frontal-Delaunay)
Info    : Done meshing 2D (Wall 0.702451s, CPU 0.700249s)
Info    : Meshing 3D...
Info    : 3D Meshing 2 volumes with 2 connected components
Info    : Tetrahedrizing 12536 nodes...
Info    : Done tetrahedrizing 12544 nodes (Wall 0.144923s, CPU 0.138909s)
Info    : Reconstructing mesh...
Info    :  - Creating surface mesh
Info    :  - Identifying boundary edges
Info    :  - Recovering boundary
Info    : Done reconstructing mesh (Wall 0.375004s, CPU 0.359975s)
Info    : Found volume 1
Info    : It. 0 - 0 nodes created - worst tet radius 1.04603 (nodes removed 0 0)
Info    : It. 500 - 500 nodes created - worst tet radius 1.00371 (nodes removed 0 0)
Info    : 3D refinement terminated (13282 nodes total):
Info    :  - 0 Delaunay cavities modified for star shapeness
Info    :  - 0 nodes could not be inserted
Info    :  - 42706 tetrahedra created in 0.0191662 sec. (2228187 tets/s)
Info    : 0 node relocations
Info    : Tetrahedrizing 131 nodes...
Info    : Done tetrahedrizing 139 nodes (Wall 0.000711538s, CPU 0.000711s)
Info    : Reconstructing mesh...
Info    :  - Creating surface mesh
Info    :  - Identifying boundary edges
Info    :  - Recovering boundary
Info    : Done reconstructing mesh (Wall 0.00164354s, CPU 0.001636s)
Info    : Found volume 2
Info    : It. 0 - 0 nodes created - worst tet radius 3.1274 (nodes removed 0 0)
Info    : 3D refinement terminated (12748 nodes total):
Info    :  - 0 Delaunay cavities modified for star shapeness
Info    :  - 0 nodes could not be inserted
Info    :  - 506 tetrahedra created in 0.00225339 sec. (224550 tets/s)
Info    : 0 node relocations
Info    : Done meshing 3D (Wall 0.612016s, CPU 0.596927s)
Info    : Optimizing mesh...
Info    : Optimizing volume 1
Info    : Optimization starts (volume = 235.684) with worst = 0.00196526 / average = 0.683026:
Info    : 0.00 < quality < 0.10 :       205 elements
Info    : 0.10 < quality < 0.20 :       392 elements
Info    : 0.20 < quality < 0.30 :       715 elements
Info    : 0.30 < quality < 0.40 :       873 elements
Info    : 0.40 < quality < 0.50 :      1399 elements
Info    : 0.50 < quality < 0.60 :      3690 elements
Info    : 0.60 < quality < 0.70 :     11224 elements
Info    : 0.70 < quality < 0.80 :     20151 elements
Info    : 0.80 < quality < 0.90 :      2241 elements
Info    : 0.90 < quality < 1.00 :      1816 elements
Info    : 1236 edge swaps, 21 node relocations (volume = 235.684): worst = 0.0289085 / average = 0.69987 (Wall 0.0155468s, CPU 0.01552s)
Info    : 1288 edge swaps, 21 node relocations (volume = 235.684): worst = 0.120775 / average = 0.700396 (Wall 0.0184246s, CPU 0.018408s)
Info    : 1293 edge swaps, 21 node relocations (volume = 235.684): worst = 0.120775 / average = 0.700469 (Wall 0.0205589s, CPU 0.020543s)
Info    : No ill-shaped tets in the mesh :-)
Info    : 0.00 < quality < 0.10 :         0 elements
Info    : 0.10 < quality < 0.20 :         3 elements
Info    : 0.20 < quality < 0.30 :        18 elements
Info    : 0.30 < quality < 0.40 :       744 elements
Info    : 0.40 < quality < 0.50 :      1133 elements
Info    : 0.50 < quality < 0.60 :      3832 elements
Info    : 0.60 < quality < 0.70 :     11644 elements
Info    : 0.70 < quality < 0.80 :     19895 elements
Info    : 0.80 < quality < 0.90 :      2446 elements
Info    : 0.90 < quality < 1.00 :      1818 elements
Info    : Optimizing volume 2
Info    : Optimization starts (volume = 0.256422) with worst = 0.00650602 / average = 0.729878:
Info    : 0.00 < quality < 0.10 :         3 elements
Info    : 0.10 < quality < 0.20 :         2 elements
Info    : 0.20 < quality < 0.30 :         6 elements
Info    : 0.30 < quality < 0.40 :        12 elements
Info    : 0.40 < quality < 0.50 :        25 elements
Info    : 0.50 < quality < 0.60 :        25 elements
Info    : 0.60 < quality < 0.70 :        78 elements
Info    : 0.70 < quality < 0.80 :       184 elements
Info    : 0.80 < quality < 0.90 :       136 elements
Info    : 0.90 < quality < 1.00 :        35 elements
Info    : 11 edge swaps, 0 node relocations (volume = 0.256422): worst = 0.30484 / average = 0.745491 (Wall 0.000122257s, CPU 0.000123s)
Info    : No ill-shaped tets in the mesh :-)
Info    : 0.00 < quality < 0.10 :         0 elements
Info    : 0.10 < quality < 0.20 :         0 elements
Info    : 0.20 < quality < 0.30 :         0 elements
Info    : 0.30 < quality < 0.40 :        12 elements
Info    : 0.40 < quality < 0.50 :        22 elements
Info    : 0.50 < quality < 0.60 :        22 elements
Info    : 0.60 < quality < 0.70 :        79 elements
Info    : 0.70 < quality < 0.80 :       187 elements
Info    : 0.80 < quality < 0.90 :       138 elements
Info    : 0.90 < quality < 1.00 :        35 elements
Info    : Done optimizing mesh (Wall 0.0524415s, CPU 0.05241s)
Info    : 13682 nodes 68586 elements
Info    : Meshing order 2 (curvilinear on)...
Info    : [  0%] Meshing curve 1 order 2
Info    : [ 10%] Meshing curve 2 order 2
Info    : [ 20%] Meshing curve 3 order 2
Info    : [ 20%] Meshing curve 4 order 2
Info    : [ 30%] Meshing curve 5 order 2
Info    : [ 30%] Meshing curve 6 order 2
Info    : [ 40%] Meshing curve 7 order 2
Info    : [ 40%] Meshing curve 8 order 2
Info    : [ 50%] Meshing curve 9 order 2
Info    : [ 50%] Meshing curve 10 order 2
Info    : [ 60%] Meshing curve 11 order 2
Info    : [ 60%] Meshing curve 12 order 2
Info    : [ 70%] Meshing surface 1 order 2
Info    : [ 70%] Meshing surface 2 order 2
Info    : [ 80%] Meshing surface 3 order 2
Info    : [ 80%] Meshing surface 4 order 2
Info    : [ 90%] Meshing surface 5 order 2
Info    : [ 90%] Meshing surface 6 order 2
Info    : [100%] Meshing volume 1 order 2
Info    : [100%] Meshing volume 2 order 2
Info    : Surface mesh: worst distortion = 0.797589 (0 elements in ]0, 0.2]); worst gamma = 0.687108
Info    : Volume mesh: worst distortion = 0.256879 (0 elements in ]0, 0.2])
Info    : Done meshing order 2 (Wall 6.1928s, CPU 6.18946s)
Info    : Writing '/home/user/mscr-mom/현서/scripts/contact_scenarios/fea/lmphi_mesh_LM100_phiN60_s20.inp'...
Info    : Done writing '/home/user/mscr-mom/현서/scripts/contact_scenarios/fea/lmphi_mesh_LM100_phiN60_s20.inp'
  [LM100_phiN60] F_mag=0.0331mN  (383.3s)
[LM100_phiN60 3/10] L_M=100.0, phi=-60.0, s=30.0mm, push_depth=0.1mm ...
Info    : Meshing 1D...
Info    : [  0%] Meshing curve 1 (BSpline)
Info    : [ 10%] Meshing curve 2 (Ellipse)
Info    : [ 20%] Meshing curve 3 (Ellipse)
Info    : [ 30%] Meshing curve 4 (BSpline)
Info    : [ 40%] Meshing curve 5 (BSpline)
Info    : [ 50%] Meshing curve 6 (BSpline)
Info    : [ 60%] Meshing curve 7 (BSpline)
Info    : [ 60%] Meshing curve 8 (BSpline)
Info    : [ 70%] Meshing curve 9 (BSpline)
Info    : [ 90%] Meshing curve 11 (Circle)
Info    : Done meshing 1D (Wall 0.0112449s, CPU 0.009121s)
Info    : Meshing 2D...
Info    : [  0%] Meshing surface 1 (Plane, Frontal-Delaunay)
Info    : [ 20%] Meshing surface 2 (Plane, Frontal-Delaunay)
Info    : [ 40%] Meshing surface 3 (BSpline surface, Frontal-Delaunay)
Info    : [ 60%] Meshing surface 4 (BSpline surface, Frontal-Delaunay)
Info    : [ 70%] Meshing surface 5 (Plane, Frontal-Delaunay)
Info    : [ 90%] Meshing surface 6 (Sphere, Frontal-Delaunay)
Info    : Done meshing 2D (Wall 0.802368s, CPU 0.797936s)
Info    : Meshing 3D...
Info    : 3D Meshing 2 volumes with 2 connected components
Info    : Tetrahedrizing 12536 nodes...
Info    : Done tetrahedrizing 12544 nodes (Wall 0.139974s, CPU 0.127225s)
Info    : Reconstructing mesh...
Info    :  - Creating surface mesh
Info    :  - Identifying boundary edges
Info    :  - Recovering boundary
Info    : Done reconstructing mesh (Wall 0.399231s, CPU 0.361125s)
Info    : Found volume 1
Info    : It. 0 - 0 nodes created - worst tet radius 1.04603 (nodes removed 0 0)
Info    : It. 500 - 500 nodes created - worst tet radius 1.00371 (nodes removed 0 0)
Info    : 3D refinement terminated (13281 nodes total):
Info    :  - 0 Delaunay cavities modified for star shapeness
Info    :  - 0 nodes could not be inserted
Info    :  - 42706 tetrahedra created in 0.031309 sec. (1364015 tets/s)
Info    : 0 node relocations
Info    : Tetrahedrizing 130 nodes...
Info    : Done tetrahedrizing 138 nodes (Wall 0.000746419s, CPU 0.000746s)
Info    : Reconstructing mesh...
Info    :  - Creating surface mesh
Info    :  - Identifying boundary edges
Info    :  - Recovering boundary
Info    : Done reconstructing mesh (Wall 0.00183111s, CPU 0.001828s)
Info    : Found volume 2
Info    : It. 0 - 0 nodes created - worst tet radius 3.0562 (nodes removed 0 0)
Info    : 3D refinement terminated (12745 nodes total):
Info    :  - 0 Delaunay cavities modified for star shapeness
Info    :  - 0 nodes could not be inserted
Info    :  - 484 tetrahedra created in 0.00329467 sec. (146903 tets/s)
Info    : 0 node relocations
Info    : Done meshing 3D (Wall 0.717209s, CPU 0.678866s)
Info    : Optimizing mesh...
Info    : Optimizing volume 1
Info    : Optimization starts (volume = 235.684) with worst = 0.00196526 / average = 0.683026:
Info    : 0.00 < quality < 0.10 :       205 elements
Info    : 0.10 < quality < 0.20 :       392 elements
Info    : 0.20 < quality < 0.30 :       715 elements
Info    : 0.30 < quality < 0.40 :       873 elements
Info    : 0.40 < quality < 0.50 :      1399 elements
Info    : 0.50 < quality < 0.60 :      3690 elements
Info    : 0.60 < quality < 0.70 :     11224 elements
Info    : 0.70 < quality < 0.80 :     20151 elements
Info    : 0.80 < quality < 0.90 :      2241 elements
Info    : 0.90 < quality < 1.00 :      1816 elements
Info    : 1236 edge swaps, 21 node relocations (volume = 235.684): worst = 0.0289085 / average = 0.69987 (Wall 0.019251s, CPU 0.019246s)
Info    : 1288 edge swaps, 21 node relocations (volume = 235.684): worst = 0.120775 / average = 0.700396 (Wall 0.023523s, CPU 0.022547s)
Info    : 1293 edge swaps, 21 node relocations (volume = 235.684): worst = 0.120775 / average = 0.700469 (Wall 0.0268321s, CPU 0.025846s)
Info    : No ill-shaped tets in the mesh :-)
Info    : 0.00 < quality < 0.10 :         0 elements
Info    : 0.10 < quality < 0.20 :         3 elements
Info    : 0.20 < quality < 0.30 :        18 elements
Info    : 0.30 < quality < 0.40 :       744 elements
Info    : 0.40 < quality < 0.50 :      1133 elements
Info    : 0.50 < quality < 0.60 :      3832 elements
Info    : 0.60 < quality < 0.70 :     11644 elements
Info    : 0.70 < quality < 0.80 :     19895 elements
Info    : 0.80 < quality < 0.90 :      2446 elements
Info    : 0.90 < quality < 1.00 :      1818 elements
Info    : Optimizing volume 2
Info    : Optimization starts (volume = 0.256435) with worst = 0.112733 / average = 0.736807:
Info    : 0.00 < quality < 0.10 :         0 elements
Info    : 0.10 < quality < 0.20 :         1 elements
Info    : 0.20 < quality < 0.30 :         5 elements
Info    : 0.30 < quality < 0.40 :        10 elements
Info    : 0.40 < quality < 0.50 :        24 elements
Info    : 0.50 < quality < 0.60 :        31 elements
Info    : 0.60 < quality < 0.70 :        64 elements
Info    : 0.70 < quality < 0.80 :       183 elements
Info    : 0.80 < quality < 0.90 :       126 elements
Info    : 0.90 < quality < 1.00 :        40 elements
Info    : 6 edge swaps, 0 node relocations (volume = 0.256435): worst = 0.307232 / average = 0.743419 (Wall 0.000109167s, CPU 0.000108s)
Info    : No ill-shaped tets in the mesh :-)
Info    : 0.00 < quality < 0.10 :         0 elements
Info    : 0.10 < quality < 0.20 :         0 elements
Info    : 0.20 < quality < 0.30 :         0 elements
Info    : 0.30 < quality < 0.40 :        11 elements
Info    : 0.40 < quality < 0.50 :        22 elements
Info    : 0.50 < quality < 0.60 :        32 elements
Info    : 0.60 < quality < 0.70 :        62 elements
Info    : 0.70 < quality < 0.80 :       185 elements
Info    : 0.80 < quality < 0.90 :       127 elements
Info    : 0.90 < quality < 1.00 :        40 elements
Info    : Done optimizing mesh (Wall 0.0558594s, CPU 0.054853s)
Info    : 13679 nodes 68568 elements
Info    : Meshing order 2 (curvilinear on)...
Info    : [  0%] Meshing curve 1 order 2
Info    : [ 10%] Meshing curve 2 order 2
Info    : [ 20%] Meshing curve 3 order 2
Info    : [ 20%] Meshing curve 4 order 2
Info    : [ 30%] Meshing curve 5 order 2
Info    : [ 30%] Meshing curve 6 order 2
Info    : [ 40%] Meshing curve 7 order 2
Info    : [ 40%] Meshing curve 8 order 2
Info    : [ 50%] Meshing curve 9 order 2
Info    : [ 50%] Meshing curve 10 order 2
Info    : [ 60%] Meshing curve 11 order 2
Info    : [ 60%] Meshing curve 12 order 2
Info    : [ 70%] Meshing surface 1 order 2
Info    : [ 70%] Meshing surface 2 order 2
Info    : [ 80%] Meshing surface 3 order 2
Info    : [ 80%] Meshing surface 4 order 2
Info    : [ 90%] Meshing surface 5 order 2
Info    : [ 90%] Meshing surface 6 order 2
Info    : [100%] Meshing volume 1 order 2
Info    : [100%] Meshing volume 2 order 2
Info    : Surface mesh: worst distortion = 0.797589 (0 elements in ]0, 0.2]); worst gamma = 0.687108
Info    : Volume mesh: worst distortion = 0.256879 (0 elements in ]0, 0.2])
Info    : Done meshing order 2 (Wall 6.34767s, CPU 6.34108s)
Info    : Writing '/home/user/mscr-mom/현서/scripts/contact_scenarios/fea/lmphi_mesh_LM100_phiN60_s30.inp'...
Info    : Done writing '/home/user/mscr-mom/현서/scripts/contact_scenarios/fea/lmphi_mesh_LM100_phiN60_s30.inp'
  [LM100_phiN60] F_mag=0.0101mN  (302.7s)
[LM100_phiN60 4/10] L_M=100.0, phi=-60.0, s=40.0mm, push_depth=0.1mm ...
Info    : Meshing 1D...
Info    : [  0%] Meshing curve 1 (BSpline)
Info    : [ 10%] Meshing curve 2 (Ellipse)
Info    : [ 20%] Meshing curve 3 (Ellipse)
Info    : [ 30%] Meshing curve 4 (BSpline)
Info    : [ 40%] Meshing curve 5 (BSpline)
Info    : [ 50%] Meshing curve 6 (BSpline)
Info    : [ 60%] Meshing curve 7 (BSpline)
Info    : [ 60%] Meshing curve 8 (BSpline)
Info    : [ 70%] Meshing curve 9 (BSpline)
Info    : [ 90%] Meshing curve 11 (Circle)
Info    : Done meshing 1D (Wall 0.0101278s, CPU 0.010097s)
Info    : Meshing 2D...
Info    : [  0%] Meshing surface 1 (Plane, Frontal-Delaunay)
Info    : [ 20%] Meshing surface 2 (Plane, Frontal-Delaunay)
Info    : [ 40%] Meshing surface 3 (BSpline surface, Frontal-Delaunay)
Info    : [ 60%] Meshing surface 4 (BSpline surface, Frontal-Delaunay)
Info    : [ 70%] Meshing surface 5 (Plane, Frontal-Delaunay)
Info    : [ 90%] Meshing surface 6 (Sphere, Frontal-Delaunay)
Info    : Done meshing 2D (Wall 0.69687s, CPU 0.694726s)
Info    : Meshing 3D...
Info    : 3D Meshing 2 volumes with 2 connected components
Info    : Tetrahedrizing 12536 nodes...
Info    : Done tetrahedrizing 12544 nodes (Wall 0.140637s, CPU 0.132492s)
Info    : Reconstructing mesh...
Info    :  - Creating surface mesh
Info    :  - Identifying boundary edges
Info    :  - Recovering boundary
Info    : Done reconstructing mesh (Wall 0.384933s, CPU 0.368771s)
Info    : Found volume 1
Info    : It. 0 - 0 nodes created - worst tet radius 1.04603 (nodes removed 0 0)
Info    : It. 500 - 500 nodes created - worst tet radius 1.00371 (nodes removed 0 0)
Info    : 3D refinement terminated (13281 nodes total):
Info    :  - 0 Delaunay cavities modified for star shapeness
Info    :  - 0 nodes could not be inserted
Info    :  - 42706 tetrahedra created in 0.0377174 sec. (1132262 tets/s)
Info    : 0 node relocations
Info    : Tetrahedrizing 130 nodes...
Info    : Done tetrahedrizing 138 nodes (Wall 0.000722523s, CPU 0.000719s)
Info    : Reconstructing mesh...
Info    :  - Creating surface mesh
Info    :  - Identifying boundary edges
Info    :  - Recovering boundary
Info    : Done reconstructing mesh (Wall 0.00188931s, CPU 0.001887s)
Info    : Found volume 2
Info    : It. 0 - 0 nodes created - worst tet radius 3.14788 (nodes removed 0 0)
Info    : 3D refinement terminated (12746 nodes total):
Info    :  - 0 Delaunay cavities modified for star shapeness
Info    :  - 0 nodes could not be inserted
Info    :  - 487 tetrahedra created in 0.00405989 sec. (119954 tets/s)
Info    : 0 node relocations
Info    : Done meshing 3D (Wall 0.759868s, CPU 0.735614s)
Info    : Optimizing mesh...
Info    : Optimizing volume 1
Info    : Optimization starts (volume = 235.684) with worst = 0.00196526 / average = 0.683026:
Info    : 0.00 < quality < 0.10 :       205 elements
Info    : 0.10 < quality < 0.20 :       392 elements
Info    : 0.20 < quality < 0.30 :       715 elements
Info    : 0.30 < quality < 0.40 :       873 elements
Info    : 0.40 < quality < 0.50 :      1399 elements
Info    : 0.50 < quality < 0.60 :      3690 elements
Info    : 0.60 < quality < 0.70 :     11224 elements
Info    : 0.70 < quality < 0.80 :     20151 elements
Info    : 0.80 < quality < 0.90 :      2241 elements
Info    : 0.90 < quality < 1.00 :      1816 elements
Info    : 1236 edge swaps, 21 node relocations (volume = 235.684): worst = 0.0289085 / average = 0.69987 (Wall 0.0162492s, CPU 0.016249s)
Info    : 1288 edge swaps, 21 node relocations (volume = 235.684): worst = 0.120775 / average = 0.700396 (Wall 0.0194518s, CPU 0.019453s)
Info    : 1293 edge swaps, 21 node relocations (volume = 235.684): worst = 0.120775 / average = 0.700469 (Wall 0.0218317s, CPU 0.021834s)
Info    : No ill-shaped tets in the mesh :-)
Info    : 0.00 < quality < 0.10 :         0 elements
Info    : 0.10 < quality < 0.20 :         3 elements
Info    : 0.20 < quality < 0.30 :        18 elements
Info    : 0.30 < quality < 0.40 :       744 elements
Info    : 0.40 < quality < 0.50 :      1133 elements
Info    : 0.50 < quality < 0.60 :      3832 elements
Info    : 0.60 < quality < 0.70 :     11644 elements
Info    : 0.70 < quality < 0.80 :     19895 elements
Info    : 0.80 < quality < 0.90 :      2446 elements
Info    : 0.90 < quality < 1.00 :      1818 elements
Info    : Optimizing volume 2
Info    : Optimization starts (volume = 0.256435) with worst = 0.191529 / average = 0.744184:
Info    : 0.00 < quality < 0.10 :         0 elements
Info    : 0.10 < quality < 0.20 :         1 elements
Info    : 0.20 < quality < 0.30 :         5 elements
Info    : 0.30 < quality < 0.40 :         7 elements
Info    : 0.40 < quality < 0.50 :        28 elements
Info    : 0.50 < quality < 0.60 :        21 elements
Info    : 0.60 < quality < 0.70 :        72 elements
Info    : 0.70 < quality < 0.80 :       168 elements
Info    : 0.80 < quality < 0.90 :       144 elements
Info    : 0.90 < quality < 1.00 :        41 elements
Info    : 6 edge swaps, 0 node relocations (volume = 0.256435): worst = 0.347362 / average = 0.751388 (Wall 0.000102467s, CPU 0s)
Info    : No ill-shaped tets in the mesh :-)
Info    : 0.00 < quality < 0.10 :         0 elements
Info    : 0.10 < quality < 0.20 :         0 elements
Info    : 0.20 < quality < 0.30 :         0 elements
Info    : 0.30 < quality < 0.40 :         7 elements
Info    : 0.40 < quality < 0.50 :        25 elements
Info    : 0.50 < quality < 0.60 :        22 elements
Info    : 0.60 < quality < 0.70 :        74 elements
Info    : 0.70 < quality < 0.80 :       170 elements
Info    : 0.80 < quality < 0.90 :       143 elements
Info    : 0.90 < quality < 1.00 :        41 elements
Info    : Done optimizing mesh (Wall 0.060149s, CPU 0.059172s)
Info    : 13680 nodes 68571 elements
Info    : Meshing order 2 (curvilinear on)...
Info    : [  0%] Meshing curve 1 order 2
Info    : [ 10%] Meshing curve 2 order 2
Info    : [ 20%] Meshing curve 3 order 2
Info    : [ 20%] Meshing curve 4 order 2
Info    : [ 30%] Meshing curve 5 order 2
Info    : [ 30%] Meshing curve 6 order 2
Info    : [ 40%] Meshing curve 7 order 2
Info    : [ 40%] Meshing curve 8 order 2
Info    : [ 50%] Meshing curve 9 order 2
Info    : [ 50%] Meshing curve 10 order 2
Info    : [ 60%] Meshing curve 11 order 2
Info    : [ 60%] Meshing curve 12 order 2
Info    : [ 70%] Meshing surface 1 order 2
Info    : [ 70%] Meshing surface 2 order 2
Info    : [ 80%] Meshing surface 3 order 2
Info    : [ 80%] Meshing surface 4 order 2
Info    : [ 90%] Meshing surface 5 order 2
Info    : [ 90%] Meshing surface 6 order 2
Info    : [100%] Meshing volume 1 order 2
Info    : [100%] Meshing volume 2 order 2
Info    : Surface mesh: worst distortion = 0.797589 (0 elements in ]0, 0.2]); worst gamma = 0.687108
Info    : Volume mesh: worst distortion = 0.256879 (0 elements in ]0, 0.2])
Info    : Done meshing order 2 (Wall 6.28389s, CPU 6.2812s)
Info    : Writing '/home/user/mscr-mom/현서/scripts/contact_scenarios/fea/lmphi_mesh_LM100_phiN60_s40.inp'...
Info    : Done writing '/home/user/mscr-mom/현서/scripts/contact_scenarios/fea/lmphi_mesh_LM100_phiN60_s40.inp'
  [LM100_phiN60] F_mag=0.0040mN  (204.9s)
[LM100_phiN60 5/10] L_M=100.0, phi=-60.0, s=50.0mm, push_depth=0.1mm ...
Info    : Meshing 1D...
Info    : [  0%] Meshing curve 1 (BSpline)
Info    : [ 10%] Meshing curve 2 (Ellipse)
Info    : [ 20%] Meshing curve 3 (Ellipse)
Info    : [ 30%] Meshing curve 4 (BSpline)
Info    : [ 40%] Meshing curve 5 (BSpline)
Info    : [ 50%] Meshing curve 6 (BSpline)
Info    : [ 60%] Meshing curve 7 (BSpline)
Info    : [ 60%] Meshing curve 8 (BSpline)
Info    : [ 70%] Meshing curve 9 (BSpline)
Info    : [ 90%] Meshing curve 11 (Circle)
Info    : Done meshing 1D (Wall 0.0103419s, CPU 0.010316s)
Info    : Meshing 2D...
Info    : [  0%] Meshing surface 1 (Plane, Frontal-Delaunay)
Info    : [ 20%] Meshing surface 2 (Plane, Frontal-Delaunay)
Info    : [ 40%] Meshing surface 3 (BSpline surface, Frontal-Delaunay)
Info    : [ 60%] Meshing surface 4 (BSpline surface, Frontal-Delaunay)
Info    : [ 70%] Meshing surface 5 (Plane, Frontal-Delaunay)
Info    : [ 90%] Meshing surface 6 (Sphere, Frontal-Delaunay)
Info    : Done meshing 2D (Wall 0.750628s, CPU 0.750583s)
Info    : Meshing 3D...
Info    : 3D Meshing 2 volumes with 2 connected components
Info    : Tetrahedrizing 12536 nodes...
Info    : Done tetrahedrizing 12544 nodes (Wall 0.141152s, CPU 0.13994s)
Info    : Reconstructing mesh...
Info    :  - Creating surface mesh
Info    :  - Identifying boundary edges
Info    :  - Recovering boundary
Info    : Done reconstructing mesh (Wall 0.434827s, CPU 0.423584s)
Info    : Found volume 1
Info    : It. 0 - 0 nodes created - worst tet radius 1.04603 (nodes removed 0 0)
Info    : It. 500 - 500 nodes created - worst tet radius 1.00371 (nodes removed 0 0)
Info    : 3D refinement terminated (13282 nodes total):
Info    :  - 0 Delaunay cavities modified for star shapeness
Info    :  - 0 nodes could not be inserted
Info    :  - 42706 tetrahedra created in 0.0460077 sec. (928236 tets/s)
Info    : 0 node relocations
Info    : Tetrahedrizing 131 nodes...
Info    : Done tetrahedrizing 139 nodes (Wall 0.00081068s, CPU 0.00081s)
Info    : Reconstructing mesh...
Info    :  - Creating surface mesh
Info    :  - Identifying boundary edges
Info    :  - Recovering boundary
Info    : Done reconstructing mesh (Wall 0.00230039s, CPU 0.0023s)
Info    : Found volume 2
Info    : It. 0 - 0 nodes created - worst tet radius 3.1274 (nodes removed 0 0)
Info    : 3D refinement terminated (12748 nodes total):
Info    :  - 0 Delaunay cavities modified for star shapeness
Info    :  - 0 nodes could not be inserted
Info    :  - 506 tetrahedra created in 0.00679598 sec. (74455 tets/s)
Info    : 0 node relocations
Info    : Done meshing 3D (Wall 0.827396s, CPU 0.816099s)
Info    : Optimizing mesh...
Info    : Optimizing volume 1
Info    : Optimization starts (volume = 235.684) with worst = 0.00196526 / average = 0.683026:
Info    : 0.00 < quality < 0.10 :       205 elements
Info    : 0.10 < quality < 0.20 :       392 elements
Info    : 0.20 < quality < 0.30 :       715 elements
Info    : 0.30 < quality < 0.40 :       873 elements
Info    : 0.40 < quality < 0.50 :      1399 elements
Info    : 0.50 < quality < 0.60 :      3690 elements
Info    : 0.60 < quality < 0.70 :     11224 elements
Info    : 0.70 < quality < 0.80 :     20151 elements
Info    : 0.80 < quality < 0.90 :      2241 elements
Info    : 0.90 < quality < 1.00 :      1816 elements
Info    : 1236 edge swaps, 21 node relocations (volume = 235.684): worst = 0.0289085 / average = 0.69987 (Wall 0.0180562s, CPU 0.018053s)
Info    : 1288 edge swaps, 21 node relocations (volume = 235.684): worst = 0.120775 / average = 0.700396 (Wall 0.0221558s, CPU 0.02215s)
Info    : 1293 edge swaps, 21 node relocations (volume = 235.684): worst = 0.120775 / average = 0.700469 (Wall 0.0253195s, CPU 0.025312s)
Info    : No ill-shaped tets in the mesh :-)
Info    : 0.00 < quality < 0.10 :         0 elements
Info    : 0.10 < quality < 0.20 :         3 elements
Info    : 0.20 < quality < 0.30 :        18 elements
Info    : 0.30 < quality < 0.40 :       744 elements
Info    : 0.40 < quality < 0.50 :      1133 elements
Info    : 0.50 < quality < 0.60 :      3832 elements
Info    : 0.60 < quality < 0.70 :     11644 elements
Info    : 0.70 < quality < 0.80 :     19895 elements
Info    : 0.80 < quality < 0.90 :      2446 elements
Info    : 0.90 < quality < 1.00 :      1818 elements
Info    : Optimizing volume 2
Info    : Optimization starts (volume = 0.256422) with worst = 0.00650602 / average = 0.729878:
Info    : 0.00 < quality < 0.10 :         3 elements
Info    : 0.10 < quality < 0.20 :         2 elements
Info    : 0.20 < quality < 0.30 :         6 elements
Info    : 0.30 < quality < 0.40 :        12 elements
Info    : 0.40 < quality < 0.50 :        25 elements
Info    : 0.50 < quality < 0.60 :        25 elements
Info    : 0.60 < quality < 0.70 :        78 elements
Info    : 0.70 < quality < 0.80 :       184 elements
Info    : 0.80 < quality < 0.90 :       136 elements
Info    : 0.90 < quality < 1.00 :        35 elements
Info    : 11 edge swaps, 0 node relocations (volume = 0.256422): worst = 0.30484 / average = 0.745491 (Wall 0.000147837s, CPU 0.000146s)
Info    : No ill-shaped tets in the mesh :-)
Info    : 0.00 < quality < 0.10 :         0 elements
Info    : 0.10 < quality < 0.20 :         0 elements
Info    : 0.20 < quality < 0.30 :         0 elements
Info    : 0.30 < quality < 0.40 :        12 elements
Info    : 0.40 < quality < 0.50 :        22 elements
Info    : 0.50 < quality < 0.60 :        22 elements
Info    : 0.60 < quality < 0.70 :        79 elements
Info    : 0.70 < quality < 0.80 :       187 elements
Info    : 0.80 < quality < 0.90 :       138 elements
Info    : 0.90 < quality < 1.00 :        35 elements
Info    : Done optimizing mesh (Wall 0.056505s, CPU 0.056058s)
Info    : 13682 nodes 68586 elements
Info    : Meshing order 2 (curvilinear on)...
Info    : [  0%] Meshing curve 1 order 2
Info    : [ 10%] Meshing curve 2 order 2
Info    : [ 20%] Meshing curve 3 order 2
Info    : [ 20%] Meshing curve 4 order 2
Info    : [ 30%] Meshing curve 5 order 2
Info    : [ 30%] Meshing curve 6 order 2
Info    : [ 40%] Meshing curve 7 order 2
Info    : [ 40%] Meshing curve 8 order 2
Info    : [ 50%] Meshing curve 9 order 2
Info    : [ 50%] Meshing curve 10 order 2
Info    : [ 60%] Meshing curve 11 order 2
Info    : [ 60%] Meshing curve 12 order 2
Info    : [ 70%] Meshing surface 1 order 2
Info    : [ 70%] Meshing surface 2 order 2
Info    : [ 80%] Meshing surface 3 order 2
Info    : [ 80%] Meshing surface 4 order 2
Info    : [ 90%] Meshing surface 5 order 2
Info    : [ 90%] Meshing surface 6 order 2
Info    : [100%] Meshing volume 1 order 2
Info    : [100%] Meshing volume 2 order 2
Info    : Surface mesh: worst distortion = 0.797589 (0 elements in ]0, 0.2]); worst gamma = 0.687108
Info    : Volume mesh: worst distortion = 0.256879 (0 elements in ]0, 0.2])
Info    : Done meshing order 2 (Wall 6.58509s, CPU 6.58156s)
Info    : Writing '/home/user/mscr-mom/현서/scripts/contact_scenarios/fea/lmphi_mesh_LM100_phiN60_s50.inp'...
Info    : Done writing '/home/user/mscr-mom/현서/scripts/contact_scenarios/fea/lmphi_mesh_LM100_phiN60_s50.inp'
  [LM100_phiN60] [실패] (549.8s)
[LM100_phiN60 6/10] L_M=100.0, phi=-60.0, s=60.0mm, push_depth=0.1mm ...
Info    : Meshing 1D...
Info    : [  0%] Meshing curve 1 (BSpline)
Info    : [ 10%] Meshing curve 2 (Ellipse)
Info    : [ 20%] Meshing curve 3 (Ellipse)
Info    : [ 30%] Meshing curve 4 (BSpline)
Info    : [ 40%] Meshing curve 5 (BSpline)
Info    : [ 50%] Meshing curve 6 (BSpline)
Info    : [ 60%] Meshing curve 7 (BSpline)
Info    : [ 60%] Meshing curve 8 (BSpline)
Info    : [ 70%] Meshing curve 9 (BSpline)
Info    : [ 90%] Meshing curve 11 (Circle)
Info    : Done meshing 1D (Wall 0.0102865s, CPU 0.010247s)
Info    : Meshing 2D...
Info    : [  0%] Meshing surface 1 (Plane, Frontal-Delaunay)
Info    : [ 20%] Meshing surface 2 (Plane, Frontal-Delaunay)
Info    : [ 40%] Meshing surface 3 (BSpline surface, Frontal-Delaunay)
Info    : [ 60%] Meshing surface 4 (BSpline surface, Frontal-Delaunay)
Info    : [ 70%] Meshing surface 5 (Plane, Frontal-Delaunay)
Info    : [ 90%] Meshing surface 6 (Sphere, Frontal-Delaunay)
Info    : Done meshing 2D (Wall 0.734125s, CPU 0.734037s)
Info    : Meshing 3D...
Info    : 3D Meshing 2 volumes with 2 connected components
Info    : Tetrahedrizing 12536 nodes...
Info    : Done tetrahedrizing 12544 nodes (Wall 0.145293s, CPU 0.138809s)
Info    : Reconstructing mesh...
Info    :  - Creating surface mesh
Info    :  - Identifying boundary edges
Info    :  - Recovering boundary
Info    : Done reconstructing mesh (Wall 0.397006s, CPU 0.377577s)
Info    : Found volume 1
Info    : It. 0 - 0 nodes created - worst tet radius 1.04603 (nodes removed 0 0)
Info    : It. 500 - 500 nodes created - worst tet radius 1.00371 (nodes removed 0 0)
Info    : 3D refinement terminated (13281 nodes total):
Info    :  - 0 Delaunay cavities modified for star shapeness
Info    :  - 0 nodes could not be inserted
Info    :  - 42706 tetrahedra created in 0.0255345 sec. (1672479 tets/s)
Info    : 0 node relocations
Info    : Tetrahedrizing 130 nodes...
Info    : Done tetrahedrizing 138 nodes (Wall 0.000802286s, CPU 0.00065s)
Info    : Reconstructing mesh...
Info    :  - Creating surface mesh
Info    :  - Identifying boundary edges
Info    :  - Recovering boundary
Info    : Done reconstructing mesh (Wall 0.00250773s, CPU 0.001505s)
Info    : Found volume 2
Info    : It. 0 - 0 nodes created - worst tet radius 3.14788 (nodes removed 0 0)
Info    : 3D refinement terminated (12746 nodes total):
Info    :  - 0 Delaunay cavities modified for star shapeness
Info    :  - 0 nodes could not be inserted
Info    :  - 487 tetrahedra created in 0.00485511 sec. (100306 tets/s)
Info    : 0 node relocations
Info    : Done meshing 3D (Wall 0.688597s, CPU 0.668115s)
Info    : Optimizing mesh...
Info    : Optimizing volume 1
Info    : Optimization starts (volume = 235.684) with worst = 0.00196526 / average = 0.683026:
Info    : 0.00 < quality < 0.10 :       205 elements
Info    : 0.10 < quality < 0.20 :       392 elements
Info    : 0.20 < quality < 0.30 :       715 elements
Info    : 0.30 < quality < 0.40 :       873 elements
Info    : 0.40 < quality < 0.50 :      1399 elements
Info    : 0.50 < quality < 0.60 :      3690 elements
Info    : 0.60 < quality < 0.70 :     11224 elements
Info    : 0.70 < quality < 0.80 :     20151 elements
Info    : 0.80 < quality < 0.90 :      2241 elements
Info    : 0.90 < quality < 1.00 :      1816 elements
Info    : 1236 edge swaps, 21 node relocations (volume = 235.684): worst = 0.0289085 / average = 0.69987 (Wall 0.017243s, CPU 0.017243s)
Info    : 1288 edge swaps, 21 node relocations (volume = 235.684): worst = 0.120775 / average = 0.700396 (Wall 0.0216554s, CPU 0.021656s)
Info    : 1293 edge swaps, 21 node relocations (volume = 235.684): worst = 0.120775 / average = 0.700469 (Wall 0.025036s, CPU 0.025035s)
Info    : No ill-shaped tets in the mesh :-)
Info    : 0.00 < quality < 0.10 :         0 elements
Info    : 0.10 < quality < 0.20 :         3 elements
Info    : 0.20 < quality < 0.30 :        18 elements
Info    : 0.30 < quality < 0.40 :       744 elements
Info    : 0.40 < quality < 0.50 :      1133 elements
Info    : 0.50 < quality < 0.60 :      3832 elements
Info    : 0.60 < quality < 0.70 :     11644 elements
Info    : 0.70 < quality < 0.80 :     19895 elements
Info    : 0.80 < quality < 0.90 :      2446 elements
Info    : 0.90 < quality < 1.00 :      1818 elements
Info    : Optimizing volume 2
Info    : Optimization starts (volume = 0.256435) with worst = 0.191529 / average = 0.744184:
Info    : 0.00 < quality < 0.10 :         0 elements
Info    : 0.10 < quality < 0.20 :         1 elements
Info    : 0.20 < quality < 0.30 :         5 elements
Info    : 0.30 < quality < 0.40 :         7 elements
Info    : 0.40 < quality < 0.50 :        28 elements
Info    : 0.50 < quality < 0.60 :        21 elements
Info    : 0.60 < quality < 0.70 :        72 elements
Info    : 0.70 < quality < 0.80 :       168 elements
Info    : 0.80 < quality < 0.90 :       144 elements
Info    : 0.90 < quality < 1.00 :        41 elements
Info    : 6 edge swaps, 0 node relocations (volume = 0.256435): worst = 0.347362 / average = 0.751388 (Wall 0.000113093s, CPU 0.000113s)
Info    : No ill-shaped tets in the mesh :-)
Info    : 0.00 < quality < 0.10 :         0 elements
Info    : 0.10 < quality < 0.20 :         0 elements
Info    : 0.20 < quality < 0.30 :         0 elements
Info    : 0.30 < quality < 0.40 :         7 elements
Info    : 0.40 < quality < 0.50 :        25 elements
Info    : 0.50 < quality < 0.60 :        22 elements
Info    : 0.60 < quality < 0.70 :        74 elements
Info    : 0.70 < quality < 0.80 :       170 elements
Info    : 0.80 < quality < 0.90 :       143 elements
Info    : 0.90 < quality < 1.00 :        41 elements
Info    : Done optimizing mesh (Wall 0.0570184s, CPU 0.056014s)
Info    : 13680 nodes 68571 elements
Info    : Meshing order 2 (curvilinear on)...
Info    : [  0%] Meshing curve 1 order 2
Info    : [ 10%] Meshing curve 2 order 2
Info    : [ 20%] Meshing curve 3 order 2
Info    : [ 20%] Meshing curve 4 order 2
Info    : [ 30%] Meshing curve 5 order 2
Info    : [ 30%] Meshing curve 6 order 2
Info    : [ 40%] Meshing curve 7 order 2
Info    : [ 40%] Meshing curve 8 order 2
Info    : [ 50%] Meshing curve 9 order 2
Info    : [ 50%] Meshing curve 10 order 2
Info    : [ 60%] Meshing curve 11 order 2
Info    : [ 60%] Meshing curve 12 order 2
Info    : [ 70%] Meshing surface 1 order 2
Info    : [ 70%] Meshing surface 2 order 2
Info    : [ 80%] Meshing surface 3 order 2
Info    : [ 80%] Meshing surface 4 order 2
Info    : [ 90%] Meshing surface 5 order 2
Info    : [ 90%] Meshing surface 6 order 2
Info    : [100%] Meshing volume 1 order 2
Info    : [100%] Meshing volume 2 order 2
Info    : Surface mesh: worst distortion = 0.797589 (0 elements in ]0, 0.2]); worst gamma = 0.687108
Info    : Volume mesh: worst distortion = 0.256879 (0 elements in ]0, 0.2])
Info    : Done meshing order 2 (Wall 6.68374s, CPU 6.68136s)
Info    : Writing '/home/user/mscr-mom/현서/scripts/contact_scenarios/fea/lmphi_mesh_LM100_phiN60_s60.inp'...
Info    : Done writing '/home/user/mscr-mom/현서/scripts/contact_scenarios/fea/lmphi_mesh_LM100_phiN60_s60.inp'
  [LM100_phiN60] [실패] (558.8s)
[LM100_phiN60 7/10] L_M=100.0, phi=-60.0, s=70.0mm, push_depth=0.1mm ...
Info    : Meshing 1D...
Info    : [  0%] Meshing curve 1 (BSpline)
Info    : [ 10%] Meshing curve 2 (Ellipse)
Info    : [ 20%] Meshing curve 3 (Ellipse)
Info    : [ 30%] Meshing curve 4 (BSpline)
Info    : [ 40%] Meshing curve 5 (BSpline)
Info    : [ 50%] Meshing curve 6 (BSpline)
Info    : [ 60%] Meshing curve 7 (BSpline)
Info    : [ 60%] Meshing curve 8 (BSpline)
Info    : [ 70%] Meshing curve 9 (BSpline)
Info    : [ 90%] Meshing curve 11 (Circle)
Info    : Done meshing 1D (Wall 0.0100933s, CPU 0.010068s)
Info    : Meshing 2D...
Info    : [  0%] Meshing surface 1 (Plane, Frontal-Delaunay)
Info    : [ 20%] Meshing surface 2 (Plane, Frontal-Delaunay)
Info    : [ 40%] Meshing surface 3 (BSpline surface, Frontal-Delaunay)
Info    : [ 60%] Meshing surface 4 (BSpline surface, Frontal-Delaunay)
Info    : [ 70%] Meshing surface 5 (Plane, Frontal-Delaunay)
Info    : [ 90%] Meshing surface 6 (Sphere, Frontal-Delaunay)
Info    : Done meshing 2D (Wall 0.700338s, CPU 0.700136s)
Info    : Meshing 3D...
Info    : 3D Meshing 2 volumes with 2 connected components
Info    : Tetrahedrizing 12536 nodes...
Info    : Done tetrahedrizing 12544 nodes (Wall 0.13352s, CPU 0.128527s)
Info    : Reconstructing mesh...
Info    :  - Creating surface mesh
Info    :  - Identifying boundary edges
Info    :  - Recovering boundary
Info    : Done reconstructing mesh (Wall 0.345145s, CPU 0.330134s)
Info    : Found volume 1
Info    : It. 0 - 0 nodes created - worst tet radius 1.04603 (nodes removed 0 0)
Info    : It. 500 - 500 nodes created - worst tet radius 1.00371 (nodes removed 0 0)
Info    : 3D refinement terminated (13282 nodes total):
Info    :  - 0 Delaunay cavities modified for star shapeness
Info    :  - 0 nodes could not be inserted
Info    :  - 42706 tetrahedra created in 0.0320614 sec. (1332006 tets/s)
Info    : 0 node relocations
Info    : Tetrahedrizing 131 nodes...
Info    : Done tetrahedrizing 139 nodes (Wall 0.000728322s, CPU 0.000729s)
Info    : Reconstructing mesh...
Info    :  - Creating surface mesh
Info    :  - Identifying boundary edges
Info    :  - Recovering boundary
Info    : Done reconstructing mesh (Wall 0.00178994s, CPU 0.001788s)
Info    : Found volume 2
Info    : It. 0 - 0 nodes created - worst tet radius 3.13495 (nodes removed 0 0)
Info    : 3D refinement terminated (12748 nodes total):
Info    :  - 0 Delaunay cavities modified for star shapeness
Info    :  - 0 nodes could not be inserted
Info    :  - 495 tetrahedra created in 0.00267653 sec. (184941 tets/s)
Info    : 0 node relocations
Info    : Done meshing 3D (Wall 0.664187s, CPU 0.649135s)
Info    : Optimizing mesh...
Info    : Optimizing volume 1
Info    : Optimization starts (volume = 235.684) with worst = 0.00196526 / average = 0.683026:
Info    : 0.00 < quality < 0.10 :       205 elements
Info    : 0.10 < quality < 0.20 :       392 elements
Info    : 0.20 < quality < 0.30 :       715 elements
Info    : 0.30 < quality < 0.40 :       873 elements
Info    : 0.40 < quality < 0.50 :      1399 elements
Info    : 0.50 < quality < 0.60 :      3690 elements
Info    : 0.60 < quality < 0.70 :     11224 elements
Info    : 0.70 < quality < 0.80 :     20151 elements
Info    : 0.80 < quality < 0.90 :      2241 elements
Info    : 0.90 < quality < 1.00 :      1816 elements
Info    : 1236 edge swaps, 21 node relocations (volume = 235.684): worst = 0.0289085 / average = 0.69987 (Wall 0.0168314s, CPU 0.016832s)
Info    : 1288 edge swaps, 21 node relocations (volume = 235.684): worst = 0.120775 / average = 0.700396 (Wall 0.0211476s, CPU 0.020168s)
Info    : 1293 edge swaps, 21 node relocations (volume = 235.684): worst = 0.120775 / average = 0.700469 (Wall 0.0245065s, CPU 0.023519s)
Info    : No ill-shaped tets in the mesh :-)
Info    : 0.00 < quality < 0.10 :         0 elements
Info    : 0.10 < quality < 0.20 :         3 elements
Info    : 0.20 < quality < 0.30 :        18 elements
Info    : 0.30 < quality < 0.40 :       744 elements
Info    : 0.40 < quality < 0.50 :      1133 elements
Info    : 0.50 < quality < 0.60 :      3832 elements
Info    : 0.60 < quality < 0.70 :     11644 elements
Info    : 0.70 < quality < 0.80 :     19895 elements
Info    : 0.80 < quality < 0.90 :      2446 elements
Info    : 0.90 < quality < 1.00 :      1818 elements
Info    : Optimizing volume 2
Info    : Optimization starts (volume = 0.25645) with worst = 0.0360455 / average = 0.74711:
Info    : 0.00 < quality < 0.10 :         1 elements
Info    : 0.10 < quality < 0.20 :         3 elements
Info    : 0.20 < quality < 0.30 :         1 elements
Info    : 0.30 < quality < 0.40 :        14 elements
Info    : 0.40 < quality < 0.50 :        10 elements
Info    : 0.50 < quality < 0.60 :        23 elements
Info    : 0.60 < quality < 0.70 :        73 elements
Info    : 0.70 < quality < 0.80 :       197 elements
Info    : 0.80 < quality < 0.90 :       129 elements
Info    : 0.90 < quality < 1.00 :        44 elements
Info    : 5 edge swaps, 0 node relocations (volume = 0.25645): worst = 0.301484 / average = 0.752598 (Wall 9.30219e-05s, CPU 9.3e-05s)
Info    : No ill-shaped tets in the mesh :-)
Info    : 0.00 < quality < 0.10 :         0 elements
Info    : 0.10 < quality < 0.20 :         0 elements
Info    : 0.20 < quality < 0.30 :         0 elements
Info    : 0.30 < quality < 0.40 :        14 elements
Info    : 0.40 < quality < 0.50 :        11 elements
Info    : 0.50 < quality < 0.60 :        21 elements
Info    : 0.60 < quality < 0.70 :        76 elements
Info    : 0.70 < quality < 0.80 :       195 elements
Info    : 0.80 < quality < 0.90 :       130 elements
Info    : 0.90 < quality < 1.00 :        44 elements
Info    : Done optimizing mesh (Wall 0.0482564s, CPU 0.047255s)
Info    : 13682 nodes 68582 elements
Info    : Meshing order 2 (curvilinear on)...
Info    : [  0%] Meshing curve 1 order 2
Info    : [ 10%] Meshing curve 2 order 2
Info    : [ 20%] Meshing curve 3 order 2
Info    : [ 20%] Meshing curve 4 order 2
Info    : [ 30%] Meshing curve 5 order 2
Info    : [ 30%] Meshing curve 6 order 2
Info    : [ 40%] Meshing curve 7 order 2
Info    : [ 40%] Meshing curve 8 order 2
Info    : [ 50%] Meshing curve 9 order 2
Info    : [ 50%] Meshing curve 10 order 2
Info    : [ 60%] Meshing curve 11 order 2
Info    : [ 60%] Meshing curve 12 order 2
Info    : [ 70%] Meshing surface 1 order 2
Info    : [ 70%] Meshing surface 2 order 2
Info    : [ 80%] Meshing surface 3 order 2
Info    : [ 80%] Meshing surface 4 order 2
Info    : [ 90%] Meshing surface 5 order 2
Info    : [ 90%] Meshing surface 6 order 2
Info    : [100%] Meshing volume 1 order 2
Info    : [100%] Meshing volume 2 order 2
Info    : Surface mesh: worst distortion = 0.797589 (0 elements in ]0, 0.2]); worst gamma = 0.687108
Info    : Volume mesh: worst distortion = 0.256879 (0 elements in ]0, 0.2])
Info    : Done meshing order 2 (Wall 6.15793s, CPU 6.15416s)
Info    : Writing '/home/user/mscr-mom/현서/scripts/contact_scenarios/fea/lmphi_mesh_LM100_phiN60_s70.inp'...
Info    : Done writing '/home/user/mscr-mom/현서/scripts/contact_scenarios/fea/lmphi_mesh_LM100_phiN60_s70.inp'
  [LM100_phiN60] [실패] (595.3s)
[LM100_phiN60 8/10] L_M=100.0, phi=-60.0, s=80.0mm, push_depth=0.1mm ...
Info    : Meshing 1D...
Info    : [  0%] Meshing curve 1 (BSpline)
Info    : [ 10%] Meshing curve 2 (Ellipse)
Info    : [ 20%] Meshing curve 3 (Ellipse)
Info    : [ 30%] Meshing curve 4 (BSpline)
Info    : [ 40%] Meshing curve 5 (BSpline)
Info    : [ 50%] Meshing curve 6 (BSpline)
Info    : [ 60%] Meshing curve 7 (BSpline)
Info    : [ 60%] Meshing curve 8 (BSpline)
Info    : [ 70%] Meshing curve 9 (BSpline)
Info    : [ 90%] Meshing curve 11 (Circle)
Info    : Done meshing 1D (Wall 0.0102653s, CPU 0.010194s)
Info    : Meshing 2D...
Info    : [  0%] Meshing surface 1 (Plane, Frontal-Delaunay)
Info    : [ 20%] Meshing surface 2 (Plane, Frontal-Delaunay)
Info    : [ 40%] Meshing surface 3 (BSpline surface, Frontal-Delaunay)
Info    : [ 60%] Meshing surface 4 (BSpline surface, Frontal-Delaunay)
Info    : [ 70%] Meshing surface 5 (Plane, Frontal-Delaunay)
Info    : [ 90%] Meshing surface 6 (Sphere, Frontal-Delaunay)
Info    : Done meshing 2D (Wall 0.714761s, CPU 0.71465s)
Info    : Meshing 3D...
Info    : 3D Meshing 2 volumes with 2 connected components
Info    : Tetrahedrizing 12536 nodes...
Info    : Done tetrahedrizing 12544 nodes (Wall 0.131558s, CPU 0.127544s)
Info    : Reconstructing mesh...
Info    :  - Creating surface mesh
Info    :  - Identifying boundary edges
Info    :  - Recovering boundary
Info    : Done reconstructing mesh (Wall 0.369127s, CPU 0.356077s)
Info    : Found volume 1
Info    : It. 0 - 0 nodes created - worst tet radius 1.04603 (nodes removed 0 0)
Info    : It. 500 - 500 nodes created - worst tet radius 1.00371 (nodes removed 0 0)
Info    : 3D refinement terminated (13281 nodes total):
Info    :  - 0 Delaunay cavities modified for star shapeness
Info    :  - 0 nodes could not be inserted
Info    :  - 42706 tetrahedra created in 0.0272363 sec. (1567983 tets/s)
Info    : 0 node relocations
Info    : Tetrahedrizing 130 nodes...
Info    : Done tetrahedrizing 138 nodes (Wall 0.000704075s, CPU 0.000703s)
Info    : Reconstructing mesh...
Info    :  - Creating surface mesh
Info    :  - Identifying boundary edges
Info    :  - Recovering boundary
Info    : Done reconstructing mesh (Wall 0.00198157s, CPU 0.001979s)
Info    : Found volume 2
Info    : It. 0 - 0 nodes created - worst tet radius 3.0562 (nodes removed 0 0)
Info    : 3D refinement terminated (12745 nodes total):
Info    :  - 0 Delaunay cavities modified for star shapeness
Info    :  - 0 nodes could not be inserted
Info    :  - 484 tetrahedra created in 0.00415868 sec. (116383 tets/s)
Info    : 0 node relocations
Info    : Done meshing 3D (Wall 0.676109s, CPU 0.663038s)
Info    : Optimizing mesh...
Info    : Optimizing volume 1
Info    : Optimization starts (volume = 235.684) with worst = 0.00196526 / average = 0.683026:
Info    : 0.00 < quality < 0.10 :       205 elements
Info    : 0.10 < quality < 0.20 :       392 elements
Info    : 0.20 < quality < 0.30 :       715 elements
Info    : 0.30 < quality < 0.40 :       873 elements
Info    : 0.40 < quality < 0.50 :      1399 elements
Info    : 0.50 < quality < 0.60 :      3690 elements
Info    : 0.60 < quality < 0.70 :     11224 elements
Info    : 0.70 < quality < 0.80 :     20151 elements
Info    : 0.80 < quality < 0.90 :      2241 elements
Info    : 0.90 < quality < 1.00 :      1816 elements
Info    : 1236 edge swaps, 21 node relocations (volume = 235.684): worst = 0.0289085 / average = 0.69987 (Wall 0.0145504s, CPU 0.014551s)
Info    : 1288 edge swaps, 21 node relocations (volume = 235.684): worst = 0.120775 / average = 0.700396 (Wall 0.0179121s, CPU 0.017913s)
Info    : 1293 edge swaps, 21 node relocations (volume = 235.684): worst = 0.120775 / average = 0.700469 (Wall 0.020459s, CPU 0.02046s)
Info    : No ill-shaped tets in the mesh :-)
Info    : 0.00 < quality < 0.10 :         0 elements
Info    : 0.10 < quality < 0.20 :         3 elements
Info    : 0.20 < quality < 0.30 :        18 elements
Info    : 0.30 < quality < 0.40 :       744 elements
Info    : 0.40 < quality < 0.50 :      1133 elements
Info    : 0.50 < quality < 0.60 :      3832 elements
Info    : 0.60 < quality < 0.70 :     11644 elements
Info    : 0.70 < quality < 0.80 :     19895 elements
Info    : 0.80 < quality < 0.90 :      2446 elements
Info    : 0.90 < quality < 1.00 :      1818 elements
Info    : Optimizing volume 2
Info    : Optimization starts (volume = 0.256435) with worst = 0.112733 / average = 0.736807:
Info    : 0.00 < quality < 0.10 :         0 elements
Info    : 0.10 < quality < 0.20 :         1 elements
Info    : 0.20 < quality < 0.30 :         5 elements
Info    : 0.30 < quality < 0.40 :        10 elements
Info    : 0.40 < quality < 0.50 :        24 elements
Info    : 0.50 < quality < 0.60 :        31 elements
Info    : 0.60 < quality < 0.70 :        64 elements
Info    : 0.70 < quality < 0.80 :       183 elements
Info    : 0.80 < quality < 0.90 :       126 elements
Info    : 0.90 < quality < 1.00 :        40 elements
Info    : 6 edge swaps, 0 node relocations (volume = 0.256435): worst = 0.307232 / average = 0.743419 (Wall 9.60459e-05s, CPU 9.7e-05s)
Info    : No ill-shaped tets in the mesh :-)
Info    : 0.00 < quality < 0.10 :         0 elements
Info    : 0.10 < quality < 0.20 :         0 elements
Info    : 0.20 < quality < 0.30 :         0 elements
Info    : 0.30 < quality < 0.40 :        11 elements
Info    : 0.40 < quality < 0.50 :        22 elements
Info    : 0.50 < quality < 0.60 :        32 elements
Info    : 0.60 < quality < 0.70 :        62 elements
Info    : 0.70 < quality < 0.80 :       185 elements
Info    : 0.80 < quality < 0.90 :       127 elements
Info    : 0.90 < quality < 1.00 :        40 elements
Info    : Done optimizing mesh (Wall 0.048561s, CPU 0.048559s)
Info    : 13679 nodes 68568 elements
Info    : Meshing order 2 (curvilinear on)...
Info    : [  0%] Meshing curve 1 order 2
Info    : [ 10%] Meshing curve 2 order 2
Info    : [ 20%] Meshing curve 3 order 2
Info    : [ 20%] Meshing curve 4 order 2
Info    : [ 30%] Meshing curve 5 order 2
Info    : [ 30%] Meshing curve 6 order 2
Info    : [ 40%] Meshing curve 7 order 2
Info    : [ 40%] Meshing curve 8 order 2
Info    : [ 50%] Meshing curve 9 order 2
Info    : [ 50%] Meshing curve 10 order 2
Info    : [ 60%] Meshing curve 11 order 2
Info    : [ 60%] Meshing curve 12 order 2
Info    : [ 70%] Meshing surface 1 order 2
Info    : [ 70%] Meshing surface 2 order 2
Info    : [ 80%] Meshing surface 3 order 2
Info    : [ 80%] Meshing surface 4 order 2
Info    : [ 90%] Meshing surface 5 order 2
Info    : [ 90%] Meshing surface 6 order 2
Info    : [100%] Meshing volume 1 order 2
Info    : [100%] Meshing volume 2 order 2
Info    : Surface mesh: worst distortion = 0.797589 (0 elements in ]0, 0.2]); worst gamma = 0.687108
Info    : Volume mesh: worst distortion = 0.256879 (0 elements in ]0, 0.2])
Info    : Done meshing order 2 (Wall 6.13161s, CPU 6.12896s)
Info    : Writing '/home/user/mscr-mom/현서/scripts/contact_scenarios/fea/lmphi_mesh_LM100_phiN60_s80.inp'...
Info    : Done writing '/home/user/mscr-mom/현서/scripts/contact_scenarios/fea/lmphi_mesh_LM100_phiN60_s80.inp'
  [LM100_phiN60] F_mag=0.0005mN  (343.3s)
[LM100_phiN60 9/10] L_M=100.0, phi=-60.0, s=90.0mm, push_depth=0.1mm ...
Info    : Meshing 1D...
Info    : [  0%] Meshing curve 1 (BSpline)
Info    : [ 10%] Meshing curve 2 (Ellipse)
Info    : [ 20%] Meshing curve 3 (Ellipse)
Info    : [ 30%] Meshing curve 4 (BSpline)
Info    : [ 40%] Meshing curve 5 (BSpline)
Info    : [ 50%] Meshing curve 6 (BSpline)
Info    : [ 60%] Meshing curve 7 (BSpline)
Info    : [ 60%] Meshing curve 8 (BSpline)
Info    : [ 70%] Meshing curve 9 (BSpline)
Info    : [ 90%] Meshing curve 11 (Circle)
Info    : Done meshing 1D (Wall 0.0102219s, CPU 0.010196s)
Info    : Meshing 2D...
Info    : [  0%] Meshing surface 1 (Plane, Frontal-Delaunay)
Info    : [ 20%] Meshing surface 2 (Plane, Frontal-Delaunay)
Info    : [ 40%] Meshing surface 3 (BSpline surface, Frontal-Delaunay)
Info    : [ 60%] Meshing surface 4 (BSpline surface, Frontal-Delaunay)
Info    : [ 70%] Meshing surface 5 (Plane, Frontal-Delaunay)
Info    : [ 90%] Meshing surface 6 (Sphere, Frontal-Delaunay)
Info    : Done meshing 2D (Wall 0.735697s, CPU 0.72847s)
Info    : Meshing 3D...
Info    : 3D Meshing 2 volumes with 2 connected components
Info    : Tetrahedrizing 12536 nodes...
Info    : Done tetrahedrizing 12544 nodes (Wall 0.135434s, CPU 0.127465s)
Info    : Reconstructing mesh...
Info    :  - Creating surface mesh
Info    :  - Identifying boundary edges
Info    :  - Recovering boundary
Info    : Done reconstructing mesh (Wall 0.380591s, CPU 0.364599s)
Info    : Found volume 1
Info    : It. 0 - 0 nodes created - worst tet radius 1.04603 (nodes removed 0 0)
Info    : It. 500 - 500 nodes created - worst tet radius 1.00371 (nodes removed 0 0)
Info    : 3D refinement terminated (13281 nodes total):
Info    :  - 0 Delaunay cavities modified for star shapeness
Info    :  - 0 nodes could not be inserted
Info    :  - 42706 tetrahedra created in 0.0302021 sec. (1414008 tets/s)
Info    : 0 node relocations
Info    : Tetrahedrizing 130 nodes...
Info    : Done tetrahedrizing 138 nodes (Wall 0.000703107s, CPU 0.000702s)
Info    : Reconstructing mesh...
Info    :  - Creating surface mesh
Info    :  - Identifying boundary edges
Info    :  - Recovering boundary
Info    : Done reconstructing mesh (Wall 0.00180417s, CPU 0.001806s)
Info    : Found volume 2
Info    : It. 0 - 0 nodes created - worst tet radius 3.0562 (nodes removed 0 0)
Info    : 3D refinement terminated (12745 nodes total):
Info    :  - 0 Delaunay cavities modified for star shapeness
Info    :  - 0 nodes could not be inserted
Info    :  - 484 tetrahedra created in 0.00375787 sec. (128796 tets/s)
Info    : 0 node relocations
Info    : Done meshing 3D (Wall 0.699879s, CPU 0.683757s)
Info    : Optimizing mesh...
Info    : Optimizing volume 1
Info    : Optimization starts (volume = 235.684) with worst = 0.00196526 / average = 0.683026:
Info    : 0.00 < quality < 0.10 :       205 elements
Info    : 0.10 < quality < 0.20 :       392 elements
Info    : 0.20 < quality < 0.30 :       715 elements
Info    : 0.30 < quality < 0.40 :       873 elements
Info    : 0.40 < quality < 0.50 :      1399 elements
Info    : 0.50 < quality < 0.60 :      3690 elements
Info    : 0.60 < quality < 0.70 :     11224 elements
Info    : 0.70 < quality < 0.80 :     20151 elements
Info    : 0.80 < quality < 0.90 :      2241 elements
Info    : 0.90 < quality < 1.00 :      1816 elements
Info    : 1236 edge swaps, 21 node relocations (volume = 235.684): worst = 0.0289085 / average = 0.69987 (Wall 0.0168699s, CPU 0.015877s)
Info    : 1288 edge swaps, 21 node relocations (volume = 235.684): worst = 0.120775 / average = 0.700396 (Wall 0.0204237s, CPU 0.019431s)
Info    : 1293 edge swaps, 21 node relocations (volume = 235.684): worst = 0.120775 / average = 0.700469 (Wall 0.0231521s, CPU 0.022154s)
Info    : No ill-shaped tets in the mesh :-)
Info    : 0.00 < quality < 0.10 :         0 elements
Info    : 0.10 < quality < 0.20 :         3 elements
Info    : 0.20 < quality < 0.30 :        18 elements
Info    : 0.30 < quality < 0.40 :       744 elements
Info    : 0.40 < quality < 0.50 :      1133 elements
Info    : 0.50 < quality < 0.60 :      3832 elements
Info    : 0.60 < quality < 0.70 :     11644 elements
Info    : 0.70 < quality < 0.80 :     19895 elements
Info    : 0.80 < quality < 0.90 :      2446 elements
Info    : 0.90 < quality < 1.00 :      1818 elements
Info    : Optimizing volume 2
Info    : Optimization starts (volume = 0.256435) with worst = 0.112733 / average = 0.736807:
Info    : 0.00 < quality < 0.10 :         0 elements
Info    : 0.10 < quality < 0.20 :         1 elements
Info    : 0.20 < quality < 0.30 :         5 elements
Info    : 0.30 < quality < 0.40 :        10 elements
Info    : 0.40 < quality < 0.50 :        24 elements
Info    : 0.50 < quality < 0.60 :        31 elements
Info    : 0.60 < quality < 0.70 :        64 elements
Info    : 0.70 < quality < 0.80 :       183 elements
Info    : 0.80 < quality < 0.90 :       126 elements
Info    : 0.90 < quality < 1.00 :        40 elements
Info    : 6 edge swaps, 0 node relocations (volume = 0.256435): worst = 0.307232 / average = 0.743419 (Wall 0.000100242s, CPU 0.0001s)
Info    : No ill-shaped tets in the mesh :-)
Info    : 0.00 < quality < 0.10 :         0 elements
Info    : 0.10 < quality < 0.20 :         0 elements
Info    : 0.20 < quality < 0.30 :         0 elements
Info    : 0.30 < quality < 0.40 :        11 elements
Info    : 0.40 < quality < 0.50 :        22 elements
Info    : 0.50 < quality < 0.60 :        32 elements
Info    : 0.60 < quality < 0.70 :        62 elements
Info    : 0.70 < quality < 0.80 :       185 elements
Info    : 0.80 < quality < 0.90 :       127 elements
Info    : 0.90 < quality < 1.00 :        40 elements
Info    : Done optimizing mesh (Wall 0.0513799s, CPU 0.050378s)
Info    : 13679 nodes 68568 elements
Info    : Meshing order 2 (curvilinear on)...
Info    : [  0%] Meshing curve 1 order 2
Info    : [ 10%] Meshing curve 2 order 2
Info    : [ 20%] Meshing curve 3 order 2
Info    : [ 20%] Meshing curve 4 order 2
Info    : [ 30%] Meshing curve 5 order 2
Info    : [ 30%] Meshing curve 6 order 2
Info    : [ 40%] Meshing curve 7 order 2
Info    : [ 40%] Meshing curve 8 order 2
Info    : [ 50%] Meshing curve 9 order 2
Info    : [ 50%] Meshing curve 10 order 2
Info    : [ 60%] Meshing curve 11 order 2
Info    : [ 60%] Meshing curve 12 order 2
Info    : [ 70%] Meshing surface 1 order 2
Info    : [ 70%] Meshing surface 2 order 2
Info    : [ 80%] Meshing surface 3 order 2
Info    : [ 80%] Meshing surface 4 order 2
Info    : [ 90%] Meshing surface 5 order 2
Info    : [ 90%] Meshing surface 6 order 2
Info    : [100%] Meshing volume 1 order 2
Info    : [100%] Meshing volume 2 order 2
Info    : Surface mesh: worst distortion = 0.797589 (0 elements in ]0, 0.2]); worst gamma = 0.687108
Info    : Volume mesh: worst distortion = 0.256879 (0 elements in ]0, 0.2])
Info    : Done meshing order 2 (Wall 6.54993s, CPU 6.38579s)
Info    : Writing '/home/user/mscr-mom/현서/scripts/contact_scenarios/fea/lmphi_mesh_LM100_phiN60_s90.inp'...
Info    : Done writing '/home/user/mscr-mom/현서/scripts/contact_scenarios/fea/lmphi_mesh_LM100_phiN60_s90.inp'
  [LM100_phiN60] [실패] (1013.9s)
[LM100_phiN60 10/10] L_M=100.0, phi=-60.0, s=100.0mm, push_depth=0.1mm ...
Info    : Meshing 1D...
Info    : [  0%] Meshing curve 1 (BSpline)
Info    : [ 10%] Meshing curve 2 (Ellipse)
Info    : [ 20%] Meshing curve 3 (Ellipse)
Info    : [ 30%] Meshing curve 4 (BSpline)
Info    : [ 40%] Meshing curve 5 (BSpline)
Info    : [ 50%] Meshing curve 6 (BSpline)
Info    : [ 60%] Meshing curve 7 (BSpline)
Info    : [ 60%] Meshing curve 8 (BSpline)
Info    : [ 70%] Meshing curve 9 (BSpline)
Info    : [ 90%] Meshing curve 11 (Circle)
Info    : Done meshing 1D (Wall 0.0100466s, CPU 0.009945s)
Info    : Meshing 2D...
Info    : [  0%] Meshing surface 1 (Plane, Frontal-Delaunay)
Info    : [ 20%] Meshing surface 2 (Plane, Frontal-Delaunay)
Info    : [ 40%] Meshing surface 3 (BSpline surface, Frontal-Delaunay)
Info    : [ 60%] Meshing surface 4 (BSpline surface, Frontal-Delaunay)
Info    : [ 70%] Meshing surface 5 (Plane, Frontal-Delaunay)
Info    : [ 90%] Meshing surface 6 (Sphere, Frontal-Delaunay)
Info    : Done meshing 2D (Wall 0.751104s, CPU 0.750199s)
Info    : Meshing 3D...
Info    : 3D Meshing 2 volumes with 2 connected components
Info    : Tetrahedrizing 12536 nodes...
Info    : Done tetrahedrizing 12544 nodes (Wall 0.132783s, CPU 0.126798s)
Info    : Reconstructing mesh...
Info    :  - Creating surface mesh
Info    :  - Identifying boundary edges
Info    :  - Recovering boundary
Info    : Done reconstructing mesh (Wall 0.362446s, CPU 0.345411s)
Info    : Found volume 1
Info    : It. 0 - 0 nodes created - worst tet radius 1.04603 (nodes removed 0 0)
Info    : It. 500 - 500 nodes created - worst tet radius 1.00371 (nodes removed 0 0)
Info    : 3D refinement terminated (13281 nodes total):
Info    :  - 0 Delaunay cavities modified for star shapeness
Info    :  - 0 nodes could not be inserted
Info    :  - 42706 tetrahedra created in 0.0267689 sec. (1595357 tets/s)
Info    : 0 node relocations
Info    : Tetrahedrizing 130 nodes...
Info    : Done tetrahedrizing 138 nodes (Wall 0.000697343s, CPU 0.000698s)
Info    : Reconstructing mesh...
Info    :  - Creating surface mesh
Info    :  - Identifying boundary edges
Info    :  - Recovering boundary
Info    : Done reconstructing mesh (Wall 0.00170106s, CPU 0.001704s)
Info    : Found volume 2
Info    : It. 0 - 0 nodes created - worst tet radius 3.0562 (nodes removed 0 0)
Info    : 3D refinement terminated (12745 nodes total):
Info    :  - 0 Delaunay cavities modified for star shapeness
Info    :  - 0 nodes could not be inserted
Info    :  - 484 tetrahedra created in 0.00262431 sec. (184429 tets/s)
Info    : 0 node relocations
Info    : Done meshing 3D (Wall 0.655544s, CPU 0.638489s)
Info    : Optimizing mesh...
Info    : Optimizing volume 1
Info    : Optimization starts (volume = 235.684) with worst = 0.00196526 / average = 0.683026:
Info    : 0.00 < quality < 0.10 :       205 elements
Info    : 0.10 < quality < 0.20 :       392 elements
Info    : 0.20 < quality < 0.30 :       715 elements
Info    : 0.30 < quality < 0.40 :       873 elements
Info    : 0.40 < quality < 0.50 :      1399 elements
Info    : 0.50 < quality < 0.60 :      3690 elements
Info    : 0.60 < quality < 0.70 :     11224 elements
Info    : 0.70 < quality < 0.80 :     20151 elements
Info    : 0.80 < quality < 0.90 :      2241 elements
Info    : 0.90 < quality < 1.00 :      1816 elements
Info    : 1236 edge swaps, 21 node relocations (volume = 235.684): worst = 0.0289085 / average = 0.69987 (Wall 0.0168454s, CPU 0.016845s)
Info    : 1288 edge swaps, 21 node relocations (volume = 235.684): worst = 0.120775 / average = 0.700396 (Wall 0.0198151s, CPU 0.019816s)
Info    : 1293 edge swaps, 21 node relocations (volume = 235.684): worst = 0.120775 / average = 0.700469 (Wall 0.022015s, CPU 0.022017s)
Info    : No ill-shaped tets in the mesh :-)
Info    : 0.00 < quality < 0.10 :         0 elements
Info    : 0.10 < quality < 0.20 :         3 elements
Info    : 0.20 < quality < 0.30 :        18 elements
Info    : 0.30 < quality < 0.40 :       744 elements
Info    : 0.40 < quality < 0.50 :      1133 elements
Info    : 0.50 < quality < 0.60 :      3832 elements
Info    : 0.60 < quality < 0.70 :     11644 elements
Info    : 0.70 < quality < 0.80 :     19895 elements
Info    : 0.80 < quality < 0.90 :      2446 elements
Info    : 0.90 < quality < 1.00 :      1818 elements
Info    : Optimizing volume 2
Info    : Optimization starts (volume = 0.256435) with worst = 0.112733 / average = 0.736807:
Info    : 0.00 < quality < 0.10 :         0 elements
Info    : 0.10 < quality < 0.20 :         1 elements
Info    : 0.20 < quality < 0.30 :         5 elements
Info    : 0.30 < quality < 0.40 :        10 elements
Info    : 0.40 < quality < 0.50 :        24 elements
Info    : 0.50 < quality < 0.60 :        31 elements
Info    : 0.60 < quality < 0.70 :        64 elements
Info    : 0.70 < quality < 0.80 :       183 elements
Info    : 0.80 < quality < 0.90 :       126 elements
Info    : 0.90 < quality < 1.00 :        40 elements
Info    : 6 edge swaps, 0 node relocations (volume = 0.256435): worst = 0.307232 / average = 0.743419 (Wall 0.000100202s, CPU 0.0001s)
Info    : No ill-shaped tets in the mesh :-)
Info    : 0.00 < quality < 0.10 :         0 elements
Info    : 0.10 < quality < 0.20 :         0 elements
Info    : 0.20 < quality < 0.30 :         0 elements
Info    : 0.30 < quality < 0.40 :        11 elements
Info    : 0.40 < quality < 0.50 :        22 elements
Info    : 0.50 < quality < 0.60 :        32 elements
Info    : 0.60 < quality < 0.70 :        62 elements
Info    : 0.70 < quality < 0.80 :       185 elements
Info    : 0.80 < quality < 0.90 :       127 elements
Info    : 0.90 < quality < 1.00 :        40 elements
Info    : Done optimizing mesh (Wall 0.0489664s, CPU 0.04895s)
Info    : 13679 nodes 68568 elements
Info    : Meshing order 2 (curvilinear on)...
Info    : [  0%] Meshing curve 1 order 2
Info    : [ 10%] Meshing curve 2 order 2
Info    : [ 20%] Meshing curve 3 order 2
Info    : [ 20%] Meshing curve 4 order 2
Info    : [ 30%] Meshing curve 5 order 2
Info    : [ 30%] Meshing curve 6 order 2
Info    : [ 40%] Meshing curve 7 order 2
Info    : [ 40%] Meshing curve 8 order 2
Info    : [ 50%] Meshing curve 9 order 2
Info    : [ 50%] Meshing curve 10 order 2
Info    : [ 60%] Meshing curve 11 order 2
Info    : [ 60%] Meshing curve 12 order 2
Info    : [ 70%] Meshing surface 1 order 2
Info    : [ 70%] Meshing surface 2 order 2
Info    : [ 80%] Meshing surface 3 order 2
Info    : [ 80%] Meshing surface 4 order 2
Info    : [ 90%] Meshing surface 5 order 2
Info    : [ 90%] Meshing surface 6 order 2
Info    : [100%] Meshing volume 1 order 2
Info    : [100%] Meshing volume 2 order 2
Info    : Surface mesh: worst distortion = 0.797589 (0 elements in ]0, 0.2]); worst gamma = 0.687108
Info    : Volume mesh: worst distortion = 0.256879 (0 elements in ]0, 0.2])
Info    : Done meshing order 2 (Wall 6.15416s, CPU 6.14909s)
Info    : Writing '/home/user/mscr-mom/현서/scripts/contact_scenarios/fea/lmphi_mesh_LM100_phiN60_s100.inp'...
Info    : Done writing '/home/user/mscr-mom/현서/scripts/contact_scenarios/fea/lmphi_mesh_LM100_phiN60_s100.inp'
  [LM100_phiN60] [실패] (1682.2s)
[LM100_phiN60] 완료: 5/10 성공
