[LM0_phiN90_b180 1/10] L_M=0.0, phi=-90.0, beta=180.0, s=10.0mm, push_depth=0.1mm ...
Info    : Meshing 1D...
Info    : [  0%] Meshing curve 1 (BSpline)
Info    : [ 10%] Meshing curve 2 (Ellipse)
Info    : [ 20%] Meshing curve 3 (Ellipse)
Info    : [ 30%] Meshing curve 4 (BSpline)
Info    : [ 40%] Meshing curve 5 (BSpline)
Info    : [ 50%] Meshing curve 6 (BSpline)
Info    : [ 60%] Meshing curve 7 (BSpline)
Info    : [ 60%] Meshing curve 8 (BSpline)
Info    : [ 70%] Meshing curve 9 (BSpline)
Info    : [ 90%] Meshing curve 11 (Circle)
Info    : Done meshing 1D (Wall 0.0159267s, CPU 0.015894s)
Info    : Meshing 2D...
Info    : [  0%] Meshing surface 1 (Plane, Frontal-Delaunay)
Info    : [ 20%] Meshing surface 2 (Plane, Frontal-Delaunay)
Info    : [ 40%] Meshing surface 3 (BSpline surface, Frontal-Delaunay)
Info    : [ 60%] Meshing surface 4 (BSpline surface, Frontal-Delaunay)
Info    : [ 70%] Meshing surface 5 (Plane, Frontal-Delaunay)
Info    : [ 90%] Meshing surface 6 (Sphere, Frontal-Delaunay)
Info    : Done meshing 2D (Wall 0.758525s, CPU 0.755417s)
Info    : Meshing 3D...
Info    : 3D Meshing 2 volumes with 2 connected components
Info    : Tetrahedrizing 12468 nodes...
Info    : Done tetrahedrizing 12476 nodes (Wall 0.135457s, CPU 0.129464s)
Info    : Reconstructing mesh...
Info    :  - Creating surface mesh
Info    :  - Identifying boundary edges
Info    :  - Recovering boundary
Info    : Done reconstructing mesh (Wall 0.371855s, CPU 0.350838s)
Info    : Found volume 1
Info    : It. 0 - 0 nodes created - worst tet radius 1.0502 (nodes removed 0 0)
Info    : It. 500 - 500 nodes created - worst tet radius 1.00102 (nodes removed 0 0)
Info    : 3D refinement terminated (13220 nodes total):
Info    :  - 0 Delaunay cavities modified for star shapeness
Info    :  - 0 nodes could not be inserted
Info    :  - 42486 tetrahedra created in 0.0381343 sec. (1114115 tets/s)
Info    : 0 node relocations
Info    : Tetrahedrizing 132 nodes...
Info    : Done tetrahedrizing 140 nodes (Wall 0.000777652s, CPU 0.00078s)
Info    : Reconstructing mesh...
Info    :  - Creating surface mesh
Info    :  - Identifying boundary edges
Info    :  - Recovering boundary
Info    : Done reconstructing mesh (Wall 0.00213068s, CPU 0.002133s)
Info    : Found volume 2
Info    : It. 0 - 0 nodes created - worst tet radius 3.24841 (nodes removed 0 0)
Info    : 3D refinement terminated (12682 nodes total):
Info    :  - 0 Delaunay cavities modified for star shapeness
Info    :  - 0 nodes could not be inserted
Info    :  - 497 tetrahedra created in 0.00869142 sec. (57182 tets/s)
Info    : 0 node relocations
Info    : Done meshing 3D (Wall 0.725417s, CPU 0.704355s)
Info    : Optimizing mesh...
Info    : Optimizing volume 1
Info    : Optimization starts (volume = 235.625) with worst = 0.00264786 / average = 0.685273:
Info    : 0.00 < quality < 0.10 :       211 elements
Info    : 0.10 < quality < 0.20 :       443 elements
Info    : 0.20 < quality < 0.30 :       652 elements
Info    : 0.30 < quality < 0.40 :       781 elements
Info    : 0.40 < quality < 0.50 :      1062 elements
Info    : 0.50 < quality < 0.60 :      4076 elements
Info    : 0.60 < quality < 0.70 :     11445 elements
Info    : 0.70 < quality < 0.80 :     19625 elements
Info    : 0.80 < quality < 0.90 :      2334 elements
Info    : 0.90 < quality < 1.00 :      1857 elements
Info    : 1219 edge swaps, 37 node relocations (volume = 235.625): worst = 0.145329 / average = 0.702117 (Wall 0.0176635s, CPU 0.017663s)
Info    : 1277 edge swaps, 38 node relocations (volume = 235.625): worst = 0.145329 / average = 0.702753 (Wall 0.0220383s, CPU 0.022038s)
Info    : No ill-shaped tets in the mesh :-)
Info    : 0.00 < quality < 0.10 :         0 elements
Info    : 0.10 < quality < 0.20 :         4 elements
Info    : 0.20 < quality < 0.30 :        10 elements
Info    : 0.30 < quality < 0.40 :       616 elements
Info    : 0.40 < quality < 0.50 :       936 elements
Info    : 0.50 < quality < 0.60 :      4093 elements
Info    : 0.60 < quality < 0.70 :     11807 elements
Info    : 0.70 < quality < 0.80 :     19454 elements
Info    : 0.80 < quality < 0.90 :      2510 elements
Info    : 0.90 < quality < 1.00 :      1853 elements
Info    : Optimizing volume 2
Info    : Optimization starts (volume = 0.256432) with worst = 0.0880129 / average = 0.758608:
Info    : 0.00 < quality < 0.10 :         1 elements
Info    : 0.10 < quality < 0.20 :         2 elements
Info    : 0.20 < quality < 0.30 :         6 elements
Info    : 0.30 < quality < 0.40 :         8 elements
Info    : 0.40 < quality < 0.50 :        12 elements
Info    : 0.50 < quality < 0.60 :        16 elements
Info    : 0.60 < quality < 0.70 :        62 elements
Info    : 0.70 < quality < 0.80 :       184 elements
Info    : 0.80 < quality < 0.90 :       155 elements
Info    : 0.90 < quality < 1.00 :        51 elements
Info    : 9 edge swaps, 2 node relocations (volume = 0.256432): worst = 0.305723 / average = 0.769849 (Wall 0.000152444s, CPU 0.000156s)
Info    : No ill-shaped tets in the mesh :-)
Info    : 0.00 < quality < 0.10 :         0 elements
Info    : 0.10 < quality < 0.20 :         0 elements
Info    : 0.20 < quality < 0.30 :         0 elements
Info    : 0.30 < quality < 0.40 :         9 elements
Info    : 0.40 < quality < 0.50 :        11 elements
Info    : 0.50 < quality < 0.60 :        14 elements
Info    : 0.60 < quality < 0.70 :        61 elements
Info    : 0.70 < quality < 0.80 :       184 elements
Info    : 0.80 < quality < 0.90 :       157 elements
Info    : 0.90 < quality < 1.00 :        53 elements
Info    : Done optimizing mesh (Wall 0.0560145s, CPU 0.056011s)
Info    : 13621 nodes 68250 elements
Info    : Meshing order 2 (curvilinear on)...
Info    : [  0%] Meshing curve 1 order 2
Info    : [ 10%] Meshing curve 2 order 2
Info    : [ 20%] Meshing curve 3 order 2
Info    : [ 20%] Meshing curve 4 order 2
Info    : [ 30%] Meshing curve 5 order 2
Info    : [ 30%] Meshing curve 6 order 2
Info    : [ 40%] Meshing curve 7 order 2
Info    : [ 40%] Meshing curve 8 order 2
Info    : [ 50%] Meshing curve 9 order 2
Info    : [ 50%] Meshing curve 10 order 2
Info    : [ 60%] Meshing curve 11 order 2
Info    : [ 60%] Meshing curve 12 order 2
Info    : [ 70%] Meshing surface 1 order 2
Info    : [ 70%] Meshing surface 2 order 2
Info    : [ 80%] Meshing surface 3 order 2
Info    : [ 80%] Meshing surface 4 order 2
Info    : [ 90%] Meshing surface 5 order 2
Info    : [ 90%] Meshing surface 6 order 2
Info    : [100%] Meshing volume 1 order 2
Info    : [100%] Meshing volume 2 order 2
Info    : Surface mesh: worst distortion = 0.797589 (0 elements in ]0, 0.2]); worst gamma = 0.50915
Info    : Volume mesh: worst distortion = 0.223079 (0 elements in ]0, 0.2])
Info    : Done meshing order 2 (Wall 10.717s, CPU 10.7085s)
Info    : Writing '/home/user/mscr-mom/현서/scripts/contact_scenarios/fea/matv2_mesh_LM0_phiN90_b180_s10.inp'...
Info    : Done writing '/home/user/mscr-mom/현서/scripts/contact_scenarios/fea/matv2_mesh_LM0_phiN90_b180_s10.inp'
  [LM0_phiN90_b180] F_mag=0.1678mN  (230.2s)
[LM0_phiN90_b180 2/10] L_M=0.0, phi=-90.0, beta=180.0, s=20.0mm, push_depth=0.1mm ...
Info    : Meshing 1D...
Info    : [  0%] Meshing curve 1 (BSpline)
Info    : [ 10%] Meshing curve 2 (Ellipse)
Info    : [ 20%] Meshing curve 3 (Ellipse)
Info    : [ 30%] Meshing curve 4 (BSpline)
Info    : [ 40%] Meshing curve 5 (BSpline)
Info    : [ 50%] Meshing curve 6 (BSpline)
Info    : [ 60%] Meshing curve 7 (BSpline)
Info    : [ 60%] Meshing curve 8 (BSpline)
Info    : [ 70%] Meshing curve 9 (BSpline)
Info    : [ 90%] Meshing curve 11 (Circle)
Info    : Done meshing 1D (Wall 0.0129394s, CPU 0.012856s)
Info    : Meshing 2D...
Info    : [  0%] Meshing surface 1 (Plane, Frontal-Delaunay)
Info    : [ 20%] Meshing surface 2 (Plane, Frontal-Delaunay)
Info    : [ 40%] Meshing surface 3 (BSpline surface, Frontal-Delaunay)
Info    : [ 60%] Meshing surface 4 (BSpline surface, Frontal-Delaunay)
Info    : [ 70%] Meshing surface 5 (Plane, Frontal-Delaunay)
Info    : [ 90%] Meshing surface 6 (Sphere, Frontal-Delaunay)
Info    : Done meshing 2D (Wall 0.816471s, CPU 0.813065s)
Info    : Meshing 3D...
Info    : 3D Meshing 2 volumes with 2 connected components
Info    : Tetrahedrizing 12468 nodes...
Info    : Done tetrahedrizing 12476 nodes (Wall 0.133086s, CPU 0.1221s)
Info    : Reconstructing mesh...
Info    :  - Creating surface mesh
Info    :  - Identifying boundary edges
Info    :  - Recovering boundary
Info    : Done reconstructing mesh (Wall 0.352021s, CPU 0.336027s)
Info    : Found volume 1
Info    : It. 0 - 0 nodes created - worst tet radius 1.0502 (nodes removed 0 0)
Info    : It. 500 - 500 nodes created - worst tet radius 1.00102 (nodes removed 0 0)
Info    : 3D refinement terminated (13219 nodes total):
Info    :  - 0 Delaunay cavities modified for star shapeness
Info    :  - 0 nodes could not be inserted
Info    :  - 42486 tetrahedra created in 0.0339733 sec. (1250569 tets/s)
Info    : 0 node relocations
Info    : Tetrahedrizing 131 nodes...
Info    : Done tetrahedrizing 139 nodes (Wall 0.000743448s, CPU 0.000745s)
Info    : Reconstructing mesh...
Info    :  - Creating surface mesh
Info    :  - Identifying boundary edges
Info    :  - Recovering boundary
Info    : Done reconstructing mesh (Wall 0.00188002s, CPU 0.001874s)
Info    : Found volume 2
Info    : It. 0 - 0 nodes created - worst tet radius 3.07548 (nodes removed 0 0)
Info    : 3D refinement terminated (12676 nodes total):
Info    :  - 0 Delaunay cavities modified for star shapeness
Info    :  - 0 nodes could not be inserted
Info    :  - 468 tetrahedra created in 0.00625101 sec. (74867 tets/s)
Info    : 0 node relocations
Info    : Done meshing 3D (Wall 0.699057s, CPU 0.68303s)
Info    : Optimizing mesh...
Info    : Optimizing volume 1
Info    : Optimization starts (volume = 235.625) with worst = 0.00264786 / average = 0.685273:
Info    : 0.00 < quality < 0.10 :       211 elements
Info    : 0.10 < quality < 0.20 :       443 elements
Info    : 0.20 < quality < 0.30 :       652 elements
Info    : 0.30 < quality < 0.40 :       781 elements
Info    : 0.40 < quality < 0.50 :      1062 elements
Info    : 0.50 < quality < 0.60 :      4076 elements
Info    : 0.60 < quality < 0.70 :     11445 elements
Info    : 0.70 < quality < 0.80 :     19625 elements
Info    : 0.80 < quality < 0.90 :      2334 elements
Info    : 0.90 < quality < 1.00 :      1857 elements
Info    : 1219 edge swaps, 37 node relocations (volume = 235.625): worst = 0.145329 / average = 0.702117 (Wall 0.017323s, CPU 0.017323s)
Info    : 1277 edge swaps, 38 node relocations (volume = 235.625): worst = 0.145329 / average = 0.702753 (Wall 0.0210931s, CPU 0.021093s)
Info    : No ill-shaped tets in the mesh :-)
Info    : 0.00 < quality < 0.10 :         0 elements
Info    : 0.10 < quality < 0.20 :         4 elements
Info    : 0.20 < quality < 0.30 :        10 elements
Info    : 0.30 < quality < 0.40 :       616 elements
Info    : 0.40 < quality < 0.50 :       936 elements
Info    : 0.50 < quality < 0.60 :      4093 elements
Info    : 0.60 < quality < 0.70 :     11807 elements
Info    : 0.70 < quality < 0.80 :     19454 elements
Info    : 0.80 < quality < 0.90 :      2510 elements
Info    : 0.90 < quality < 1.00 :      1853 elements
Info    : Optimizing volume 2
Info    : Optimization starts (volume = 0.256396) with worst = 0.0838869 / average = 0.73372:
Info    : 0.00 < quality < 0.10 :         1 elements
Info    : 0.10 < quality < 0.20 :         1 elements
Info    : 0.20 < quality < 0.30 :         6 elements
Info    : 0.30 < quality < 0.40 :        13 elements
Info    : 0.40 < quality < 0.50 :        15 elements
Info    : 0.50 < quality < 0.60 :        28 elements
Info    : 0.60 < quality < 0.70 :        85 elements
Info    : 0.70 < quality < 0.80 :       172 elements
Info    : 0.80 < quality < 0.90 :       107 elements
Info    : 0.90 < quality < 1.00 :        40 elements
Info    : 7 edge swaps, 0 node relocations (volume = 0.256396): worst = 0.305805 / average = 0.744029 (Wall 0.000113995s, CPU 0s)
Info    : No ill-shaped tets in the mesh :-)
Info    : 0.00 < quality < 0.10 :         0 elements
Info    : 0.10 < quality < 0.20 :         0 elements
Info    : 0.20 < quality < 0.30 :         0 elements
Info    : 0.30 < quality < 0.40 :        13 elements
Info    : 0.40 < quality < 0.50 :        12 elements
Info    : 0.50 < quality < 0.60 :        28 elements
Info    : 0.60 < quality < 0.70 :        86 elements
Info    : 0.70 < quality < 0.80 :       174 elements
Info    : 0.80 < quality < 0.90 :       108 elements
Info    : 0.90 < quality < 1.00 :        40 elements
Info    : Done optimizing mesh (Wall 0.0557075s, CPU 0.054717s)
Info    : 13615 nodes 68220 elements
Info    : Meshing order 2 (curvilinear on)...
Info    : [  0%] Meshing curve 1 order 2
Info    : [ 10%] Meshing curve 2 order 2
Info    : [ 20%] Meshing curve 3 order 2
Info    : [ 20%] Meshing curve 4 order 2
Info    : [ 30%] Meshing curve 5 order 2
Info    : [ 30%] Meshing curve 6 order 2
Info    : [ 40%] Meshing curve 7 order 2
Info    : [ 40%] Meshing curve 8 order 2
Info    : [ 50%] Meshing curve 9 order 2
Info    : [ 50%] Meshing curve 10 order 2
Info    : [ 60%] Meshing curve 11 order 2
Info    : [ 60%] Meshing curve 12 order 2
Info    : [ 70%] Meshing surface 1 order 2
Info    : [ 70%] Meshing surface 2 order 2
Info    : [ 80%] Meshing surface 3 order 2
Info    : [ 80%] Meshing surface 4 order 2
Info    : [ 90%] Meshing surface 5 order 2
Info    : [ 90%] Meshing surface 6 order 2
Info    : [100%] Meshing volume 1 order 2
Info    : [100%] Meshing volume 2 order 2
Info    : Surface mesh: worst distortion = 0.797589 (0 elements in ]0, 0.2]); worst gamma = 0.632589
Info    : Volume mesh: worst distortion = 0.223079 (0 elements in ]0, 0.2])
Info    : Done meshing order 2 (Wall 10.8133s, CPU 10.8069s)
Info    : Writing '/home/user/mscr-mom/현서/scripts/contact_scenarios/fea/matv2_mesh_LM0_phiN90_b180_s20.inp'...
Info    : Done writing '/home/user/mscr-mom/현서/scripts/contact_scenarios/fea/matv2_mesh_LM0_phiN90_b180_s20.inp'
  [LM0_phiN90_b180] F_mag=0.0227mN  (228.6s)
[LM0_phiN90_b180 3/10] L_M=0.0, phi=-90.0, beta=180.0, s=30.0mm, push_depth=0.1mm ...
Info    : Meshing 1D...
Info    : [  0%] Meshing curve 1 (BSpline)
Info    : [ 10%] Meshing curve 2 (Ellipse)
Info    : [ 20%] Meshing curve 3 (Ellipse)
Info    : [ 30%] Meshing curve 4 (BSpline)
Info    : [ 40%] Meshing curve 5 (BSpline)
Info    : [ 50%] Meshing curve 6 (BSpline)
Info    : [ 60%] Meshing curve 7 (BSpline)
Info    : [ 60%] Meshing curve 8 (BSpline)
Info    : [ 70%] Meshing curve 9 (BSpline)
Info    : [ 90%] Meshing curve 11 (Circle)
Info    : Done meshing 1D (Wall 0.0130034s, CPU 0.012904s)
Info    : Meshing 2D...
Info    : [  0%] Meshing surface 1 (Plane, Frontal-Delaunay)
Info    : [ 20%] Meshing surface 2 (Plane, Frontal-Delaunay)
Info    : [ 40%] Meshing surface 3 (BSpline surface, Frontal-Delaunay)
Info    : [ 60%] Meshing surface 4 (BSpline surface, Frontal-Delaunay)
Info    : [ 70%] Meshing surface 5 (Plane, Frontal-Delaunay)
Info    : [ 90%] Meshing surface 6 (Sphere, Frontal-Delaunay)
Info    : Done meshing 2D (Wall 0.772159s, CPU 0.771634s)
Info    : Meshing 3D...
Info    : 3D Meshing 2 volumes with 2 connected components
Info    : Tetrahedrizing 12468 nodes...
Info    : Done tetrahedrizing 12476 nodes (Wall 0.135645s, CPU 0.128643s)
Info    : Reconstructing mesh...
Info    :  - Creating surface mesh
Info    :  - Identifying boundary edges
Info    :  - Recovering boundary
Info    : Done reconstructing mesh (Wall 0.376164s, CPU 0.355164s)
Info    : Found volume 1
Info    : It. 0 - 0 nodes created - worst tet radius 1.0502 (nodes removed 0 0)
Info    : It. 500 - 500 nodes created - worst tet radius 1.00102 (nodes removed 0 0)
Info    : 3D refinement terminated (13220 nodes total):
Info    :  - 0 Delaunay cavities modified for star shapeness
Info    :  - 0 nodes could not be inserted
Info    :  - 42486 tetrahedra created in 0.0362625 sec. (1171622 tets/s)
Info    : 0 node relocations
Info    : Tetrahedrizing 132 nodes...
Info    : Done tetrahedrizing 140 nodes (Wall 0.000832102s, CPU 0.000832s)
Info    : Reconstructing mesh...
Info    :  - Creating surface mesh
Info    :  - Identifying boundary edges
Info    :  - Recovering boundary
Info    : Done reconstructing mesh (Wall 0.00213383s, CPU 0.002135s)
Info    : Found volume 2
Info    : It. 0 - 0 nodes created - worst tet radius 3.24841 (nodes removed 0 0)
Info    : 3D refinement terminated (12682 nodes total):
Info    :  - 0 Delaunay cavities modified for star shapeness
Info    :  - 0 nodes could not be inserted
Info    :  - 497 tetrahedra created in 0.00583439 sec. (85184 tets/s)
Info    : 0 node relocations
Info    : Done meshing 3D (Wall 0.716127s, CPU 0.691834s)
Info    : Optimizing mesh...
Info    : Optimizing volume 1
Info    : Optimization starts (volume = 235.625) with worst = 0.00264786 / average = 0.685273:
Info    : 0.00 < quality < 0.10 :       211 elements
Info    : 0.10 < quality < 0.20 :       443 elements
Info    : 0.20 < quality < 0.30 :       652 elements
Info    : 0.30 < quality < 0.40 :       781 elements
Info    : 0.40 < quality < 0.50 :      1062 elements
Info    : 0.50 < quality < 0.60 :      4076 elements
Info    : 0.60 < quality < 0.70 :     11445 elements
Info    : 0.70 < quality < 0.80 :     19625 elements
Info    : 0.80 < quality < 0.90 :      2334 elements
Info    : 0.90 < quality < 1.00 :      1857 elements
Info    : 1219 edge swaps, 37 node relocations (volume = 235.625): worst = 0.145329 / average = 0.702117 (Wall 0.017204s, CPU 0.017198s)
Info    : 1277 edge swaps, 38 node relocations (volume = 235.625): worst = 0.145329 / average = 0.702753 (Wall 0.0206128s, CPU 0.019663s)
Info    : No ill-shaped tets in the mesh :-)
Info    : 0.00 < quality < 0.10 :         0 elements
Info    : 0.10 < quality < 0.20 :         4 elements
Info    : 0.20 < quality < 0.30 :        10 elements
Info    : 0.30 < quality < 0.40 :       616 elements
Info    : 0.40 < quality < 0.50 :       936 elements
Info    : 0.50 < quality < 0.60 :      4093 elements
Info    : 0.60 < quality < 0.70 :     11807 elements
Info    : 0.70 < quality < 0.80 :     19454 elements
Info    : 0.80 < quality < 0.90 :      2510 elements
Info    : 0.90 < quality < 1.00 :      1853 elements
Info    : Optimizing volume 2
Info    : Optimization starts (volume = 0.256432) with worst = 0.0880129 / average = 0.758608:
Info    : 0.00 < quality < 0.10 :         1 elements
Info    : 0.10 < quality < 0.20 :         2 elements
Info    : 0.20 < quality < 0.30 :         6 elements
Info    : 0.30 < quality < 0.40 :         8 elements
Info    : 0.40 < quality < 0.50 :        12 elements
Info    : 0.50 < quality < 0.60 :        16 elements
Info    : 0.60 < quality < 0.70 :        62 elements
Info    : 0.70 < quality < 0.80 :       184 elements
Info    : 0.80 < quality < 0.90 :       155 elements
Info    : 0.90 < quality < 1.00 :        51 elements
Info    : 9 edge swaps, 2 node relocations (volume = 0.256432): worst = 0.305723 / average = 0.769849 (Wall 0.000141066s, CPU 0.000143s)
Info    : No ill-shaped tets in the mesh :-)
Info    : 0.00 < quality < 0.10 :         0 elements
Info    : 0.10 < quality < 0.20 :         0 elements
Info    : 0.20 < quality < 0.30 :         0 elements
Info    : 0.30 < quality < 0.40 :         9 elements
Info    : 0.40 < quality < 0.50 :        11 elements
Info    : 0.50 < quality < 0.60 :        14 elements
Info    : 0.60 < quality < 0.70 :        61 elements
Info    : 0.70 < quality < 0.80 :       184 elements
Info    : 0.80 < quality < 0.90 :       157 elements
Info    : 0.90 < quality < 1.00 :        53 elements
Info    : Done optimizing mesh (Wall 0.0597598s, CPU 0.057137s)
Info    : 13621 nodes 68250 elements
Info    : Meshing order 2 (curvilinear on)...
Info    : [  0%] Meshing curve 1 order 2
Info    : [ 10%] Meshing curve 2 order 2
Info    : [ 20%] Meshing curve 3 order 2
Info    : [ 20%] Meshing curve 4 order 2
Info    : [ 30%] Meshing curve 5 order 2
Info    : [ 30%] Meshing curve 6 order 2
Info    : [ 40%] Meshing curve 7 order 2
Info    : [ 40%] Meshing curve 8 order 2
Info    : [ 50%] Meshing curve 9 order 2
Info    : [ 50%] Meshing curve 10 order 2
Info    : [ 60%] Meshing curve 11 order 2
Info    : [ 60%] Meshing curve 12 order 2
Info    : [ 70%] Meshing surface 1 order 2
Info    : [ 70%] Meshing surface 2 order 2
Info    : [ 80%] Meshing surface 3 order 2
Info    : [ 80%] Meshing surface 4 order 2
Info    : [ 90%] Meshing surface 5 order 2
Info    : [ 90%] Meshing surface 6 order 2
Info    : [100%] Meshing volume 1 order 2
Info    : [100%] Meshing volume 2 order 2
Info    : Surface mesh: worst distortion = 0.797589 (0 elements in ]0, 0.2]); worst gamma = 0.50915
Info    : Volume mesh: worst distortion = 0.223079 (0 elements in ]0, 0.2])
Info    : Done meshing order 2 (Wall 10.5585s, CPU 10.5554s)
Info    : Writing '/home/user/mscr-mom/현서/scripts/contact_scenarios/fea/matv2_mesh_LM0_phiN90_b180_s30.inp'...
Info    : Done writing '/home/user/mscr-mom/현서/scripts/contact_scenarios/fea/matv2_mesh_LM0_phiN90_b180_s30.inp'
  [LM0_phiN90_b180] F_mag=0.0070mN  (380.9s)
[LM0_phiN90_b180 4/10] L_M=0.0, phi=-90.0, beta=180.0, s=40.0mm, push_depth=0.1mm ...
Info    : Meshing 1D...
Info    : [  0%] Meshing curve 1 (BSpline)
Info    : [ 10%] Meshing curve 2 (Ellipse)
Info    : [ 20%] Meshing curve 3 (Ellipse)
Info    : [ 30%] Meshing curve 4 (BSpline)
Info    : [ 40%] Meshing curve 5 (BSpline)
Info    : [ 50%] Meshing curve 6 (BSpline)
Info    : [ 60%] Meshing curve 7 (BSpline)
Info    : [ 60%] Meshing curve 8 (BSpline)
Info    : [ 70%] Meshing curve 9 (BSpline)
Info    : [ 90%] Meshing curve 11 (Circle)
Info    : Done meshing 1D (Wall 0.0127495s, CPU 0.012707s)
Info    : Meshing 2D...
Info    : [  0%] Meshing surface 1 (Plane, Frontal-Delaunay)
Info    : [ 20%] Meshing surface 2 (Plane, Frontal-Delaunay)
Info    : [ 40%] Meshing surface 3 (BSpline surface, Frontal-Delaunay)
Info    : [ 60%] Meshing surface 4 (BSpline surface, Frontal-Delaunay)
Info    : [ 70%] Meshing surface 5 (Plane, Frontal-Delaunay)
Info    : [ 90%] Meshing surface 6 (Sphere, Frontal-Delaunay)
Info    : Done meshing 2D (Wall 0.748323s, CPU 0.747042s)
Info    : Meshing 3D...
Info    : 3D Meshing 2 volumes with 2 connected components
Info    : Tetrahedrizing 12468 nodes...
Info    : Done tetrahedrizing 12476 nodes (Wall 0.133896s, CPU 0.127902s)
Info    : Reconstructing mesh...
Info    :  - Creating surface mesh
Info    :  - Identifying boundary edges
Info    :  - Recovering boundary
Info    : Done reconstructing mesh (Wall 0.34819s, CPU 0.333155s)
Info    : Found volume 1
Info    : It. 0 - 0 nodes created - worst tet radius 1.0502 (nodes removed 0 0)
Info    : It. 500 - 500 nodes created - worst tet radius 1.00102 (nodes removed 0 0)
Info    : 3D refinement terminated (13220 nodes total):
Info    :  - 0 Delaunay cavities modified for star shapeness
Info    :  - 0 nodes could not be inserted
Info    :  - 42486 tetrahedra created in 0.0260567 sec. (1630523 tets/s)
Info    : 0 node relocations
Info    : Tetrahedrizing 132 nodes...
Info    : Done tetrahedrizing 140 nodes (Wall 0.000749725s, CPU 0.00075s)
Info    : Reconstructing mesh...
Info    :  - Creating surface mesh
Info    :  - Identifying boundary edges
Info    :  - Recovering boundary
Info    : Done reconstructing mesh (Wall 0.00171292s, CPU 0.001714s)
Info    : Found volume 2
Info    : It. 0 - 0 nodes created - worst tet radius 3.06321 (nodes removed 0 0)
Info    : 3D refinement terminated (12680 nodes total):
Info    :  - 0 Delaunay cavities modified for star shapeness
Info    :  - 0 nodes could not be inserted
Info    :  - 501 tetrahedra created in 0.00539747 sec. (92821 tets/s)
Info    : 0 node relocations
Info    : Done meshing 3D (Wall 0.657383s, CPU 0.642335s)
Info    : Optimizing mesh...
Info    : Optimizing volume 1
Info    : Optimization starts (volume = 235.625) with worst = 0.00264786 / average = 0.685273:
Info    : 0.00 < quality < 0.10 :       211 elements
Info    : 0.10 < quality < 0.20 :       443 elements
Info    : 0.20 < quality < 0.30 :       652 elements
Info    : 0.30 < quality < 0.40 :       781 elements
Info    : 0.40 < quality < 0.50 :      1062 elements
Info    : 0.50 < quality < 0.60 :      4076 elements
Info    : 0.60 < quality < 0.70 :     11445 elements
Info    : 0.70 < quality < 0.80 :     19625 elements
Info    : 0.80 < quality < 0.90 :      2334 elements
Info    : 0.90 < quality < 1.00 :      1857 elements
Info    : 1219 edge swaps, 37 node relocations (volume = 235.625): worst = 0.145329 / average = 0.702117 (Wall 0.0150793s, CPU 0.015079s)
Info    : 1277 edge swaps, 38 node relocations (volume = 235.625): worst = 0.145329 / average = 0.702753 (Wall 0.0182159s, CPU 0.018219s)
Info    : No ill-shaped tets in the mesh :-)
Info    : 0.00 < quality < 0.10 :         0 elements
Info    : 0.10 < quality < 0.20 :         4 elements
Info    : 0.20 < quality < 0.30 :        10 elements
Info    : 0.30 < quality < 0.40 :       616 elements
Info    : 0.40 < quality < 0.50 :       936 elements
Info    : 0.50 < quality < 0.60 :      4093 elements
Info    : 0.60 < quality < 0.70 :     11807 elements
Info    : 0.70 < quality < 0.80 :     19454 elements
Info    : 0.80 < quality < 0.90 :      2510 elements
Info    : 0.90 < quality < 1.00 :      1853 elements
Info    : Optimizing volume 2
Info    : Optimization starts (volume = 0.256431) with worst = 0.113266 / average = 0.730088:
Info    : 0.00 < quality < 0.10 :         0 elements
Info    : 0.10 < quality < 0.20 :         3 elements
Info    : 0.20 < quality < 0.30 :         4 elements
Info    : 0.30 < quality < 0.40 :        13 elements
Info    : 0.40 < quality < 0.50 :        18 elements
Info    : 0.50 < quality < 0.60 :        36 elements
Info    : 0.60 < quality < 0.70 :        80 elements
Info    : 0.70 < quality < 0.80 :       181 elements
Info    : 0.80 < quality < 0.90 :       131 elements
Info    : 0.90 < quality < 1.00 :        35 elements
Info    : 7 edge swaps, 0 node relocations (volume = 0.256431): worst = 0.307442 / average = 0.739947 (Wall 0.000110429s, CPU 0.000111s)
Info    : No ill-shaped tets in the mesh :-)
Info    : 0.00 < quality < 0.10 :         0 elements
Info    : 0.10 < quality < 0.20 :         0 elements
Info    : 0.20 < quality < 0.30 :         0 elements
Info    : 0.30 < quality < 0.40 :        11 elements
Info    : 0.40 < quality < 0.50 :        17 elements
Info    : 0.50 < quality < 0.60 :        34 elements
Info    : 0.60 < quality < 0.70 :        83 elements
Info    : 0.70 < quality < 0.80 :       183 elements
Info    : 0.80 < quality < 0.90 :       131 elements
Info    : 0.90 < quality < 1.00 :        35 elements
Info    : Done optimizing mesh (Wall 0.0417649s, CPU 0.041765s)
Info    : 13619 nodes 68255 elements
Info    : Meshing order 2 (curvilinear on)...
Info    : [  0%] Meshing curve 1 order 2
Info    : [ 10%] Meshing curve 2 order 2
Info    : [ 20%] Meshing curve 3 order 2
Info    : [ 20%] Meshing curve 4 order 2
Info    : [ 30%] Meshing curve 5 order 2
Info    : [ 30%] Meshing curve 6 order 2
Info    : [ 40%] Meshing curve 7 order 2
Info    : [ 40%] Meshing curve 8 order 2
Info    : [ 50%] Meshing curve 9 order 2
Info    : [ 50%] Meshing curve 10 order 2
Info    : [ 60%] Meshing curve 11 order 2
Info    : [ 60%] Meshing curve 12 order 2
Info    : [ 70%] Meshing surface 1 order 2
Info    : [ 70%] Meshing surface 2 order 2
Info    : [ 80%] Meshing surface 3 order 2
Info    : [ 80%] Meshing surface 4 order 2
Info    : [ 90%] Meshing surface 5 order 2
Info    : [ 90%] Meshing surface 6 order 2
Info    : [100%] Meshing volume 1 order 2
Info    : [100%] Meshing volume 2 order 2
Info    : Surface mesh: worst distortion = 0.797589 (0 elements in ]0, 0.2]); worst gamma = 0.687756
Info    : Volume mesh: worst distortion = 0.223079 (0 elements in ]0, 0.2])
Info    : Done meshing order 2 (Wall 10.4532s, CPU 10.4519s)
Info    : Writing '/home/user/mscr-mom/현서/scripts/contact_scenarios/fea/matv2_mesh_LM0_phiN90_b180_s40.inp'...
Info    : Done writing '/home/user/mscr-mom/현서/scripts/contact_scenarios/fea/matv2_mesh_LM0_phiN90_b180_s40.inp'
  [LM0_phiN90_b180] [실패] (952.5s)
[LM0_phiN90_b180 5/10] L_M=0.0, phi=-90.0, beta=180.0, s=50.0mm, push_depth=0.1mm ...
Info    : Meshing 1D...
Info    : [  0%] Meshing curve 1 (BSpline)
Info    : [ 10%] Meshing curve 2 (Ellipse)
Info    : [ 20%] Meshing curve 3 (Ellipse)
Info    : [ 30%] Meshing curve 4 (BSpline)
Info    : [ 40%] Meshing curve 5 (BSpline)
Info    : [ 50%] Meshing curve 6 (BSpline)
Info    : [ 60%] Meshing curve 7 (BSpline)
Info    : [ 60%] Meshing curve 8 (BSpline)
Info    : [ 70%] Meshing curve 9 (BSpline)
Info    : [ 90%] Meshing curve 11 (Circle)
Info    : Done meshing 1D (Wall 0.0126937s, CPU 0.012694s)
Info    : Meshing 2D...
Info    : [  0%] Meshing surface 1 (Plane, Frontal-Delaunay)
Info    : [ 20%] Meshing surface 2 (Plane, Frontal-Delaunay)
Info    : [ 40%] Meshing surface 3 (BSpline surface, Frontal-Delaunay)
Info    : [ 60%] Meshing surface 4 (BSpline surface, Frontal-Delaunay)
Info    : [ 70%] Meshing surface 5 (Plane, Frontal-Delaunay)
Info    : [ 90%] Meshing surface 6 (Sphere, Frontal-Delaunay)
Info    : Done meshing 2D (Wall 0.810725s, CPU 0.810382s)
Info    : Meshing 3D...
Info    : 3D Meshing 2 volumes with 2 connected components
Info    : Tetrahedrizing 12468 nodes...
Info    : Done tetrahedrizing 12476 nodes (Wall 0.128785s, CPU 0.123788s)
Info    : Reconstructing mesh...
Info    :  - Creating surface mesh
Info    :  - Identifying boundary edges
Info    :  - Recovering boundary
Info    : Done reconstructing mesh (Wall 0.33469s, CPU 0.328673s)
Info    : Found volume 1
Info    : It. 0 - 0 nodes created - worst tet radius 1.0502 (nodes removed 0 0)
Info    : It. 500 - 500 nodes created - worst tet radius 1.00102 (nodes removed 0 0)
Info    : 3D refinement terminated (13220 nodes total):
Info    :  - 0 Delaunay cavities modified for star shapeness
Info    :  - 0 nodes could not be inserted
Info    :  - 42486 tetrahedra created in 0.0234692 sec. (1810289 tets/s)
Info    : 0 node relocations
Info    : Tetrahedrizing 132 nodes...
Info    : Done tetrahedrizing 140 nodes (Wall 0.000742624s, CPU 0.000742s)
Info    : Reconstructing mesh...
Info    :  - Creating surface mesh
Info    :  - Identifying boundary edges
Info    :  - Recovering boundary
Info    : Done reconstructing mesh (Wall 0.00172871s, CPU 0.001732s)
Info    : Found volume 2
Info    : It. 0 - 0 nodes created - worst tet radius 3.06321 (nodes removed 0 0)
Info    : 3D refinement terminated (12680 nodes total):
Info    :  - 0 Delaunay cavities modified for star shapeness
Info    :  - 0 nodes could not be inserted
Info    :  - 501 tetrahedra created in 0.00246867 sec. (202943 tets/s)
Info    : 0 node relocations
Info    : Done meshing 3D (Wall 0.620072s, CPU 0.613037s)
Info    : Optimizing mesh...
Info    : Optimizing volume 1
Info    : Optimization starts (volume = 235.625) with worst = 0.00264786 / average = 0.685273:
Info    : 0.00 < quality < 0.10 :       211 elements
Info    : 0.10 < quality < 0.20 :       443 elements
Info    : 0.20 < quality < 0.30 :       652 elements
Info    : 0.30 < quality < 0.40 :       781 elements
Info    : 0.40 < quality < 0.50 :      1062 elements
Info    : 0.50 < quality < 0.60 :      4076 elements
Info    : 0.60 < quality < 0.70 :     11445 elements
Info    : 0.70 < quality < 0.80 :     19625 elements
Info    : 0.80 < quality < 0.90 :      2334 elements
Info    : 0.90 < quality < 1.00 :      1857 elements
Info    : 1219 edge swaps, 37 node relocations (volume = 235.625): worst = 0.145329 / average = 0.702117 (Wall 0.0141057s, CPU 0.014104s)
Info    : 1277 edge swaps, 38 node relocations (volume = 235.625): worst = 0.145329 / average = 0.702753 (Wall 0.0170075s, CPU 0.017008s)
Info    : No ill-shaped tets in the mesh :-)
Info    : 0.00 < quality < 0.10 :         0 elements
Info    : 0.10 < quality < 0.20 :         4 elements
Info    : 0.20 < quality < 0.30 :        10 elements
Info    : 0.30 < quality < 0.40 :       616 elements
Info    : 0.40 < quality < 0.50 :       936 elements
Info    : 0.50 < quality < 0.60 :      4093 elements
Info    : 0.60 < quality < 0.70 :     11807 elements
Info    : 0.70 < quality < 0.80 :     19454 elements
Info    : 0.80 < quality < 0.90 :      2510 elements
Info    : 0.90 < quality < 1.00 :      1853 elements
Info    : Optimizing volume 2
Info    : Optimization starts (volume = 0.256431) with worst = 0.113266 / average = 0.730088:
Info    : 0.00 < quality < 0.10 :         0 elements
Info    : 0.10 < quality < 0.20 :         3 elements
Info    : 0.20 < quality < 0.30 :         4 elements
Info    : 0.30 < quality < 0.40 :        13 elements
Info    : 0.40 < quality < 0.50 :        18 elements
Info    : 0.50 < quality < 0.60 :        36 elements
Info    : 0.60 < quality < 0.70 :        80 elements
Info    : 0.70 < quality < 0.80 :       181 elements
Info    : 0.80 < quality < 0.90 :       131 elements
Info    : 0.90 < quality < 1.00 :        35 elements
Info    : 7 edge swaps, 0 node relocations (volume = 0.256431): worst = 0.307442 / average = 0.739947 (Wall 0.000135667s, CPU 0.000136s)
Info    : No ill-shaped tets in the mesh :-)
Info    : 0.00 < quality < 0.10 :         0 elements
Info    : 0.10 < quality < 0.20 :         0 elements
Info    : 0.20 < quality < 0.30 :         0 elements
Info    : 0.30 < quality < 0.40 :        11 elements
Info    : 0.40 < quality < 0.50 :        17 elements
Info    : 0.50 < quality < 0.60 :        34 elements
Info    : 0.60 < quality < 0.70 :        83 elements
Info    : 0.70 < quality < 0.80 :       183 elements
Info    : 0.80 < quality < 0.90 :       131 elements
Info    : 0.90 < quality < 1.00 :        35 elements
Info    : Done optimizing mesh (Wall 0.040136s, CPU 0.040117s)
Info    : 13619 nodes 68255 elements
Info    : Meshing order 2 (curvilinear on)...
Info    : [  0%] Meshing curve 1 order 2
Info    : [ 10%] Meshing curve 2 order 2
Info    : [ 20%] Meshing curve 3 order 2
Info    : [ 20%] Meshing curve 4 order 2
Info    : [ 30%] Meshing curve 5 order 2
Info    : [ 30%] Meshing curve 6 order 2
Info    : [ 40%] Meshing curve 7 order 2
Info    : [ 40%] Meshing curve 8 order 2
Info    : [ 50%] Meshing curve 9 order 2
Info    : [ 50%] Meshing curve 10 order 2
Info    : [ 60%] Meshing curve 11 order 2
Info    : [ 60%] Meshing curve 12 order 2
Info    : [ 70%] Meshing surface 1 order 2
Info    : [ 70%] Meshing surface 2 order 2
Info    : [ 80%] Meshing surface 3 order 2
Info    : [ 80%] Meshing surface 4 order 2
Info    : [ 90%] Meshing surface 5 order 2
Info    : [ 90%] Meshing surface 6 order 2
Info    : [100%] Meshing volume 1 order 2
Info    : [100%] Meshing volume 2 order 2
Info    : Surface mesh: worst distortion = 0.797589 (0 elements in ]0, 0.2]); worst gamma = 0.687756
Info    : Volume mesh: worst distortion = 0.223079 (0 elements in ]0, 0.2])
Info    : Done meshing order 2 (Wall 10.5954s, CPU 10.5922s)
Info    : Writing '/home/user/mscr-mom/현서/scripts/contact_scenarios/fea/matv2_mesh_LM0_phiN90_b180_s50.inp'...
Info    : Done writing '/home/user/mscr-mom/현서/scripts/contact_scenarios/fea/matv2_mesh_LM0_phiN90_b180_s50.inp'
  [LM0_phiN90_b180] F_mag=0.0015mN  (980.8s)
[LM0_phiN90_b180 6/10] L_M=0.0, phi=-90.0, beta=180.0, s=60.0mm, push_depth=0.1mm ...
Info    : Meshing 1D...
Info    : [  0%] Meshing curve 1 (BSpline)
Info    : [ 10%] Meshing curve 2 (Ellipse)
Info    : [ 20%] Meshing curve 3 (Ellipse)
Info    : [ 30%] Meshing curve 4 (BSpline)
Info    : [ 40%] Meshing curve 5 (BSpline)
Info    : [ 50%] Meshing curve 6 (BSpline)
Info    : [ 60%] Meshing curve 7 (BSpline)
Info    : [ 60%] Meshing curve 8 (BSpline)
Info    : [ 70%] Meshing curve 9 (BSpline)
Info    : [ 90%] Meshing curve 11 (Circle)
Info    : Done meshing 1D (Wall 0.012755s, CPU 0.012707s)
Info    : Meshing 2D...
Info    : [  0%] Meshing surface 1 (Plane, Frontal-Delaunay)
Info    : [ 20%] Meshing surface 2 (Plane, Frontal-Delaunay)
Info    : [ 40%] Meshing surface 3 (BSpline surface, Frontal-Delaunay)
Info    : [ 60%] Meshing surface 4 (BSpline surface, Frontal-Delaunay)
Info    : [ 70%] Meshing surface 5 (Plane, Frontal-Delaunay)
Info    : [ 90%] Meshing surface 6 (Sphere, Frontal-Delaunay)
Info    : Done meshing 2D (Wall 0.762697s, CPU 0.762607s)
Info    : Meshing 3D...
Info    : 3D Meshing 2 volumes with 2 connected components
Info    : Tetrahedrizing 12468 nodes...
Info    : Done tetrahedrizing 12476 nodes (Wall 0.131115s, CPU 0.123112s)
Info    : Reconstructing mesh...
Info    :  - Creating surface mesh
Info    :  - Identifying boundary edges
Info    :  - Recovering boundary
Info    : Done reconstructing mesh (Wall 0.347478s, CPU 0.338461s)
Info    : Found volume 1
Info    : It. 0 - 0 nodes created - worst tet radius 1.0502 (nodes removed 0 0)
Info    : It. 500 - 500 nodes created - worst tet radius 1.00102 (nodes removed 0 0)
Info    : 3D refinement terminated (13220 nodes total):
Info    :  - 0 Delaunay cavities modified for star shapeness
Info    :  - 0 nodes could not be inserted
Info    :  - 42486 tetrahedra created in 0.0256287 sec. (1657752 tets/s)
Info    : 0 node relocations
Info    : Tetrahedrizing 132 nodes...
Info    : Done tetrahedrizing 140 nodes (Wall 0.0007199s, CPU 0.00072s)
Info    : Reconstructing mesh...
Info    :  - Creating surface mesh
Info    :  - Identifying boundary edges
Info    :  - Recovering boundary
Info    : Done reconstructing mesh (Wall 0.00168764s, CPU 0.001691s)
Info    : Found volume 2
Info    : It. 0 - 0 nodes created - worst tet radius 3.24841 (nodes removed 0 0)
Info    : 3D refinement terminated (12682 nodes total):
Info    :  - 0 Delaunay cavities modified for star shapeness
Info    :  - 0 nodes could not be inserted
Info    :  - 497 tetrahedra created in 0.00333177 sec. (149169 tets/s)
Info    : 0 node relocations
Info    : Done meshing 3D (Wall 0.641584s, CPU 0.632548s)
Info    : Optimizing mesh...
Info    : Optimizing volume 1
Info    : Optimization starts (volume = 235.625) with worst = 0.00264786 / average = 0.685273:
Info    : 0.00 < quality < 0.10 :       211 elements
Info    : 0.10 < quality < 0.20 :       443 elements
Info    : 0.20 < quality < 0.30 :       652 elements
Info    : 0.30 < quality < 0.40 :       781 elements
Info    : 0.40 < quality < 0.50 :      1062 elements
Info    : 0.50 < quality < 0.60 :      4076 elements
Info    : 0.60 < quality < 0.70 :     11445 elements
Info    : 0.70 < quality < 0.80 :     19625 elements
Info    : 0.80 < quality < 0.90 :      2334 elements
Info    : 0.90 < quality < 1.00 :      1857 elements
Info    : 1219 edge swaps, 37 node relocations (volume = 235.625): worst = 0.145329 / average = 0.702117 (Wall 0.0151667s, CPU 0.015165s)
Info    : 1277 edge swaps, 38 node relocations (volume = 235.625): worst = 0.145329 / average = 0.702753 (Wall 0.0183934s, CPU 0.018394s)
Info    : No ill-shaped tets in the mesh :-)
Info    : 0.00 < quality < 0.10 :         0 elements
Info    : 0.10 < quality < 0.20 :         4 elements
Info    : 0.20 < quality < 0.30 :        10 elements
Info    : 0.30 < quality < 0.40 :       616 elements
Info    : 0.40 < quality < 0.50 :       936 elements
Info    : 0.50 < quality < 0.60 :      4093 elements
Info    : 0.60 < quality < 0.70 :     11807 elements
Info    : 0.70 < quality < 0.80 :     19454 elements
Info    : 0.80 < quality < 0.90 :      2510 elements
Info    : 0.90 < quality < 1.00 :      1853 elements
Info    : Optimizing volume 2
Info    : Optimization starts (volume = 0.256432) with worst = 0.0880129 / average = 0.758608:
Info    : 0.00 < quality < 0.10 :         1 elements
Info    : 0.10 < quality < 0.20 :         2 elements
Info    : 0.20 < quality < 0.30 :         6 elements
Info    : 0.30 < quality < 0.40 :         8 elements
Info    : 0.40 < quality < 0.50 :        12 elements
Info    : 0.50 < quality < 0.60 :        16 elements
Info    : 0.60 < quality < 0.70 :        62 elements
Info    : 0.70 < quality < 0.80 :       184 elements
Info    : 0.80 < quality < 0.90 :       155 elements
Info    : 0.90 < quality < 1.00 :        51 elements
Info    : 9 edge swaps, 2 node relocations (volume = 0.256432): worst = 0.305723 / average = 0.769849 (Wall 0.000141697s, CPU 0.000143s)
Info    : No ill-shaped tets in the mesh :-)
Info    : 0.00 < quality < 0.10 :         0 elements
Info    : 0.10 < quality < 0.20 :         0 elements
Info    : 0.20 < quality < 0.30 :         0 elements
Info    : 0.30 < quality < 0.40 :         9 elements
Info    : 0.40 < quality < 0.50 :        11 elements
Info    : 0.50 < quality < 0.60 :        14 elements
Info    : 0.60 < quality < 0.70 :        61 elements
Info    : 0.70 < quality < 0.80 :       184 elements
Info    : 0.80 < quality < 0.90 :       157 elements
Info    : 0.90 < quality < 1.00 :        53 elements
Info    : Done optimizing mesh (Wall 0.0423778s, CPU 0.042374s)
Info    : 13621 nodes 68250 elements
Info    : Meshing order 2 (curvilinear on)...
Info    : [  0%] Meshing curve 1 order 2
Info    : [ 10%] Meshing curve 2 order 2
Info    : [ 20%] Meshing curve 3 order 2
Info    : [ 20%] Meshing curve 4 order 2
Info    : [ 30%] Meshing curve 5 order 2
Info    : [ 30%] Meshing curve 6 order 2
Info    : [ 40%] Meshing curve 7 order 2
Info    : [ 40%] Meshing curve 8 order 2
Info    : [ 50%] Meshing curve 9 order 2
Info    : [ 50%] Meshing curve 10 order 2
Info    : [ 60%] Meshing curve 11 order 2
Info    : [ 60%] Meshing curve 12 order 2
Info    : [ 70%] Meshing surface 1 order 2
Info    : [ 70%] Meshing surface 2 order 2
Info    : [ 80%] Meshing surface 3 order 2
Info    : [ 80%] Meshing surface 4 order 2
Info    : [ 90%] Meshing surface 5 order 2
Info    : [ 90%] Meshing surface 6 order 2
Info    : [100%] Meshing volume 1 order 2
Info    : [100%] Meshing volume 2 order 2
Info    : Surface mesh: worst distortion = 0.797589 (0 elements in ]0, 0.2]); worst gamma = 0.50915
Info    : Volume mesh: worst distortion = 0.223079 (0 elements in ]0, 0.2])
Info    : Done meshing order 2 (Wall 10.5599s, CPU 10.5587s)
Info    : Writing '/home/user/mscr-mom/현서/scripts/contact_scenarios/fea/matv2_mesh_LM0_phiN90_b180_s60.inp'...
Info    : Done writing '/home/user/mscr-mom/현서/scripts/contact_scenarios/fea/matv2_mesh_LM0_phiN90_b180_s60.inp'
  [LM0_phiN90_b180] [실패] (723.9s)
[LM0_phiN90_b180 7/10] L_M=0.0, phi=-90.0, beta=180.0, s=70.0mm, push_depth=0.1mm ...
Info    : Meshing 1D...
Info    : [  0%] Meshing curve 1 (BSpline)
Info    : [ 10%] Meshing curve 2 (Ellipse)
Info    : [ 20%] Meshing curve 3 (Ellipse)
Info    : [ 30%] Meshing curve 4 (BSpline)
Info    : [ 40%] Meshing curve 5 (BSpline)
Info    : [ 50%] Meshing curve 6 (BSpline)
Info    : [ 60%] Meshing curve 7 (BSpline)
Info    : [ 60%] Meshing curve 8 (BSpline)
Info    : [ 70%] Meshing curve 9 (BSpline)
Info    : [ 90%] Meshing curve 11 (Circle)
Info    : Done meshing 1D (Wall 0.0130423s, CPU 0.013019s)
Info    : Meshing 2D...
Info    : [  0%] Meshing surface 1 (Plane, Frontal-Delaunay)
Info    : [ 20%] Meshing surface 2 (Plane, Frontal-Delaunay)
Info    : [ 40%] Meshing surface 3 (BSpline surface, Frontal-Delaunay)
Info    : [ 60%] Meshing surface 4 (BSpline surface, Frontal-Delaunay)
Info    : [ 70%] Meshing surface 5 (Plane, Frontal-Delaunay)
Info    : [ 90%] Meshing surface 6 (Sphere, Frontal-Delaunay)
Info    : Done meshing 2D (Wall 0.807016s, CPU 0.80633s)
Info    : Meshing 3D...
Info    : 3D Meshing 2 volumes with 2 connected components
Info    : Tetrahedrizing 12468 nodes...
Info    : Done tetrahedrizing 12476 nodes (Wall 0.137615s, CPU 0.132625s)
Info    : Reconstructing mesh...
Info    :  - Creating surface mesh
Info    :  - Identifying boundary edges
Info    :  - Recovering boundary
Info    : Done reconstructing mesh (Wall 0.364318s, CPU 0.359287s)
Info    : Found volume 1
Info    : It. 0 - 0 nodes created - worst tet radius 1.0502 (nodes removed 0 0)
Info    : It. 500 - 500 nodes created - worst tet radius 1.00102 (nodes removed 0 0)
Info    : 3D refinement terminated (13219 nodes total):
Info    :  - 0 Delaunay cavities modified for star shapeness
Info    :  - 0 nodes could not be inserted
Info    :  - 42486 tetrahedra created in 0.0378937 sec. (1121188 tets/s)
Info    : 0 node relocations
Info    : Tetrahedrizing 131 nodes...
Info    : Done tetrahedrizing 139 nodes (Wall 0.000841155s, CPU 0.000833s)
Info    : Reconstructing mesh...
Info    :  - Creating surface mesh
Info    :  - Identifying boundary edges
Info    :  - Recovering boundary
Info    : Done reconstructing mesh (Wall 0.00262586s, CPU 0.00262s)
Info    : Found volume 2
Info    : It. 0 - 0 nodes created - worst tet radius 3.09842 (nodes removed 0 0)
Info    : 3D refinement terminated (12683 nodes total):
Info    :  - 0 Delaunay cavities modified for star shapeness
Info    :  - 0 nodes could not be inserted
Info    :  - 517 tetrahedra created in 0.00646607 sec. (79955 tets/s)
Info    : 0 node relocations
Info    : Done meshing 3D (Wall 0.743487s, CPU 0.737089s)
Info    : Optimizing mesh...
Info    : Optimizing volume 1
Info    : Optimization starts (volume = 235.625) with worst = 0.00264786 / average = 0.685273:
Info    : 0.00 < quality < 0.10 :       211 elements
Info    : 0.10 < quality < 0.20 :       443 elements
Info    : 0.20 < quality < 0.30 :       652 elements
Info    : 0.30 < quality < 0.40 :       781 elements
Info    : 0.40 < quality < 0.50 :      1062 elements
Info    : 0.50 < quality < 0.60 :      4076 elements
Info    : 0.60 < quality < 0.70 :     11445 elements
Info    : 0.70 < quality < 0.80 :     19625 elements
Info    : 0.80 < quality < 0.90 :      2334 elements
Info    : 0.90 < quality < 1.00 :      1857 elements
Info    : 1219 edge swaps, 37 node relocations (volume = 235.625): worst = 0.145329 / average = 0.702117 (Wall 0.0232629s, CPU 0.023262s)
Info    : 1277 edge swaps, 38 node relocations (volume = 235.625): worst = 0.145329 / average = 0.702753 (Wall 0.0314589s, CPU 0.030471s)
Info    : No ill-shaped tets in the mesh :-)
Info    : 0.00 < quality < 0.10 :         0 elements
Info    : 0.10 < quality < 0.20 :         4 elements
Info    : 0.20 < quality < 0.30 :        10 elements
Info    : 0.30 < quality < 0.40 :       616 elements
Info    : 0.40 < quality < 0.50 :       936 elements
Info    : 0.50 < quality < 0.60 :      4093 elements
Info    : 0.60 < quality < 0.70 :     11807 elements
Info    : 0.70 < quality < 0.80 :     19454 elements
Info    : 0.80 < quality < 0.90 :      2510 elements
Info    : 0.90 < quality < 1.00 :      1853 elements
Info    : Optimizing volume 2
Info    : Optimization starts (volume = 0.256429) with worst = 0.0835944 / average = 0.749808:
Info    : 0.00 < quality < 0.10 :         2 elements
Info    : 0.10 < quality < 0.20 :         1 elements
Info    : 0.20 < quality < 0.30 :        10 elements
Info    : 0.30 < quality < 0.40 :         7 elements
Info    : 0.40 < quality < 0.50 :        23 elements
Info    : 0.50 < quality < 0.60 :        23 elements
Info    : 0.60 < quality < 0.70 :        62 elements
Info    : 0.70 < quality < 0.80 :       169 elements
Info    : 0.80 < quality < 0.90 :       172 elements
Info    : 0.90 < quality < 1.00 :        48 elements
Info    : 12 edge swaps, 0 node relocations (volume = 0.256429): worst = 0.322374 / average = 0.765175 (Wall 0.00017671s, CPU 0.000179s)
Info    : No ill-shaped tets in the mesh :-)
Info    : 0.00 < quality < 0.10 :         0 elements
Info    : 0.10 < quality < 0.20 :         0 elements
Info    : 0.20 < quality < 0.30 :         0 elements
Info    : 0.30 < quality < 0.40 :         7 elements
Info    : 0.40 < quality < 0.50 :        22 elements
Info    : 0.50 < quality < 0.60 :        20 elements
Info    : 0.60 < quality < 0.70 :        67 elements
Info    : 0.70 < quality < 0.80 :       166 elements
Info    : 0.80 < quality < 0.90 :       176 elements
Info    : 0.90 < quality < 1.00 :        48 elements
Info    : Done optimizing mesh (Wall 0.0674774s, CPU 0.065486s)
Info    : 13622 nodes 68265 elements
Info    : Meshing order 2 (curvilinear on)...
Info    : [  0%] Meshing curve 1 order 2
Info    : [ 10%] Meshing curve 2 order 2
Info    : [ 20%] Meshing curve 3 order 2
Info    : [ 20%] Meshing curve 4 order 2
Info    : [ 30%] Meshing curve 5 order 2
Info    : [ 30%] Meshing curve 6 order 2
Info    : [ 40%] Meshing curve 7 order 2
Info    : [ 40%] Meshing curve 8 order 2
Info    : [ 50%] Meshing curve 9 order 2
Info    : [ 50%] Meshing curve 10 order 2
Info    : [ 60%] Meshing curve 11 order 2
Info    : [ 60%] Meshing curve 12 order 2
Info    : [ 70%] Meshing surface 1 order 2
Info    : [ 70%] Meshing surface 2 order 2
Info    : [ 80%] Meshing surface 3 order 2
Info    : [ 80%] Meshing surface 4 order 2
Info    : [ 90%] Meshing surface 5 order 2
Info    : [ 90%] Meshing surface 6 order 2
Info    : [100%] Meshing volume 1 order 2
Info    : [100%] Meshing volume 2 order 2
Info    : Surface mesh: worst distortion = 0.797589 (0 elements in ]0, 0.2]); worst gamma = 0.514365
Info    : Volume mesh: worst distortion = 0.223079 (0 elements in ]0, 0.2])
Info    : Done meshing order 2 (Wall 10.647s, CPU 10.6377s)
Info    : Writing '/home/user/mscr-mom/현서/scripts/contact_scenarios/fea/matv2_mesh_LM0_phiN90_b180_s70.inp'...
Info    : Done writing '/home/user/mscr-mom/현서/scripts/contact_scenarios/fea/matv2_mesh_LM0_phiN90_b180_s70.inp'
  [LM0_phiN90_b180] F_mag=0.0007mN  (214.8s)
[LM0_phiN90_b180 8/10] L_M=0.0, phi=-90.0, beta=180.0, s=80.0mm, push_depth=0.1mm ...
Info    : Meshing 1D...
Info    : [  0%] Meshing curve 1 (BSpline)
Info    : [ 10%] Meshing curve 2 (Ellipse)
Info    : [ 20%] Meshing curve 3 (Ellipse)
Info    : [ 30%] Meshing curve 4 (BSpline)
Info    : [ 40%] Meshing curve 5 (BSpline)
Info    : [ 50%] Meshing curve 6 (BSpline)
Info    : [ 60%] Meshing curve 7 (BSpline)
Info    : [ 60%] Meshing curve 8 (BSpline)
Info    : [ 70%] Meshing curve 9 (BSpline)
Info    : [ 90%] Meshing curve 11 (Circle)
Info    : Done meshing 1D (Wall 0.0131195s, CPU 0.013073s)
Info    : Meshing 2D...
Info    : [  0%] Meshing surface 1 (Plane, Frontal-Delaunay)
Info    : [ 20%] Meshing surface 2 (Plane, Frontal-Delaunay)
Info    : [ 40%] Meshing surface 3 (BSpline surface, Frontal-Delaunay)
Info    : [ 60%] Meshing surface 4 (BSpline surface, Frontal-Delaunay)
Info    : [ 70%] Meshing surface 5 (Plane, Frontal-Delaunay)
Info    : [ 90%] Meshing surface 6 (Sphere, Frontal-Delaunay)
Info    : Done meshing 2D (Wall 0.751786s, CPU 0.751743s)
Info    : Meshing 3D...
Info    : 3D Meshing 2 volumes with 2 connected components
Info    : Tetrahedrizing 12468 nodes...
Info    : Done tetrahedrizing 12476 nodes (Wall 0.130329s, CPU 0.126327s)
Info    : Reconstructing mesh...
Info    :  - Creating surface mesh
Info    :  - Identifying boundary edges
Info    :  - Recovering boundary
Info    : Done reconstructing mesh (Wall 0.355542s, CPU 0.351523s)
Info    : Found volume 1
Info    : It. 0 - 0 nodes created - worst tet radius 1.0502 (nodes removed 0 0)
Info    : It. 500 - 500 nodes created - worst tet radius 1.00102 (nodes removed 0 0)
Info    : 3D refinement terminated (13219 nodes total):
Info    :  - 0 Delaunay cavities modified for star shapeness
Info    :  - 0 nodes could not be inserted
Info    :  - 42486 tetrahedra created in 0.0290404 sec. (1462994 tets/s)
Info    : 0 node relocations
Info    : Tetrahedrizing 131 nodes...
Info    : Done tetrahedrizing 139 nodes (Wall 0.000745789s, CPU 0.000746s)
Info    : Reconstructing mesh...
Info    :  - Creating surface mesh
Info    :  - Identifying boundary edges
Info    :  - Recovering boundary
Info    : Done reconstructing mesh (Wall 0.00172322s, CPU 0.001726s)
Info    : Found volume 2
Info    : It. 0 - 0 nodes created - worst tet radius 3.09842 (nodes removed 0 0)
Info    : 3D refinement terminated (12683 nodes total):
Info    :  - 0 Delaunay cavities modified for star shapeness
Info    :  - 0 nodes could not be inserted
Info    :  - 516 tetrahedra created in 0.00336203 sec. (153478 tets/s)
Info    : 0 node relocations
Info    : Done meshing 3D (Wall 0.655027s, CPU 0.649993s)
Info    : Optimizing mesh...
Info    : Optimizing volume 1
Info    : Optimization starts (volume = 235.625) with worst = 0.00264786 / average = 0.685273:
Info    : 0.00 < quality < 0.10 :       211 elements
Info    : 0.10 < quality < 0.20 :       443 elements
Info    : 0.20 < quality < 0.30 :       652 elements
Info    : 0.30 < quality < 0.40 :       781 elements
Info    : 0.40 < quality < 0.50 :      1062 elements
Info    : 0.50 < quality < 0.60 :      4076 elements
Info    : 0.60 < quality < 0.70 :     11445 elements
Info    : 0.70 < quality < 0.80 :     19625 elements
Info    : 0.80 < quality < 0.90 :      2334 elements
Info    : 0.90 < quality < 1.00 :      1857 elements
Info    : 1219 edge swaps, 37 node relocations (volume = 235.625): worst = 0.145329 / average = 0.702117 (Wall 0.0182548s, CPU 0.018253s)
Info    : 1277 edge swaps, 38 node relocations (volume = 235.625): worst = 0.145329 / average = 0.702753 (Wall 0.0224226s, CPU 0.022423s)
Info    : No ill-shaped tets in the mesh :-)
Info    : 0.00 < quality < 0.10 :         0 elements
Info    : 0.10 < quality < 0.20 :         4 elements
Info    : 0.20 < quality < 0.30 :        10 elements
Info    : 0.30 < quality < 0.40 :       616 elements
Info    : 0.40 < quality < 0.50 :       936 elements
Info    : 0.50 < quality < 0.60 :      4093 elements
Info    : 0.60 < quality < 0.70 :     11807 elements
Info    : 0.70 < quality < 0.80 :     19454 elements
Info    : 0.80 < quality < 0.90 :      2510 elements
Info    : 0.90 < quality < 1.00 :      1853 elements
Info    : Optimizing volume 2
Info    : Optimization starts (volume = 0.256427) with worst = 0.0863141 / average = 0.751454:
Info    : 0.00 < quality < 0.10 :         2 elements
Info    : 0.10 < quality < 0.20 :         1 elements
Info    : 0.20 < quality < 0.30 :        10 elements
Info    : 0.30 < quality < 0.40 :         7 elements
Info    : 0.40 < quality < 0.50 :        21 elements
Info    : 0.50 < quality < 0.60 :        18 elements
Info    : 0.60 < quality < 0.70 :        64 elements
Info    : 0.70 < quality < 0.80 :       179 elements
Info    : 0.80 < quality < 0.90 :       165 elements
Info    : 0.90 < quality < 1.00 :        49 elements
Info    : 12 edge swaps, 0 node relocations (volume = 0.256427): worst = 0.351733 / average = 0.766929 (Wall 0.000134395s, CPU 0.000136s)
Info    : No ill-shaped tets in the mesh :-)
Info    : 0.00 < quality < 0.10 :         0 elements
Info    : 0.10 < quality < 0.20 :         0 elements
Info    : 0.20 < quality < 0.30 :         0 elements
Info    : 0.30 < quality < 0.40 :         7 elements
Info    : 0.40 < quality < 0.50 :        19 elements
Info    : 0.50 < quality < 0.60 :        16 elements
Info    : 0.60 < quality < 0.70 :        69 elements
Info    : 0.70 < quality < 0.80 :       177 elements
Info    : 0.80 < quality < 0.90 :       168 elements
Info    : 0.90 < quality < 1.00 :        49 elements
Info    : Done optimizing mesh (Wall 0.0485089s, CPU 0.048506s)
Info    : 13622 nodes 68264 elements
Info    : Meshing order 2 (curvilinear on)...
Info    : [  0%] Meshing curve 1 order 2
Info    : [ 10%] Meshing curve 2 order 2
Info    : [ 20%] Meshing curve 3 order 2
Info    : [ 20%] Meshing curve 4 order 2
Info    : [ 30%] Meshing curve 5 order 2
Info    : [ 30%] Meshing curve 6 order 2
Info    : [ 40%] Meshing curve 7 order 2
Info    : [ 40%] Meshing curve 8 order 2
Info    : [ 50%] Meshing curve 9 order 2
Info    : [ 50%] Meshing curve 10 order 2
Info    : [ 60%] Meshing curve 11 order 2
Info    : [ 60%] Meshing curve 12 order 2
Info    : [ 70%] Meshing surface 1 order 2
Info    : [ 70%] Meshing surface 2 order 2
Info    : [ 80%] Meshing surface 3 order 2
Info    : [ 80%] Meshing surface 4 order 2
Info    : [ 90%] Meshing surface 5 order 2
Info    : [ 90%] Meshing surface 6 order 2
Info    : [100%] Meshing volume 1 order 2
Info    : [100%] Meshing volume 2 order 2
Info    : Surface mesh: worst distortion = 0.797589 (0 elements in ]0, 0.2]); worst gamma = 0.514365
Info    : Volume mesh: worst distortion = 0.223079 (0 elements in ]0, 0.2])
Info    : Done meshing order 2 (Wall 10.6958s, CPU 10.6889s)
Info    : Writing '/home/user/mscr-mom/현서/scripts/contact_scenarios/fea/matv2_mesh_LM0_phiN90_b180_s80.inp'...
Info    : Done writing '/home/user/mscr-mom/현서/scripts/contact_scenarios/fea/matv2_mesh_LM0_phiN90_b180_s80.inp'
  [LM0_phiN90_b180] F_mag=0.0005mN  (1051.6s)
[LM0_phiN90_b180 9/10] L_M=0.0, phi=-90.0, beta=180.0, s=90.0mm, push_depth=0.1mm ...
Info    : Meshing 1D...
Info    : [  0%] Meshing curve 1 (BSpline)
Info    : [ 10%] Meshing curve 2 (Ellipse)
Info    : [ 20%] Meshing curve 3 (Ellipse)
Info    : [ 30%] Meshing curve 4 (BSpline)
Info    : [ 40%] Meshing curve 5 (BSpline)
Info    : [ 50%] Meshing curve 6 (BSpline)
Info    : [ 60%] Meshing curve 7 (BSpline)
Info    : [ 60%] Meshing curve 8 (BSpline)
Info    : [ 70%] Meshing curve 9 (BSpline)
Info    : [ 90%] Meshing curve 11 (Circle)
Info    : Done meshing 1D (Wall 0.0128302s, CPU 0.012798s)
Info    : Meshing 2D...
Info    : [  0%] Meshing surface 1 (Plane, Frontal-Delaunay)
Info    : [ 20%] Meshing surface 2 (Plane, Frontal-Delaunay)
Info    : [ 40%] Meshing surface 3 (BSpline surface, Frontal-Delaunay)
Info    : [ 60%] Meshing surface 4 (BSpline surface, Frontal-Delaunay)
Info    : [ 70%] Meshing surface 5 (Plane, Frontal-Delaunay)
Info    : [ 90%] Meshing surface 6 (Sphere, Frontal-Delaunay)
Info    : Done meshing 2D (Wall 0.755453s, CPU 0.755133s)
Info    : Meshing 3D...
Info    : 3D Meshing 2 volumes with 2 connected components
Info    : Tetrahedrizing 12468 nodes...
Info    : Done tetrahedrizing 12476 nodes (Wall 0.148041s, CPU 0.140047s)
Info    : Reconstructing mesh...
Info    :  - Creating surface mesh
Info    :  - Identifying boundary edges
Info    :  - Recovering boundary
Info    : Done reconstructing mesh (Wall 0.348375s, CPU 0.340365s)
Info    : Found volume 1
Info    : It. 0 - 0 nodes created - worst tet radius 1.0502 (nodes removed 0 0)
Info    : It. 500 - 500 nodes created - worst tet radius 1.00102 (nodes removed 0 0)
Info    : 3D refinement terminated (13221 nodes total):
Info    :  - 0 Delaunay cavities modified for star shapeness
Info    :  - 0 nodes could not be inserted
Info    :  - 42486 tetrahedra created in 0.0309998 sec. (1370524 tets/s)
Info    : 0 node relocations
Info    : Tetrahedrizing 133 nodes...
Info    : Done tetrahedrizing 141 nodes (Wall 0.000725671s, CPU 0.000726s)
Info    : Reconstructing mesh...
Info    :  - Creating surface mesh
Info    :  - Identifying boundary edges
Info    :  - Recovering boundary
Info    : Done reconstructing mesh (Wall 0.00175002s, CPU 0.001754s)
Info    : Found volume 2
Info    : It. 0 - 0 nodes created - worst tet radius 3.12539 (nodes removed 0 0)
Info    : 3D refinement terminated (12687 nodes total):
Info    :  - 0 Delaunay cavities modified for star shapeness
Info    :  - 0 nodes could not be inserted
Info    :  - 533 tetrahedra created in 0.00397683 sec. (134026 tets/s)
Info    : 0 node relocations
Info    : Done meshing 3D (Wall 0.644214s, CPU 0.635512s)
Info    : Optimizing mesh...
Info    : Optimizing volume 1
Info    : Optimization starts (volume = 235.625) with worst = 0.00264786 / average = 0.685273:
Info    : 0.00 < quality < 0.10 :       211 elements
Info    : 0.10 < quality < 0.20 :       443 elements
Info    : 0.20 < quality < 0.30 :       652 elements
Info    : 0.30 < quality < 0.40 :       781 elements
Info    : 0.40 < quality < 0.50 :      1062 elements
Info    : 0.50 < quality < 0.60 :      4076 elements
Info    : 0.60 < quality < 0.70 :     11445 elements
Info    : 0.70 < quality < 0.80 :     19625 elements
Info    : 0.80 < quality < 0.90 :      2334 elements
Info    : 0.90 < quality < 1.00 :      1857 elements
Info    : 1219 edge swaps, 37 node relocations (volume = 235.625): worst = 0.145329 / average = 0.702117 (Wall 0.016566s, CPU 0.016566s)
Info    : 1277 edge swaps, 38 node relocations (volume = 235.625): worst = 0.145329 / average = 0.702753 (Wall 0.0202497s, CPU 0.02025s)
Info    : No ill-shaped tets in the mesh :-)
Info    : 0.00 < quality < 0.10 :         0 elements
Info    : 0.10 < quality < 0.20 :         4 elements
Info    : 0.20 < quality < 0.30 :        10 elements
Info    : 0.30 < quality < 0.40 :       616 elements
Info    : 0.40 < quality < 0.50 :       936 elements
Info    : 0.50 < quality < 0.60 :      4093 elements
Info    : 0.60 < quality < 0.70 :     11807 elements
Info    : 0.70 < quality < 0.80 :     19454 elements
Info    : 0.80 < quality < 0.90 :      2510 elements
Info    : 0.90 < quality < 1.00 :      1853 elements
Info    : Optimizing volume 2
Info    : Optimization starts (volume = 0.25666) with worst = 0.0364308 / average = 0.75575:
Info    : 0.00 < quality < 0.10 :         2 elements
Info    : 0.10 < quality < 0.20 :         1 elements
Info    : 0.20 < quality < 0.30 :         8 elements
Info    : 0.30 < quality < 0.40 :        10 elements
Info    : 0.40 < quality < 0.50 :        14 elements
Info    : 0.50 < quality < 0.60 :        24 elements
Info    : 0.60 < quality < 0.70 :        61 elements
Info    : 0.70 < quality < 0.80 :       183 elements
Info    : 0.80 < quality < 0.90 :       174 elements
Info    : 0.90 < quality < 1.00 :        56 elements
Info    : 11 edge swaps, 0 node relocations (volume = 0.25666): worst = 0.311169 / average = 0.768774 (Wall 0.000133674s, CPU 0.000137s)
Info    : No ill-shaped tets in the mesh :-)
Info    : 0.00 < quality < 0.10 :         0 elements
Info    : 0.10 < quality < 0.20 :         0 elements
Info    : 0.20 < quality < 0.30 :         0 elements
Info    : 0.30 < quality < 0.40 :        11 elements
Info    : 0.40 < quality < 0.50 :        14 elements
Info    : 0.50 < quality < 0.60 :        19 elements
Info    : 0.60 < quality < 0.70 :        64 elements
Info    : 0.70 < quality < 0.80 :       181 elements
Info    : 0.80 < quality < 0.90 :       178 elements
Info    : 0.90 < quality < 1.00 :        56 elements
Info    : Done optimizing mesh (Wall 0.0465782s, CPU 0.045979s)
Info    : 13626 nodes 68286 elements
Info    : Meshing order 2 (curvilinear on)...
Info    : [  0%] Meshing curve 1 order 2
Info    : [ 10%] Meshing curve 2 order 2
Info    : [ 20%] Meshing curve 3 order 2
Info    : [ 20%] Meshing curve 4 order 2
Info    : [ 30%] Meshing curve 5 order 2
Info    : [ 30%] Meshing curve 6 order 2
Info    : [ 40%] Meshing curve 7 order 2
Info    : [ 40%] Meshing curve 8 order 2
Info    : [ 50%] Meshing curve 9 order 2
Info    : [ 50%] Meshing curve 10 order 2
Info    : [ 60%] Meshing curve 11 order 2
Info    : [ 60%] Meshing curve 12 order 2
Info    : [ 70%] Meshing surface 1 order 2
Info    : [ 70%] Meshing surface 2 order 2
Info    : [ 80%] Meshing surface 3 order 2
Info    : [ 80%] Meshing surface 4 order 2
Info    : [ 90%] Meshing surface 5 order 2
Info    : [ 90%] Meshing surface 6 order 2
Info    : [100%] Meshing volume 1 order 2
Info    : [100%] Meshing volume 2 order 2
Info    : Surface mesh: worst distortion = 0.797589 (0 elements in ]0, 0.2]); worst gamma = 0.66509
Info    : Volume mesh: worst distortion = 0.223079 (0 elements in ]0, 0.2])
Info    : Done meshing order 2 (Wall 10.8164s, CPU 10.8129s)
Info    : Writing '/home/user/mscr-mom/현서/scripts/contact_scenarios/fea/matv2_mesh_LM0_phiN90_b180_s90.inp'...
Info    : Done writing '/home/user/mscr-mom/현서/scripts/contact_scenarios/fea/matv2_mesh_LM0_phiN90_b180_s90.inp'
  [LM0_phiN90_b180] F_mag=0.0003mN  (450.1s)
[LM0_phiN90_b180 10/10] L_M=0.0, phi=-90.0, beta=180.0, s=100.0mm, push_depth=0.1mm ...
Info    : Meshing 1D...
Info    : [  0%] Meshing curve 1 (BSpline)
Info    : [ 10%] Meshing curve 2 (Ellipse)
Info    : [ 20%] Meshing curve 3 (Ellipse)
Info    : [ 30%] Meshing curve 4 (BSpline)
Info    : [ 40%] Meshing curve 5 (BSpline)
Info    : [ 50%] Meshing curve 6 (BSpline)
Info    : [ 60%] Meshing curve 7 (BSpline)
Info    : [ 60%] Meshing curve 8 (BSpline)
Info    : [ 70%] Meshing curve 9 (BSpline)
Info    : [ 90%] Meshing curve 11 (Circle)
Info    : Done meshing 1D (Wall 0.0128454s, CPU 0.012847s)
Info    : Meshing 2D...
Info    : [  0%] Meshing surface 1 (Plane, Frontal-Delaunay)
Info    : [ 20%] Meshing surface 2 (Plane, Frontal-Delaunay)
Info    : [ 40%] Meshing surface 3 (BSpline surface, Frontal-Delaunay)
Info    : [ 60%] Meshing surface 4 (BSpline surface, Frontal-Delaunay)
Info    : [ 70%] Meshing surface 5 (Plane, Frontal-Delaunay)
Info    : [ 90%] Meshing surface 6 (Sphere, Frontal-Delaunay)
Info    : Done meshing 2D (Wall 0.744597s, CPU 0.744463s)
Info    : Meshing 3D...
Info    : 3D Meshing 2 volumes with 2 connected components
Info    : Tetrahedrizing 12468 nodes...
Info    : Done tetrahedrizing 12476 nodes (Wall 0.131995s, CPU 0.127955s)
Info    : Reconstructing mesh...
Info    :  - Creating surface mesh
Info    :  - Identifying boundary edges
Info    :  - Recovering boundary
Info    : Done reconstructing mesh (Wall 0.346004s, CPU 0.340391s)
Info    : Found volume 1
Info    : It. 0 - 0 nodes created - worst tet radius 1.0502 (nodes removed 0 0)
Info    : It. 500 - 500 nodes created - worst tet radius 1.00102 (nodes removed 0 0)
Info    : 3D refinement terminated (13218 nodes total):
Info    :  - 0 Delaunay cavities modified for star shapeness
Info    :  - 0 nodes could not be inserted
Info    :  - 42486 tetrahedra created in 0.0278328 sec. (1526473 tets/s)
Info    : 0 node relocations
Info    : Tetrahedrizing 130 nodes...
Info    : Done tetrahedrizing 138 nodes (Wall 0.000710636s, CPU 0.000711s)
Info    : Reconstructing mesh...
Info    :  - Creating surface mesh
Info    :  - Identifying boundary edges
Info    :  - Recovering boundary
Info    : Done reconstructing mesh (Wall 0.00169859s, CPU 0.001698s)
Info    : Found volume 2
Info    : It. 0 - 0 nodes created - worst tet radius 3.06116 (nodes removed 0 0)
Info    : 3D refinement terminated (12683 nodes total):
Info    :  - 1 Delaunay cavities modified for star shapeness
Info    :  - 0 nodes could not be inserted
Info    :  - 521 tetrahedra created in 0.00616581 sec. (84498 tets/s)
Info    : 0 node relocations
Info    : Done meshing 3D (Wall 0.629367s, CPU 0.622708s)
Info    : Optimizing mesh...
Info    : Optimizing volume 1
Info    : Optimization starts (volume = 235.625) with worst = 0.00264786 / average = 0.685273:
Info    : 0.00 < quality < 0.10 :       211 elements
Info    : 0.10 < quality < 0.20 :       443 elements
Info    : 0.20 < quality < 0.30 :       652 elements
Info    : 0.30 < quality < 0.40 :       781 elements
Info    : 0.40 < quality < 0.50 :      1062 elements
Info    : 0.50 < quality < 0.60 :      4076 elements
Info    : 0.60 < quality < 0.70 :     11445 elements
Info    : 0.70 < quality < 0.80 :     19625 elements
Info    : 0.80 < quality < 0.90 :      2334 elements
Info    : 0.90 < quality < 1.00 :      1857 elements
Info    : 1219 edge swaps, 37 node relocations (volume = 235.625): worst = 0.145329 / average = 0.702117 (Wall 0.0145549s, CPU 0.014555s)
Info    : 1277 edge swaps, 38 node relocations (volume = 235.625): worst = 0.145329 / average = 0.702753 (Wall 0.0176896s, CPU 0.017691s)
Info    : No ill-shaped tets in the mesh :-)
Info    : 0.00 < quality < 0.10 :         0 elements
Info    : 0.10 < quality < 0.20 :         4 elements
Info    : 0.20 < quality < 0.30 :        10 elements
Info    : 0.30 < quality < 0.40 :       616 elements
Info    : 0.40 < quality < 0.50 :       936 elements
Info    : 0.50 < quality < 0.60 :      4093 elements
Info    : 0.60 < quality < 0.70 :     11807 elements
Info    : 0.70 < quality < 0.80 :     19454 elements
Info    : 0.80 < quality < 0.90 :      2510 elements
Info    : 0.90 < quality < 1.00 :      1853 elements
Info    : Optimizing volume 2
Info    : Optimization starts (volume = 0.256263) with worst = 0.110072 / average = 0.751675:
Info    : 0.00 < quality < 0.10 :         0 elements
Info    : 0.10 < quality < 0.20 :         6 elements
Info    : 0.20 < quality < 0.30 :         6 elements
Info    : 0.30 < quality < 0.40 :         7 elements
Info    : 0.40 < quality < 0.50 :        17 elements
Info    : 0.50 < quality < 0.60 :        22 elements
Info    : 0.60 < quality < 0.70 :        67 elements
Info    : 0.70 < quality < 0.80 :       181 elements
Info    : 0.80 < quality < 0.90 :       168 elements
Info    : 0.90 < quality < 1.00 :        47 elements
Info    : 12 edge swaps, 0 node relocations (volume = 0.256263): worst = 0.300791 / average = 0.768437 (Wall 0.000128486s, CPU 0.00013s)
Info    : No ill-shaped tets in the mesh :-)
Info    : 0.00 < quality < 0.10 :         0 elements
Info    : 0.10 < quality < 0.20 :         0 elements
Info    : 0.20 < quality < 0.30 :         0 elements
Info    : 0.30 < quality < 0.40 :         6 elements
Info    : 0.40 < quality < 0.50 :        12 elements
Info    : 0.50 < quality < 0.60 :        20 elements
Info    : 0.60 < quality < 0.70 :        68 elements
Info    : 0.70 < quality < 0.80 :       189 elements
Info    : 0.80 < quality < 0.90 :       167 elements
Info    : 0.90 < quality < 1.00 :        47 elements
Info    : Done optimizing mesh (Wall 0.0451844s, CPU 0.044171s)
Info    : 13622 nodes 68266 elements
Info    : Meshing order 2 (curvilinear on)...
Info    : [  0%] Meshing curve 1 order 2
Info    : [ 10%] Meshing curve 2 order 2
Info    : [ 20%] Meshing curve 3 order 2
Info    : [ 20%] Meshing curve 4 order 2
Info    : [ 30%] Meshing curve 5 order 2
Info    : [ 30%] Meshing curve 6 order 2
Info    : [ 40%] Meshing curve 7 order 2
Info    : [ 40%] Meshing curve 8 order 2
Info    : [ 50%] Meshing curve 9 order 2
Info    : [ 50%] Meshing curve 10 order 2
Info    : [ 60%] Meshing curve 11 order 2
Info    : [ 60%] Meshing curve 12 order 2
Info    : [ 70%] Meshing surface 1 order 2
Info    : [ 70%] Meshing surface 2 order 2
Info    : [ 80%] Meshing surface 3 order 2
Info    : [ 80%] Meshing surface 4 order 2
Info    : [ 90%] Meshing surface 5 order 2
Info    : [ 90%] Meshing surface 6 order 2
Info    : [100%] Meshing volume 1 order 2
Info    : [100%] Meshing volume 2 order 2
Info    : Surface mesh: worst distortion = 0.797589 (0 elements in ]0, 0.2]); worst gamma = 0.573972
Info    : Volume mesh: worst distortion = 0.223079 (0 elements in ]0, 0.2])
Info    : Done meshing order 2 (Wall 10.7824s, CPU 10.7792s)
Info    : Writing '/home/user/mscr-mom/현서/scripts/contact_scenarios/fea/matv2_mesh_LM0_phiN90_b180_s100.inp'...
Info    : Done writing '/home/user/mscr-mom/현서/scripts/contact_scenarios/fea/matv2_mesh_LM0_phiN90_b180_s100.inp'
  [LM0_phiN90_b180] [실패] (13.2s)
[LM0_phiN90_b180] 완료: 7/10 성공
