[STB0_phiP150_s80_v002_b0 1/1] L_M=0.0, phi=150.0, beta=0.0, s=80.0mm, push_depth=0.1mm ...
Info    : Meshing 1D...
Info    : [  0%] Meshing curve 1 (BSpline)
Info    : [ 10%] Meshing curve 2 (Ellipse)
Info    : [ 20%] Meshing curve 3 (Ellipse)
Info    : [ 30%] Meshing curve 4 (BSpline)
Info    : [ 40%] Meshing curve 5 (BSpline)
Info    : [ 50%] Meshing curve 6 (BSpline)
Info    : [ 60%] Meshing curve 7 (BSpline)
Info    : [ 60%] Meshing curve 8 (BSpline)
Info    : [ 70%] Meshing curve 9 (BSpline)
Info    : [ 90%] Meshing curve 11 (Circle)
Info    : Done meshing 1D (Wall 0.0264596s, CPU 0.026409s)
Info    : Meshing 2D...
Info    : [  0%] Meshing surface 1 (Plane, Frontal-Delaunay)
Info    : [ 20%] Meshing surface 2 (Plane, Frontal-Delaunay)
Info    : [ 40%] Meshing surface 3 (BSpline surface, Frontal-Delaunay)
Info    : [ 60%] Meshing surface 4 (BSpline surface, Frontal-Delaunay)
Info    : [ 70%] Meshing surface 5 (Plane, Frontal-Delaunay)
Info    : [ 90%] Meshing surface 6 (Sphere, Frontal-Delaunay)
Info    : Done meshing 2D (Wall 1.24429s, CPU 1.20186s)
Info    : Meshing 3D...
Info    : 3D Meshing 2 volumes with 2 connected components
Info    : Tetrahedrizing 12513 nodes...
Info    : Done tetrahedrizing 12521 nodes (Wall 0.246014s, CPU 0.214909s)
Info    : Reconstructing mesh...
Info    :  - Creating surface mesh
Info    :  - Identifying boundary edges
Info    :  - Recovering boundary
Info    : Done reconstructing mesh (Wall 0.639326s, CPU 0.576262s)
Info    : Found volume 1
Info    : It. 0 - 0 nodes created - worst tet radius 1.03896 (nodes removed 0 0)
Info    : 3D refinement terminated (13163 nodes total):
Info    :  - 0 Delaunay cavities modified for star shapeness
Info    :  - 0 nodes could not be inserted
Info    :  - 41590 tetrahedra created in 0.0404474 sec. (1028249 tets/s)
Info    : 0 node relocations
Info    : Tetrahedrizing 132 nodes...
Info    : Done tetrahedrizing 140 nodes (Wall 0.00104698s, CPU 0.001047s)
Info    : Reconstructing mesh...
Info    :  - Creating surface mesh
Info    :  - Identifying boundary edges
Info    :  - Recovering boundary
Info    : Done reconstructing mesh (Wall 0.00239408s, CPU 0.00239s)
Info    : Found volume 2
Info    : It. 0 - 0 nodes created - worst tet radius 3.0808 (nodes removed 0 0)
Info    : 3D refinement terminated (12725 nodes total):
Info    :  - 1 Delaunay cavities modified for star shapeness
Info    :  - 0 nodes could not be inserted
Info    :  - 486 tetrahedra created in 0.00944579 sec. (51451 tets/s)
Info    : 0 node relocations
Info    : Done meshing 3D (Wall 1.10346s, CPU 1.0401s)
Info    : Optimizing mesh...
Info    : Optimizing volume 1
Info    : Optimization starts (volume = 235.581) with worst = 0.00377231 / average = 0.688282:
Info    : 0.00 < quality < 0.10 :       250 elements
Info    : 0.10 < quality < 0.20 :       273 elements
Info    : 0.20 < quality < 0.30 :       500 elements
Info    : 0.30 < quality < 0.40 :       537 elements
Info    : 0.40 < quality < 0.50 :      1027 elements
Info    : 0.50 < quality < 0.60 :      3388 elements
Info    : 0.60 < quality < 0.70 :     12274 elements
Info    : 0.70 < quality < 0.80 :     19896 elements
Info    : 0.80 < quality < 0.90 :      1889 elements
Info    : 0.90 < quality < 1.00 :      1556 elements
Info    : 989 edge swaps, 12 node relocations (volume = 235.581): worst = 0.112955 / average = 0.702536 (Wall 0.0171811s, CPU 0.01718s)
Info    : 1011 edge swaps, 12 node relocations (volume = 235.581): worst = 0.159876 / average = 0.702804 (Wall 0.0219119s, CPU 0.021904s)
Info    : No ill-shaped tets in the mesh :-)
Info    : 0.00 < quality < 0.10 :         0 elements
Info    : 0.10 < quality < 0.20 :         3 elements
Info    : 0.20 < quality < 0.30 :        11 elements
Info    : 0.30 < quality < 0.40 :       438 elements
Info    : 0.40 < quality < 0.50 :       797 elements
Info    : 0.50 < quality < 0.60 :      3450 elements
Info    : 0.60 < quality < 0.70 :     12656 elements
Info    : 0.70 < quality < 0.80 :     19665 elements
Info    : 0.80 < quality < 0.90 :      2068 elements
Info    : 0.90 < quality < 1.00 :      1558 elements
Info    : Optimizing volume 2
Info    : Optimization starts (volume = 0.256478) with worst = 0.102894 / average = 0.748403:
Info    : 0.00 < quality < 0.10 :         0 elements
Info    : 0.10 < quality < 0.20 :         2 elements
Info    : 0.20 < quality < 0.30 :         5 elements
Info    : 0.30 < quality < 0.40 :        11 elements
Info    : 0.40 < quality < 0.50 :        16 elements
Info    : 0.50 < quality < 0.60 :        26 elements
Info    : 0.60 < quality < 0.70 :        64 elements
Info    : 0.70 < quality < 0.80 :       170 elements
Info    : 0.80 < quality < 0.90 :       151 elements
Info    : 0.90 < quality < 1.00 :        41 elements
Info    : 6 edge swaps, 0 node relocations (volume = 0.256478): worst = 0.314987 / average = 0.757554 (Wall 0.000113894s, CPU 0.000118s)
Info    : No ill-shaped tets in the mesh :-)
Info    : 0.00 < quality < 0.10 :         0 elements
Info    : 0.10 < quality < 0.20 :         0 elements
Info    : 0.20 < quality < 0.30 :         0 elements
Info    : 0.30 < quality < 0.40 :        10 elements
Info    : 0.40 < quality < 0.50 :        15 elements
Info    : 0.50 < quality < 0.60 :        26 elements
Info    : 0.60 < quality < 0.70 :        66 elements
Info    : 0.70 < quality < 0.80 :       170 elements
Info    : 0.80 < quality < 0.90 :       152 elements
Info    : 0.90 < quality < 1.00 :        41 elements
Info    : Done optimizing mesh (Wall 0.0668159s, CPU 0.066804s)
Info    : 13562 nodes 67631 elements
Info    : Meshing order 2 (curvilinear on)...
Info    : [  0%] Meshing curve 1 order 2
Info    : [ 10%] Meshing curve 2 order 2
Info    : [ 20%] Meshing curve 3 order 2
Info    : [ 20%] Meshing curve 4 order 2
Info    : [ 30%] Meshing curve 5 order 2
Info    : [ 30%] Meshing curve 6 order 2
Info    : [ 40%] Meshing curve 7 order 2
Info    : [ 40%] Meshing curve 8 order 2
Info    : [ 50%] Meshing curve 9 order 2
Info    : [ 50%] Meshing curve 10 order 2
Info    : [ 60%] Meshing curve 11 order 2
Info    : [ 60%] Meshing curve 12 order 2
Info    : [ 70%] Meshing surface 1 order 2
Info    : [ 70%] Meshing surface 2 order 2
Info    : [ 80%] Meshing surface 3 order 2
Info    : [ 80%] Meshing surface 4 order 2
Info    : [ 90%] Meshing surface 5 order 2
Info    : [ 90%] Meshing surface 6 order 2
Info    : [100%] Meshing volume 1 order 2
Info    : [100%] Meshing volume 2 order 2
Info    : Surface mesh: worst distortion = 0.797589 (0 elements in ]0, 0.2]); worst gamma = 0.562417
Info    : Volume mesh: worst distortion = 0.258317 (0 elements in ]0, 0.2])
Info    : Done meshing order 2 (Wall 9.52968s, CPU 9.3223s)
Info    : Writing '/home/user/mscr-mom/현서/scripts/contact_scenarios/fea/matv2_mesh_STB0_phiP150_s80_v002_b0_s80.inp'...
Info    : Done writing '/home/user/mscr-mom/현서/scripts/contact_scenarios/fea/matv2_mesh_STB0_phiP150_s80_v002_b0_s80.inp'
