[LM75_phiN120_b0 1/10] L_M=75.0, phi=-120.0, beta=0.0, s=10.0mm, push_depth=0.1mm ...
Info    : Meshing 1D...
Info    : [  0%] Meshing curve 1 (BSpline)
Info    : [ 10%] Meshing curve 2 (Ellipse)
Info    : [ 20%] Meshing curve 3 (Ellipse)
Info    : [ 30%] Meshing curve 4 (BSpline)
Info    : [ 40%] Meshing curve 5 (BSpline)
Info    : [ 50%] Meshing curve 6 (BSpline)
Info    : [ 60%] Meshing curve 7 (BSpline)
Info    : [ 60%] Meshing curve 8 (BSpline)
Info    : [ 70%] Meshing curve 9 (BSpline)
Info    : [ 90%] Meshing curve 11 (Circle)
Info    : Done meshing 1D (Wall 0.0246713s, CPU 0.024633s)
Info    : Meshing 2D...
Info    : [  0%] Meshing surface 1 (Plane, Frontal-Delaunay)
Info    : [ 20%] Meshing surface 2 (Plane, Frontal-Delaunay)
Info    : [ 40%] Meshing surface 3 (BSpline surface, Frontal-Delaunay)
Info    : [ 60%] Meshing surface 4 (BSpline surface, Frontal-Delaunay)
Info    : [ 70%] Meshing surface 5 (Plane, Frontal-Delaunay)
Info    : [ 90%] Meshing surface 6 (Sphere, Frontal-Delaunay)
Info    : Done meshing 2D (Wall 0.711541s, CPU 0.705524s)
Info    : Meshing 3D...
Info    : 3D Meshing 2 volumes with 2 connected components
Info    : Tetrahedrizing 12455 nodes...
Info    : Done tetrahedrizing 12463 nodes (Wall 0.150942s, CPU 0.141931s)
Info    : Reconstructing mesh...
Info    :  - Creating surface mesh
Info    :  - Identifying boundary edges
Info    :  - Recovering boundary
Info    : Done reconstructing mesh (Wall 0.394955s, CPU 0.368937s)
Info    : Found volume 1
Info    : It. 0 - 0 nodes created - worst tet radius 1.04189 (nodes removed 0 0)
Info    : 3D refinement terminated (13067 nodes total):
Info    :  - 0 Delaunay cavities modified for star shapeness
Info    :  - 0 nodes could not be inserted
Info    :  - 41521 tetrahedra created in 0.0255513 sec. (1625004 tets/s)
Info    : 0 node relocations
Info    : Tetrahedrizing 134 nodes...
Info    : Done tetrahedrizing 142 nodes (Wall 0.00080989s, CPU 0.000812s)
Info    : Reconstructing mesh...
Info    :  - Creating surface mesh
Info    :  - Identifying boundary edges
Info    :  - Recovering boundary
Info    : Done reconstructing mesh (Wall 0.00218287s, CPU 0.002163s)
Info    : Found volume 2
Info    : It. 0 - 0 nodes created - worst tet radius 3.11861 (nodes removed 0 0)
Info    : 3D refinement terminated (12671 nodes total):
Info    :  - 0 Delaunay cavities modified for star shapeness
Info    :  - 0 nodes could not be inserted
Info    :  - 511 tetrahedra created in 0.00560543 sec. (91161 tets/s)
Info    : 0 node relocations
Info    : Done meshing 3D (Wall 0.703021s, CPU 0.675961s)
Info    : Optimizing mesh...
Info    : Optimizing volume 1
Info    : Optimization starts (volume = 235.604) with worst = 0.007709 / average = 0.681347:
Info    : 0.00 < quality < 0.10 :       170 elements
Info    : 0.10 < quality < 0.20 :       411 elements
Info    : 0.20 < quality < 0.30 :       666 elements
Info    : 0.30 < quality < 0.40 :       910 elements
Info    : 0.40 < quality < 0.50 :      1502 elements
Info    : 0.50 < quality < 0.60 :      3786 elements
Info    : 0.60 < quality < 0.70 :     10195 elements
Info    : 0.70 < quality < 0.80 :     20599 elements
Info    : 0.80 < quality < 0.90 :      1875 elements
Info    : 0.90 < quality < 1.00 :      1407 elements
Info    : 1201 edge swaps, 14 node relocations (volume = 235.604): worst = 0.086052 / average = 0.697881 (Wall 0.0151326s, CPU 0.015134s)
Info    : 1252 edge swaps, 15 node relocations (volume = 235.604): worst = 0.086052 / average = 0.69849 (Wall 0.0188473s, CPU 0.018849s)
Info    : No ill-shaped tets in the mesh :-)
Info    : 0.00 < quality < 0.10 :         1 elements
Info    : 0.10 < quality < 0.20 :         6 elements
Info    : 0.20 < quality < 0.30 :        12 elements
Info    : 0.30 < quality < 0.40 :       808 elements
Info    : 0.40 < quality < 0.50 :      1241 elements
Info    : 0.50 < quality < 0.60 :      3743 elements
Info    : 0.60 < quality < 0.70 :     10791 elements
Info    : 0.70 < quality < 0.80 :     20364 elements
Info    : 0.80 < quality < 0.90 :      1995 elements
Info    : 0.90 < quality < 1.00 :      1406 elements
Info    : Optimizing volume 2
Info    : Optimization starts (volume = 0.256681) with worst = 0.117905 / average = 0.74665:
Info    : 0.00 < quality < 0.10 :         0 elements
Info    : 0.10 < quality < 0.20 :         2 elements
Info    : 0.20 < quality < 0.30 :         5 elements
Info    : 0.30 < quality < 0.40 :        17 elements
Info    : 0.40 < quality < 0.50 :        12 elements
Info    : 0.50 < quality < 0.60 :        25 elements
Info    : 0.60 < quality < 0.70 :        76 elements
Info    : 0.70 < quality < 0.80 :       179 elements
Info    : 0.80 < quality < 0.90 :       148 elements
Info    : 0.90 < quality < 1.00 :        47 elements
Info    : 7 edge swaps, 0 node relocations (volume = 0.256681): worst = 0.304797 / average = 0.756046 (Wall 0.000102477s, CPU 0.000105s)
Info    : No ill-shaped tets in the mesh :-)
Info    : 0.00 < quality < 0.10 :         0 elements
Info    : 0.10 < quality < 0.20 :         0 elements
Info    : 0.20 < quality < 0.30 :         0 elements
Info    : 0.30 < quality < 0.40 :        16 elements
Info    : 0.40 < quality < 0.50 :        11 elements
Info    : 0.50 < quality < 0.60 :        22 elements
Info    : 0.60 < quality < 0.70 :        79 elements
Info    : 0.70 < quality < 0.80 :       181 elements
Info    : 0.80 < quality < 0.90 :       148 elements
Info    : 0.90 < quality < 1.00 :        47 elements
Info    : Done optimizing mesh (Wall 0.0463006s, CPU 0.046299s)
Info    : 13468 nodes 67319 elements
Info    : Meshing order 2 (curvilinear on)...
Info    : [  0%] Meshing curve 1 order 2
Info    : [ 10%] Meshing curve 2 order 2
Info    : [ 20%] Meshing curve 3 order 2
Info    : [ 20%] Meshing curve 4 order 2
Info    : [ 30%] Meshing curve 5 order 2
Info    : [ 30%] Meshing curve 6 order 2
Info    : [ 40%] Meshing curve 7 order 2
Info    : [ 40%] Meshing curve 8 order 2
Info    : [ 50%] Meshing curve 9 order 2
Info    : [ 50%] Meshing curve 10 order 2
Info    : [ 60%] Meshing curve 11 order 2
Info    : [ 60%] Meshing curve 12 order 2
Info    : [ 70%] Meshing surface 1 order 2
Info    : [ 70%] Meshing surface 2 order 2
Info    : [ 80%] Meshing surface 3 order 2
Info    : [ 80%] Meshing surface 4 order 2
Info    : [ 90%] Meshing surface 5 order 2
Info    : [ 90%] Meshing surface 6 order 2
Info    : [100%] Meshing volume 1 order 2
Info    : [100%] Meshing volume 2 order 2
Info    : Surface mesh: worst distortion = 0.797589 (0 elements in ]0, 0.2]); worst gamma = 0.632317
Info    : Volume mesh: worst distortion = 0.254107 (0 elements in ]0, 0.2])
Info    : Done meshing order 2 (Wall 14.3554s, CPU 14.3496s)
Info    : Writing '/home/user/mscr-mom/현서/scripts/contact_scenarios/fea/matv2_mesh_LM75_phiN120_b0_s10.inp'...
Info    : Done writing '/home/user/mscr-mom/현서/scripts/contact_scenarios/fea/matv2_mesh_LM75_phiN120_b0_s10.inp'
  [LM75_phiN120_b0] F_mag=0.1392mN  (152.4s)
[LM75_phiN120_b0 2/10] L_M=75.0, phi=-120.0, beta=0.0, s=20.0mm, push_depth=0.1mm ...
Info    : Meshing 1D...
Info    : [  0%] Meshing curve 1 (BSpline)
Info    : [ 10%] Meshing curve 2 (Ellipse)
Info    : [ 20%] Meshing curve 3 (Ellipse)
Info    : [ 30%] Meshing curve 4 (BSpline)
Info    : [ 40%] Meshing curve 5 (BSpline)
Info    : [ 50%] Meshing curve 6 (BSpline)
Info    : [ 60%] Meshing curve 7 (BSpline)
Info    : [ 60%] Meshing curve 8 (BSpline)
Info    : [ 70%] Meshing curve 9 (BSpline)
Info    : [ 90%] Meshing curve 11 (Circle)
Info    : Done meshing 1D (Wall 0.0235355s, CPU 0.023506s)
Info    : Meshing 2D...
Info    : [  0%] Meshing surface 1 (Plane, Frontal-Delaunay)
Info    : [ 20%] Meshing surface 2 (Plane, Frontal-Delaunay)
Info    : [ 40%] Meshing surface 3 (BSpline surface, Frontal-Delaunay)
Info    : [ 60%] Meshing surface 4 (BSpline surface, Frontal-Delaunay)
Info    : [ 70%] Meshing surface 5 (Plane, Frontal-Delaunay)
Info    : [ 90%] Meshing surface 6 (Sphere, Frontal-Delaunay)
Info    : Done meshing 2D (Wall 0.763498s, CPU 0.762281s)
Info    : Meshing 3D...
Info    : 3D Meshing 2 volumes with 2 connected components
Info    : Tetrahedrizing 12455 nodes...
Info    : Done tetrahedrizing 12463 nodes (Wall 0.153756s, CPU 0.145724s)
Info    : Reconstructing mesh...
Info    :  - Creating surface mesh
Info    :  - Identifying boundary edges
Info    :  - Recovering boundary
Info    : Done reconstructing mesh (Wall 0.391476s, CPU 0.372409s)
Info    : Found volume 1
Info    : It. 0 - 0 nodes created - worst tet radius 1.04189 (nodes removed 0 0)
Info    : 3D refinement terminated (13067 nodes total):
Info    :  - 0 Delaunay cavities modified for star shapeness
Info    :  - 0 nodes could not be inserted
Info    :  - 41521 tetrahedra created in 0.0287825 sec. (1442576 tets/s)
Info    : 0 node relocations
Info    : Tetrahedrizing 134 nodes...
Info    : Done tetrahedrizing 142 nodes (Wall 0.000789568s, CPU 0.000778s)
Info    : Reconstructing mesh...
Info    :  - Creating surface mesh
Info    :  - Identifying boundary edges
Info    :  - Recovering boundary
Info    : Done reconstructing mesh (Wall 0.00185668s, CPU 0.001847s)
Info    : Found volume 2
Info    : It. 0 - 0 nodes created - worst tet radius 3.11861 (nodes removed 0 0)
Info    : 3D refinement terminated (12671 nodes total):
Info    :  - 0 Delaunay cavities modified for star shapeness
Info    :  - 0 nodes could not be inserted
Info    :  - 511 tetrahedra created in 0.00519804 sec. (98306 tets/s)
Info    : 0 node relocations
Info    : Done meshing 3D (Wall 0.731316s, CPU 0.712194s)
Info    : Optimizing mesh...
Info    : Optimizing volume 1
Info    : Optimization starts (volume = 235.604) with worst = 0.007709 / average = 0.681347:
Info    : 0.00 < quality < 0.10 :       170 elements
Info    : 0.10 < quality < 0.20 :       411 elements
Info    : 0.20 < quality < 0.30 :       666 elements
Info    : 0.30 < quality < 0.40 :       910 elements
Info    : 0.40 < quality < 0.50 :      1502 elements
Info    : 0.50 < quality < 0.60 :      3786 elements
Info    : 0.60 < quality < 0.70 :     10195 elements
Info    : 0.70 < quality < 0.80 :     20599 elements
Info    : 0.80 < quality < 0.90 :      1875 elements
Info    : 0.90 < quality < 1.00 :      1407 elements
Info    : 1201 edge swaps, 14 node relocations (volume = 235.604): worst = 0.086052 / average = 0.697881 (Wall 0.0168448s, CPU 0.016845s)
Info    : 1252 edge swaps, 15 node relocations (volume = 235.604): worst = 0.086052 / average = 0.69849 (Wall 0.0211714s, CPU 0.021172s)
Info    : No ill-shaped tets in the mesh :-)
Info    : 0.00 < quality < 0.10 :         1 elements
Info    : 0.10 < quality < 0.20 :         6 elements
Info    : 0.20 < quality < 0.30 :        12 elements
Info    : 0.30 < quality < 0.40 :       808 elements
Info    : 0.40 < quality < 0.50 :      1241 elements
Info    : 0.50 < quality < 0.60 :      3743 elements
Info    : 0.60 < quality < 0.70 :     10791 elements
Info    : 0.70 < quality < 0.80 :     20364 elements
Info    : 0.80 < quality < 0.90 :      1995 elements
Info    : 0.90 < quality < 1.00 :      1406 elements
Info    : Optimizing volume 2
Info    : Optimization starts (volume = 0.256681) with worst = 0.117905 / average = 0.74665:
Info    : 0.00 < quality < 0.10 :         0 elements
Info    : 0.10 < quality < 0.20 :         2 elements
Info    : 0.20 < quality < 0.30 :         5 elements
Info    : 0.30 < quality < 0.40 :        17 elements
Info    : 0.40 < quality < 0.50 :        12 elements
Info    : 0.50 < quality < 0.60 :        25 elements
Info    : 0.60 < quality < 0.70 :        76 elements
Info    : 0.70 < quality < 0.80 :       179 elements
Info    : 0.80 < quality < 0.90 :       148 elements
Info    : 0.90 < quality < 1.00 :        47 elements
Info    : 7 edge swaps, 0 node relocations (volume = 0.256681): worst = 0.304797 / average = 0.756046 (Wall 0.000111721s, CPU 0.000113s)
Info    : No ill-shaped tets in the mesh :-)
Info    : 0.00 < quality < 0.10 :         0 elements
Info    : 0.10 < quality < 0.20 :         0 elements
Info    : 0.20 < quality < 0.30 :         0 elements
Info    : 0.30 < quality < 0.40 :        16 elements
Info    : 0.40 < quality < 0.50 :        11 elements
Info    : 0.50 < quality < 0.60 :        22 elements
Info    : 0.60 < quality < 0.70 :        79 elements
Info    : 0.70 < quality < 0.80 :       181 elements
Info    : 0.80 < quality < 0.90 :       148 elements
Info    : 0.90 < quality < 1.00 :        47 elements
Info    : Done optimizing mesh (Wall 0.0547809s, CPU 0.053762s)
Info    : 13468 nodes 67319 elements
Info    : Meshing order 2 (curvilinear on)...
Info    : [  0%] Meshing curve 1 order 2
Info    : [ 10%] Meshing curve 2 order 2
Info    : [ 20%] Meshing curve 3 order 2
Info    : [ 20%] Meshing curve 4 order 2
Info    : [ 30%] Meshing curve 5 order 2
Info    : [ 30%] Meshing curve 6 order 2
Info    : [ 40%] Meshing curve 7 order 2
Info    : [ 40%] Meshing curve 8 order 2
Info    : [ 50%] Meshing curve 9 order 2
Info    : [ 50%] Meshing curve 10 order 2
Info    : [ 60%] Meshing curve 11 order 2
Info    : [ 60%] Meshing curve 12 order 2
Info    : [ 70%] Meshing surface 1 order 2
Info    : [ 70%] Meshing surface 2 order 2
Info    : [ 80%] Meshing surface 3 order 2
Info    : [ 80%] Meshing surface 4 order 2
Info    : [ 90%] Meshing surface 5 order 2
Info    : [ 90%] Meshing surface 6 order 2
Info    : [100%] Meshing volume 1 order 2
Info    : [100%] Meshing volume 2 order 2
Info    : Surface mesh: worst distortion = 0.797589 (0 elements in ]0, 0.2]); worst gamma = 0.632317
Info    : Volume mesh: worst distortion = 0.254107 (0 elements in ]0, 0.2])
Info    : Done meshing order 2 (Wall 14.6546s, CPU 14.6325s)
Info    : Writing '/home/user/mscr-mom/현서/scripts/contact_scenarios/fea/matv2_mesh_LM75_phiN120_b0_s20.inp'...
Info    : Done writing '/home/user/mscr-mom/현서/scripts/contact_scenarios/fea/matv2_mesh_LM75_phiN120_b0_s20.inp'
  [LM75_phiN120_b0] F_mag=0.0167mN  (314.5s)
[LM75_phiN120_b0 3/10] L_M=75.0, phi=-120.0, beta=0.0, s=30.0mm, push_depth=0.1mm ...
Info    : Meshing 1D...
Info    : [  0%] Meshing curve 1 (BSpline)
Info    : [ 10%] Meshing curve 2 (Ellipse)
Info    : [ 20%] Meshing curve 3 (Ellipse)
Info    : [ 30%] Meshing curve 4 (BSpline)
Info    : [ 40%] Meshing curve 5 (BSpline)
Info    : [ 50%] Meshing curve 6 (BSpline)
Info    : [ 60%] Meshing curve 7 (BSpline)
Info    : [ 60%] Meshing curve 8 (BSpline)
Info    : [ 70%] Meshing curve 9 (BSpline)
Info    : [ 90%] Meshing curve 11 (Circle)
Info    : Done meshing 1D (Wall 0.0235889s, CPU 0.023567s)
Info    : Meshing 2D...
Info    : [  0%] Meshing surface 1 (Plane, Frontal-Delaunay)
Info    : [ 20%] Meshing surface 2 (Plane, Frontal-Delaunay)
Info    : [ 40%] Meshing surface 3 (BSpline surface, Frontal-Delaunay)
Info    : [ 60%] Meshing surface 4 (BSpline surface, Frontal-Delaunay)
Info    : [ 70%] Meshing surface 5 (Plane, Frontal-Delaunay)
Info    : [ 90%] Meshing surface 6 (Sphere, Frontal-Delaunay)
Info    : Done meshing 2D (Wall 0.734291s, CPU 0.733153s)
Info    : Meshing 3D...
Info    : 3D Meshing 2 volumes with 2 connected components
Info    : Tetrahedrizing 12455 nodes...
Info    : Done tetrahedrizing 12463 nodes (Wall 0.151043s, CPU 0.138022s)
Info    : Reconstructing mesh...
Info    :  - Creating surface mesh
Info    :  - Identifying boundary edges
Info    :  - Recovering boundary
Info    : Done reconstructing mesh (Wall 0.416551s, CPU 0.393508s)
Info    : Found volume 1
Info    : It. 0 - 0 nodes created - worst tet radius 1.04189 (nodes removed 0 0)
Info    : 3D refinement terminated (13067 nodes total):
Info    :  - 0 Delaunay cavities modified for star shapeness
Info    :  - 0 nodes could not be inserted
Info    :  - 41521 tetrahedra created in 0.0251439 sec. (1651334 tets/s)
Info    : 0 node relocations
Info    : Tetrahedrizing 134 nodes...
Info    : Done tetrahedrizing 142 nodes (Wall 0.000744738s, CPU 0.000744s)
Info    : Reconstructing mesh...
Info    :  - Creating surface mesh
Info    :  - Identifying boundary edges
Info    :  - Recovering boundary
Info    : Done reconstructing mesh (Wall 0.0017006s, CPU 0.001825s)
Info    : Found volume 2
Info    : It. 0 - 0 nodes created - worst tet radius 3.11861 (nodes removed 0 0)
Info    : 3D refinement terminated (12671 nodes total):
Info    :  - 0 Delaunay cavities modified for star shapeness
Info    :  - 0 nodes could not be inserted
Info    :  - 511 tetrahedra created in 0.00721372 sec. (70837 tets/s)
Info    : 0 node relocations
Info    : Done meshing 3D (Wall 0.752215s, CPU 0.729163s)
Info    : Optimizing mesh...
Info    : Optimizing volume 1
Info    : Optimization starts (volume = 235.604) with worst = 0.007709 / average = 0.681347:
Info    : 0.00 < quality < 0.10 :       170 elements
Info    : 0.10 < quality < 0.20 :       411 elements
Info    : 0.20 < quality < 0.30 :       666 elements
Info    : 0.30 < quality < 0.40 :       910 elements
Info    : 0.40 < quality < 0.50 :      1502 elements
Info    : 0.50 < quality < 0.60 :      3786 elements
Info    : 0.60 < quality < 0.70 :     10195 elements
Info    : 0.70 < quality < 0.80 :     20599 elements
Info    : 0.80 < quality < 0.90 :      1875 elements
Info    : 0.90 < quality < 1.00 :      1407 elements
Info    : 1201 edge swaps, 14 node relocations (volume = 235.604): worst = 0.086052 / average = 0.697881 (Wall 0.0175016s, CPU 0.017494s)
Info    : 1252 edge swaps, 15 node relocations (volume = 235.604): worst = 0.086052 / average = 0.69849 (Wall 0.0213643s, CPU 0.021359s)
Info    : No ill-shaped tets in the mesh :-)
Info    : 0.00 < quality < 0.10 :         1 elements
Info    : 0.10 < quality < 0.20 :         6 elements
Info    : 0.20 < quality < 0.30 :        12 elements
Info    : 0.30 < quality < 0.40 :       808 elements
Info    : 0.40 < quality < 0.50 :      1241 elements
Info    : 0.50 < quality < 0.60 :      3743 elements
Info    : 0.60 < quality < 0.70 :     10791 elements
Info    : 0.70 < quality < 0.80 :     20364 elements
Info    : 0.80 < quality < 0.90 :      1995 elements
Info    : 0.90 < quality < 1.00 :      1406 elements
Info    : Optimizing volume 2
Info    : Optimization starts (volume = 0.256681) with worst = 0.117905 / average = 0.74665:
Info    : 0.00 < quality < 0.10 :         0 elements
Info    : 0.10 < quality < 0.20 :         2 elements
Info    : 0.20 < quality < 0.30 :         5 elements
Info    : 0.30 < quality < 0.40 :        17 elements
Info    : 0.40 < quality < 0.50 :        12 elements
Info    : 0.50 < quality < 0.60 :        25 elements
Info    : 0.60 < quality < 0.70 :        76 elements
Info    : 0.70 < quality < 0.80 :       179 elements
Info    : 0.80 < quality < 0.90 :       148 elements
Info    : 0.90 < quality < 1.00 :        47 elements
Info    : 7 edge swaps, 0 node relocations (volume = 0.256681): worst = 0.304797 / average = 0.756046 (Wall 0.000116238s, CPU 0.000119s)
Info    : No ill-shaped tets in the mesh :-)
Info    : 0.00 < quality < 0.10 :         0 elements
Info    : 0.10 < quality < 0.20 :         0 elements
Info    : 0.20 < quality < 0.30 :         0 elements
Info    : 0.30 < quality < 0.40 :        16 elements
Info    : 0.40 < quality < 0.50 :        11 elements
Info    : 0.50 < quality < 0.60 :        22 elements
Info    : 0.60 < quality < 0.70 :        79 elements
Info    : 0.70 < quality < 0.80 :       181 elements
Info    : 0.80 < quality < 0.90 :       148 elements
Info    : 0.90 < quality < 1.00 :        47 elements
Info    : Done optimizing mesh (Wall 0.0541548s, CPU 0.053741s)
Info    : 13468 nodes 67319 elements
Info    : Meshing order 2 (curvilinear on)...
Info    : [  0%] Meshing curve 1 order 2
Info    : [ 10%] Meshing curve 2 order 2
Info    : [ 20%] Meshing curve 3 order 2
Info    : [ 20%] Meshing curve 4 order 2
Info    : [ 30%] Meshing curve 5 order 2
Info    : [ 30%] Meshing curve 6 order 2
Info    : [ 40%] Meshing curve 7 order 2
Info    : [ 40%] Meshing curve 8 order 2
Info    : [ 50%] Meshing curve 9 order 2
Info    : [ 50%] Meshing curve 10 order 2
Info    : [ 60%] Meshing curve 11 order 2
Info    : [ 60%] Meshing curve 12 order 2
Info    : [ 70%] Meshing surface 1 order 2
Info    : [ 70%] Meshing surface 2 order 2
Info    : [ 80%] Meshing surface 3 order 2
Info    : [ 80%] Meshing surface 4 order 2
Info    : [ 90%] Meshing surface 5 order 2
Info    : [ 90%] Meshing surface 6 order 2
Info    : [100%] Meshing volume 1 order 2
Info    : [100%] Meshing volume 2 order 2
Info    : Surface mesh: worst distortion = 0.797589 (0 elements in ]0, 0.2]); worst gamma = 0.632317
Info    : Volume mesh: worst distortion = 0.254107 (0 elements in ]0, 0.2])
Info    : Done meshing order 2 (Wall 15.3425s, CPU 15.3292s)
Info    : Writing '/home/user/mscr-mom/현서/scripts/contact_scenarios/fea/matv2_mesh_LM75_phiN120_b0_s30.inp'...
Info    : Done writing '/home/user/mscr-mom/현서/scripts/contact_scenarios/fea/matv2_mesh_LM75_phiN120_b0_s30.inp'
  [LM75_phiN120_b0] F_mag=0.0051mN  (198.2s)
[LM75_phiN120_b0 4/10] L_M=75.0, phi=-120.0, beta=0.0, s=40.0mm, push_depth=0.1mm ...
Info    : Meshing 1D...
Info    : [  0%] Meshing curve 1 (BSpline)
Info    : [ 10%] Meshing curve 2 (Ellipse)
Info    : [ 20%] Meshing curve 3 (Ellipse)
Info    : [ 30%] Meshing curve 4 (BSpline)
Info    : [ 40%] Meshing curve 5 (BSpline)
Info    : [ 50%] Meshing curve 6 (BSpline)
Info    : [ 60%] Meshing curve 7 (BSpline)
Info    : [ 60%] Meshing curve 8 (BSpline)
Info    : [ 70%] Meshing curve 9 (BSpline)
Info    : [ 90%] Meshing curve 11 (Circle)
Info    : Done meshing 1D (Wall 0.0246617s, CPU 0.024602s)
Info    : Meshing 2D...
Info    : [  0%] Meshing surface 1 (Plane, Frontal-Delaunay)
Info    : [ 20%] Meshing surface 2 (Plane, Frontal-Delaunay)
Info    : [ 40%] Meshing surface 3 (BSpline surface, Frontal-Delaunay)
Info    : [ 60%] Meshing surface 4 (BSpline surface, Frontal-Delaunay)
Info    : [ 70%] Meshing surface 5 (Plane, Frontal-Delaunay)
Info    : [ 90%] Meshing surface 6 (Sphere, Frontal-Delaunay)
Info    : Done meshing 2D (Wall 0.820416s, CPU 0.82022s)
Info    : Meshing 3D...
Info    : 3D Meshing 2 volumes with 2 connected components
Info    : Tetrahedrizing 12455 nodes...
Info    : Done tetrahedrizing 12463 nodes (Wall 0.159273s, CPU 0.151269s)
Info    : Reconstructing mesh...
Info    :  - Creating surface mesh
Info    :  - Identifying boundary edges
Info    :  - Recovering boundary
Info    : Done reconstructing mesh (Wall 0.40794s, CPU 0.38737s)
Info    : Found volume 1
Info    : It. 0 - 0 nodes created - worst tet radius 1.04189 (nodes removed 0 0)
Info    : 3D refinement terminated (13067 nodes total):
Info    :  - 0 Delaunay cavities modified for star shapeness
Info    :  - 0 nodes could not be inserted
Info    :  - 41521 tetrahedra created in 0.0257364 sec. (1613317 tets/s)
Info    : 0 node relocations
Info    : Tetrahedrizing 134 nodes...
Info    : Done tetrahedrizing 142 nodes (Wall 0.000723255s, CPU 0.000723s)
Info    : Reconstructing mesh...
Info    :  - Creating surface mesh
Info    :  - Identifying boundary edges
Info    :  - Recovering boundary
Info    : Done reconstructing mesh (Wall 0.00165488s, CPU 0.001657s)
Info    : Found volume 2
Info    : It. 0 - 0 nodes created - worst tet radius 3.11861 (nodes removed 0 0)
Info    : 3D refinement terminated (12671 nodes total):
Info    :  - 0 Delaunay cavities modified for star shapeness
Info    :  - 0 nodes could not be inserted
Info    :  - 511 tetrahedra created in 0.00445108 sec. (114803 tets/s)
Info    : 0 node relocations
Info    : Done meshing 3D (Wall 0.740819s, CPU 0.718077s)
Info    : Optimizing mesh...
Info    : Optimizing volume 1
Info    : Optimization starts (volume = 235.604) with worst = 0.007709 / average = 0.681347:
Info    : 0.00 < quality < 0.10 :       170 elements
Info    : 0.10 < quality < 0.20 :       411 elements
Info    : 0.20 < quality < 0.30 :       666 elements
Info    : 0.30 < quality < 0.40 :       910 elements
Info    : 0.40 < quality < 0.50 :      1502 elements
Info    : 0.50 < quality < 0.60 :      3786 elements
Info    : 0.60 < quality < 0.70 :     10195 elements
Info    : 0.70 < quality < 0.80 :     20599 elements
Info    : 0.80 < quality < 0.90 :      1875 elements
Info    : 0.90 < quality < 1.00 :      1407 elements
Info    : 1201 edge swaps, 14 node relocations (volume = 235.604): worst = 0.086052 / average = 0.697881 (Wall 0.019509s, CPU 0.019507s)
Info    : 1252 edge swaps, 15 node relocations (volume = 235.604): worst = 0.086052 / average = 0.69849 (Wall 0.0255194s, CPU 0.025517s)
Info    : No ill-shaped tets in the mesh :-)
Info    : 0.00 < quality < 0.10 :         1 elements
Info    : 0.10 < quality < 0.20 :         6 elements
Info    : 0.20 < quality < 0.30 :        12 elements
Info    : 0.30 < quality < 0.40 :       808 elements
Info    : 0.40 < quality < 0.50 :      1241 elements
Info    : 0.50 < quality < 0.60 :      3743 elements
Info    : 0.60 < quality < 0.70 :     10791 elements
Info    : 0.70 < quality < 0.80 :     20364 elements
Info    : 0.80 < quality < 0.90 :      1995 elements
Info    : 0.90 < quality < 1.00 :      1406 elements
Info    : Optimizing volume 2
Info    : Optimization starts (volume = 0.256681) with worst = 0.117905 / average = 0.74665:
Info    : 0.00 < quality < 0.10 :         0 elements
Info    : 0.10 < quality < 0.20 :         2 elements
Info    : 0.20 < quality < 0.30 :         5 elements
Info    : 0.30 < quality < 0.40 :        17 elements
Info    : 0.40 < quality < 0.50 :        12 elements
Info    : 0.50 < quality < 0.60 :        25 elements
Info    : 0.60 < quality < 0.70 :        76 elements
Info    : 0.70 < quality < 0.80 :       179 elements
Info    : 0.80 < quality < 0.90 :       148 elements
Info    : 0.90 < quality < 1.00 :        47 elements
Info    : 7 edge swaps, 0 node relocations (volume = 0.256681): worst = 0.304797 / average = 0.756046 (Wall 0.00012412s, CPU 0.000128s)
Info    : No ill-shaped tets in the mesh :-)
Info    : 0.00 < quality < 0.10 :         0 elements
Info    : 0.10 < quality < 0.20 :         0 elements
Info    : 0.20 < quality < 0.30 :         0 elements
Info    : 0.30 < quality < 0.40 :        16 elements
Info    : 0.40 < quality < 0.50 :        11 elements
Info    : 0.50 < quality < 0.60 :        22 elements
Info    : 0.60 < quality < 0.70 :        79 elements
Info    : 0.70 < quality < 0.80 :       181 elements
Info    : 0.80 < quality < 0.90 :       148 elements
Info    : 0.90 < quality < 1.00 :        47 elements
Info    : Done optimizing mesh (Wall 0.0586363s, CPU 0.058622s)
Info    : 13468 nodes 67319 elements
Info    : Meshing order 2 (curvilinear on)...
Info    : [  0%] Meshing curve 1 order 2
Info    : [ 10%] Meshing curve 2 order 2
Info    : [ 20%] Meshing curve 3 order 2
Info    : [ 20%] Meshing curve 4 order 2
Info    : [ 30%] Meshing curve 5 order 2
Info    : [ 30%] Meshing curve 6 order 2
Info    : [ 40%] Meshing curve 7 order 2
Info    : [ 40%] Meshing curve 8 order 2
Info    : [ 50%] Meshing curve 9 order 2
Info    : [ 50%] Meshing curve 10 order 2
Info    : [ 60%] Meshing curve 11 order 2
Info    : [ 60%] Meshing curve 12 order 2
Info    : [ 70%] Meshing surface 1 order 2
Info    : [ 70%] Meshing surface 2 order 2
Info    : [ 80%] Meshing surface 3 order 2
Info    : [ 80%] Meshing surface 4 order 2
Info    : [ 90%] Meshing surface 5 order 2
Info    : [ 90%] Meshing surface 6 order 2
Info    : [100%] Meshing volume 1 order 2
Info    : [100%] Meshing volume 2 order 2
Info    : Surface mesh: worst distortion = 0.797589 (0 elements in ]0, 0.2]); worst gamma = 0.632317
Info    : Volume mesh: worst distortion = 0.254107 (0 elements in ]0, 0.2])
Info    : Done meshing order 2 (Wall 14.6949s, CPU 14.6891s)
Info    : Writing '/home/user/mscr-mom/현서/scripts/contact_scenarios/fea/matv2_mesh_LM75_phiN120_b0_s40.inp'...
Info    : Done writing '/home/user/mscr-mom/현서/scripts/contact_scenarios/fea/matv2_mesh_LM75_phiN120_b0_s40.inp'
  [LM75_phiN120_b0] [실패] (620.3s)
[LM75_phiN120_b0 5/10] L_M=75.0, phi=-120.0, beta=0.0, s=50.0mm, push_depth=0.1mm ...
Info    : Meshing 1D...
Info    : [  0%] Meshing curve 1 (BSpline)
Info    : [ 10%] Meshing curve 2 (Ellipse)
Info    : [ 20%] Meshing curve 3 (Ellipse)
Info    : [ 30%] Meshing curve 4 (BSpline)
Info    : [ 40%] Meshing curve 5 (BSpline)
Info    : [ 50%] Meshing curve 6 (BSpline)
Info    : [ 60%] Meshing curve 7 (BSpline)
Info    : [ 60%] Meshing curve 8 (BSpline)
Info    : [ 70%] Meshing curve 9 (BSpline)
Info    : [ 90%] Meshing curve 11 (Circle)
Info    : Done meshing 1D (Wall 0.0239053s, CPU 0.023847s)
Info    : Meshing 2D...
Info    : [  0%] Meshing surface 1 (Plane, Frontal-Delaunay)
Info    : [ 20%] Meshing surface 2 (Plane, Frontal-Delaunay)
Info    : [ 40%] Meshing surface 3 (BSpline surface, Frontal-Delaunay)
Info    : [ 60%] Meshing surface 4 (BSpline surface, Frontal-Delaunay)
Info    : [ 70%] Meshing surface 5 (Plane, Frontal-Delaunay)
Info    : [ 90%] Meshing surface 6 (Sphere, Frontal-Delaunay)
Info    : Done meshing 2D (Wall 0.71874s, CPU 0.716686s)
Info    : Meshing 3D...
Info    : 3D Meshing 2 volumes with 2 connected components
Info    : Tetrahedrizing 12455 nodes...
Info    : Done tetrahedrizing 12463 nodes (Wall 0.148427s, CPU 0.140434s)
Info    : Reconstructing mesh...
Info    :  - Creating surface mesh
Info    :  - Identifying boundary edges
Info    :  - Recovering boundary
Info    : Done reconstructing mesh (Wall 0.383403s, CPU 0.368399s)
Info    : Found volume 1
Info    : It. 0 - 0 nodes created - worst tet radius 1.04189 (nodes removed 0 0)
Info    : 3D refinement terminated (13066 nodes total):
Info    :  - 0 Delaunay cavities modified for star shapeness
Info    :  - 0 nodes could not be inserted
Info    :  - 41521 tetrahedra created in 0.0233094 sec. (1781298 tets/s)
Info    : 0 node relocations
Info    : Tetrahedrizing 133 nodes...
Info    : Done tetrahedrizing 141 nodes (Wall 0.000718889s, CPU 0.00072s)
Info    : Reconstructing mesh...
Info    :  - Creating surface mesh
Info    :  - Identifying boundary edges
Info    :  - Recovering boundary
Info    : Done reconstructing mesh (Wall 0.00166257s, CPU 0.001667s)
Info    : Found volume 2
Info    : It. 0 - 0 nodes created - worst tet radius 3.04625 (nodes removed 0 0)
Info    : 3D refinement terminated (12667 nodes total):
Info    :  - 2 Delaunay cavities modified for star shapeness
Info    :  - 0 nodes could not be inserted
Info    :  - 484 tetrahedra created in 0.00375551 sec. (128877 tets/s)
Info    : 0 node relocations
Info    : Done meshing 3D (Wall 0.697959s, CPU 0.682637s)
Info    : Optimizing mesh...
Info    : Optimizing volume 1
Info    : Optimization starts (volume = 235.604) with worst = 0.007709 / average = 0.681347:
Info    : 0.00 < quality < 0.10 :       170 elements
Info    : 0.10 < quality < 0.20 :       411 elements
Info    : 0.20 < quality < 0.30 :       666 elements
Info    : 0.30 < quality < 0.40 :       910 elements
Info    : 0.40 < quality < 0.50 :      1502 elements
Info    : 0.50 < quality < 0.60 :      3786 elements
Info    : 0.60 < quality < 0.70 :     10195 elements
Info    : 0.70 < quality < 0.80 :     20599 elements
Info    : 0.80 < quality < 0.90 :      1875 elements
Info    : 0.90 < quality < 1.00 :      1407 elements
Info    : 1201 edge swaps, 14 node relocations (volume = 235.604): worst = 0.086052 / average = 0.697881 (Wall 0.0168513s, CPU 0.016852s)
Info    : 1252 edge swaps, 15 node relocations (volume = 235.604): worst = 0.086052 / average = 0.69849 (Wall 0.0202834s, CPU 0.020285s)
Info    : No ill-shaped tets in the mesh :-)
Info    : 0.00 < quality < 0.10 :         1 elements
Info    : 0.10 < quality < 0.20 :         6 elements
Info    : 0.20 < quality < 0.30 :        12 elements
Info    : 0.30 < quality < 0.40 :       808 elements
Info    : 0.40 < quality < 0.50 :      1241 elements
Info    : 0.50 < quality < 0.60 :      3743 elements
Info    : 0.60 < quality < 0.70 :     10791 elements
Info    : 0.70 < quality < 0.80 :     20364 elements
Info    : 0.80 < quality < 0.90 :      1995 elements
Info    : 0.90 < quality < 1.00 :      1406 elements
Info    : Optimizing volume 2
Info    : Optimization starts (volume = 0.256581) with worst = 0.019428 / average = 0.742389:
Info    : 0.00 < quality < 0.10 :         1 elements
Info    : 0.10 < quality < 0.20 :         3 elements
Info    : 0.20 < quality < 0.30 :         7 elements
Info    : 0.30 < quality < 0.40 :        10 elements
Info    : 0.40 < quality < 0.50 :        13 elements
Info    : 0.50 < quality < 0.60 :        18 elements
Info    : 0.60 < quality < 0.70 :        80 elements
Info    : 0.70 < quality < 0.80 :       178 elements
Info    : 0.80 < quality < 0.90 :       130 elements
Info    : 0.90 < quality < 1.00 :        44 elements
Info    : 11 edge swaps, 0 node relocations (volume = 0.256581): worst = 0.301014 / average = 0.758019 (Wall 0.000141927s, CPU 0.000144s)
Info    : No ill-shaped tets in the mesh :-)
Info    : 0.00 < quality < 0.10 :         0 elements
Info    : 0.10 < quality < 0.20 :         0 elements
Info    : 0.20 < quality < 0.30 :         0 elements
Info    : 0.30 < quality < 0.40 :        10 elements
Info    : 0.40 < quality < 0.50 :        10 elements
Info    : 0.50 < quality < 0.60 :        14 elements
Info    : 0.60 < quality < 0.70 :        84 elements
Info    : 0.70 < quality < 0.80 :       179 elements
Info    : 0.80 < quality < 0.90 :       132 elements
Info    : 0.90 < quality < 1.00 :        44 elements
Info    : Done optimizing mesh (Wall 0.0463037s, CPU 0.046302s)
Info    : 13464 nodes 67286 elements
Info    : Meshing order 2 (curvilinear on)...
Info    : [  0%] Meshing curve 1 order 2
Info    : [ 10%] Meshing curve 2 order 2
Info    : [ 20%] Meshing curve 3 order 2
Info    : [ 20%] Meshing curve 4 order 2
Info    : [ 30%] Meshing curve 5 order 2
Info    : [ 30%] Meshing curve 6 order 2
Info    : [ 40%] Meshing curve 7 order 2
Info    : [ 40%] Meshing curve 8 order 2
Info    : [ 50%] Meshing curve 9 order 2
Info    : [ 50%] Meshing curve 10 order 2
Info    : [ 60%] Meshing curve 11 order 2
Info    : [ 60%] Meshing curve 12 order 2
Info    : [ 70%] Meshing surface 1 order 2
Info    : [ 70%] Meshing surface 2 order 2
Info    : [ 80%] Meshing surface 3 order 2
Info    : [ 80%] Meshing surface 4 order 2
Info    : [ 90%] Meshing surface 5 order 2
Info    : [ 90%] Meshing surface 6 order 2
Info    : [100%] Meshing volume 1 order 2
Info    : [100%] Meshing volume 2 order 2
Info    : Surface mesh: worst distortion = 0.797589 (0 elements in ]0, 0.2]); worst gamma = 0.675111
Info    : Volume mesh: worst distortion = 0.254107 (0 elements in ]0, 0.2])
Info    : Done meshing order 2 (Wall 14.448s, CPU 14.4417s)
Info    : Writing '/home/user/mscr-mom/현서/scripts/contact_scenarios/fea/matv2_mesh_LM75_phiN120_b0_s50.inp'...
Info    : Done writing '/home/user/mscr-mom/현서/scripts/contact_scenarios/fea/matv2_mesh_LM75_phiN120_b0_s50.inp'
  [LM75_phiN120_b0] [실패] (543.3s)
[LM75_phiN120_b0 6/10] L_M=75.0, phi=-120.0, beta=0.0, s=60.0mm, push_depth=0.1mm ...
Info    : Meshing 1D...
Info    : [  0%] Meshing curve 1 (BSpline)
Info    : [ 10%] Meshing curve 2 (Ellipse)
Info    : [ 20%] Meshing curve 3 (Ellipse)
Info    : [ 30%] Meshing curve 4 (BSpline)
Info    : [ 40%] Meshing curve 5 (BSpline)
Info    : [ 50%] Meshing curve 6 (BSpline)
Info    : [ 60%] Meshing curve 7 (BSpline)
Info    : [ 60%] Meshing curve 8 (BSpline)
Info    : [ 70%] Meshing curve 9 (BSpline)
Info    : [ 90%] Meshing curve 11 (Circle)
Info    : Done meshing 1D (Wall 0.0241824s, CPU 0.02418s)
Info    : Meshing 2D...
Info    : [  0%] Meshing surface 1 (Plane, Frontal-Delaunay)
Info    : [ 20%] Meshing surface 2 (Plane, Frontal-Delaunay)
Info    : [ 40%] Meshing surface 3 (BSpline surface, Frontal-Delaunay)
Info    : [ 60%] Meshing surface 4 (BSpline surface, Frontal-Delaunay)
Info    : [ 70%] Meshing surface 5 (Plane, Frontal-Delaunay)
Info    : [ 90%] Meshing surface 6 (Sphere, Frontal-Delaunay)
Info    : Done meshing 2D (Wall 0.725638s, CPU 0.725375s)
Info    : Meshing 3D...
Info    : 3D Meshing 2 volumes with 2 connected components
Info    : Tetrahedrizing 12455 nodes...
Info    : Done tetrahedrizing 12463 nodes (Wall 0.148442s, CPU 0.137454s)
Info    : Reconstructing mesh...
Info    :  - Creating surface mesh
Info    :  - Identifying boundary edges
Info    :  - Recovering boundary
Info    : Done reconstructing mesh (Wall 0.36752s, CPU 0.348514s)
Info    : Found volume 1
Info    : It. 0 - 0 nodes created - worst tet radius 1.04189 (nodes removed 0 0)
Info    : 3D refinement terminated (13064 nodes total):
Info    :  - 0 Delaunay cavities modified for star shapeness
Info    :  - 0 nodes could not be inserted
Info    :  - 41521 tetrahedra created in 0.0199192 sec. (2084470 tets/s)
Info    : 0 node relocations
Info    : Tetrahedrizing 131 nodes...
Info    : Done tetrahedrizing 139 nodes (Wall 0.000658207s, CPU 0.000658s)
Info    : Reconstructing mesh...
Info    :  - Creating surface mesh
Info    :  - Identifying boundary edges
Info    :  - Recovering boundary
Info    : Done reconstructing mesh (Wall 0.00152037s, CPU 0.001519s)
Info    : Found volume 2
Info    : It. 0 - 0 nodes created - worst tet radius 3.0565 (nodes removed 0 0)
Info    : 3D refinement terminated (12663 nodes total):
Info    :  - 1 Delaunay cavities modified for star shapeness
Info    :  - 0 nodes could not be inserted
Info    :  - 462 tetrahedra created in 0.00233554 sec. (197813 tets/s)
Info    : 0 node relocations
Info    : Done meshing 3D (Wall 0.640002s, CPU 0.620988s)
Info    : Optimizing mesh...
Info    : Optimizing volume 1
Info    : Optimization starts (volume = 235.604) with worst = 0.007709 / average = 0.681347:
Info    : 0.00 < quality < 0.10 :       170 elements
Info    : 0.10 < quality < 0.20 :       411 elements
Info    : 0.20 < quality < 0.30 :       666 elements
Info    : 0.30 < quality < 0.40 :       910 elements
Info    : 0.40 < quality < 0.50 :      1502 elements
Info    : 0.50 < quality < 0.60 :      3786 elements
Info    : 0.60 < quality < 0.70 :     10195 elements
Info    : 0.70 < quality < 0.80 :     20599 elements
Info    : 0.80 < quality < 0.90 :      1875 elements
Info    : 0.90 < quality < 1.00 :      1407 elements
Info    : 1201 edge swaps, 14 node relocations (volume = 235.604): worst = 0.086052 / average = 0.697881 (Wall 0.0126775s, CPU 0.012677s)
Info    : 1252 edge swaps, 15 node relocations (volume = 235.604): worst = 0.086052 / average = 0.69849 (Wall 0.015335s, CPU 0.015337s)
Info    : No ill-shaped tets in the mesh :-)
Info    : 0.00 < quality < 0.10 :         1 elements
Info    : 0.10 < quality < 0.20 :         6 elements
Info    : 0.20 < quality < 0.30 :        12 elements
Info    : 0.30 < quality < 0.40 :       808 elements
Info    : 0.40 < quality < 0.50 :      1241 elements
Info    : 0.50 < quality < 0.60 :      3743 elements
Info    : 0.60 < quality < 0.70 :     10791 elements
Info    : 0.70 < quality < 0.80 :     20364 elements
Info    : 0.80 < quality < 0.90 :      1995 elements
Info    : 0.90 < quality < 1.00 :      1406 elements
Info    : Optimizing volume 2
Info    : Optimization starts (volume = 0.25632) with worst = 0.118609 / average = 0.744216:
Info    : 0.00 < quality < 0.10 :         0 elements
Info    : 0.10 < quality < 0.20 :         2 elements
Info    : 0.20 < quality < 0.30 :         4 elements
Info    : 0.30 < quality < 0.40 :         8 elements
Info    : 0.40 < quality < 0.50 :        10 elements
Info    : 0.50 < quality < 0.60 :        18 elements
Info    : 0.60 < quality < 0.70 :        87 elements
Info    : 0.70 < quality < 0.80 :       182 elements
Info    : 0.80 < quality < 0.90 :       116 elements
Info    : 0.90 < quality < 1.00 :        35 elements
Info    : 6 edge swaps, 0 node relocations (volume = 0.25632): worst = 0.332522 / average = 0.752665 (Wall 0.000108064s, CPU 0.000109s)
Info    : No ill-shaped tets in the mesh :-)
Info    : 0.00 < quality < 0.10 :         0 elements
Info    : 0.10 < quality < 0.20 :         0 elements
Info    : 0.20 < quality < 0.30 :         0 elements
Info    : 0.30 < quality < 0.40 :         8 elements
Info    : 0.40 < quality < 0.50 :         9 elements
Info    : 0.50 < quality < 0.60 :        17 elements
Info    : 0.60 < quality < 0.70 :        87 elements
Info    : 0.70 < quality < 0.80 :       182 elements
Info    : 0.80 < quality < 0.90 :       118 elements
Info    : 0.90 < quality < 1.00 :        35 elements
Info    : Done optimizing mesh (Wall 0.0369873s, CPU 0.036987s)
Info    : 13460 nodes 67265 elements
Info    : Meshing order 2 (curvilinear on)...
Info    : [  0%] Meshing curve 1 order 2
Info    : [ 10%] Meshing curve 2 order 2
Info    : [ 20%] Meshing curve 3 order 2
Info    : [ 20%] Meshing curve 4 order 2
Info    : [ 30%] Meshing curve 5 order 2
Info    : [ 30%] Meshing curve 6 order 2
Info    : [ 40%] Meshing curve 7 order 2
Info    : [ 40%] Meshing curve 8 order 2
Info    : [ 50%] Meshing curve 9 order 2
Info    : [ 50%] Meshing curve 10 order 2
Info    : [ 60%] Meshing curve 11 order 2
Info    : [ 60%] Meshing curve 12 order 2
Info    : [ 70%] Meshing surface 1 order 2
Info    : [ 70%] Meshing surface 2 order 2
Info    : [ 80%] Meshing surface 3 order 2
Info    : [ 80%] Meshing surface 4 order 2
Info    : [ 90%] Meshing surface 5 order 2
Info    : [ 90%] Meshing surface 6 order 2
Info    : [100%] Meshing volume 1 order 2
Info    : [100%] Meshing volume 2 order 2
Info    : Surface mesh: worst distortion = 0.797589 (0 elements in ]0, 0.2]); worst gamma = 0.354265
Info    : Volume mesh: worst distortion = 0.254107 (0 elements in ]0, 0.2])
Info    : Done meshing order 2 (Wall 14.5216s, CPU 14.5132s)
Info    : Writing '/home/user/mscr-mom/현서/scripts/contact_scenarios/fea/matv2_mesh_LM75_phiN120_b0_s60.inp'...
Info    : Done writing '/home/user/mscr-mom/현서/scripts/contact_scenarios/fea/matv2_mesh_LM75_phiN120_b0_s60.inp'
  [LM75_phiN120_b0] [실패] (802.6s)
[LM75_phiN120_b0 7/10] L_M=75.0, phi=-120.0, beta=0.0, s=70.0mm, push_depth=0.1mm ...
Info    : Meshing 1D...
Info    : [  0%] Meshing curve 1 (BSpline)
Info    : [ 10%] Meshing curve 2 (Ellipse)
Info    : [ 20%] Meshing curve 3 (Ellipse)
Info    : [ 30%] Meshing curve 4 (BSpline)
Info    : [ 40%] Meshing curve 5 (BSpline)
Info    : [ 50%] Meshing curve 6 (BSpline)
Info    : [ 60%] Meshing curve 7 (BSpline)
Info    : [ 60%] Meshing curve 8 (BSpline)
Info    : [ 70%] Meshing curve 9 (BSpline)
Info    : [ 90%] Meshing curve 11 (Circle)
Info    : Done meshing 1D (Wall 0.023907s, CPU 0.023889s)
Info    : Meshing 2D...
Info    : [  0%] Meshing surface 1 (Plane, Frontal-Delaunay)
Info    : [ 20%] Meshing surface 2 (Plane, Frontal-Delaunay)
Info    : [ 40%] Meshing surface 3 (BSpline surface, Frontal-Delaunay)
Info    : [ 60%] Meshing surface 4 (BSpline surface, Frontal-Delaunay)
Info    : [ 70%] Meshing surface 5 (Plane, Frontal-Delaunay)
Info    : [ 90%] Meshing surface 6 (Sphere, Frontal-Delaunay)
Info    : Done meshing 2D (Wall 0.724992s, CPU 0.723919s)
Info    : Meshing 3D...
Info    : 3D Meshing 2 volumes with 2 connected components
Info    : Tetrahedrizing 12455 nodes...
Info    : Done tetrahedrizing 12463 nodes (Wall 0.145576s, CPU 0.138499s)
Info    : Reconstructing mesh...
Info    :  - Creating surface mesh
Info    :  - Identifying boundary edges
Info    :  - Recovering boundary
Info    : Done reconstructing mesh (Wall 0.375557s, CPU 0.3582s)
Info    : Found volume 1
Info    : It. 0 - 0 nodes created - worst tet radius 1.04189 (nodes removed 0 0)
Info    : 3D refinement terminated (13064 nodes total):
Info    :  - 0 Delaunay cavities modified for star shapeness
Info    :  - 0 nodes could not be inserted
Info    :  - 41521 tetrahedra created in 0.022929 sec. (1810854 tets/s)
Info    : 0 node relocations
Info    : Tetrahedrizing 131 nodes...
Info    : Done tetrahedrizing 139 nodes (Wall 0.000673235s, CPU 0.000673s)
Info    : Reconstructing mesh...
Info    :  - Creating surface mesh
Info    :  - Identifying boundary edges
Info    :  - Recovering boundary
Info    : Done reconstructing mesh (Wall 0.001568s, CPU 0.001572s)
Info    : Found volume 2
Info    : It. 0 - 0 nodes created - worst tet radius 3.0565 (nodes removed 0 0)
Info    : 3D refinement terminated (12663 nodes total):
Info    :  - 1 Delaunay cavities modified for star shapeness
Info    :  - 0 nodes could not be inserted
Info    :  - 462 tetrahedra created in 0.00371352 sec. (124410 tets/s)
Info    : 0 node relocations
Info    : Done meshing 3D (Wall 0.693199s, CPU 0.675834s)
Info    : Optimizing mesh...
Info    : Optimizing volume 1
Info    : Optimization starts (volume = 235.604) with worst = 0.007709 / average = 0.681347:
Info    : 0.00 < quality < 0.10 :       170 elements
Info    : 0.10 < quality < 0.20 :       411 elements
Info    : 0.20 < quality < 0.30 :       666 elements
Info    : 0.30 < quality < 0.40 :       910 elements
Info    : 0.40 < quality < 0.50 :      1502 elements
Info    : 0.50 < quality < 0.60 :      3786 elements
Info    : 0.60 < quality < 0.70 :     10195 elements
Info    : 0.70 < quality < 0.80 :     20599 elements
Info    : 0.80 < quality < 0.90 :      1875 elements
Info    : 0.90 < quality < 1.00 :      1407 elements
Info    : 1201 edge swaps, 14 node relocations (volume = 235.604): worst = 0.086052 / average = 0.697881 (Wall 0.0151465s, CPU 0.015146s)
Info    : 1252 edge swaps, 15 node relocations (volume = 235.604): worst = 0.086052 / average = 0.69849 (Wall 0.0188369s, CPU 0.018837s)
Info    : No ill-shaped tets in the mesh :-)
Info    : 0.00 < quality < 0.10 :         1 elements
Info    : 0.10 < quality < 0.20 :         6 elements
Info    : 0.20 < quality < 0.30 :        12 elements
Info    : 0.30 < quality < 0.40 :       808 elements
Info    : 0.40 < quality < 0.50 :      1241 elements
Info    : 0.50 < quality < 0.60 :      3743 elements
Info    : 0.60 < quality < 0.70 :     10791 elements
Info    : 0.70 < quality < 0.80 :     20364 elements
Info    : 0.80 < quality < 0.90 :      1995 elements
Info    : 0.90 < quality < 1.00 :      1406 elements
Info    : Optimizing volume 2
Info    : Optimization starts (volume = 0.25632) with worst = 0.118609 / average = 0.744216:
Info    : 0.00 < quality < 0.10 :         0 elements
Info    : 0.10 < quality < 0.20 :         2 elements
Info    : 0.20 < quality < 0.30 :         4 elements
Info    : 0.30 < quality < 0.40 :         8 elements
Info    : 0.40 < quality < 0.50 :        10 elements
Info    : 0.50 < quality < 0.60 :        18 elements
Info    : 0.60 < quality < 0.70 :        87 elements
Info    : 0.70 < quality < 0.80 :       182 elements
Info    : 0.80 < quality < 0.90 :       116 elements
Info    : 0.90 < quality < 1.00 :        35 elements
Info    : 6 edge swaps, 0 node relocations (volume = 0.25632): worst = 0.332522 / average = 0.752665 (Wall 0.000113143s, CPU 0.000115s)
Info    : No ill-shaped tets in the mesh :-)
Info    : 0.00 < quality < 0.10 :         0 elements
Info    : 0.10 < quality < 0.20 :         0 elements
Info    : 0.20 < quality < 0.30 :         0 elements
Info    : 0.30 < quality < 0.40 :         8 elements
Info    : 0.40 < quality < 0.50 :         9 elements
Info    : 0.50 < quality < 0.60 :        17 elements
Info    : 0.60 < quality < 0.70 :        87 elements
Info    : 0.70 < quality < 0.80 :       182 elements
Info    : 0.80 < quality < 0.90 :       118 elements
Info    : 0.90 < quality < 1.00 :        35 elements
Info    : Done optimizing mesh (Wall 0.0461956s, CPU 0.045197s)
Info    : 13460 nodes 67265 elements
Info    : Meshing order 2 (curvilinear on)...
Info    : [  0%] Meshing curve 1 order 2
Info    : [ 10%] Meshing curve 2 order 2
Info    : [ 20%] Meshing curve 3 order 2
Info    : [ 20%] Meshing curve 4 order 2
Info    : [ 30%] Meshing curve 5 order 2
Info    : [ 30%] Meshing curve 6 order 2
Info    : [ 40%] Meshing curve 7 order 2
Info    : [ 40%] Meshing curve 8 order 2
Info    : [ 50%] Meshing curve 9 order 2
Info    : [ 50%] Meshing curve 10 order 2
Info    : [ 60%] Meshing curve 11 order 2
Info    : [ 60%] Meshing curve 12 order 2
Info    : [ 70%] Meshing surface 1 order 2
Info    : [ 70%] Meshing surface 2 order 2
Info    : [ 80%] Meshing surface 3 order 2
Info    : [ 80%] Meshing surface 4 order 2
Info    : [ 90%] Meshing surface 5 order 2
Info    : [ 90%] Meshing surface 6 order 2
Info    : [100%] Meshing volume 1 order 2
Info    : [100%] Meshing volume 2 order 2
Info    : Surface mesh: worst distortion = 0.797589 (0 elements in ]0, 0.2]); worst gamma = 0.354265
Info    : Volume mesh: worst distortion = 0.254107 (0 elements in ]0, 0.2])
Info    : Done meshing order 2 (Wall 14.803s, CPU 14.7991s)
Info    : Writing '/home/user/mscr-mom/현서/scripts/contact_scenarios/fea/matv2_mesh_LM75_phiN120_b0_s70.inp'...
Info    : Done writing '/home/user/mscr-mom/현서/scripts/contact_scenarios/fea/matv2_mesh_LM75_phiN120_b0_s70.inp'
  [LM75_phiN120_b0] [실패] (928.8s)
[LM75_phiN120_b0 8/10] L_M=75.0, phi=-120.0, beta=0.0, s=80.0mm, push_depth=0.1mm ...
Info    : Meshing 1D...
Info    : [  0%] Meshing curve 1 (BSpline)
Info    : [ 10%] Meshing curve 2 (Ellipse)
Info    : [ 20%] Meshing curve 3 (Ellipse)
Info    : [ 30%] Meshing curve 4 (BSpline)
Info    : [ 40%] Meshing curve 5 (BSpline)
Info    : [ 50%] Meshing curve 6 (BSpline)
Info    : [ 60%] Meshing curve 7 (BSpline)
Info    : [ 60%] Meshing curve 8 (BSpline)
Info    : [ 70%] Meshing curve 9 (BSpline)
Info    : [ 90%] Meshing curve 11 (Circle)
Info    : Done meshing 1D (Wall 0.0234758s, CPU 0.023371s)
Info    : Meshing 2D...
Info    : [  0%] Meshing surface 1 (Plane, Frontal-Delaunay)
Info    : [ 20%] Meshing surface 2 (Plane, Frontal-Delaunay)
Info    : [ 40%] Meshing surface 3 (BSpline surface, Frontal-Delaunay)
Info    : [ 60%] Meshing surface 4 (BSpline surface, Frontal-Delaunay)
Info    : [ 70%] Meshing surface 5 (Plane, Frontal-Delaunay)
Info    : [ 90%] Meshing surface 6 (Sphere, Frontal-Delaunay)
Info    : Done meshing 2D (Wall 0.729745s, CPU 0.72962s)
Info    : Meshing 3D...
Info    : 3D Meshing 2 volumes with 2 connected components
Info    : Tetrahedrizing 12455 nodes...
Info    : Done tetrahedrizing 12463 nodes (Wall 0.148181s, CPU 0.14018s)
Info    : Reconstructing mesh...
Info    :  - Creating surface mesh
Info    :  - Identifying boundary edges
Info    :  - Recovering boundary
Info    : Done reconstructing mesh (Wall 0.380803s, CPU 0.363764s)
Info    : Found volume 1
Info    : It. 0 - 0 nodes created - worst tet radius 1.04189 (nodes removed 0 0)
Info    : 3D refinement terminated (13064 nodes total):
Info    :  - 0 Delaunay cavities modified for star shapeness
Info    :  - 0 nodes could not be inserted
Info    :  - 41521 tetrahedra created in 0.0252435 sec. (1644817 tets/s)
Info    : 0 node relocations
Info    : Tetrahedrizing 131 nodes...
Info    : Done tetrahedrizing 139 nodes (Wall 0.00066906s, CPU 0.000669s)
Info    : Reconstructing mesh...
Info    :  - Creating surface mesh
Info    :  - Identifying boundary edges
Info    :  - Recovering boundary
Info    : Done reconstructing mesh (Wall 0.0015396s, CPU 0.001544s)
Info    : Found volume 2
Info    : It. 0 - 0 nodes created - worst tet radius 3.0565 (nodes removed 0 0)
Info    : 3D refinement terminated (12663 nodes total):
Info    :  - 1 Delaunay cavities modified for star shapeness
Info    :  - 0 nodes could not be inserted
Info    :  - 462 tetrahedra created in 0.00355499 sec. (129958 tets/s)
Info    : 0 node relocations
Info    : Done meshing 3D (Wall 0.689551s, CPU 0.672493s)
Info    : Optimizing mesh...
Info    : Optimizing volume 1
Info    : Optimization starts (volume = 235.604) with worst = 0.007709 / average = 0.681347:
Info    : 0.00 < quality < 0.10 :       170 elements
Info    : 0.10 < quality < 0.20 :       411 elements
Info    : 0.20 < quality < 0.30 :       666 elements
Info    : 0.30 < quality < 0.40 :       910 elements
Info    : 0.40 < quality < 0.50 :      1502 elements
Info    : 0.50 < quality < 0.60 :      3786 elements
Info    : 0.60 < quality < 0.70 :     10195 elements
Info    : 0.70 < quality < 0.80 :     20599 elements
Info    : 0.80 < quality < 0.90 :      1875 elements
Info    : 0.90 < quality < 1.00 :      1407 elements
Info    : 1201 edge swaps, 14 node relocations (volume = 235.604): worst = 0.086052 / average = 0.697881 (Wall 0.016316s, CPU 0.016317s)
Info    : 1252 edge swaps, 15 node relocations (volume = 235.604): worst = 0.086052 / average = 0.69849 (Wall 0.0192411s, CPU 0.019244s)
Info    : No ill-shaped tets in the mesh :-)
Info    : 0.00 < quality < 0.10 :         1 elements
Info    : 0.10 < quality < 0.20 :         6 elements
Info    : 0.20 < quality < 0.30 :        12 elements
Info    : 0.30 < quality < 0.40 :       808 elements
Info    : 0.40 < quality < 0.50 :      1241 elements
Info    : 0.50 < quality < 0.60 :      3743 elements
Info    : 0.60 < quality < 0.70 :     10791 elements
Info    : 0.70 < quality < 0.80 :     20364 elements
Info    : 0.80 < quality < 0.90 :      1995 elements
Info    : 0.90 < quality < 1.00 :      1406 elements
Info    : Optimizing volume 2
Info    : Optimization starts (volume = 0.25632) with worst = 0.118609 / average = 0.744216:
Info    : 0.00 < quality < 0.10 :         0 elements
Info    : 0.10 < quality < 0.20 :         2 elements
Info    : 0.20 < quality < 0.30 :         4 elements
Info    : 0.30 < quality < 0.40 :         8 elements
Info    : 0.40 < quality < 0.50 :        10 elements
Info    : 0.50 < quality < 0.60 :        18 elements
Info    : 0.60 < quality < 0.70 :        87 elements
Info    : 0.70 < quality < 0.80 :       182 elements
Info    : 0.80 < quality < 0.90 :       116 elements
Info    : 0.90 < quality < 1.00 :        35 elements
Info    : 6 edge swaps, 0 node relocations (volume = 0.25632): worst = 0.332522 / average = 0.752665 (Wall 0.000119373s, CPU 0.000121s)
Info    : No ill-shaped tets in the mesh :-)
Info    : 0.00 < quality < 0.10 :         0 elements
Info    : 0.10 < quality < 0.20 :         0 elements
Info    : 0.20 < quality < 0.30 :         0 elements
Info    : 0.30 < quality < 0.40 :         8 elements
Info    : 0.40 < quality < 0.50 :         9 elements
Info    : 0.50 < quality < 0.60 :        17 elements
Info    : 0.60 < quality < 0.70 :        87 elements
Info    : 0.70 < quality < 0.80 :       182 elements
Info    : 0.80 < quality < 0.90 :       118 elements
Info    : 0.90 < quality < 1.00 :        35 elements
Info    : Done optimizing mesh (Wall 0.0447271s, CPU 0.044726s)
Info    : 13460 nodes 67265 elements
Info    : Meshing order 2 (curvilinear on)...
Info    : [  0%] Meshing curve 1 order 2
Info    : [ 10%] Meshing curve 2 order 2
Info    : [ 20%] Meshing curve 3 order 2
Info    : [ 20%] Meshing curve 4 order 2
Info    : [ 30%] Meshing curve 5 order 2
Info    : [ 30%] Meshing curve 6 order 2
Info    : [ 40%] Meshing curve 7 order 2
Info    : [ 40%] Meshing curve 8 order 2
Info    : [ 50%] Meshing curve 9 order 2
Info    : [ 50%] Meshing curve 10 order 2
Info    : [ 60%] Meshing curve 11 order 2
Info    : [ 60%] Meshing curve 12 order 2
Info    : [ 70%] Meshing surface 1 order 2
Info    : [ 70%] Meshing surface 2 order 2
Info    : [ 80%] Meshing surface 3 order 2
Info    : [ 80%] Meshing surface 4 order 2
Info    : [ 90%] Meshing surface 5 order 2
Info    : [ 90%] Meshing surface 6 order 2
Info    : [100%] Meshing volume 1 order 2
Info    : [100%] Meshing volume 2 order 2
Info    : Surface mesh: worst distortion = 0.797589 (0 elements in ]0, 0.2]); worst gamma = 0.354265
Info    : Volume mesh: worst distortion = 0.254107 (0 elements in ]0, 0.2])
Info    : Done meshing order 2 (Wall 14.5826s, CPU 14.5734s)
Info    : Writing '/home/user/mscr-mom/현서/scripts/contact_scenarios/fea/matv2_mesh_LM75_phiN120_b0_s80.inp'...
Info    : Done writing '/home/user/mscr-mom/현서/scripts/contact_scenarios/fea/matv2_mesh_LM75_phiN120_b0_s80.inp'
  [LM75_phiN120_b0] [실패] (1149.3s)
[LM75_phiN120_b0 9/10] L_M=75.0, phi=-120.0, beta=0.0, s=90.0mm, push_depth=0.1mm ...
Info    : Meshing 1D...
Info    : [  0%] Meshing curve 1 (BSpline)
Info    : [ 10%] Meshing curve 2 (Ellipse)
Info    : [ 20%] Meshing curve 3 (Ellipse)
Info    : [ 30%] Meshing curve 4 (BSpline)
Info    : [ 40%] Meshing curve 5 (BSpline)
Info    : [ 50%] Meshing curve 6 (BSpline)
Info    : [ 60%] Meshing curve 7 (BSpline)
Info    : [ 60%] Meshing curve 8 (BSpline)
Info    : [ 70%] Meshing curve 9 (BSpline)
Info    : [ 90%] Meshing curve 11 (Circle)
Info    : Done meshing 1D (Wall 0.0240092s, CPU 0.023908s)
Info    : Meshing 2D...
Info    : [  0%] Meshing surface 1 (Plane, Frontal-Delaunay)
Info    : [ 20%] Meshing surface 2 (Plane, Frontal-Delaunay)
Info    : [ 40%] Meshing surface 3 (BSpline surface, Frontal-Delaunay)
Info    : [ 60%] Meshing surface 4 (BSpline surface, Frontal-Delaunay)
Info    : [ 70%] Meshing surface 5 (Plane, Frontal-Delaunay)
Info    : [ 90%] Meshing surface 6 (Sphere, Frontal-Delaunay)
Info    : Done meshing 2D (Wall 0.699969s, CPU 0.699945s)
Info    : Meshing 3D...
Info    : 3D Meshing 2 volumes with 2 connected components
Info    : Tetrahedrizing 12455 nodes...
Info    : Done tetrahedrizing 12463 nodes (Wall 0.147982s, CPU 0.138972s)
Info    : Reconstructing mesh...
Info    :  - Creating surface mesh
Info    :  - Identifying boundary edges
Info    :  - Recovering boundary
Info    : Done reconstructing mesh (Wall 0.360288s, CPU 0.339278s)
Info    : Found volume 1
Info    : It. 0 - 0 nodes created - worst tet radius 1.04189 (nodes removed 0 0)
Info    : 3D refinement terminated (13064 nodes total):
Info    :  - 0 Delaunay cavities modified for star shapeness
Info    :  - 0 nodes could not be inserted
Info    :  - 41521 tetrahedra created in 0.0316648 sec. (1311268 tets/s)
Info    : 0 node relocations
Info    : Tetrahedrizing 131 nodes...
Info    : Done tetrahedrizing 139 nodes (Wall 0.000707219s, CPU 0.000709s)
Info    : Reconstructing mesh...
Info    :  - Creating surface mesh
Info    :  - Identifying boundary edges
Info    :  - Recovering boundary
Info    : Done reconstructing mesh (Wall 0.00174527s, CPU 0.001749s)
Info    : Found volume 2
Info    : It. 0 - 0 nodes created - worst tet radius 3.0565 (nodes removed 0 0)
Info    : 3D refinement terminated (12663 nodes total):
Info    :  - 1 Delaunay cavities modified for star shapeness
Info    :  - 0 nodes could not be inserted
Info    :  - 462 tetrahedra created in 0.0057755 sec. (79993 tets/s)
Info    : 0 node relocations
Info    : Done meshing 3D (Wall 0.692243s, CPU 0.671188s)
Info    : Optimizing mesh...
Info    : Optimizing volume 1
Info    : Optimization starts (volume = 235.604) with worst = 0.007709 / average = 0.681347:
Info    : 0.00 < quality < 0.10 :       170 elements
Info    : 0.10 < quality < 0.20 :       411 elements
Info    : 0.20 < quality < 0.30 :       666 elements
Info    : 0.30 < quality < 0.40 :       910 elements
Info    : 0.40 < quality < 0.50 :      1502 elements
Info    : 0.50 < quality < 0.60 :      3786 elements
Info    : 0.60 < quality < 0.70 :     10195 elements
Info    : 0.70 < quality < 0.80 :     20599 elements
Info    : 0.80 < quality < 0.90 :      1875 elements
Info    : 0.90 < quality < 1.00 :      1407 elements
Info    : 1201 edge swaps, 14 node relocations (volume = 235.604): worst = 0.086052 / average = 0.697881 (Wall 0.0172056s, CPU 0.017204s)
Info    : 1252 edge swaps, 15 node relocations (volume = 235.604): worst = 0.086052 / average = 0.69849 (Wall 0.0211071s, CPU 0.021107s)
Info    : No ill-shaped tets in the mesh :-)
Info    : 0.00 < quality < 0.10 :         1 elements
Info    : 0.10 < quality < 0.20 :         6 elements
Info    : 0.20 < quality < 0.30 :        12 elements
Info    : 0.30 < quality < 0.40 :       808 elements
Info    : 0.40 < quality < 0.50 :      1241 elements
Info    : 0.50 < quality < 0.60 :      3743 elements
Info    : 0.60 < quality < 0.70 :     10791 elements
Info    : 0.70 < quality < 0.80 :     20364 elements
Info    : 0.80 < quality < 0.90 :      1995 elements
Info    : 0.90 < quality < 1.00 :      1406 elements
Info    : Optimizing volume 2
Info    : Optimization starts (volume = 0.25632) with worst = 0.118609 / average = 0.744216:
Info    : 0.00 < quality < 0.10 :         0 elements
Info    : 0.10 < quality < 0.20 :         2 elements
Info    : 0.20 < quality < 0.30 :         4 elements
Info    : 0.30 < quality < 0.40 :         8 elements
Info    : 0.40 < quality < 0.50 :        10 elements
Info    : 0.50 < quality < 0.60 :        18 elements
Info    : 0.60 < quality < 0.70 :        87 elements
Info    : 0.70 < quality < 0.80 :       182 elements
Info    : 0.80 < quality < 0.90 :       116 elements
Info    : 0.90 < quality < 1.00 :        35 elements
Info    : 6 edge swaps, 0 node relocations (volume = 0.25632): worst = 0.332522 / average = 0.752665 (Wall 0.000111971s, CPU 0.000115s)
Info    : No ill-shaped tets in the mesh :-)
Info    : 0.00 < quality < 0.10 :         0 elements
Info    : 0.10 < quality < 0.20 :         0 elements
Info    : 0.20 < quality < 0.30 :         0 elements
Info    : 0.30 < quality < 0.40 :         8 elements
Info    : 0.40 < quality < 0.50 :         9 elements
Info    : 0.50 < quality < 0.60 :        17 elements
Info    : 0.60 < quality < 0.70 :        87 elements
Info    : 0.70 < quality < 0.80 :       182 elements
Info    : 0.80 < quality < 0.90 :       118 elements
Info    : 0.90 < quality < 1.00 :        35 elements
Info    : Done optimizing mesh (Wall 0.0582215s, CPU 0.05822s)
Info    : 13460 nodes 67265 elements
Info    : Meshing order 2 (curvilinear on)...
Info    : [  0%] Meshing curve 1 order 2
Info    : [ 10%] Meshing curve 2 order 2
Info    : [ 20%] Meshing curve 3 order 2
Info    : [ 20%] Meshing curve 4 order 2
Info    : [ 30%] Meshing curve 5 order 2
Info    : [ 30%] Meshing curve 6 order 2
Info    : [ 40%] Meshing curve 7 order 2
Info    : [ 40%] Meshing curve 8 order 2
Info    : [ 50%] Meshing curve 9 order 2
Info    : [ 50%] Meshing curve 10 order 2
Info    : [ 60%] Meshing curve 11 order 2
Info    : [ 60%] Meshing curve 12 order 2
Info    : [ 70%] Meshing surface 1 order 2
Info    : [ 70%] Meshing surface 2 order 2
Info    : [ 80%] Meshing surface 3 order 2
Info    : [ 80%] Meshing surface 4 order 2
Info    : [ 90%] Meshing surface 5 order 2
Info    : [ 90%] Meshing surface 6 order 2
Info    : [100%] Meshing volume 1 order 2
Info    : [100%] Meshing volume 2 order 2
Info    : Surface mesh: worst distortion = 0.797589 (0 elements in ]0, 0.2]); worst gamma = 0.354265
Info    : Volume mesh: worst distortion = 0.254107 (0 elements in ]0, 0.2])
Info    : Done meshing order 2 (Wall 14.3159s, CPU 14.3039s)
Info    : Writing '/home/user/mscr-mom/현서/scripts/contact_scenarios/fea/matv2_mesh_LM75_phiN120_b0_s90.inp'...
Info    : Done writing '/home/user/mscr-mom/현서/scripts/contact_scenarios/fea/matv2_mesh_LM75_phiN120_b0_s90.inp'
  [LM75_phiN120_b0] [실패] (918.1s)
[LM75_phiN120_b0 10/10] L_M=75.0, phi=-120.0, beta=0.0, s=100.0mm, push_depth=0.1mm ...
Info    : Meshing 1D...
Info    : [  0%] Meshing curve 1 (BSpline)
Info    : [ 10%] Meshing curve 2 (Ellipse)
Info    : [ 20%] Meshing curve 3 (Ellipse)
Info    : [ 30%] Meshing curve 4 (BSpline)
Info    : [ 40%] Meshing curve 5 (BSpline)
Info    : [ 50%] Meshing curve 6 (BSpline)
Info    : [ 60%] Meshing curve 7 (BSpline)
Info    : [ 60%] Meshing curve 8 (BSpline)
Info    : [ 70%] Meshing curve 9 (BSpline)
Info    : [ 90%] Meshing curve 11 (Circle)
Info    : Done meshing 1D (Wall 0.0236486s, CPU 0.023638s)
Info    : Meshing 2D...
Info    : [  0%] Meshing surface 1 (Plane, Frontal-Delaunay)
Info    : [ 20%] Meshing surface 2 (Plane, Frontal-Delaunay)
Info    : [ 40%] Meshing surface 3 (BSpline surface, Frontal-Delaunay)
Info    : [ 60%] Meshing surface 4 (BSpline surface, Frontal-Delaunay)
Info    : [ 70%] Meshing surface 5 (Plane, Frontal-Delaunay)
Info    : [ 90%] Meshing surface 6 (Sphere, Frontal-Delaunay)
Info    : Done meshing 2D (Wall 0.734203s, CPU 0.734132s)
Info    : Meshing 3D...
Info    : 3D Meshing 2 volumes with 2 connected components
Info    : Tetrahedrizing 12455 nodes...
Info    : Done tetrahedrizing 12463 nodes (Wall 0.146932s, CPU 0.137932s)
Info    : Reconstructing mesh...
Info    :  - Creating surface mesh
Info    :  - Identifying boundary edges
Info    :  - Recovering boundary
Info    : Done reconstructing mesh (Wall 0.394723s, CPU 0.375654s)
Info    : Found volume 1
Info    : It. 0 - 0 nodes created - worst tet radius 1.04189 (nodes removed 0 0)
Info    : 3D refinement terminated (13067 nodes total):
Info    :  - 0 Delaunay cavities modified for star shapeness
Info    :  - 0 nodes could not be inserted
Info    :  - 41521 tetrahedra created in 0.0248993 sec. (1667559 tets/s)
Info    : 0 node relocations
Info    : Tetrahedrizing 134 nodes...
Info    : Done tetrahedrizing 142 nodes (Wall 0.000751868s, CPU 0.000752s)
Info    : Reconstructing mesh...
Info    :  - Creating surface mesh
Info    :  - Identifying boundary edges
Info    :  - Recovering boundary
Info    : Done reconstructing mesh (Wall 0.00170086s, CPU 0.001704s)
Info    : Found volume 2
Info    : It. 0 - 0 nodes created - worst tet radius 3.18016 (nodes removed 0 0)
Info    : 3D refinement terminated (12674 nodes total):
Info    :  - 0 Delaunay cavities modified for star shapeness
Info    :  - 0 nodes could not be inserted
Info    :  - 535 tetrahedra created in 0.00391063 sec. (136806 tets/s)
Info    : 0 node relocations
Info    : Done meshing 3D (Wall 0.718994s, CPU 0.69989s)
Info    : Optimizing mesh...
Info    : Optimizing volume 1
Info    : Optimization starts (volume = 235.604) with worst = 0.007709 / average = 0.681347:
Info    : 0.00 < quality < 0.10 :       170 elements
Info    : 0.10 < quality < 0.20 :       411 elements
Info    : 0.20 < quality < 0.30 :       666 elements
Info    : 0.30 < quality < 0.40 :       910 elements
Info    : 0.40 < quality < 0.50 :      1502 elements
Info    : 0.50 < quality < 0.60 :      3786 elements
Info    : 0.60 < quality < 0.70 :     10195 elements
Info    : 0.70 < quality < 0.80 :     20599 elements
Info    : 0.80 < quality < 0.90 :      1875 elements
Info    : 0.90 < quality < 1.00 :      1407 elements
Info    : 1201 edge swaps, 14 node relocations (volume = 235.604): worst = 0.086052 / average = 0.697881 (Wall 0.0158836s, CPU 0.015874s)
Info    : 1252 edge swaps, 15 node relocations (volume = 235.604): worst = 0.086052 / average = 0.69849 (Wall 0.0194933s, CPU 0.019484s)
Info    : No ill-shaped tets in the mesh :-)
Info    : 0.00 < quality < 0.10 :         1 elements
Info    : 0.10 < quality < 0.20 :         6 elements
Info    : 0.20 < quality < 0.30 :        12 elements
Info    : 0.30 < quality < 0.40 :       808 elements
Info    : 0.40 < quality < 0.50 :      1241 elements
Info    : 0.50 < quality < 0.60 :      3743 elements
Info    : 0.60 < quality < 0.70 :     10791 elements
Info    : 0.70 < quality < 0.80 :     20364 elements
Info    : 0.80 < quality < 0.90 :      1995 elements
Info    : 0.90 < quality < 1.00 :      1406 elements
Info    : Optimizing volume 2
Info    : Optimization starts (volume = 0.256538) with worst = 0.101893 / average = 0.742307:
Info    : 0.00 < quality < 0.10 :         0 elements
Info    : 0.10 < quality < 0.20 :         1 elements
Info    : 0.20 < quality < 0.30 :         8 elements
Info    : 0.30 < quality < 0.40 :        13 elements
Info    : 0.40 < quality < 0.50 :        23 elements
Info    : 0.50 < quality < 0.60 :        34 elements
Info    : 0.60 < quality < 0.70 :        74 elements
Info    : 0.70 < quality < 0.80 :       165 elements
Info    : 0.80 < quality < 0.90 :       162 elements
Info    : 0.90 < quality < 1.00 :        55 elements
Info    : 8 edge swaps, 1 node relocations (volume = 0.256538): worst = 0.27667 / average = 0.751929 (Wall 0.000121566s, CPU 0.000124s)
Info    : No ill-shaped tets in the mesh :-)
Info    : 0.00 < quality < 0.10 :         0 elements
Info    : 0.10 < quality < 0.20 :         0 elements
Info    : 0.20 < quality < 0.30 :         1 elements
Info    : 0.30 < quality < 0.40 :        12 elements
Info    : 0.40 < quality < 0.50 :        23 elements
Info    : 0.50 < quality < 0.60 :        32 elements
Info    : 0.60 < quality < 0.70 :        75 elements
Info    : 0.70 < quality < 0.80 :       167 elements
Info    : 0.80 < quality < 0.90 :       163 elements
Info    : 0.90 < quality < 1.00 :        55 elements
Info    : Done optimizing mesh (Wall 0.0459708s, CPU 0.044969s)
Info    : 13471 nodes 67343 elements
Info    : Meshing order 2 (curvilinear on)...
Info    : [  0%] Meshing curve 1 order 2
Info    : [ 10%] Meshing curve 2 order 2
Info    : [ 20%] Meshing curve 3 order 2
Info    : [ 20%] Meshing curve 4 order 2
Info    : [ 30%] Meshing curve 5 order 2
Info    : [ 30%] Meshing curve 6 order 2
Info    : [ 40%] Meshing curve 7 order 2
Info    : [ 40%] Meshing curve 8 order 2
Info    : [ 50%] Meshing curve 9 order 2
Info    : [ 50%] Meshing curve 10 order 2
Info    : [ 60%] Meshing curve 11 order 2
Info    : [ 60%] Meshing curve 12 order 2
Info    : [ 70%] Meshing surface 1 order 2
Info    : [ 70%] Meshing surface 2 order 2
Info    : [ 80%] Meshing surface 3 order 2
Info    : [ 80%] Meshing surface 4 order 2
Info    : [ 90%] Meshing surface 5 order 2
Info    : [ 90%] Meshing surface 6 order 2
Info    : [100%] Meshing volume 1 order 2
Info    : [100%] Meshing volume 2 order 2
Info    : Surface mesh: worst distortion = 0.797589 (0 elements in ]0, 0.2]); worst gamma = 0.229008
Info    : Volume mesh: worst distortion = 0.254107 (0 elements in ]0, 0.2])
Info    : Done meshing order 2 (Wall 14.8266s, CPU 14.8061s)
Info    : Writing '/home/user/mscr-mom/현서/scripts/contact_scenarios/fea/matv2_mesh_LM75_phiN120_b0_s100.inp'...
Info    : Done writing '/home/user/mscr-mom/현서/scripts/contact_scenarios/fea/matv2_mesh_LM75_phiN120_b0_s100.inp'
  [LM75_phiN120_b0] [실패] (191.3s)
[LM75_phiN120_b0] 완료: 3/10 성공
