[PHS625_phiP90_b0 1/9] L_M=62.5, phi=90.0, beta=0.0, s=15.0mm, push_depth=0.1mm ...
Info    : Meshing 1D...
Info    : [  0%] Meshing curve 1 (BSpline)
Info    : [ 10%] Meshing curve 2 (Ellipse)
Info    : [ 20%] Meshing curve 3 (Ellipse)
Info    : [ 30%] Meshing curve 4 (BSpline)
Info    : [ 40%] Meshing curve 5 (BSpline)
Info    : [ 50%] Meshing curve 6 (BSpline)
Info    : [ 60%] Meshing curve 7 (BSpline)
Info    : [ 60%] Meshing curve 8 (BSpline)
Info    : [ 70%] Meshing curve 9 (BSpline)
Info    : [ 90%] Meshing curve 11 (Circle)
Info    : Done meshing 1D (Wall 0.0402047s, CPU 0.040184s)
Info    : Meshing 2D...
Info    : [  0%] Meshing surface 1 (Plane, Frontal-Delaunay)
Info    : [ 20%] Meshing surface 2 (Plane, Frontal-Delaunay)
Info    : [ 40%] Meshing surface 3 (BSpline surface, Frontal-Delaunay)
Info    : [ 60%] Meshing surface 4 (BSpline surface, Frontal-Delaunay)
Info    : [ 70%] Meshing surface 5 (Plane, Frontal-Delaunay)
Info    : [ 90%] Meshing surface 6 (Sphere, Frontal-Delaunay)
Info    : Done meshing 2D (Wall 1.44503s, CPU 1.44089s)
Info    : Meshing 3D...
Info    : 3D Meshing 2 volumes with 2 connected components
Info    : Tetrahedrizing 12548 nodes...
Info    : Done tetrahedrizing 12556 nodes (Wall 0.23619s, CPU 0.226142s)
Info    : Reconstructing mesh...
Info    :  - Creating surface mesh
Info    :  - Identifying boundary edges
Info    :  - Recovering boundary
Info    : Done reconstructing mesh (Wall 0.577614s, CPU 0.534635s)
Info    : Found volume 1
Info    : It. 0 - 0 nodes created - worst tet radius 1.03938 (nodes removed 0 0)
Info    : 3D refinement terminated (13199 nodes total):
Info    :  - 0 Delaunay cavities modified for star shapeness
Info    :  - 0 nodes could not be inserted
Info    :  - 42178 tetrahedra created in 0.0488406 sec. (863584 tets/s)
Info    : 0 node relocations
Info    : Tetrahedrizing 131 nodes...
Info    : Done tetrahedrizing 139 nodes (Wall 0.00120087s, CPU 0.001192s)
Info    : Reconstructing mesh...
Info    :  - Creating surface mesh
Info    :  - Identifying boundary edges
Info    :  - Recovering boundary
Info    : Done reconstructing mesh (Wall 0.00344962s, CPU 0.003444s)
Info    : Found volume 2
Info    : It. 0 - 0 nodes created - worst tet radius 3.10129 (nodes removed 0 0)
Info    : 3D refinement terminated (12759 nodes total):
Info    :  - 0 Delaunay cavities modified for star shapeness
Info    :  - 0 nodes could not be inserted
Info    :  - 501 tetrahedra created in 0.0114438 sec. (43778 tets/s)
Info    : 0 node relocations
Info    : Done meshing 3D (Wall 1.0504s, CPU 1.00625s)
Info    : Optimizing mesh...
Info    : Optimizing volume 1
Info    : Optimization starts (volume = 235.61) with worst = 0.00844814 / average = 0.680165:
Info    : 0.00 < quality < 0.10 :       175 elements
Info    : 0.10 < quality < 0.20 :       429 elements
Info    : 0.20 < quality < 0.30 :       766 elements
Info    : 0.30 < quality < 0.40 :       974 elements
Info    : 0.40 < quality < 0.50 :      1526 elements
Info    : 0.50 < quality < 0.60 :      3577 elements
Info    : 0.60 < quality < 0.70 :     10699 elements
Info    : 0.70 < quality < 0.80 :     20590 elements
Info    : 0.80 < quality < 0.90 :      1953 elements
Info    : 0.90 < quality < 1.00 :      1489 elements
Info    : 1292 edge swaps, 13 node relocations (volume = 235.61): worst = 0.084093 / average = 0.697565 (Wall 0.0288142s, CPU 0.028805s)
Info    : 1341 edge swaps, 13 node relocations (volume = 235.61): worst = 0.178416 / average = 0.698047 (Wall 0.0341955s, CPU 0.034177s)
Info    : 1346 edge swaps, 13 node relocations (volume = 235.61): worst = 0.178416 / average = 0.698085 (Wall 0.0383032s, CPU 0.038285s)
Info    : No ill-shaped tets in the mesh :-)
Info    : 0.00 < quality < 0.10 :         0 elements
Info    : 0.10 < quality < 0.20 :         3 elements
Info    : 0.20 < quality < 0.30 :        24 elements
Info    : 0.30 < quality < 0.40 :       845 elements
Info    : 0.40 < quality < 0.50 :      1277 elements
Info    : 0.50 < quality < 0.60 :      3656 elements
Info    : 0.60 < quality < 0.70 :     11278 elements
Info    : 0.70 < quality < 0.80 :     20313 elements
Info    : 0.80 < quality < 0.90 :      2086 elements
Info    : 0.90 < quality < 1.00 :      1496 elements
Info    : Optimizing volume 2
Info    : Optimization starts (volume = 0.25645) with worst = 0.0401763 / average = 0.723163:
Info    : 0.00 < quality < 0.10 :         2 elements
Info    : 0.10 < quality < 0.20 :         5 elements
Info    : 0.20 < quality < 0.30 :         4 elements
Info    : 0.30 < quality < 0.40 :        19 elements
Info    : 0.40 < quality < 0.50 :        23 elements
Info    : 0.50 < quality < 0.60 :        30 elements
Info    : 0.60 < quality < 0.70 :        67 elements
Info    : 0.70 < quality < 0.80 :       188 elements
Info    : 0.80 < quality < 0.90 :       122 elements
Info    : 0.90 < quality < 1.00 :        41 elements
Info    : 11 edge swaps, 0 node relocations (volume = 0.25645): worst = 0.306492 / average = 0.738495 (Wall 0.00017023s, CPU 0.000174s)
Info    : No ill-shaped tets in the mesh :-)
Info    : 0.00 < quality < 0.10 :         0 elements
Info    : 0.10 < quality < 0.20 :         0 elements
Info    : 0.20 < quality < 0.30 :         0 elements
Info    : 0.30 < quality < 0.40 :        19 elements
Info    : 0.40 < quality < 0.50 :        20 elements
Info    : 0.50 < quality < 0.60 :        28 elements
Info    : 0.60 < quality < 0.70 :        68 elements
Info    : 0.70 < quality < 0.80 :       189 elements
Info    : 0.80 < quality < 0.90 :       125 elements
Info    : 0.90 < quality < 1.00 :        41 elements
Info    : Done optimizing mesh (Wall 0.0910715s, CPU 0.091053s)
Info    : 13598 nodes 68046 elements
Info    : Meshing order 2 (curvilinear on)...
Info    : [  0%] Meshing curve 1 order 2
Info    : [ 10%] Meshing curve 2 order 2
Info    : [ 20%] Meshing curve 3 order 2
Info    : [ 20%] Meshing curve 4 order 2
Info    : [ 30%] Meshing curve 5 order 2
Info    : [ 30%] Meshing curve 6 order 2
Info    : [ 40%] Meshing curve 7 order 2
Info    : [ 40%] Meshing curve 8 order 2
Info    : [ 50%] Meshing curve 9 order 2
Info    : [ 50%] Meshing curve 10 order 2
Info    : [ 60%] Meshing curve 11 order 2
Info    : [ 60%] Meshing curve 12 order 2
Info    : [ 70%] Meshing surface 1 order 2
Info    : [ 70%] Meshing surface 2 order 2
Info    : [ 80%] Meshing surface 3 order 2
Info    : [ 80%] Meshing surface 4 order 2
Info    : [ 90%] Meshing surface 5 order 2
Info    : [ 90%] Meshing surface 6 order 2
Info    : [100%] Meshing volume 1 order 2
Info    : [100%] Meshing volume 2 order 2
Info    : Surface mesh: worst distortion = 0.797589 (0 elements in ]0, 0.2]); worst gamma = 0.724859
Info    : Volume mesh: worst distortion = 0.253376 (0 elements in ]0, 0.2])
Info    : Done meshing order 2 (Wall 16.9808s, CPU 16.964s)
Info    : Writing '/home/user/mscr-mom/현서/scripts/contact_scenarios/fea/matv2_mesh_PHS625_phiP90_b0_s15.inp'...
Info    : Done writing '/home/user/mscr-mom/현서/scripts/contact_scenarios/fea/matv2_mesh_PHS625_phiP90_b0_s15.inp'
  [PHS625_phiP90_b0] F_mag=0.0590mN  (404.8s)
[PHS625_phiP90_b0 2/9] L_M=62.5, phi=90.0, beta=0.0, s=25.0mm, push_depth=0.1mm ...
Info    : Meshing 1D...
Info    : [  0%] Meshing curve 1 (BSpline)
Info    : [ 10%] Meshing curve 2 (Ellipse)
Info    : [ 20%] Meshing curve 3 (Ellipse)
Info    : [ 30%] Meshing curve 4 (BSpline)
Info    : [ 40%] Meshing curve 5 (BSpline)
Info    : [ 50%] Meshing curve 6 (BSpline)
Info    : [ 60%] Meshing curve 7 (BSpline)
Info    : [ 60%] Meshing curve 8 (BSpline)
Info    : [ 70%] Meshing curve 9 (BSpline)
Info    : [ 90%] Meshing curve 11 (Circle)
Info    : Done meshing 1D (Wall 0.0411649s, CPU 0.041114s)
Info    : Meshing 2D...
Info    : [  0%] Meshing surface 1 (Plane, Frontal-Delaunay)
Info    : [ 20%] Meshing surface 2 (Plane, Frontal-Delaunay)
Info    : [ 40%] Meshing surface 3 (BSpline surface, Frontal-Delaunay)
Info    : [ 60%] Meshing surface 4 (BSpline surface, Frontal-Delaunay)
Info    : [ 70%] Meshing surface 5 (Plane, Frontal-Delaunay)
Info    : [ 90%] Meshing surface 6 (Sphere, Frontal-Delaunay)
Info    : Done meshing 2D (Wall 1.3704s, CPU 1.35573s)
Info    : Meshing 3D...
Info    : 3D Meshing 2 volumes with 2 connected components
Info    : Tetrahedrizing 12548 nodes...
Info    : Done tetrahedrizing 12556 nodes (Wall 0.236572s, CPU 0.225924s)
Info    : Reconstructing mesh...
Info    :  - Creating surface mesh
Info    :  - Identifying boundary edges
Info    :  - Recovering boundary
Info    : Done reconstructing mesh (Wall 0.614559s, CPU 0.58591s)
Info    : Found volume 1
Info    : It. 0 - 0 nodes created - worst tet radius 1.03938 (nodes removed 0 0)
Info    : 3D refinement terminated (13199 nodes total):
Info    :  - 0 Delaunay cavities modified for star shapeness
Info    :  - 0 nodes could not be inserted
Info    :  - 42178 tetrahedra created in 0.0254149 sec. (1659580 tets/s)
Info    : 0 node relocations
Info    : Tetrahedrizing 131 nodes...
Info    : Done tetrahedrizing 139 nodes (Wall 0.00101785s, CPU 0.001018s)
Info    : Reconstructing mesh...
Info    :  - Creating surface mesh
Info    :  - Identifying boundary edges
Info    :  - Recovering boundary
Info    : Done reconstructing mesh (Wall 0.00224452s, CPU 0.00225s)
Info    : Found volume 2
Info    : It. 0 - 0 nodes created - worst tet radius 3.10129 (nodes removed 0 0)
Info    : 3D refinement terminated (12759 nodes total):
Info    :  - 0 Delaunay cavities modified for star shapeness
Info    :  - 0 nodes could not be inserted
Info    :  - 501 tetrahedra created in 0.00291993 sec. (171579 tets/s)
Info    : 0 node relocations
Info    : Done meshing 3D (Wall 1.07326s, CPU 1.04452s)
Info    : Optimizing mesh...
Info    : Optimizing volume 1
Info    : Optimization starts (volume = 235.61) with worst = 0.00844814 / average = 0.680165:
Info    : 0.00 < quality < 0.10 :       175 elements
Info    : 0.10 < quality < 0.20 :       429 elements
Info    : 0.20 < quality < 0.30 :       766 elements
Info    : 0.30 < quality < 0.40 :       974 elements
Info    : 0.40 < quality < 0.50 :      1526 elements
Info    : 0.50 < quality < 0.60 :      3577 elements
Info    : 0.60 < quality < 0.70 :     10699 elements
Info    : 0.70 < quality < 0.80 :     20590 elements
Info    : 0.80 < quality < 0.90 :      1953 elements
Info    : 0.90 < quality < 1.00 :      1489 elements
Info    : 1292 edge swaps, 13 node relocations (volume = 235.61): worst = 0.084093 / average = 0.697565 (Wall 0.0244538s, CPU 0.024453s)
Info    : 1341 edge swaps, 13 node relocations (volume = 235.61): worst = 0.178416 / average = 0.698047 (Wall 0.0290327s, CPU 0.029033s)
Info    : 1346 edge swaps, 13 node relocations (volume = 235.61): worst = 0.178416 / average = 0.698085 (Wall 0.0325035s, CPU 0.032504s)
Info    : No ill-shaped tets in the mesh :-)
Info    : 0.00 < quality < 0.10 :         0 elements
Info    : 0.10 < quality < 0.20 :         3 elements
Info    : 0.20 < quality < 0.30 :        24 elements
Info    : 0.30 < quality < 0.40 :       845 elements
Info    : 0.40 < quality < 0.50 :      1277 elements
Info    : 0.50 < quality < 0.60 :      3656 elements
Info    : 0.60 < quality < 0.70 :     11278 elements
Info    : 0.70 < quality < 0.80 :     20313 elements
Info    : 0.80 < quality < 0.90 :      2086 elements
Info    : 0.90 < quality < 1.00 :      1496 elements
Info    : Optimizing volume 2
Info    : Optimization starts (volume = 0.25645) with worst = 0.0401763 / average = 0.723163:
Info    : 0.00 < quality < 0.10 :         2 elements
Info    : 0.10 < quality < 0.20 :         5 elements
Info    : 0.20 < quality < 0.30 :         4 elements
Info    : 0.30 < quality < 0.40 :        19 elements
Info    : 0.40 < quality < 0.50 :        23 elements
Info    : 0.50 < quality < 0.60 :        30 elements
Info    : 0.60 < quality < 0.70 :        67 elements
Info    : 0.70 < quality < 0.80 :       188 elements
Info    : 0.80 < quality < 0.90 :       122 elements
Info    : 0.90 < quality < 1.00 :        41 elements
Info    : 11 edge swaps, 0 node relocations (volume = 0.25645): worst = 0.306492 / average = 0.738495 (Wall 0.000380039s, CPU 0.000197s)
Info    : No ill-shaped tets in the mesh :-)
Info    : 0.00 < quality < 0.10 :         0 elements
Info    : 0.10 < quality < 0.20 :         0 elements
Info    : 0.20 < quality < 0.30 :         0 elements
Info    : 0.30 < quality < 0.40 :        19 elements
Info    : 0.40 < quality < 0.50 :        20 elements
Info    : 0.50 < quality < 0.60 :        28 elements
Info    : 0.60 < quality < 0.70 :        68 elements
Info    : 0.70 < quality < 0.80 :       189 elements
Info    : 0.80 < quality < 0.90 :       125 elements
Info    : 0.90 < quality < 1.00 :        41 elements
Info    : Done optimizing mesh (Wall 0.0675643s, CPU 0.067249s)
Info    : 13598 nodes 68046 elements
Info    : Meshing order 2 (curvilinear on)...
Info    : [  0%] Meshing curve 1 order 2
Info    : [ 10%] Meshing curve 2 order 2
Info    : [ 20%] Meshing curve 3 order 2
Info    : [ 20%] Meshing curve 4 order 2
Info    : [ 30%] Meshing curve 5 order 2
Info    : [ 30%] Meshing curve 6 order 2
Info    : [ 40%] Meshing curve 7 order 2
Info    : [ 40%] Meshing curve 8 order 2
Info    : [ 50%] Meshing curve 9 order 2
Info    : [ 50%] Meshing curve 10 order 2
Info    : [ 60%] Meshing curve 11 order 2
Info    : [ 60%] Meshing curve 12 order 2
Info    : [ 70%] Meshing surface 1 order 2
Info    : [ 70%] Meshing surface 2 order 2
Info    : [ 80%] Meshing surface 3 order 2
Info    : [ 80%] Meshing surface 4 order 2
Info    : [ 90%] Meshing surface 5 order 2
Info    : [ 90%] Meshing surface 6 order 2
Info    : [100%] Meshing volume 1 order 2
Info    : [100%] Meshing volume 2 order 2
Info    : Surface mesh: worst distortion = 0.797589 (0 elements in ]0, 0.2]); worst gamma = 0.724859
Info    : Volume mesh: worst distortion = 0.253376 (0 elements in ]0, 0.2])
Info    : Done meshing order 2 (Wall 25.124s, CPU 24.9989s)
Info    : Writing '/home/user/mscr-mom/현서/scripts/contact_scenarios/fea/matv2_mesh_PHS625_phiP90_b0_s25.inp'...
Info    : Done writing '/home/user/mscr-mom/현서/scripts/contact_scenarios/fea/matv2_mesh_PHS625_phiP90_b0_s25.inp'
  [PHS625_phiP90_b0] [실패] (1073.8s)
[PHS625_phiP90_b0 3/9] L_M=62.5, phi=90.0, beta=0.0, s=35.0mm, push_depth=0.1mm ...
Info    : Meshing 1D...
Info    : [  0%] Meshing curve 1 (BSpline)
Info    : [ 10%] Meshing curve 2 (Ellipse)
Info    : [ 20%] Meshing curve 3 (Ellipse)
Info    : [ 30%] Meshing curve 4 (BSpline)
Info    : [ 40%] Meshing curve 5 (BSpline)
Info    : [ 50%] Meshing curve 6 (BSpline)
Info    : [ 60%] Meshing curve 7 (BSpline)
Info    : [ 60%] Meshing curve 8 (BSpline)
Info    : [ 70%] Meshing curve 9 (BSpline)
Info    : [ 90%] Meshing curve 11 (Circle)
Info    : Done meshing 1D (Wall 0.0435937s, CPU 0.043583s)
Info    : Meshing 2D...
Info    : [  0%] Meshing surface 1 (Plane, Frontal-Delaunay)
Info    : [ 20%] Meshing surface 2 (Plane, Frontal-Delaunay)
Info    : [ 40%] Meshing surface 3 (BSpline surface, Frontal-Delaunay)
Info    : [ 60%] Meshing surface 4 (BSpline surface, Frontal-Delaunay)
Info    : [ 70%] Meshing surface 5 (Plane, Frontal-Delaunay)
Info    : [ 90%] Meshing surface 6 (Sphere, Frontal-Delaunay)
Info    : Done meshing 2D (Wall 1.45104s, CPU 1.42543s)
Info    : Meshing 3D...
Info    : 3D Meshing 2 volumes with 2 connected components
Info    : Tetrahedrizing 12548 nodes...
Info    : Done tetrahedrizing 12556 nodes (Wall 0.226687s, CPU 0.209691s)
Info    : Reconstructing mesh...
Info    :  - Creating surface mesh
Info    :  - Identifying boundary edges
Info    :  - Recovering boundary
Info    : Done reconstructing mesh (Wall 0.500293s, CPU 0.469771s)
Info    : Found volume 1
Info    : It. 0 - 0 nodes created - worst tet radius 1.03938 (nodes removed 0 0)
Info    : 3D refinement terminated (13198 nodes total):
Info    :  - 0 Delaunay cavities modified for star shapeness
Info    :  - 0 nodes could not be inserted
Info    :  - 42178 tetrahedra created in 0.0510598 sec. (826050 tets/s)
Info    : 0 node relocations
Info    : Tetrahedrizing 130 nodes...
Info    : Done tetrahedrizing 138 nodes (Wall 0.00113141s, CPU 0.001131s)
Info    : Reconstructing mesh...
Info    :  - Creating surface mesh
Info    :  - Identifying boundary edges
Info    :  - Recovering boundary
Info    : Done reconstructing mesh (Wall 0.00334227s, CPU 0.003344s)
Info    : Found volume 2
Info    : It. 0 - 0 nodes created - worst tet radius 3.0606 (nodes removed 0 0)
Info    : 3D refinement terminated (12757 nodes total):
Info    :  - 0 Delaunay cavities modified for star shapeness
Info    :  - 0 nodes could not be inserted
Info    :  - 480 tetrahedra created in 0.0100436 sec. (47791 tets/s)
Info    : 0 node relocations
Info    : Done meshing 3D (Wall 1.02779s, CPU 0.99723s)
Info    : Optimizing mesh...
Info    : Optimizing volume 1
Info    : Optimization starts (volume = 235.61) with worst = 0.00844814 / average = 0.680165:
Info    : 0.00 < quality < 0.10 :       175 elements
Info    : 0.10 < quality < 0.20 :       429 elements
Info    : 0.20 < quality < 0.30 :       766 elements
Info    : 0.30 < quality < 0.40 :       974 elements
Info    : 0.40 < quality < 0.50 :      1526 elements
Info    : 0.50 < quality < 0.60 :      3577 elements
Info    : 0.60 < quality < 0.70 :     10699 elements
Info    : 0.70 < quality < 0.80 :     20590 elements
Info    : 0.80 < quality < 0.90 :      1953 elements
Info    : 0.90 < quality < 1.00 :      1489 elements
Info    : 1292 edge swaps, 13 node relocations (volume = 235.61): worst = 0.084093 / average = 0.697565 (Wall 0.031638s, CPU 0.03163s)
Info    : 1341 edge swaps, 13 node relocations (volume = 235.61): worst = 0.178416 / average = 0.698047 (Wall 0.0393866s, CPU 0.038384s)
Info    : 1346 edge swaps, 13 node relocations (volume = 235.61): worst = 0.178416 / average = 0.698085 (Wall 0.0445815s, CPU 0.043577s)
Info    : No ill-shaped tets in the mesh :-)
Info    : 0.00 < quality < 0.10 :         0 elements
Info    : 0.10 < quality < 0.20 :         3 elements
Info    : 0.20 < quality < 0.30 :        24 elements
Info    : 0.30 < quality < 0.40 :       845 elements
Info    : 0.40 < quality < 0.50 :      1277 elements
Info    : 0.50 < quality < 0.60 :      3656 elements
Info    : 0.60 < quality < 0.70 :     11278 elements
Info    : 0.70 < quality < 0.80 :     20313 elements
Info    : 0.80 < quality < 0.90 :      2086 elements
Info    : 0.90 < quality < 1.00 :      1496 elements
Info    : Optimizing volume 2
Info    : Optimization starts (volume = 0.256435) with worst = 0.228555 / average = 0.742463:
Info    : 0.00 < quality < 0.10 :         0 elements
Info    : 0.10 < quality < 0.20 :         0 elements
Info    : 0.20 < quality < 0.30 :         5 elements
Info    : 0.30 < quality < 0.40 :         8 elements
Info    : 0.40 < quality < 0.50 :        22 elements
Info    : 0.50 < quality < 0.60 :        26 elements
Info    : 0.60 < quality < 0.70 :        70 elements
Info    : 0.70 < quality < 0.80 :       181 elements
Info    : 0.80 < quality < 0.90 :       126 elements
Info    : 0.90 < quality < 1.00 :        42 elements
Info    : 5 edge swaps, 0 node relocations (volume = 0.256435): worst = 0.307232 / average = 0.747909 (Wall 0.000172638s, CPU 0.000179s)
Info    : No ill-shaped tets in the mesh :-)
Info    : 0.00 < quality < 0.10 :         0 elements
Info    : 0.10 < quality < 0.20 :         0 elements
Info    : 0.20 < quality < 0.30 :         0 elements
Info    : 0.30 < quality < 0.40 :         9 elements
Info    : 0.40 < quality < 0.50 :        21 elements
Info    : 0.50 < quality < 0.60 :        26 elements
Info    : 0.60 < quality < 0.70 :        68 elements
Info    : 0.70 < quality < 0.80 :       183 elements
Info    : 0.80 < quality < 0.90 :       127 elements
Info    : 0.90 < quality < 1.00 :        42 elements
Info    : Done optimizing mesh (Wall 0.0962359s, CPU 0.093542s)
Info    : 13596 nodes 68030 elements
Info    : Meshing order 2 (curvilinear on)...
Info    : [  0%] Meshing curve 1 order 2
Info    : [ 10%] Meshing curve 2 order 2
Info    : [ 20%] Meshing curve 3 order 2
Info    : [ 20%] Meshing curve 4 order 2
Info    : [ 30%] Meshing curve 5 order 2
Info    : [ 30%] Meshing curve 6 order 2
Info    : [ 40%] Meshing curve 7 order 2
Info    : [ 40%] Meshing curve 8 order 2
Info    : [ 50%] Meshing curve 9 order 2
Info    : [ 50%] Meshing curve 10 order 2
Info    : [ 60%] Meshing curve 11 order 2
Info    : [ 60%] Meshing curve 12 order 2
Info    : [ 70%] Meshing surface 1 order 2
Info    : [ 70%] Meshing surface 2 order 2
Info    : [ 80%] Meshing surface 3 order 2
Info    : [ 80%] Meshing surface 4 order 2
Info    : [ 90%] Meshing surface 5 order 2
Info    : [ 90%] Meshing surface 6 order 2
Info    : [100%] Meshing volume 1 order 2
Info    : [100%] Meshing volume 2 order 2
Info    : Surface mesh: worst distortion = 0.797589 (0 elements in ]0, 0.2]); worst gamma = 0.724788
Info    : Volume mesh: worst distortion = 0.253376 (0 elements in ]0, 0.2])
Info    : Done meshing order 2 (Wall 25.682s, CPU 25.6251s)
Info    : Writing '/home/user/mscr-mom/현서/scripts/contact_scenarios/fea/matv2_mesh_PHS625_phiP90_b0_s35.inp'...
Info    : Done writing '/home/user/mscr-mom/현서/scripts/contact_scenarios/fea/matv2_mesh_PHS625_phiP90_b0_s35.inp'
  [PHS625_phiP90_b0] [실패] (1301.4s)
[PHS625_phiP90_b0 4/9] L_M=62.5, phi=90.0, beta=0.0, s=45.0mm, push_depth=0.1mm ...
Info    : Meshing 1D...
Info    : [  0%] Meshing curve 1 (BSpline)
Info    : [ 10%] Meshing curve 2 (Ellipse)
Info    : [ 20%] Meshing curve 3 (Ellipse)
Info    : [ 30%] Meshing curve 4 (BSpline)
Info    : [ 40%] Meshing curve 5 (BSpline)
Info    : [ 50%] Meshing curve 6 (BSpline)
Info    : [ 60%] Meshing curve 7 (BSpline)
Info    : [ 60%] Meshing curve 8 (BSpline)
Info    : [ 70%] Meshing curve 9 (BSpline)
Info    : [ 90%] Meshing curve 11 (Circle)
Info    : Done meshing 1D (Wall 0.0225909s, CPU 0.022534s)
Info    : Meshing 2D...
Info    : [  0%] Meshing surface 1 (Plane, Frontal-Delaunay)
Info    : [ 20%] Meshing surface 2 (Plane, Frontal-Delaunay)
Info    : [ 40%] Meshing surface 3 (BSpline surface, Frontal-Delaunay)
Info    : [ 60%] Meshing surface 4 (BSpline surface, Frontal-Delaunay)
Info    : [ 70%] Meshing surface 5 (Plane, Frontal-Delaunay)
Info    : [ 90%] Meshing surface 6 (Sphere, Frontal-Delaunay)
Info    : Done meshing 2D (Wall 0.875191s, CPU 0.872927s)
Info    : Meshing 3D...
Info    : 3D Meshing 2 volumes with 2 connected components
Info    : Tetrahedrizing 12548 nodes...
Info    : Done tetrahedrizing 12556 nodes (Wall 0.177843s, CPU 0.172786s)
Info    : Reconstructing mesh...
Info    :  - Creating surface mesh
Info    :  - Identifying boundary edges
Info    :  - Recovering boundary
Info    : Done reconstructing mesh (Wall 0.441465s, CPU 0.42131s)
Info    : Found volume 1
Info    : It. 0 - 0 nodes created - worst tet radius 1.03938 (nodes removed 0 0)
Info    : 3D refinement terminated (13199 nodes total):
Info    :  - 0 Delaunay cavities modified for star shapeness
Info    :  - 0 nodes could not be inserted
Info    :  - 42178 tetrahedra created in 0.0411067 sec. (1026061 tets/s)
Info    : 0 node relocations
Info    : Tetrahedrizing 131 nodes...
Info    : Done tetrahedrizing 139 nodes (Wall 0.00101828s, CPU 0.001018s)
Info    : Reconstructing mesh...
Info    :  - Creating surface mesh
Info    :  - Identifying boundary edges
Info    :  - Recovering boundary
Info    : Done reconstructing mesh (Wall 0.00228717s, CPU 0.002294s)
Info    : Found volume 2
Info    : It. 0 - 0 nodes created - worst tet radius 3.10129 (nodes removed 0 0)
Info    : 3D refinement terminated (12759 nodes total):
Info    :  - 0 Delaunay cavities modified for star shapeness
Info    :  - 0 nodes could not be inserted
Info    :  - 501 tetrahedra created in 0.00406091 sec. (123371 tets/s)
Info    : 0 node relocations
Info    : Done meshing 3D (Wall 0.896376s, CPU 0.848965s)
Info    : Optimizing mesh...
Info    : Optimizing volume 1
Info    : Optimization starts (volume = 235.61) with worst = 0.00844814 / average = 0.680165:
Info    : 0.00 < quality < 0.10 :       175 elements
Info    : 0.10 < quality < 0.20 :       429 elements
Info    : 0.20 < quality < 0.30 :       766 elements
Info    : 0.30 < quality < 0.40 :       974 elements
Info    : 0.40 < quality < 0.50 :      1526 elements
Info    : 0.50 < quality < 0.60 :      3577 elements
Info    : 0.60 < quality < 0.70 :     10699 elements
Info    : 0.70 < quality < 0.80 :     20590 elements
Info    : 0.80 < quality < 0.90 :      1953 elements
Info    : 0.90 < quality < 1.00 :      1489 elements
Info    : 1292 edge swaps, 13 node relocations (volume = 235.61): worst = 0.084093 / average = 0.697565 (Wall 0.0195076s, CPU 0.0195s)
Info    : 1341 edge swaps, 13 node relocations (volume = 235.61): worst = 0.178416 / average = 0.698047 (Wall 0.023134s, CPU 0.023131s)
Info    : 1346 edge swaps, 13 node relocations (volume = 235.61): worst = 0.178416 / average = 0.698085 (Wall 0.0255642s, CPU 0.025561s)
Info    : No ill-shaped tets in the mesh :-)
Info    : 0.00 < quality < 0.10 :         0 elements
Info    : 0.10 < quality < 0.20 :         3 elements
Info    : 0.20 < quality < 0.30 :        24 elements
Info    : 0.30 < quality < 0.40 :       845 elements
Info    : 0.40 < quality < 0.50 :      1277 elements
Info    : 0.50 < quality < 0.60 :      3656 elements
Info    : 0.60 < quality < 0.70 :     11278 elements
Info    : 0.70 < quality < 0.80 :     20313 elements
Info    : 0.80 < quality < 0.90 :      2086 elements
Info    : 0.90 < quality < 1.00 :      1496 elements
Info    : Optimizing volume 2
Info    : Optimization starts (volume = 0.25645) with worst = 0.0401763 / average = 0.723163:
Info    : 0.00 < quality < 0.10 :         2 elements
Info    : 0.10 < quality < 0.20 :         5 elements
Info    : 0.20 < quality < 0.30 :         4 elements
Info    : 0.30 < quality < 0.40 :        19 elements
Info    : 0.40 < quality < 0.50 :        23 elements
Info    : 0.50 < quality < 0.60 :        30 elements
Info    : 0.60 < quality < 0.70 :        67 elements
Info    : 0.70 < quality < 0.80 :       188 elements
Info    : 0.80 < quality < 0.90 :       122 elements
Info    : 0.90 < quality < 1.00 :        41 elements
Info    : 11 edge swaps, 0 node relocations (volume = 0.25645): worst = 0.306492 / average = 0.738495 (Wall 0.000122267s, CPU 0.000121s)
Info    : No ill-shaped tets in the mesh :-)
Info    : 0.00 < quality < 0.10 :         0 elements
Info    : 0.10 < quality < 0.20 :         0 elements
Info    : 0.20 < quality < 0.30 :         0 elements
Info    : 0.30 < quality < 0.40 :        19 elements
Info    : 0.40 < quality < 0.50 :        20 elements
Info    : 0.50 < quality < 0.60 :        28 elements
Info    : 0.60 < quality < 0.70 :        68 elements
Info    : 0.70 < quality < 0.80 :       189 elements
Info    : 0.80 < quality < 0.90 :       125 elements
Info    : 0.90 < quality < 1.00 :        41 elements
Info    : Done optimizing mesh (Wall 0.0507688s, CPU 0.049768s)
Info    : 13598 nodes 68046 elements
Info    : Meshing order 2 (curvilinear on)...
Info    : [  0%] Meshing curve 1 order 2
Info    : [ 10%] Meshing curve 2 order 2
Info    : [ 20%] Meshing curve 3 order 2
Info    : [ 20%] Meshing curve 4 order 2
Info    : [ 30%] Meshing curve 5 order 2
Info    : [ 30%] Meshing curve 6 order 2
Info    : [ 40%] Meshing curve 7 order 2
Info    : [ 40%] Meshing curve 8 order 2
Info    : [ 50%] Meshing curve 9 order 2
Info    : [ 50%] Meshing curve 10 order 2
Info    : [ 60%] Meshing curve 11 order 2
Info    : [ 60%] Meshing curve 12 order 2
Info    : [ 70%] Meshing surface 1 order 2
Info    : [ 70%] Meshing surface 2 order 2
Info    : [ 80%] Meshing surface 3 order 2
Info    : [ 80%] Meshing surface 4 order 2
Info    : [ 90%] Meshing surface 5 order 2
Info    : [ 90%] Meshing surface 6 order 2
Info    : [100%] Meshing volume 1 order 2
Info    : [100%] Meshing volume 2 order 2
Info    : Surface mesh: worst distortion = 0.797589 (0 elements in ]0, 0.2]); worst gamma = 0.724859
Info    : Volume mesh: worst distortion = 0.253376 (0 elements in ]0, 0.2])
Info    : Done meshing order 2 (Wall 17.5864s, CPU 17.539s)
Info    : Writing '/home/user/mscr-mom/현서/scripts/contact_scenarios/fea/matv2_mesh_PHS625_phiP90_b0_s45.inp'...
Info    : Done writing '/home/user/mscr-mom/현서/scripts/contact_scenarios/fea/matv2_mesh_PHS625_phiP90_b0_s45.inp'
  [PHS625_phiP90_b0] [실패] (929.1s)
[PHS625_phiP90_b0 5/9] L_M=62.5, phi=90.0, beta=0.0, s=55.0mm, push_depth=0.1mm ...
Info    : Meshing 1D...
Info    : [  0%] Meshing curve 1 (BSpline)
Info    : [ 10%] Meshing curve 2 (Ellipse)
Info    : [ 20%] Meshing curve 3 (Ellipse)
Info    : [ 30%] Meshing curve 4 (BSpline)
Info    : [ 40%] Meshing curve 5 (BSpline)
Info    : [ 50%] Meshing curve 6 (BSpline)
Info    : [ 60%] Meshing curve 7 (BSpline)
Info    : [ 60%] Meshing curve 8 (BSpline)
Info    : [ 70%] Meshing curve 9 (BSpline)
Info    : [ 90%] Meshing curve 11 (Circle)
Info    : Done meshing 1D (Wall 0.0238605s, CPU 0.023799s)
Info    : Meshing 2D...
Info    : [  0%] Meshing surface 1 (Plane, Frontal-Delaunay)
Info    : [ 20%] Meshing surface 2 (Plane, Frontal-Delaunay)
Info    : [ 40%] Meshing surface 3 (BSpline surface, Frontal-Delaunay)
Info    : [ 60%] Meshing surface 4 (BSpline surface, Frontal-Delaunay)
Info    : [ 70%] Meshing surface 5 (Plane, Frontal-Delaunay)
Info    : [ 90%] Meshing surface 6 (Sphere, Frontal-Delaunay)
Info    : Done meshing 2D (Wall 0.965902s, CPU 0.965693s)
Info    : Meshing 3D...
Info    : 3D Meshing 2 volumes with 2 connected components
Info    : Tetrahedrizing 12548 nodes...
Info    : Done tetrahedrizing 12556 nodes (Wall 0.205355s, CPU 0.199357s)
Info    : Reconstructing mesh...
Info    :  - Creating surface mesh
Info    :  - Identifying boundary edges
Info    :  - Recovering boundary
Info    : Done reconstructing mesh (Wall 0.406275s, CPU 0.392245s)
Info    : Found volume 1
Info    : It. 0 - 0 nodes created - worst tet radius 1.03938 (nodes removed 0 0)
Info    : 3D refinement terminated (13199 nodes total):
Info    :  - 0 Delaunay cavities modified for star shapeness
Info    :  - 0 nodes could not be inserted
Info    :  - 42178 tetrahedra created in 0.0306663 sec. (1375384 tets/s)
Info    : 0 node relocations
Info    : Tetrahedrizing 131 nodes...
Info    : Done tetrahedrizing 139 nodes (Wall 0.000825903s, CPU 0.000826s)
Info    : Reconstructing mesh...
Info    :  - Creating surface mesh
Info    :  - Identifying boundary edges
Info    :  - Recovering boundary
Info    : Done reconstructing mesh (Wall 0.00191383s, CPU 0.001918s)
Info    : Found volume 2
Info    : It. 0 - 0 nodes created - worst tet radius 3.17954 (nodes removed 0 0)
Info    : 3D refinement terminated (12764 nodes total):
Info    :  - 2 Delaunay cavities modified for star shapeness
Info    :  - 1 nodes could not be inserted
Info    :  - 514 tetrahedra created in 0.00312813 sec. (164315 tets/s)
Info    : 1 node relocations
Info    : Done meshing 3D (Wall 0.700694s, CPU 0.685556s)
Info    : Optimizing mesh...
Info    : Optimizing volume 1
Info    : Optimization starts (volume = 235.61) with worst = 0.00844814 / average = 0.680165:
Info    : 0.00 < quality < 0.10 :       175 elements
Info    : 0.10 < quality < 0.20 :       429 elements
Info    : 0.20 < quality < 0.30 :       766 elements
Info    : 0.30 < quality < 0.40 :       974 elements
Info    : 0.40 < quality < 0.50 :      1526 elements
Info    : 0.50 < quality < 0.60 :      3577 elements
Info    : 0.60 < quality < 0.70 :     10699 elements
Info    : 0.70 < quality < 0.80 :     20590 elements
Info    : 0.80 < quality < 0.90 :      1953 elements
Info    : 0.90 < quality < 1.00 :      1489 elements
Info    : 1292 edge swaps, 13 node relocations (volume = 235.61): worst = 0.084093 / average = 0.697565 (Wall 0.0158506s, CPU 0.015851s)
Info    : 1341 edge swaps, 13 node relocations (volume = 235.61): worst = 0.178416 / average = 0.698047 (Wall 0.0187928s, CPU 0.018796s)
Info    : 1346 edge swaps, 13 node relocations (volume = 235.61): worst = 0.178416 / average = 0.698085 (Wall 0.0210503s, CPU 0.021054s)
Info    : No ill-shaped tets in the mesh :-)
Info    : 0.00 < quality < 0.10 :         0 elements
Info    : 0.10 < quality < 0.20 :         3 elements
Info    : 0.20 < quality < 0.30 :        24 elements
Info    : 0.30 < quality < 0.40 :       845 elements
Info    : 0.40 < quality < 0.50 :      1277 elements
Info    : 0.50 < quality < 0.60 :      3656 elements
Info    : 0.60 < quality < 0.70 :     11278 elements
Info    : 0.70 < quality < 0.80 :     20313 elements
Info    : 0.80 < quality < 0.90 :      2086 elements
Info    : 0.90 < quality < 1.00 :      1496 elements
Info    : Optimizing volume 2
Info    : Optimization starts (volume = 0.255877) with worst = 0.0157243 / average = 0.758981:
Info    : 0.00 < quality < 0.10 :         3 elements
Info    : 0.10 < quality < 0.20 :         2 elements
Info    : 0.20 < quality < 0.30 :         4 elements
Info    : 0.30 < quality < 0.40 :         8 elements
Info    : 0.40 < quality < 0.50 :         8 elements
Info    : 0.50 < quality < 0.60 :        22 elements
Info    : 0.60 < quality < 0.70 :        75 elements
Info    : 0.70 < quality < 0.80 :       176 elements
Info    : 0.80 < quality < 0.90 :       164 elements
Info    : 0.90 < quality < 1.00 :        52 elements
Info    : 7 edge swaps, 3 node relocations (volume = 0.255877): worst = 0.0451883 / average = 0.766415 (Wall 0.000196563s, CPU 0.000198s)
Info    : No ill-shaped tets in the mesh :-)
Info    : 0.00 < quality < 0.10 :         1 elements
Info    : 0.10 < quality < 0.20 :         0 elements
Info    : 0.20 < quality < 0.30 :         1 elements
Info    : 0.30 < quality < 0.40 :        10 elements
Info    : 0.40 < quality < 0.50 :         8 elements
Info    : 0.50 < quality < 0.60 :        19 elements
Info    : 0.60 < quality < 0.70 :        82 elements
Info    : 0.70 < quality < 0.80 :       166 elements
Info    : 0.80 < quality < 0.90 :       166 elements
Info    : 0.90 < quality < 1.00 :        56 elements
Info    : Done optimizing mesh (Wall 0.0462631s, CPU 0.046263s)
Info    : 13603 nodes 68065 elements
Info    : Meshing order 2 (curvilinear on)...
Info    : [  0%] Meshing curve 1 order 2
Info    : [ 10%] Meshing curve 2 order 2
Info    : [ 20%] Meshing curve 3 order 2
Info    : [ 20%] Meshing curve 4 order 2
Info    : [ 30%] Meshing curve 5 order 2
Info    : [ 30%] Meshing curve 6 order 2
Info    : [ 40%] Meshing curve 7 order 2
Info    : [ 40%] Meshing curve 8 order 2
Info    : [ 50%] Meshing curve 9 order 2
Info    : [ 50%] Meshing curve 10 order 2
Info    : [ 60%] Meshing curve 11 order 2
Info    : [ 60%] Meshing curve 12 order 2
Info    : [ 70%] Meshing surface 1 order 2
Info    : [ 70%] Meshing surface 2 order 2
Info    : [ 80%] Meshing surface 3 order 2
Info    : [ 80%] Meshing surface 4 order 2
Info    : [ 90%] Meshing surface 5 order 2
Info    : [ 90%] Meshing surface 6 order 2
Info    : [100%] Meshing volume 1 order 2
Info    : [100%] Meshing volume 2 order 2
Info    : Surface mesh: worst distortion = 0.797589 (0 elements in ]0, 0.2]); worst gamma = 0.299743
Info    : Volume mesh: worst distortion = 0.253376 (0 elements in ]0, 0.2])
Info    : Done meshing order 2 (Wall 15.6248s, CPU 15.542s)
Info    : Writing '/home/user/mscr-mom/현서/scripts/contact_scenarios/fea/matv2_mesh_PHS625_phiP90_b0_s55.inp'...
Info    : Done writing '/home/user/mscr-mom/현서/scripts/contact_scenarios/fea/matv2_mesh_PHS625_phiP90_b0_s55.inp'
  [PHS625_phiP90_b0] [실패] (628.7s)
[PHS625_phiP90_b0 6/9] L_M=62.5, phi=90.0, beta=0.0, s=65.0mm, push_depth=0.1mm ...
Info    : Meshing 1D...
Info    : [  0%] Meshing curve 1 (BSpline)
Info    : [ 10%] Meshing curve 2 (Ellipse)
Info    : [ 20%] Meshing curve 3 (Ellipse)
Info    : [ 30%] Meshing curve 4 (BSpline)
Info    : [ 40%] Meshing curve 5 (BSpline)
Info    : [ 50%] Meshing curve 6 (BSpline)
Info    : [ 60%] Meshing curve 7 (BSpline)
Info    : [ 60%] Meshing curve 8 (BSpline)
Info    : [ 70%] Meshing curve 9 (BSpline)
Info    : [ 90%] Meshing curve 11 (Circle)
Info    : Done meshing 1D (Wall 0.0284621s, CPU 0.027449s)
Info    : Meshing 2D...
Info    : [  0%] Meshing surface 1 (Plane, Frontal-Delaunay)
Info    : [ 20%] Meshing surface 2 (Plane, Frontal-Delaunay)
Info    : [ 40%] Meshing surface 3 (BSpline surface, Frontal-Delaunay)
Info    : [ 60%] Meshing surface 4 (BSpline surface, Frontal-Delaunay)
Info    : [ 70%] Meshing surface 5 (Plane, Frontal-Delaunay)
Info    : [ 90%] Meshing surface 6 (Sphere, Frontal-Delaunay)
Info    : Done meshing 2D (Wall 0.853382s, CPU 0.852307s)
Info    : Meshing 3D...
Info    : 3D Meshing 2 volumes with 2 connected components
Info    : Tetrahedrizing 12548 nodes...
Info    : Done tetrahedrizing 12556 nodes (Wall 0.164553s, CPU 0.153559s)
Info    : Reconstructing mesh...
Info    :  - Creating surface mesh
Info    :  - Identifying boundary edges
Info    :  - Recovering boundary
Info    : Done reconstructing mesh (Wall 0.394262s, CPU 0.372268s)
Info    : Found volume 1
Info    : It. 0 - 0 nodes created - worst tet radius 1.03938 (nodes removed 0 0)
Info    : 3D refinement terminated (13199 nodes total):
Info    :  - 0 Delaunay cavities modified for star shapeness
Info    :  - 0 nodes could not be inserted
Info    :  - 42178 tetrahedra created in 0.0327369 sec. (1288393 tets/s)
Info    : 0 node relocations
Info    : Tetrahedrizing 131 nodes...
Info    : Done tetrahedrizing 139 nodes (Wall 0.000822086s, CPU 0.000822s)
Info    : Reconstructing mesh...
Info    :  - Creating surface mesh
Info    :  - Identifying boundary edges
Info    :  - Recovering boundary
Info    : Done reconstructing mesh (Wall 0.00190304s, CPU 0.001905s)
Info    : Found volume 2
Info    : It. 0 - 0 nodes created - worst tet radius 3.17954 (nodes removed 0 0)
Info    : 3D refinement terminated (12764 nodes total):
Info    :  - 2 Delaunay cavities modified for star shapeness
Info    :  - 1 nodes could not be inserted
Info    :  - 514 tetrahedra created in 0.00388386 sec. (132342 tets/s)
Info    : 1 node relocations
Info    : Done meshing 3D (Wall 0.740636s, CPU 0.717625s)
Info    : Optimizing mesh...
Info    : Optimizing volume 1
Info    : Optimization starts (volume = 235.61) with worst = 0.00844814 / average = 0.680165:
Info    : 0.00 < quality < 0.10 :       175 elements
Info    : 0.10 < quality < 0.20 :       429 elements
Info    : 0.20 < quality < 0.30 :       766 elements
Info    : 0.30 < quality < 0.40 :       974 elements
Info    : 0.40 < quality < 0.50 :      1526 elements
Info    : 0.50 < quality < 0.60 :      3577 elements
Info    : 0.60 < quality < 0.70 :     10699 elements
Info    : 0.70 < quality < 0.80 :     20590 elements
Info    : 0.80 < quality < 0.90 :      1953 elements
Info    : 0.90 < quality < 1.00 :      1489 elements
Info    : 1292 edge swaps, 13 node relocations (volume = 235.61): worst = 0.084093 / average = 0.697565 (Wall 0.0161871s, CPU 0.016185s)
Info    : 1341 edge swaps, 13 node relocations (volume = 235.61): worst = 0.178416 / average = 0.698047 (Wall 0.0195397s, CPU 0.01954s)
Info    : 1346 edge swaps, 13 node relocations (volume = 235.61): worst = 0.178416 / average = 0.698085 (Wall 0.0220101s, CPU 0.022012s)
Info    : No ill-shaped tets in the mesh :-)
Info    : 0.00 < quality < 0.10 :         0 elements
Info    : 0.10 < quality < 0.20 :         3 elements
Info    : 0.20 < quality < 0.30 :        24 elements
Info    : 0.30 < quality < 0.40 :       845 elements
Info    : 0.40 < quality < 0.50 :      1277 elements
Info    : 0.50 < quality < 0.60 :      3656 elements
Info    : 0.60 < quality < 0.70 :     11278 elements
Info    : 0.70 < quality < 0.80 :     20313 elements
Info    : 0.80 < quality < 0.90 :      2086 elements
Info    : 0.90 < quality < 1.00 :      1496 elements
Info    : Optimizing volume 2
Info    : Optimization starts (volume = 0.255877) with worst = 0.0157243 / average = 0.758981:
Info    : 0.00 < quality < 0.10 :         3 elements
Info    : 0.10 < quality < 0.20 :         2 elements
Info    : 0.20 < quality < 0.30 :         4 elements
Info    : 0.30 < quality < 0.40 :         8 elements
Info    : 0.40 < quality < 0.50 :         8 elements
Info    : 0.50 < quality < 0.60 :        22 elements
Info    : 0.60 < quality < 0.70 :        75 elements
Info    : 0.70 < quality < 0.80 :       176 elements
Info    : 0.80 < quality < 0.90 :       164 elements
Info    : 0.90 < quality < 1.00 :        52 elements
Info    : 7 edge swaps, 3 node relocations (volume = 0.255877): worst = 0.0451883 / average = 0.766415 (Wall 0.000156597s, CPU 0.000157s)
Info    : No ill-shaped tets in the mesh :-)
Info    : 0.00 < quality < 0.10 :         1 elements
Info    : 0.10 < quality < 0.20 :         0 elements
Info    : 0.20 < quality < 0.30 :         1 elements
Info    : 0.30 < quality < 0.40 :        10 elements
Info    : 0.40 < quality < 0.50 :         8 elements
Info    : 0.50 < quality < 0.60 :        19 elements
Info    : 0.60 < quality < 0.70 :        82 elements
Info    : 0.70 < quality < 0.80 :       166 elements
Info    : 0.80 < quality < 0.90 :       166 elements
Info    : 0.90 < quality < 1.00 :        56 elements
Info    : Done optimizing mesh (Wall 0.0538843s, CPU 0.053882s)
Info    : 13603 nodes 68065 elements
Info    : Meshing order 2 (curvilinear on)...
Info    : [  0%] Meshing curve 1 order 2
Info    : [ 10%] Meshing curve 2 order 2
Info    : [ 20%] Meshing curve 3 order 2
Info    : [ 20%] Meshing curve 4 order 2
Info    : [ 30%] Meshing curve 5 order 2
Info    : [ 30%] Meshing curve 6 order 2
Info    : [ 40%] Meshing curve 7 order 2
Info    : [ 40%] Meshing curve 8 order 2
Info    : [ 50%] Meshing curve 9 order 2
Info    : [ 50%] Meshing curve 10 order 2
Info    : [ 60%] Meshing curve 11 order 2
Info    : [ 60%] Meshing curve 12 order 2
Info    : [ 70%] Meshing surface 1 order 2
Info    : [ 70%] Meshing surface 2 order 2
Info    : [ 80%] Meshing surface 3 order 2
Info    : [ 80%] Meshing surface 4 order 2
Info    : [ 90%] Meshing surface 5 order 2
Info    : [ 90%] Meshing surface 6 order 2
Info    : [100%] Meshing volume 1 order 2
Info    : [100%] Meshing volume 2 order 2
Info    : Surface mesh: worst distortion = 0.797589 (0 elements in ]0, 0.2]); worst gamma = 0.299743
Info    : Volume mesh: worst distortion = 0.253376 (0 elements in ]0, 0.2])
Info    : Done meshing order 2 (Wall 16.2304s, CPU 16.1423s)
Info    : Writing '/home/user/mscr-mom/현서/scripts/contact_scenarios/fea/matv2_mesh_PHS625_phiP90_b0_s65.inp'...
Info    : Done writing '/home/user/mscr-mom/현서/scripts/contact_scenarios/fea/matv2_mesh_PHS625_phiP90_b0_s65.inp'
  [PHS625_phiP90_b0] 실패: Command '['ccx', 'matv2sweep_PHS625_phiP90_b0_06']' timed out after 1800 seconds
  [PHS625_phiP90_b0] [실패] (1818.6s)
[PHS625_phiP90_b0 7/9] L_M=62.5, phi=90.0, beta=0.0, s=75.0mm, push_depth=0.1mm ...
Info    : Meshing 1D...
Info    : [  0%] Meshing curve 1 (BSpline)
Info    : [ 10%] Meshing curve 2 (Ellipse)
Info    : [ 20%] Meshing curve 3 (Ellipse)
Info    : [ 30%] Meshing curve 4 (BSpline)
Info    : [ 40%] Meshing curve 5 (BSpline)
Info    : [ 50%] Meshing curve 6 (BSpline)
Info    : [ 60%] Meshing curve 7 (BSpline)
Info    : [ 60%] Meshing curve 8 (BSpline)
Info    : [ 70%] Meshing curve 9 (BSpline)
Info    : [ 90%] Meshing curve 11 (Circle)
Info    : Done meshing 1D (Wall 0.0455225s, CPU 0.045513s)
Info    : Meshing 2D...
Info    : [  0%] Meshing surface 1 (Plane, Frontal-Delaunay)
Info    : [ 20%] Meshing surface 2 (Plane, Frontal-Delaunay)
Info    : [ 40%] Meshing surface 3 (BSpline surface, Frontal-Delaunay)
Info    : [ 60%] Meshing surface 4 (BSpline surface, Frontal-Delaunay)
Info    : [ 70%] Meshing surface 5 (Plane, Frontal-Delaunay)
Info    : [ 90%] Meshing surface 6 (Sphere, Frontal-Delaunay)
Info    : Done meshing 2D (Wall 1.35473s, CPU 1.35292s)
Info    : Meshing 3D...
Info    : 3D Meshing 2 volumes with 2 connected components
Info    : Tetrahedrizing 12548 nodes...
Info    : Done tetrahedrizing 12556 nodes (Wall 0.245845s, CPU 0.236839s)
Info    : Reconstructing mesh...
Info    :  - Creating surface mesh
Info    :  - Identifying boundary edges
Info    :  - Recovering boundary
Info    : Done reconstructing mesh (Wall 0.600817s, CPU 0.578741s)
Info    : Found volume 1
Info    : It. 0 - 0 nodes created - worst tet radius 1.03938 (nodes removed 0 0)
Info    : 3D refinement terminated (13199 nodes total):
Info    :  - 0 Delaunay cavities modified for star shapeness
Info    :  - 0 nodes could not be inserted
Info    :  - 42178 tetrahedra created in 0.0454313 sec. (928390 tets/s)
Info    : 0 node relocations
Info    : Tetrahedrizing 131 nodes...
Info    : Done tetrahedrizing 139 nodes (Wall 0.00115792s, CPU 0.001161s)
Info    : Reconstructing mesh...
Info    :  - Creating surface mesh
Info    :  - Identifying boundary edges
Info    :  - Recovering boundary
Info    : Done reconstructing mesh (Wall 0.0029822s, CPU 0.00298s)
Info    : Found volume 2
Info    : It. 0 - 0 nodes created - worst tet radius 3.17954 (nodes removed 0 0)
Info    : 3D refinement terminated (12759 nodes total):
Info    :  - 3 Delaunay cavities modified for star shapeness
Info    :  - 0 nodes could not be inserted
Info    :  - 485 tetrahedra created in 0.00602608 sec. (80483 tets/s)
Info    : 0 node relocations
Info    : Done meshing 3D (Wall 1.09047s, CPU 1.06837s)
Info    : Optimizing mesh...
Info    : Optimizing volume 1
Info    : Optimization starts (volume = 235.61) with worst = 0.00844814 / average = 0.680165:
Info    : 0.00 < quality < 0.10 :       175 elements
Info    : 0.10 < quality < 0.20 :       429 elements
Info    : 0.20 < quality < 0.30 :       766 elements
Info    : 0.30 < quality < 0.40 :       974 elements
Info    : 0.40 < quality < 0.50 :      1526 elements
Info    : 0.50 < quality < 0.60 :      3577 elements
Info    : 0.60 < quality < 0.70 :     10699 elements
Info    : 0.70 < quality < 0.80 :     20590 elements
Info    : 0.80 < quality < 0.90 :      1953 elements
Info    : 0.90 < quality < 1.00 :      1489 elements
Info    : 1292 edge swaps, 13 node relocations (volume = 235.61): worst = 0.084093 / average = 0.697565 (Wall 0.0261702s, CPU 0.026168s)
Info    : 1341 edge swaps, 13 node relocations (volume = 235.61): worst = 0.178416 / average = 0.698047 (Wall 0.0315178s, CPU 0.031511s)
Info    : 1346 edge swaps, 13 node relocations (volume = 235.61): worst = 0.178416 / average = 0.698085 (Wall 0.0357072s, CPU 0.034715s)
Info    : No ill-shaped tets in the mesh :-)
Info    : 0.00 < quality < 0.10 :         0 elements
Info    : 0.10 < quality < 0.20 :         3 elements
Info    : 0.20 < quality < 0.30 :        24 elements
Info    : 0.30 < quality < 0.40 :       845 elements
Info    : 0.40 < quality < 0.50 :      1277 elements
Info    : 0.50 < quality < 0.60 :      3656 elements
Info    : 0.60 < quality < 0.70 :     11278 elements
Info    : 0.70 < quality < 0.80 :     20313 elements
Info    : 0.80 < quality < 0.90 :      2086 elements
Info    : 0.90 < quality < 1.00 :      1496 elements
Info    : Optimizing volume 2
Info    : Optimization starts (volume = 0.255877) with worst = 0.0392082 / average = 0.741478:
Info    : 0.00 < quality < 0.10 :         1 elements
Info    : 0.10 < quality < 0.20 :         3 elements
Info    : 0.20 < quality < 0.30 :         7 elements
Info    : 0.30 < quality < 0.40 :        12 elements
Info    : 0.40 < quality < 0.50 :        18 elements
Info    : 0.50 < quality < 0.60 :        22 elements
Info    : 0.60 < quality < 0.70 :        69 elements
Info    : 0.70 < quality < 0.80 :       164 elements
Info    : 0.80 < quality < 0.90 :       138 elements
Info    : 0.90 < quality < 1.00 :        51 elements
Info    : 11 edge swaps, 0 node relocations (volume = 0.255877): worst = 0.311439 / average = 0.755474 (Wall 0.000225977s, CPU 0.000228s)
Info    : No ill-shaped tets in the mesh :-)
Info    : 0.00 < quality < 0.10 :         0 elements
Info    : 0.10 < quality < 0.20 :         0 elements
Info    : 0.20 < quality < 0.30 :         0 elements
Info    : 0.30 < quality < 0.40 :        13 elements
Info    : 0.40 < quality < 0.50 :        13 elements
Info    : 0.50 < quality < 0.60 :        25 elements
Info    : 0.60 < quality < 0.70 :        65 elements
Info    : 0.70 < quality < 0.80 :       170 elements
Info    : 0.80 < quality < 0.90 :       139 elements
Info    : 0.90 < quality < 1.00 :        50 elements
Info    : Done optimizing mesh (Wall 0.0747755s, CPU 0.073771s)
Info    : 13598 nodes 68031 elements
Info    : Meshing order 2 (curvilinear on)...
Info    : [  0%] Meshing curve 1 order 2
Info    : [ 10%] Meshing curve 2 order 2
Info    : [ 20%] Meshing curve 3 order 2
Info    : [ 20%] Meshing curve 4 order 2
Info    : [ 30%] Meshing curve 5 order 2
Info    : [ 30%] Meshing curve 6 order 2
Info    : [ 40%] Meshing curve 7 order 2
Info    : [ 40%] Meshing curve 8 order 2
Info    : [ 50%] Meshing curve 9 order 2
Info    : [ 50%] Meshing curve 10 order 2
Info    : [ 60%] Meshing curve 11 order 2
Info    : [ 60%] Meshing curve 12 order 2
Info    : [ 70%] Meshing surface 1 order 2
Info    : [ 70%] Meshing surface 2 order 2
Info    : [ 80%] Meshing surface 3 order 2
Info    : [ 80%] Meshing surface 4 order 2
Info    : [ 90%] Meshing surface 5 order 2
Info    : [ 90%] Meshing surface 6 order 2
Info    : [100%] Meshing volume 1 order 2
Info    : [100%] Meshing volume 2 order 2
Info    : Surface mesh: worst distortion = 0.797589 (0 elements in ]0, 0.2]); worst gamma = 0.299743
Info    : Volume mesh: worst distortion = 0.253376 (0 elements in ]0, 0.2])
Info    : Done meshing order 2 (Wall 26.0096s, CPU 25.8984s)
Info    : Writing '/home/user/mscr-mom/현서/scripts/contact_scenarios/fea/matv2_mesh_PHS625_phiP90_b0_s75.inp'...
Info    : Done writing '/home/user/mscr-mom/현서/scripts/contact_scenarios/fea/matv2_mesh_PHS625_phiP90_b0_s75.inp'
  [PHS625_phiP90_b0] [실패] (1025.2s)
[PHS625_phiP90_b0 8/9] L_M=62.5, phi=90.0, beta=0.0, s=85.0mm, push_depth=0.1mm ...
Info    : Meshing 1D...
Info    : [  0%] Meshing curve 1 (BSpline)
Info    : [ 10%] Meshing curve 2 (Ellipse)
Info    : [ 20%] Meshing curve 3 (Ellipse)
Info    : [ 30%] Meshing curve 4 (BSpline)
Info    : [ 40%] Meshing curve 5 (BSpline)
Info    : [ 50%] Meshing curve 6 (BSpline)
Info    : [ 60%] Meshing curve 7 (BSpline)
Info    : [ 60%] Meshing curve 8 (BSpline)
Info    : [ 70%] Meshing curve 9 (BSpline)
Info    : [ 90%] Meshing curve 11 (Circle)
Info    : Done meshing 1D (Wall 0.0230974s, CPU 0.023065s)
Info    : Meshing 2D...
Info    : [  0%] Meshing surface 1 (Plane, Frontal-Delaunay)
Info    : [ 20%] Meshing surface 2 (Plane, Frontal-Delaunay)
Info    : [ 40%] Meshing surface 3 (BSpline surface, Frontal-Delaunay)
Info    : [ 60%] Meshing surface 4 (BSpline surface, Frontal-Delaunay)
Info    : [ 70%] Meshing surface 5 (Plane, Frontal-Delaunay)
Info    : [ 90%] Meshing surface 6 (Sphere, Frontal-Delaunay)
Info    : Done meshing 2D (Wall 0.813484s, CPU 0.812986s)
Info    : Meshing 3D...
Info    : 3D Meshing 2 volumes with 2 connected components
Info    : Tetrahedrizing 12548 nodes...
Info    : Done tetrahedrizing 12556 nodes (Wall 0.157906s, CPU 0.152908s)
Info    : Reconstructing mesh...
Info    :  - Creating surface mesh
Info    :  - Identifying boundary edges
Info    :  - Recovering boundary
Info    : Done reconstructing mesh (Wall 0.375311s, CPU 0.361285s)
Info    : Found volume 1
Info    : It. 0 - 0 nodes created - worst tet radius 1.03938 (nodes removed 0 0)
Info    : 3D refinement terminated (13199 nodes total):
Info    :  - 0 Delaunay cavities modified for star shapeness
Info    :  - 0 nodes could not be inserted
Info    :  - 42178 tetrahedra created in 0.0262031 sec. (1609659 tets/s)
Info    : 0 node relocations
Info    : Tetrahedrizing 131 nodes...
Info    : Done tetrahedrizing 139 nodes (Wall 0.000835449s, CPU 0.000836s)
Info    : Reconstructing mesh...
Info    :  - Creating surface mesh
Info    :  - Identifying boundary edges
Info    :  - Recovering boundary
Info    : Done reconstructing mesh (Wall 0.00194113s, CPU 0.001946s)
Info    : Found volume 2
Info    : It. 0 - 0 nodes created - worst tet radius 3.17954 (nodes removed 0 0)
Info    : 3D refinement terminated (12759 nodes total):
Info    :  - 3 Delaunay cavities modified for star shapeness
Info    :  - 0 nodes could not be inserted
Info    :  - 485 tetrahedra created in 0.00264364 sec. (183459 tets/s)
Info    : 0 node relocations
Info    : Done meshing 3D (Wall 0.711445s, CPU 0.697088s)
Info    : Optimizing mesh...
Info    : Optimizing volume 1
Info    : Optimization starts (volume = 235.61) with worst = 0.00844814 / average = 0.680165:
Info    : 0.00 < quality < 0.10 :       175 elements
Info    : 0.10 < quality < 0.20 :       429 elements
Info    : 0.20 < quality < 0.30 :       766 elements
Info    : 0.30 < quality < 0.40 :       974 elements
Info    : 0.40 < quality < 0.50 :      1526 elements
Info    : 0.50 < quality < 0.60 :      3577 elements
Info    : 0.60 < quality < 0.70 :     10699 elements
Info    : 0.70 < quality < 0.80 :     20590 elements
Info    : 0.80 < quality < 0.90 :      1953 elements
Info    : 0.90 < quality < 1.00 :      1489 elements
Info    : 1292 edge swaps, 13 node relocations (volume = 235.61): worst = 0.084093 / average = 0.697565 (Wall 0.0161857s, CPU 0.016183s)
Info    : 1341 edge swaps, 13 node relocations (volume = 235.61): worst = 0.178416 / average = 0.698047 (Wall 0.0194055s, CPU 0.019406s)
Info    : 1346 edge swaps, 13 node relocations (volume = 235.61): worst = 0.178416 / average = 0.698085 (Wall 0.0218112s, CPU 0.021813s)
Info    : No ill-shaped tets in the mesh :-)
Info    : 0.00 < quality < 0.10 :         0 elements
Info    : 0.10 < quality < 0.20 :         3 elements
Info    : 0.20 < quality < 0.30 :        24 elements
Info    : 0.30 < quality < 0.40 :       845 elements
Info    : 0.40 < quality < 0.50 :      1277 elements
Info    : 0.50 < quality < 0.60 :      3656 elements
Info    : 0.60 < quality < 0.70 :     11278 elements
Info    : 0.70 < quality < 0.80 :     20313 elements
Info    : 0.80 < quality < 0.90 :      2086 elements
Info    : 0.90 < quality < 1.00 :      1496 elements
Info    : Optimizing volume 2
Info    : Optimization starts (volume = 0.255877) with worst = 0.0392082 / average = 0.741478:
Info    : 0.00 < quality < 0.10 :         1 elements
Info    : 0.10 < quality < 0.20 :         3 elements
Info    : 0.20 < quality < 0.30 :         7 elements
Info    : 0.30 < quality < 0.40 :        12 elements
Info    : 0.40 < quality < 0.50 :        18 elements
Info    : 0.50 < quality < 0.60 :        22 elements
Info    : 0.60 < quality < 0.70 :        69 elements
Info    : 0.70 < quality < 0.80 :       164 elements
Info    : 0.80 < quality < 0.90 :       138 elements
Info    : 0.90 < quality < 1.00 :        51 elements
Info    : 11 edge swaps, 0 node relocations (volume = 0.255877): worst = 0.311439 / average = 0.755474 (Wall 0.000149188s, CPU 0.000149s)
Info    : No ill-shaped tets in the mesh :-)
Info    : 0.00 < quality < 0.10 :         0 elements
Info    : 0.10 < quality < 0.20 :         0 elements
Info    : 0.20 < quality < 0.30 :         0 elements
Info    : 0.30 < quality < 0.40 :        13 elements
Info    : 0.40 < quality < 0.50 :        13 elements
Info    : 0.50 < quality < 0.60 :        25 elements
Info    : 0.60 < quality < 0.70 :        65 elements
Info    : 0.70 < quality < 0.80 :       170 elements
Info    : 0.80 < quality < 0.90 :       139 elements
Info    : 0.90 < quality < 1.00 :        50 elements
Info    : Done optimizing mesh (Wall 0.0464894s, CPU 0.046487s)
Info    : 13598 nodes 68031 elements
Info    : Meshing order 2 (curvilinear on)...
Info    : [  0%] Meshing curve 1 order 2
Info    : [ 10%] Meshing curve 2 order 2
Info    : [ 20%] Meshing curve 3 order 2
Info    : [ 20%] Meshing curve 4 order 2
Info    : [ 30%] Meshing curve 5 order 2
Info    : [ 30%] Meshing curve 6 order 2
Info    : [ 40%] Meshing curve 7 order 2
Info    : [ 40%] Meshing curve 8 order 2
Info    : [ 50%] Meshing curve 9 order 2
Info    : [ 50%] Meshing curve 10 order 2
Info    : [ 60%] Meshing curve 11 order 2
Info    : [ 60%] Meshing curve 12 order 2
Info    : [ 70%] Meshing surface 1 order 2
Info    : [ 70%] Meshing surface 2 order 2
Info    : [ 80%] Meshing surface 3 order 2
Info    : [ 80%] Meshing surface 4 order 2
Info    : [ 90%] Meshing surface 5 order 2
Info    : [ 90%] Meshing surface 6 order 2
Info    : [100%] Meshing volume 1 order 2
Info    : [100%] Meshing volume 2 order 2
Info    : Surface mesh: worst distortion = 0.797589 (0 elements in ]0, 0.2]); worst gamma = 0.299743
Info    : Volume mesh: worst distortion = 0.253376 (0 elements in ]0, 0.2])
Info    : Done meshing order 2 (Wall 16.3126s, CPU 16.2064s)
Info    : Writing '/home/user/mscr-mom/현서/scripts/contact_scenarios/fea/matv2_mesh_PHS625_phiP90_b0_s85.inp'...
Info    : Done writing '/home/user/mscr-mom/현서/scripts/contact_scenarios/fea/matv2_mesh_PHS625_phiP90_b0_s85.inp'
  [PHS625_phiP90_b0] 실패: Command '['ccx', 'matv2sweep_PHS625_phiP90_b0_08']' timed out after 1800 seconds
  [PHS625_phiP90_b0] [실패] (1818.6s)
[PHS625_phiP90_b0 9/9] L_M=62.5, phi=90.0, beta=0.0, s=95.0mm, push_depth=0.1mm ...
Info    : Meshing 1D...
Info    : [  0%] Meshing curve 1 (BSpline)
Info    : [ 10%] Meshing curve 2 (Ellipse)
Info    : [ 20%] Meshing curve 3 (Ellipse)
Info    : [ 30%] Meshing curve 4 (BSpline)
Info    : [ 40%] Meshing curve 5 (BSpline)
Info    : [ 50%] Meshing curve 6 (BSpline)
Info    : [ 60%] Meshing curve 7 (BSpline)
Info    : [ 60%] Meshing curve 8 (BSpline)
Info    : [ 70%] Meshing curve 9 (BSpline)
Info    : [ 90%] Meshing curve 11 (Circle)
Info    : Done meshing 1D (Wall 0.0484184s, CPU 0.048411s)
Info    : Meshing 2D...
Info    : [  0%] Meshing surface 1 (Plane, Frontal-Delaunay)
Info    : [ 20%] Meshing surface 2 (Plane, Frontal-Delaunay)
Info    : [ 40%] Meshing surface 3 (BSpline surface, Frontal-Delaunay)
Info    : [ 60%] Meshing surface 4 (BSpline surface, Frontal-Delaunay)
Info    : [ 70%] Meshing surface 5 (Plane, Frontal-Delaunay)
Info    : [ 90%] Meshing surface 6 (Sphere, Frontal-Delaunay)
Info    : Done meshing 2D (Wall 1.525s, CPU 1.50791s)
Info    : Meshing 3D...
Info    : 3D Meshing 2 volumes with 2 connected components
Info    : Tetrahedrizing 12548 nodes...
Info    : Done tetrahedrizing 12556 nodes (Wall 0.252738s, CPU 0.235029s)
Info    : Reconstructing mesh...
Info    :  - Creating surface mesh
Info    :  - Identifying boundary edges
Info    :  - Recovering boundary
Info    : Done reconstructing mesh (Wall 0.689004s, CPU 0.644463s)
Info    : Found volume 1
Info    : It. 0 - 0 nodes created - worst tet radius 1.03938 (nodes removed 0 0)
Info    : 3D refinement terminated (13199 nodes total):
Info    :  - 0 Delaunay cavities modified for star shapeness
Info    :  - 0 nodes could not be inserted
Info    :  - 42178 tetrahedra created in 0.0536451 sec. (786242 tets/s)
Info    : 0 node relocations
Info    : Tetrahedrizing 131 nodes...
Info    : Done tetrahedrizing 139 nodes (Wall 0.001352s, CPU 0.001352s)
Info    : Reconstructing mesh...
Info    :  - Creating surface mesh
Info    :  - Identifying boundary edges
Info    :  - Recovering boundary
Info    : Done reconstructing mesh (Wall 0.00330974s, CPU 0.003311s)
Info    : Found volume 2
Info    : It. 0 - 0 nodes created - worst tet radius 3.17954 (nodes removed 0 0)
Info    : 3D refinement terminated (12759 nodes total):
Info    :  - 3 Delaunay cavities modified for star shapeness
Info    :  - 0 nodes could not be inserted
Info    :  - 485 tetrahedra created in 0.00838117 sec. (57867 tets/s)
Info    : 0 node relocations
Info    : Done meshing 3D (Wall 1.31528s, CPU 1.26237s)
Info    : Optimizing mesh...
Info    : Optimizing volume 1
Info    : Optimization starts (volume = 235.61) with worst = 0.00844814 / average = 0.680165:
Info    : 0.00 < quality < 0.10 :       175 elements
Info    : 0.10 < quality < 0.20 :       429 elements
Info    : 0.20 < quality < 0.30 :       766 elements
Info    : 0.30 < quality < 0.40 :       974 elements
Info    : 0.40 < quality < 0.50 :      1526 elements
Info    : 0.50 < quality < 0.60 :      3577 elements
Info    : 0.60 < quality < 0.70 :     10699 elements
Info    : 0.70 < quality < 0.80 :     20590 elements
Info    : 0.80 < quality < 0.90 :      1953 elements
Info    : 0.90 < quality < 1.00 :      1489 elements
Info    : 1292 edge swaps, 13 node relocations (volume = 235.61): worst = 0.084093 / average = 0.697565 (Wall 0.0313475s, CPU 0.031346s)
Info    : 1341 edge swaps, 13 node relocations (volume = 235.61): worst = 0.178416 / average = 0.698047 (Wall 0.0394353s, CPU 0.039432s)
Info    : 1346 edge swaps, 13 node relocations (volume = 235.61): worst = 0.178416 / average = 0.698085 (Wall 0.0466105s, CPU 0.046609s)
Info    : No ill-shaped tets in the mesh :-)
Info    : 0.00 < quality < 0.10 :         0 elements
Info    : 0.10 < quality < 0.20 :         3 elements
Info    : 0.20 < quality < 0.30 :        24 elements
Info    : 0.30 < quality < 0.40 :       845 elements
Info    : 0.40 < quality < 0.50 :      1277 elements
Info    : 0.50 < quality < 0.60 :      3656 elements
Info    : 0.60 < quality < 0.70 :     11278 elements
Info    : 0.70 < quality < 0.80 :     20313 elements
Info    : 0.80 < quality < 0.90 :      2086 elements
Info    : 0.90 < quality < 1.00 :      1496 elements
Info    : Optimizing volume 2
Info    : Optimization starts (volume = 0.255877) with worst = 0.0392082 / average = 0.741478:
Info    : 0.00 < quality < 0.10 :         1 elements
Info    : 0.10 < quality < 0.20 :         3 elements
Info    : 0.20 < quality < 0.30 :         7 elements
Info    : 0.30 < quality < 0.40 :        12 elements
Info    : 0.40 < quality < 0.50 :        18 elements
Info    : 0.50 < quality < 0.60 :        22 elements
Info    : 0.60 < quality < 0.70 :        69 elements
Info    : 0.70 < quality < 0.80 :       164 elements
Info    : 0.80 < quality < 0.90 :       138 elements
Info    : 0.90 < quality < 1.00 :        51 elements
Info    : 11 edge swaps, 0 node relocations (volume = 0.255877): worst = 0.311439 / average = 0.755474 (Wall 0.000329585s, CPU 0s)
Info    : No ill-shaped tets in the mesh :-)
Info    : 0.00 < quality < 0.10 :         0 elements
Info    : 0.10 < quality < 0.20 :         0 elements
Info    : 0.20 < quality < 0.30 :         0 elements
Info    : 0.30 < quality < 0.40 :        13 elements
Info    : 0.40 < quality < 0.50 :        13 elements
Info    : 0.50 < quality < 0.60 :        25 elements
Info    : 0.60 < quality < 0.70 :        65 elements
Info    : 0.70 < quality < 0.80 :       170 elements
Info    : 0.80 < quality < 0.90 :       139 elements
Info    : 0.90 < quality < 1.00 :        50 elements
Info    : Done optimizing mesh (Wall 0.0978051s, CPU 0.095785s)
Info    : 13598 nodes 68031 elements
Info    : Meshing order 2 (curvilinear on)...
Info    : [  0%] Meshing curve 1 order 2
Info    : [ 10%] Meshing curve 2 order 2
Info    : [ 20%] Meshing curve 3 order 2
Info    : [ 20%] Meshing curve 4 order 2
Info    : [ 30%] Meshing curve 5 order 2
Info    : [ 30%] Meshing curve 6 order 2
Info    : [ 40%] Meshing curve 7 order 2
Info    : [ 40%] Meshing curve 8 order 2
Info    : [ 50%] Meshing curve 9 order 2
Info    : [ 50%] Meshing curve 10 order 2
Info    : [ 60%] Meshing curve 11 order 2
Info    : [ 60%] Meshing curve 12 order 2
Info    : [ 70%] Meshing surface 1 order 2
Info    : [ 70%] Meshing surface 2 order 2
Info    : [ 80%] Meshing surface 3 order 2
Info    : [ 80%] Meshing surface 4 order 2
Info    : [ 90%] Meshing surface 5 order 2
Info    : [ 90%] Meshing surface 6 order 2
Info    : [100%] Meshing volume 1 order 2
Info    : [100%] Meshing volume 2 order 2
Info    : Surface mesh: worst distortion = 0.797589 (0 elements in ]0, 0.2]); worst gamma = 0.299743
Info    : Volume mesh: worst distortion = 0.253376 (0 elements in ]0, 0.2])
Info    : Done meshing order 2 (Wall 19.381s, CPU 19.3244s)
Info    : Writing '/home/user/mscr-mom/현서/scripts/contact_scenarios/fea/matv2_mesh_PHS625_phiP90_b0_s95.inp'...
Info    : Done writing '/home/user/mscr-mom/현서/scripts/contact_scenarios/fea/matv2_mesh_PHS625_phiP90_b0_s95.inp'
  [PHS625_phiP90_b0] [실패] (965.2s)
[PHS625_phiP90_b0] 완료: 1/9 성공
