[PHS125_phiP150_b0 1/9] L_M=12.5, phi=150.0, beta=0.0, s=15.0mm, push_depth=0.1mm ...
Info    : Meshing 1D...
Info    : [  0%] Meshing curve 1 (BSpline)
Info    : [ 10%] Meshing curve 2 (Ellipse)
Info    : [ 20%] Meshing curve 3 (Ellipse)
Info    : [ 30%] Meshing curve 4 (BSpline)
Info    : [ 40%] Meshing curve 5 (BSpline)
Info    : [ 50%] Meshing curve 6 (BSpline)
Info    : [ 60%] Meshing curve 7 (BSpline)
Info    : [ 60%] Meshing curve 8 (BSpline)
Info    : [ 70%] Meshing curve 9 (BSpline)
Info    : [ 90%] Meshing curve 11 (Circle)
Info    : Done meshing 1D (Wall 0.0238682s, CPU 0.023787s)
Info    : Meshing 2D...
Info    : [  0%] Meshing surface 1 (Plane, Frontal-Delaunay)
Info    : [ 20%] Meshing surface 2 (Plane, Frontal-Delaunay)
Info    : [ 40%] Meshing surface 3 (BSpline surface, Frontal-Delaunay)
Info    : [ 60%] Meshing surface 4 (BSpline surface, Frontal-Delaunay)
Info    : [ 70%] Meshing surface 5 (Plane, Frontal-Delaunay)
Info    : [ 90%] Meshing surface 6 (Sphere, Frontal-Delaunay)
Info    : Done meshing 2D (Wall 0.804507s, CPU 0.799427s)
Info    : Meshing 3D...
Info    : 3D Meshing 2 volumes with 2 connected components
Info    : Tetrahedrizing 12716 nodes...
Info    : Done tetrahedrizing 12724 nodes (Wall 0.170121s, CPU 0.158138s)
Info    : Reconstructing mesh...
Info    :  - Creating surface mesh
Info    :  - Identifying boundary edges
Info    :  - Recovering boundary
Info    : Done reconstructing mesh (Wall 0.449886s, CPU 0.420864s)
Info    : Found volume 1
Info    : It. 0 - 0 nodes created - worst tet radius 1.05452 (nodes removed 0 0)
Info    : It. 500 - 500 nodes created - worst tet radius 1.00087 (nodes removed 0 0)
Info    : 3D refinement terminated (13439 nodes total):
Info    :  - 0 Delaunay cavities modified for star shapeness
Info    :  - 0 nodes could not be inserted
Info    :  - 43465 tetrahedra created in 0.0404906 sec. (1073459 tets/s)
Info    : 0 node relocations
Info    : Tetrahedrizing 132 nodes...
Info    : Done tetrahedrizing 140 nodes (Wall 0.00100218s, CPU 0.001008s)
Info    : Reconstructing mesh...
Info    :  - Creating surface mesh
Info    :  - Identifying boundary edges
Info    :  - Recovering boundary
Info    : Done reconstructing mesh (Wall 0.00305565s, CPU 0.002924s)
Info    : Found volume 2
Info    : It. 0 - 0 nodes created - worst tet radius 3.19034 (nodes removed 0 0)
Info    : 3D refinement terminated (12932 nodes total):
Info    :  - 0 Delaunay cavities modified for star shapeness
Info    :  - 0 nodes could not be inserted
Info    :  - 525 tetrahedra created in 0.00691463 sec. (75925 tets/s)
Info    : 0 node relocations
Info    : Done meshing 3D (Wall 0.854378s, CPU 0.821108s)
Info    : Optimizing mesh...
Info    : Optimizing volume 1
Info    : Optimization starts (volume = 235.455) with worst = 0.00553743 / average = 0.675512:
Info    : 0.00 < quality < 0.10 :       223 elements
Info    : 0.10 < quality < 0.20 :       512 elements
Info    : 0.20 < quality < 0.30 :       775 elements
Info    : 0.30 < quality < 0.40 :      1343 elements
Info    : 0.40 < quality < 0.50 :      1878 elements
Info    : 0.50 < quality < 0.60 :      3721 elements
Info    : 0.60 < quality < 0.70 :     10634 elements
Info    : 0.70 < quality < 0.80 :     20569 elements
Info    : 0.80 < quality < 0.90 :      2153 elements
Info    : 0.90 < quality < 1.00 :      1657 elements
Info    : 1441 edge swaps, 22 node relocations (volume = 235.455): worst = 0.0762423 / average = 0.693768 (Wall 0.0226265s, CPU 0.022594s)
Info    : 1509 edge swaps, 22 node relocations (volume = 235.455): worst = 0.144522 / average = 0.694387 (Wall 0.0292275s, CPU 0.029194s)
Info    : 1511 edge swaps, 22 node relocations (volume = 235.455): worst = 0.144522 / average = 0.694403 (Wall 0.0335798s, CPU 0.033547s)
Info    : No ill-shaped tets in the mesh :-)
Info    : 0.00 < quality < 0.10 :         0 elements
Info    : 0.10 < quality < 0.20 :         1 elements
Info    : 0.20 < quality < 0.30 :        20 elements
Info    : 0.30 < quality < 0.40 :      1269 elements
Info    : 0.40 < quality < 0.50 :      1602 elements
Info    : 0.50 < quality < 0.60 :      3789 elements
Info    : 0.60 < quality < 0.70 :     11225 elements
Info    : 0.70 < quality < 0.80 :     20258 elements
Info    : 0.80 < quality < 0.90 :      2314 elements
Info    : 0.90 < quality < 1.00 :      1669 elements
Info    : Optimizing volume 2
Info    : Optimization starts (volume = 0.256468) with worst = 0.0893956 / average = 0.742921:
Info    : 0.00 < quality < 0.10 :         1 elements
Info    : 0.10 < quality < 0.20 :         3 elements
Info    : 0.20 < quality < 0.30 :         6 elements
Info    : 0.30 < quality < 0.40 :        13 elements
Info    : 0.40 < quality < 0.50 :        25 elements
Info    : 0.50 < quality < 0.60 :        24 elements
Info    : 0.60 < quality < 0.70 :        75 elements
Info    : 0.70 < quality < 0.80 :       168 elements
Info    : 0.80 < quality < 0.90 :       158 elements
Info    : 0.90 < quality < 1.00 :        52 elements
Info    : 10 edge swaps, 0 node relocations (volume = 0.256468): worst = 0.319299 / average = 0.7561 (Wall 0.000149098s, CPU 0.000141s)
Info    : No ill-shaped tets in the mesh :-)
Info    : 0.00 < quality < 0.10 :         0 elements
Info    : 0.10 < quality < 0.20 :         0 elements
Info    : 0.20 < quality < 0.30 :         0 elements
Info    : 0.30 < quality < 0.40 :        13 elements
Info    : 0.40 < quality < 0.50 :        23 elements
Info    : 0.50 < quality < 0.60 :        21 elements
Info    : 0.60 < quality < 0.70 :        77 elements
Info    : 0.70 < quality < 0.80 :       167 elements
Info    : 0.80 < quality < 0.90 :       162 elements
Info    : 0.90 < quality < 1.00 :        52 elements
Info    : Done optimizing mesh (Wall 0.0749037s, CPU 0.073884s)
Info    : 13842 nodes 69574 elements
Info    : Meshing order 2 (curvilinear on)...
Info    : [  0%] Meshing curve 1 order 2
Info    : [ 10%] Meshing curve 2 order 2
Info    : [ 20%] Meshing curve 3 order 2
Info    : [ 20%] Meshing curve 4 order 2
Info    : [ 30%] Meshing curve 5 order 2
Info    : [ 30%] Meshing curve 6 order 2
Info    : [ 40%] Meshing curve 7 order 2
Info    : [ 40%] Meshing curve 8 order 2
Info    : [ 50%] Meshing curve 9 order 2
Info    : [ 50%] Meshing curve 10 order 2
Info    : [ 60%] Meshing curve 11 order 2
Info    : [ 60%] Meshing curve 12 order 2
Info    : [ 70%] Meshing surface 1 order 2
Info    : [ 70%] Meshing surface 2 order 2
Info    : [ 80%] Meshing surface 3 order 2
Info    : [ 80%] Meshing surface 4 order 2
Info    : [ 90%] Meshing surface 5 order 2
Info    : [ 90%] Meshing surface 6 order 2
Info    : [100%] Meshing volume 1 order 2
Info    : [100%] Meshing volume 2 order 2
Info    : Surface mesh: worst distortion = 0.797589 (0 elements in ]0, 0.2]); worst gamma = 0.499267
Info    : Volume mesh: worst distortion = 0.0555963 (1 elements in ]0, 0.2])
Info    : Done meshing order 2 (Wall 15.4531s, CPU 15.4144s)
Info    : Writing '/home/user/mscr-mom/현서/scripts/contact_scenarios/fea/matv2_mesh_PHS125_phiP150_b0_s15.inp'...
Info    : Done writing '/home/user/mscr-mom/현서/scripts/contact_scenarios/fea/matv2_mesh_PHS125_phiP150_b0_s15.inp'
  [PHS125_phiP150_b0] F_mag=0.0422mN  (711.8s)
[PHS125_phiP150_b0 2/9] L_M=12.5, phi=150.0, beta=0.0, s=25.0mm, push_depth=0.1mm ...
Info    : Meshing 1D...
Info    : [  0%] Meshing curve 1 (BSpline)
Info    : [ 10%] Meshing curve 2 (Ellipse)
Info    : [ 20%] Meshing curve 3 (Ellipse)
Info    : [ 30%] Meshing curve 4 (BSpline)
Info    : [ 40%] Meshing curve 5 (BSpline)
Info    : [ 50%] Meshing curve 6 (BSpline)
Info    : [ 60%] Meshing curve 7 (BSpline)
Info    : [ 60%] Meshing curve 8 (BSpline)
Info    : [ 70%] Meshing curve 9 (BSpline)
Info    : [ 90%] Meshing curve 11 (Circle)
Info    : Done meshing 1D (Wall 0.021276s, CPU 0.021269s)
Info    : Meshing 2D...
Info    : [  0%] Meshing surface 1 (Plane, Frontal-Delaunay)
Info    : [ 20%] Meshing surface 2 (Plane, Frontal-Delaunay)
Info    : [ 40%] Meshing surface 3 (BSpline surface, Frontal-Delaunay)
Info    : [ 60%] Meshing surface 4 (BSpline surface, Frontal-Delaunay)
Info    : [ 70%] Meshing surface 5 (Plane, Frontal-Delaunay)
Info    : [ 90%] Meshing surface 6 (Sphere, Frontal-Delaunay)
Info    : Done meshing 2D (Wall 0.933741s, CPU 0.933423s)
Info    : Meshing 3D...
Info    : 3D Meshing 2 volumes with 2 connected components
Info    : Tetrahedrizing 12716 nodes...
Info    : Done tetrahedrizing 12724 nodes (Wall 0.165857s, CPU 0.15386s)
Info    : Reconstructing mesh...
Info    :  - Creating surface mesh
Info    :  - Identifying boundary edges
Info    :  - Recovering boundary
Info    : Done reconstructing mesh (Wall 0.42175s, CPU 0.402999s)
Info    : Found volume 1
Info    : It. 0 - 0 nodes created - worst tet radius 1.05452 (nodes removed 0 0)
Info    : It. 500 - 500 nodes created - worst tet radius 1.00087 (nodes removed 0 0)
Info    : 3D refinement terminated (13439 nodes total):
Info    :  - 0 Delaunay cavities modified for star shapeness
Info    :  - 0 nodes could not be inserted
Info    :  - 43465 tetrahedra created in 0.0357425 sec. (1216059 tets/s)
Info    : 0 node relocations
Info    : Tetrahedrizing 132 nodes...
Info    : Done tetrahedrizing 140 nodes (Wall 0.00079168s, CPU 0.000792s)
Info    : Reconstructing mesh...
Info    :  - Creating surface mesh
Info    :  - Identifying boundary edges
Info    :  - Recovering boundary
Info    : Done reconstructing mesh (Wall 0.00205191s, CPU 0.002059s)
Info    : Found volume 2
Info    : It. 0 - 0 nodes created - worst tet radius 3.19034 (nodes removed 0 0)
Info    : 3D refinement terminated (12932 nodes total):
Info    :  - 0 Delaunay cavities modified for star shapeness
Info    :  - 0 nodes could not be inserted
Info    :  - 525 tetrahedra created in 0.00502022 sec. (104577 tets/s)
Info    : 0 node relocations
Info    : Done meshing 3D (Wall 0.860801s, CPU 0.842036s)
Info    : Optimizing mesh...
Info    : Optimizing volume 1
Info    : Optimization starts (volume = 235.455) with worst = 0.00553743 / average = 0.675512:
Info    : 0.00 < quality < 0.10 :       223 elements
Info    : 0.10 < quality < 0.20 :       512 elements
Info    : 0.20 < quality < 0.30 :       775 elements
Info    : 0.30 < quality < 0.40 :      1343 elements
Info    : 0.40 < quality < 0.50 :      1878 elements
Info    : 0.50 < quality < 0.60 :      3721 elements
Info    : 0.60 < quality < 0.70 :     10634 elements
Info    : 0.70 < quality < 0.80 :     20569 elements
Info    : 0.80 < quality < 0.90 :      2153 elements
Info    : 0.90 < quality < 1.00 :      1657 elements
Info    : 1441 edge swaps, 22 node relocations (volume = 235.455): worst = 0.0762423 / average = 0.693768 (Wall 0.0184343s, CPU 0.018424s)
Info    : 1509 edge swaps, 22 node relocations (volume = 235.455): worst = 0.144522 / average = 0.694387 (Wall 0.0225686s, CPU 0.021578s)
Info    : 1511 edge swaps, 22 node relocations (volume = 235.455): worst = 0.144522 / average = 0.694403 (Wall 0.0260988s, CPU 0.025098s)
Info    : No ill-shaped tets in the mesh :-)
Info    : 0.00 < quality < 0.10 :         0 elements
Info    : 0.10 < quality < 0.20 :         1 elements
Info    : 0.20 < quality < 0.30 :        20 elements
Info    : 0.30 < quality < 0.40 :      1269 elements
Info    : 0.40 < quality < 0.50 :      1602 elements
Info    : 0.50 < quality < 0.60 :      3789 elements
Info    : 0.60 < quality < 0.70 :     11225 elements
Info    : 0.70 < quality < 0.80 :     20258 elements
Info    : 0.80 < quality < 0.90 :      2314 elements
Info    : 0.90 < quality < 1.00 :      1669 elements
Info    : Optimizing volume 2
Info    : Optimization starts (volume = 0.256468) with worst = 0.0893956 / average = 0.742921:
Info    : 0.00 < quality < 0.10 :         1 elements
Info    : 0.10 < quality < 0.20 :         3 elements
Info    : 0.20 < quality < 0.30 :         6 elements
Info    : 0.30 < quality < 0.40 :        13 elements
Info    : 0.40 < quality < 0.50 :        25 elements
Info    : 0.50 < quality < 0.60 :        24 elements
Info    : 0.60 < quality < 0.70 :        75 elements
Info    : 0.70 < quality < 0.80 :       168 elements
Info    : 0.80 < quality < 0.90 :       158 elements
Info    : 0.90 < quality < 1.00 :        52 elements
Info    : 10 edge swaps, 0 node relocations (volume = 0.256468): worst = 0.319299 / average = 0.7561 (Wall 0.000127894s, CPU 0.000128s)
Info    : No ill-shaped tets in the mesh :-)
Info    : 0.00 < quality < 0.10 :         0 elements
Info    : 0.10 < quality < 0.20 :         0 elements
Info    : 0.20 < quality < 0.30 :         0 elements
Info    : 0.30 < quality < 0.40 :        13 elements
Info    : 0.40 < quality < 0.50 :        23 elements
Info    : 0.50 < quality < 0.60 :        21 elements
Info    : 0.60 < quality < 0.70 :        77 elements
Info    : 0.70 < quality < 0.80 :       167 elements
Info    : 0.80 < quality < 0.90 :       162 elements
Info    : 0.90 < quality < 1.00 :        52 elements
Info    : Done optimizing mesh (Wall 0.0579092s, CPU 0.056426s)
Info    : 13842 nodes 69574 elements
Info    : Meshing order 2 (curvilinear on)...
Info    : [  0%] Meshing curve 1 order 2
Info    : [ 10%] Meshing curve 2 order 2
Info    : [ 20%] Meshing curve 3 order 2
Info    : [ 20%] Meshing curve 4 order 2
Info    : [ 30%] Meshing curve 5 order 2
Info    : [ 30%] Meshing curve 6 order 2
Info    : [ 40%] Meshing curve 7 order 2
Info    : [ 40%] Meshing curve 8 order 2
Info    : [ 50%] Meshing curve 9 order 2
Info    : [ 50%] Meshing curve 10 order 2
Info    : [ 60%] Meshing curve 11 order 2
Info    : [ 60%] Meshing curve 12 order 2
Info    : [ 70%] Meshing surface 1 order 2
Info    : [ 70%] Meshing surface 2 order 2
Info    : [ 80%] Meshing surface 3 order 2
Info    : [ 80%] Meshing surface 4 order 2
Info    : [ 90%] Meshing surface 5 order 2
Info    : [ 90%] Meshing surface 6 order 2
Info    : [100%] Meshing volume 1 order 2
Info    : [100%] Meshing volume 2 order 2
Info    : Surface mesh: worst distortion = 0.797589 (0 elements in ]0, 0.2]); worst gamma = 0.499267
Info    : Volume mesh: worst distortion = 0.0555963 (1 elements in ]0, 0.2])
Info    : Done meshing order 2 (Wall 14.3667s, CPU 14.3307s)
Info    : Writing '/home/user/mscr-mom/현서/scripts/contact_scenarios/fea/matv2_mesh_PHS125_phiP150_b0_s25.inp'...
Info    : Done writing '/home/user/mscr-mom/현서/scripts/contact_scenarios/fea/matv2_mesh_PHS125_phiP150_b0_s25.inp'
  [PHS125_phiP150_b0] F_mag=0.0133mN  (1006.1s)
[PHS125_phiP150_b0 3/9] L_M=12.5, phi=150.0, beta=0.0, s=35.0mm, push_depth=0.1mm ...
Info    : Meshing 1D...
Info    : [  0%] Meshing curve 1 (BSpline)
Info    : [ 10%] Meshing curve 2 (Ellipse)
Info    : [ 20%] Meshing curve 3 (Ellipse)
Info    : [ 30%] Meshing curve 4 (BSpline)
Info    : [ 40%] Meshing curve 5 (BSpline)
Info    : [ 50%] Meshing curve 6 (BSpline)
Info    : [ 60%] Meshing curve 7 (BSpline)
Info    : [ 60%] Meshing curve 8 (BSpline)
Info    : [ 70%] Meshing curve 9 (BSpline)
Info    : [ 90%] Meshing curve 11 (Circle)
Info    : Done meshing 1D (Wall 0.0411484s, CPU 0.040166s)
Info    : Meshing 2D...
Info    : [  0%] Meshing surface 1 (Plane, Frontal-Delaunay)
Info    : [ 20%] Meshing surface 2 (Plane, Frontal-Delaunay)
Info    : [ 40%] Meshing surface 3 (BSpline surface, Frontal-Delaunay)
Info    : [ 60%] Meshing surface 4 (BSpline surface, Frontal-Delaunay)
Info    : [ 70%] Meshing surface 5 (Plane, Frontal-Delaunay)
Info    : [ 90%] Meshing surface 6 (Sphere, Frontal-Delaunay)
Info    : Done meshing 2D (Wall 1.366s, CPU 1.36563s)
Info    : Meshing 3D...
Info    : 3D Meshing 2 volumes with 2 connected components
Info    : Tetrahedrizing 12716 nodes...
Info    : Done tetrahedrizing 12724 nodes (Wall 0.20416s, CPU 0.19515s)
Info    : Reconstructing mesh...
Info    :  - Creating surface mesh
Info    :  - Identifying boundary edges
Info    :  - Recovering boundary
Info    : Done reconstructing mesh (Wall 0.602813s, CPU 0.576763s)
Info    : Found volume 1
Info    : It. 0 - 0 nodes created - worst tet radius 1.05452 (nodes removed 0 0)
Info    : It. 500 - 500 nodes created - worst tet radius 1.00087 (nodes removed 0 0)
Info    : 3D refinement terminated (13439 nodes total):
Info    :  - 0 Delaunay cavities modified for star shapeness
Info    :  - 0 nodes could not be inserted
Info    :  - 43465 tetrahedra created in 0.061565 sec. (706001 tets/s)
Info    : 0 node relocations
Info    : Tetrahedrizing 132 nodes...
Info    : Done tetrahedrizing 140 nodes (Wall 0.00119459s, CPU 0.001191s)
Info    : Reconstructing mesh...
Info    :  - Creating surface mesh
Info    :  - Identifying boundary edges
Info    :  - Recovering boundary
Info    : Done reconstructing mesh (Wall 0.00344775s, CPU 0.003451s)
Info    : Found volume 2
Info    : It. 0 - 0 nodes created - worst tet radius 3.19034 (nodes removed 0 0)
Info    : 3D refinement terminated (12932 nodes total):
Info    :  - 0 Delaunay cavities modified for star shapeness
Info    :  - 0 nodes could not be inserted
Info    :  - 525 tetrahedra created in 0.00464664 sec. (112984 tets/s)
Info    : 0 node relocations
Info    : Done meshing 3D (Wall 1.20629s, CPU 1.17822s)
Info    : Optimizing mesh...
Info    : Optimizing volume 1
Info    : Optimization starts (volume = 235.455) with worst = 0.00553743 / average = 0.675512:
Info    : 0.00 < quality < 0.10 :       223 elements
Info    : 0.10 < quality < 0.20 :       512 elements
Info    : 0.20 < quality < 0.30 :       775 elements
Info    : 0.30 < quality < 0.40 :      1343 elements
Info    : 0.40 < quality < 0.50 :      1878 elements
Info    : 0.50 < quality < 0.60 :      3721 elements
Info    : 0.60 < quality < 0.70 :     10634 elements
Info    : 0.70 < quality < 0.80 :     20569 elements
Info    : 0.80 < quality < 0.90 :      2153 elements
Info    : 0.90 < quality < 1.00 :      1657 elements
Info    : 1441 edge swaps, 22 node relocations (volume = 235.455): worst = 0.0762423 / average = 0.693768 (Wall 0.0346412s, CPU 0.034639s)
Info    : 1509 edge swaps, 22 node relocations (volume = 235.455): worst = 0.144522 / average = 0.694387 (Wall 0.0446829s, CPU 0.044682s)
Info    : 1511 edge swaps, 22 node relocations (volume = 235.455): worst = 0.144522 / average = 0.694403 (Wall 0.0517583s, CPU 0.051758s)
Info    : No ill-shaped tets in the mesh :-)
Info    : 0.00 < quality < 0.10 :         0 elements
Info    : 0.10 < quality < 0.20 :         1 elements
Info    : 0.20 < quality < 0.30 :        20 elements
Info    : 0.30 < quality < 0.40 :      1269 elements
Info    : 0.40 < quality < 0.50 :      1602 elements
Info    : 0.50 < quality < 0.60 :      3789 elements
Info    : 0.60 < quality < 0.70 :     11225 elements
Info    : 0.70 < quality < 0.80 :     20258 elements
Info    : 0.80 < quality < 0.90 :      2314 elements
Info    : 0.90 < quality < 1.00 :      1669 elements
Info    : Optimizing volume 2
Info    : Optimization starts (volume = 0.256468) with worst = 0.0893956 / average = 0.742921:
Info    : 0.00 < quality < 0.10 :         1 elements
Info    : 0.10 < quality < 0.20 :         3 elements
Info    : 0.20 < quality < 0.30 :         6 elements
Info    : 0.30 < quality < 0.40 :        13 elements
Info    : 0.40 < quality < 0.50 :        25 elements
Info    : 0.50 < quality < 0.60 :        24 elements
Info    : 0.60 < quality < 0.70 :        75 elements
Info    : 0.70 < quality < 0.80 :       168 elements
Info    : 0.80 < quality < 0.90 :       158 elements
Info    : 0.90 < quality < 1.00 :        52 elements
Info    : 10 edge swaps, 0 node relocations (volume = 0.256468): worst = 0.319299 / average = 0.7561 (Wall 0.000219835s, CPU 0.000225s)
Info    : No ill-shaped tets in the mesh :-)
Info    : 0.00 < quality < 0.10 :         0 elements
Info    : 0.10 < quality < 0.20 :         0 elements
Info    : 0.20 < quality < 0.30 :         0 elements
Info    : 0.30 < quality < 0.40 :        13 elements
Info    : 0.40 < quality < 0.50 :        23 elements
Info    : 0.50 < quality < 0.60 :        21 elements
Info    : 0.60 < quality < 0.70 :        77 elements
Info    : 0.70 < quality < 0.80 :       167 elements
Info    : 0.80 < quality < 0.90 :       162 elements
Info    : 0.90 < quality < 1.00 :        52 elements
Info    : Done optimizing mesh (Wall 0.115373s, CPU 0.115366s)
Info    : 13842 nodes 69574 elements
Info    : Meshing order 2 (curvilinear on)...
Info    : [  0%] Meshing curve 1 order 2
Info    : [ 10%] Meshing curve 2 order 2
Info    : [ 20%] Meshing curve 3 order 2
Info    : [ 20%] Meshing curve 4 order 2
Info    : [ 30%] Meshing curve 5 order 2
Info    : [ 30%] Meshing curve 6 order 2
Info    : [ 40%] Meshing curve 7 order 2
Info    : [ 40%] Meshing curve 8 order 2
Info    : [ 50%] Meshing curve 9 order 2
Info    : [ 50%] Meshing curve 10 order 2
Info    : [ 60%] Meshing curve 11 order 2
Info    : [ 60%] Meshing curve 12 order 2
Info    : [ 70%] Meshing surface 1 order 2
Info    : [ 70%] Meshing surface 2 order 2
Info    : [ 80%] Meshing surface 3 order 2
Info    : [ 80%] Meshing surface 4 order 2
Info    : [ 90%] Meshing surface 5 order 2
Info    : [ 90%] Meshing surface 6 order 2
Info    : [100%] Meshing volume 1 order 2
Info    : [100%] Meshing volume 2 order 2
Info    : Surface mesh: worst distortion = 0.797589 (0 elements in ]0, 0.2]); worst gamma = 0.499267
Info    : Volume mesh: worst distortion = 0.0555963 (1 elements in ]0, 0.2])
Info    : Done meshing order 2 (Wall 21.0217s, CPU 20.9713s)
Info    : Writing '/home/user/mscr-mom/현서/scripts/contact_scenarios/fea/matv2_mesh_PHS125_phiP150_b0_s35.inp'...
Info    : Done writing '/home/user/mscr-mom/현서/scripts/contact_scenarios/fea/matv2_mesh_PHS125_phiP150_b0_s35.inp'
  [PHS125_phiP150_b0] F_mag=0.0049mN  (323.4s)
[PHS125_phiP150_b0 4/9] L_M=12.5, phi=150.0, beta=0.0, s=45.0mm, push_depth=0.1mm ...
Info    : Meshing 1D...
Info    : [  0%] Meshing curve 1 (BSpline)
Info    : [ 10%] Meshing curve 2 (Ellipse)
Info    : [ 20%] Meshing curve 3 (Ellipse)
Info    : [ 30%] Meshing curve 4 (BSpline)
Info    : [ 40%] Meshing curve 5 (BSpline)
Info    : [ 50%] Meshing curve 6 (BSpline)
Info    : [ 60%] Meshing curve 7 (BSpline)
Info    : [ 60%] Meshing curve 8 (BSpline)
Info    : [ 70%] Meshing curve 9 (BSpline)
Info    : [ 90%] Meshing curve 11 (Circle)
Info    : Done meshing 1D (Wall 0.0208884s, CPU 0.020867s)
Info    : Meshing 2D...
Info    : [  0%] Meshing surface 1 (Plane, Frontal-Delaunay)
Info    : [ 20%] Meshing surface 2 (Plane, Frontal-Delaunay)
Info    : [ 40%] Meshing surface 3 (BSpline surface, Frontal-Delaunay)
Info    : [ 60%] Meshing surface 4 (BSpline surface, Frontal-Delaunay)
Info    : [ 70%] Meshing surface 5 (Plane, Frontal-Delaunay)
Info    : [ 90%] Meshing surface 6 (Sphere, Frontal-Delaunay)
Info    : Done meshing 2D (Wall 0.853178s, CPU 0.85282s)
Info    : Meshing 3D...
Info    : 3D Meshing 2 volumes with 2 connected components
Info    : Tetrahedrizing 12716 nodes...
Info    : Done tetrahedrizing 12724 nodes (Wall 0.161556s, CPU 0.153548s)
Info    : Reconstructing mesh...
Info    :  - Creating surface mesh
Info    :  - Identifying boundary edges
Info    :  - Recovering boundary
Info    : Done reconstructing mesh (Wall 0.424099s, CPU 0.404079s)
Info    : Found volume 1
Info    : It. 0 - 0 nodes created - worst tet radius 1.05452 (nodes removed 0 0)
Info    : It. 500 - 500 nodes created - worst tet radius 1.00087 (nodes removed 0 0)
Info    : 3D refinement terminated (13439 nodes total):
Info    :  - 0 Delaunay cavities modified for star shapeness
Info    :  - 0 nodes could not be inserted
Info    :  - 43465 tetrahedra created in 0.0348623 sec. (1246761 tets/s)
Info    : 0 node relocations
Info    : Tetrahedrizing 132 nodes...
Info    : Done tetrahedrizing 140 nodes (Wall 0.000762464s, CPU 0s)
Info    : Reconstructing mesh...
Info    :  - Creating surface mesh
Info    :  - Identifying boundary edges
Info    :  - Recovering boundary
Info    : Done reconstructing mesh (Wall 0.00189675s, CPU 0.000904s)
Info    : Found volume 2
Info    : It. 0 - 0 nodes created - worst tet radius 3.19034 (nodes removed 0 0)
Info    : 3D refinement terminated (12932 nodes total):
Info    :  - 0 Delaunay cavities modified for star shapeness
Info    :  - 0 nodes could not be inserted
Info    :  - 525 tetrahedra created in 0.00452395 sec. (116048 tets/s)
Info    : 0 node relocations
Info    : Done meshing 3D (Wall 0.793188s, CPU 0.772147s)
Info    : Optimizing mesh...
Info    : Optimizing volume 1
Info    : Optimization starts (volume = 235.455) with worst = 0.00553743 / average = 0.675512:
Info    : 0.00 < quality < 0.10 :       223 elements
Info    : 0.10 < quality < 0.20 :       512 elements
Info    : 0.20 < quality < 0.30 :       775 elements
Info    : 0.30 < quality < 0.40 :      1343 elements
Info    : 0.40 < quality < 0.50 :      1878 elements
Info    : 0.50 < quality < 0.60 :      3721 elements
Info    : 0.60 < quality < 0.70 :     10634 elements
Info    : 0.70 < quality < 0.80 :     20569 elements
Info    : 0.80 < quality < 0.90 :      2153 elements
Info    : 0.90 < quality < 1.00 :      1657 elements
Info    : 1441 edge swaps, 22 node relocations (volume = 235.455): worst = 0.0762423 / average = 0.693768 (Wall 0.022419s, CPU 0.022419s)
Info    : 1509 edge swaps, 22 node relocations (volume = 235.455): worst = 0.144522 / average = 0.694387 (Wall 0.0282386s, CPU 0.028241s)
Info    : 1511 edge swaps, 22 node relocations (volume = 235.455): worst = 0.144522 / average = 0.694403 (Wall 0.0327067s, CPU 0.032704s)
Info    : No ill-shaped tets in the mesh :-)
Info    : 0.00 < quality < 0.10 :         0 elements
Info    : 0.10 < quality < 0.20 :         1 elements
Info    : 0.20 < quality < 0.30 :        20 elements
Info    : 0.30 < quality < 0.40 :      1269 elements
Info    : 0.40 < quality < 0.50 :      1602 elements
Info    : 0.50 < quality < 0.60 :      3789 elements
Info    : 0.60 < quality < 0.70 :     11225 elements
Info    : 0.70 < quality < 0.80 :     20258 elements
Info    : 0.80 < quality < 0.90 :      2314 elements
Info    : 0.90 < quality < 1.00 :      1669 elements
Info    : Optimizing volume 2
Info    : Optimization starts (volume = 0.256468) with worst = 0.0893956 / average = 0.742921:
Info    : 0.00 < quality < 0.10 :         1 elements
Info    : 0.10 < quality < 0.20 :         3 elements
Info    : 0.20 < quality < 0.30 :         6 elements
Info    : 0.30 < quality < 0.40 :        13 elements
Info    : 0.40 < quality < 0.50 :        25 elements
Info    : 0.50 < quality < 0.60 :        24 elements
Info    : 0.60 < quality < 0.70 :        75 elements
Info    : 0.70 < quality < 0.80 :       168 elements
Info    : 0.80 < quality < 0.90 :       158 elements
Info    : 0.90 < quality < 1.00 :        52 elements
Info    : 10 edge swaps, 0 node relocations (volume = 0.256468): worst = 0.319299 / average = 0.7561 (Wall 0.000136368s, CPU 0.00014s)
Info    : No ill-shaped tets in the mesh :-)
Info    : 0.00 < quality < 0.10 :         0 elements
Info    : 0.10 < quality < 0.20 :         0 elements
Info    : 0.20 < quality < 0.30 :         0 elements
Info    : 0.30 < quality < 0.40 :        13 elements
Info    : 0.40 < quality < 0.50 :        23 elements
Info    : 0.50 < quality < 0.60 :        21 elements
Info    : 0.60 < quality < 0.70 :        77 elements
Info    : 0.70 < quality < 0.80 :       167 elements
Info    : 0.80 < quality < 0.90 :       162 elements
Info    : 0.90 < quality < 1.00 :        52 elements
Info    : Done optimizing mesh (Wall 0.0680843s, CPU 0.068077s)
Info    : 13842 nodes 69574 elements
Info    : Meshing order 2 (curvilinear on)...
Info    : [  0%] Meshing curve 1 order 2
Info    : [ 10%] Meshing curve 2 order 2
Info    : [ 20%] Meshing curve 3 order 2
Info    : [ 20%] Meshing curve 4 order 2
Info    : [ 30%] Meshing curve 5 order 2
Info    : [ 30%] Meshing curve 6 order 2
Info    : [ 40%] Meshing curve 7 order 2
Info    : [ 40%] Meshing curve 8 order 2
Info    : [ 50%] Meshing curve 9 order 2
Info    : [ 50%] Meshing curve 10 order 2
Info    : [ 60%] Meshing curve 11 order 2
Info    : [ 60%] Meshing curve 12 order 2
Info    : [ 70%] Meshing surface 1 order 2
Info    : [ 70%] Meshing surface 2 order 2
Info    : [ 80%] Meshing surface 3 order 2
Info    : [ 80%] Meshing surface 4 order 2
Info    : [ 90%] Meshing surface 5 order 2
Info    : [ 90%] Meshing surface 6 order 2
Info    : [100%] Meshing volume 1 order 2
Info    : [100%] Meshing volume 2 order 2
Info    : Surface mesh: worst distortion = 0.797589 (0 elements in ]0, 0.2]); worst gamma = 0.499267
Info    : Volume mesh: worst distortion = 0.0555963 (1 elements in ]0, 0.2])
Info    : Done meshing order 2 (Wall 14.7833s, CPU 14.7333s)
Info    : Writing '/home/user/mscr-mom/현서/scripts/contact_scenarios/fea/matv2_mesh_PHS125_phiP150_b0_s45.inp'...
Info    : Done writing '/home/user/mscr-mom/현서/scripts/contact_scenarios/fea/matv2_mesh_PHS125_phiP150_b0_s45.inp'
  [PHS125_phiP150_b0] [실패] (1023.9s)
[PHS125_phiP150_b0 5/9] L_M=12.5, phi=150.0, beta=0.0, s=55.0mm, push_depth=0.1mm ...
Info    : Meshing 1D...
Info    : [  0%] Meshing curve 1 (BSpline)
Info    : [ 10%] Meshing curve 2 (Ellipse)
Info    : [ 20%] Meshing curve 3 (Ellipse)
Info    : [ 30%] Meshing curve 4 (BSpline)
Info    : [ 40%] Meshing curve 5 (BSpline)
Info    : [ 50%] Meshing curve 6 (BSpline)
Info    : [ 60%] Meshing curve 7 (BSpline)
Info    : [ 60%] Meshing curve 8 (BSpline)
Info    : [ 70%] Meshing curve 9 (BSpline)
Info    : [ 90%] Meshing curve 11 (Circle)
Info    : Done meshing 1D (Wall 0.0221004s, CPU 0.022083s)
Info    : Meshing 2D...
Info    : [  0%] Meshing surface 1 (Plane, Frontal-Delaunay)
Info    : [ 20%] Meshing surface 2 (Plane, Frontal-Delaunay)
Info    : [ 40%] Meshing surface 3 (BSpline surface, Frontal-Delaunay)
Info    : [ 60%] Meshing surface 4 (BSpline surface, Frontal-Delaunay)
Info    : [ 70%] Meshing surface 5 (Plane, Frontal-Delaunay)
Info    : [ 90%] Meshing surface 6 (Sphere, Frontal-Delaunay)
Info    : Done meshing 2D (Wall 0.830618s, CPU 0.830269s)
Info    : Meshing 3D...
Info    : 3D Meshing 2 volumes with 2 connected components
Info    : Tetrahedrizing 12716 nodes...
Info    : Done tetrahedrizing 12724 nodes (Wall 0.173928s, CPU 0.15993s)
Info    : Reconstructing mesh...
Info    :  - Creating surface mesh
Info    :  - Identifying boundary edges
Info    :  - Recovering boundary
Info    : Done reconstructing mesh (Wall 0.445928s, CPU 0.42087s)
Info    : Found volume 1
Info    : It. 0 - 0 nodes created - worst tet radius 1.05452 (nodes removed 0 0)
Info    : It. 500 - 500 nodes created - worst tet radius 1.00087 (nodes removed 0 0)
Info    : 3D refinement terminated (13439 nodes total):
Info    :  - 0 Delaunay cavities modified for star shapeness
Info    :  - 0 nodes could not be inserted
Info    :  - 43465 tetrahedra created in 0.0264742 sec. (1641790 tets/s)
Info    : 0 node relocations
Info    : Tetrahedrizing 132 nodes...
Info    : Done tetrahedrizing 140 nodes (Wall 0.000753926s, CPU 0.000754s)
Info    : Reconstructing mesh...
Info    :  - Creating surface mesh
Info    :  - Identifying boundary edges
Info    :  - Recovering boundary
Info    : Done reconstructing mesh (Wall 0.00175347s, CPU 0.001756s)
Info    : Found volume 2
Info    : It. 0 - 0 nodes created - worst tet radius 3.19034 (nodes removed 0 0)
Info    : 3D refinement terminated (12932 nodes total):
Info    :  - 0 Delaunay cavities modified for star shapeness
Info    :  - 0 nodes could not be inserted
Info    :  - 525 tetrahedra created in 0.00479972 sec. (109381 tets/s)
Info    : 0 node relocations
Info    : Done meshing 3D (Wall 0.765243s, CPU 0.739158s)
Info    : Optimizing mesh...
Info    : Optimizing volume 1
Info    : Optimization starts (volume = 235.455) with worst = 0.00553743 / average = 0.675512:
Info    : 0.00 < quality < 0.10 :       223 elements
Info    : 0.10 < quality < 0.20 :       512 elements
Info    : 0.20 < quality < 0.30 :       775 elements
Info    : 0.30 < quality < 0.40 :      1343 elements
Info    : 0.40 < quality < 0.50 :      1878 elements
Info    : 0.50 < quality < 0.60 :      3721 elements
Info    : 0.60 < quality < 0.70 :     10634 elements
Info    : 0.70 < quality < 0.80 :     20569 elements
Info    : 0.80 < quality < 0.90 :      2153 elements
Info    : 0.90 < quality < 1.00 :      1657 elements
Info    : 1441 edge swaps, 22 node relocations (volume = 235.455): worst = 0.0762423 / average = 0.693768 (Wall 0.0186763s, CPU 0.018677s)
Info    : 1509 edge swaps, 22 node relocations (volume = 235.455): worst = 0.144522 / average = 0.694387 (Wall 0.0226073s, CPU 0.022608s)
Info    : 1511 edge swaps, 22 node relocations (volume = 235.455): worst = 0.144522 / average = 0.694403 (Wall 0.0253173s, CPU 0.025314s)
Info    : No ill-shaped tets in the mesh :-)
Info    : 0.00 < quality < 0.10 :         0 elements
Info    : 0.10 < quality < 0.20 :         1 elements
Info    : 0.20 < quality < 0.30 :        20 elements
Info    : 0.30 < quality < 0.40 :      1269 elements
Info    : 0.40 < quality < 0.50 :      1602 elements
Info    : 0.50 < quality < 0.60 :      3789 elements
Info    : 0.60 < quality < 0.70 :     11225 elements
Info    : 0.70 < quality < 0.80 :     20258 elements
Info    : 0.80 < quality < 0.90 :      2314 elements
Info    : 0.90 < quality < 1.00 :      1669 elements
Info    : Optimizing volume 2
Info    : Optimization starts (volume = 0.256468) with worst = 0.0893956 / average = 0.742921:
Info    : 0.00 < quality < 0.10 :         1 elements
Info    : 0.10 < quality < 0.20 :         3 elements
Info    : 0.20 < quality < 0.30 :         6 elements
Info    : 0.30 < quality < 0.40 :        13 elements
Info    : 0.40 < quality < 0.50 :        25 elements
Info    : 0.50 < quality < 0.60 :        24 elements
Info    : 0.60 < quality < 0.70 :        75 elements
Info    : 0.70 < quality < 0.80 :       168 elements
Info    : 0.80 < quality < 0.90 :       158 elements
Info    : 0.90 < quality < 1.00 :        52 elements
Info    : 10 edge swaps, 0 node relocations (volume = 0.256468): worst = 0.319299 / average = 0.7561 (Wall 0.000135499s, CPU 0.000135s)
Info    : No ill-shaped tets in the mesh :-)
Info    : 0.00 < quality < 0.10 :         0 elements
Info    : 0.10 < quality < 0.20 :         0 elements
Info    : 0.20 < quality < 0.30 :         0 elements
Info    : 0.30 < quality < 0.40 :        13 elements
Info    : 0.40 < quality < 0.50 :        23 elements
Info    : 0.50 < quality < 0.60 :        21 elements
Info    : 0.60 < quality < 0.70 :        77 elements
Info    : 0.70 < quality < 0.80 :       167 elements
Info    : 0.80 < quality < 0.90 :       162 elements
Info    : 0.90 < quality < 1.00 :        52 elements
Info    : Done optimizing mesh (Wall 0.0564798s, CPU 0.05546s)
Info    : 13842 nodes 69574 elements
Info    : Meshing order 2 (curvilinear on)...
Info    : [  0%] Meshing curve 1 order 2
Info    : [ 10%] Meshing curve 2 order 2
Info    : [ 20%] Meshing curve 3 order 2
Info    : [ 20%] Meshing curve 4 order 2
Info    : [ 30%] Meshing curve 5 order 2
Info    : [ 30%] Meshing curve 6 order 2
Info    : [ 40%] Meshing curve 7 order 2
Info    : [ 40%] Meshing curve 8 order 2
Info    : [ 50%] Meshing curve 9 order 2
Info    : [ 50%] Meshing curve 10 order 2
Info    : [ 60%] Meshing curve 11 order 2
Info    : [ 60%] Meshing curve 12 order 2
Info    : [ 70%] Meshing surface 1 order 2
Info    : [ 70%] Meshing surface 2 order 2
Info    : [ 80%] Meshing surface 3 order 2
Info    : [ 80%] Meshing surface 4 order 2
Info    : [ 90%] Meshing surface 5 order 2
Info    : [ 90%] Meshing surface 6 order 2
Info    : [100%] Meshing volume 1 order 2
Info    : [100%] Meshing volume 2 order 2
Info    : Surface mesh: worst distortion = 0.797589 (0 elements in ]0, 0.2]); worst gamma = 0.499267
Info    : Volume mesh: worst distortion = 0.0555963 (1 elements in ]0, 0.2])
Info    : Done meshing order 2 (Wall 14.1324s, CPU 14.1278s)
Info    : Writing '/home/user/mscr-mom/현서/scripts/contact_scenarios/fea/matv2_mesh_PHS125_phiP150_b0_s55.inp'...
Info    : Done writing '/home/user/mscr-mom/현서/scripts/contact_scenarios/fea/matv2_mesh_PHS125_phiP150_b0_s55.inp'
  [PHS125_phiP150_b0] [실패] (1020.5s)
[PHS125_phiP150_b0 6/9] L_M=12.5, phi=150.0, beta=0.0, s=65.0mm, push_depth=0.1mm ...
Info    : Meshing 1D...
Info    : [  0%] Meshing curve 1 (BSpline)
Info    : [ 10%] Meshing curve 2 (Ellipse)
Info    : [ 20%] Meshing curve 3 (Ellipse)
Info    : [ 30%] Meshing curve 4 (BSpline)
Info    : [ 40%] Meshing curve 5 (BSpline)
Info    : [ 50%] Meshing curve 6 (BSpline)
Info    : [ 60%] Meshing curve 7 (BSpline)
Info    : [ 60%] Meshing curve 8 (BSpline)
Info    : [ 70%] Meshing curve 9 (BSpline)
Info    : [ 90%] Meshing curve 11 (Circle)
Info    : Done meshing 1D (Wall 0.0220857s, CPU 0.022047s)
Info    : Meshing 2D...
Info    : [  0%] Meshing surface 1 (Plane, Frontal-Delaunay)
Info    : [ 20%] Meshing surface 2 (Plane, Frontal-Delaunay)
Info    : [ 40%] Meshing surface 3 (BSpline surface, Frontal-Delaunay)
Info    : [ 60%] Meshing surface 4 (BSpline surface, Frontal-Delaunay)
Info    : [ 70%] Meshing surface 5 (Plane, Frontal-Delaunay)
Info    : [ 90%] Meshing surface 6 (Sphere, Frontal-Delaunay)
Info    : Done meshing 2D (Wall 0.837817s, CPU 0.837777s)
Info    : Meshing 3D...
Info    : 3D Meshing 2 volumes with 2 connected components
Info    : Tetrahedrizing 12716 nodes...
Info    : Done tetrahedrizing 12724 nodes (Wall 0.167228s, CPU 0.157854s)
Info    : Reconstructing mesh...
Info    :  - Creating surface mesh
Info    :  - Identifying boundary edges
Info    :  - Recovering boundary
Info    : Done reconstructing mesh (Wall 0.420951s, CPU 0.397809s)
Info    : Found volume 1
Info    : It. 0 - 0 nodes created - worst tet radius 1.05452 (nodes removed 0 0)
Info    : It. 500 - 500 nodes created - worst tet radius 1.00087 (nodes removed 0 0)
Info    : 3D refinement terminated (13439 nodes total):
Info    :  - 0 Delaunay cavities modified for star shapeness
Info    :  - 0 nodes could not be inserted
Info    :  - 43465 tetrahedra created in 0.0355595 sec. (1222316 tets/s)
Info    : 0 node relocations
Info    : Tetrahedrizing 132 nodes...
Info    : Done tetrahedrizing 140 nodes (Wall 0.000798586s, CPU 0.000797s)
Info    : Reconstructing mesh...
Info    :  - Creating surface mesh
Info    :  - Identifying boundary edges
Info    :  - Recovering boundary
Info    : Done reconstructing mesh (Wall 0.00199491s, CPU 0.001999s)
Info    : Found volume 2
Info    : It. 0 - 0 nodes created - worst tet radius 3.19034 (nodes removed 0 0)
Info    : 3D refinement terminated (12932 nodes total):
Info    :  - 0 Delaunay cavities modified for star shapeness
Info    :  - 0 nodes could not be inserted
Info    :  - 525 tetrahedra created in 0.0050607 sec. (103740 tets/s)
Info    : 0 node relocations
Info    : Done meshing 3D (Wall 0.764225s, CPU 0.741065s)
Info    : Optimizing mesh...
Info    : Optimizing volume 1
Info    : Optimization starts (volume = 235.455) with worst = 0.00553743 / average = 0.675512:
Info    : 0.00 < quality < 0.10 :       223 elements
Info    : 0.10 < quality < 0.20 :       512 elements
Info    : 0.20 < quality < 0.30 :       775 elements
Info    : 0.30 < quality < 0.40 :      1343 elements
Info    : 0.40 < quality < 0.50 :      1878 elements
Info    : 0.50 < quality < 0.60 :      3721 elements
Info    : 0.60 < quality < 0.70 :     10634 elements
Info    : 0.70 < quality < 0.80 :     20569 elements
Info    : 0.80 < quality < 0.90 :      2153 elements
Info    : 0.90 < quality < 1.00 :      1657 elements
Info    : 1441 edge swaps, 22 node relocations (volume = 235.455): worst = 0.0762423 / average = 0.693768 (Wall 0.0201155s, CPU 0.020113s)
Info    : 1509 edge swaps, 22 node relocations (volume = 235.455): worst = 0.144522 / average = 0.694387 (Wall 0.0245835s, CPU 0.024575s)
Info    : 1511 edge swaps, 22 node relocations (volume = 235.455): worst = 0.144522 / average = 0.694403 (Wall 0.028088s, CPU 0.02808s)
Info    : No ill-shaped tets in the mesh :-)
Info    : 0.00 < quality < 0.10 :         0 elements
Info    : 0.10 < quality < 0.20 :         1 elements
Info    : 0.20 < quality < 0.30 :        20 elements
Info    : 0.30 < quality < 0.40 :      1269 elements
Info    : 0.40 < quality < 0.50 :      1602 elements
Info    : 0.50 < quality < 0.60 :      3789 elements
Info    : 0.60 < quality < 0.70 :     11225 elements
Info    : 0.70 < quality < 0.80 :     20258 elements
Info    : 0.80 < quality < 0.90 :      2314 elements
Info    : 0.90 < quality < 1.00 :      1669 elements
Info    : Optimizing volume 2
Info    : Optimization starts (volume = 0.256468) with worst = 0.0893956 / average = 0.742921:
Info    : 0.00 < quality < 0.10 :         1 elements
Info    : 0.10 < quality < 0.20 :         3 elements
Info    : 0.20 < quality < 0.30 :         6 elements
Info    : 0.30 < quality < 0.40 :        13 elements
Info    : 0.40 < quality < 0.50 :        25 elements
Info    : 0.50 < quality < 0.60 :        24 elements
Info    : 0.60 < quality < 0.70 :        75 elements
Info    : 0.70 < quality < 0.80 :       168 elements
Info    : 0.80 < quality < 0.90 :       158 elements
Info    : 0.90 < quality < 1.00 :        52 elements
Info    : 10 edge swaps, 0 node relocations (volume = 0.256468): worst = 0.319299 / average = 0.7561 (Wall 0.000154808s, CPU 0.000156s)
Info    : No ill-shaped tets in the mesh :-)
Info    : 0.00 < quality < 0.10 :         0 elements
Info    : 0.10 < quality < 0.20 :         0 elements
Info    : 0.20 < quality < 0.30 :         0 elements
Info    : 0.30 < quality < 0.40 :        13 elements
Info    : 0.40 < quality < 0.50 :        23 elements
Info    : 0.50 < quality < 0.60 :        21 elements
Info    : 0.60 < quality < 0.70 :        77 elements
Info    : 0.70 < quality < 0.80 :       167 elements
Info    : 0.80 < quality < 0.90 :       162 elements
Info    : 0.90 < quality < 1.00 :        52 elements
Info    : Done optimizing mesh (Wall 0.0584777s, CPU 0.057973s)
Info    : 13842 nodes 69574 elements
Info    : Meshing order 2 (curvilinear on)...
Info    : [  0%] Meshing curve 1 order 2
Info    : [ 10%] Meshing curve 2 order 2
Info    : [ 20%] Meshing curve 3 order 2
Info    : [ 20%] Meshing curve 4 order 2
Info    : [ 30%] Meshing curve 5 order 2
Info    : [ 30%] Meshing curve 6 order 2
Info    : [ 40%] Meshing curve 7 order 2
Info    : [ 40%] Meshing curve 8 order 2
Info    : [ 50%] Meshing curve 9 order 2
Info    : [ 50%] Meshing curve 10 order 2
Info    : [ 60%] Meshing curve 11 order 2
Info    : [ 60%] Meshing curve 12 order 2
Info    : [ 70%] Meshing surface 1 order 2
Info    : [ 70%] Meshing surface 2 order 2
Info    : [ 80%] Meshing surface 3 order 2
Info    : [ 80%] Meshing surface 4 order 2
Info    : [ 90%] Meshing surface 5 order 2
Info    : [ 90%] Meshing surface 6 order 2
Info    : [100%] Meshing volume 1 order 2
Info    : [100%] Meshing volume 2 order 2
Info    : Surface mesh: worst distortion = 0.797589 (0 elements in ]0, 0.2]); worst gamma = 0.499267
Info    : Volume mesh: worst distortion = 0.0555963 (1 elements in ]0, 0.2])
Info    : Done meshing order 2 (Wall 13.8331s, CPU 13.8273s)
Info    : Writing '/home/user/mscr-mom/현서/scripts/contact_scenarios/fea/matv2_mesh_PHS125_phiP150_b0_s65.inp'...
Info    : Done writing '/home/user/mscr-mom/현서/scripts/contact_scenarios/fea/matv2_mesh_PHS125_phiP150_b0_s65.inp'
  [PHS125_phiP150_b0] 실패: Command '['ccx', 'matv2sweep_PHS125_phiP150_b0_06']' timed out after 1800 seconds
  [PHS125_phiP150_b0] [실패] (1816.3s)
[PHS125_phiP150_b0 7/9] L_M=12.5, phi=150.0, beta=0.0, s=75.0mm, push_depth=0.1mm ...
Info    : Meshing 1D...
Info    : [  0%] Meshing curve 1 (BSpline)
Info    : [ 10%] Meshing curve 2 (Ellipse)
Info    : [ 20%] Meshing curve 3 (Ellipse)
Info    : [ 30%] Meshing curve 4 (BSpline)
Info    : [ 40%] Meshing curve 5 (BSpline)
Info    : [ 50%] Meshing curve 6 (BSpline)
Info    : [ 60%] Meshing curve 7 (BSpline)
Info    : [ 60%] Meshing curve 8 (BSpline)
Info    : [ 70%] Meshing curve 9 (BSpline)
Info    : [ 90%] Meshing curve 11 (Circle)
Info    : Done meshing 1D (Wall 0.0230469s, CPU 0.023004s)
Info    : Meshing 2D...
Info    : [  0%] Meshing surface 1 (Plane, Frontal-Delaunay)
Info    : [ 20%] Meshing surface 2 (Plane, Frontal-Delaunay)
Info    : [ 40%] Meshing surface 3 (BSpline surface, Frontal-Delaunay)
Info    : [ 60%] Meshing surface 4 (BSpline surface, Frontal-Delaunay)
Info    : [ 70%] Meshing surface 5 (Plane, Frontal-Delaunay)
Info    : [ 90%] Meshing surface 6 (Sphere, Frontal-Delaunay)
Info    : Done meshing 2D (Wall 0.856354s, CPU 0.855796s)
Info    : Meshing 3D...
Info    : 3D Meshing 2 volumes with 2 connected components
Info    : Tetrahedrizing 12716 nodes...
Info    : Done tetrahedrizing 12724 nodes (Wall 0.166625s, CPU 0.160627s)
Info    : Reconstructing mesh...
Info    :  - Creating surface mesh
Info    :  - Identifying boundary edges
Info    :  - Recovering boundary
Info    : Done reconstructing mesh (Wall 0.457505s, CPU 0.435587s)
Info    : Found volume 1
Info    : It. 0 - 0 nodes created - worst tet radius 1.05452 (nodes removed 0 0)
Info    : It. 500 - 500 nodes created - worst tet radius 1.00087 (nodes removed 0 0)
Info    : 3D refinement terminated (13439 nodes total):
Info    :  - 0 Delaunay cavities modified for star shapeness
Info    :  - 0 nodes could not be inserted
Info    :  - 43465 tetrahedra created in 0.0306697 sec. (1417195 tets/s)
Info    : 0 node relocations
Info    : Tetrahedrizing 132 nodes...
Info    : Done tetrahedrizing 140 nodes (Wall 0.000800515s, CPU 0.000801s)
Info    : Reconstructing mesh...
Info    :  - Creating surface mesh
Info    :  - Identifying boundary edges
Info    :  - Recovering boundary
Info    : Done reconstructing mesh (Wall 0.00192515s, CPU 0.00193s)
Info    : Found volume 2
Info    : It. 0 - 0 nodes created - worst tet radius 3.19034 (nodes removed 0 0)
Info    : 3D refinement terminated (12932 nodes total):
Info    :  - 0 Delaunay cavities modified for star shapeness
Info    :  - 0 nodes could not be inserted
Info    :  - 525 tetrahedra created in 0.00824443 sec. (63679 tets/s)
Info    : 0 node relocations
Info    : Done meshing 3D (Wall 0.845604s, CPU 0.823641s)
Info    : Optimizing mesh...
Info    : Optimizing volume 1
Info    : Optimization starts (volume = 235.455) with worst = 0.00553743 / average = 0.675512:
Info    : 0.00 < quality < 0.10 :       223 elements
Info    : 0.10 < quality < 0.20 :       512 elements
Info    : 0.20 < quality < 0.30 :       775 elements
Info    : 0.30 < quality < 0.40 :      1343 elements
Info    : 0.40 < quality < 0.50 :      1878 elements
Info    : 0.50 < quality < 0.60 :      3721 elements
Info    : 0.60 < quality < 0.70 :     10634 elements
Info    : 0.70 < quality < 0.80 :     20569 elements
Info    : 0.80 < quality < 0.90 :      2153 elements
Info    : 0.90 < quality < 1.00 :      1657 elements
Info    : 1441 edge swaps, 22 node relocations (volume = 235.455): worst = 0.0762423 / average = 0.693768 (Wall 0.0265008s, CPU 0.026432s)
Info    : 1509 edge swaps, 22 node relocations (volume = 235.455): worst = 0.144522 / average = 0.694387 (Wall 0.031782s, CPU 0.031615s)
Info    : 1511 edge swaps, 22 node relocations (volume = 235.455): worst = 0.144522 / average = 0.694403 (Wall 0.0359738s, CPU 0.03572s)
Info    : No ill-shaped tets in the mesh :-)
Info    : 0.00 < quality < 0.10 :         0 elements
Info    : 0.10 < quality < 0.20 :         1 elements
Info    : 0.20 < quality < 0.30 :        20 elements
Info    : 0.30 < quality < 0.40 :      1269 elements
Info    : 0.40 < quality < 0.50 :      1602 elements
Info    : 0.50 < quality < 0.60 :      3789 elements
Info    : 0.60 < quality < 0.70 :     11225 elements
Info    : 0.70 < quality < 0.80 :     20258 elements
Info    : 0.80 < quality < 0.90 :      2314 elements
Info    : 0.90 < quality < 1.00 :      1669 elements
Info    : Optimizing volume 2
Info    : Optimization starts (volume = 0.256468) with worst = 0.0893956 / average = 0.742921:
Info    : 0.00 < quality < 0.10 :         1 elements
Info    : 0.10 < quality < 0.20 :         3 elements
Info    : 0.20 < quality < 0.30 :         6 elements
Info    : 0.30 < quality < 0.40 :        13 elements
Info    : 0.40 < quality < 0.50 :        25 elements
Info    : 0.50 < quality < 0.60 :        24 elements
Info    : 0.60 < quality < 0.70 :        75 elements
Info    : 0.70 < quality < 0.80 :       168 elements
Info    : 0.80 < quality < 0.90 :       158 elements
Info    : 0.90 < quality < 1.00 :        52 elements
Info    : 10 edge swaps, 0 node relocations (volume = 0.256468): worst = 0.319299 / average = 0.7561 (Wall 0.000195629s, CPU 0.000175s)
Info    : No ill-shaped tets in the mesh :-)
Info    : 0.00 < quality < 0.10 :         0 elements
Info    : 0.10 < quality < 0.20 :         0 elements
Info    : 0.20 < quality < 0.30 :         0 elements
Info    : 0.30 < quality < 0.40 :        13 elements
Info    : 0.40 < quality < 0.50 :        23 elements
Info    : 0.50 < quality < 0.60 :        21 elements
Info    : 0.60 < quality < 0.70 :        77 elements
Info    : 0.70 < quality < 0.80 :       167 elements
Info    : 0.80 < quality < 0.90 :       162 elements
Info    : 0.90 < quality < 1.00 :        52 elements
Info    : Done optimizing mesh (Wall 0.0848868s, CPU 0.082346s)
Info    : 13842 nodes 69574 elements
Info    : Meshing order 2 (curvilinear on)...
Info    : [  0%] Meshing curve 1 order 2
Info    : [ 10%] Meshing curve 2 order 2
Info    : [ 20%] Meshing curve 3 order 2
Info    : [ 20%] Meshing curve 4 order 2
Info    : [ 30%] Meshing curve 5 order 2
Info    : [ 30%] Meshing curve 6 order 2
Info    : [ 40%] Meshing curve 7 order 2
Info    : [ 40%] Meshing curve 8 order 2
Info    : [ 50%] Meshing curve 9 order 2
Info    : [ 50%] Meshing curve 10 order 2
Info    : [ 60%] Meshing curve 11 order 2
Info    : [ 60%] Meshing curve 12 order 2
Info    : [ 70%] Meshing surface 1 order 2
Info    : [ 70%] Meshing surface 2 order 2
Info    : [ 80%] Meshing surface 3 order 2
Info    : [ 80%] Meshing surface 4 order 2
Info    : [ 90%] Meshing surface 5 order 2
Info    : [ 90%] Meshing surface 6 order 2
Info    : [100%] Meshing volume 1 order 2
Info    : [100%] Meshing volume 2 order 2
Info    : Surface mesh: worst distortion = 0.797589 (0 elements in ]0, 0.2]); worst gamma = 0.499267
Info    : Volume mesh: worst distortion = 0.0555963 (1 elements in ]0, 0.2])
Info    : Done meshing order 2 (Wall 13.7051s, CPU 13.6803s)
Info    : Writing '/home/user/mscr-mom/현서/scripts/contact_scenarios/fea/matv2_mesh_PHS125_phiP150_b0_s75.inp'...
Info    : Done writing '/home/user/mscr-mom/현서/scripts/contact_scenarios/fea/matv2_mesh_PHS125_phiP150_b0_s75.inp'
  [PHS125_phiP150_b0] [실패] (1090.4s)
[PHS125_phiP150_b0 8/9] L_M=12.5, phi=150.0, beta=0.0, s=85.0mm, push_depth=0.1mm ...
Info    : Meshing 1D...
Info    : [  0%] Meshing curve 1 (BSpline)
Info    : [ 10%] Meshing curve 2 (Ellipse)
Info    : [ 20%] Meshing curve 3 (Ellipse)
Info    : [ 30%] Meshing curve 4 (BSpline)
Info    : [ 40%] Meshing curve 5 (BSpline)
Info    : [ 50%] Meshing curve 6 (BSpline)
Info    : [ 60%] Meshing curve 7 (BSpline)
Info    : [ 60%] Meshing curve 8 (BSpline)
Info    : [ 70%] Meshing curve 9 (BSpline)
Info    : [ 90%] Meshing curve 11 (Circle)
Info    : Done meshing 1D (Wall 0.0406353s, CPU 0.040637s)
Info    : Meshing 2D...
Info    : [  0%] Meshing surface 1 (Plane, Frontal-Delaunay)
Info    : [ 20%] Meshing surface 2 (Plane, Frontal-Delaunay)
Info    : [ 40%] Meshing surface 3 (BSpline surface, Frontal-Delaunay)
Info    : [ 60%] Meshing surface 4 (BSpline surface, Frontal-Delaunay)
Info    : [ 70%] Meshing surface 5 (Plane, Frontal-Delaunay)
Info    : [ 90%] Meshing surface 6 (Sphere, Frontal-Delaunay)
Info    : Done meshing 2D (Wall 1.45725s, CPU 1.45685s)
Info    : Meshing 3D...
Info    : 3D Meshing 2 volumes with 2 connected components
Info    : Tetrahedrizing 12716 nodes...
Info    : Done tetrahedrizing 12724 nodes (Wall 0.243062s, CPU 0.230071s)
Info    : Reconstructing mesh...
Info    :  - Creating surface mesh
Info    :  - Identifying boundary edges
Info    :  - Recovering boundary
Info    : Done reconstructing mesh (Wall 0.538494s, CPU 0.513507s)
Info    : Found volume 1
Info    : It. 0 - 0 nodes created - worst tet radius 1.05452 (nodes removed 0 0)
Info    : It. 500 - 500 nodes created - worst tet radius 1.00087 (nodes removed 0 0)
Info    : 3D refinement terminated (13439 nodes total):
Info    :  - 0 Delaunay cavities modified for star shapeness
Info    :  - 0 nodes could not be inserted
Info    :  - 43465 tetrahedra created in 0.0447073 sec. (972212 tets/s)
Info    : 0 node relocations
Info    : Tetrahedrizing 132 nodes...
Info    : Done tetrahedrizing 140 nodes (Wall 0.00100029s, CPU 0.001s)
Info    : Reconstructing mesh...
Info    :  - Creating surface mesh
Info    :  - Identifying boundary edges
Info    :  - Recovering boundary
Info    : Done reconstructing mesh (Wall 0.00225988s, CPU 0.002263s)
Info    : Found volume 2
Info    : It. 0 - 0 nodes created - worst tet radius 3.12491 (nodes removed 0 0)
Info    : 3D refinement terminated (12927 nodes total):
Info    :  - 1 Delaunay cavities modified for star shapeness
Info    :  - 0 nodes could not be inserted
Info    :  - 478 tetrahedra created in 0.00290311 sec. (164650 tets/s)
Info    : 0 node relocations
Info    : Done meshing 3D (Wall 0.983333s, CPU 0.95826s)
Info    : Optimizing mesh...
Info    : Optimizing volume 1
Info    : Optimization starts (volume = 235.455) with worst = 0.00553743 / average = 0.675512:
Info    : 0.00 < quality < 0.10 :       223 elements
Info    : 0.10 < quality < 0.20 :       512 elements
Info    : 0.20 < quality < 0.30 :       775 elements
Info    : 0.30 < quality < 0.40 :      1343 elements
Info    : 0.40 < quality < 0.50 :      1878 elements
Info    : 0.50 < quality < 0.60 :      3721 elements
Info    : 0.60 < quality < 0.70 :     10634 elements
Info    : 0.70 < quality < 0.80 :     20569 elements
Info    : 0.80 < quality < 0.90 :      2153 elements
Info    : 0.90 < quality < 1.00 :      1657 elements
Info    : 1441 edge swaps, 22 node relocations (volume = 235.455): worst = 0.0762423 / average = 0.693768 (Wall 0.0218538s, CPU 0.021855s)
Info    : 1509 edge swaps, 22 node relocations (volume = 235.455): worst = 0.144522 / average = 0.694387 (Wall 0.0264437s, CPU 0.026444s)
Info    : 1511 edge swaps, 22 node relocations (volume = 235.455): worst = 0.144522 / average = 0.694403 (Wall 0.0299939s, CPU 0.029996s)
Info    : No ill-shaped tets in the mesh :-)
Info    : 0.00 < quality < 0.10 :         0 elements
Info    : 0.10 < quality < 0.20 :         1 elements
Info    : 0.20 < quality < 0.30 :        20 elements
Info    : 0.30 < quality < 0.40 :      1269 elements
Info    : 0.40 < quality < 0.50 :      1602 elements
Info    : 0.50 < quality < 0.60 :      3789 elements
Info    : 0.60 < quality < 0.70 :     11225 elements
Info    : 0.70 < quality < 0.80 :     20258 elements
Info    : 0.80 < quality < 0.90 :      2314 elements
Info    : 0.90 < quality < 1.00 :      1669 elements
Info    : Optimizing volume 2
Info    : Optimization starts (volume = 0.256478) with worst = 0.102894 / average = 0.745591:
Info    : 0.00 < quality < 0.10 :         0 elements
Info    : 0.10 < quality < 0.20 :         2 elements
Info    : 0.20 < quality < 0.30 :         5 elements
Info    : 0.30 < quality < 0.40 :        11 elements
Info    : 0.40 < quality < 0.50 :        17 elements
Info    : 0.50 < quality < 0.60 :        26 elements
Info    : 0.60 < quality < 0.70 :        65 elements
Info    : 0.70 < quality < 0.80 :       168 elements
Info    : 0.80 < quality < 0.90 :       145 elements
Info    : 0.90 < quality < 1.00 :        39 elements
Info    : 6 edge swaps, 0 node relocations (volume = 0.256478): worst = 0.314987 / average = 0.754805 (Wall 0.000145268s, CPU 0.000147s)
Info    : No ill-shaped tets in the mesh :-)
Info    : 0.00 < quality < 0.10 :         0 elements
Info    : 0.10 < quality < 0.20 :         0 elements
Info    : 0.20 < quality < 0.30 :         0 elements
Info    : 0.30 < quality < 0.40 :        11 elements
Info    : 0.40 < quality < 0.50 :        16 elements
Info    : 0.50 < quality < 0.60 :        25 elements
Info    : 0.60 < quality < 0.70 :        66 elements
Info    : 0.70 < quality < 0.80 :       168 elements
Info    : 0.80 < quality < 0.90 :       147 elements
Info    : 0.90 < quality < 1.00 :        39 elements
Info    : Done optimizing mesh (Wall 0.0619989s, CPU 0.061998s)
Info    : 13837 nodes 69531 elements
Info    : Meshing order 2 (curvilinear on)...
Info    : [  0%] Meshing curve 1 order 2
Info    : [ 10%] Meshing curve 2 order 2
Info    : [ 20%] Meshing curve 3 order 2
Info    : [ 20%] Meshing curve 4 order 2
Info    : [ 30%] Meshing curve 5 order 2
Info    : [ 30%] Meshing curve 6 order 2
Info    : [ 40%] Meshing curve 7 order 2
Info    : [ 40%] Meshing curve 8 order 2
Info    : [ 50%] Meshing curve 9 order 2
Info    : [ 50%] Meshing curve 10 order 2
Info    : [ 60%] Meshing curve 11 order 2
Info    : [ 60%] Meshing curve 12 order 2
Info    : [ 70%] Meshing surface 1 order 2
Info    : [ 70%] Meshing surface 2 order 2
Info    : [ 80%] Meshing surface 3 order 2
Info    : [ 80%] Meshing surface 4 order 2
Info    : [ 90%] Meshing surface 5 order 2
Info    : [ 90%] Meshing surface 6 order 2
Info    : [100%] Meshing volume 1 order 2
Info    : [100%] Meshing volume 2 order 2
Info    : Surface mesh: worst distortion = 0.797589 (0 elements in ]0, 0.2]); worst gamma = 0.562417
Info    : Volume mesh: worst distortion = 0.0555963 (1 elements in ]0, 0.2])
Info    : Done meshing order 2 (Wall 23.2934s, CPU 23.2438s)
Info    : Writing '/home/user/mscr-mom/현서/scripts/contact_scenarios/fea/matv2_mesh_PHS125_phiP150_b0_s85.inp'...
Info    : Done writing '/home/user/mscr-mom/현서/scripts/contact_scenarios/fea/matv2_mesh_PHS125_phiP150_b0_s85.inp'
  [PHS125_phiP150_b0] [실패] (1441.3s)
[PHS125_phiP150_b0 9/9] L_M=12.5, phi=150.0, beta=0.0, s=95.0mm, push_depth=0.1mm ...
Info    : Meshing 1D...
Info    : [  0%] Meshing curve 1 (BSpline)
Info    : [ 10%] Meshing curve 2 (Ellipse)
Info    : [ 20%] Meshing curve 3 (Ellipse)
Info    : [ 30%] Meshing curve 4 (BSpline)
Info    : [ 40%] Meshing curve 5 (BSpline)
Info    : [ 50%] Meshing curve 6 (BSpline)
Info    : [ 60%] Meshing curve 7 (BSpline)
Info    : [ 60%] Meshing curve 8 (BSpline)
Info    : [ 70%] Meshing curve 9 (BSpline)
Info    : [ 90%] Meshing curve 11 (Circle)
Info    : Done meshing 1D (Wall 0.043047s, CPU 0.043043s)
Info    : Meshing 2D...
Info    : [  0%] Meshing surface 1 (Plane, Frontal-Delaunay)
Info    : [ 20%] Meshing surface 2 (Plane, Frontal-Delaunay)
Info    : [ 40%] Meshing surface 3 (BSpline surface, Frontal-Delaunay)
Info    : [ 60%] Meshing surface 4 (BSpline surface, Frontal-Delaunay)
Info    : [ 70%] Meshing surface 5 (Plane, Frontal-Delaunay)
Info    : [ 90%] Meshing surface 6 (Sphere, Frontal-Delaunay)
Info    : Done meshing 2D (Wall 1.48903s, CPU 1.48835s)
Info    : Meshing 3D...
Info    : 3D Meshing 2 volumes with 2 connected components
Info    : Tetrahedrizing 12716 nodes...
Info    : Done tetrahedrizing 12724 nodes (Wall 0.239137s, CPU 0.229087s)
Info    : Reconstructing mesh...
Info    :  - Creating surface mesh
Info    :  - Identifying boundary edges
Info    :  - Recovering boundary
Info    : Done reconstructing mesh (Wall 0.690501s, CPU 0.671443s)
Info    : Found volume 1
Info    : It. 0 - 0 nodes created - worst tet radius 1.05452 (nodes removed 0 0)
Info    : It. 500 - 500 nodes created - worst tet radius 1.00087 (nodes removed 0 0)
Info    : 3D refinement terminated (13439 nodes total):
Info    :  - 0 Delaunay cavities modified for star shapeness
Info    :  - 0 nodes could not be inserted
Info    :  - 43465 tetrahedra created in 0.0435175 sec. (998793 tets/s)
Info    : 0 node relocations
Info    : Tetrahedrizing 132 nodes...
Info    : Done tetrahedrizing 140 nodes (Wall 0.00113518s, CPU 0.001134s)
Info    : Reconstructing mesh...
Info    :  - Creating surface mesh
Info    :  - Identifying boundary edges
Info    :  - Recovering boundary
Info    : Done reconstructing mesh (Wall 0.00305197s, CPU 0.003052s)
Info    : Found volume 2
Info    : It. 0 - 0 nodes created - worst tet radius 3.12491 (nodes removed 0 0)
Info    : 3D refinement terminated (12927 nodes total):
Info    :  - 1 Delaunay cavities modified for star shapeness
Info    :  - 0 nodes could not be inserted
Info    :  - 478 tetrahedra created in 0.00824932 sec. (57944 tets/s)
Info    : 0 node relocations
Info    : Done meshing 3D (Wall 1.2841s, CPU 1.25573s)
Info    : Optimizing mesh...
Info    : Optimizing volume 1
Info    : Optimization starts (volume = 235.455) with worst = 0.00553743 / average = 0.675512:
Info    : 0.00 < quality < 0.10 :       223 elements
Info    : 0.10 < quality < 0.20 :       512 elements
Info    : 0.20 < quality < 0.30 :       775 elements
Info    : 0.30 < quality < 0.40 :      1343 elements
Info    : 0.40 < quality < 0.50 :      1878 elements
Info    : 0.50 < quality < 0.60 :      3721 elements
Info    : 0.60 < quality < 0.70 :     10634 elements
Info    : 0.70 < quality < 0.80 :     20569 elements
Info    : 0.80 < quality < 0.90 :      2153 elements
Info    : 0.90 < quality < 1.00 :      1657 elements
Info    : 1441 edge swaps, 22 node relocations (volume = 235.455): worst = 0.0762423 / average = 0.693768 (Wall 0.032406s, CPU 0.032408s)
Info    : 1509 edge swaps, 22 node relocations (volume = 235.455): worst = 0.144522 / average = 0.694387 (Wall 0.0385325s, CPU 0.038534s)
Info    : 1511 edge swaps, 22 node relocations (volume = 235.455): worst = 0.144522 / average = 0.694403 (Wall 0.0439087s, CPU 0.04391s)
Info    : No ill-shaped tets in the mesh :-)
Info    : 0.00 < quality < 0.10 :         0 elements
Info    : 0.10 < quality < 0.20 :         1 elements
Info    : 0.20 < quality < 0.30 :        20 elements
Info    : 0.30 < quality < 0.40 :      1269 elements
Info    : 0.40 < quality < 0.50 :      1602 elements
Info    : 0.50 < quality < 0.60 :      3789 elements
Info    : 0.60 < quality < 0.70 :     11225 elements
Info    : 0.70 < quality < 0.80 :     20258 elements
Info    : 0.80 < quality < 0.90 :      2314 elements
Info    : 0.90 < quality < 1.00 :      1669 elements
Info    : Optimizing volume 2
Info    : Optimization starts (volume = 0.256478) with worst = 0.102894 / average = 0.745591:
Info    : 0.00 < quality < 0.10 :         0 elements
Info    : 0.10 < quality < 0.20 :         2 elements
Info    : 0.20 < quality < 0.30 :         5 elements
Info    : 0.30 < quality < 0.40 :        11 elements
Info    : 0.40 < quality < 0.50 :        17 elements
Info    : 0.50 < quality < 0.60 :        26 elements
Info    : 0.60 < quality < 0.70 :        65 elements
Info    : 0.70 < quality < 0.80 :       168 elements
Info    : 0.80 < quality < 0.90 :       145 elements
Info    : 0.90 < quality < 1.00 :        39 elements
Info    : 6 edge swaps, 0 node relocations (volume = 0.256478): worst = 0.314987 / average = 0.754805 (Wall 0.000179112s, CPU 0.000184s)
Info    : No ill-shaped tets in the mesh :-)
Info    : 0.00 < quality < 0.10 :         0 elements
Info    : 0.10 < quality < 0.20 :         0 elements
Info    : 0.20 < quality < 0.30 :         0 elements
Info    : 0.30 < quality < 0.40 :        11 elements
Info    : 0.40 < quality < 0.50 :        16 elements
Info    : 0.50 < quality < 0.60 :        25 elements
Info    : 0.60 < quality < 0.70 :        66 elements
Info    : 0.70 < quality < 0.80 :       168 elements
Info    : 0.80 < quality < 0.90 :       147 elements
Info    : 0.90 < quality < 1.00 :        39 elements
Info    : Done optimizing mesh (Wall 0.105182s, CPU 0.105178s)
Info    : 13837 nodes 69531 elements
Info    : Meshing order 2 (curvilinear on)...
Info    : [  0%] Meshing curve 1 order 2
Info    : [ 10%] Meshing curve 2 order 2
Info    : [ 20%] Meshing curve 3 order 2
Info    : [ 20%] Meshing curve 4 order 2
Info    : [ 30%] Meshing curve 5 order 2
Info    : [ 30%] Meshing curve 6 order 2
Info    : [ 40%] Meshing curve 7 order 2
Info    : [ 40%] Meshing curve 8 order 2
Info    : [ 50%] Meshing curve 9 order 2
Info    : [ 50%] Meshing curve 10 order 2
Info    : [ 60%] Meshing curve 11 order 2
Info    : [ 60%] Meshing curve 12 order 2
Info    : [ 70%] Meshing surface 1 order 2
Info    : [ 70%] Meshing surface 2 order 2
Info    : [ 80%] Meshing surface 3 order 2
Info    : [ 80%] Meshing surface 4 order 2
Info    : [ 90%] Meshing surface 5 order 2
Info    : [ 90%] Meshing surface 6 order 2
Info    : [100%] Meshing volume 1 order 2
Info    : [100%] Meshing volume 2 order 2
Info    : Surface mesh: worst distortion = 0.797589 (0 elements in ]0, 0.2]); worst gamma = 0.562417
Info    : Volume mesh: worst distortion = 0.0555963 (1 elements in ]0, 0.2])
Info    : Done meshing order 2 (Wall 23.5447s, CPU 23.4469s)
Info    : Writing '/home/user/mscr-mom/현서/scripts/contact_scenarios/fea/matv2_mesh_PHS125_phiP150_b0_s95.inp'...
Info    : Done writing '/home/user/mscr-mom/현서/scripts/contact_scenarios/fea/matv2_mesh_PHS125_phiP150_b0_s95.inp'
  [PHS125_phiP150_b0] 실패: Command '['ccx', 'matv2sweep_PHS125_phiP150_b0_09']' timed out after 1800 seconds
  [PHS125_phiP150_b0] [실패] (1827.4s)
[PHS125_phiP150_b0] 완료: 3/9 성공
