[LM12p5_phi00_b0 1/10] L_M=12.5, phi=0.0, beta=0.0, s=10.0mm, push_depth=0.1mm ...
Info    : Meshing 1D...
Info    : [  0%] Meshing curve 1 (BSpline)
Info    : [ 10%] Meshing curve 2 (Ellipse)
Info    : [ 20%] Meshing curve 3 (Ellipse)
Info    : [ 30%] Meshing curve 4 (BSpline)
Info    : [ 40%] Meshing curve 5 (BSpline)
Info    : [ 50%] Meshing curve 6 (BSpline)
Info    : [ 60%] Meshing curve 7 (BSpline)
Info    : [ 60%] Meshing curve 8 (BSpline)
Info    : [ 70%] Meshing curve 9 (BSpline)
Info    : [ 90%] Meshing curve 11 (Circle)
Info    : Done meshing 1D (Wall 0.0117807s, CPU 0.011783s)
Info    : Meshing 2D...
Info    : [  0%] Meshing surface 1 (Plane, Frontal-Delaunay)
Info    : [ 20%] Meshing surface 2 (Plane, Frontal-Delaunay)
Info    : [ 40%] Meshing surface 3 (BSpline surface, Frontal-Delaunay)
Info    : [ 60%] Meshing surface 4 (BSpline surface, Frontal-Delaunay)
Info    : [ 70%] Meshing surface 5 (Plane, Frontal-Delaunay)
Info    : [ 90%] Meshing surface 6 (Sphere, Frontal-Delaunay)
Info    : Done meshing 2D (Wall 0.8236s, CPU 0.813382s)
Info    : Meshing 3D...
Info    : 3D Meshing 2 volumes with 2 connected components
Info    : Tetrahedrizing 12274 nodes...
Info    : Done tetrahedrizing 12282 nodes (Wall 0.257804s, CPU 0.242806s)
Info    : Reconstructing mesh...
Info    :  - Creating surface mesh
Info    :  - Identifying boundary edges
Info    :  - Recovering boundary
Info    : Done reconstructing mesh (Wall 0.655568s, CPU 0.616324s)
Info    : Found volume 1
Info    : It. 0 - 0 nodes created - worst tet radius 1.03375 (nodes removed 0 0)
Info    : It. 500 - 500 nodes created - worst tet radius 1.00841 (nodes removed 0 0)
Info    : It. 1000 - 1000 nodes created - worst tet radius 1.002 (nodes removed 0 0)
Info    : 3D refinement terminated (13691 nodes total):
Info    :  - 0 Delaunay cavities modified for star shapeness
Info    :  - 0 nodes could not be inserted
Info    :  - 46834 tetrahedra created in 0.109929 sec. (426037 tets/s)
Info    : 0 node relocations
Info    : Tetrahedrizing 132 nodes...
Info    : Done tetrahedrizing 140 nodes (Wall 0.000991137s, CPU 0.000993s)
Info    : Reconstructing mesh...
Info    :  - Creating surface mesh
Info    :  - Identifying boundary edges
Info    :  - Recovering boundary
Info    : Done reconstructing mesh (Wall 0.00283766s, CPU 0.002796s)
Info    : Found volume 2
Info    : It. 0 - 0 nodes created - worst tet radius 3.07187 (nodes removed 0 0)
Info    : 3D refinement terminated (12491 nodes total):
Info    :  - 2 Delaunay cavities modified for star shapeness
Info    :  - 1 nodes could not be inserted
Info    :  - 521 tetrahedra created in 0.00472736 sec. (110209 tets/s)
Info    : 0 node relocations
Info    : Done meshing 3D (Wall 1.23129s, CPU 1.18093s)
Info    : Optimizing mesh...
Info    : Optimizing volume 1
Info    : Optimization starts (volume = 235.484) with worst = 0.000762696 / average = 0.693097:
Info    : 0.00 < quality < 0.10 :       337 elements
Info    : 0.10 < quality < 0.20 :       259 elements
Info    : 0.20 < quality < 0.30 :      1113 elements
Info    : 0.30 < quality < 0.40 :      1193 elements
Info    : 0.40 < quality < 0.50 :      1862 elements
Info    : 0.50 < quality < 0.60 :      3525 elements
Info    : 0.60 < quality < 0.70 :     12423 elements
Info    : 0.70 < quality < 0.80 :     16944 elements
Info    : 0.80 < quality < 0.90 :      5053 elements
Info    : 0.90 < quality < 1.00 :      4125 elements
Info    : 1632 edge swaps, 29 node relocations (volume = 235.484): worst = 0.0838061 / average = 0.713493 (Wall 0.0280406s, CPU 0.028043s)
Info    : 1699 edge swaps, 31 node relocations (volume = 235.484): worst = 0.124552 / average = 0.714283 (Wall 0.0354813s, CPU 0.035483s)
Info    : 1704 edge swaps, 32 node relocations (volume = 235.484): worst = 0.124552 / average = 0.714327 (Wall 0.0401139s, CPU 0.040116s)
Info    : No ill-shaped tets in the mesh :-)
Info    : 0.00 < quality < 0.10 :         0 elements
Info    : 0.10 < quality < 0.20 :         1 elements
Info    : 0.20 < quality < 0.30 :         3 elements
Info    : 0.30 < quality < 0.40 :       923 elements
Info    : 0.40 < quality < 0.50 :      1541 elements
Info    : 0.50 < quality < 0.60 :      4069 elements
Info    : 0.60 < quality < 0.70 :     12685 elements
Info    : 0.70 < quality < 0.80 :     16276 elements
Info    : 0.80 < quality < 0.90 :      5613 elements
Info    : 0.90 < quality < 1.00 :      4127 elements
Info    : Optimizing volume 2
Info    : Optimization starts (volume = 0.256468) with worst = 0.0969405 / average = 0.761852:
Info    : 0.00 < quality < 0.10 :         1 elements
Info    : 0.10 < quality < 0.20 :         2 elements
Info    : 0.20 < quality < 0.30 :         3 elements
Info    : 0.30 < quality < 0.40 :         8 elements
Info    : 0.40 < quality < 0.50 :        18 elements
Info    : 0.50 < quality < 0.60 :        19 elements
Info    : 0.60 < quality < 0.70 :        62 elements
Info    : 0.70 < quality < 0.80 :       188 elements
Info    : 0.80 < quality < 0.90 :       165 elements
Info    : 0.90 < quality < 1.00 :        55 elements
Info    : 6 edge swaps, 0 node relocations (volume = 0.256468): worst = 0.315758 / average = 0.769697 (Wall 0.000159604s, CPU 0.000154s)
Info    : No ill-shaped tets in the mesh :-)
Info    : 0.00 < quality < 0.10 :         0 elements
Info    : 0.10 < quality < 0.20 :         0 elements
Info    : 0.20 < quality < 0.30 :         0 elements
Info    : 0.30 < quality < 0.40 :         8 elements
Info    : 0.40 < quality < 0.50 :        17 elements
Info    : 0.50 < quality < 0.60 :        18 elements
Info    : 0.60 < quality < 0.70 :        61 elements
Info    : 0.70 < quality < 0.80 :       191 elements
Info    : 0.80 < quality < 0.90 :       165 elements
Info    : 0.90 < quality < 1.00 :        55 elements
Info    : Done optimizing mesh (Wall 0.0791391s, CPU 0.079128s)
Info    : 14095 nodes 71795 elements
Info    : Meshing order 2 (curvilinear on)...
Info    : [  0%] Meshing curve 1 order 2
Info    : [ 10%] Meshing curve 2 order 2
Info    : [ 20%] Meshing curve 3 order 2
Info    : [ 20%] Meshing curve 4 order 2
Info    : [ 30%] Meshing curve 5 order 2
Info    : [ 30%] Meshing curve 6 order 2
Info    : [ 40%] Meshing curve 7 order 2
Info    : [ 40%] Meshing curve 8 order 2
Info    : [ 50%] Meshing curve 9 order 2
Info    : [ 50%] Meshing curve 10 order 2
Info    : [ 60%] Meshing curve 11 order 2
Info    : [ 60%] Meshing curve 12 order 2
Info    : [ 70%] Meshing surface 1 order 2
Info    : [ 70%] Meshing surface 2 order 2
Info    : [ 80%] Meshing surface 3 order 2
Info    : [ 80%] Meshing surface 4 order 2
Info    : [ 90%] Meshing surface 5 order 2
Info    : [ 90%] Meshing surface 6 order 2
Info    : [100%] Meshing volume 1 order 2
Info    : [100%] Meshing volume 2 order 2
Info    : Surface mesh: worst distortion = 0.797589 (0 elements in ]0, 0.2]); worst gamma = 0.499267
Info    : Volume mesh: worst distortion = 0.251084 (0 elements in ]0, 0.2])
Info    : Done meshing order 2 (Wall 4.49343s, CPU 4.49285s)
Info    : Writing '/home/user/mscr-mom/현서/scripts/contact_scenarios/fea/matv2_mesh_LM12p5_phi00_b0_s10.inp'...
Info    : Done writing '/home/user/mscr-mom/현서/scripts/contact_scenarios/fea/matv2_mesh_LM12p5_phi00_b0_s10.inp'
