Info    : Meshing 1D...
Info    : [  0%] Meshing curve 1 (BSpline)
Info    : [ 10%] Meshing curve 2 (Ellipse)
Info    : [ 20%] Meshing curve 3 (Ellipse)
Info    : [ 30%] Meshing curve 4 (BSpline)
Info    : [ 40%] Meshing curve 5 (BSpline)
Info    : [ 50%] Meshing curve 6 (BSpline)
Info    : [ 60%] Meshing curve 7 (BSpline)
Info    : [ 60%] Meshing curve 8 (BSpline)
Info    : [ 70%] Meshing curve 9 (BSpline)
Info    : [ 90%] Meshing curve 11 (Circle)
Info    : Done meshing 1D (Wall 0.00981726s, CPU 0.009701s)
Info    : Meshing 2D...
Info    : [  0%] Meshing surface 1 (Plane, Frontal-Delaunay)
Info    : [ 20%] Meshing surface 2 (Plane, Frontal-Delaunay)
Info    : [ 40%] Meshing surface 3 (BSpline surface, Frontal-Delaunay)
Info    : [ 60%] Meshing surface 4 (BSpline surface, Frontal-Delaunay)
Info    : [ 70%] Meshing surface 5 (Plane, Frontal-Delaunay)
Info    : [ 90%] Meshing surface 6 (Sphere, Frontal-Delaunay)
Info    : Done meshing 2D (Wall 0.72218s, CPU 0.720067s)
Info    : Meshing 3D...
Info    : 3D Meshing 2 volumes with 2 connected components
Info    : Tetrahedrizing 12463 nodes...
Info    : Done tetrahedrizing 12471 nodes (Wall 0.129163s, CPU 0.117121s)
Info    : Reconstructing mesh...
Info    :  - Creating surface mesh
Info    :  - Identifying boundary edges
Info    :  - Recovering boundary
Info    : Done reconstructing mesh (Wall 0.349608s, CPU 0.319489s)
Info    : Found volume 1
Info    : It. 0 - 0 nodes created - worst tet radius 1.05949 (nodes removed 0 0)
Info    : It. 500 - 500 nodes created - worst tet radius 1.00291 (nodes removed 0 0)
Info    : 3D refinement terminated (13352 nodes total):
Info    :  - 0 Delaunay cavities modified for star shapeness
Info    :  - 0 nodes could not be inserted
Info    :  - 43683 tetrahedra created in 0.0408169 sec. (1070219 tets/s)
Info    : 0 node relocations
Info    : Tetrahedrizing 131 nodes...
Info    : Done tetrahedrizing 139 nodes (Wall 0.000776735s, CPU 0.000779s)
Info    : Reconstructing mesh...
Info    :  - Creating surface mesh
Info    :  - Identifying boundary edges
Info    :  - Recovering boundary
Info    : Done reconstructing mesh (Wall 0.00212285s, CPU 0.002121s)
Info    : Found volume 2
Info    : It. 0 - 0 nodes created - worst tet radius 3.11281 (nodes removed 0 0)
Info    : 3D refinement terminated (12674 nodes total):
Info    :  - 0 Delaunay cavities modified for star shapeness
Info    :  - 0 nodes could not be inserted
Info    :  - 482 tetrahedra created in 0.00680531 sec. (70826 tets/s)
Info    : 0 node relocations
Info    : Done meshing 3D (Wall 0.658673s, CPU 0.627489s)
Info    : Optimizing mesh...
Info    : Optimizing volume 1
Info    : Optimization starts (volume = 235.561) with worst = 0.00348713 / average = 0.685727:
Info    : 0.00 < quality < 0.10 :       216 elements
Info    : 0.10 < quality < 0.20 :       570 elements
Info    : 0.20 < quality < 0.30 :       790 elements
Info    : 0.30 < quality < 0.40 :       851 elements
Info    : 0.40 < quality < 0.50 :      1263 elements
Info    : 0.50 < quality < 0.60 :      4410 elements
Info    : 0.60 < quality < 0.70 :     10802 elements
Info    : 0.70 < quality < 0.80 :     19456 elements
Info    : 0.80 < quality < 0.90 :      2975 elements
Info    : 0.90 < quality < 1.00 :      2350 elements
Info    : 1486 edge swaps, 39 node relocations (volume = 235.561): worst = 0.0597324 / average = 0.70561 (Wall 0.0188703s, CPU 0.018869s)
Info    : 1570 edge swaps, 41 node relocations (volume = 235.561): worst = 0.1329 / average = 0.706544 (Wall 0.024068s, CPU 0.024067s)
Info    : 1573 edge swaps, 41 node relocations (volume = 235.561): worst = 0.133461 / average = 0.706558 (Wall 0.027811s, CPU 0.02781s)
Info    : No ill-shaped tets in the mesh :-)
Info    : 0.00 < quality < 0.10 :         0 elements
Info    : 0.10 < quality < 0.20 :         7 elements
Info    : 0.20 < quality < 0.30 :        13 elements
Info    : 0.30 < quality < 0.40 :       646 elements
Info    : 0.40 < quality < 0.50 :      1112 elements
Info    : 0.50 < quality < 0.60 :      4451 elements
Info    : 0.60 < quality < 0.70 :     11251 elements
Info    : 0.70 < quality < 0.80 :     19229 elements
Info    : 0.80 < quality < 0.90 :      3194 elements
Info    : 0.90 < quality < 1.00 :      2355 elements
Info    : Optimizing volume 2
Info    : Optimization starts (volume = 0.256422) with worst = 0.0624585 / average = 0.75339:
Info    : 0.00 < quality < 0.10 :         1 elements
Info    : 0.10 < quality < 0.20 :         1 elements
Info    : 0.20 < quality < 0.30 :         4 elements
Info    : 0.30 < quality < 0.40 :         8 elements
Info    : 0.40 < quality < 0.50 :         8 elements
Info    : 0.50 < quality < 0.60 :        20 elements
Info    : 0.60 < quality < 0.70 :        77 elements
Info    : 0.70 < quality < 0.80 :       188 elements
Info    : 0.80 < quality < 0.90 :       134 elements
Info    : 0.90 < quality < 1.00 :        41 elements
Info    : 6 edge swaps, 0 node relocations (volume = 0.256422): worst = 0.301484 / average = 0.762273 (Wall 0.000109818s, CPU 0.000112s)
Info    : No ill-shaped tets in the mesh :-)
Info    : 0.00 < quality < 0.10 :         0 elements
Info    : 0.10 < quality < 0.20 :         0 elements
Info    : 0.20 < quality < 0.30 :         0 elements
Info    : 0.30 < quality < 0.40 :         8 elements
Info    : 0.40 < quality < 0.50 :         7 elements
Info    : 0.50 < quality < 0.60 :        17 elements
Info    : 0.60 < quality < 0.70 :        76 elements
Info    : 0.70 < quality < 0.80 :       192 elements
Info    : 0.80 < quality < 0.90 :       135 elements
Info    : 0.90 < quality < 1.00 :        41 elements
Info    : Done optimizing mesh (Wall 0.0609891s, CPU 0.060988s)
Info    : 13751 nodes 69152 elements
Info    : Meshing order 2 (curvilinear on)...
Info    : [  0%] Meshing curve 1 order 2
Info    : [ 10%] Meshing curve 2 order 2
Info    : [ 20%] Meshing curve 3 order 2
Info    : [ 20%] Meshing curve 4 order 2
Info    : [ 30%] Meshing curve 5 order 2
Info    : [ 30%] Meshing curve 6 order 2
Info    : [ 40%] Meshing curve 7 order 2
Info    : [ 40%] Meshing curve 8 order 2
Info    : [ 50%] Meshing curve 9 order 2
Info    : [ 50%] Meshing curve 10 order 2
Info    : [ 60%] Meshing curve 11 order 2
Info    : [ 60%] Meshing curve 12 order 2
Info    : [ 70%] Meshing surface 1 order 2
Info    : [ 70%] Meshing surface 2 order 2
Info    : [ 80%] Meshing surface 3 order 2
Info    : [ 80%] Meshing surface 4 order 2
Info    : [ 90%] Meshing surface 5 order 2
Info    : [ 90%] Meshing surface 6 order 2
Info    : [100%] Meshing volume 1 order 2
Info    : [100%] Meshing volume 2 order 2
Info    : Surface mesh: worst distortion = 0.797589 (0 elements in ]0, 0.2]); worst gamma = 0.683874
Info    : Volume mesh: worst distortion = 0.249013 (0 elements in ]0, 0.2])
Info    : Done meshing order 2 (Wall 8.01639s, CPU 8.01252s)
Info    : Writing '/home/user/mscr-mom/현서/scripts/contact_scenarios/fea/geom_mesh_LM100_phiP60_s25.inp'...
Info    : Done writing '/home/user/mscr-mom/현서/scripts/contact_scenarios/fea/geom_mesh_LM100_phiP60_s25.inp'
[LM100_phiP60 1/9] L_M=100.0, phi=60.0, s=25.0mm, push_depth=0.05mm ...
  [LM100_phiP60] [실패] (445.4s)
[LM100_phiP60 2/9] L_M=100.0, phi=60.0, s=25.0mm, push_depth=0.1mm ...
  [LM100_phiP60] F_mag=0.0137mN  (446.2s)
[LM100_phiP60 3/9] L_M=100.0, phi=60.0, s=25.0mm, push_depth=0.15mm ...
  [LM100_phiP60] F_mag=0.0234mN  (628.0s)
Info    : Meshing 1D...
Info    : [  0%] Meshing curve 1 (BSpline)
Info    : [ 10%] Meshing curve 2 (Ellipse)
Info    : [ 20%] Meshing curve 3 (Ellipse)
Info    : [ 30%] Meshing curve 4 (BSpline)
Info    : [ 40%] Meshing curve 5 (BSpline)
Info    : [ 50%] Meshing curve 6 (BSpline)
Info    : [ 60%] Meshing curve 7 (BSpline)
Info    : [ 60%] Meshing curve 8 (BSpline)
Info    : [ 70%] Meshing curve 9 (BSpline)
Info    : [ 90%] Meshing curve 11 (Circle)
Info    : Done meshing 1D (Wall 0.00980785s, CPU 0.009776s)
Info    : Meshing 2D...
Info    : [  0%] Meshing surface 1 (Plane, Frontal-Delaunay)
Info    : [ 20%] Meshing surface 2 (Plane, Frontal-Delaunay)
Info    : [ 40%] Meshing surface 3 (BSpline surface, Frontal-Delaunay)
Info    : [ 60%] Meshing surface 4 (BSpline surface, Frontal-Delaunay)
Info    : [ 70%] Meshing surface 5 (Plane, Frontal-Delaunay)
Info    : [ 90%] Meshing surface 6 (Sphere, Frontal-Delaunay)
Info    : Done meshing 2D (Wall 0.723852s, CPU 0.7227s)
Info    : Meshing 3D...
Info    : 3D Meshing 2 volumes with 2 connected components
Info    : Tetrahedrizing 12463 nodes...
Info    : Done tetrahedrizing 12471 nodes (Wall 0.125609s, CPU 0.117622s)
Info    : Reconstructing mesh...
Info    :  - Creating surface mesh
Info    :  - Identifying boundary edges
Info    :  - Recovering boundary
Info    : Done reconstructing mesh (Wall 0.31843s, CPU 0.300437s)
Info    : Found volume 1
Info    : It. 0 - 0 nodes created - worst tet radius 1.05949 (nodes removed 0 0)
Info    : It. 500 - 500 nodes created - worst tet radius 1.00291 (nodes removed 0 0)
Info    : 3D refinement terminated (13352 nodes total):
Info    :  - 0 Delaunay cavities modified for star shapeness
Info    :  - 0 nodes could not be inserted
Info    :  - 43683 tetrahedra created in 0.0285702 sec. (1528971 tets/s)
Info    : 0 node relocations
Info    : Tetrahedrizing 131 nodes...
Info    : Done tetrahedrizing 139 nodes (Wall 0.000712935s, CPU 0.000713s)
Info    : Reconstructing mesh...
Info    :  - Creating surface mesh
Info    :  - Identifying boundary edges
Info    :  - Recovering boundary
Info    : Done reconstructing mesh (Wall 0.0017378s, CPU 0.00174s)
Info    : Found volume 2
Info    : It. 0 - 0 nodes created - worst tet radius 3.11281 (nodes removed 0 0)
Info    : 3D refinement terminated (12674 nodes total):
Info    :  - 0 Delaunay cavities modified for star shapeness
Info    :  - 0 nodes could not be inserted
Info    :  - 482 tetrahedra created in 0.00301757 sec. (159731 tets/s)
Info    : 0 node relocations
Info    : Done meshing 3D (Wall 0.575097s, CPU 0.557068s)
Info    : Optimizing mesh...
Info    : Optimizing volume 1
Info    : Optimization starts (volume = 235.561) with worst = 0.00348713 / average = 0.685727:
Info    : 0.00 < quality < 0.10 :       216 elements
Info    : 0.10 < quality < 0.20 :       570 elements
Info    : 0.20 < quality < 0.30 :       790 elements
Info    : 0.30 < quality < 0.40 :       851 elements
Info    : 0.40 < quality < 0.50 :      1263 elements
Info    : 0.50 < quality < 0.60 :      4410 elements
Info    : 0.60 < quality < 0.70 :     10802 elements
Info    : 0.70 < quality < 0.80 :     19456 elements
Info    : 0.80 < quality < 0.90 :      2975 elements
Info    : 0.90 < quality < 1.00 :      2350 elements
Info    : 1486 edge swaps, 39 node relocations (volume = 235.561): worst = 0.0597324 / average = 0.70561 (Wall 0.0150969s, CPU 0.014133s)
Info    : 1570 edge swaps, 41 node relocations (volume = 235.561): worst = 0.1329 / average = 0.706544 (Wall 0.0180959s, CPU 0.017134s)
Info    : 1573 edge swaps, 41 node relocations (volume = 235.561): worst = 0.133461 / average = 0.706558 (Wall 0.0202067s, CPU 0.01924s)
Info    : No ill-shaped tets in the mesh :-)
Info    : 0.00 < quality < 0.10 :         0 elements
Info    : 0.10 < quality < 0.20 :         7 elements
Info    : 0.20 < quality < 0.30 :        13 elements
Info    : 0.30 < quality < 0.40 :       646 elements
Info    : 0.40 < quality < 0.50 :      1112 elements
Info    : 0.50 < quality < 0.60 :      4451 elements
Info    : 0.60 < quality < 0.70 :     11251 elements
Info    : 0.70 < quality < 0.80 :     19229 elements
Info    : 0.80 < quality < 0.90 :      3194 elements
Info    : 0.90 < quality < 1.00 :      2355 elements
Info    : Optimizing volume 2
Info    : Optimization starts (volume = 0.256422) with worst = 0.0624585 / average = 0.75339:
Info    : 0.00 < quality < 0.10 :         1 elements
Info    : 0.10 < quality < 0.20 :         1 elements
Info    : 0.20 < quality < 0.30 :         4 elements
Info    : 0.30 < quality < 0.40 :         8 elements
Info    : 0.40 < quality < 0.50 :         8 elements
Info    : 0.50 < quality < 0.60 :        20 elements
Info    : 0.60 < quality < 0.70 :        77 elements
Info    : 0.70 < quality < 0.80 :       188 elements
Info    : 0.80 < quality < 0.90 :       134 elements
Info    : 0.90 < quality < 1.00 :        41 elements
Info    : 6 edge swaps, 0 node relocations (volume = 0.256422): worst = 0.301484 / average = 0.762273 (Wall 0.000111109s, CPU 0.000112s)
Info    : No ill-shaped tets in the mesh :-)
Info    : 0.00 < quality < 0.10 :         0 elements
Info    : 0.10 < quality < 0.20 :         0 elements
Info    : 0.20 < quality < 0.30 :         0 elements
Info    : 0.30 < quality < 0.40 :         8 elements
Info    : 0.40 < quality < 0.50 :         7 elements
Info    : 0.50 < quality < 0.60 :        17 elements
Info    : 0.60 < quality < 0.70 :        76 elements
Info    : 0.70 < quality < 0.80 :       192 elements
Info    : 0.80 < quality < 0.90 :       135 elements
Info    : 0.90 < quality < 1.00 :        41 elements
Info    : Done optimizing mesh (Wall 0.0448412s, CPU 0.043821s)
Info    : 13751 nodes 69152 elements
Info    : Meshing order 2 (curvilinear on)...
Info    : [  0%] Meshing curve 1 order 2
Info    : [ 10%] Meshing curve 2 order 2
Info    : [ 20%] Meshing curve 3 order 2
Info    : [ 20%] Meshing curve 4 order 2
Info    : [ 30%] Meshing curve 5 order 2
Info    : [ 30%] Meshing curve 6 order 2
Info    : [ 40%] Meshing curve 7 order 2
Info    : [ 40%] Meshing curve 8 order 2
Info    : [ 50%] Meshing curve 9 order 2
Info    : [ 50%] Meshing curve 10 order 2
Info    : [ 60%] Meshing curve 11 order 2
Info    : [ 60%] Meshing curve 12 order 2
Info    : [ 70%] Meshing surface 1 order 2
Info    : [ 70%] Meshing surface 2 order 2
Info    : [ 80%] Meshing surface 3 order 2
Info    : [ 80%] Meshing surface 4 order 2
Info    : [ 90%] Meshing surface 5 order 2
Info    : [ 90%] Meshing surface 6 order 2
Info    : [100%] Meshing volume 1 order 2
Info    : [100%] Meshing volume 2 order 2
Info    : Surface mesh: worst distortion = 0.797589 (0 elements in ]0, 0.2]); worst gamma = 0.683874
Info    : Volume mesh: worst distortion = 0.249013 (0 elements in ]0, 0.2])
Info    : Done meshing order 2 (Wall 8.08983s, CPU 8.08643s)
Info    : Writing '/home/user/mscr-mom/현서/scripts/contact_scenarios/fea/geom_mesh_LM100_phiP60_s50.inp'...
Info    : Done writing '/home/user/mscr-mom/현서/scripts/contact_scenarios/fea/geom_mesh_LM100_phiP60_s50.inp'
[LM100_phiP60 4/9] L_M=100.0, phi=60.0, s=50.0mm, push_depth=0.05mm ...
  [LM100_phiP60] F_mag=0.0006mN  (139.9s)
[LM100_phiP60 5/9] L_M=100.0, phi=60.0, s=50.0mm, push_depth=0.1mm ...
  [LM100_phiP60] F_mag=0.0018mN  (382.6s)
[LM100_phiP60 6/9] L_M=100.0, phi=60.0, s=50.0mm, push_depth=0.15mm ...
  [LM100_phiP60] [실패] (771.1s)
Info    : Meshing 1D...
Info    : [  0%] Meshing curve 1 (BSpline)
Info    : [ 10%] Meshing curve 2 (Ellipse)
Info    : [ 20%] Meshing curve 3 (Ellipse)
Info    : [ 30%] Meshing curve 4 (BSpline)
Info    : [ 40%] Meshing curve 5 (BSpline)
Info    : [ 50%] Meshing curve 6 (BSpline)
Info    : [ 60%] Meshing curve 7 (BSpline)
Info    : [ 60%] Meshing curve 8 (BSpline)
Info    : [ 70%] Meshing curve 9 (BSpline)
Info    : [ 90%] Meshing curve 11 (Circle)
Info    : Done meshing 1D (Wall 0.00981919s, CPU 0.009821s)
Info    : Meshing 2D...
Info    : [  0%] Meshing surface 1 (Plane, Frontal-Delaunay)
Info    : [ 20%] Meshing surface 2 (Plane, Frontal-Delaunay)
Info    : [ 40%] Meshing surface 3 (BSpline surface, Frontal-Delaunay)
Info    : [ 60%] Meshing surface 4 (BSpline surface, Frontal-Delaunay)
Info    : [ 70%] Meshing surface 5 (Plane, Frontal-Delaunay)
Info    : [ 90%] Meshing surface 6 (Sphere, Frontal-Delaunay)
Info    : Done meshing 2D (Wall 0.710813s, CPU 0.710741s)
Info    : Meshing 3D...
Info    : 3D Meshing 2 volumes with 2 connected components
Info    : Tetrahedrizing 12463 nodes...
Info    : Done tetrahedrizing 12471 nodes (Wall 0.124105s, CPU 0.116152s)
Info    : Reconstructing mesh...
Info    :  - Creating surface mesh
Info    :  - Identifying boundary edges
Info    :  - Recovering boundary
Info    : Done reconstructing mesh (Wall 0.322894s, CPU 0.306912s)
Info    : Found volume 1
Info    : It. 0 - 0 nodes created - worst tet radius 1.05949 (nodes removed 0 0)
Info    : It. 500 - 500 nodes created - worst tet radius 1.00291 (nodes removed 0 0)
Info    : 3D refinement terminated (13352 nodes total):
Info    :  - 0 Delaunay cavities modified for star shapeness
Info    :  - 0 nodes could not be inserted
Info    :  - 43683 tetrahedra created in 0.0313516 sec. (1393327 tets/s)
Info    : 0 node relocations
Info    : Tetrahedrizing 131 nodes...
Info    : Done tetrahedrizing 139 nodes (Wall 0.000729241s, CPU 0.000729s)
Info    : Reconstructing mesh...
Info    :  - Creating surface mesh
Info    :  - Identifying boundary edges
Info    :  - Recovering boundary
Info    : Done reconstructing mesh (Wall 0.00172132s, CPU 0.001706s)
Info    : Found volume 2
Info    : It. 0 - 0 nodes created - worst tet radius 3.10188 (nodes removed 0 0)
Info    : 3D refinement terminated (12674 nodes total):
Info    :  - 0 Delaunay cavities modified for star shapeness
Info    :  - 0 nodes could not be inserted
Info    :  - 501 tetrahedra created in 0.00310208 sec. (161504 tets/s)
Info    : 0 node relocations
Info    : Done meshing 3D (Wall 0.584045s, CPU 0.567033s)
Info    : Optimizing mesh...
Info    : Optimizing volume 1
Info    : Optimization starts (volume = 235.561) with worst = 0.00348713 / average = 0.685727:
Info    : 0.00 < quality < 0.10 :       216 elements
Info    : 0.10 < quality < 0.20 :       570 elements
Info    : 0.20 < quality < 0.30 :       790 elements
Info    : 0.30 < quality < 0.40 :       851 elements
Info    : 0.40 < quality < 0.50 :      1263 elements
Info    : 0.50 < quality < 0.60 :      4410 elements
Info    : 0.60 < quality < 0.70 :     10802 elements
Info    : 0.70 < quality < 0.80 :     19456 elements
Info    : 0.80 < quality < 0.90 :      2975 elements
Info    : 0.90 < quality < 1.00 :      2350 elements
Info    : 1486 edge swaps, 39 node relocations (volume = 235.561): worst = 0.0597324 / average = 0.70561 (Wall 0.0161956s, CPU 0.016196s)
Info    : 1570 edge swaps, 41 node relocations (volume = 235.561): worst = 0.1329 / average = 0.706544 (Wall 0.0191652s, CPU 0.019168s)
Info    : 1573 edge swaps, 41 node relocations (volume = 235.561): worst = 0.133461 / average = 0.706558 (Wall 0.0212553s, CPU 0.021258s)
Info    : No ill-shaped tets in the mesh :-)
Info    : 0.00 < quality < 0.10 :         0 elements
Info    : 0.10 < quality < 0.20 :         7 elements
Info    : 0.20 < quality < 0.30 :        13 elements
Info    : 0.30 < quality < 0.40 :       646 elements
Info    : 0.40 < quality < 0.50 :      1112 elements
Info    : 0.50 < quality < 0.60 :      4451 elements
Info    : 0.60 < quality < 0.70 :     11251 elements
Info    : 0.70 < quality < 0.80 :     19229 elements
Info    : 0.80 < quality < 0.90 :      3194 elements
Info    : 0.90 < quality < 1.00 :      2355 elements
Info    : Optimizing volume 2
Info    : Optimization starts (volume = 0.25645) with worst = 0.0401763 / average = 0.72318:
Info    : 0.00 < quality < 0.10 :         2 elements
Info    : 0.10 < quality < 0.20 :         5 elements
Info    : 0.20 < quality < 0.30 :         4 elements
Info    : 0.30 < quality < 0.40 :        19 elements
Info    : 0.40 < quality < 0.50 :        23 elements
Info    : 0.50 < quality < 0.60 :        29 elements
Info    : 0.60 < quality < 0.70 :        68 elements
Info    : 0.70 < quality < 0.80 :       188 elements
Info    : 0.80 < quality < 0.90 :       122 elements
Info    : 0.90 < quality < 1.00 :        41 elements
Info    : 11 edge swaps, 0 node relocations (volume = 0.25645): worst = 0.306492 / average = 0.738542 (Wall 0.000108215s, CPU 0.000109s)
Info    : No ill-shaped tets in the mesh :-)
Info    : 0.00 < quality < 0.10 :         0 elements
Info    : 0.10 < quality < 0.20 :         0 elements
Info    : 0.20 < quality < 0.30 :         0 elements
Info    : 0.30 < quality < 0.40 :        19 elements
Info    : 0.40 < quality < 0.50 :        20 elements
Info    : 0.50 < quality < 0.60 :        27 elements
Info    : 0.60 < quality < 0.70 :        69 elements
Info    : 0.70 < quality < 0.80 :       189 elements
Info    : 0.80 < quality < 0.90 :       125 elements
Info    : 0.90 < quality < 1.00 :        41 elements
Info    : Done optimizing mesh (Wall 0.0460843s, CPU 0.046085s)
Info    : 13751 nodes 69166 elements
Info    : Meshing order 2 (curvilinear on)...
Info    : [  0%] Meshing curve 1 order 2
Info    : [ 10%] Meshing curve 2 order 2
Info    : [ 20%] Meshing curve 3 order 2
Info    : [ 20%] Meshing curve 4 order 2
Info    : [ 30%] Meshing curve 5 order 2
Info    : [ 30%] Meshing curve 6 order 2
Info    : [ 40%] Meshing curve 7 order 2
Info    : [ 40%] Meshing curve 8 order 2
Info    : [ 50%] Meshing curve 9 order 2
Info    : [ 50%] Meshing curve 10 order 2
Info    : [ 60%] Meshing curve 11 order 2
Info    : [ 60%] Meshing curve 12 order 2
Info    : [ 70%] Meshing surface 1 order 2
Info    : [ 70%] Meshing surface 2 order 2
Info    : [ 80%] Meshing surface 3 order 2
Info    : [ 80%] Meshing surface 4 order 2
Info    : [ 90%] Meshing surface 5 order 2
Info    : [ 90%] Meshing surface 6 order 2
Info    : [100%] Meshing volume 1 order 2
Info    : [100%] Meshing volume 2 order 2
Info    : Surface mesh: worst distortion = 0.797589 (0 elements in ]0, 0.2]); worst gamma = 0.683874
Info    : Volume mesh: worst distortion = 0.249013 (0 elements in ]0, 0.2])
Info    : Done meshing order 2 (Wall 7.98096s, CPU 7.97923s)
Info    : Writing '/home/user/mscr-mom/현서/scripts/contact_scenarios/fea/geom_mesh_LM100_phiP60_s75.inp'...
Info    : Done writing '/home/user/mscr-mom/현서/scripts/contact_scenarios/fea/geom_mesh_LM100_phiP60_s75.inp'
[LM100_phiP60 7/9] L_M=100.0, phi=60.0, s=75.0mm, push_depth=0.05mm ...
  [LM100_phiP60] F_mag=0.0000mN  (277.2s)
[LM100_phiP60 8/9] L_M=100.0, phi=60.0, s=75.0mm, push_depth=0.1mm ...
  [LM100_phiP60] [실패] (727.0s)
[LM100_phiP60 9/9] L_M=100.0, phi=60.0, s=75.0mm, push_depth=0.15mm ...
  [LM100_phiP60] [실패] (696.5s)
[LM100_phiP60] 완료: 5/9 성공
