[LM10_phi00 1/3] L_M=10.0, phi=0.0, s=20.0mm, push_depth=0.1mm ...
Info    : Meshing 1D...
Info    : [  0%] Meshing curve 1 (BSpline)
Info    : [ 10%] Meshing curve 2 (Ellipse)
Info    : [ 20%] Meshing curve 3 (Ellipse)
Info    : [ 30%] Meshing curve 4 (BSpline)
Info    : [ 40%] Meshing curve 5 (BSpline)
Info    : [ 50%] Meshing curve 6 (BSpline)
Info    : [ 60%] Meshing curve 7 (BSpline)
Info    : [ 60%] Meshing curve 8 (BSpline)
Info    : [ 70%] Meshing curve 9 (BSpline)
Info    : [ 90%] Meshing curve 11 (Circle)
Info    : Done meshing 1D (Wall 0.0101912s, CPU 0.010151s)
Info    : Meshing 2D...
Info    : [  0%] Meshing surface 1 (Plane, Frontal-Delaunay)
Info    : [ 20%] Meshing surface 2 (Plane, Frontal-Delaunay)
Info    : [ 40%] Meshing surface 3 (BSpline surface, Frontal-Delaunay)
Info    : [ 60%] Meshing surface 4 (BSpline surface, Frontal-Delaunay)
Info    : [ 70%] Meshing surface 5 (Plane, Frontal-Delaunay)
Info    : [ 90%] Meshing surface 6 (Sphere, Frontal-Delaunay)
Info    : Done meshing 2D (Wall 0.500332s, CPU 0.493171s)
Info    : Meshing 3D...
Info    : 3D Meshing 2 volumes with 2 connected components
Info    : Tetrahedrizing 12307 nodes...
Info    : Done tetrahedrizing 12315 nodes (Wall 0.161326s, CPU 0.151539s)
Info    : Reconstructing mesh...
Info    :  - Creating surface mesh
Info    :  - Identifying boundary edges
Info    :  - Recovering boundary
Info    : Done reconstructing mesh (Wall 0.385201s, CPU 0.356349s)
Info    : Found volume 1
Info    : It. 0 - 0 nodes created - worst tet radius 1.03602 (nodes removed 0 0)
Info    : It. 500 - 500 nodes created - worst tet radius 1.00854 (nodes removed 0 0)
Info    : It. 1000 - 1000 nodes created - worst tet radius 1.00025 (nodes removed 0 0)
Info    : 3D refinement terminated (13535 nodes total):
Info    :  - 0 Delaunay cavities modified for star shapeness
Info    :  - 0 nodes could not be inserted
Info    :  - 45549 tetrahedra created in 0.0641508 sec. (710030 tets/s)
Info    : 0 node relocations
Info    : Tetrahedrizing 132 nodes...
Info    : Done tetrahedrizing 140 nodes (Wall 0.000747335s, CPU 0.000748s)
Info    : Reconstructing mesh...
Info    :  - Creating surface mesh
Info    :  - Identifying boundary edges
Info    :  - Recovering boundary
Info    : Done reconstructing mesh (Wall 0.00250818s, CPU 0.002511s)
Info    : Found volume 2
Info    : It. 0 - 0 nodes created - worst tet radius 3.17744 (nodes removed 0 0)
Info    : 3D refinement terminated (12521 nodes total):
Info    :  - 0 Delaunay cavities modified for star shapeness
Info    :  - 0 nodes could not be inserted
Info    :  - 512 tetrahedra created in 0.00705097 sec. (72614 tets/s)
Info    : 0 node relocations
Info    : Done meshing 3D (Wall 0.732482s, CPU 0.702718s)
Info    : Optimizing mesh...
Info    : Optimizing volume 1
Info    : Optimization starts (volume = 235.506) with worst = 0.00041975 / average = 0.689606:
Info    : 0.00 < quality < 0.10 :       325 elements
Info    : 0.10 < quality < 0.20 :       137 elements
Info    : 0.20 < quality < 0.30 :      1121 elements
Info    : 0.30 < quality < 0.40 :      1058 elements
Info    : 0.40 < quality < 0.50 :      1905 elements
Info    : 0.50 < quality < 0.60 :      3154 elements
Info    : 0.60 < quality < 0.70 :     13105 elements
Info    : 0.70 < quality < 0.80 :     17199 elements
Info    : 0.80 < quality < 0.90 :      3940 elements
Info    : 0.90 < quality < 1.00 :      3605 elements
Info    : 1539 edge swaps, 17 node relocations (volume = 235.506): worst = 0.110895 / average = 0.709282 (Wall 0.0219364s, CPU 0.021936s)
Info    : 1581 edge swaps, 17 node relocations (volume = 235.506): worst = 0.268894 / average = 0.709805 (Wall 0.0265943s, CPU 0.026595s)
Info    : 1583 edge swaps, 17 node relocations (volume = 235.506): worst = 0.268894 / average = 0.709833 (Wall 0.0301611s, CPU 0.030162s)
Info    : No ill-shaped tets in the mesh :-)
Info    : 0.00 < quality < 0.10 :         0 elements
Info    : 0.10 < quality < 0.20 :         0 elements
Info    : 0.20 < quality < 0.30 :         2 elements
Info    : 0.30 < quality < 0.40 :       884 elements
Info    : 0.40 < quality < 0.50 :      1441 elements
Info    : 0.50 < quality < 0.60 :      3649 elements
Info    : 0.60 < quality < 0.70 :     13406 elements
Info    : 0.70 < quality < 0.80 :     16491 elements
Info    : 0.80 < quality < 0.90 :      4558 elements
Info    : 0.90 < quality < 1.00 :      3598 elements
Info    : Optimizing volume 2
Info    : Optimization starts (volume = 0.256468) with worst = 0.119858 / average = 0.736314:
Info    : 0.00 < quality < 0.10 :         0 elements
Info    : 0.10 < quality < 0.20 :         5 elements
Info    : 0.20 < quality < 0.30 :         6 elements
Info    : 0.30 < quality < 0.40 :        18 elements
Info    : 0.40 < quality < 0.50 :        20 elements
Info    : 0.50 < quality < 0.60 :        23 elements
Info    : 0.60 < quality < 0.70 :        68 elements
Info    : 0.70 < quality < 0.80 :       194 elements
Info    : 0.80 < quality < 0.90 :       126 elements
Info    : 0.90 < quality < 1.00 :        52 elements
Info    : 11 edge swaps, 0 node relocations (volume = 0.256468): worst = 0.300101 / average = 0.751174 (Wall 0.00014528s, CPU 0.000147s)
Info    : No ill-shaped tets in the mesh :-)
Info    : 0.00 < quality < 0.10 :         0 elements
Info    : 0.10 < quality < 0.20 :         0 elements
Info    : 0.20 < quality < 0.30 :         0 elements
Info    : 0.30 < quality < 0.40 :        16 elements
Info    : 0.40 < quality < 0.50 :        18 elements
Info    : 0.50 < quality < 0.60 :        24 elements
Info    : 0.60 < quality < 0.70 :        65 elements
Info    : 0.70 < quality < 0.80 :       197 elements
Info    : 0.80 < quality < 0.90 :       129 elements
Info    : 0.90 < quality < 1.00 :        52 elements
Info    : Done optimizing mesh (Wall 0.0702321s, CPU 0.07023s)
Info    : 13936 nodes 70635 elements
Info    : Meshing order 2 (curvilinear on)...
Info    : [  0%] Meshing curve 1 order 2
Info    : [ 10%] Meshing curve 2 order 2
Info    : [ 20%] Meshing curve 3 order 2
Info    : [ 20%] Meshing curve 4 order 2
Info    : [ 30%] Meshing curve 5 order 2
Info    : [ 30%] Meshing curve 6 order 2
Info    : [ 40%] Meshing curve 7 order 2
Info    : [ 40%] Meshing curve 8 order 2
Info    : [ 50%] Meshing curve 9 order 2
Info    : [ 50%] Meshing curve 10 order 2
Info    : [ 60%] Meshing curve 11 order 2
Info    : [ 60%] Meshing curve 12 order 2
Info    : [ 70%] Meshing surface 1 order 2
Info    : [ 70%] Meshing surface 2 order 2
Info    : [ 80%] Meshing surface 3 order 2
Info    : [ 80%] Meshing surface 4 order 2
Info    : [ 90%] Meshing surface 5 order 2
Info    : [ 90%] Meshing surface 6 order 2
Info    : [100%] Meshing volume 1 order 2
Info    : [100%] Meshing volume 2 order 2
Info    : Surface mesh: worst distortion = 0.797589 (0 elements in ]0, 0.2]); worst gamma = 0.499267
Info    : Volume mesh: worst distortion = 0.208562 (0 elements in ]0, 0.2])
Info    : Done meshing order 2 (Wall 2.34314s, CPU 2.34299s)
Info    : Writing '/home/user/mscr-mom/현서/scripts/contact_scenarios/fea/lm10gap_mesh_LM10_phi00_s20.inp'...
Info    : Done writing '/home/user/mscr-mom/현서/scripts/contact_scenarios/fea/lm10gap_mesh_LM10_phi00_s20.inp'
  [LM10_phi00] F_mag=0.0299mN  (346.0s)
[LM10_phi00 2/3] L_M=10.0, phi=0.0, s=50.0mm, push_depth=0.1mm ...
Info    : Meshing 1D...
Info    : [  0%] Meshing curve 1 (BSpline)
Info    : [ 10%] Meshing curve 2 (Ellipse)
Info    : [ 20%] Meshing curve 3 (Ellipse)
Info    : [ 30%] Meshing curve 4 (BSpline)
Info    : [ 40%] Meshing curve 5 (BSpline)
Info    : [ 50%] Meshing curve 6 (BSpline)
Info    : [ 60%] Meshing curve 7 (BSpline)
Info    : [ 60%] Meshing curve 8 (BSpline)
Info    : [ 70%] Meshing curve 9 (BSpline)
Info    : [ 90%] Meshing curve 11 (Circle)
Info    : Done meshing 1D (Wall 0.00608189s, CPU 0.006077s)
Info    : Meshing 2D...
Info    : [  0%] Meshing surface 1 (Plane, Frontal-Delaunay)
Info    : [ 20%] Meshing surface 2 (Plane, Frontal-Delaunay)
Info    : [ 40%] Meshing surface 3 (BSpline surface, Frontal-Delaunay)
Info    : [ 60%] Meshing surface 4 (BSpline surface, Frontal-Delaunay)
Info    : [ 70%] Meshing surface 5 (Plane, Frontal-Delaunay)
Info    : [ 90%] Meshing surface 6 (Sphere, Frontal-Delaunay)
Info    : Done meshing 2D (Wall 0.487425s, CPU 0.487354s)
Info    : Meshing 3D...
Info    : 3D Meshing 2 volumes with 2 connected components
Info    : Tetrahedrizing 12307 nodes...
Info    : Done tetrahedrizing 12315 nodes (Wall 0.162129s, CPU 0.160209s)
Info    : Reconstructing mesh...
Info    :  - Creating surface mesh
Info    :  - Identifying boundary edges
Info    :  - Recovering boundary
Info    : Done reconstructing mesh (Wall 0.388422s, CPU 0.379487s)
Info    : Found volume 1
Info    : It. 0 - 0 nodes created - worst tet radius 1.03602 (nodes removed 0 0)
Info    : It. 500 - 500 nodes created - worst tet radius 1.00854 (nodes removed 0 0)
Info    : It. 1000 - 1000 nodes created - worst tet radius 1.00025 (nodes removed 0 0)
Info    : 3D refinement terminated (13535 nodes total):
Info    :  - 0 Delaunay cavities modified for star shapeness
Info    :  - 0 nodes could not be inserted
Info    :  - 45549 tetrahedra created in 0.0642962 sec. (708424 tets/s)
Info    : 0 node relocations
Info    : Tetrahedrizing 132 nodes...
Info    : Done tetrahedrizing 140 nodes (Wall 0.000803113s, CPU 0s)
Info    : Reconstructing mesh...
Info    :  - Creating surface mesh
Info    :  - Identifying boundary edges
Info    :  - Recovering boundary
Info    : Done reconstructing mesh (Wall 0.00337859s, CPU 0.00242s)
Info    : Found volume 2
Info    : It. 0 - 0 nodes created - worst tet radius 3.17744 (nodes removed 0 0)
Info    : 3D refinement terminated (12521 nodes total):
Info    :  - 0 Delaunay cavities modified for star shapeness
Info    :  - 0 nodes could not be inserted
Info    :  - 512 tetrahedra created in 0.010487 sec. (48822 tets/s)
Info    : 0 node relocations
Info    : Done meshing 3D (Wall 0.774157s, CPU 0.764201s)
Info    : Optimizing mesh...
Info    : Optimizing volume 1
Info    : Optimization starts (volume = 235.506) with worst = 0.00041975 / average = 0.689606:
Info    : 0.00 < quality < 0.10 :       325 elements
Info    : 0.10 < quality < 0.20 :       137 elements
Info    : 0.20 < quality < 0.30 :      1121 elements
Info    : 0.30 < quality < 0.40 :      1058 elements
Info    : 0.40 < quality < 0.50 :      1905 elements
Info    : 0.50 < quality < 0.60 :      3154 elements
Info    : 0.60 < quality < 0.70 :     13105 elements
Info    : 0.70 < quality < 0.80 :     17199 elements
Info    : 0.80 < quality < 0.90 :      3940 elements
Info    : 0.90 < quality < 1.00 :      3605 elements
Info    : 1539 edge swaps, 17 node relocations (volume = 235.506): worst = 0.110895 / average = 0.709282 (Wall 0.025373s, CPU 0.025372s)
Info    : 1581 edge swaps, 17 node relocations (volume = 235.506): worst = 0.268894 / average = 0.709805 (Wall 0.0324904s, CPU 0.032489s)
Info    : 1583 edge swaps, 17 node relocations (volume = 235.506): worst = 0.268894 / average = 0.709833 (Wall 0.0372184s, CPU 0.037206s)
Info    : No ill-shaped tets in the mesh :-)
Info    : 0.00 < quality < 0.10 :         0 elements
Info    : 0.10 < quality < 0.20 :         0 elements
Info    : 0.20 < quality < 0.30 :         2 elements
Info    : 0.30 < quality < 0.40 :       884 elements
Info    : 0.40 < quality < 0.50 :      1441 elements
Info    : 0.50 < quality < 0.60 :      3649 elements
Info    : 0.60 < quality < 0.70 :     13406 elements
Info    : 0.70 < quality < 0.80 :     16491 elements
Info    : 0.80 < quality < 0.90 :      4558 elements
Info    : 0.90 < quality < 1.00 :      3598 elements
Info    : Optimizing volume 2
Info    : Optimization starts (volume = 0.256468) with worst = 0.119858 / average = 0.736314:
Info    : 0.00 < quality < 0.10 :         0 elements
Info    : 0.10 < quality < 0.20 :         5 elements
Info    : 0.20 < quality < 0.30 :         6 elements
Info    : 0.30 < quality < 0.40 :        18 elements
Info    : 0.40 < quality < 0.50 :        20 elements
Info    : 0.50 < quality < 0.60 :        23 elements
Info    : 0.60 < quality < 0.70 :        68 elements
Info    : 0.70 < quality < 0.80 :       194 elements
Info    : 0.80 < quality < 0.90 :       126 elements
Info    : 0.90 < quality < 1.00 :        52 elements
Info    : 11 edge swaps, 0 node relocations (volume = 0.256468): worst = 0.300101 / average = 0.751174 (Wall 0.00251023s, CPU 0.000242s)
Info    : No ill-shaped tets in the mesh :-)
Info    : 0.00 < quality < 0.10 :         0 elements
Info    : 0.10 < quality < 0.20 :         0 elements
Info    : 0.20 < quality < 0.30 :         0 elements
Info    : 0.30 < quality < 0.40 :        16 elements
Info    : 0.40 < quality < 0.50 :        18 elements
Info    : 0.50 < quality < 0.60 :        24 elements
Info    : 0.60 < quality < 0.70 :        65 elements
Info    : 0.70 < quality < 0.80 :       197 elements
Info    : 0.80 < quality < 0.90 :       129 elements
Info    : 0.90 < quality < 1.00 :        52 elements
Info    : Done optimizing mesh (Wall 0.087332s, CPU 0.083632s)
Info    : 13936 nodes 70635 elements
Info    : Meshing order 2 (curvilinear on)...
Info    : [  0%] Meshing curve 1 order 2
Info    : [ 10%] Meshing curve 2 order 2
Info    : [ 20%] Meshing curve 3 order 2
Info    : [ 20%] Meshing curve 4 order 2
Info    : [ 30%] Meshing curve 5 order 2
Info    : [ 30%] Meshing curve 6 order 2
Info    : [ 40%] Meshing curve 7 order 2
Info    : [ 40%] Meshing curve 8 order 2
Info    : [ 50%] Meshing curve 9 order 2
Info    : [ 50%] Meshing curve 10 order 2
Info    : [ 60%] Meshing curve 11 order 2
Info    : [ 60%] Meshing curve 12 order 2
Info    : [ 70%] Meshing surface 1 order 2
Info    : [ 70%] Meshing surface 2 order 2
Info    : [ 80%] Meshing surface 3 order 2
Info    : [ 80%] Meshing surface 4 order 2
Info    : [ 90%] Meshing surface 5 order 2
Info    : [ 90%] Meshing surface 6 order 2
Info    : [100%] Meshing volume 1 order 2
Info    : [100%] Meshing volume 2 order 2
Info    : Surface mesh: worst distortion = 0.797589 (0 elements in ]0, 0.2]); worst gamma = 0.499267
Info    : Volume mesh: worst distortion = 0.208562 (0 elements in ]0, 0.2])
Info    : Done meshing order 2 (Wall 2.61617s, CPU 2.60535s)
Info    : Writing '/home/user/mscr-mom/현서/scripts/contact_scenarios/fea/lm10gap_mesh_LM10_phi00_s50.inp'...
Info    : Done writing '/home/user/mscr-mom/현서/scripts/contact_scenarios/fea/lm10gap_mesh_LM10_phi00_s50.inp'
  [LM10_phi00] F_mag=0.0020mN  (235.5s)
[LM10_phi00 3/3] L_M=10.0, phi=0.0, s=80.0mm, push_depth=0.1mm ...
Info    : Meshing 1D...
Info    : [  0%] Meshing curve 1 (BSpline)
Info    : [ 10%] Meshing curve 2 (Ellipse)
Info    : [ 20%] Meshing curve 3 (Ellipse)
Info    : [ 30%] Meshing curve 4 (BSpline)
Info    : [ 40%] Meshing curve 5 (BSpline)
Info    : [ 50%] Meshing curve 6 (BSpline)
Info    : [ 60%] Meshing curve 7 (BSpline)
Info    : [ 60%] Meshing curve 8 (BSpline)
Info    : [ 70%] Meshing curve 9 (BSpline)
Info    : [ 90%] Meshing curve 11 (Circle)
Info    : Done meshing 1D (Wall 0.00614246s, CPU 0.005188s)
Info    : Meshing 2D...
Info    : [  0%] Meshing surface 1 (Plane, Frontal-Delaunay)
Info    : [ 20%] Meshing surface 2 (Plane, Frontal-Delaunay)
Info    : [ 40%] Meshing surface 3 (BSpline surface, Frontal-Delaunay)
Info    : [ 60%] Meshing surface 4 (BSpline surface, Frontal-Delaunay)
Info    : [ 70%] Meshing surface 5 (Plane, Frontal-Delaunay)
Info    : [ 90%] Meshing surface 6 (Sphere, Frontal-Delaunay)
Info    : Done meshing 2D (Wall 0.488643s, CPU 0.487323s)
Info    : Meshing 3D...
Info    : 3D Meshing 2 volumes with 2 connected components
Info    : Tetrahedrizing 12307 nodes...
Info    : Done tetrahedrizing 12315 nodes (Wall 0.16185s, CPU 0.159819s)
Info    : Reconstructing mesh...
Info    :  - Creating surface mesh
Info    :  - Identifying boundary edges
Info    :  - Recovering boundary
Info    : Done reconstructing mesh (Wall 0.391674s, CPU 0.380631s)
Info    : Found volume 1
Info    : It. 0 - 0 nodes created - worst tet radius 1.03602 (nodes removed 0 0)
Info    : It. 500 - 500 nodes created - worst tet radius 1.00854 (nodes removed 0 0)
Info    : It. 1000 - 1000 nodes created - worst tet radius 1.00025 (nodes removed 0 0)
Info    : 3D refinement terminated (13535 nodes total):
Info    :  - 0 Delaunay cavities modified for star shapeness
Info    :  - 0 nodes could not be inserted
Info    :  - 45549 tetrahedra created in 0.051256 sec. (888657 tets/s)
Info    : 0 node relocations
Info    : Tetrahedrizing 132 nodes...
Info    : Done tetrahedrizing 140 nodes (Wall 0.000714798s, CPU 0.000715s)
Info    : Reconstructing mesh...
Info    :  - Creating surface mesh
Info    :  - Identifying boundary edges
Info    :  - Recovering boundary
Info    : Done reconstructing mesh (Wall 0.00197635s, CPU 0.001978s)
Info    : Found volume 2
Info    : It. 0 - 0 nodes created - worst tet radius 3.17744 (nodes removed 0 0)
Info    : 3D refinement terminated (12521 nodes total):
Info    :  - 0 Delaunay cavities modified for star shapeness
Info    :  - 0 nodes could not be inserted
Info    :  - 512 tetrahedra created in 0.00505032 sec. (101379 tets/s)
Info    : 0 node relocations
Info    : Done meshing 3D (Wall 0.70492s, CPU 0.693837s)
Info    : Optimizing mesh...
Info    : Optimizing volume 1
Info    : Optimization starts (volume = 235.506) with worst = 0.00041975 / average = 0.689606:
Info    : 0.00 < quality < 0.10 :       325 elements
Info    : 0.10 < quality < 0.20 :       137 elements
Info    : 0.20 < quality < 0.30 :      1121 elements
Info    : 0.30 < quality < 0.40 :      1058 elements
Info    : 0.40 < quality < 0.50 :      1905 elements
Info    : 0.50 < quality < 0.60 :      3154 elements
Info    : 0.60 < quality < 0.70 :     13105 elements
Info    : 0.70 < quality < 0.80 :     17199 elements
Info    : 0.80 < quality < 0.90 :      3940 elements
Info    : 0.90 < quality < 1.00 :      3605 elements
Info    : 1539 edge swaps, 17 node relocations (volume = 235.506): worst = 0.110895 / average = 0.709282 (Wall 0.0171608s, CPU 0.017162s)
Info    : 1581 edge swaps, 17 node relocations (volume = 235.506): worst = 0.268894 / average = 0.709805 (Wall 0.0200743s, CPU 0.020077s)
Info    : 1583 edge swaps, 17 node relocations (volume = 235.506): worst = 0.268894 / average = 0.709833 (Wall 0.0223586s, CPU 0.022362s)
Info    : No ill-shaped tets in the mesh :-)
Info    : 0.00 < quality < 0.10 :         0 elements
Info    : 0.10 < quality < 0.20 :         0 elements
Info    : 0.20 < quality < 0.30 :         2 elements
Info    : 0.30 < quality < 0.40 :       884 elements
Info    : 0.40 < quality < 0.50 :      1441 elements
Info    : 0.50 < quality < 0.60 :      3649 elements
Info    : 0.60 < quality < 0.70 :     13406 elements
Info    : 0.70 < quality < 0.80 :     16491 elements
Info    : 0.80 < quality < 0.90 :      4558 elements
Info    : 0.90 < quality < 1.00 :      3598 elements
Info    : Optimizing volume 2
Info    : Optimization starts (volume = 0.256468) with worst = 0.119858 / average = 0.736314:
Info    : 0.00 < quality < 0.10 :         0 elements
Info    : 0.10 < quality < 0.20 :         5 elements
Info    : 0.20 < quality < 0.30 :         6 elements
Info    : 0.30 < quality < 0.40 :        18 elements
Info    : 0.40 < quality < 0.50 :        20 elements
Info    : 0.50 < quality < 0.60 :        23 elements
Info    : 0.60 < quality < 0.70 :        68 elements
Info    : 0.70 < quality < 0.80 :       194 elements
Info    : 0.80 < quality < 0.90 :       126 elements
Info    : 0.90 < quality < 1.00 :        52 elements
Info    : 11 edge swaps, 0 node relocations (volume = 0.256468): worst = 0.300101 / average = 0.751174 (Wall 0.000135516s, CPU 0.000132s)
Info    : No ill-shaped tets in the mesh :-)
Info    : 0.00 < quality < 0.10 :         0 elements
Info    : 0.10 < quality < 0.20 :         0 elements
Info    : 0.20 < quality < 0.30 :         0 elements
Info    : 0.30 < quality < 0.40 :        16 elements
Info    : 0.40 < quality < 0.50 :        18 elements
Info    : 0.50 < quality < 0.60 :        24 elements
Info    : 0.60 < quality < 0.70 :        65 elements
Info    : 0.70 < quality < 0.80 :       197 elements
Info    : 0.80 < quality < 0.90 :       129 elements
Info    : 0.90 < quality < 1.00 :        52 elements
Info    : Done optimizing mesh (Wall 0.0537988s, CPU 0.053794s)
Info    : 13936 nodes 70635 elements
Info    : Meshing order 2 (curvilinear on)...
Info    : [  0%] Meshing curve 1 order 2
Info    : [ 10%] Meshing curve 2 order 2
Info    : [ 20%] Meshing curve 3 order 2
Info    : [ 20%] Meshing curve 4 order 2
Info    : [ 30%] Meshing curve 5 order 2
Info    : [ 30%] Meshing curve 6 order 2
Info    : [ 40%] Meshing curve 7 order 2
Info    : [ 40%] Meshing curve 8 order 2
Info    : [ 50%] Meshing curve 9 order 2
Info    : [ 50%] Meshing curve 10 order 2
Info    : [ 60%] Meshing curve 11 order 2
Info    : [ 60%] Meshing curve 12 order 2
Info    : [ 70%] Meshing surface 1 order 2
Info    : [ 70%] Meshing surface 2 order 2
Info    : [ 80%] Meshing surface 3 order 2
Info    : [ 80%] Meshing surface 4 order 2
Info    : [ 90%] Meshing surface 5 order 2
Info    : [ 90%] Meshing surface 6 order 2
Info    : [100%] Meshing volume 1 order 2
Info    : [100%] Meshing volume 2 order 2
Info    : Surface mesh: worst distortion = 0.797589 (0 elements in ]0, 0.2]); worst gamma = 0.499267
Info    : Volume mesh: worst distortion = 0.208562 (0 elements in ]0, 0.2])
Info    : Done meshing order 2 (Wall 2.36841s, CPU 2.36816s)
Info    : Writing '/home/user/mscr-mom/현서/scripts/contact_scenarios/fea/lm10gap_mesh_LM10_phi00_s80.inp'...
Info    : Done writing '/home/user/mscr-mom/현서/scripts/contact_scenarios/fea/lm10gap_mesh_LM10_phi00_s80.inp'
  [LM10_phi00] F_mag=0.0005mN  (172.7s)
[LM10_phi00] 완료: 3/3 성공
