[LM25_phiN30_b0 1/10] L_M=25.0, phi=-30.0, beta=0.0, s=10.0mm, push_depth=0.1mm (wire) ...
Info    : Meshing 1D...
Info    : [  0%] Meshing curve 1 (BSpline)
Info    : [ 10%] Meshing curve 2 (Ellipse)
Info    : [ 20%] Meshing curve 3 (Ellipse)
Info    : [ 30%] Meshing curve 4 (BSpline)
Info    : [ 40%] Meshing curve 5 (BSpline)
Info    : [ 40%] Meshing curve 6 (BSpline)
Info    : [ 50%] Meshing curve 7 (BSpline)
Info    : [ 60%] Meshing curve 8 (BSpline)
Info    : [ 70%] Meshing curve 9 (BSpline)
Info    : [ 70%] Meshing curve 10 (BSpline)
Info    : [ 90%] Meshing curve 12 (Circle)
Info    : Done meshing 1D (Wall 0.0223246s, CPU 0.022294s)
Info    : Meshing 2D...
Info    : [  0%] Meshing surface 1 (Plane, Frontal-Delaunay)
Info    : [ 20%] Meshing surface 2 (Plane, Frontal-Delaunay)
Info    : [ 40%] Meshing surface 3 (BSpline surface, Frontal-Delaunay)
Info    : [ 60%] Meshing surface 4 (BSpline surface, Frontal-Delaunay)
Info    : [ 70%] Meshing surface 5 (Plane, Frontal-Delaunay)
Info    : [ 90%] Meshing surface 6 (Sphere, Frontal-Delaunay)
Info    : Done meshing 2D (Wall 0.691955s, CPU 0.688788s)
Info    : Meshing 3D...
Info    : 3D Meshing 2 volumes with 2 connected components
Info    : Tetrahedrizing 12451 nodes...
Info    : Done tetrahedrizing 12459 nodes (Wall 0.14171s, CPU 0.135703s)
Info    : Reconstructing mesh...
Info    :  - Creating surface mesh
Info    :  - Identifying boundary edges
Info    :  - Recovering boundary
Info    : Done reconstructing mesh (Wall 0.372559s, CPU 0.344564s)
Info    : Found volume 1
Info    : It. 0 - 0 nodes created - worst tet radius 1.04607 (nodes removed 0 0)
Info    : 3D refinement terminated (13090 nodes total):
Info    :  - 0 Delaunay cavities modified for star shapeness
Info    :  - 0 nodes could not be inserted
Info    :  - 41890 tetrahedra created in 0.0240332 sec. (1743006 tets/s)
Info    : 0 node relocations
Info    : Tetrahedrizing 134 nodes...
Info    : Done tetrahedrizing 142 nodes (Wall 0.000690039s, CPU 0.00069s)
Info    : Reconstructing mesh...
Info    :  - Creating surface mesh
Info    :  - Identifying boundary edges
Info    :  - Recovering boundary
Info    : Done reconstructing mesh (Wall 0.00161755s, CPU 0.001621s)
Info    : Found volume 2
Info    : It. 0 - 0 nodes created - worst tet radius 3.18538 (nodes removed 0 0)
Info    : 3D refinement terminated (12670 nodes total):
Info    :  - 0 Delaunay cavities modified for star shapeness
Info    :  - 0 nodes could not be inserted
Info    :  - 528 tetrahedra created in 0.0033101 sec. (159511 tets/s)
Info    : 0 node relocations
Info    : Done meshing 3D (Wall 0.674486s, CPU 0.645417s)
Info    : Optimizing mesh...
Info    : Optimizing volume 1
Info    : Optimization starts (volume = 235.616) with worst = 0.00448226 / average = 0.678628:
Info    : 0.00 < quality < 0.10 :       131 elements
Info    : 0.10 < quality < 0.20 :       429 elements
Info    : 0.20 < quality < 0.30 :       802 elements
Info    : 0.30 < quality < 0.40 :      1230 elements
Info    : 0.40 < quality < 0.50 :      1832 elements
Info    : 0.50 < quality < 0.60 :      3505 elements
Info    : 0.60 < quality < 0.70 :      9418 elements
Info    : 0.70 < quality < 0.80 :     21259 elements
Info    : 0.80 < quality < 0.90 :      1867 elements
Info    : 0.90 < quality < 1.00 :      1417 elements
Info    : 1293 edge swaps, 15 node relocations (volume = 235.616): worst = 0.0879311 / average = 0.696056 (Wall 0.016203s, CPU 0.016191s)
Info    : 1352 edge swaps, 17 node relocations (volume = 235.616): worst = 0.123015 / average = 0.696718 (Wall 0.0204313s, CPU 0.02041s)
Info    : 1358 edge swaps, 17 node relocations (volume = 235.616): worst = 0.162173 / average = 0.696757 (Wall 0.0235366s, CPU 0.023511s)
Info    : 1359 edge swaps, 17 node relocations (volume = 235.616): worst = 0.162173 / average = 0.696757 (Wall 0.0262816s, CPU 0.026257s)
Info    : No ill-shaped tets in the mesh :-)
Info    : 0.00 < quality < 0.10 :         0 elements
Info    : 0.10 < quality < 0.20 :         3 elements
Info    : 0.20 < quality < 0.30 :        23 elements
Info    : 0.30 < quality < 0.40 :      1130 elements
Info    : 0.40 < quality < 0.50 :      1493 elements
Info    : 0.50 < quality < 0.60 :      3554 elements
Info    : 0.60 < quality < 0.70 :     10024 elements
Info    : 0.70 < quality < 0.80 :     21017 elements
Info    : 0.80 < quality < 0.90 :      2013 elements
Info    : 0.90 < quality < 1.00 :      1420 elements
Info    : Optimizing volume 2
Info    : Optimization starts (volume = 0.256681) with worst = 0.165661 / average = 0.759215:
Info    : 0.00 < quality < 0.10 :         0 elements
Info    : 0.10 < quality < 0.20 :         2 elements
Info    : 0.20 < quality < 0.30 :         5 elements
Info    : 0.30 < quality < 0.40 :         9 elements
Info    : 0.40 < quality < 0.50 :        14 elements
Info    : 0.50 < quality < 0.60 :        22 elements
Info    : 0.60 < quality < 0.70 :        67 elements
Info    : 0.70 < quality < 0.80 :       186 elements
Info    : 0.80 < quality < 0.90 :       174 elements
Info    : 0.90 < quality < 1.00 :        49 elements
Info    : 7 edge swaps, 0 node relocations (volume = 0.256681): worst = 0.300146 / average = 0.767694 (Wall 0.000103989s, CPU 0.000106s)
Info    : No ill-shaped tets in the mesh :-)
Info    : 0.00 < quality < 0.10 :         0 elements
Info    : 0.10 < quality < 0.20 :         0 elements
Info    : 0.20 < quality < 0.30 :         0 elements
Info    : 0.30 < quality < 0.40 :         9 elements
Info    : 0.40 < quality < 0.50 :        14 elements
Info    : 0.50 < quality < 0.60 :        19 elements
Info    : 0.60 < quality < 0.70 :        68 elements
Info    : 0.70 < quality < 0.80 :       184 elements
Info    : 0.80 < quality < 0.90 :       178 elements
Info    : 0.90 < quality < 1.00 :        49 elements
Info    : Done optimizing mesh (Wall 0.049882s, CPU 0.04889s)
Info    : 13577 nodes 67681 elements
Info    : Meshing order 2 (curvilinear on)...
Info    : [  0%] Meshing curve 1 order 2
Info    : [ 10%] Meshing curve 2 order 2
Info    : [ 10%] Meshing curve 3 order 2
Info    : [ 20%] Meshing curve 4 order 2
Info    : [ 20%] Meshing curve 5 order 2
Info    : [ 30%] Meshing curve 6 order 2
Info    : [ 30%] Meshing curve 7 order 2
Info    : [ 40%] Meshing curve 8 order 2
Info    : [ 40%] Meshing curve 9 order 2
Info    : [ 50%] Meshing curve 10 order 2
Info    : [ 50%] Meshing curve 11 order 2
Info    : [ 60%] Meshing curve 12 order 2
Info    : [ 60%] Meshing curve 13 order 2
Info    : [ 70%] Meshing surface 1 order 2
Info    : [ 70%] Meshing surface 2 order 2
Info    : [ 80%] Meshing surface 3 order 2
Info    : [ 80%] Meshing surface 4 order 2
Info    : [ 90%] Meshing surface 5 order 2
Info    : [ 90%] Meshing surface 6 order 2
Info    : [100%] Meshing volume 1 order 2
Info    : [100%] Meshing volume 2 order 2
Info    : Surface mesh: worst distortion = 0.797589 (0 elements in ]0, 0.2]); worst gamma = 0.632317
Warning : Volume mesh: worst distortion = -0.0394795 (avg = 0.95893, 1 elements with jac. < 0)
Info    : Done meshing order 2 (Wall 13.0942s, CPU 13.0804s)
Info    : Writing '/home/user/mscr-mom/현서/scripts/contact_scenarios/fea/matv2wire_mesh_LM25_phiN30_b0_s10.inp'...
Info    : Done writing '/home/user/mscr-mom/현서/scripts/contact_scenarios/fea/matv2wire_mesh_LM25_phiN30_b0_s10.inp'
  [LM25_phiN30_b0] [실패] (17.9s)
[LM25_phiN30_b0 2/10] L_M=25.0, phi=-30.0, beta=0.0, s=20.0mm, push_depth=0.1mm (wire) ...
Info    : Meshing 1D...
Info    : [  0%] Meshing curve 1 (BSpline)
Info    : [ 10%] Meshing curve 2 (Ellipse)
Info    : [ 20%] Meshing curve 3 (Ellipse)
Info    : [ 30%] Meshing curve 4 (BSpline)
Info    : [ 40%] Meshing curve 5 (BSpline)
Info    : [ 40%] Meshing curve 6 (BSpline)
Info    : [ 50%] Meshing curve 7 (BSpline)
Info    : [ 60%] Meshing curve 8 (BSpline)
Info    : [ 70%] Meshing curve 9 (BSpline)
Info    : [ 70%] Meshing curve 10 (BSpline)
Info    : [ 90%] Meshing curve 12 (Circle)
Info    : Done meshing 1D (Wall 0.0224608s, CPU 0.022454s)
Info    : Meshing 2D...
Info    : [  0%] Meshing surface 1 (Plane, Frontal-Delaunay)
Info    : [ 20%] Meshing surface 2 (Plane, Frontal-Delaunay)
Info    : [ 40%] Meshing surface 3 (BSpline surface, Frontal-Delaunay)
Info    : [ 60%] Meshing surface 4 (BSpline surface, Frontal-Delaunay)
Info    : [ 70%] Meshing surface 5 (Plane, Frontal-Delaunay)
Info    : [ 90%] Meshing surface 6 (Sphere, Frontal-Delaunay)
Info    : Done meshing 2D (Wall 0.696208s, CPU 0.696064s)
Info    : Meshing 3D...
Info    : 3D Meshing 2 volumes with 2 connected components
Info    : Tetrahedrizing 12451 nodes...
Info    : Done tetrahedrizing 12459 nodes (Wall 0.140438s, CPU 0.134412s)
Info    : Reconstructing mesh...
Info    :  - Creating surface mesh
Info    :  - Identifying boundary edges
Info    :  - Recovering boundary
Info    : Done reconstructing mesh (Wall 0.356529s, CPU 0.345475s)
Info    : Found volume 1
Info    : It. 0 - 0 nodes created - worst tet radius 1.04607 (nodes removed 0 0)
Info    : 3D refinement terminated (13090 nodes total):
Info    :  - 0 Delaunay cavities modified for star shapeness
Info    :  - 0 nodes could not be inserted
Info    :  - 41890 tetrahedra created in 0.0309497 sec. (1353484 tets/s)
Info    : 0 node relocations
Info    : Tetrahedrizing 134 nodes...
Info    : Done tetrahedrizing 142 nodes (Wall 0.000824885s, CPU 0s)
Info    : Reconstructing mesh...
Info    :  - Creating surface mesh
Info    :  - Identifying boundary edges
Info    :  - Recovering boundary
Info    : Done reconstructing mesh (Wall 0.00267805s, CPU 0.001682s)
Info    : Found volume 2
Info    : It. 0 - 0 nodes created - worst tet radius 3.18538 (nodes removed 0 0)
Info    : 3D refinement terminated (12670 nodes total):
Info    :  - 0 Delaunay cavities modified for star shapeness
Info    :  - 0 nodes could not be inserted
Info    :  - 528 tetrahedra created in 0.00696239 sec. (75836 tets/s)
Info    : 0 node relocations
Info    : Done meshing 3D (Wall 0.722098s, CPU 0.70899s)
Info    : Optimizing mesh...
Info    : Optimizing volume 1
Info    : Optimization starts (volume = 235.616) with worst = 0.00448226 / average = 0.678628:
Info    : 0.00 < quality < 0.10 :       131 elements
Info    : 0.10 < quality < 0.20 :       429 elements
Info    : 0.20 < quality < 0.30 :       802 elements
Info    : 0.30 < quality < 0.40 :      1230 elements
Info    : 0.40 < quality < 0.50 :      1832 elements
Info    : 0.50 < quality < 0.60 :      3505 elements
Info    : 0.60 < quality < 0.70 :      9418 elements
Info    : 0.70 < quality < 0.80 :     21259 elements
Info    : 0.80 < quality < 0.90 :      1867 elements
Info    : 0.90 < quality < 1.00 :      1417 elements
Info    : 1293 edge swaps, 15 node relocations (volume = 235.616): worst = 0.0879311 / average = 0.696056 (Wall 0.0177692s, CPU 0.017768s)
Info    : 1352 edge swaps, 17 node relocations (volume = 235.616): worst = 0.123015 / average = 0.696718 (Wall 0.021383s, CPU 0.021383s)
Info    : 1358 edge swaps, 17 node relocations (volume = 235.616): worst = 0.162173 / average = 0.696757 (Wall 0.0242436s, CPU 0.023258s)
Info    : 1359 edge swaps, 17 node relocations (volume = 235.616): worst = 0.162173 / average = 0.696757 (Wall 0.0271069s, CPU 0.026106s)
Info    : No ill-shaped tets in the mesh :-)
Info    : 0.00 < quality < 0.10 :         0 elements
Info    : 0.10 < quality < 0.20 :         3 elements
Info    : 0.20 < quality < 0.30 :        23 elements
Info    : 0.30 < quality < 0.40 :      1130 elements
Info    : 0.40 < quality < 0.50 :      1493 elements
Info    : 0.50 < quality < 0.60 :      3554 elements
Info    : 0.60 < quality < 0.70 :     10024 elements
Info    : 0.70 < quality < 0.80 :     21017 elements
Info    : 0.80 < quality < 0.90 :      2013 elements
Info    : 0.90 < quality < 1.00 :      1420 elements
Info    : Optimizing volume 2
Info    : Optimization starts (volume = 0.256681) with worst = 0.165661 / average = 0.759215:
Info    : 0.00 < quality < 0.10 :         0 elements
Info    : 0.10 < quality < 0.20 :         2 elements
Info    : 0.20 < quality < 0.30 :         5 elements
Info    : 0.30 < quality < 0.40 :         9 elements
Info    : 0.40 < quality < 0.50 :        14 elements
Info    : 0.50 < quality < 0.60 :        22 elements
Info    : 0.60 < quality < 0.70 :        67 elements
Info    : 0.70 < quality < 0.80 :       186 elements
Info    : 0.80 < quality < 0.90 :       174 elements
Info    : 0.90 < quality < 1.00 :        49 elements
Info    : 7 edge swaps, 0 node relocations (volume = 0.256681): worst = 0.300146 / average = 0.767694 (Wall 0.000121196s, CPU 0.000124s)
Info    : No ill-shaped tets in the mesh :-)
Info    : 0.00 < quality < 0.10 :         0 elements
Info    : 0.10 < quality < 0.20 :         0 elements
Info    : 0.20 < quality < 0.30 :         0 elements
Info    : 0.30 < quality < 0.40 :         9 elements
Info    : 0.40 < quality < 0.50 :        14 elements
Info    : 0.50 < quality < 0.60 :        19 elements
Info    : 0.60 < quality < 0.70 :        68 elements
Info    : 0.70 < quality < 0.80 :       184 elements
Info    : 0.80 < quality < 0.90 :       178 elements
Info    : 0.90 < quality < 1.00 :        49 elements
Info    : Done optimizing mesh (Wall 0.0626958s, CPU 0.061695s)
Info    : 13577 nodes 67681 elements
Info    : Meshing order 2 (curvilinear on)...
Info    : [  0%] Meshing curve 1 order 2
Info    : [ 10%] Meshing curve 2 order 2
Info    : [ 10%] Meshing curve 3 order 2
Info    : [ 20%] Meshing curve 4 order 2
Info    : [ 20%] Meshing curve 5 order 2
Info    : [ 30%] Meshing curve 6 order 2
Info    : [ 30%] Meshing curve 7 order 2
Info    : [ 40%] Meshing curve 8 order 2
Info    : [ 40%] Meshing curve 9 order 2
Info    : [ 50%] Meshing curve 10 order 2
Info    : [ 50%] Meshing curve 11 order 2
Info    : [ 60%] Meshing curve 12 order 2
Info    : [ 60%] Meshing curve 13 order 2
Info    : [ 70%] Meshing surface 1 order 2
Info    : [ 70%] Meshing surface 2 order 2
Info    : [ 80%] Meshing surface 3 order 2
Info    : [ 80%] Meshing surface 4 order 2
Info    : [ 90%] Meshing surface 5 order 2
Info    : [ 90%] Meshing surface 6 order 2
Info    : [100%] Meshing volume 1 order 2
Info    : [100%] Meshing volume 2 order 2
Info    : Surface mesh: worst distortion = 0.797589 (0 elements in ]0, 0.2]); worst gamma = 0.632317
Warning : Volume mesh: worst distortion = -0.0394795 (avg = 0.95893, 1 elements with jac. < 0)
Info    : Done meshing order 2 (Wall 13.1695s, CPU 13.1386s)
Info    : Writing '/home/user/mscr-mom/현서/scripts/contact_scenarios/fea/matv2wire_mesh_LM25_phiN30_b0_s20.inp'...
Info    : Done writing '/home/user/mscr-mom/현서/scripts/contact_scenarios/fea/matv2wire_mesh_LM25_phiN30_b0_s20.inp'
  [LM25_phiN30_b0] [실패] (18.0s)
[LM25_phiN30_b0 3/10] L_M=25.0, phi=-30.0, beta=0.0, s=30.0mm, push_depth=0.1mm (wire) ...
Info    : Meshing 1D...
Info    : [  0%] Meshing curve 1 (BSpline)
Info    : [ 10%] Meshing curve 2 (Ellipse)
Info    : [ 20%] Meshing curve 3 (Ellipse)
Info    : [ 30%] Meshing curve 4 (BSpline)
Info    : [ 40%] Meshing curve 5 (BSpline)
Info    : [ 40%] Meshing curve 6 (BSpline)
Info    : [ 50%] Meshing curve 7 (BSpline)
Info    : [ 60%] Meshing curve 8 (BSpline)
Info    : [ 70%] Meshing curve 9 (BSpline)
Info    : [ 70%] Meshing curve 10 (BSpline)
Info    : [ 90%] Meshing curve 12 (Circle)
Info    : Done meshing 1D (Wall 0.0226304s, CPU 0.022624s)
Info    : Meshing 2D...
Info    : [  0%] Meshing surface 1 (Plane, Frontal-Delaunay)
Info    : [ 20%] Meshing surface 2 (Plane, Frontal-Delaunay)
Info    : [ 40%] Meshing surface 3 (BSpline surface, Frontal-Delaunay)
Info    : [ 60%] Meshing surface 4 (BSpline surface, Frontal-Delaunay)
Info    : [ 70%] Meshing surface 5 (Plane, Frontal-Delaunay)
Info    : [ 90%] Meshing surface 6 (Sphere, Frontal-Delaunay)
Info    : Done meshing 2D (Wall 0.730959s, CPU 0.730925s)
Info    : Meshing 3D...
Info    : 3D Meshing 2 volumes with 2 connected components
Info    : Tetrahedrizing 12451 nodes...
Info    : Done tetrahedrizing 12459 nodes (Wall 0.144146s, CPU 0.140133s)
Info    : Reconstructing mesh...
Info    :  - Creating surface mesh
Info    :  - Identifying boundary edges
Info    :  - Recovering boundary
Info    : Done reconstructing mesh (Wall 0.335513s, CPU 0.319503s)
Info    : Found volume 1
Info    : It. 0 - 0 nodes created - worst tet radius 1.04607 (nodes removed 0 0)
Info    : 3D refinement terminated (13088 nodes total):
Info    :  - 0 Delaunay cavities modified for star shapeness
Info    :  - 0 nodes could not be inserted
Info    :  - 41890 tetrahedra created in 0.0272802 sec. (1535546 tets/s)
Info    : 0 node relocations
Info    : Tetrahedrizing 132 nodes...
Info    : Done tetrahedrizing 140 nodes (Wall 0.000748988s, CPU 0.00075s)
Info    : Reconstructing mesh...
Info    :  - Creating surface mesh
Info    :  - Identifying boundary edges
Info    :  - Recovering boundary
Info    : Done reconstructing mesh (Wall 0.00183995s, CPU 0.001842s)
Info    : Found volume 2
Info    : It. 0 - 0 nodes created - worst tet radius 3.14367 (nodes removed 0 0)
Info    : 3D refinement terminated (12664 nodes total):
Info    :  - 0 Delaunay cavities modified for star shapeness
Info    :  - 0 nodes could not be inserted
Info    :  - 504 tetrahedra created in 0.00579846 sec. (86919 tets/s)
Info    : 0 node relocations
Info    : Done meshing 3D (Wall 0.643096s, CPU 0.627066s)
Info    : Optimizing mesh...
Info    : Optimizing volume 1
Info    : Optimization starts (volume = 235.616) with worst = 0.00448226 / average = 0.678628:
Info    : 0.00 < quality < 0.10 :       131 elements
Info    : 0.10 < quality < 0.20 :       429 elements
Info    : 0.20 < quality < 0.30 :       802 elements
Info    : 0.30 < quality < 0.40 :      1230 elements
Info    : 0.40 < quality < 0.50 :      1832 elements
Info    : 0.50 < quality < 0.60 :      3505 elements
Info    : 0.60 < quality < 0.70 :      9418 elements
Info    : 0.70 < quality < 0.80 :     21259 elements
Info    : 0.80 < quality < 0.90 :      1867 elements
Info    : 0.90 < quality < 1.00 :      1417 elements
Info    : 1293 edge swaps, 15 node relocations (volume = 235.616): worst = 0.0879311 / average = 0.696056 (Wall 0.0160149s, CPU 0.016015s)
Info    : 1352 edge swaps, 17 node relocations (volume = 235.616): worst = 0.123015 / average = 0.696718 (Wall 0.0193352s, CPU 0.019336s)
Info    : 1358 edge swaps, 17 node relocations (volume = 235.616): worst = 0.162173 / average = 0.696757 (Wall 0.0217297s, CPU 0.021732s)
Info    : 1359 edge swaps, 17 node relocations (volume = 235.616): worst = 0.162173 / average = 0.696757 (Wall 0.0239197s, CPU 0.023922s)
Info    : No ill-shaped tets in the mesh :-)
Info    : 0.00 < quality < 0.10 :         0 elements
Info    : 0.10 < quality < 0.20 :         3 elements
Info    : 0.20 < quality < 0.30 :        23 elements
Info    : 0.30 < quality < 0.40 :      1130 elements
Info    : 0.40 < quality < 0.50 :      1493 elements
Info    : 0.50 < quality < 0.60 :      3554 elements
Info    : 0.60 < quality < 0.70 :     10024 elements
Info    : 0.70 < quality < 0.80 :     21017 elements
Info    : 0.80 < quality < 0.90 :      2013 elements
Info    : 0.90 < quality < 1.00 :      1420 elements
Info    : Optimizing volume 2
Info    : Optimization starts (volume = 0.256493) with worst = 0.0529298 / average = 0.735674:
Info    : 0.00 < quality < 0.10 :         3 elements
Info    : 0.10 < quality < 0.20 :         2 elements
Info    : 0.20 < quality < 0.30 :         6 elements
Info    : 0.30 < quality < 0.40 :        15 elements
Info    : 0.40 < quality < 0.50 :        14 elements
Info    : 0.50 < quality < 0.60 :        30 elements
Info    : 0.60 < quality < 0.70 :        85 elements
Info    : 0.70 < quality < 0.80 :       176 elements
Info    : 0.80 < quality < 0.90 :       126 elements
Info    : 0.90 < quality < 1.00 :        47 elements
Info    : 11 edge swaps, 1 node relocations (volume = 0.256493): worst = 0.288614 / average = 0.749358 (Wall 0.000132643s, CPU 0.000134s)
Info    : 12 edge swaps, 1 node relocations (volume = 0.256493): worst = 0.31168 / average = 0.750707 (Wall 0.000167627s, CPU 0.000169s)
Info    : No ill-shaped tets in the mesh :-)
Info    : 0.00 < quality < 0.10 :         0 elements
Info    : 0.10 < quality < 0.20 :         0 elements
Info    : 0.20 < quality < 0.30 :         0 elements
Info    : 0.30 < quality < 0.40 :        13 elements
Info    : 0.40 < quality < 0.50 :        13 elements
Info    : 0.50 < quality < 0.60 :        28 elements
Info    : 0.60 < quality < 0.70 :        90 elements
Info    : 0.70 < quality < 0.80 :       175 elements
Info    : 0.80 < quality < 0.90 :       126 elements
Info    : 0.90 < quality < 1.00 :        48 elements
Info    : Done optimizing mesh (Wall 0.0520144s, CPU 0.052014s)
Info    : 13571 nodes 67649 elements
Info    : Meshing order 2 (curvilinear on)...
Info    : [  0%] Meshing curve 1 order 2
Info    : [ 10%] Meshing curve 2 order 2
Info    : [ 10%] Meshing curve 3 order 2
Info    : [ 20%] Meshing curve 4 order 2
Info    : [ 20%] Meshing curve 5 order 2
Info    : [ 30%] Meshing curve 6 order 2
Info    : [ 30%] Meshing curve 7 order 2
Info    : [ 40%] Meshing curve 8 order 2
Info    : [ 40%] Meshing curve 9 order 2
Info    : [ 50%] Meshing curve 10 order 2
Info    : [ 50%] Meshing curve 11 order 2
Info    : [ 60%] Meshing curve 12 order 2
Info    : [ 60%] Meshing curve 13 order 2
Info    : [ 70%] Meshing surface 1 order 2
Info    : [ 70%] Meshing surface 2 order 2
Info    : [ 80%] Meshing surface 3 order 2
Info    : [ 80%] Meshing surface 4 order 2
Info    : [ 90%] Meshing surface 5 order 2
Info    : [ 90%] Meshing surface 6 order 2
Info    : [100%] Meshing volume 1 order 2
Info    : [100%] Meshing volume 2 order 2
Info    : Surface mesh: worst distortion = 0.797589 (0 elements in ]0, 0.2]); worst gamma = 0.633406
Warning : Volume mesh: worst distortion = -0.0394795 (avg = 0.958887, 1 elements with jac. < 0)
Info    : Done meshing order 2 (Wall 13.2593s, CPU 13.2532s)
Info    : Writing '/home/user/mscr-mom/현서/scripts/contact_scenarios/fea/matv2wire_mesh_LM25_phiN30_b0_s30.inp'...
Info    : Done writing '/home/user/mscr-mom/현서/scripts/contact_scenarios/fea/matv2wire_mesh_LM25_phiN30_b0_s30.inp'
  [LM25_phiN30_b0] [실패] (18.0s)
[LM25_phiN30_b0 4/10] L_M=25.0, phi=-30.0, beta=0.0, s=40.0mm, push_depth=0.1mm (wire) ...
Info    : Meshing 1D...
Info    : [  0%] Meshing curve 1 (BSpline)
Info    : [ 10%] Meshing curve 2 (Ellipse)
Info    : [ 20%] Meshing curve 3 (Ellipse)
Info    : [ 30%] Meshing curve 4 (BSpline)
Info    : [ 40%] Meshing curve 5 (BSpline)
Info    : [ 40%] Meshing curve 6 (BSpline)
Info    : [ 50%] Meshing curve 7 (BSpline)
Info    : [ 60%] Meshing curve 8 (BSpline)
Info    : [ 70%] Meshing curve 9 (BSpline)
Info    : [ 70%] Meshing curve 10 (BSpline)
Info    : [ 90%] Meshing curve 12 (Circle)
Info    : Done meshing 1D (Wall 0.0225684s, CPU 0.022565s)
Info    : Meshing 2D...
Info    : [  0%] Meshing surface 1 (Plane, Frontal-Delaunay)
Info    : [ 20%] Meshing surface 2 (Plane, Frontal-Delaunay)
Info    : [ 40%] Meshing surface 3 (BSpline surface, Frontal-Delaunay)
Info    : [ 60%] Meshing surface 4 (BSpline surface, Frontal-Delaunay)
Info    : [ 70%] Meshing surface 5 (Plane, Frontal-Delaunay)
Info    : [ 90%] Meshing surface 6 (Sphere, Frontal-Delaunay)
Info    : Done meshing 2D (Wall 0.715726s, CPU 0.715358s)
Info    : Meshing 3D...
Info    : 3D Meshing 2 volumes with 2 connected components
Info    : Tetrahedrizing 12451 nodes...
Info    : Done tetrahedrizing 12459 nodes (Wall 0.147179s, CPU 0.13818s)
Info    : Reconstructing mesh...
Info    :  - Creating surface mesh
Info    :  - Identifying boundary edges
Info    :  - Recovering boundary
Info    : Done reconstructing mesh (Wall 0.34236s, CPU 0.322352s)
Info    : Found volume 1
Info    : It. 0 - 0 nodes created - worst tet radius 1.04607 (nodes removed 0 0)
Info    : 3D refinement terminated (13090 nodes total):
Info    :  - 0 Delaunay cavities modified for star shapeness
Info    :  - 0 nodes could not be inserted
Info    :  - 41890 tetrahedra created in 0.0252185 sec. (1661083 tets/s)
Info    : 0 node relocations
Info    : Tetrahedrizing 134 nodes...
Info    : Done tetrahedrizing 142 nodes (Wall 0.000799035s, CPU 0s)
Info    : Reconstructing mesh...
Info    :  - Creating surface mesh
Info    :  - Identifying boundary edges
Info    :  - Recovering boundary
Info    : Done reconstructing mesh (Wall 0.00233519s, CPU 0.001344s)
Info    : Found volume 2
Info    : It. 0 - 0 nodes created - worst tet radius 3.18538 (nodes removed 0 0)
Info    : 3D refinement terminated (12670 nodes total):
Info    :  - 0 Delaunay cavities modified for star shapeness
Info    :  - 0 nodes could not be inserted
Info    :  - 528 tetrahedra created in 0.00538601 sec. (98031 tets/s)
Info    : 0 node relocations
Info    : Done meshing 3D (Wall 0.64217s, CPU 0.621152s)
Info    : Optimizing mesh...
Info    : Optimizing volume 1
Info    : Optimization starts (volume = 235.616) with worst = 0.00448226 / average = 0.678628:
Info    : 0.00 < quality < 0.10 :       131 elements
Info    : 0.10 < quality < 0.20 :       429 elements
Info    : 0.20 < quality < 0.30 :       802 elements
Info    : 0.30 < quality < 0.40 :      1230 elements
Info    : 0.40 < quality < 0.50 :      1832 elements
Info    : 0.50 < quality < 0.60 :      3505 elements
Info    : 0.60 < quality < 0.70 :      9418 elements
Info    : 0.70 < quality < 0.80 :     21259 elements
Info    : 0.80 < quality < 0.90 :      1867 elements
Info    : 0.90 < quality < 1.00 :      1417 elements
Info    : 1293 edge swaps, 15 node relocations (volume = 235.616): worst = 0.0879311 / average = 0.696056 (Wall 0.0162614s, CPU 0.01626s)
Info    : 1352 edge swaps, 17 node relocations (volume = 235.616): worst = 0.123015 / average = 0.696718 (Wall 0.01974s, CPU 0.018746s)
Info    : 1358 edge swaps, 17 node relocations (volume = 235.616): worst = 0.162173 / average = 0.696757 (Wall 0.022393s, CPU 0.0214s)
Info    : 1359 edge swaps, 17 node relocations (volume = 235.616): worst = 0.162173 / average = 0.696757 (Wall 0.0247871s, CPU 0.023794s)
Info    : No ill-shaped tets in the mesh :-)
Info    : 0.00 < quality < 0.10 :         0 elements
Info    : 0.10 < quality < 0.20 :         3 elements
Info    : 0.20 < quality < 0.30 :        23 elements
Info    : 0.30 < quality < 0.40 :      1130 elements
Info    : 0.40 < quality < 0.50 :      1493 elements
Info    : 0.50 < quality < 0.60 :      3554 elements
Info    : 0.60 < quality < 0.70 :     10024 elements
Info    : 0.70 < quality < 0.80 :     21017 elements
Info    : 0.80 < quality < 0.90 :      2013 elements
Info    : 0.90 < quality < 1.00 :      1420 elements
Info    : Optimizing volume 2
Info    : Optimization starts (volume = 0.256681) with worst = 0.165661 / average = 0.759215:
Info    : 0.00 < quality < 0.10 :         0 elements
Info    : 0.10 < quality < 0.20 :         2 elements
Info    : 0.20 < quality < 0.30 :         5 elements
Info    : 0.30 < quality < 0.40 :         9 elements
Info    : 0.40 < quality < 0.50 :        14 elements
Info    : 0.50 < quality < 0.60 :        22 elements
Info    : 0.60 < quality < 0.70 :        67 elements
Info    : 0.70 < quality < 0.80 :       186 elements
Info    : 0.80 < quality < 0.90 :       174 elements
Info    : 0.90 < quality < 1.00 :        49 elements
Info    : 7 edge swaps, 0 node relocations (volume = 0.256681): worst = 0.300146 / average = 0.767694 (Wall 0.000119193s, CPU 0.00012s)
Info    : No ill-shaped tets in the mesh :-)
Info    : 0.00 < quality < 0.10 :         0 elements
Info    : 0.10 < quality < 0.20 :         0 elements
Info    : 0.20 < quality < 0.30 :         0 elements
Info    : 0.30 < quality < 0.40 :         9 elements
Info    : 0.40 < quality < 0.50 :        14 elements
Info    : 0.50 < quality < 0.60 :        19 elements
Info    : 0.60 < quality < 0.70 :        68 elements
Info    : 0.70 < quality < 0.80 :       184 elements
Info    : 0.80 < quality < 0.90 :       178 elements
Info    : 0.90 < quality < 1.00 :        49 elements
Info    : Done optimizing mesh (Wall 0.0502504s, CPU 0.049256s)
Info    : 13577 nodes 67681 elements
Info    : Meshing order 2 (curvilinear on)...
Info    : [  0%] Meshing curve 1 order 2
Info    : [ 10%] Meshing curve 2 order 2
Info    : [ 10%] Meshing curve 3 order 2
Info    : [ 20%] Meshing curve 4 order 2
Info    : [ 20%] Meshing curve 5 order 2
Info    : [ 30%] Meshing curve 6 order 2
Info    : [ 30%] Meshing curve 7 order 2
Info    : [ 40%] Meshing curve 8 order 2
Info    : [ 40%] Meshing curve 9 order 2
Info    : [ 50%] Meshing curve 10 order 2
Info    : [ 50%] Meshing curve 11 order 2
Info    : [ 60%] Meshing curve 12 order 2
Info    : [ 60%] Meshing curve 13 order 2
Info    : [ 70%] Meshing surface 1 order 2
Info    : [ 70%] Meshing surface 2 order 2
Info    : [ 80%] Meshing surface 3 order 2
Info    : [ 80%] Meshing surface 4 order 2
Info    : [ 90%] Meshing surface 5 order 2
Info    : [ 90%] Meshing surface 6 order 2
Info    : [100%] Meshing volume 1 order 2
Info    : [100%] Meshing volume 2 order 2
Info    : Surface mesh: worst distortion = 0.797589 (0 elements in ]0, 0.2]); worst gamma = 0.632317
Warning : Volume mesh: worst distortion = -0.0394795 (avg = 0.95893, 1 elements with jac. < 0)
Info    : Done meshing order 2 (Wall 13.1415s, CPU 13.1287s)
Info    : Writing '/home/user/mscr-mom/현서/scripts/contact_scenarios/fea/matv2wire_mesh_LM25_phiN30_b0_s40.inp'...
Info    : Done writing '/home/user/mscr-mom/현서/scripts/contact_scenarios/fea/matv2wire_mesh_LM25_phiN30_b0_s40.inp'
  [LM25_phiN30_b0] [실패] (17.9s)
[LM25_phiN30_b0 5/10] L_M=25.0, phi=-30.0, beta=0.0, s=50.0mm, push_depth=0.1mm (wire) ...
Info    : Meshing 1D...
Info    : [  0%] Meshing curve 1 (BSpline)
Info    : [ 10%] Meshing curve 2 (Ellipse)
Info    : [ 20%] Meshing curve 3 (Ellipse)
Info    : [ 30%] Meshing curve 4 (BSpline)
Info    : [ 40%] Meshing curve 5 (BSpline)
Info    : [ 40%] Meshing curve 6 (BSpline)
Info    : [ 50%] Meshing curve 7 (BSpline)
Info    : [ 60%] Meshing curve 8 (BSpline)
Info    : [ 70%] Meshing curve 9 (BSpline)
Info    : [ 70%] Meshing curve 10 (BSpline)
Info    : [ 90%] Meshing curve 12 (Circle)
Info    : Done meshing 1D (Wall 0.0220981s, CPU 0.022096s)
Info    : Meshing 2D...
Info    : [  0%] Meshing surface 1 (Plane, Frontal-Delaunay)
Info    : [ 20%] Meshing surface 2 (Plane, Frontal-Delaunay)
Info    : [ 40%] Meshing surface 3 (BSpline surface, Frontal-Delaunay)
Info    : [ 60%] Meshing surface 4 (BSpline surface, Frontal-Delaunay)
Info    : [ 70%] Meshing surface 5 (Plane, Frontal-Delaunay)
Info    : [ 90%] Meshing surface 6 (Sphere, Frontal-Delaunay)
Info    : Done meshing 2D (Wall 0.708958s, CPU 0.708817s)
Info    : Meshing 3D...
Info    : 3D Meshing 2 volumes with 2 connected components
Info    : Tetrahedrizing 12451 nodes...
Info    : Done tetrahedrizing 12459 nodes (Wall 0.144512s, CPU 0.139513s)
Info    : Reconstructing mesh...
Info    :  - Creating surface mesh
Info    :  - Identifying boundary edges
Info    :  - Recovering boundary
Info    : Done reconstructing mesh (Wall 0.350982s, CPU 0.337682s)
Info    : Found volume 1
Info    : It. 0 - 0 nodes created - worst tet radius 1.04607 (nodes removed 0 0)
Info    : 3D refinement terminated (13088 nodes total):
Info    :  - 0 Delaunay cavities modified for star shapeness
Info    :  - 0 nodes could not be inserted
Info    :  - 41890 tetrahedra created in 0.0243115 sec. (1723053 tets/s)
Info    : 0 node relocations
Info    : Tetrahedrizing 132 nodes...
Info    : Done tetrahedrizing 140 nodes (Wall 0.000688515s, CPU 0s)
Info    : Reconstructing mesh...
Info    :  - Creating surface mesh
Info    :  - Identifying boundary edges
Info    :  - Recovering boundary
Info    : Done reconstructing mesh (Wall 0.00159377s, CPU 0.000602s)
Info    : Found volume 2
Info    : It. 0 - 0 nodes created - worst tet radius 3.14367 (nodes removed 0 0)
Info    : 3D refinement terminated (12664 nodes total):
Info    :  - 0 Delaunay cavities modified for star shapeness
Info    :  - 0 nodes could not be inserted
Info    :  - 504 tetrahedra created in 0.00231361 sec. (217841 tets/s)
Info    : 0 node relocations
Info    : Done meshing 3D (Wall 0.638062s, CPU 0.623709s)
Info    : Optimizing mesh...
Info    : Optimizing volume 1
Info    : Optimization starts (volume = 235.616) with worst = 0.00448226 / average = 0.678628:
Info    : 0.00 < quality < 0.10 :       131 elements
Info    : 0.10 < quality < 0.20 :       429 elements
Info    : 0.20 < quality < 0.30 :       802 elements
Info    : 0.30 < quality < 0.40 :      1230 elements
Info    : 0.40 < quality < 0.50 :      1832 elements
Info    : 0.50 < quality < 0.60 :      3505 elements
Info    : 0.60 < quality < 0.70 :      9418 elements
Info    : 0.70 < quality < 0.80 :     21259 elements
Info    : 0.80 < quality < 0.90 :      1867 elements
Info    : 0.90 < quality < 1.00 :      1417 elements
Info    : 1293 edge swaps, 15 node relocations (volume = 235.616): worst = 0.0879311 / average = 0.696056 (Wall 0.0137547s, CPU 0.013754s)
Info    : 1352 edge swaps, 17 node relocations (volume = 235.616): worst = 0.123015 / average = 0.696718 (Wall 0.0165625s, CPU 0.016564s)
Info    : 1358 edge swaps, 17 node relocations (volume = 235.616): worst = 0.162173 / average = 0.696757 (Wall 0.0187176s, CPU 0.018719s)
Info    : 1359 edge swaps, 17 node relocations (volume = 235.616): worst = 0.162173 / average = 0.696757 (Wall 0.0207305s, CPU 0.020733s)
Info    : No ill-shaped tets in the mesh :-)
Info    : 0.00 < quality < 0.10 :         0 elements
Info    : 0.10 < quality < 0.20 :         3 elements
Info    : 0.20 < quality < 0.30 :        23 elements
Info    : 0.30 < quality < 0.40 :      1130 elements
Info    : 0.40 < quality < 0.50 :      1493 elements
Info    : 0.50 < quality < 0.60 :      3554 elements
Info    : 0.60 < quality < 0.70 :     10024 elements
Info    : 0.70 < quality < 0.80 :     21017 elements
Info    : 0.80 < quality < 0.90 :      2013 elements
Info    : 0.90 < quality < 1.00 :      1420 elements
Info    : Optimizing volume 2
Info    : Optimization starts (volume = 0.256493) with worst = 0.0529298 / average = 0.735674:
Info    : 0.00 < quality < 0.10 :         3 elements
Info    : 0.10 < quality < 0.20 :         2 elements
Info    : 0.20 < quality < 0.30 :         6 elements
Info    : 0.30 < quality < 0.40 :        15 elements
Info    : 0.40 < quality < 0.50 :        14 elements
Info    : 0.50 < quality < 0.60 :        30 elements
Info    : 0.60 < quality < 0.70 :        85 elements
Info    : 0.70 < quality < 0.80 :       176 elements
Info    : 0.80 < quality < 0.90 :       126 elements
Info    : 0.90 < quality < 1.00 :        47 elements
Info    : 11 edge swaps, 1 node relocations (volume = 0.256493): worst = 0.288614 / average = 0.749358 (Wall 0.000129919s, CPU 0.000131s)
Info    : 12 edge swaps, 1 node relocations (volume = 0.256493): worst = 0.31168 / average = 0.750707 (Wall 0.000165223s, CPU 0.000166s)
Info    : No ill-shaped tets in the mesh :-)
Info    : 0.00 < quality < 0.10 :         0 elements
Info    : 0.10 < quality < 0.20 :         0 elements
Info    : 0.20 < quality < 0.30 :         0 elements
Info    : 0.30 < quality < 0.40 :        13 elements
Info    : 0.40 < quality < 0.50 :        13 elements
Info    : 0.50 < quality < 0.60 :        28 elements
Info    : 0.60 < quality < 0.70 :        90 elements
Info    : 0.70 < quality < 0.80 :       175 elements
Info    : 0.80 < quality < 0.90 :       126 elements
Info    : 0.90 < quality < 1.00 :        48 elements
Info    : Done optimizing mesh (Wall 0.0426606s, CPU 0.042659s)
Info    : 13571 nodes 67649 elements
Info    : Meshing order 2 (curvilinear on)...
Info    : [  0%] Meshing curve 1 order 2
Info    : [ 10%] Meshing curve 2 order 2
Info    : [ 10%] Meshing curve 3 order 2
Info    : [ 20%] Meshing curve 4 order 2
Info    : [ 20%] Meshing curve 5 order 2
Info    : [ 30%] Meshing curve 6 order 2
Info    : [ 30%] Meshing curve 7 order 2
Info    : [ 40%] Meshing curve 8 order 2
Info    : [ 40%] Meshing curve 9 order 2
Info    : [ 50%] Meshing curve 10 order 2
Info    : [ 50%] Meshing curve 11 order 2
Info    : [ 60%] Meshing curve 12 order 2
Info    : [ 60%] Meshing curve 13 order 2
Info    : [ 70%] Meshing surface 1 order 2
Info    : [ 70%] Meshing surface 2 order 2
Info    : [ 80%] Meshing surface 3 order 2
Info    : [ 80%] Meshing surface 4 order 2
Info    : [ 90%] Meshing surface 5 order 2
Info    : [ 90%] Meshing surface 6 order 2
Info    : [100%] Meshing volume 1 order 2
Info    : [100%] Meshing volume 2 order 2
Info    : Surface mesh: worst distortion = 0.797589 (0 elements in ]0, 0.2]); worst gamma = 0.633406
Warning : Volume mesh: worst distortion = -0.0394795 (avg = 0.958887, 1 elements with jac. < 0)
Info    : Done meshing order 2 (Wall 13.155s, CPU 13.1297s)
Info    : Writing '/home/user/mscr-mom/현서/scripts/contact_scenarios/fea/matv2wire_mesh_LM25_phiN30_b0_s50.inp'...
Info    : Done writing '/home/user/mscr-mom/현서/scripts/contact_scenarios/fea/matv2wire_mesh_LM25_phiN30_b0_s50.inp'
  [LM25_phiN30_b0] [실패] (17.9s)
[LM25_phiN30_b0 6/10] L_M=25.0, phi=-30.0, beta=0.0, s=60.0mm, push_depth=0.1mm (wire) ...
Info    : Meshing 1D...
Info    : [  0%] Meshing curve 1 (BSpline)
Info    : [ 10%] Meshing curve 2 (Ellipse)
Info    : [ 20%] Meshing curve 3 (Ellipse)
Info    : [ 30%] Meshing curve 4 (BSpline)
Info    : [ 40%] Meshing curve 5 (BSpline)
Info    : [ 40%] Meshing curve 6 (BSpline)
Info    : [ 50%] Meshing curve 7 (BSpline)
Info    : [ 60%] Meshing curve 8 (BSpline)
Info    : [ 70%] Meshing curve 9 (BSpline)
Info    : [ 70%] Meshing curve 10 (BSpline)
Info    : [ 90%] Meshing curve 12 (Circle)
Info    : Done meshing 1D (Wall 0.0380158s, CPU 0.038017s)
Info    : Meshing 2D...
Info    : [  0%] Meshing surface 1 (Plane, Frontal-Delaunay)
Info    : [ 20%] Meshing surface 2 (Plane, Frontal-Delaunay)
Info    : [ 40%] Meshing surface 3 (BSpline surface, Frontal-Delaunay)
Info    : [ 60%] Meshing surface 4 (BSpline surface, Frontal-Delaunay)
Info    : [ 70%] Meshing surface 5 (Plane, Frontal-Delaunay)
Info    : [ 90%] Meshing surface 6 (Sphere, Frontal-Delaunay)
Info    : Done meshing 2D (Wall 0.883464s, CPU 0.879302s)
Info    : Meshing 3D...
Info    : 3D Meshing 2 volumes with 2 connected components
Info    : Tetrahedrizing 12451 nodes...
Info    : Done tetrahedrizing 12459 nodes (Wall 0.159281s, CPU 0.148591s)
Info    : Reconstructing mesh...
Info    :  - Creating surface mesh
Info    :  - Identifying boundary edges
Info    :  - Recovering boundary
Info    : Done reconstructing mesh (Wall 0.377262s, CPU 0.357568s)
Info    : Found volume 1
Info    : It. 0 - 0 nodes created - worst tet radius 1.04607 (nodes removed 0 0)
Info    : 3D refinement terminated (13090 nodes total):
Info    :  - 0 Delaunay cavities modified for star shapeness
Info    :  - 0 nodes could not be inserted
Info    :  - 41890 tetrahedra created in 0.028628 sec. (1463252 tets/s)
Info    : 0 node relocations
Info    : Tetrahedrizing 134 nodes...
Info    : Done tetrahedrizing 142 nodes (Wall 0.000803591s, CPU 0.000803s)
Info    : Reconstructing mesh...
Info    :  - Creating surface mesh
Info    :  - Identifying boundary edges
Info    :  - Recovering boundary
Info    : Done reconstructing mesh (Wall 0.00185139s, CPU 0.001848s)
Info    : Found volume 2
Info    : It. 0 - 0 nodes created - worst tet radius 3.00574 (nodes removed 0 0)
Info    : 3D refinement terminated (12670 nodes total):
Info    :  - 1 Delaunay cavities modified for star shapeness
Info    :  - 1 nodes could not be inserted
Info    :  - 526 tetrahedra created in 0.00564778 sec. (93134 tets/s)
Info    : 1 node relocations
Info    : Done meshing 3D (Wall 0.701375s, CPU 0.67867s)
Info    : Optimizing mesh...
Info    : Optimizing volume 1
Info    : Optimization starts (volume = 235.616) with worst = 0.00448226 / average = 0.678628:
Info    : 0.00 < quality < 0.10 :       131 elements
Info    : 0.10 < quality < 0.20 :       429 elements
Info    : 0.20 < quality < 0.30 :       802 elements
Info    : 0.30 < quality < 0.40 :      1230 elements
Info    : 0.40 < quality < 0.50 :      1832 elements
Info    : 0.50 < quality < 0.60 :      3505 elements
Info    : 0.60 < quality < 0.70 :      9418 elements
Info    : 0.70 < quality < 0.80 :     21259 elements
Info    : 0.80 < quality < 0.90 :      1867 elements
Info    : 0.90 < quality < 1.00 :      1417 elements
Info    : 1293 edge swaps, 15 node relocations (volume = 235.616): worst = 0.0879311 / average = 0.696056 (Wall 0.0150369s, CPU 0.015036s)
Info    : 1352 edge swaps, 17 node relocations (volume = 235.616): worst = 0.123015 / average = 0.696718 (Wall 0.0182548s, CPU 0.018256s)
Info    : 1358 edge swaps, 17 node relocations (volume = 235.616): worst = 0.162173 / average = 0.696757 (Wall 0.0205142s, CPU 0.020514s)
Info    : 1359 edge swaps, 17 node relocations (volume = 235.616): worst = 0.162173 / average = 0.696757 (Wall 0.0225745s, CPU 0.021584s)
Info    : No ill-shaped tets in the mesh :-)
Info    : 0.00 < quality < 0.10 :         0 elements
Info    : 0.10 < quality < 0.20 :         3 elements
Info    : 0.20 < quality < 0.30 :        23 elements
Info    : 0.30 < quality < 0.40 :      1130 elements
Info    : 0.40 < quality < 0.50 :      1493 elements
Info    : 0.50 < quality < 0.60 :      3554 elements
Info    : 0.60 < quality < 0.70 :     10024 elements
Info    : 0.70 < quality < 0.80 :     21017 elements
Info    : 0.80 < quality < 0.90 :      2013 elements
Info    : 0.90 < quality < 1.00 :      1420 elements
Info    : Optimizing volume 2
Info    : Optimization starts (volume = 0.256614) with worst = 0.107168 / average = 0.757308:
Info    : 0.00 < quality < 0.10 :         0 elements
Info    : 0.10 < quality < 0.20 :         4 elements
Info    : 0.20 < quality < 0.30 :         4 elements
Info    : 0.30 < quality < 0.40 :         9 elements
Info    : 0.40 < quality < 0.50 :        14 elements
Info    : 0.50 < quality < 0.60 :        19 elements
Info    : 0.60 < quality < 0.70 :        81 elements
Info    : 0.70 < quality < 0.80 :       176 elements
Info    : 0.80 < quality < 0.90 :       154 elements
Info    : 0.90 < quality < 1.00 :        65 elements
Info    : 7 edge swaps, 1 node relocations (volume = 0.256614): worst = 0.123787 / average = 0.764915 (Wall 0.00011732s, CPU 0.000117s)
Info    : No ill-shaped tets in the mesh :-)
Info    : 0.00 < quality < 0.10 :         0 elements
Info    : 0.10 < quality < 0.20 :         1 elements
Info    : 0.20 < quality < 0.30 :         0 elements
Info    : 0.30 < quality < 0.40 :        10 elements
Info    : 0.40 < quality < 0.50 :        13 elements
Info    : 0.50 < quality < 0.60 :        19 elements
Info    : 0.60 < quality < 0.70 :        78 elements
Info    : 0.70 < quality < 0.80 :       181 elements
Info    : 0.80 < quality < 0.90 :       153 elements
Info    : 0.90 < quality < 1.00 :        65 elements
Info    : Done optimizing mesh (Wall 0.0473691s, CPU 0.046371s)
Info    : 13577 nodes 67680 elements
Info    : Meshing order 2 (curvilinear on)...
Info    : [  0%] Meshing curve 1 order 2
Info    : [ 10%] Meshing curve 2 order 2
Info    : [ 10%] Meshing curve 3 order 2
Info    : [ 20%] Meshing curve 4 order 2
Info    : [ 20%] Meshing curve 5 order 2
Info    : [ 30%] Meshing curve 6 order 2
Info    : [ 30%] Meshing curve 7 order 2
Info    : [ 40%] Meshing curve 8 order 2
Info    : [ 40%] Meshing curve 9 order 2
Info    : [ 50%] Meshing curve 10 order 2
Info    : [ 50%] Meshing curve 11 order 2
Info    : [ 60%] Meshing curve 12 order 2
Info    : [ 60%] Meshing curve 13 order 2
Info    : [ 70%] Meshing surface 1 order 2
Info    : [ 70%] Meshing surface 2 order 2
Info    : [ 80%] Meshing surface 3 order 2
Info    : [ 80%] Meshing surface 4 order 2
Info    : [ 90%] Meshing surface 5 order 2
Info    : [ 90%] Meshing surface 6 order 2
Info    : [100%] Meshing volume 1 order 2
Info    : [100%] Meshing volume 2 order 2
Info    : Surface mesh: worst distortion = 0.777379 (0 elements in ]0, 0.2]); worst gamma = 0.141531
Warning : Volume mesh: worst distortion = -0.0394795 (avg = 0.958925, 1 elements with jac. < 0)
Info    : Done meshing order 2 (Wall 12.9225s, CPU 12.9105s)
Info    : Writing '/home/user/mscr-mom/현서/scripts/contact_scenarios/fea/matv2wire_mesh_LM25_phiN30_b0_s60.inp'...
Info    : Done writing '/home/user/mscr-mom/현서/scripts/contact_scenarios/fea/matv2wire_mesh_LM25_phiN30_b0_s60.inp'
  [LM25_phiN30_b0] [실패] (17.9s)
[LM25_phiN30_b0 7/10] L_M=25.0, phi=-30.0, beta=0.0, s=70.0mm, push_depth=0.1mm (wire) ...
Info    : Meshing 1D...
Info    : [  0%] Meshing curve 1 (BSpline)
Info    : [ 10%] Meshing curve 2 (Ellipse)
Info    : [ 20%] Meshing curve 3 (Ellipse)
Info    : [ 30%] Meshing curve 4 (BSpline)
Info    : [ 40%] Meshing curve 5 (BSpline)
Info    : [ 40%] Meshing curve 6 (BSpline)
Info    : [ 50%] Meshing curve 7 (BSpline)
Info    : [ 60%] Meshing curve 8 (BSpline)
Info    : [ 70%] Meshing curve 9 (BSpline)
Info    : [ 70%] Meshing curve 10 (BSpline)
Info    : [ 90%] Meshing curve 12 (Circle)
Info    : Done meshing 1D (Wall 0.0220822s, CPU 0.022081s)
Info    : Meshing 2D...
Info    : [  0%] Meshing surface 1 (Plane, Frontal-Delaunay)
Info    : [ 20%] Meshing surface 2 (Plane, Frontal-Delaunay)
Info    : [ 40%] Meshing surface 3 (BSpline surface, Frontal-Delaunay)
Info    : [ 60%] Meshing surface 4 (BSpline surface, Frontal-Delaunay)
Info    : [ 70%] Meshing surface 5 (Plane, Frontal-Delaunay)
Info    : [ 90%] Meshing surface 6 (Sphere, Frontal-Delaunay)
Info    : Done meshing 2D (Wall 0.712591s, CPU 0.712554s)
Info    : Meshing 3D...
Info    : 3D Meshing 2 volumes with 2 connected components
Info    : Tetrahedrizing 12451 nodes...
Info    : Done tetrahedrizing 12459 nodes (Wall 0.147813s, CPU 0.141777s)
Info    : Reconstructing mesh...
Info    :  - Creating surface mesh
Info    :  - Identifying boundary edges
Info    :  - Recovering boundary
Info    : Done reconstructing mesh (Wall 0.379098s, CPU 0.362041s)
Info    : Found volume 1
Info    : It. 0 - 0 nodes created - worst tet radius 1.04607 (nodes removed 0 0)
Info    : 3D refinement terminated (13090 nodes total):
Info    :  - 0 Delaunay cavities modified for star shapeness
Info    :  - 0 nodes could not be inserted
Info    :  - 41890 tetrahedra created in 0.0209385 sec. (2000623 tets/s)
Info    : 0 node relocations
Info    : Tetrahedrizing 134 nodes...
Info    : Done tetrahedrizing 142 nodes (Wall 0.000756319s, CPU 0s)
Info    : Reconstructing mesh...
Info    :  - Creating surface mesh
Info    :  - Identifying boundary edges
Info    :  - Recovering boundary
Info    : Done reconstructing mesh (Wall 0.00170855s, CPU 0.00072s)
Info    : Found volume 2
Info    : It. 0 - 0 nodes created - worst tet radius 3.00574 (nodes removed 0 0)
Info    : 3D refinement terminated (12670 nodes total):
Info    :  - 1 Delaunay cavities modified for star shapeness
Info    :  - 1 nodes could not be inserted
Info    :  - 526 tetrahedra created in 0.00231582 sec. (227133 tets/s)
Info    : 1 node relocations
Info    : Done meshing 3D (Wall 0.703315s, CPU 0.685182s)
Info    : Optimizing mesh...
Info    : Optimizing volume 1
Info    : Optimization starts (volume = 235.616) with worst = 0.00448226 / average = 0.678628:
Info    : 0.00 < quality < 0.10 :       131 elements
Info    : 0.10 < quality < 0.20 :       429 elements
Info    : 0.20 < quality < 0.30 :       802 elements
Info    : 0.30 < quality < 0.40 :      1230 elements
Info    : 0.40 < quality < 0.50 :      1832 elements
Info    : 0.50 < quality < 0.60 :      3505 elements
Info    : 0.60 < quality < 0.70 :      9418 elements
Info    : 0.70 < quality < 0.80 :     21259 elements
Info    : 0.80 < quality < 0.90 :      1867 elements
Info    : 0.90 < quality < 1.00 :      1417 elements
Info    : 1293 edge swaps, 15 node relocations (volume = 235.616): worst = 0.0879311 / average = 0.696056 (Wall 0.0199706s, CPU 0.019971s)
Info    : 1352 edge swaps, 17 node relocations (volume = 235.616): worst = 0.123015 / average = 0.696718 (Wall 0.0247707s, CPU 0.024771s)
Info    : 1358 edge swaps, 17 node relocations (volume = 235.616): worst = 0.162173 / average = 0.696757 (Wall 0.028122s, CPU 0.028124s)
Info    : 1359 edge swaps, 17 node relocations (volume = 235.616): worst = 0.162173 / average = 0.696757 (Wall 0.0310354s, CPU 0.031037s)
Info    : No ill-shaped tets in the mesh :-)
Info    : 0.00 < quality < 0.10 :         0 elements
Info    : 0.10 < quality < 0.20 :         3 elements
Info    : 0.20 < quality < 0.30 :        23 elements
Info    : 0.30 < quality < 0.40 :      1130 elements
Info    : 0.40 < quality < 0.50 :      1493 elements
Info    : 0.50 < quality < 0.60 :      3554 elements
Info    : 0.60 < quality < 0.70 :     10024 elements
Info    : 0.70 < quality < 0.80 :     21017 elements
Info    : 0.80 < quality < 0.90 :      2013 elements
Info    : 0.90 < quality < 1.00 :      1420 elements
Info    : Optimizing volume 2
Info    : Optimization starts (volume = 0.256614) with worst = 0.107168 / average = 0.757308:
Info    : 0.00 < quality < 0.10 :         0 elements
Info    : 0.10 < quality < 0.20 :         4 elements
Info    : 0.20 < quality < 0.30 :         4 elements
Info    : 0.30 < quality < 0.40 :         9 elements
Info    : 0.40 < quality < 0.50 :        14 elements
Info    : 0.50 < quality < 0.60 :        19 elements
Info    : 0.60 < quality < 0.70 :        81 elements
Info    : 0.70 < quality < 0.80 :       176 elements
Info    : 0.80 < quality < 0.90 :       154 elements
Info    : 0.90 < quality < 1.00 :        65 elements
Info    : 7 edge swaps, 0 node relocations (volume = 0.256614): worst = 0.123787 / average = 0.764915 (Wall 0.000144071s, CPU 0.000146s)
Info    : No ill-shaped tets in the mesh :-)
Info    : 0.00 < quality < 0.10 :         0 elements
Info    : 0.10 < quality < 0.20 :         1 elements
Info    : 0.20 < quality < 0.30 :         0 elements
Info    : 0.30 < quality < 0.40 :        10 elements
Info    : 0.40 < quality < 0.50 :        13 elements
Info    : 0.50 < quality < 0.60 :        19 elements
Info    : 0.60 < quality < 0.70 :        78 elements
Info    : 0.70 < quality < 0.80 :       181 elements
Info    : 0.80 < quality < 0.90 :       153 elements
Info    : 0.90 < quality < 1.00 :        65 elements
Info    : Done optimizing mesh (Wall 0.0580164s, CPU 0.058003s)
Info    : 13577 nodes 67680 elements
Info    : Meshing order 2 (curvilinear on)...
Info    : [  0%] Meshing curve 1 order 2
Info    : [ 10%] Meshing curve 2 order 2
Info    : [ 10%] Meshing curve 3 order 2
Info    : [ 20%] Meshing curve 4 order 2
Info    : [ 20%] Meshing curve 5 order 2
Info    : [ 30%] Meshing curve 6 order 2
Info    : [ 30%] Meshing curve 7 order 2
Info    : [ 40%] Meshing curve 8 order 2
Info    : [ 40%] Meshing curve 9 order 2
Info    : [ 50%] Meshing curve 10 order 2
Info    : [ 50%] Meshing curve 11 order 2
Info    : [ 60%] Meshing curve 12 order 2
Info    : [ 60%] Meshing curve 13 order 2
Info    : [ 70%] Meshing surface 1 order 2
Info    : [ 70%] Meshing surface 2 order 2
Info    : [ 80%] Meshing surface 3 order 2
Info    : [ 80%] Meshing surface 4 order 2
Info    : [ 90%] Meshing surface 5 order 2
Info    : [ 90%] Meshing surface 6 order 2
Info    : [100%] Meshing volume 1 order 2
Info    : [100%] Meshing volume 2 order 2
Info    : Surface mesh: worst distortion = 0.777379 (0 elements in ]0, 0.2]); worst gamma = 0.141531
Warning : Volume mesh: worst distortion = -0.0394795 (avg = 0.958925, 1 elements with jac. < 0)
Info    : Done meshing order 2 (Wall 13.4599s, CPU 13.4531s)
Info    : Writing '/home/user/mscr-mom/현서/scripts/contact_scenarios/fea/matv2wire_mesh_LM25_phiN30_b0_s70.inp'...
Info    : Done writing '/home/user/mscr-mom/현서/scripts/contact_scenarios/fea/matv2wire_mesh_LM25_phiN30_b0_s70.inp'
  [LM25_phiN30_b0] [실패] (18.3s)
[LM25_phiN30_b0 8/10] L_M=25.0, phi=-30.0, beta=0.0, s=80.0mm, push_depth=0.1mm (wire) ...
Info    : Meshing 1D...
Info    : [  0%] Meshing curve 1 (BSpline)
Info    : [ 10%] Meshing curve 2 (Ellipse)
Info    : [ 20%] Meshing curve 3 (Ellipse)
Info    : [ 30%] Meshing curve 4 (BSpline)
Info    : [ 40%] Meshing curve 5 (BSpline)
Info    : [ 40%] Meshing curve 6 (BSpline)
Info    : [ 50%] Meshing curve 7 (BSpline)
Info    : [ 60%] Meshing curve 8 (BSpline)
Info    : [ 70%] Meshing curve 9 (BSpline)
Info    : [ 70%] Meshing curve 10 (BSpline)
Info    : [ 90%] Meshing curve 12 (Circle)
Info    : Done meshing 1D (Wall 0.0234814s, CPU 0.023483s)
Info    : Meshing 2D...
Info    : [  0%] Meshing surface 1 (Plane, Frontal-Delaunay)
Info    : [ 20%] Meshing surface 2 (Plane, Frontal-Delaunay)
Info    : [ 40%] Meshing surface 3 (BSpline surface, Frontal-Delaunay)
Info    : [ 60%] Meshing surface 4 (BSpline surface, Frontal-Delaunay)
Info    : [ 70%] Meshing surface 5 (Plane, Frontal-Delaunay)
Info    : [ 90%] Meshing surface 6 (Sphere, Frontal-Delaunay)
Info    : Done meshing 2D (Wall 0.748226s, CPU 0.74817s)
Info    : Meshing 3D...
Info    : 3D Meshing 2 volumes with 2 connected components
Info    : Tetrahedrizing 12451 nodes...
Info    : Done tetrahedrizing 12459 nodes (Wall 0.143741s, CPU 0.13674s)
Info    : Reconstructing mesh...
Info    :  - Creating surface mesh
Info    :  - Identifying boundary edges
Info    :  - Recovering boundary
Info    : Done reconstructing mesh (Wall 0.327729s, CPU 0.309709s)
Info    : Found volume 1
Info    : It. 0 - 0 nodes created - worst tet radius 1.04607 (nodes removed 0 0)
Info    : 3D refinement terminated (13090 nodes total):
Info    :  - 0 Delaunay cavities modified for star shapeness
Info    :  - 0 nodes could not be inserted
Info    :  - 41890 tetrahedra created in 0.0213204 sec. (1964787 tets/s)
Info    : 0 node relocations
Info    : Tetrahedrizing 134 nodes...
Info    : Done tetrahedrizing 142 nodes (Wall 0.00077028s, CPU 0.000771s)
Info    : Reconstructing mesh...
Info    :  - Creating surface mesh
Info    :  - Identifying boundary edges
Info    :  - Recovering boundary
Info    : Done reconstructing mesh (Wall 0.00170196s, CPU 0.001703s)
Info    : Found volume 2
Info    : It. 0 - 0 nodes created - worst tet radius 3.00574 (nodes removed 0 0)
Info    : 3D refinement terminated (12670 nodes total):
Info    :  - 1 Delaunay cavities modified for star shapeness
Info    :  - 1 nodes could not be inserted
Info    :  - 526 tetrahedra created in 0.00341118 sec. (154198 tets/s)
Info    : 1 node relocations
Info    : Done meshing 3D (Wall 0.61756s, CPU 0.598532s)
Info    : Optimizing mesh...
Info    : Optimizing volume 1
Info    : Optimization starts (volume = 235.616) with worst = 0.00448226 / average = 0.678628:
Info    : 0.00 < quality < 0.10 :       131 elements
Info    : 0.10 < quality < 0.20 :       429 elements
Info    : 0.20 < quality < 0.30 :       802 elements
Info    : 0.30 < quality < 0.40 :      1230 elements
Info    : 0.40 < quality < 0.50 :      1832 elements
Info    : 0.50 < quality < 0.60 :      3505 elements
Info    : 0.60 < quality < 0.70 :      9418 elements
Info    : 0.70 < quality < 0.80 :     21259 elements
Info    : 0.80 < quality < 0.90 :      1867 elements
Info    : 0.90 < quality < 1.00 :      1417 elements
Info    : 1293 edge swaps, 15 node relocations (volume = 235.616): worst = 0.0879311 / average = 0.696056 (Wall 0.0158755s, CPU 0.015883s)
Info    : 1352 edge swaps, 17 node relocations (volume = 235.616): worst = 0.123015 / average = 0.696718 (Wall 0.0192302s, CPU 0.01924s)
Info    : 1358 edge swaps, 17 node relocations (volume = 235.616): worst = 0.162173 / average = 0.696757 (Wall 0.0216188s, CPU 0.021629s)
Info    : 1359 edge swaps, 17 node relocations (volume = 235.616): worst = 0.162173 / average = 0.696757 (Wall 0.0237283s, CPU 0.02374s)
Info    : No ill-shaped tets in the mesh :-)
Info    : 0.00 < quality < 0.10 :         0 elements
Info    : 0.10 < quality < 0.20 :         3 elements
Info    : 0.20 < quality < 0.30 :        23 elements
Info    : 0.30 < quality < 0.40 :      1130 elements
Info    : 0.40 < quality < 0.50 :      1493 elements
Info    : 0.50 < quality < 0.60 :      3554 elements
Info    : 0.60 < quality < 0.70 :     10024 elements
Info    : 0.70 < quality < 0.80 :     21017 elements
Info    : 0.80 < quality < 0.90 :      2013 elements
Info    : 0.90 < quality < 1.00 :      1420 elements
Info    : Optimizing volume 2
Info    : Optimization starts (volume = 0.256614) with worst = 0.107168 / average = 0.757308:
Info    : 0.00 < quality < 0.10 :         0 elements
Info    : 0.10 < quality < 0.20 :         4 elements
Info    : 0.20 < quality < 0.30 :         4 elements
Info    : 0.30 < quality < 0.40 :         9 elements
Info    : 0.40 < quality < 0.50 :        14 elements
Info    : 0.50 < quality < 0.60 :        19 elements
Info    : 0.60 < quality < 0.70 :        81 elements
Info    : 0.70 < quality < 0.80 :       176 elements
Info    : 0.80 < quality < 0.90 :       154 elements
Info    : 0.90 < quality < 1.00 :        65 elements
Info    : 7 edge swaps, 1 node relocations (volume = 0.256614): worst = 0.123787 / average = 0.764915 (Wall 0.000114826s, CPU 0.000115s)
Info    : No ill-shaped tets in the mesh :-)
Info    : 0.00 < quality < 0.10 :         0 elements
Info    : 0.10 < quality < 0.20 :         1 elements
Info    : 0.20 < quality < 0.30 :         0 elements
Info    : 0.30 < quality < 0.40 :        10 elements
Info    : 0.40 < quality < 0.50 :        13 elements
Info    : 0.50 < quality < 0.60 :        19 elements
Info    : 0.60 < quality < 0.70 :        78 elements
Info    : 0.70 < quality < 0.80 :       181 elements
Info    : 0.80 < quality < 0.90 :       153 elements
Info    : 0.90 < quality < 1.00 :        65 elements
Info    : Done optimizing mesh (Wall 0.0471192s, CPU 0.046116s)
Info    : 13577 nodes 67680 elements
Info    : Meshing order 2 (curvilinear on)...
Info    : [  0%] Meshing curve 1 order 2
Info    : [ 10%] Meshing curve 2 order 2
Info    : [ 10%] Meshing curve 3 order 2
Info    : [ 20%] Meshing curve 4 order 2
Info    : [ 20%] Meshing curve 5 order 2
Info    : [ 30%] Meshing curve 6 order 2
Info    : [ 30%] Meshing curve 7 order 2
Info    : [ 40%] Meshing curve 8 order 2
Info    : [ 40%] Meshing curve 9 order 2
Info    : [ 50%] Meshing curve 10 order 2
Info    : [ 50%] Meshing curve 11 order 2
Info    : [ 60%] Meshing curve 12 order 2
Info    : [ 60%] Meshing curve 13 order 2
Info    : [ 70%] Meshing surface 1 order 2
Info    : [ 70%] Meshing surface 2 order 2
Info    : [ 80%] Meshing surface 3 order 2
Info    : [ 80%] Meshing surface 4 order 2
Info    : [ 90%] Meshing surface 5 order 2
Info    : [ 90%] Meshing surface 6 order 2
Info    : [100%] Meshing volume 1 order 2
Info    : [100%] Meshing volume 2 order 2
Info    : Surface mesh: worst distortion = 0.777379 (0 elements in ]0, 0.2]); worst gamma = 0.141531
Warning : Volume mesh: worst distortion = -0.0394795 (avg = 0.958925, 1 elements with jac. < 0)
Info    : Done meshing order 2 (Wall 14.0794s, CPU 14.07s)
Info    : Writing '/home/user/mscr-mom/현서/scripts/contact_scenarios/fea/matv2wire_mesh_LM25_phiN30_b0_s80.inp'...
Info    : Done writing '/home/user/mscr-mom/현서/scripts/contact_scenarios/fea/matv2wire_mesh_LM25_phiN30_b0_s80.inp'
  [LM25_phiN30_b0] [실패] (18.8s)
[LM25_phiN30_b0 9/10] L_M=25.0, phi=-30.0, beta=0.0, s=90.0mm, push_depth=0.1mm (wire) ...
Info    : Meshing 1D...
Info    : [  0%] Meshing curve 1 (BSpline)
Info    : [ 10%] Meshing curve 2 (Ellipse)
Info    : [ 20%] Meshing curve 3 (Ellipse)
Info    : [ 30%] Meshing curve 4 (BSpline)
Info    : [ 40%] Meshing curve 5 (BSpline)
Info    : [ 40%] Meshing curve 6 (BSpline)
Info    : [ 50%] Meshing curve 7 (BSpline)
Info    : [ 60%] Meshing curve 8 (BSpline)
Info    : [ 70%] Meshing curve 9 (BSpline)
Info    : [ 70%] Meshing curve 10 (BSpline)
Info    : [ 90%] Meshing curve 12 (Circle)
Info    : Done meshing 1D (Wall 0.0228517s, CPU 0.022851s)
Info    : Meshing 2D...
Info    : [  0%] Meshing surface 1 (Plane, Frontal-Delaunay)
Info    : [ 20%] Meshing surface 2 (Plane, Frontal-Delaunay)
Info    : [ 40%] Meshing surface 3 (BSpline surface, Frontal-Delaunay)
Info    : [ 60%] Meshing surface 4 (BSpline surface, Frontal-Delaunay)
Info    : [ 70%] Meshing surface 5 (Plane, Frontal-Delaunay)
Info    : [ 90%] Meshing surface 6 (Sphere, Frontal-Delaunay)
Info    : Done meshing 2D (Wall 0.728153s, CPU 0.72812s)
Info    : Meshing 3D...
Info    : 3D Meshing 2 volumes with 2 connected components
Info    : Tetrahedrizing 12451 nodes...
Info    : Done tetrahedrizing 12459 nodes (Wall 0.145234s, CPU 0.13624s)
Info    : Reconstructing mesh...
Info    :  - Creating surface mesh
Info    :  - Identifying boundary edges
Info    :  - Recovering boundary
Info    : Done reconstructing mesh (Wall 0.361065s, CPU 0.340052s)
Info    : Found volume 1
Info    : It. 0 - 0 nodes created - worst tet radius 1.04607 (nodes removed 0 0)
Info    : 3D refinement terminated (13092 nodes total):
Info    :  - 0 Delaunay cavities modified for star shapeness
Info    :  - 0 nodes could not be inserted
Info    :  - 41890 tetrahedra created in 0.0533363 sec. (785393 tets/s)
Info    : 0 node relocations
Info    : Tetrahedrizing 136 nodes...
Info    : Done tetrahedrizing 144 nodes (Wall 0.00106506s, CPU 0.001066s)
Info    : Reconstructing mesh...
Info    :  - Creating surface mesh
Info    :  - Identifying boundary edges
Info    :  - Recovering boundary
Info    : Done reconstructing mesh (Wall 0.00332106s, CPU 0.002762s)
Info    : Found volume 2
Info    : It. 0 - 0 nodes created - worst tet radius 3.184 (nodes removed 0 0)
Info    : 3D refinement terminated (12670 nodes total):
Info    :  - 0 Delaunay cavities modified for star shapeness
Info    :  - 0 nodes could not be inserted
Info    :  - 522 tetrahedra created in 0.00540748 sec. (96533 tets/s)
Info    : 0 node relocations
Info    : Done meshing 3D (Wall 0.752721s, CPU 0.70676s)
Info    : Optimizing mesh...
Info    : Optimizing volume 1
Info    : Optimization starts (volume = 235.616) with worst = 0.00448226 / average = 0.678628:
Info    : 0.00 < quality < 0.10 :       131 elements
Info    : 0.10 < quality < 0.20 :       429 elements
Info    : 0.20 < quality < 0.30 :       802 elements
Info    : 0.30 < quality < 0.40 :      1230 elements
Info    : 0.40 < quality < 0.50 :      1832 elements
Info    : 0.50 < quality < 0.60 :      3505 elements
Info    : 0.60 < quality < 0.70 :      9418 elements
Info    : 0.70 < quality < 0.80 :     21259 elements
Info    : 0.80 < quality < 0.90 :      1867 elements
Info    : 0.90 < quality < 1.00 :      1417 elements
Info    : 1293 edge swaps, 15 node relocations (volume = 235.616): worst = 0.0879311 / average = 0.696056 (Wall 0.0151388s, CPU 0.015139s)
Info    : 1352 edge swaps, 17 node relocations (volume = 235.616): worst = 0.123015 / average = 0.696718 (Wall 0.0182987s, CPU 0.0183s)
Info    : 1358 edge swaps, 17 node relocations (volume = 235.616): worst = 0.162173 / average = 0.696757 (Wall 0.0205359s, CPU 0.020539s)
Info    : 1359 edge swaps, 17 node relocations (volume = 235.616): worst = 0.162173 / average = 0.696757 (Wall 0.0226041s, CPU 0.022607s)
Info    : No ill-shaped tets in the mesh :-)
Info    : 0.00 < quality < 0.10 :         0 elements
Info    : 0.10 < quality < 0.20 :         3 elements
Info    : 0.20 < quality < 0.30 :        23 elements
Info    : 0.30 < quality < 0.40 :      1130 elements
Info    : 0.40 < quality < 0.50 :      1493 elements
Info    : 0.50 < quality < 0.60 :      3554 elements
Info    : 0.60 < quality < 0.70 :     10024 elements
Info    : 0.70 < quality < 0.80 :     21017 elements
Info    : 0.80 < quality < 0.90 :      2013 elements
Info    : 0.90 < quality < 1.00 :      1420 elements
Info    : Optimizing volume 2
Info    : Optimization starts (volume = 0.256759) with worst = 0.0483417 / average = 0.74373:
Info    : 0.00 < quality < 0.10 :         1 elements
Info    : 0.10 < quality < 0.20 :         5 elements
Info    : 0.20 < quality < 0.30 :         6 elements
Info    : 0.30 < quality < 0.40 :        11 elements
Info    : 0.40 < quality < 0.50 :        16 elements
Info    : 0.50 < quality < 0.60 :        17 elements
Info    : 0.60 < quality < 0.70 :        91 elements
Info    : 0.70 < quality < 0.80 :       173 elements
Info    : 0.80 < quality < 0.90 :       150 elements
Info    : 0.90 < quality < 1.00 :        52 elements
Info    : 12 edge swaps, 0 node relocations (volume = 0.256759): worst = 0.321053 / average = 0.755113 (Wall 0.000139865s, CPU 0.00014s)
Info    : No ill-shaped tets in the mesh :-)
Info    : 0.00 < quality < 0.10 :         0 elements
Info    : 0.10 < quality < 0.20 :         0 elements
Info    : 0.20 < quality < 0.30 :         0 elements
Info    : 0.30 < quality < 0.40 :        10 elements
Info    : 0.40 < quality < 0.50 :        16 elements
Info    : 0.50 < quality < 0.60 :        21 elements
Info    : 0.60 < quality < 0.70 :        92 elements
Info    : 0.70 < quality < 0.80 :       173 elements
Info    : 0.80 < quality < 0.90 :       149 elements
Info    : 0.90 < quality < 1.00 :        52 elements
Info    : Done optimizing mesh (Wall 0.0473233s, CPU 0.047323s)
Info    : 13577 nodes 67677 elements
Info    : Meshing order 2 (curvilinear on)...
Info    : [  0%] Meshing curve 1 order 2
Info    : [ 10%] Meshing curve 2 order 2
Info    : [ 10%] Meshing curve 3 order 2
Info    : [ 20%] Meshing curve 4 order 2
Info    : [ 20%] Meshing curve 5 order 2
Info    : [ 30%] Meshing curve 6 order 2
Info    : [ 30%] Meshing curve 7 order 2
Info    : [ 40%] Meshing curve 8 order 2
Info    : [ 40%] Meshing curve 9 order 2
Info    : [ 50%] Meshing curve 10 order 2
Info    : [ 50%] Meshing curve 11 order 2
Info    : [ 60%] Meshing curve 12 order 2
Info    : [ 60%] Meshing curve 13 order 2
Info    : [ 70%] Meshing surface 1 order 2
Info    : [ 70%] Meshing surface 2 order 2
Info    : [ 80%] Meshing surface 3 order 2
Info    : [ 80%] Meshing surface 4 order 2
Info    : [ 90%] Meshing surface 5 order 2
Info    : [ 90%] Meshing surface 6 order 2
Info    : [100%] Meshing volume 1 order 2
Info    : [100%] Meshing volume 2 order 2
Info    : Surface mesh: worst distortion = 0.797589 (0 elements in ]0, 0.2]); worst gamma = 0.534737
Warning : Volume mesh: worst distortion = -0.0394795 (avg = 0.958921, 1 elements with jac. < 0)
Info    : Done meshing order 2 (Wall 13.2591s, CPU 13.2423s)
Info    : Writing '/home/user/mscr-mom/현서/scripts/contact_scenarios/fea/matv2wire_mesh_LM25_phiN30_b0_s90.inp'...
Info    : Done writing '/home/user/mscr-mom/현서/scripts/contact_scenarios/fea/matv2wire_mesh_LM25_phiN30_b0_s90.inp'
  [LM25_phiN30_b0] [실패] (18.1s)
[LM25_phiN30_b0 10/10] L_M=25.0, phi=-30.0, beta=0.0, s=100.0mm, push_depth=0.1mm (wire) ...
Info    : Meshing 1D...
Info    : [  0%] Meshing curve 1 (BSpline)
Info    : [ 10%] Meshing curve 2 (Ellipse)
Info    : [ 20%] Meshing curve 3 (Ellipse)
Info    : [ 30%] Meshing curve 4 (BSpline)
Info    : [ 40%] Meshing curve 5 (BSpline)
Info    : [ 40%] Meshing curve 6 (BSpline)
Info    : [ 50%] Meshing curve 7 (BSpline)
Info    : [ 60%] Meshing curve 8 (BSpline)
Info    : [ 70%] Meshing curve 9 (BSpline)
Info    : [ 70%] Meshing curve 10 (BSpline)
Info    : [ 90%] Meshing curve 12 (Circle)
Info    : Done meshing 1D (Wall 0.0377445s, CPU 0.037743s)
Info    : Meshing 2D...
Info    : [  0%] Meshing surface 1 (Plane, Frontal-Delaunay)
Info    : [ 20%] Meshing surface 2 (Plane, Frontal-Delaunay)
Info    : [ 40%] Meshing surface 3 (BSpline surface, Frontal-Delaunay)
Info    : [ 60%] Meshing surface 4 (BSpline surface, Frontal-Delaunay)
Info    : [ 70%] Meshing surface 5 (Plane, Frontal-Delaunay)
Info    : [ 90%] Meshing surface 6 (Sphere, Frontal-Delaunay)
Info    : Done meshing 2D (Wall 0.723592s, CPU 0.723555s)
Info    : Meshing 3D...
Info    : 3D Meshing 2 volumes with 2 connected components
Info    : Tetrahedrizing 12451 nodes...
Info    : Done tetrahedrizing 12459 nodes (Wall 0.147575s, CPU 0.138561s)
Info    : Reconstructing mesh...
Info    :  - Creating surface mesh
Info    :  - Identifying boundary edges
Info    :  - Recovering boundary
Info    : Done reconstructing mesh (Wall 0.356412s, CPU 0.335391s)
Info    : Found volume 1
Info    : It. 0 - 0 nodes created - worst tet radius 1.04607 (nodes removed 0 0)
Info    : 3D refinement terminated (13092 nodes total):
Info    :  - 0 Delaunay cavities modified for star shapeness
Info    :  - 0 nodes could not be inserted
Info    :  - 41890 tetrahedra created in 0.0302131 sec. (1386485 tets/s)
Info    : 0 node relocations
Info    : Tetrahedrizing 136 nodes...
Info    : Done tetrahedrizing 144 nodes (Wall 0.000793195s, CPU 0.000793s)
Info    : Reconstructing mesh...
Info    :  - Creating surface mesh
Info    :  - Identifying boundary edges
Info    :  - Recovering boundary
Info    : Done reconstructing mesh (Wall 0.00184086s, CPU 0.001844s)
Info    : Found volume 2
Info    : It. 0 - 0 nodes created - worst tet radius 3.184 (nodes removed 0 0)
Info    : 3D refinement terminated (12669 nodes total):
Info    :  - 0 Delaunay cavities modified for star shapeness
Info    :  - 0 nodes could not be inserted
Info    :  - 518 tetrahedra created in 0.00327878 sec. (157985 tets/s)
Info    : 0 node relocations
Info    : Done meshing 3D (Wall 0.693841s, CPU 0.671813s)
Info    : Optimizing mesh...
Info    : Optimizing volume 1
Info    : Optimization starts (volume = 235.616) with worst = 0.00448226 / average = 0.678628:
Info    : 0.00 < quality < 0.10 :       131 elements
Info    : 0.10 < quality < 0.20 :       429 elements
Info    : 0.20 < quality < 0.30 :       802 elements
Info    : 0.30 < quality < 0.40 :      1230 elements
Info    : 0.40 < quality < 0.50 :      1832 elements
Info    : 0.50 < quality < 0.60 :      3505 elements
Info    : 0.60 < quality < 0.70 :      9418 elements
Info    : 0.70 < quality < 0.80 :     21259 elements
Info    : 0.80 < quality < 0.90 :      1867 elements
Info    : 0.90 < quality < 1.00 :      1417 elements
Info    : 1293 edge swaps, 15 node relocations (volume = 235.616): worst = 0.0879311 / average = 0.696056 (Wall 0.01519s, CPU 0.01519s)
Info    : 1352 edge swaps, 17 node relocations (volume = 235.616): worst = 0.123015 / average = 0.696718 (Wall 0.0182914s, CPU 0.018292s)
Info    : 1358 edge swaps, 17 node relocations (volume = 235.616): worst = 0.162173 / average = 0.696757 (Wall 0.0205963s, CPU 0.020599s)
Info    : 1359 edge swaps, 17 node relocations (volume = 235.616): worst = 0.162173 / average = 0.696757 (Wall 0.0226725s, CPU 0.022675s)
Info    : No ill-shaped tets in the mesh :-)
Info    : 0.00 < quality < 0.10 :         0 elements
Info    : 0.10 < quality < 0.20 :         3 elements
Info    : 0.20 < quality < 0.30 :        23 elements
Info    : 0.30 < quality < 0.40 :      1130 elements
Info    : 0.40 < quality < 0.50 :      1493 elements
Info    : 0.50 < quality < 0.60 :      3554 elements
Info    : 0.60 < quality < 0.70 :     10024 elements
Info    : 0.70 < quality < 0.80 :     21017 elements
Info    : 0.80 < quality < 0.90 :      2013 elements
Info    : 0.90 < quality < 1.00 :      1420 elements
Info    : Optimizing volume 2
Info    : Optimization starts (volume = 0.256759) with worst = 0.0336455 / average = 0.739462:
Info    : 0.00 < quality < 0.10 :         1 elements
Info    : 0.10 < quality < 0.20 :         3 elements
Info    : 0.20 < quality < 0.30 :         4 elements
Info    : 0.30 < quality < 0.40 :        13 elements
Info    : 0.40 < quality < 0.50 :        16 elements
Info    : 0.50 < quality < 0.60 :        29 elements
Info    : 0.60 < quality < 0.70 :        82 elements
Info    : 0.70 < quality < 0.80 :       193 elements
Info    : 0.80 < quality < 0.90 :       132 elements
Info    : 0.90 < quality < 1.00 :        45 elements
Info    : 8 edge swaps, 0 node relocations (volume = 0.256759): worst = 0.305428 / average = 0.747034 (Wall 0.000103178s, CPU 0.000104s)
Info    : No ill-shaped tets in the mesh :-)
Info    : 0.00 < quality < 0.10 :         0 elements
Info    : 0.10 < quality < 0.20 :         0 elements
Info    : 0.20 < quality < 0.30 :         0 elements
Info    : 0.30 < quality < 0.40 :        13 elements
Info    : 0.40 < quality < 0.50 :        15 elements
Info    : 0.50 < quality < 0.60 :        34 elements
Info    : 0.60 < quality < 0.70 :        79 elements
Info    : 0.70 < quality < 0.80 :       192 elements
Info    : 0.80 < quality < 0.90 :       134 elements
Info    : 0.90 < quality < 1.00 :        45 elements
Info    : Done optimizing mesh (Wall 0.0459422s, CPU 0.045936s)
Info    : 13576 nodes 67676 elements
Info    : Meshing order 2 (curvilinear on)...
Info    : [  0%] Meshing curve 1 order 2
Info    : [ 10%] Meshing curve 2 order 2
Info    : [ 10%] Meshing curve 3 order 2
Info    : [ 20%] Meshing curve 4 order 2
Info    : [ 20%] Meshing curve 5 order 2
Info    : [ 30%] Meshing curve 6 order 2
Info    : [ 30%] Meshing curve 7 order 2
Info    : [ 40%] Meshing curve 8 order 2
Info    : [ 40%] Meshing curve 9 order 2
Info    : [ 50%] Meshing curve 10 order 2
Info    : [ 50%] Meshing curve 11 order 2
Info    : [ 60%] Meshing curve 12 order 2
Info    : [ 60%] Meshing curve 13 order 2
Info    : [ 70%] Meshing surface 1 order 2
Info    : [ 70%] Meshing surface 2 order 2
Info    : [ 80%] Meshing surface 3 order 2
Info    : [ 80%] Meshing surface 4 order 2
Info    : [ 90%] Meshing surface 5 order 2
Info    : [ 90%] Meshing surface 6 order 2
Info    : [100%] Meshing volume 1 order 2
Info    : [100%] Meshing volume 2 order 2
Info    : Surface mesh: worst distortion = 0.797589 (0 elements in ]0, 0.2]); worst gamma = 0.534737
Warning : Volume mesh: worst distortion = -0.0394795 (avg = 0.958919, 1 elements with jac. < 0)
Info    : Done meshing order 2 (Wall 13.0578s, CPU 13.0499s)
Info    : Writing '/home/user/mscr-mom/현서/scripts/contact_scenarios/fea/matv2wire_mesh_LM25_phiN30_b0_s100.inp'...
Info    : Done writing '/home/user/mscr-mom/현서/scripts/contact_scenarios/fea/matv2wire_mesh_LM25_phiN30_b0_s100.inp'
  [LM25_phiN30_b0] [실패] (17.8s)
[LM25_phiN30_b0] 완료: 0/10 성공
