[LM75_phi00 1/10] L_M=75.0, phi=0.0, s=10.0mm, push_depth=0.1mm ...
Info    : Meshing 1D...
Info    : [  0%] Meshing curve 1 (BSpline)
Info    : [ 10%] Meshing curve 2 (Ellipse)
Info    : [ 20%] Meshing curve 3 (Ellipse)
Info    : [ 30%] Meshing curve 4 (BSpline)
Info    : [ 40%] Meshing curve 5 (BSpline)
Info    : [ 50%] Meshing curve 6 (BSpline)
Info    : [ 60%] Meshing curve 7 (BSpline)
Info    : [ 60%] Meshing curve 8 (BSpline)
Info    : [ 70%] Meshing curve 9 (BSpline)
Info    : [ 90%] Meshing curve 11 (Circle)
Info    : Done meshing 1D (Wall 0.00616216s, CPU 0.005276s)
Info    : Meshing 2D...
Info    : [  0%] Meshing surface 1 (Plane, Frontal-Delaunay)
Info    : [ 20%] Meshing surface 2 (Plane, Frontal-Delaunay)
Info    : [ 40%] Meshing surface 3 (BSpline surface, Frontal-Delaunay)
Info    : [ 60%] Meshing surface 4 (BSpline surface, Frontal-Delaunay)
Info    : [ 70%] Meshing surface 5 (Plane, Frontal-Delaunay)
Info    : [ 90%] Meshing surface 6 (Sphere, Frontal-Delaunay)
Info    : Done meshing 2D (Wall 0.492231s, CPU 0.48494s)
Info    : Meshing 3D...
Info    : 3D Meshing 2 volumes with 2 connected components
Info    : Tetrahedrizing 12312 nodes...
Info    : Done tetrahedrizing 12320 nodes (Wall 0.167188s, CPU 0.159096s)
Info    : Reconstructing mesh...
Info    :  - Creating surface mesh
Info    :  - Identifying boundary edges
Info    :  - Recovering boundary
Info    : Done reconstructing mesh (Wall 0.40061s, CPU 0.377409s)
Info    : Found volume 1
Info    : It. 0 - 0 nodes created - worst tet radius 1.04058 (nodes removed 0 0)
Info    : It. 500 - 500 nodes created - worst tet radius 1.00575 (nodes removed 0 0)
Info    : It. 1000 - 1000 nodes created - worst tet radius 1.00039 (nodes removed 0 0)
Info    : 3D refinement terminated (13554 nodes total):
Info    :  - 0 Delaunay cavities modified for star shapeness
Info    :  - 0 nodes could not be inserted
Info    :  - 45491 tetrahedra created in 0.0506341 sec. (898425 tets/s)
Info    : 0 node relocations
Info    : Tetrahedrizing 132 nodes...
Info    : Done tetrahedrizing 140 nodes (Wall 0.000817528s, CPU 0.000726s)
Info    : Reconstructing mesh...
Info    :  - Creating surface mesh
Info    :  - Identifying boundary edges
Info    :  - Recovering boundary
Info    : Done reconstructing mesh (Wall 0.00201121s, CPU 0.001922s)
Info    : Found volume 2
Info    : It. 0 - 0 nodes created - worst tet radius 3.12382 (nodes removed 0 0)
Info    : 3D refinement terminated (12527 nodes total):
Info    :  - 1 Delaunay cavities modified for star shapeness
Info    :  - 0 nodes could not be inserted
Info    :  - 511 tetrahedra created in 0.00386552 sec. (132194 tets/s)
Info    : 0 node relocations
Info    : Done meshing 3D (Wall 0.716938s, CPU 0.691626s)
Info    : Optimizing mesh...
Info    : Optimizing volume 1
Info    : Optimization starts (volume = 235.498) with worst = 0.000420018 / average = 0.693332:
Info    : 0.00 < quality < 0.10 :       349 elements
Info    : 0.10 < quality < 0.20 :       189 elements
Info    : 0.20 < quality < 0.30 :       861 elements
Info    : 0.30 < quality < 0.40 :      1067 elements
Info    : 0.40 < quality < 0.50 :      1699 elements
Info    : 0.50 < quality < 0.60 :      3132 elements
Info    : 0.60 < quality < 0.70 :     12809 elements
Info    : 0.70 < quality < 0.80 :     17519 elements
Info    : 0.80 < quality < 0.90 :      4221 elements
Info    : 0.90 < quality < 1.00 :      3645 elements
Info    : 1348 edge swaps, 26 node relocations (volume = 235.498): worst = 0.0900394 / average = 0.710775 (Wall 0.0163256s, CPU 0.016327s)
Info    : 1408 edge swaps, 27 node relocations (volume = 235.498): worst = 0.139829 / average = 0.711544 (Wall 0.0196062s, CPU 0.019608s)
Info    : 1411 edge swaps, 27 node relocations (volume = 235.498): worst = 0.139829 / average = 0.711588 (Wall 0.022019s, CPU 0.022016s)
Info    : No ill-shaped tets in the mesh :-)
Info    : 0.00 < quality < 0.10 :         0 elements
Info    : 0.10 < quality < 0.20 :         2 elements
Info    : 0.20 < quality < 0.30 :         5 elements
Info    : 0.30 < quality < 0.40 :       878 elements
Info    : 0.40 < quality < 0.50 :      1346 elements
Info    : 0.50 < quality < 0.60 :      3599 elements
Info    : 0.60 < quality < 0.70 :     13057 elements
Info    : 0.70 < quality < 0.80 :     16902 elements
Info    : 0.80 < quality < 0.90 :      4725 elements
Info    : 0.90 < quality < 1.00 :      3649 elements
Info    : Optimizing volume 2
Info    : Optimization starts (volume = 0.256468) with worst = 0.0697027 / average = 0.752922:
Info    : 0.00 < quality < 0.10 :         2 elements
Info    : 0.10 < quality < 0.20 :         3 elements
Info    : 0.20 < quality < 0.30 :         4 elements
Info    : 0.30 < quality < 0.40 :         9 elements
Info    : 0.40 < quality < 0.50 :        16 elements
Info    : 0.50 < quality < 0.60 :        19 elements
Info    : 0.60 < quality < 0.70 :        68 elements
Info    : 0.70 < quality < 0.80 :       182 elements
Info    : 0.80 < quality < 0.90 :       160 elements
Info    : 0.90 < quality < 1.00 :        48 elements
Info    : 9 edge swaps, 0 node relocations (volume = 0.256468): worst = 0.303906 / average = 0.763683 (Wall 0.000114806s, CPU 0.000108s)
Info    : No ill-shaped tets in the mesh :-)
Info    : 0.00 < quality < 0.10 :         0 elements
Info    : 0.10 < quality < 0.20 :         0 elements
Info    : 0.20 < quality < 0.30 :         0 elements
Info    : 0.30 < quality < 0.40 :        10 elements
Info    : 0.40 < quality < 0.50 :        16 elements
Info    : 0.50 < quality < 0.60 :        17 elements
Info    : 0.60 < quality < 0.70 :        70 elements
Info    : 0.70 < quality < 0.80 :       179 elements
Info    : 0.80 < quality < 0.90 :       162 elements
Info    : 0.90 < quality < 1.00 :        49 elements
Info    : Done optimizing mesh (Wall 0.0475372s, CPU 0.047502s)
Info    : 13956 nodes 70784 elements
Info    : Meshing order 2 (curvilinear on)...
Info    : [  0%] Meshing curve 1 order 2
Info    : [ 10%] Meshing curve 2 order 2
Info    : [ 20%] Meshing curve 3 order 2
Info    : [ 20%] Meshing curve 4 order 2
Info    : [ 30%] Meshing curve 5 order 2
Info    : [ 30%] Meshing curve 6 order 2
Info    : [ 40%] Meshing curve 7 order 2
Info    : [ 40%] Meshing curve 8 order 2
Info    : [ 50%] Meshing curve 9 order 2
Info    : [ 50%] Meshing curve 10 order 2
Info    : [ 60%] Meshing curve 11 order 2
Info    : [ 60%] Meshing curve 12 order 2
Info    : [ 70%] Meshing surface 1 order 2
Info    : [ 70%] Meshing surface 2 order 2
Info    : [ 80%] Meshing surface 3 order 2
Info    : [ 80%] Meshing surface 4 order 2
Info    : [ 90%] Meshing surface 5 order 2
Info    : [ 90%] Meshing surface 6 order 2
Info    : [100%] Meshing volume 1 order 2
Info    : [100%] Meshing volume 2 order 2
Info    : Surface mesh: worst distortion = 0.797589 (0 elements in ]0, 0.2]); worst gamma = 0.499267
Info    : Volume mesh: worst distortion = 0.228659 (0 elements in ]0, 0.2])
Info    : Done meshing order 2 (Wall 2.39171s, CPU 2.38943s)
Info    : Writing '/home/user/mscr-mom/현서/scripts/contact_scenarios/fea/lmphi_mesh_LM75_phi00_s10.inp'...
Info    : Done writing '/home/user/mscr-mom/현서/scripts/contact_scenarios/fea/lmphi_mesh_LM75_phi00_s10.inp'
  [LM75_phi00] F_mag=0.2319mN  (155.7s)
[LM75_phi00 2/10] L_M=75.0, phi=0.0, s=20.0mm, push_depth=0.1mm ...
Info    : Meshing 1D...
Info    : [  0%] Meshing curve 1 (BSpline)
Info    : [ 10%] Meshing curve 2 (Ellipse)
Info    : [ 20%] Meshing curve 3 (Ellipse)
Info    : [ 30%] Meshing curve 4 (BSpline)
Info    : [ 40%] Meshing curve 5 (BSpline)
Info    : [ 50%] Meshing curve 6 (BSpline)
Info    : [ 60%] Meshing curve 7 (BSpline)
Info    : [ 60%] Meshing curve 8 (BSpline)
Info    : [ 70%] Meshing curve 9 (BSpline)
Info    : [ 90%] Meshing curve 11 (Circle)
Info    : Done meshing 1D (Wall 0.00619133s, CPU 0.00612s)
Info    : Meshing 2D...
Info    : [  0%] Meshing surface 1 (Plane, Frontal-Delaunay)
Info    : [ 20%] Meshing surface 2 (Plane, Frontal-Delaunay)
Info    : [ 40%] Meshing surface 3 (BSpline surface, Frontal-Delaunay)
Info    : [ 60%] Meshing surface 4 (BSpline surface, Frontal-Delaunay)
Info    : [ 70%] Meshing surface 5 (Plane, Frontal-Delaunay)
Info    : [ 90%] Meshing surface 6 (Sphere, Frontal-Delaunay)
Info    : Done meshing 2D (Wall 0.508948s, CPU 0.508847s)
Info    : Meshing 3D...
Info    : 3D Meshing 2 volumes with 2 connected components
Info    : Tetrahedrizing 12312 nodes...
Info    : Done tetrahedrizing 12320 nodes (Wall 0.162423s, CPU 0.160379s)
Info    : Reconstructing mesh...
Info    :  - Creating surface mesh
Info    :  - Identifying boundary edges
Info    :  - Recovering boundary
Info    : Done reconstructing mesh (Wall 0.381028s, CPU 0.371935s)
Info    : Found volume 1
Info    : It. 0 - 0 nodes created - worst tet radius 1.04058 (nodes removed 0 0)
Info    : It. 500 - 500 nodes created - worst tet radius 1.00575 (nodes removed 0 0)
Info    : It. 1000 - 1000 nodes created - worst tet radius 1.00039 (nodes removed 0 0)
Info    : 3D refinement terminated (13554 nodes total):
Info    :  - 0 Delaunay cavities modified for star shapeness
Info    :  - 0 nodes could not be inserted
Info    :  - 45491 tetrahedra created in 0.0435563 sec. (1044418 tets/s)
Info    : 0 node relocations
Info    : Tetrahedrizing 132 nodes...
Info    : Done tetrahedrizing 140 nodes (Wall 0.000698757s, CPU 0.000699s)
Info    : Reconstructing mesh...
Info    :  - Creating surface mesh
Info    :  - Identifying boundary edges
Info    :  - Recovering boundary
Info    : Done reconstructing mesh (Wall 0.0018601s, CPU 0.001859s)
Info    : Found volume 2
Info    : It. 0 - 0 nodes created - worst tet radius 3.12382 (nodes removed 0 0)
Info    : 3D refinement terminated (12527 nodes total):
Info    :  - 1 Delaunay cavities modified for star shapeness
Info    :  - 0 nodes could not be inserted
Info    :  - 511 tetrahedra created in 0.00263029 sec. (194274 tets/s)
Info    : 0 node relocations
Info    : Done meshing 3D (Wall 0.669222s, CPU 0.660076s)
Info    : Optimizing mesh...
Info    : Optimizing volume 1
Info    : Optimization starts (volume = 235.498) with worst = 0.000420018 / average = 0.693332:
Info    : 0.00 < quality < 0.10 :       349 elements
Info    : 0.10 < quality < 0.20 :       189 elements
Info    : 0.20 < quality < 0.30 :       861 elements
Info    : 0.30 < quality < 0.40 :      1067 elements
Info    : 0.40 < quality < 0.50 :      1699 elements
Info    : 0.50 < quality < 0.60 :      3132 elements
Info    : 0.60 < quality < 0.70 :     12809 elements
Info    : 0.70 < quality < 0.80 :     17519 elements
Info    : 0.80 < quality < 0.90 :      4221 elements
Info    : 0.90 < quality < 1.00 :      3645 elements
Info    : 1348 edge swaps, 26 node relocations (volume = 235.498): worst = 0.0900394 / average = 0.710775 (Wall 0.0137624s, CPU 0.013762s)
Info    : 1408 edge swaps, 27 node relocations (volume = 235.498): worst = 0.139829 / average = 0.711544 (Wall 0.0164019s, CPU 0.016403s)
Info    : 1411 edge swaps, 27 node relocations (volume = 235.498): worst = 0.139829 / average = 0.711588 (Wall 0.0185016s, CPU 0.018503s)
Info    : No ill-shaped tets in the mesh :-)
Info    : 0.00 < quality < 0.10 :         0 elements
Info    : 0.10 < quality < 0.20 :         2 elements
Info    : 0.20 < quality < 0.30 :         5 elements
Info    : 0.30 < quality < 0.40 :       878 elements
Info    : 0.40 < quality < 0.50 :      1346 elements
Info    : 0.50 < quality < 0.60 :      3599 elements
Info    : 0.60 < quality < 0.70 :     13057 elements
Info    : 0.70 < quality < 0.80 :     16902 elements
Info    : 0.80 < quality < 0.90 :      4725 elements
Info    : 0.90 < quality < 1.00 :      3649 elements
Info    : Optimizing volume 2
Info    : Optimization starts (volume = 0.256468) with worst = 0.0697027 / average = 0.752922:
Info    : 0.00 < quality < 0.10 :         2 elements
Info    : 0.10 < quality < 0.20 :         3 elements
Info    : 0.20 < quality < 0.30 :         4 elements
Info    : 0.30 < quality < 0.40 :         9 elements
Info    : 0.40 < quality < 0.50 :        16 elements
Info    : 0.50 < quality < 0.60 :        19 elements
Info    : 0.60 < quality < 0.70 :        68 elements
Info    : 0.70 < quality < 0.80 :       182 elements
Info    : 0.80 < quality < 0.90 :       160 elements
Info    : 0.90 < quality < 1.00 :        48 elements
Info    : 9 edge swaps, 0 node relocations (volume = 0.256468): worst = 0.303906 / average = 0.763683 (Wall 0.000119813s, CPU 0.00012s)
Info    : No ill-shaped tets in the mesh :-)
Info    : 0.00 < quality < 0.10 :         0 elements
Info    : 0.10 < quality < 0.20 :         0 elements
Info    : 0.20 < quality < 0.30 :         0 elements
Info    : 0.30 < quality < 0.40 :        10 elements
Info    : 0.40 < quality < 0.50 :        16 elements
Info    : 0.50 < quality < 0.60 :        17 elements
Info    : 0.60 < quality < 0.70 :        70 elements
Info    : 0.70 < quality < 0.80 :       179 elements
Info    : 0.80 < quality < 0.90 :       162 elements
Info    : 0.90 < quality < 1.00 :        49 elements
Info    : Done optimizing mesh (Wall 0.0427069s, CPU 0.042705s)
Info    : 13956 nodes 70784 elements
Info    : Meshing order 2 (curvilinear on)...
Info    : [  0%] Meshing curve 1 order 2
Info    : [ 10%] Meshing curve 2 order 2
Info    : [ 20%] Meshing curve 3 order 2
Info    : [ 20%] Meshing curve 4 order 2
Info    : [ 30%] Meshing curve 5 order 2
Info    : [ 30%] Meshing curve 6 order 2
Info    : [ 40%] Meshing curve 7 order 2
Info    : [ 40%] Meshing curve 8 order 2
Info    : [ 50%] Meshing curve 9 order 2
Info    : [ 50%] Meshing curve 10 order 2
Info    : [ 60%] Meshing curve 11 order 2
Info    : [ 60%] Meshing curve 12 order 2
Info    : [ 70%] Meshing surface 1 order 2
Info    : [ 70%] Meshing surface 2 order 2
Info    : [ 80%] Meshing surface 3 order 2
Info    : [ 80%] Meshing surface 4 order 2
Info    : [ 90%] Meshing surface 5 order 2
Info    : [ 90%] Meshing surface 6 order 2
Info    : [100%] Meshing volume 1 order 2
Info    : [100%] Meshing volume 2 order 2
Info    : Surface mesh: worst distortion = 0.797589 (0 elements in ]0, 0.2]); worst gamma = 0.499267
Info    : Volume mesh: worst distortion = 0.228659 (0 elements in ]0, 0.2])
Info    : Done meshing order 2 (Wall 2.46444s, CPU 2.46419s)
Info    : Writing '/home/user/mscr-mom/현서/scripts/contact_scenarios/fea/lmphi_mesh_LM75_phi00_s20.inp'...
Info    : Done writing '/home/user/mscr-mom/현서/scripts/contact_scenarios/fea/lmphi_mesh_LM75_phi00_s20.inp'
  [LM75_phi00] F_mag=0.0299mN  (152.5s)
[LM75_phi00 3/10] L_M=75.0, phi=0.0, s=30.0mm, push_depth=0.1mm ...
Info    : Meshing 1D...
Info    : [  0%] Meshing curve 1 (BSpline)
Info    : [ 10%] Meshing curve 2 (Ellipse)
Info    : [ 20%] Meshing curve 3 (Ellipse)
Info    : [ 30%] Meshing curve 4 (BSpline)
Info    : [ 40%] Meshing curve 5 (BSpline)
Info    : [ 50%] Meshing curve 6 (BSpline)
Info    : [ 60%] Meshing curve 7 (BSpline)
Info    : [ 60%] Meshing curve 8 (BSpline)
Info    : [ 70%] Meshing curve 9 (BSpline)
Info    : [ 90%] Meshing curve 11 (Circle)
Info    : Done meshing 1D (Wall 0.00634461s, CPU 0.006283s)
Info    : Meshing 2D...
Info    : [  0%] Meshing surface 1 (Plane, Frontal-Delaunay)
Info    : [ 20%] Meshing surface 2 (Plane, Frontal-Delaunay)
Info    : [ 40%] Meshing surface 3 (BSpline surface, Frontal-Delaunay)
Info    : [ 60%] Meshing surface 4 (BSpline surface, Frontal-Delaunay)
Info    : [ 70%] Meshing surface 5 (Plane, Frontal-Delaunay)
Info    : [ 90%] Meshing surface 6 (Sphere, Frontal-Delaunay)
Info    : Done meshing 2D (Wall 0.520786s, CPU 0.520473s)
Info    : Meshing 3D...
Info    : 3D Meshing 2 volumes with 2 connected components
Info    : Tetrahedrizing 12312 nodes...
Info    : Done tetrahedrizing 12320 nodes (Wall 0.160193s, CPU 0.153177s)
Info    : Reconstructing mesh...
Info    :  - Creating surface mesh
Info    :  - Identifying boundary edges
Info    :  - Recovering boundary
Info    : Done reconstructing mesh (Wall 0.398049s, CPU 0.385034s)
Info    : Found volume 1
Info    : It. 0 - 0 nodes created - worst tet radius 1.04058 (nodes removed 0 0)
Info    : It. 500 - 500 nodes created - worst tet radius 1.00575 (nodes removed 0 0)
Info    : It. 1000 - 1000 nodes created - worst tet radius 1.00039 (nodes removed 0 0)
Info    : 3D refinement terminated (13554 nodes total):
Info    :  - 0 Delaunay cavities modified for star shapeness
Info    :  - 0 nodes could not be inserted
Info    :  - 45491 tetrahedra created in 0.0642588 sec. (707933 tets/s)
Info    : 0 node relocations
Info    : Tetrahedrizing 132 nodes...
Info    : Done tetrahedrizing 140 nodes (Wall 0.000708171s, CPU 0.000439s)
Info    : Reconstructing mesh...
Info    :  - Creating surface mesh
Info    :  - Identifying boundary edges
Info    :  - Recovering boundary
Info    : Done reconstructing mesh (Wall 0.00222587s, CPU 0.001207s)
Info    : Found volume 2
Info    : It. 0 - 0 nodes created - worst tet radius 3.12382 (nodes removed 0 0)
Info    : 3D refinement terminated (12527 nodes total):
Info    :  - 1 Delaunay cavities modified for star shapeness
Info    :  - 0 nodes could not be inserted
Info    :  - 511 tetrahedra created in 0.0076183 sec. (67075 tets/s)
Info    : 0 node relocations
Info    : Done meshing 3D (Wall 0.793903s, CPU 0.779797s)
Info    : Optimizing mesh...
Info    : Optimizing volume 1
Info    : Optimization starts (volume = 235.498) with worst = 0.000420018 / average = 0.693332:
Info    : 0.00 < quality < 0.10 :       349 elements
Info    : 0.10 < quality < 0.20 :       189 elements
Info    : 0.20 < quality < 0.30 :       861 elements
Info    : 0.30 < quality < 0.40 :      1067 elements
Info    : 0.40 < quality < 0.50 :      1699 elements
Info    : 0.50 < quality < 0.60 :      3132 elements
Info    : 0.60 < quality < 0.70 :     12809 elements
Info    : 0.70 < quality < 0.80 :     17519 elements
Info    : 0.80 < quality < 0.90 :      4221 elements
Info    : 0.90 < quality < 1.00 :      3645 elements
Info    : 1348 edge swaps, 26 node relocations (volume = 235.498): worst = 0.0900394 / average = 0.710775 (Wall 0.01864s, CPU 0.01864s)
Info    : 1408 edge swaps, 27 node relocations (volume = 235.498): worst = 0.139829 / average = 0.711544 (Wall 0.0220448s, CPU 0.022046s)
Info    : 1411 edge swaps, 27 node relocations (volume = 235.498): worst = 0.139829 / average = 0.711588 (Wall 0.0244454s, CPU 0.024447s)
Info    : No ill-shaped tets in the mesh :-)
Info    : 0.00 < quality < 0.10 :         0 elements
Info    : 0.10 < quality < 0.20 :         2 elements
Info    : 0.20 < quality < 0.30 :         5 elements
Info    : 0.30 < quality < 0.40 :       878 elements
Info    : 0.40 < quality < 0.50 :      1346 elements
Info    : 0.50 < quality < 0.60 :      3599 elements
Info    : 0.60 < quality < 0.70 :     13057 elements
Info    : 0.70 < quality < 0.80 :     16902 elements
Info    : 0.80 < quality < 0.90 :      4725 elements
Info    : 0.90 < quality < 1.00 :      3649 elements
Info    : Optimizing volume 2
Info    : Optimization starts (volume = 0.256468) with worst = 0.0697027 / average = 0.752922:
Info    : 0.00 < quality < 0.10 :         2 elements
Info    : 0.10 < quality < 0.20 :         3 elements
Info    : 0.20 < quality < 0.30 :         4 elements
Info    : 0.30 < quality < 0.40 :         9 elements
Info    : 0.40 < quality < 0.50 :        16 elements
Info    : 0.50 < quality < 0.60 :        19 elements
Info    : 0.60 < quality < 0.70 :        68 elements
Info    : 0.70 < quality < 0.80 :       182 elements
Info    : 0.80 < quality < 0.90 :       160 elements
Info    : 0.90 < quality < 1.00 :        48 elements
Info    : 9 edge swaps, 0 node relocations (volume = 0.256468): worst = 0.303906 / average = 0.763683 (Wall 0.000121475s, CPU 0.000122s)
Info    : No ill-shaped tets in the mesh :-)
Info    : 0.00 < quality < 0.10 :         0 elements
Info    : 0.10 < quality < 0.20 :         0 elements
Info    : 0.20 < quality < 0.30 :         0 elements
Info    : 0.30 < quality < 0.40 :        10 elements
Info    : 0.40 < quality < 0.50 :        16 elements
Info    : 0.50 < quality < 0.60 :        17 elements
Info    : 0.60 < quality < 0.70 :        70 elements
Info    : 0.70 < quality < 0.80 :       179 elements
Info    : 0.80 < quality < 0.90 :       162 elements
Info    : 0.90 < quality < 1.00 :        49 elements
Info    : Done optimizing mesh (Wall 0.0614024s, CPU 0.061396s)
Info    : 13956 nodes 70784 elements
Info    : Meshing order 2 (curvilinear on)...
Info    : [  0%] Meshing curve 1 order 2
Info    : [ 10%] Meshing curve 2 order 2
Info    : [ 20%] Meshing curve 3 order 2
Info    : [ 20%] Meshing curve 4 order 2
Info    : [ 30%] Meshing curve 5 order 2
Info    : [ 30%] Meshing curve 6 order 2
Info    : [ 40%] Meshing curve 7 order 2
Info    : [ 40%] Meshing curve 8 order 2
Info    : [ 50%] Meshing curve 9 order 2
Info    : [ 50%] Meshing curve 10 order 2
Info    : [ 60%] Meshing curve 11 order 2
Info    : [ 60%] Meshing curve 12 order 2
Info    : [ 70%] Meshing surface 1 order 2
Info    : [ 70%] Meshing surface 2 order 2
Info    : [ 80%] Meshing surface 3 order 2
Info    : [ 80%] Meshing surface 4 order 2
Info    : [ 90%] Meshing surface 5 order 2
Info    : [ 90%] Meshing surface 6 order 2
Info    : [100%] Meshing volume 1 order 2
Info    : [100%] Meshing volume 2 order 2
Info    : Surface mesh: worst distortion = 0.797589 (0 elements in ]0, 0.2]); worst gamma = 0.499267
Info    : Volume mesh: worst distortion = 0.228659 (0 elements in ]0, 0.2])
Info    : Done meshing order 2 (Wall 2.41944s, CPU 2.41674s)
Info    : Writing '/home/user/mscr-mom/현서/scripts/contact_scenarios/fea/lmphi_mesh_LM75_phi00_s30.inp'...
Info    : Done writing '/home/user/mscr-mom/현서/scripts/contact_scenarios/fea/lmphi_mesh_LM75_phi00_s30.inp'
  [LM75_phi00] F_mag=0.0087mN  (239.5s)
[LM75_phi00 4/10] L_M=75.0, phi=0.0, s=40.0mm, push_depth=0.1mm ...
Info    : Meshing 1D...
Info    : [  0%] Meshing curve 1 (BSpline)
Info    : [ 10%] Meshing curve 2 (Ellipse)
Info    : [ 20%] Meshing curve 3 (Ellipse)
Info    : [ 30%] Meshing curve 4 (BSpline)
Info    : [ 40%] Meshing curve 5 (BSpline)
Info    : [ 50%] Meshing curve 6 (BSpline)
Info    : [ 60%] Meshing curve 7 (BSpline)
Info    : [ 60%] Meshing curve 8 (BSpline)
Info    : [ 70%] Meshing curve 9 (BSpline)
Info    : [ 90%] Meshing curve 11 (Circle)
Info    : Done meshing 1D (Wall 0.00621403s, CPU 0.006143s)
Info    : Meshing 2D...
Info    : [  0%] Meshing surface 1 (Plane, Frontal-Delaunay)
Info    : [ 20%] Meshing surface 2 (Plane, Frontal-Delaunay)
Info    : [ 40%] Meshing surface 3 (BSpline surface, Frontal-Delaunay)
Info    : [ 60%] Meshing surface 4 (BSpline surface, Frontal-Delaunay)
Info    : [ 70%] Meshing surface 5 (Plane, Frontal-Delaunay)
Info    : [ 90%] Meshing surface 6 (Sphere, Frontal-Delaunay)
Info    : Done meshing 2D (Wall 0.488965s, CPU 0.4889s)
Info    : Meshing 3D...
Info    : 3D Meshing 2 volumes with 2 connected components
Info    : Tetrahedrizing 12312 nodes...
Info    : Done tetrahedrizing 12320 nodes (Wall 0.159007s, CPU 0.154998s)
Info    : Reconstructing mesh...
Info    :  - Creating surface mesh
Info    :  - Identifying boundary edges
Info    :  - Recovering boundary
Info    : Done reconstructing mesh (Wall 0.365253s, CPU 0.352013s)
Info    : Found volume 1
Info    : It. 0 - 0 nodes created - worst tet radius 1.04058 (nodes removed 0 0)
Info    : It. 500 - 500 nodes created - worst tet radius 1.00575 (nodes removed 0 0)
Info    : It. 1000 - 1000 nodes created - worst tet radius 1.00039 (nodes removed 0 0)
Info    : 3D refinement terminated (13554 nodes total):
Info    :  - 0 Delaunay cavities modified for star shapeness
Info    :  - 0 nodes could not be inserted
Info    :  - 45491 tetrahedra created in 0.0486068 sec. (935898 tets/s)
Info    : 0 node relocations
Info    : Tetrahedrizing 132 nodes...
Info    : Done tetrahedrizing 140 nodes (Wall 0.000700784s, CPU 0.000701s)
Info    : Reconstructing mesh...
Info    :  - Creating surface mesh
Info    :  - Identifying boundary edges
Info    :  - Recovering boundary
Info    : Done reconstructing mesh (Wall 0.00197051s, CPU 0.001949s)
Info    : Found volume 2
Info    : It. 0 - 0 nodes created - worst tet radius 3.12382 (nodes removed 0 0)
Info    : 3D refinement terminated (12527 nodes total):
Info    :  - 1 Delaunay cavities modified for star shapeness
Info    :  - 0 nodes could not be inserted
Info    :  - 511 tetrahedra created in 0.00502552 sec. (101680 tets/s)
Info    : 0 node relocations
Info    : Done meshing 3D (Wall 0.659396s, CPU 0.645134s)
Info    : Optimizing mesh...
Info    : Optimizing volume 1
Info    : Optimization starts (volume = 235.498) with worst = 0.000420018 / average = 0.693332:
Info    : 0.00 < quality < 0.10 :       349 elements
Info    : 0.10 < quality < 0.20 :       189 elements
Info    : 0.20 < quality < 0.30 :       861 elements
Info    : 0.30 < quality < 0.40 :      1067 elements
Info    : 0.40 < quality < 0.50 :      1699 elements
Info    : 0.50 < quality < 0.60 :      3132 elements
Info    : 0.60 < quality < 0.70 :     12809 elements
Info    : 0.70 < quality < 0.80 :     17519 elements
Info    : 0.80 < quality < 0.90 :      4221 elements
Info    : 0.90 < quality < 1.00 :      3645 elements
Info    : 1348 edge swaps, 26 node relocations (volume = 235.498): worst = 0.0900394 / average = 0.710775 (Wall 0.0186313s, CPU 0.018631s)
Info    : 1408 edge swaps, 27 node relocations (volume = 235.498): worst = 0.139829 / average = 0.711544 (Wall 0.0227172s, CPU 0.022718s)
Info    : 1411 edge swaps, 27 node relocations (volume = 235.498): worst = 0.139829 / average = 0.711588 (Wall 0.0257211s, CPU 0.025722s)
Info    : No ill-shaped tets in the mesh :-)
Info    : 0.00 < quality < 0.10 :         0 elements
Info    : 0.10 < quality < 0.20 :         2 elements
Info    : 0.20 < quality < 0.30 :         5 elements
Info    : 0.30 < quality < 0.40 :       878 elements
Info    : 0.40 < quality < 0.50 :      1346 elements
Info    : 0.50 < quality < 0.60 :      3599 elements
Info    : 0.60 < quality < 0.70 :     13057 elements
Info    : 0.70 < quality < 0.80 :     16902 elements
Info    : 0.80 < quality < 0.90 :      4725 elements
Info    : 0.90 < quality < 1.00 :      3649 elements
Info    : Optimizing volume 2
Info    : Optimization starts (volume = 0.256468) with worst = 0.0697027 / average = 0.752922:
Info    : 0.00 < quality < 0.10 :         2 elements
Info    : 0.10 < quality < 0.20 :         3 elements
Info    : 0.20 < quality < 0.30 :         4 elements
Info    : 0.30 < quality < 0.40 :         9 elements
Info    : 0.40 < quality < 0.50 :        16 elements
Info    : 0.50 < quality < 0.60 :        19 elements
Info    : 0.60 < quality < 0.70 :        68 elements
Info    : 0.70 < quality < 0.80 :       182 elements
Info    : 0.80 < quality < 0.90 :       160 elements
Info    : 0.90 < quality < 1.00 :        48 elements
Info    : 9 edge swaps, 0 node relocations (volume = 0.256468): worst = 0.303906 / average = 0.763683 (Wall 0.000114356s, CPU 0.000116s)
Info    : No ill-shaped tets in the mesh :-)
Info    : 0.00 < quality < 0.10 :         0 elements
Info    : 0.10 < quality < 0.20 :         0 elements
Info    : 0.20 < quality < 0.30 :         0 elements
Info    : 0.30 < quality < 0.40 :        10 elements
Info    : 0.40 < quality < 0.50 :        16 elements
Info    : 0.50 < quality < 0.60 :        17 elements
Info    : 0.60 < quality < 0.70 :        70 elements
Info    : 0.70 < quality < 0.80 :       179 elements
Info    : 0.80 < quality < 0.90 :       162 elements
Info    : 0.90 < quality < 1.00 :        49 elements
Info    : Done optimizing mesh (Wall 0.0608652s, CPU 0.060862s)
Info    : 13956 nodes 70784 elements
Info    : Meshing order 2 (curvilinear on)...
Info    : [  0%] Meshing curve 1 order 2
Info    : [ 10%] Meshing curve 2 order 2
Info    : [ 20%] Meshing curve 3 order 2
Info    : [ 20%] Meshing curve 4 order 2
Info    : [ 30%] Meshing curve 5 order 2
Info    : [ 30%] Meshing curve 6 order 2
Info    : [ 40%] Meshing curve 7 order 2
Info    : [ 40%] Meshing curve 8 order 2
Info    : [ 50%] Meshing curve 9 order 2
Info    : [ 50%] Meshing curve 10 order 2
Info    : [ 60%] Meshing curve 11 order 2
Info    : [ 60%] Meshing curve 12 order 2
Info    : [ 70%] Meshing surface 1 order 2
Info    : [ 70%] Meshing surface 2 order 2
Info    : [ 80%] Meshing surface 3 order 2
Info    : [ 80%] Meshing surface 4 order 2
Info    : [ 90%] Meshing surface 5 order 2
Info    : [ 90%] Meshing surface 6 order 2
Info    : [100%] Meshing volume 1 order 2
Info    : [100%] Meshing volume 2 order 2
Info    : Surface mesh: worst distortion = 0.797589 (0 elements in ]0, 0.2]); worst gamma = 0.499267
Info    : Volume mesh: worst distortion = 0.228659 (0 elements in ]0, 0.2])
Info    : Done meshing order 2 (Wall 2.42742s, CPU 2.42657s)
Info    : Writing '/home/user/mscr-mom/현서/scripts/contact_scenarios/fea/lmphi_mesh_LM75_phi00_s40.inp'...
Info    : Done writing '/home/user/mscr-mom/현서/scripts/contact_scenarios/fea/lmphi_mesh_LM75_phi00_s40.inp'
  [LM75_phi00] F_mag=0.0040mN  (557.5s)
[LM75_phi00 5/10] L_M=75.0, phi=0.0, s=50.0mm, push_depth=0.1mm ...
Info    : Meshing 1D...
Info    : [  0%] Meshing curve 1 (BSpline)
Info    : [ 10%] Meshing curve 2 (Ellipse)
Info    : [ 20%] Meshing curve 3 (Ellipse)
Info    : [ 30%] Meshing curve 4 (BSpline)
Info    : [ 40%] Meshing curve 5 (BSpline)
Info    : [ 50%] Meshing curve 6 (BSpline)
Info    : [ 60%] Meshing curve 7 (BSpline)
Info    : [ 60%] Meshing curve 8 (BSpline)
Info    : [ 70%] Meshing curve 9 (BSpline)
Info    : [ 90%] Meshing curve 11 (Circle)
Info    : Done meshing 1D (Wall 0.00613173s, CPU 0.006095s)
Info    : Meshing 2D...
Info    : [  0%] Meshing surface 1 (Plane, Frontal-Delaunay)
Info    : [ 20%] Meshing surface 2 (Plane, Frontal-Delaunay)
Info    : [ 40%] Meshing surface 3 (BSpline surface, Frontal-Delaunay)
Info    : [ 60%] Meshing surface 4 (BSpline surface, Frontal-Delaunay)
Info    : [ 70%] Meshing surface 5 (Plane, Frontal-Delaunay)
Info    : [ 90%] Meshing surface 6 (Sphere, Frontal-Delaunay)
Info    : Done meshing 2D (Wall 0.492096s, CPU 0.491745s)
Info    : Meshing 3D...
Info    : 3D Meshing 2 volumes with 2 connected components
Info    : Tetrahedrizing 12312 nodes...
Info    : Done tetrahedrizing 12320 nodes (Wall 0.165976s, CPU 0.156982s)
Info    : Reconstructing mesh...
Info    :  - Creating surface mesh
Info    :  - Identifying boundary edges
Info    :  - Recovering boundary
Info    : Done reconstructing mesh (Wall 0.400053s, CPU 0.382031s)
Info    : Found volume 1
Info    : It. 0 - 0 nodes created - worst tet radius 1.04058 (nodes removed 0 0)
Info    : It. 500 - 500 nodes created - worst tet radius 1.00575 (nodes removed 0 0)
Info    : It. 1000 - 1000 nodes created - worst tet radius 1.00039 (nodes removed 0 0)
Info    : 3D refinement terminated (13554 nodes total):
Info    :  - 0 Delaunay cavities modified for star shapeness
Info    :  - 0 nodes could not be inserted
Info    :  - 45491 tetrahedra created in 0.057091 sec. (796815 tets/s)
Info    : 0 node relocations
Info    : Tetrahedrizing 132 nodes...
Info    : Done tetrahedrizing 140 nodes (Wall 0.000751569s, CPU 0.000753s)
Info    : Reconstructing mesh...
Info    :  - Creating surface mesh
Info    :  - Identifying boundary edges
Info    :  - Recovering boundary
Info    : Done reconstructing mesh (Wall 0.00282836s, CPU 0.002829s)
Info    : Found volume 2
Info    : It. 0 - 0 nodes created - worst tet radius 3.12382 (nodes removed 0 0)
Info    : 3D refinement terminated (12527 nodes total):
Info    :  - 1 Delaunay cavities modified for star shapeness
Info    :  - 0 nodes could not be inserted
Info    :  - 511 tetrahedra created in 0.00770884 sec. (66287 tets/s)
Info    : 0 node relocations
Info    : Done meshing 3D (Wall 0.783841s, CPU 0.765789s)
Info    : Optimizing mesh...
Info    : Optimizing volume 1
Info    : Optimization starts (volume = 235.498) with worst = 0.000420018 / average = 0.693332:
Info    : 0.00 < quality < 0.10 :       349 elements
Info    : 0.10 < quality < 0.20 :       189 elements
Info    : 0.20 < quality < 0.30 :       861 elements
Info    : 0.30 < quality < 0.40 :      1067 elements
Info    : 0.40 < quality < 0.50 :      1699 elements
Info    : 0.50 < quality < 0.60 :      3132 elements
Info    : 0.60 < quality < 0.70 :     12809 elements
Info    : 0.70 < quality < 0.80 :     17519 elements
Info    : 0.80 < quality < 0.90 :      4221 elements
Info    : 0.90 < quality < 1.00 :      3645 elements
Info    : 1348 edge swaps, 26 node relocations (volume = 235.498): worst = 0.0900394 / average = 0.710775 (Wall 0.0196769s, CPU 0.019677s)
Info    : 1408 edge swaps, 27 node relocations (volume = 235.498): worst = 0.139829 / average = 0.711544 (Wall 0.0236884s, CPU 0.023689s)
Info    : 1411 edge swaps, 27 node relocations (volume = 235.498): worst = 0.139829 / average = 0.711588 (Wall 0.0264883s, CPU 0.02649s)
Info    : No ill-shaped tets in the mesh :-)
Info    : 0.00 < quality < 0.10 :         0 elements
Info    : 0.10 < quality < 0.20 :         2 elements
Info    : 0.20 < quality < 0.30 :         5 elements
Info    : 0.30 < quality < 0.40 :       878 elements
Info    : 0.40 < quality < 0.50 :      1346 elements
Info    : 0.50 < quality < 0.60 :      3599 elements
Info    : 0.60 < quality < 0.70 :     13057 elements
Info    : 0.70 < quality < 0.80 :     16902 elements
Info    : 0.80 < quality < 0.90 :      4725 elements
Info    : 0.90 < quality < 1.00 :      3649 elements
Info    : Optimizing volume 2
Info    : Optimization starts (volume = 0.256468) with worst = 0.0697027 / average = 0.752922:
Info    : 0.00 < quality < 0.10 :         2 elements
Info    : 0.10 < quality < 0.20 :         3 elements
Info    : 0.20 < quality < 0.30 :         4 elements
Info    : 0.30 < quality < 0.40 :         9 elements
Info    : 0.40 < quality < 0.50 :        16 elements
Info    : 0.50 < quality < 0.60 :        19 elements
Info    : 0.60 < quality < 0.70 :        68 elements
Info    : 0.70 < quality < 0.80 :       182 elements
Info    : 0.80 < quality < 0.90 :       160 elements
Info    : 0.90 < quality < 1.00 :        48 elements
Info    : 9 edge swaps, 0 node relocations (volume = 0.256468): worst = 0.303906 / average = 0.763683 (Wall 0.000112502s, CPU 0.000114s)
Info    : No ill-shaped tets in the mesh :-)
Info    : 0.00 < quality < 0.10 :         0 elements
Info    : 0.10 < quality < 0.20 :         0 elements
Info    : 0.20 < quality < 0.30 :         0 elements
Info    : 0.30 < quality < 0.40 :        10 elements
Info    : 0.40 < quality < 0.50 :        16 elements
Info    : 0.50 < quality < 0.60 :        17 elements
Info    : 0.60 < quality < 0.70 :        70 elements
Info    : 0.70 < quality < 0.80 :       179 elements
Info    : 0.80 < quality < 0.90 :       162 elements
Info    : 0.90 < quality < 1.00 :        49 elements
Info    : Done optimizing mesh (Wall 0.0591948s, CPU 0.059194s)
Info    : 13956 nodes 70784 elements
Info    : Meshing order 2 (curvilinear on)...
Info    : [  0%] Meshing curve 1 order 2
Info    : [ 10%] Meshing curve 2 order 2
Info    : [ 20%] Meshing curve 3 order 2
Info    : [ 20%] Meshing curve 4 order 2
Info    : [ 30%] Meshing curve 5 order 2
Info    : [ 30%] Meshing curve 6 order 2
Info    : [ 40%] Meshing curve 7 order 2
Info    : [ 40%] Meshing curve 8 order 2
Info    : [ 50%] Meshing curve 9 order 2
Info    : [ 50%] Meshing curve 10 order 2
Info    : [ 60%] Meshing curve 11 order 2
Info    : [ 60%] Meshing curve 12 order 2
Info    : [ 70%] Meshing surface 1 order 2
Info    : [ 70%] Meshing surface 2 order 2
Info    : [ 80%] Meshing surface 3 order 2
Info    : [ 80%] Meshing surface 4 order 2
Info    : [ 90%] Meshing surface 5 order 2
Info    : [ 90%] Meshing surface 6 order 2
Info    : [100%] Meshing volume 1 order 2
Info    : [100%] Meshing volume 2 order 2
Info    : Surface mesh: worst distortion = 0.797589 (0 elements in ]0, 0.2]); worst gamma = 0.499267
Info    : Volume mesh: worst distortion = 0.228659 (0 elements in ]0, 0.2])
Info    : Done meshing order 2 (Wall 2.45086s, CPU 2.44987s)
Info    : Writing '/home/user/mscr-mom/현서/scripts/contact_scenarios/fea/lmphi_mesh_LM75_phi00_s50.inp'...
Info    : Done writing '/home/user/mscr-mom/현서/scripts/contact_scenarios/fea/lmphi_mesh_LM75_phi00_s50.inp'
  [LM75_phi00] F_mag=0.0020mN  (213.2s)
[LM75_phi00 6/10] L_M=75.0, phi=0.0, s=60.0mm, push_depth=0.1mm ...
Info    : Meshing 1D...
Info    : [  0%] Meshing curve 1 (BSpline)
Info    : [ 10%] Meshing curve 2 (Ellipse)
Info    : [ 20%] Meshing curve 3 (Ellipse)
Info    : [ 30%] Meshing curve 4 (BSpline)
Info    : [ 40%] Meshing curve 5 (BSpline)
Info    : [ 50%] Meshing curve 6 (BSpline)
Info    : [ 60%] Meshing curve 7 (BSpline)
Info    : [ 60%] Meshing curve 8 (BSpline)
Info    : [ 70%] Meshing curve 9 (BSpline)
Info    : [ 90%] Meshing curve 11 (Circle)
Info    : Done meshing 1D (Wall 0.00611299s, CPU 0.006109s)
Info    : Meshing 2D...
Info    : [  0%] Meshing surface 1 (Plane, Frontal-Delaunay)
Info    : [ 20%] Meshing surface 2 (Plane, Frontal-Delaunay)
Info    : [ 40%] Meshing surface 3 (BSpline surface, Frontal-Delaunay)
Info    : [ 60%] Meshing surface 4 (BSpline surface, Frontal-Delaunay)
Info    : [ 70%] Meshing surface 5 (Plane, Frontal-Delaunay)
Info    : [ 90%] Meshing surface 6 (Sphere, Frontal-Delaunay)
Info    : Done meshing 2D (Wall 0.472265s, CPU 0.471142s)
Info    : Meshing 3D...
Info    : 3D Meshing 2 volumes with 2 connected components
Info    : Tetrahedrizing 12312 nodes...
Info    : Done tetrahedrizing 12320 nodes (Wall 0.159791s, CPU 0.156793s)
Info    : Reconstructing mesh...
Info    :  - Creating surface mesh
Info    :  - Identifying boundary edges
Info    :  - Recovering boundary
Info    : Done reconstructing mesh (Wall 0.377526s, CPU 0.367508s)
Info    : Found volume 1
Info    : It. 0 - 0 nodes created - worst tet radius 1.04058 (nodes removed 0 0)
Info    : It. 500 - 500 nodes created - worst tet radius 1.00575 (nodes removed 0 0)
Info    : It. 1000 - 1000 nodes created - worst tet radius 1.00039 (nodes removed 0 0)
Info    : 3D refinement terminated (13554 nodes total):
Info    :  - 0 Delaunay cavities modified for star shapeness
Info    :  - 0 nodes could not be inserted
Info    :  - 45491 tetrahedra created in 0.046386 sec. (980705 tets/s)
Info    : 0 node relocations
Info    : Tetrahedrizing 132 nodes...
Info    : Done tetrahedrizing 140 nodes (Wall 0.000692519s, CPU 0.000693s)
Info    : Reconstructing mesh...
Info    :  - Creating surface mesh
Info    :  - Identifying boundary edges
Info    :  - Recovering boundary
Info    : Done reconstructing mesh (Wall 0.00185053s, CPU 0.001853s)
Info    : Found volume 2
Info    : It. 0 - 0 nodes created - worst tet radius 3.12382 (nodes removed 0 0)
Info    : 3D refinement terminated (12527 nodes total):
Info    :  - 1 Delaunay cavities modified for star shapeness
Info    :  - 0 nodes could not be inserted
Info    :  - 511 tetrahedra created in 0.00594483 sec. (85957 tets/s)
Info    : 0 node relocations
Info    : Done meshing 3D (Wall 0.676251s, CPU 0.666183s)
Info    : Optimizing mesh...
Info    : Optimizing volume 1
Info    : Optimization starts (volume = 235.498) with worst = 0.000420018 / average = 0.693332:
Info    : 0.00 < quality < 0.10 :       349 elements
Info    : 0.10 < quality < 0.20 :       189 elements
Info    : 0.20 < quality < 0.30 :       861 elements
Info    : 0.30 < quality < 0.40 :      1067 elements
Info    : 0.40 < quality < 0.50 :      1699 elements
Info    : 0.50 < quality < 0.60 :      3132 elements
Info    : 0.60 < quality < 0.70 :     12809 elements
Info    : 0.70 < quality < 0.80 :     17519 elements
Info    : 0.80 < quality < 0.90 :      4221 elements
Info    : 0.90 < quality < 1.00 :      3645 elements
Info    : 1348 edge swaps, 26 node relocations (volume = 235.498): worst = 0.0900394 / average = 0.710775 (Wall 0.0141737s, CPU 0.014174s)
Info    : 1408 edge swaps, 27 node relocations (volume = 235.498): worst = 0.139829 / average = 0.711544 (Wall 0.0168813s, CPU 0.016883s)
Info    : 1411 edge swaps, 27 node relocations (volume = 235.498): worst = 0.139829 / average = 0.711588 (Wall 0.0189875s, CPU 0.01899s)
Info    : No ill-shaped tets in the mesh :-)
Info    : 0.00 < quality < 0.10 :         0 elements
Info    : 0.10 < quality < 0.20 :         2 elements
Info    : 0.20 < quality < 0.30 :         5 elements
Info    : 0.30 < quality < 0.40 :       878 elements
Info    : 0.40 < quality < 0.50 :      1346 elements
Info    : 0.50 < quality < 0.60 :      3599 elements
Info    : 0.60 < quality < 0.70 :     13057 elements
Info    : 0.70 < quality < 0.80 :     16902 elements
Info    : 0.80 < quality < 0.90 :      4725 elements
Info    : 0.90 < quality < 1.00 :      3649 elements
Info    : Optimizing volume 2
Info    : Optimization starts (volume = 0.256468) with worst = 0.0697027 / average = 0.752922:
Info    : 0.00 < quality < 0.10 :         2 elements
Info    : 0.10 < quality < 0.20 :         3 elements
Info    : 0.20 < quality < 0.30 :         4 elements
Info    : 0.30 < quality < 0.40 :         9 elements
Info    : 0.40 < quality < 0.50 :        16 elements
Info    : 0.50 < quality < 0.60 :        19 elements
Info    : 0.60 < quality < 0.70 :        68 elements
Info    : 0.70 < quality < 0.80 :       182 elements
Info    : 0.80 < quality < 0.90 :       160 elements
Info    : 0.90 < quality < 1.00 :        48 elements
Info    : 9 edge swaps, 0 node relocations (volume = 0.256468): worst = 0.303906 / average = 0.763683 (Wall 0.000121786s, CPU 0.000122s)
Info    : No ill-shaped tets in the mesh :-)
Info    : 0.00 < quality < 0.10 :         0 elements
Info    : 0.10 < quality < 0.20 :         0 elements
Info    : 0.20 < quality < 0.30 :         0 elements
Info    : 0.30 < quality < 0.40 :        10 elements
Info    : 0.40 < quality < 0.50 :        16 elements
Info    : 0.50 < quality < 0.60 :        17 elements
Info    : 0.60 < quality < 0.70 :        70 elements
Info    : 0.70 < quality < 0.80 :       179 elements
Info    : 0.80 < quality < 0.90 :       162 elements
Info    : 0.90 < quality < 1.00 :        49 elements
Info    : Done optimizing mesh (Wall 0.0521822s, CPU 0.052182s)
Info    : 13956 nodes 70784 elements
Info    : Meshing order 2 (curvilinear on)...
Info    : [  0%] Meshing curve 1 order 2
Info    : [ 10%] Meshing curve 2 order 2
Info    : [ 20%] Meshing curve 3 order 2
Info    : [ 20%] Meshing curve 4 order 2
Info    : [ 30%] Meshing curve 5 order 2
Info    : [ 30%] Meshing curve 6 order 2
Info    : [ 40%] Meshing curve 7 order 2
Info    : [ 40%] Meshing curve 8 order 2
Info    : [ 50%] Meshing curve 9 order 2
Info    : [ 50%] Meshing curve 10 order 2
Info    : [ 60%] Meshing curve 11 order 2
Info    : [ 60%] Meshing curve 12 order 2
Info    : [ 70%] Meshing surface 1 order 2
Info    : [ 70%] Meshing surface 2 order 2
Info    : [ 80%] Meshing surface 3 order 2
Info    : [ 80%] Meshing surface 4 order 2
Info    : [ 90%] Meshing surface 5 order 2
Info    : [ 90%] Meshing surface 6 order 2
Info    : [100%] Meshing volume 1 order 2
Info    : [100%] Meshing volume 2 order 2
Info    : Surface mesh: worst distortion = 0.797589 (0 elements in ]0, 0.2]); worst gamma = 0.499267
Info    : Volume mesh: worst distortion = 0.228659 (0 elements in ]0, 0.2])
Info    : Done meshing order 2 (Wall 2.31562s, CPU 2.31513s)
Info    : Writing '/home/user/mscr-mom/현서/scripts/contact_scenarios/fea/lmphi_mesh_LM75_phi00_s60.inp'...
Info    : Done writing '/home/user/mscr-mom/현서/scripts/contact_scenarios/fea/lmphi_mesh_LM75_phi00_s60.inp'
  [LM75_phi00] [실패] (729.8s)
[LM75_phi00 7/10] L_M=75.0, phi=0.0, s=70.0mm, push_depth=0.1mm ...
Info    : Meshing 1D...
Info    : [  0%] Meshing curve 1 (BSpline)
Info    : [ 10%] Meshing curve 2 (Ellipse)
Info    : [ 20%] Meshing curve 3 (Ellipse)
Info    : [ 30%] Meshing curve 4 (BSpline)
Info    : [ 40%] Meshing curve 5 (BSpline)
Info    : [ 50%] Meshing curve 6 (BSpline)
Info    : [ 60%] Meshing curve 7 (BSpline)
Info    : [ 60%] Meshing curve 8 (BSpline)
Info    : [ 70%] Meshing curve 9 (BSpline)
Info    : [ 90%] Meshing curve 11 (Circle)
Info    : Done meshing 1D (Wall 0.00616128s, CPU 0.006115s)
Info    : Meshing 2D...
Info    : [  0%] Meshing surface 1 (Plane, Frontal-Delaunay)
Info    : [ 20%] Meshing surface 2 (Plane, Frontal-Delaunay)
Info    : [ 40%] Meshing surface 3 (BSpline surface, Frontal-Delaunay)
Info    : [ 60%] Meshing surface 4 (BSpline surface, Frontal-Delaunay)
Info    : [ 70%] Meshing surface 5 (Plane, Frontal-Delaunay)
Info    : [ 90%] Meshing surface 6 (Sphere, Frontal-Delaunay)
Info    : Done meshing 2D (Wall 0.473771s, CPU 0.473692s)
Info    : Meshing 3D...
Info    : 3D Meshing 2 volumes with 2 connected components
Info    : Tetrahedrizing 12312 nodes...
Info    : Done tetrahedrizing 12320 nodes (Wall 0.158909s, CPU 0.149839s)
Info    : Reconstructing mesh...
Info    :  - Creating surface mesh
Info    :  - Identifying boundary edges
Info    :  - Recovering boundary
Info    : Done reconstructing mesh (Wall 0.367443s, CPU 0.348344s)
Info    : Found volume 1
Info    : It. 0 - 0 nodes created - worst tet radius 1.04058 (nodes removed 0 0)
Info    : It. 500 - 500 nodes created - worst tet radius 1.00575 (nodes removed 0 0)
Info    : It. 1000 - 1000 nodes created - worst tet radius 1.00039 (nodes removed 0 0)
Info    : 3D refinement terminated (13554 nodes total):
Info    :  - 0 Delaunay cavities modified for star shapeness
Info    :  - 0 nodes could not be inserted
Info    :  - 45491 tetrahedra created in 0.0522793 sec. (870153 tets/s)
Info    : 0 node relocations
Info    : Tetrahedrizing 132 nodes...
Info    : Done tetrahedrizing 140 nodes (Wall 0.000694381s, CPU 0.000694s)
Info    : Reconstructing mesh...
Info    :  - Creating surface mesh
Info    :  - Identifying boundary edges
Info    :  - Recovering boundary
Info    : Done reconstructing mesh (Wall 0.00181467s, CPU 0.001809s)
Info    : Found volume 2
Info    : It. 0 - 0 nodes created - worst tet radius 3.12382 (nodes removed 0 0)
Info    : 3D refinement terminated (12527 nodes total):
Info    :  - 1 Delaunay cavities modified for star shapeness
Info    :  - 0 nodes could not be inserted
Info    :  - 511 tetrahedra created in 0.00339593 sec. (150474 tets/s)
Info    : 0 node relocations
Info    : Done meshing 3D (Wall 0.672949s, CPU 0.653812s)
Info    : Optimizing mesh...
Info    : Optimizing volume 1
Info    : Optimization starts (volume = 235.498) with worst = 0.000420018 / average = 0.693332:
Info    : 0.00 < quality < 0.10 :       349 elements
Info    : 0.10 < quality < 0.20 :       189 elements
Info    : 0.20 < quality < 0.30 :       861 elements
Info    : 0.30 < quality < 0.40 :      1067 elements
Info    : 0.40 < quality < 0.50 :      1699 elements
Info    : 0.50 < quality < 0.60 :      3132 elements
Info    : 0.60 < quality < 0.70 :     12809 elements
Info    : 0.70 < quality < 0.80 :     17519 elements
Info    : 0.80 < quality < 0.90 :      4221 elements
Info    : 0.90 < quality < 1.00 :      3645 elements
Info    : 1348 edge swaps, 26 node relocations (volume = 235.498): worst = 0.0900394 / average = 0.710775 (Wall 0.0147744s, CPU 0.014776s)
Info    : 1408 edge swaps, 27 node relocations (volume = 235.498): worst = 0.139829 / average = 0.711544 (Wall 0.0175308s, CPU 0.017527s)
Info    : 1411 edge swaps, 27 node relocations (volume = 235.498): worst = 0.139829 / average = 0.711588 (Wall 0.019651s, CPU 0.019648s)
Info    : No ill-shaped tets in the mesh :-)
Info    : 0.00 < quality < 0.10 :         0 elements
Info    : 0.10 < quality < 0.20 :         2 elements
Info    : 0.20 < quality < 0.30 :         5 elements
Info    : 0.30 < quality < 0.40 :       878 elements
Info    : 0.40 < quality < 0.50 :      1346 elements
Info    : 0.50 < quality < 0.60 :      3599 elements
Info    : 0.60 < quality < 0.70 :     13057 elements
Info    : 0.70 < quality < 0.80 :     16902 elements
Info    : 0.80 < quality < 0.90 :      4725 elements
Info    : 0.90 < quality < 1.00 :      3649 elements
Info    : Optimizing volume 2
Info    : Optimization starts (volume = 0.256468) with worst = 0.0697027 / average = 0.752922:
Info    : 0.00 < quality < 0.10 :         2 elements
Info    : 0.10 < quality < 0.20 :         3 elements
Info    : 0.20 < quality < 0.30 :         4 elements
Info    : 0.30 < quality < 0.40 :         9 elements
Info    : 0.40 < quality < 0.50 :        16 elements
Info    : 0.50 < quality < 0.60 :        19 elements
Info    : 0.60 < quality < 0.70 :        68 elements
Info    : 0.70 < quality < 0.80 :       182 elements
Info    : 0.80 < quality < 0.90 :       160 elements
Info    : 0.90 < quality < 1.00 :        48 elements
Info    : 9 edge swaps, 0 node relocations (volume = 0.256468): worst = 0.303906 / average = 0.763683 (Wall 0.000106964s, CPU 0.000107s)
Info    : No ill-shaped tets in the mesh :-)
Info    : 0.00 < quality < 0.10 :         0 elements
Info    : 0.10 < quality < 0.20 :         0 elements
Info    : 0.20 < quality < 0.30 :         0 elements
Info    : 0.30 < quality < 0.40 :        10 elements
Info    : 0.40 < quality < 0.50 :        16 elements
Info    : 0.50 < quality < 0.60 :        17 elements
Info    : 0.60 < quality < 0.70 :        70 elements
Info    : 0.70 < quality < 0.80 :       179 elements
Info    : 0.80 < quality < 0.90 :       162 elements
Info    : 0.90 < quality < 1.00 :        49 elements
Info    : Done optimizing mesh (Wall 0.0447064s, CPU 0.044699s)
Info    : 13956 nodes 70784 elements
Info    : Meshing order 2 (curvilinear on)...
Info    : [  0%] Meshing curve 1 order 2
Info    : [ 10%] Meshing curve 2 order 2
Info    : [ 20%] Meshing curve 3 order 2
Info    : [ 20%] Meshing curve 4 order 2
Info    : [ 30%] Meshing curve 5 order 2
Info    : [ 30%] Meshing curve 6 order 2
Info    : [ 40%] Meshing curve 7 order 2
Info    : [ 40%] Meshing curve 8 order 2
Info    : [ 50%] Meshing curve 9 order 2
Info    : [ 50%] Meshing curve 10 order 2
Info    : [ 60%] Meshing curve 11 order 2
Info    : [ 60%] Meshing curve 12 order 2
Info    : [ 70%] Meshing surface 1 order 2
Info    : [ 70%] Meshing surface 2 order 2
Info    : [ 80%] Meshing surface 3 order 2
Info    : [ 80%] Meshing surface 4 order 2
Info    : [ 90%] Meshing surface 5 order 2
Info    : [ 90%] Meshing surface 6 order 2
Info    : [100%] Meshing volume 1 order 2
Info    : [100%] Meshing volume 2 order 2
Info    : Surface mesh: worst distortion = 0.797589 (0 elements in ]0, 0.2]); worst gamma = 0.499267
Info    : Volume mesh: worst distortion = 0.228659 (0 elements in ]0, 0.2])
Info    : Done meshing order 2 (Wall 2.42328s, CPU 2.41441s)
Info    : Writing '/home/user/mscr-mom/현서/scripts/contact_scenarios/fea/lmphi_mesh_LM75_phi00_s70.inp'...
Info    : Done writing '/home/user/mscr-mom/현서/scripts/contact_scenarios/fea/lmphi_mesh_LM75_phi00_s70.inp'
  [LM75_phi00] F_mag=0.0007mN  (162.5s)
[LM75_phi00 8/10] L_M=75.0, phi=0.0, s=80.0mm, push_depth=0.1mm ...
Info    : Meshing 1D...
Info    : [  0%] Meshing curve 1 (BSpline)
Info    : [ 10%] Meshing curve 2 (Ellipse)
Info    : [ 20%] Meshing curve 3 (Ellipse)
Info    : [ 30%] Meshing curve 4 (BSpline)
Info    : [ 40%] Meshing curve 5 (BSpline)
Info    : [ 50%] Meshing curve 6 (BSpline)
Info    : [ 60%] Meshing curve 7 (BSpline)
Info    : [ 60%] Meshing curve 8 (BSpline)
Info    : [ 70%] Meshing curve 9 (BSpline)
Info    : [ 90%] Meshing curve 11 (Circle)
Info    : Done meshing 1D (Wall 0.006163s, CPU 0.006157s)
Info    : Meshing 2D...
Info    : [  0%] Meshing surface 1 (Plane, Frontal-Delaunay)
Info    : [ 20%] Meshing surface 2 (Plane, Frontal-Delaunay)
Info    : [ 40%] Meshing surface 3 (BSpline surface, Frontal-Delaunay)
Info    : [ 60%] Meshing surface 4 (BSpline surface, Frontal-Delaunay)
Info    : [ 70%] Meshing surface 5 (Plane, Frontal-Delaunay)
Info    : [ 90%] Meshing surface 6 (Sphere, Frontal-Delaunay)
Info    : Done meshing 2D (Wall 0.517596s, CPU 0.51742s)
Info    : Meshing 3D...
Info    : 3D Meshing 2 volumes with 2 connected components
Info    : Tetrahedrizing 12312 nodes...
Info    : Done tetrahedrizing 12320 nodes (Wall 0.160371s, CPU 0.15536s)
Info    : Reconstructing mesh...
Info    :  - Creating surface mesh
Info    :  - Identifying boundary edges
Info    :  - Recovering boundary
Info    : Done reconstructing mesh (Wall 0.368266s, CPU 0.354233s)
Info    : Found volume 1
Info    : It. 0 - 0 nodes created - worst tet radius 1.04058 (nodes removed 0 0)
Info    : It. 500 - 500 nodes created - worst tet radius 1.00575 (nodes removed 0 0)
Info    : It. 1000 - 1000 nodes created - worst tet radius 1.00039 (nodes removed 0 0)
Info    : 3D refinement terminated (13554 nodes total):
Info    :  - 0 Delaunay cavities modified for star shapeness
Info    :  - 0 nodes could not be inserted
Info    :  - 45491 tetrahedra created in 0.0540678 sec. (841369 tets/s)
Info    : 0 node relocations
Info    : Tetrahedrizing 132 nodes...
Info    : Done tetrahedrizing 140 nodes (Wall 0.000722774s, CPU 0.000725s)
Info    : Reconstructing mesh...
Info    :  - Creating surface mesh
Info    :  - Identifying boundary edges
Info    :  - Recovering boundary
Info    : Done reconstructing mesh (Wall 0.00217781s, CPU 0.002173s)
Info    : Found volume 2
Info    : It. 0 - 0 nodes created - worst tet radius 3.12382 (nodes removed 0 0)
Info    : 3D refinement terminated (12527 nodes total):
Info    :  - 1 Delaunay cavities modified for star shapeness
Info    :  - 0 nodes could not be inserted
Info    :  - 511 tetrahedra created in 0.00595634 sec. (85790 tets/s)
Info    : 0 node relocations
Info    : Done meshing 3D (Wall 0.708601s, CPU 0.693544s)
Info    : Optimizing mesh...
Info    : Optimizing volume 1
Info    : Optimization starts (volume = 235.498) with worst = 0.000420018 / average = 0.693332:
Info    : 0.00 < quality < 0.10 :       349 elements
Info    : 0.10 < quality < 0.20 :       189 elements
Info    : 0.20 < quality < 0.30 :       861 elements
Info    : 0.30 < quality < 0.40 :      1067 elements
Info    : 0.40 < quality < 0.50 :      1699 elements
Info    : 0.50 < quality < 0.60 :      3132 elements
Info    : 0.60 < quality < 0.70 :     12809 elements
Info    : 0.70 < quality < 0.80 :     17519 elements
Info    : 0.80 < quality < 0.90 :      4221 elements
Info    : 0.90 < quality < 1.00 :      3645 elements
Info    : 1348 edge swaps, 26 node relocations (volume = 235.498): worst = 0.0900394 / average = 0.710775 (Wall 0.0178842s, CPU 0.017884s)
Info    : 1408 edge swaps, 27 node relocations (volume = 235.498): worst = 0.139829 / average = 0.711544 (Wall 0.0217269s, CPU 0.021726s)
Info    : 1411 edge swaps, 27 node relocations (volume = 235.498): worst = 0.139829 / average = 0.711588 (Wall 0.0245145s, CPU 0.024515s)
Info    : No ill-shaped tets in the mesh :-)
Info    : 0.00 < quality < 0.10 :         0 elements
Info    : 0.10 < quality < 0.20 :         2 elements
Info    : 0.20 < quality < 0.30 :         5 elements
Info    : 0.30 < quality < 0.40 :       878 elements
Info    : 0.40 < quality < 0.50 :      1346 elements
Info    : 0.50 < quality < 0.60 :      3599 elements
Info    : 0.60 < quality < 0.70 :     13057 elements
Info    : 0.70 < quality < 0.80 :     16902 elements
Info    : 0.80 < quality < 0.90 :      4725 elements
Info    : 0.90 < quality < 1.00 :      3649 elements
Info    : Optimizing volume 2
Info    : Optimization starts (volume = 0.256468) with worst = 0.0697027 / average = 0.752922:
Info    : 0.00 < quality < 0.10 :         2 elements
Info    : 0.10 < quality < 0.20 :         3 elements
Info    : 0.20 < quality < 0.30 :         4 elements
Info    : 0.30 < quality < 0.40 :         9 elements
Info    : 0.40 < quality < 0.50 :        16 elements
Info    : 0.50 < quality < 0.60 :        19 elements
Info    : 0.60 < quality < 0.70 :        68 elements
Info    : 0.70 < quality < 0.80 :       182 elements
Info    : 0.80 < quality < 0.90 :       160 elements
Info    : 0.90 < quality < 1.00 :        48 elements
Info    : 9 edge swaps, 0 node relocations (volume = 0.256468): worst = 0.303906 / average = 0.763683 (Wall 0.000116728s, CPU 0.000117s)
Info    : No ill-shaped tets in the mesh :-)
Info    : 0.00 < quality < 0.10 :         0 elements
Info    : 0.10 < quality < 0.20 :         0 elements
Info    : 0.20 < quality < 0.30 :         0 elements
Info    : 0.30 < quality < 0.40 :        10 elements
Info    : 0.40 < quality < 0.50 :        16 elements
Info    : 0.50 < quality < 0.60 :        17 elements
Info    : 0.60 < quality < 0.70 :        70 elements
Info    : 0.70 < quality < 0.80 :       179 elements
Info    : 0.80 < quality < 0.90 :       162 elements
Info    : 0.90 < quality < 1.00 :        49 elements
Info    : Done optimizing mesh (Wall 0.0549523s, CPU 0.054951s)
Info    : 13956 nodes 70784 elements
Info    : Meshing order 2 (curvilinear on)...
Info    : [  0%] Meshing curve 1 order 2
Info    : [ 10%] Meshing curve 2 order 2
Info    : [ 20%] Meshing curve 3 order 2
Info    : [ 20%] Meshing curve 4 order 2
Info    : [ 30%] Meshing curve 5 order 2
Info    : [ 30%] Meshing curve 6 order 2
Info    : [ 40%] Meshing curve 7 order 2
Info    : [ 40%] Meshing curve 8 order 2
Info    : [ 50%] Meshing curve 9 order 2
Info    : [ 50%] Meshing curve 10 order 2
Info    : [ 60%] Meshing curve 11 order 2
Info    : [ 60%] Meshing curve 12 order 2
Info    : [ 70%] Meshing surface 1 order 2
Info    : [ 70%] Meshing surface 2 order 2
Info    : [ 80%] Meshing surface 3 order 2
Info    : [ 80%] Meshing surface 4 order 2
Info    : [ 90%] Meshing surface 5 order 2
Info    : [ 90%] Meshing surface 6 order 2
Info    : [100%] Meshing volume 1 order 2
Info    : [100%] Meshing volume 2 order 2
Info    : Surface mesh: worst distortion = 0.797589 (0 elements in ]0, 0.2]); worst gamma = 0.499267
Info    : Volume mesh: worst distortion = 0.228659 (0 elements in ]0, 0.2])
Info    : Done meshing order 2 (Wall 2.56402s, CPU 2.5623s)
Info    : Writing '/home/user/mscr-mom/현서/scripts/contact_scenarios/fea/lmphi_mesh_LM75_phi00_s80.inp'...
Info    : Done writing '/home/user/mscr-mom/현서/scripts/contact_scenarios/fea/lmphi_mesh_LM75_phi00_s80.inp'
  [LM75_phi00] F_mag=0.0005mN  (165.8s)
[LM75_phi00 9/10] L_M=75.0, phi=0.0, s=90.0mm, push_depth=0.1mm ...
Info    : Meshing 1D...
Info    : [  0%] Meshing curve 1 (BSpline)
Info    : [ 10%] Meshing curve 2 (Ellipse)
Info    : [ 20%] Meshing curve 3 (Ellipse)
Info    : [ 30%] Meshing curve 4 (BSpline)
Info    : [ 40%] Meshing curve 5 (BSpline)
Info    : [ 50%] Meshing curve 6 (BSpline)
Info    : [ 60%] Meshing curve 7 (BSpline)
Info    : [ 60%] Meshing curve 8 (BSpline)
Info    : [ 70%] Meshing curve 9 (BSpline)
Info    : [ 90%] Meshing curve 11 (Circle)
Info    : Done meshing 1D (Wall 0.00603161s, CPU 0.006031s)
Info    : Meshing 2D...
Info    : [  0%] Meshing surface 1 (Plane, Frontal-Delaunay)
Info    : [ 20%] Meshing surface 2 (Plane, Frontal-Delaunay)
Info    : [ 40%] Meshing surface 3 (BSpline surface, Frontal-Delaunay)
Info    : [ 60%] Meshing surface 4 (BSpline surface, Frontal-Delaunay)
Info    : [ 70%] Meshing surface 5 (Plane, Frontal-Delaunay)
Info    : [ 90%] Meshing surface 6 (Sphere, Frontal-Delaunay)
Info    : Done meshing 2D (Wall 0.489281s, CPU 0.489166s)
Info    : Meshing 3D...
Info    : 3D Meshing 2 volumes with 2 connected components
Info    : Tetrahedrizing 12312 nodes...
Info    : Done tetrahedrizing 12320 nodes (Wall 0.163151s, CPU 0.157875s)
Info    : Reconstructing mesh...
Info    :  - Creating surface mesh
Info    :  - Identifying boundary edges
Info    :  - Recovering boundary
Info    : Done reconstructing mesh (Wall 0.406828s, CPU 0.396547s)
Info    : Found volume 1
Info    : It. 0 - 0 nodes created - worst tet radius 1.04058 (nodes removed 0 0)
Info    : It. 500 - 500 nodes created - worst tet radius 1.00575 (nodes removed 0 0)
Info    : It. 1000 - 1000 nodes created - worst tet radius 1.00039 (nodes removed 0 0)
Info    : 3D refinement terminated (13554 nodes total):
Info    :  - 0 Delaunay cavities modified for star shapeness
Info    :  - 0 nodes could not be inserted
Info    :  - 45491 tetrahedra created in 0.0646964 sec. (703145 tets/s)
Info    : 0 node relocations
Info    : Tetrahedrizing 132 nodes...
Info    : Done tetrahedrizing 140 nodes (Wall 0.000738167s, CPU 0.00074s)
Info    : Reconstructing mesh...
Info    :  - Creating surface mesh
Info    :  - Identifying boundary edges
Info    :  - Recovering boundary
Info    : Done reconstructing mesh (Wall 0.00233474s, CPU 0.002336s)
Info    : Found volume 2
Info    : It. 0 - 0 nodes created - worst tet radius 3.12382 (nodes removed 0 0)
Info    : 3D refinement terminated (12527 nodes total):
Info    :  - 1 Delaunay cavities modified for star shapeness
Info    :  - 0 nodes could not be inserted
Info    :  - 511 tetrahedra created in 0.00794448 sec. (64321 tets/s)
Info    : 0 node relocations
Info    : Done meshing 3D (Wall 0.78997s, CPU 0.779621s)
Info    : Optimizing mesh...
Info    : Optimizing volume 1
Info    : Optimization starts (volume = 235.498) with worst = 0.000420018 / average = 0.693332:
Info    : 0.00 < quality < 0.10 :       349 elements
Info    : 0.10 < quality < 0.20 :       189 elements
Info    : 0.20 < quality < 0.30 :       861 elements
Info    : 0.30 < quality < 0.40 :      1067 elements
Info    : 0.40 < quality < 0.50 :      1699 elements
Info    : 0.50 < quality < 0.60 :      3132 elements
Info    : 0.60 < quality < 0.70 :     12809 elements
Info    : 0.70 < quality < 0.80 :     17519 elements
Info    : 0.80 < quality < 0.90 :      4221 elements
Info    : 0.90 < quality < 1.00 :      3645 elements
Info    : 1348 edge swaps, 26 node relocations (volume = 235.498): worst = 0.0900394 / average = 0.710775 (Wall 0.0170701s, CPU 0.017069s)
Info    : 1408 edge swaps, 27 node relocations (volume = 235.498): worst = 0.139829 / average = 0.711544 (Wall 0.0209643s, CPU 0.020963s)
Info    : 1411 edge swaps, 27 node relocations (volume = 235.498): worst = 0.139829 / average = 0.711588 (Wall 0.0268441s, CPU 0.026843s)
Info    : No ill-shaped tets in the mesh :-)
Info    : 0.00 < quality < 0.10 :         0 elements
Info    : 0.10 < quality < 0.20 :         2 elements
Info    : 0.20 < quality < 0.30 :         5 elements
Info    : 0.30 < quality < 0.40 :       878 elements
Info    : 0.40 < quality < 0.50 :      1346 elements
Info    : 0.50 < quality < 0.60 :      3599 elements
Info    : 0.60 < quality < 0.70 :     13057 elements
Info    : 0.70 < quality < 0.80 :     16902 elements
Info    : 0.80 < quality < 0.90 :      4725 elements
Info    : 0.90 < quality < 1.00 :      3649 elements
Info    : Optimizing volume 2
Info    : Optimization starts (volume = 0.256468) with worst = 0.0697027 / average = 0.752922:
Info    : 0.00 < quality < 0.10 :         2 elements
Info    : 0.10 < quality < 0.20 :         3 elements
Info    : 0.20 < quality < 0.30 :         4 elements
Info    : 0.30 < quality < 0.40 :         9 elements
Info    : 0.40 < quality < 0.50 :        16 elements
Info    : 0.50 < quality < 0.60 :        19 elements
Info    : 0.60 < quality < 0.70 :        68 elements
Info    : 0.70 < quality < 0.80 :       182 elements
Info    : 0.80 < quality < 0.90 :       160 elements
Info    : 0.90 < quality < 1.00 :        48 elements
Info    : 9 edge swaps, 0 node relocations (volume = 0.256468): worst = 0.303906 / average = 0.763683 (Wall 0.000127836s, CPU 0.00013s)
Info    : No ill-shaped tets in the mesh :-)
Info    : 0.00 < quality < 0.10 :         0 elements
Info    : 0.10 < quality < 0.20 :         0 elements
Info    : 0.20 < quality < 0.30 :         0 elements
Info    : 0.30 < quality < 0.40 :        10 elements
Info    : 0.40 < quality < 0.50 :        16 elements
Info    : 0.50 < quality < 0.60 :        17 elements
Info    : 0.60 < quality < 0.70 :        70 elements
Info    : 0.70 < quality < 0.80 :       179 elements
Info    : 0.80 < quality < 0.90 :       162 elements
Info    : 0.90 < quality < 1.00 :        49 elements
Info    : Done optimizing mesh (Wall 0.0655351s, CPU 0.065532s)
Info    : 13956 nodes 70784 elements
Info    : Meshing order 2 (curvilinear on)...
Info    : [  0%] Meshing curve 1 order 2
Info    : [ 10%] Meshing curve 2 order 2
Info    : [ 20%] Meshing curve 3 order 2
Info    : [ 20%] Meshing curve 4 order 2
Info    : [ 30%] Meshing curve 5 order 2
Info    : [ 30%] Meshing curve 6 order 2
Info    : [ 40%] Meshing curve 7 order 2
Info    : [ 40%] Meshing curve 8 order 2
Info    : [ 50%] Meshing curve 9 order 2
Info    : [ 50%] Meshing curve 10 order 2
Info    : [ 60%] Meshing curve 11 order 2
Info    : [ 60%] Meshing curve 12 order 2
Info    : [ 70%] Meshing surface 1 order 2
Info    : [ 70%] Meshing surface 2 order 2
Info    : [ 80%] Meshing surface 3 order 2
Info    : [ 80%] Meshing surface 4 order 2
Info    : [ 90%] Meshing surface 5 order 2
Info    : [ 90%] Meshing surface 6 order 2
Info    : [100%] Meshing volume 1 order 2
Info    : [100%] Meshing volume 2 order 2
Info    : Surface mesh: worst distortion = 0.797589 (0 elements in ]0, 0.2]); worst gamma = 0.499267
Info    : Volume mesh: worst distortion = 0.228659 (0 elements in ]0, 0.2])
Info    : Done meshing order 2 (Wall 2.39241s, CPU 2.39194s)
Info    : Writing '/home/user/mscr-mom/현서/scripts/contact_scenarios/fea/lmphi_mesh_LM75_phi00_s90.inp'...
Info    : Done writing '/home/user/mscr-mom/현서/scripts/contact_scenarios/fea/lmphi_mesh_LM75_phi00_s90.inp'
  [LM75_phi00] F_mag=0.0004mN  (216.7s)
[LM75_phi00 10/10] L_M=75.0, phi=0.0, s=100.0mm, push_depth=0.1mm ...
Info    : Meshing 1D...
Info    : [  0%] Meshing curve 1 (BSpline)
Info    : [ 10%] Meshing curve 2 (Ellipse)
Info    : [ 20%] Meshing curve 3 (Ellipse)
Info    : [ 30%] Meshing curve 4 (BSpline)
Info    : [ 40%] Meshing curve 5 (BSpline)
Info    : [ 50%] Meshing curve 6 (BSpline)
Info    : [ 60%] Meshing curve 7 (BSpline)
Info    : [ 60%] Meshing curve 8 (BSpline)
Info    : [ 70%] Meshing curve 9 (BSpline)
Info    : [ 90%] Meshing curve 11 (Circle)
Info    : Done meshing 1D (Wall 0.00614483s, CPU 0.006096s)
Info    : Meshing 2D...
Info    : [  0%] Meshing surface 1 (Plane, Frontal-Delaunay)
Info    : [ 20%] Meshing surface 2 (Plane, Frontal-Delaunay)
Info    : [ 40%] Meshing surface 3 (BSpline surface, Frontal-Delaunay)
Info    : [ 60%] Meshing surface 4 (BSpline surface, Frontal-Delaunay)
Info    : [ 70%] Meshing surface 5 (Plane, Frontal-Delaunay)
Info    : [ 90%] Meshing surface 6 (Sphere, Frontal-Delaunay)
Info    : Done meshing 2D (Wall 0.517026s, CPU 0.515974s)
Info    : Meshing 3D...
Info    : 3D Meshing 2 volumes with 2 connected components
Info    : Tetrahedrizing 12312 nodes...
Info    : Done tetrahedrizing 12320 nodes (Wall 0.160427s, CPU 0.15808s)
Info    : Reconstructing mesh...
Info    :  - Creating surface mesh
Info    :  - Identifying boundary edges
Info    :  - Recovering boundary
Info    : Done reconstructing mesh (Wall 0.374136s, CPU 0.363745s)
Info    : Found volume 1
Info    : It. 0 - 0 nodes created - worst tet radius 1.04058 (nodes removed 0 0)
Info    : It. 500 - 500 nodes created - worst tet radius 1.00575 (nodes removed 0 0)
Info    : It. 1000 - 1000 nodes created - worst tet radius 1.00039 (nodes removed 0 0)
Info    : 3D refinement terminated (13554 nodes total):
Info    :  - 0 Delaunay cavities modified for star shapeness
Info    :  - 0 nodes could not be inserted
Info    :  - 45491 tetrahedra created in 0.0582915 sec. (780404 tets/s)
Info    : 0 node relocations
Info    : Tetrahedrizing 132 nodes...
Info    : Done tetrahedrizing 140 nodes (Wall 0.000729871s, CPU 0s)
Info    : Reconstructing mesh...
Info    :  - Creating surface mesh
Info    :  - Identifying boundary edges
Info    :  - Recovering boundary
Info    : Done reconstructing mesh (Wall 0.00243425s, CPU 0.001456s)
Info    : Found volume 2
Info    : It. 0 - 0 nodes created - worst tet radius 3.12382 (nodes removed 0 0)
Info    : 3D refinement terminated (12527 nodes total):
Info    :  - 1 Delaunay cavities modified for star shapeness
Info    :  - 0 nodes could not be inserted
Info    :  - 511 tetrahedra created in 0.0069614 sec. (73404 tets/s)
Info    : 0 node relocations
Info    : Done meshing 3D (Wall 0.714603s, CPU 0.703181s)
Info    : Optimizing mesh...
Info    : Optimizing volume 1
Info    : Optimization starts (volume = 235.498) with worst = 0.000420018 / average = 0.693332:
Info    : 0.00 < quality < 0.10 :       349 elements
Info    : 0.10 < quality < 0.20 :       189 elements
Info    : 0.20 < quality < 0.30 :       861 elements
Info    : 0.30 < quality < 0.40 :      1067 elements
Info    : 0.40 < quality < 0.50 :      1699 elements
Info    : 0.50 < quality < 0.60 :      3132 elements
Info    : 0.60 < quality < 0.70 :     12809 elements
Info    : 0.70 < quality < 0.80 :     17519 elements
Info    : 0.80 < quality < 0.90 :      4221 elements
Info    : 0.90 < quality < 1.00 :      3645 elements
Info    : 1348 edge swaps, 26 node relocations (volume = 235.498): worst = 0.0900394 / average = 0.710775 (Wall 0.0162977s, CPU 0.016298s)
Info    : 1408 edge swaps, 27 node relocations (volume = 235.498): worst = 0.139829 / average = 0.711544 (Wall 0.0195879s, CPU 0.019588s)
Info    : 1411 edge swaps, 27 node relocations (volume = 235.498): worst = 0.139829 / average = 0.711588 (Wall 0.0220954s, CPU 0.022097s)
Info    : No ill-shaped tets in the mesh :-)
Info    : 0.00 < quality < 0.10 :         0 elements
Info    : 0.10 < quality < 0.20 :         2 elements
Info    : 0.20 < quality < 0.30 :         5 elements
Info    : 0.30 < quality < 0.40 :       878 elements
Info    : 0.40 < quality < 0.50 :      1346 elements
Info    : 0.50 < quality < 0.60 :      3599 elements
Info    : 0.60 < quality < 0.70 :     13057 elements
Info    : 0.70 < quality < 0.80 :     16902 elements
Info    : 0.80 < quality < 0.90 :      4725 elements
Info    : 0.90 < quality < 1.00 :      3649 elements
Info    : Optimizing volume 2
Info    : Optimization starts (volume = 0.256468) with worst = 0.0697027 / average = 0.752922:
Info    : 0.00 < quality < 0.10 :         2 elements
Info    : 0.10 < quality < 0.20 :         3 elements
Info    : 0.20 < quality < 0.30 :         4 elements
Info    : 0.30 < quality < 0.40 :         9 elements
Info    : 0.40 < quality < 0.50 :        16 elements
Info    : 0.50 < quality < 0.60 :        19 elements
Info    : 0.60 < quality < 0.70 :        68 elements
Info    : 0.70 < quality < 0.80 :       182 elements
Info    : 0.80 < quality < 0.90 :       160 elements
Info    : 0.90 < quality < 1.00 :        48 elements
Info    : 9 edge swaps, 0 node relocations (volume = 0.256468): worst = 0.303906 / average = 0.763683 (Wall 0.000109926s, CPU 0.000111s)
Info    : No ill-shaped tets in the mesh :-)
Info    : 0.00 < quality < 0.10 :         0 elements
Info    : 0.10 < quality < 0.20 :         0 elements
Info    : 0.20 < quality < 0.30 :         0 elements
Info    : 0.30 < quality < 0.40 :        10 elements
Info    : 0.40 < quality < 0.50 :        16 elements
Info    : 0.50 < quality < 0.60 :        17 elements
Info    : 0.60 < quality < 0.70 :        70 elements
Info    : 0.70 < quality < 0.80 :       179 elements
Info    : 0.80 < quality < 0.90 :       162 elements
Info    : 0.90 < quality < 1.00 :        49 elements
Info    : Done optimizing mesh (Wall 0.051599s, CPU 0.051599s)
Info    : 13956 nodes 70784 elements
Info    : Meshing order 2 (curvilinear on)...
Info    : [  0%] Meshing curve 1 order 2
Info    : [ 10%] Meshing curve 2 order 2
Info    : [ 20%] Meshing curve 3 order 2
Info    : [ 20%] Meshing curve 4 order 2
Info    : [ 30%] Meshing curve 5 order 2
Info    : [ 30%] Meshing curve 6 order 2
Info    : [ 40%] Meshing curve 7 order 2
Info    : [ 40%] Meshing curve 8 order 2
Info    : [ 50%] Meshing curve 9 order 2
Info    : [ 50%] Meshing curve 10 order 2
Info    : [ 60%] Meshing curve 11 order 2
Info    : [ 60%] Meshing curve 12 order 2
Info    : [ 70%] Meshing surface 1 order 2
Info    : [ 70%] Meshing surface 2 order 2
Info    : [ 80%] Meshing surface 3 order 2
Info    : [ 80%] Meshing surface 4 order 2
Info    : [ 90%] Meshing surface 5 order 2
Info    : [ 90%] Meshing surface 6 order 2
Info    : [100%] Meshing volume 1 order 2
Info    : [100%] Meshing volume 2 order 2
Info    : Surface mesh: worst distortion = 0.797589 (0 elements in ]0, 0.2]); worst gamma = 0.499267
Info    : Volume mesh: worst distortion = 0.228659 (0 elements in ]0, 0.2])
Info    : Done meshing order 2 (Wall 2.32497s, CPU 2.32268s)
Info    : Writing '/home/user/mscr-mom/현서/scripts/contact_scenarios/fea/lmphi_mesh_LM75_phi00_s100.inp'...
Info    : Done writing '/home/user/mscr-mom/현서/scripts/contact_scenarios/fea/lmphi_mesh_LM75_phi00_s100.inp'
  [LM75_phi00] F_mag=0.0003mN  (408.2s)
[LM75_phi00] 완료: 9/10 성공
