[LMD625_phiP90_b0 1/10] L_M=62.5, phi=90.0, beta=0.0, s=10.0mm, push_depth=0.1mm ...
Info    : Meshing 1D...
Info    : [  0%] Meshing curve 1 (BSpline)
Info    : [ 10%] Meshing curve 2 (Ellipse)
Info    : [ 20%] Meshing curve 3 (Ellipse)
Info    : [ 30%] Meshing curve 4 (BSpline)
Info    : [ 40%] Meshing curve 5 (BSpline)
Info    : [ 50%] Meshing curve 6 (BSpline)
Info    : [ 60%] Meshing curve 7 (BSpline)
Info    : [ 60%] Meshing curve 8 (BSpline)
Info    : [ 70%] Meshing curve 9 (BSpline)
Info    : [ 90%] Meshing curve 11 (Circle)
Info    : Done meshing 1D (Wall 0.0222126s, CPU 0.022196s)
Info    : Meshing 2D...
Info    : [  0%] Meshing surface 1 (Plane, Frontal-Delaunay)
Info    : [ 20%] Meshing surface 2 (Plane, Frontal-Delaunay)
Info    : [ 40%] Meshing surface 3 (BSpline surface, Frontal-Delaunay)
Info    : [ 60%] Meshing surface 4 (BSpline surface, Frontal-Delaunay)
Info    : [ 70%] Meshing surface 5 (Plane, Frontal-Delaunay)
Info    : [ 90%] Meshing surface 6 (Sphere, Frontal-Delaunay)
Info    : Done meshing 2D (Wall 0.729382s, CPU 0.726296s)
Info    : Meshing 3D...
Info    : 3D Meshing 2 volumes with 2 connected components
Info    : Tetrahedrizing 12548 nodes...
Info    : Done tetrahedrizing 12556 nodes (Wall 0.152122s, CPU 0.141132s)
Info    : Reconstructing mesh...
Info    :  - Creating surface mesh
Info    :  - Identifying boundary edges
Info    :  - Recovering boundary
Info    : Done reconstructing mesh (Wall 0.366646s, CPU 0.33964s)
Info    : Found volume 1
Info    : It. 0 - 0 nodes created - worst tet radius 1.03938 (nodes removed 0 0)
Info    : 3D refinement terminated (13199 nodes total):
Info    :  - 0 Delaunay cavities modified for star shapeness
Info    :  - 0 nodes could not be inserted
Info    :  - 42178 tetrahedra created in 0.0211518 sec. (1994063 tets/s)
Info    : 0 node relocations
Info    : Tetrahedrizing 131 nodes...
Info    : Done tetrahedrizing 139 nodes (Wall 0.000739482s, CPU 0.00074s)
Info    : Reconstructing mesh...
Info    :  - Creating surface mesh
Info    :  - Identifying boundary edges
Info    :  - Recovering boundary
Info    : Done reconstructing mesh (Wall 0.00162791s, CPU 0.001622s)
Info    : Found volume 2
Info    : It. 0 - 0 nodes created - worst tet radius 3.10129 (nodes removed 0 0)
Info    : 3D refinement terminated (12759 nodes total):
Info    :  - 0 Delaunay cavities modified for star shapeness
Info    :  - 0 nodes could not be inserted
Info    :  - 501 tetrahedra created in 0.00275603 sec. (181783 tets/s)
Info    : 0 node relocations
Info    : Done meshing 3D (Wall 0.624298s, CPU 0.597215s)
Info    : Optimizing mesh...
Info    : Optimizing volume 1
Info    : Optimization starts (volume = 235.61) with worst = 0.00844814 / average = 0.680165:
Info    : 0.00 < quality < 0.10 :       175 elements
Info    : 0.10 < quality < 0.20 :       429 elements
Info    : 0.20 < quality < 0.30 :       766 elements
Info    : 0.30 < quality < 0.40 :       974 elements
Info    : 0.40 < quality < 0.50 :      1526 elements
Info    : 0.50 < quality < 0.60 :      3577 elements
Info    : 0.60 < quality < 0.70 :     10699 elements
Info    : 0.70 < quality < 0.80 :     20590 elements
Info    : 0.80 < quality < 0.90 :      1953 elements
Info    : 0.90 < quality < 1.00 :      1489 elements
Info    : 1292 edge swaps, 13 node relocations (volume = 235.61): worst = 0.084093 / average = 0.697565 (Wall 0.0146577s, CPU 0.014657s)
Info    : 1341 edge swaps, 13 node relocations (volume = 235.61): worst = 0.178416 / average = 0.698047 (Wall 0.0173229s, CPU 0.017325s)
Info    : 1346 edge swaps, 13 node relocations (volume = 235.61): worst = 0.178416 / average = 0.698085 (Wall 0.0194218s, CPU 0.019425s)
Info    : No ill-shaped tets in the mesh :-)
Info    : 0.00 < quality < 0.10 :         0 elements
Info    : 0.10 < quality < 0.20 :         3 elements
Info    : 0.20 < quality < 0.30 :        24 elements
Info    : 0.30 < quality < 0.40 :       845 elements
Info    : 0.40 < quality < 0.50 :      1277 elements
Info    : 0.50 < quality < 0.60 :      3656 elements
Info    : 0.60 < quality < 0.70 :     11278 elements
Info    : 0.70 < quality < 0.80 :     20313 elements
Info    : 0.80 < quality < 0.90 :      2086 elements
Info    : 0.90 < quality < 1.00 :      1496 elements
Info    : Optimizing volume 2
Info    : Optimization starts (volume = 0.25645) with worst = 0.0401763 / average = 0.723163:
Info    : 0.00 < quality < 0.10 :         2 elements
Info    : 0.10 < quality < 0.20 :         5 elements
Info    : 0.20 < quality < 0.30 :         4 elements
Info    : 0.30 < quality < 0.40 :        19 elements
Info    : 0.40 < quality < 0.50 :        23 elements
Info    : 0.50 < quality < 0.60 :        30 elements
Info    : 0.60 < quality < 0.70 :        67 elements
Info    : 0.70 < quality < 0.80 :       188 elements
Info    : 0.80 < quality < 0.90 :       122 elements
Info    : 0.90 < quality < 1.00 :        41 elements
Info    : 11 edge swaps, 0 node relocations (volume = 0.25645): worst = 0.306492 / average = 0.738495 (Wall 0.000110089s, CPU 0.00011s)
Info    : No ill-shaped tets in the mesh :-)
Info    : 0.00 < quality < 0.10 :         0 elements
Info    : 0.10 < quality < 0.20 :         0 elements
Info    : 0.20 < quality < 0.30 :         0 elements
Info    : 0.30 < quality < 0.40 :        19 elements
Info    : 0.40 < quality < 0.50 :        20 elements
Info    : 0.50 < quality < 0.60 :        28 elements
Info    : 0.60 < quality < 0.70 :        68 elements
Info    : 0.70 < quality < 0.80 :       189 elements
Info    : 0.80 < quality < 0.90 :       125 elements
Info    : 0.90 < quality < 1.00 :        41 elements
Info    : Done optimizing mesh (Wall 0.0419455s, CPU 0.041946s)
Info    : 13598 nodes 68046 elements
Info    : Meshing order 2 (curvilinear on)...
Info    : [  0%] Meshing curve 1 order 2
Info    : [ 10%] Meshing curve 2 order 2
Info    : [ 20%] Meshing curve 3 order 2
Info    : [ 20%] Meshing curve 4 order 2
Info    : [ 30%] Meshing curve 5 order 2
Info    : [ 30%] Meshing curve 6 order 2
Info    : [ 40%] Meshing curve 7 order 2
Info    : [ 40%] Meshing curve 8 order 2
Info    : [ 50%] Meshing curve 9 order 2
Info    : [ 50%] Meshing curve 10 order 2
Info    : [ 60%] Meshing curve 11 order 2
Info    : [ 60%] Meshing curve 12 order 2
Info    : [ 70%] Meshing surface 1 order 2
Info    : [ 70%] Meshing surface 2 order 2
Info    : [ 80%] Meshing surface 3 order 2
Info    : [ 80%] Meshing surface 4 order 2
Info    : [ 90%] Meshing surface 5 order 2
Info    : [ 90%] Meshing surface 6 order 2
Info    : [100%] Meshing volume 1 order 2
Info    : [100%] Meshing volume 2 order 2
Info    : Surface mesh: worst distortion = 0.797589 (0 elements in ]0, 0.2]); worst gamma = 0.724859
Info    : Volume mesh: worst distortion = 0.253376 (0 elements in ]0, 0.2])
Info    : Done meshing order 2 (Wall 13.2228s, CPU 13.2156s)
Info    : Writing '/home/user/mscr-mom/현서/scripts/contact_scenarios/fea/matv2_mesh_LMD625_phiP90_b0_s10.inp'...
Info    : Done writing '/home/user/mscr-mom/현서/scripts/contact_scenarios/fea/matv2_mesh_LMD625_phiP90_b0_s10.inp'
  [LMD625_phiP90_b0] F_mag=0.1573mN  (377.8s)
[LMD625_phiP90_b0 2/10] L_M=62.5, phi=90.0, beta=0.0, s=20.0mm, push_depth=0.1mm ...
Info    : Meshing 1D...
Info    : [  0%] Meshing curve 1 (BSpline)
Info    : [ 10%] Meshing curve 2 (Ellipse)
Info    : [ 20%] Meshing curve 3 (Ellipse)
Info    : [ 30%] Meshing curve 4 (BSpline)
Info    : [ 40%] Meshing curve 5 (BSpline)
Info    : [ 50%] Meshing curve 6 (BSpline)
Info    : [ 60%] Meshing curve 7 (BSpline)
Info    : [ 60%] Meshing curve 8 (BSpline)
Info    : [ 70%] Meshing curve 9 (BSpline)
Info    : [ 90%] Meshing curve 11 (Circle)
Info    : Done meshing 1D (Wall 0.0218493s, CPU 0.021793s)
Info    : Meshing 2D...
Info    : [  0%] Meshing surface 1 (Plane, Frontal-Delaunay)
Info    : [ 20%] Meshing surface 2 (Plane, Frontal-Delaunay)
Info    : [ 40%] Meshing surface 3 (BSpline surface, Frontal-Delaunay)
Info    : [ 60%] Meshing surface 4 (BSpline surface, Frontal-Delaunay)
Info    : [ 70%] Meshing surface 5 (Plane, Frontal-Delaunay)
Info    : [ 90%] Meshing surface 6 (Sphere, Frontal-Delaunay)
Info    : Done meshing 2D (Wall 0.714896s, CPU 0.714604s)
Info    : Meshing 3D...
Info    : 3D Meshing 2 volumes with 2 connected components
Info    : Tetrahedrizing 12548 nodes...
Info    : Done tetrahedrizing 12556 nodes (Wall 0.156487s, CPU 0.1465s)
Info    : Reconstructing mesh...
Info    :  - Creating surface mesh
Info    :  - Identifying boundary edges
Info    :  - Recovering boundary
Info    : Done reconstructing mesh (Wall 0.379832s, CPU 0.360805s)
Info    : Found volume 1
Info    : It. 0 - 0 nodes created - worst tet radius 1.03938 (nodes removed 0 0)
Info    : 3D refinement terminated (13199 nodes total):
Info    :  - 0 Delaunay cavities modified for star shapeness
Info    :  - 0 nodes could not be inserted
Info    :  - 42178 tetrahedra created in 0.0233668 sec. (1805041 tets/s)
Info    : 0 node relocations
Info    : Tetrahedrizing 131 nodes...
Info    : Done tetrahedrizing 139 nodes (Wall 0.000728694s, CPU 0.000729s)
Info    : Reconstructing mesh...
Info    :  - Creating surface mesh
Info    :  - Identifying boundary edges
Info    :  - Recovering boundary
Info    : Done reconstructing mesh (Wall 0.00164941s, CPU 0.001652s)
Info    : Found volume 2
Info    : It. 0 - 0 nodes created - worst tet radius 3.10129 (nodes removed 0 0)
Info    : 3D refinement terminated (12759 nodes total):
Info    :  - 0 Delaunay cavities modified for star shapeness
Info    :  - 0 nodes could not be inserted
Info    :  - 501 tetrahedra created in 0.0024703 sec. (202809 tets/s)
Info    : 0 node relocations
Info    : Done meshing 3D (Wall 0.67178s, CPU 0.652706s)
Info    : Optimizing mesh...
Info    : Optimizing volume 1
Info    : Optimization starts (volume = 235.61) with worst = 0.00844814 / average = 0.680165:
Info    : 0.00 < quality < 0.10 :       175 elements
Info    : 0.10 < quality < 0.20 :       429 elements
Info    : 0.20 < quality < 0.30 :       766 elements
Info    : 0.30 < quality < 0.40 :       974 elements
Info    : 0.40 < quality < 0.50 :      1526 elements
Info    : 0.50 < quality < 0.60 :      3577 elements
Info    : 0.60 < quality < 0.70 :     10699 elements
Info    : 0.70 < quality < 0.80 :     20590 elements
Info    : 0.80 < quality < 0.90 :      1953 elements
Info    : 0.90 < quality < 1.00 :      1489 elements
Info    : 1292 edge swaps, 13 node relocations (volume = 235.61): worst = 0.084093 / average = 0.697565 (Wall 0.0152481s, CPU 0.015249s)
Info    : 1341 edge swaps, 13 node relocations (volume = 235.61): worst = 0.178416 / average = 0.698047 (Wall 0.0182767s, CPU 0.018279s)
Info    : 1346 edge swaps, 13 node relocations (volume = 235.61): worst = 0.178416 / average = 0.698085 (Wall 0.0206421s, CPU 0.020645s)
Info    : No ill-shaped tets in the mesh :-)
Info    : 0.00 < quality < 0.10 :         0 elements
Info    : 0.10 < quality < 0.20 :         3 elements
Info    : 0.20 < quality < 0.30 :        24 elements
Info    : 0.30 < quality < 0.40 :       845 elements
Info    : 0.40 < quality < 0.50 :      1277 elements
Info    : 0.50 < quality < 0.60 :      3656 elements
Info    : 0.60 < quality < 0.70 :     11278 elements
Info    : 0.70 < quality < 0.80 :     20313 elements
Info    : 0.80 < quality < 0.90 :      2086 elements
Info    : 0.90 < quality < 1.00 :      1496 elements
Info    : Optimizing volume 2
Info    : Optimization starts (volume = 0.25645) with worst = 0.0401763 / average = 0.723163:
Info    : 0.00 < quality < 0.10 :         2 elements
Info    : 0.10 < quality < 0.20 :         5 elements
Info    : 0.20 < quality < 0.30 :         4 elements
Info    : 0.30 < quality < 0.40 :        19 elements
Info    : 0.40 < quality < 0.50 :        23 elements
Info    : 0.50 < quality < 0.60 :        30 elements
Info    : 0.60 < quality < 0.70 :        67 elements
Info    : 0.70 < quality < 0.80 :       188 elements
Info    : 0.80 < quality < 0.90 :       122 elements
Info    : 0.90 < quality < 1.00 :        41 elements
Info    : 11 edge swaps, 0 node relocations (volume = 0.25645): worst = 0.306492 / average = 0.738495 (Wall 0.000112332s, CPU 0.000113s)
Info    : No ill-shaped tets in the mesh :-)
Info    : 0.00 < quality < 0.10 :         0 elements
Info    : 0.10 < quality < 0.20 :         0 elements
Info    : 0.20 < quality < 0.30 :         0 elements
Info    : 0.30 < quality < 0.40 :        19 elements
Info    : 0.40 < quality < 0.50 :        20 elements
Info    : 0.50 < quality < 0.60 :        28 elements
Info    : 0.60 < quality < 0.70 :        68 elements
Info    : 0.70 < quality < 0.80 :       189 elements
Info    : 0.80 < quality < 0.90 :       125 elements
Info    : 0.90 < quality < 1.00 :        41 elements
Info    : Done optimizing mesh (Wall 0.0438308s, CPU 0.043829s)
Info    : 13598 nodes 68046 elements
Info    : Meshing order 2 (curvilinear on)...
Info    : [  0%] Meshing curve 1 order 2
Info    : [ 10%] Meshing curve 2 order 2
Info    : [ 20%] Meshing curve 3 order 2
Info    : [ 20%] Meshing curve 4 order 2
Info    : [ 30%] Meshing curve 5 order 2
Info    : [ 30%] Meshing curve 6 order 2
Info    : [ 40%] Meshing curve 7 order 2
Info    : [ 40%] Meshing curve 8 order 2
Info    : [ 50%] Meshing curve 9 order 2
Info    : [ 50%] Meshing curve 10 order 2
Info    : [ 60%] Meshing curve 11 order 2
Info    : [ 60%] Meshing curve 12 order 2
Info    : [ 70%] Meshing surface 1 order 2
Info    : [ 70%] Meshing surface 2 order 2
Info    : [ 80%] Meshing surface 3 order 2
Info    : [ 80%] Meshing surface 4 order 2
Info    : [ 90%] Meshing surface 5 order 2
Info    : [ 90%] Meshing surface 6 order 2
Info    : [100%] Meshing volume 1 order 2
Info    : [100%] Meshing volume 2 order 2
Info    : Surface mesh: worst distortion = 0.797589 (0 elements in ]0, 0.2]); worst gamma = 0.724859
Info    : Volume mesh: worst distortion = 0.253376 (0 elements in ]0, 0.2])
Info    : Done meshing order 2 (Wall 13.3627s, CPU 13.3582s)
Info    : Writing '/home/user/mscr-mom/현서/scripts/contact_scenarios/fea/matv2_mesh_LMD625_phiP90_b0_s20.inp'...
Info    : Done writing '/home/user/mscr-mom/현서/scripts/contact_scenarios/fea/matv2_mesh_LMD625_phiP90_b0_s20.inp'
  [LMD625_phiP90_b0] F_mag=0.0249mN  (511.0s)
[LMD625_phiP90_b0 3/10] L_M=62.5, phi=90.0, beta=0.0, s=30.0mm, push_depth=0.1mm ...
Info    : Meshing 1D...
Info    : [  0%] Meshing curve 1 (BSpline)
Info    : [ 10%] Meshing curve 2 (Ellipse)
Info    : [ 20%] Meshing curve 3 (Ellipse)
Info    : [ 30%] Meshing curve 4 (BSpline)
Info    : [ 40%] Meshing curve 5 (BSpline)
Info    : [ 50%] Meshing curve 6 (BSpline)
Info    : [ 60%] Meshing curve 7 (BSpline)
Info    : [ 60%] Meshing curve 8 (BSpline)
Info    : [ 70%] Meshing curve 9 (BSpline)
Info    : [ 90%] Meshing curve 11 (Circle)
Info    : Done meshing 1D (Wall 0.0227558s, CPU 0.022757s)
Info    : Meshing 2D...
Info    : [  0%] Meshing surface 1 (Plane, Frontal-Delaunay)
Info    : [ 20%] Meshing surface 2 (Plane, Frontal-Delaunay)
Info    : [ 40%] Meshing surface 3 (BSpline surface, Frontal-Delaunay)
Info    : [ 60%] Meshing surface 4 (BSpline surface, Frontal-Delaunay)
Info    : [ 70%] Meshing surface 5 (Plane, Frontal-Delaunay)
Info    : [ 90%] Meshing surface 6 (Sphere, Frontal-Delaunay)
Info    : Done meshing 2D (Wall 0.744948s, CPU 0.744785s)
Info    : Meshing 3D...
Info    : 3D Meshing 2 volumes with 2 connected components
Info    : Tetrahedrizing 12548 nodes...
Info    : Done tetrahedrizing 12556 nodes (Wall 0.164012s, CPU 0.159956s)
Info    : Reconstructing mesh...
Info    :  - Creating surface mesh
Info    :  - Identifying boundary edges
Info    :  - Recovering boundary
Info    : Done reconstructing mesh (Wall 0.390813s, CPU 0.375667s)
Info    : Found volume 1
Info    : It. 0 - 0 nodes created - worst tet radius 1.03938 (nodes removed 0 0)
Info    : 3D refinement terminated (13199 nodes total):
Info    :  - 0 Delaunay cavities modified for star shapeness
Info    :  - 0 nodes could not be inserted
Info    :  - 42178 tetrahedra created in 0.0172071 sec. (2451204 tets/s)
Info    : 0 node relocations
Info    : Tetrahedrizing 131 nodes...
Info    : Done tetrahedrizing 139 nodes (Wall 0.000731302s, CPU 0.000731s)
Info    : Reconstructing mesh...
Info    :  - Creating surface mesh
Info    :  - Identifying boundary edges
Info    :  - Recovering boundary
Info    : Done reconstructing mesh (Wall 0.00162362s, CPU 0.001623s)
Info    : Found volume 2
Info    : It. 0 - 0 nodes created - worst tet radius 3.09315 (nodes removed 0 0)
Info    : 3D refinement terminated (12760 nodes total):
Info    :  - 0 Delaunay cavities modified for star shapeness
Info    :  - 0 nodes could not be inserted
Info    :  - 506 tetrahedra created in 0.0021854 sec. (231536 tets/s)
Info    : 0 node relocations
Info    : Done meshing 3D (Wall 0.606991s, CPU 0.591826s)
Info    : Optimizing mesh...
Info    : Optimizing volume 1
Info    : Optimization starts (volume = 235.61) with worst = 0.00844814 / average = 0.680165:
Info    : 0.00 < quality < 0.10 :       175 elements
Info    : 0.10 < quality < 0.20 :       429 elements
Info    : 0.20 < quality < 0.30 :       766 elements
Info    : 0.30 < quality < 0.40 :       974 elements
Info    : 0.40 < quality < 0.50 :      1526 elements
Info    : 0.50 < quality < 0.60 :      3577 elements
Info    : 0.60 < quality < 0.70 :     10699 elements
Info    : 0.70 < quality < 0.80 :     20590 elements
Info    : 0.80 < quality < 0.90 :      1953 elements
Info    : 0.90 < quality < 1.00 :      1489 elements
Info    : 1292 edge swaps, 13 node relocations (volume = 235.61): worst = 0.084093 / average = 0.697565 (Wall 0.0162792s, CPU 0.016267s)
Info    : 1341 edge swaps, 13 node relocations (volume = 235.61): worst = 0.178416 / average = 0.698047 (Wall 0.019715s, CPU 0.019696s)
Info    : 1346 edge swaps, 13 node relocations (volume = 235.61): worst = 0.178416 / average = 0.698085 (Wall 0.0225179s, CPU 0.022492s)
Info    : No ill-shaped tets in the mesh :-)
Info    : 0.00 < quality < 0.10 :         0 elements
Info    : 0.10 < quality < 0.20 :         3 elements
Info    : 0.20 < quality < 0.30 :        24 elements
Info    : 0.30 < quality < 0.40 :       845 elements
Info    : 0.40 < quality < 0.50 :      1277 elements
Info    : 0.50 < quality < 0.60 :      3656 elements
Info    : 0.60 < quality < 0.70 :     11278 elements
Info    : 0.70 < quality < 0.80 :     20313 elements
Info    : 0.80 < quality < 0.90 :      2086 elements
Info    : 0.90 < quality < 1.00 :      1496 elements
Info    : Optimizing volume 2
Info    : Optimization starts (volume = 0.256422) with worst = 0.00650602 / average = 0.729926:
Info    : 0.00 < quality < 0.10 :         3 elements
Info    : 0.10 < quality < 0.20 :         2 elements
Info    : 0.20 < quality < 0.30 :         5 elements
Info    : 0.30 < quality < 0.40 :        13 elements
Info    : 0.40 < quality < 0.50 :        26 elements
Info    : 0.50 < quality < 0.60 :        26 elements
Info    : 0.60 < quality < 0.70 :        77 elements
Info    : 0.70 < quality < 0.80 :       182 elements
Info    : 0.80 < quality < 0.90 :       137 elements
Info    : 0.90 < quality < 1.00 :        35 elements
Info    : 10 edge swaps, 0 node relocations (volume = 0.256422): worst = 0.30484 / average = 0.744198 (Wall 0.000131047s, CPU 0.000134s)
Info    : No ill-shaped tets in the mesh :-)
Info    : 0.00 < quality < 0.10 :         0 elements
Info    : 0.10 < quality < 0.20 :         0 elements
Info    : 0.20 < quality < 0.30 :         0 elements
Info    : 0.30 < quality < 0.40 :        13 elements
Info    : 0.40 < quality < 0.50 :        23 elements
Info    : 0.50 < quality < 0.60 :        24 elements
Info    : 0.60 < quality < 0.70 :        77 elements
Info    : 0.70 < quality < 0.80 :       185 elements
Info    : 0.80 < quality < 0.90 :       139 elements
Info    : 0.90 < quality < 1.00 :        35 elements
Info    : Done optimizing mesh (Wall 0.0504027s, CPU 0.04935s)
Info    : 13599 nodes 68052 elements
Info    : Meshing order 2 (curvilinear on)...
Info    : [  0%] Meshing curve 1 order 2
Info    : [ 10%] Meshing curve 2 order 2
Info    : [ 20%] Meshing curve 3 order 2
Info    : [ 20%] Meshing curve 4 order 2
Info    : [ 30%] Meshing curve 5 order 2
Info    : [ 30%] Meshing curve 6 order 2
Info    : [ 40%] Meshing curve 7 order 2
Info    : [ 40%] Meshing curve 8 order 2
Info    : [ 50%] Meshing curve 9 order 2
Info    : [ 50%] Meshing curve 10 order 2
Info    : [ 60%] Meshing curve 11 order 2
Info    : [ 60%] Meshing curve 12 order 2
Info    : [ 70%] Meshing surface 1 order 2
Info    : [ 70%] Meshing surface 2 order 2
Info    : [ 80%] Meshing surface 3 order 2
Info    : [ 80%] Meshing surface 4 order 2
Info    : [ 90%] Meshing surface 5 order 2
Info    : [ 90%] Meshing surface 6 order 2
Info    : [100%] Meshing volume 1 order 2
Info    : [100%] Meshing volume 2 order 2
Info    : Surface mesh: worst distortion = 0.797589 (0 elements in ]0, 0.2]); worst gamma = 0.724859
Info    : Volume mesh: worst distortion = 0.253376 (0 elements in ]0, 0.2])
Info    : Done meshing order 2 (Wall 13.788s, CPU 13.7797s)
Info    : Writing '/home/user/mscr-mom/현서/scripts/contact_scenarios/fea/matv2_mesh_LMD625_phiP90_b0_s30.inp'...
Info    : Done writing '/home/user/mscr-mom/현서/scripts/contact_scenarios/fea/matv2_mesh_LMD625_phiP90_b0_s30.inp'
  [LMD625_phiP90_b0] [실패] (716.5s)
[LMD625_phiP90_b0 4/10] L_M=62.5, phi=90.0, beta=0.0, s=40.0mm, push_depth=0.1mm ...
Info    : Meshing 1D...
Info    : [  0%] Meshing curve 1 (BSpline)
Info    : [ 10%] Meshing curve 2 (Ellipse)
Info    : [ 20%] Meshing curve 3 (Ellipse)
Info    : [ 30%] Meshing curve 4 (BSpline)
Info    : [ 40%] Meshing curve 5 (BSpline)
Info    : [ 50%] Meshing curve 6 (BSpline)
Info    : [ 60%] Meshing curve 7 (BSpline)
Info    : [ 60%] Meshing curve 8 (BSpline)
Info    : [ 70%] Meshing curve 9 (BSpline)
Info    : [ 90%] Meshing curve 11 (Circle)
Info    : Done meshing 1D (Wall 0.0223128s, CPU 0.022296s)
Info    : Meshing 2D...
Info    : [  0%] Meshing surface 1 (Plane, Frontal-Delaunay)
Info    : [ 20%] Meshing surface 2 (Plane, Frontal-Delaunay)
Info    : [ 40%] Meshing surface 3 (BSpline surface, Frontal-Delaunay)
Info    : [ 60%] Meshing surface 4 (BSpline surface, Frontal-Delaunay)
Info    : [ 70%] Meshing surface 5 (Plane, Frontal-Delaunay)
Info    : [ 90%] Meshing surface 6 (Sphere, Frontal-Delaunay)
Info    : Done meshing 2D (Wall 0.722386s, CPU 0.721591s)
Info    : Meshing 3D...
Info    : 3D Meshing 2 volumes with 2 connected components
Info    : Tetrahedrizing 12548 nodes...
Info    : Done tetrahedrizing 12556 nodes (Wall 0.150387s, CPU 0.142381s)
Info    : Reconstructing mesh...
Info    :  - Creating surface mesh
Info    :  - Identifying boundary edges
Info    :  - Recovering boundary
Info    : Done reconstructing mesh (Wall 0.353084s, CPU 0.331086s)
Info    : Found volume 1
Info    : It. 0 - 0 nodes created - worst tet radius 1.03938 (nodes removed 0 0)
Info    : 3D refinement terminated (13199 nodes total):
Info    :  - 0 Delaunay cavities modified for star shapeness
Info    :  - 0 nodes could not be inserted
Info    :  - 42178 tetrahedra created in 0.0259721 sec. (1623973 tets/s)
Info    : 0 node relocations
Info    : Tetrahedrizing 131 nodes...
Info    : Done tetrahedrizing 139 nodes (Wall 0.000740877s, CPU 0.000741s)
Info    : Reconstructing mesh...
Info    :  - Creating surface mesh
Info    :  - Identifying boundary edges
Info    :  - Recovering boundary
Info    : Done reconstructing mesh (Wall 0.00179062s, CPU 0.001789s)
Info    : Found volume 2
Info    : It. 0 - 0 nodes created - worst tet radius 3.10129 (nodes removed 0 0)
Info    : 3D refinement terminated (12759 nodes total):
Info    :  - 0 Delaunay cavities modified for star shapeness
Info    :  - 0 nodes could not be inserted
Info    :  - 501 tetrahedra created in 0.00433197 sec. (115651 tets/s)
Info    : 0 node relocations
Info    : Done meshing 3D (Wall 0.649794s, CPU 0.627776s)
Info    : Optimizing mesh...
Info    : Optimizing volume 1
Info    : Optimization starts (volume = 235.61) with worst = 0.00844814 / average = 0.680165:
Info    : 0.00 < quality < 0.10 :       175 elements
Info    : 0.10 < quality < 0.20 :       429 elements
Info    : 0.20 < quality < 0.30 :       766 elements
Info    : 0.30 < quality < 0.40 :       974 elements
Info    : 0.40 < quality < 0.50 :      1526 elements
Info    : 0.50 < quality < 0.60 :      3577 elements
Info    : 0.60 < quality < 0.70 :     10699 elements
Info    : 0.70 < quality < 0.80 :     20590 elements
Info    : 0.80 < quality < 0.90 :      1953 elements
Info    : 0.90 < quality < 1.00 :      1489 elements
Info    : 1292 edge swaps, 13 node relocations (volume = 235.61): worst = 0.084093 / average = 0.697565 (Wall 0.0224927s, CPU 0.022491s)
Info    : 1341 edge swaps, 13 node relocations (volume = 235.61): worst = 0.178416 / average = 0.698047 (Wall 0.0267944s, CPU 0.026794s)
Info    : 1346 edge swaps, 13 node relocations (volume = 235.61): worst = 0.178416 / average = 0.698085 (Wall 0.0303088s, CPU 0.030309s)
Info    : No ill-shaped tets in the mesh :-)
Info    : 0.00 < quality < 0.10 :         0 elements
Info    : 0.10 < quality < 0.20 :         3 elements
Info    : 0.20 < quality < 0.30 :        24 elements
Info    : 0.30 < quality < 0.40 :       845 elements
Info    : 0.40 < quality < 0.50 :      1277 elements
Info    : 0.50 < quality < 0.60 :      3656 elements
Info    : 0.60 < quality < 0.70 :     11278 elements
Info    : 0.70 < quality < 0.80 :     20313 elements
Info    : 0.80 < quality < 0.90 :      2086 elements
Info    : 0.90 < quality < 1.00 :      1496 elements
Info    : Optimizing volume 2
Info    : Optimization starts (volume = 0.25645) with worst = 0.0401763 / average = 0.723163:
Info    : 0.00 < quality < 0.10 :         2 elements
Info    : 0.10 < quality < 0.20 :         5 elements
Info    : 0.20 < quality < 0.30 :         4 elements
Info    : 0.30 < quality < 0.40 :        19 elements
Info    : 0.40 < quality < 0.50 :        23 elements
Info    : 0.50 < quality < 0.60 :        30 elements
Info    : 0.60 < quality < 0.70 :        67 elements
Info    : 0.70 < quality < 0.80 :       188 elements
Info    : 0.80 < quality < 0.90 :       122 elements
Info    : 0.90 < quality < 1.00 :        41 elements
Info    : 11 edge swaps, 0 node relocations (volume = 0.25645): worst = 0.306492 / average = 0.738495 (Wall 0.000139522s, CPU 0.000144s)
Info    : No ill-shaped tets in the mesh :-)
Info    : 0.00 < quality < 0.10 :         0 elements
Info    : 0.10 < quality < 0.20 :         0 elements
Info    : 0.20 < quality < 0.30 :         0 elements
Info    : 0.30 < quality < 0.40 :        19 elements
Info    : 0.40 < quality < 0.50 :        20 elements
Info    : 0.50 < quality < 0.60 :        28 elements
Info    : 0.60 < quality < 0.70 :        68 elements
Info    : 0.70 < quality < 0.80 :       189 elements
Info    : 0.80 < quality < 0.90 :       125 elements
Info    : 0.90 < quality < 1.00 :        41 elements
Info    : Done optimizing mesh (Wall 0.0599204s, CPU 0.059916s)
Info    : 13598 nodes 68046 elements
Info    : Meshing order 2 (curvilinear on)...
Info    : [  0%] Meshing curve 1 order 2
Info    : [ 10%] Meshing curve 2 order 2
Info    : [ 20%] Meshing curve 3 order 2
Info    : [ 20%] Meshing curve 4 order 2
Info    : [ 30%] Meshing curve 5 order 2
Info    : [ 30%] Meshing curve 6 order 2
Info    : [ 40%] Meshing curve 7 order 2
Info    : [ 40%] Meshing curve 8 order 2
Info    : [ 50%] Meshing curve 9 order 2
Info    : [ 50%] Meshing curve 10 order 2
Info    : [ 60%] Meshing curve 11 order 2
Info    : [ 60%] Meshing curve 12 order 2
Info    : [ 70%] Meshing surface 1 order 2
Info    : [ 70%] Meshing surface 2 order 2
Info    : [ 80%] Meshing surface 3 order 2
Info    : [ 80%] Meshing surface 4 order 2
Info    : [ 90%] Meshing surface 5 order 2
Info    : [ 90%] Meshing surface 6 order 2
Info    : [100%] Meshing volume 1 order 2
Info    : [100%] Meshing volume 2 order 2
Info    : Surface mesh: worst distortion = 0.797589 (0 elements in ]0, 0.2]); worst gamma = 0.724859
Info    : Volume mesh: worst distortion = 0.253376 (0 elements in ]0, 0.2])
Info    : Done meshing order 2 (Wall 13.3424s, CPU 13.3346s)
Info    : Writing '/home/user/mscr-mom/현서/scripts/contact_scenarios/fea/matv2_mesh_LMD625_phiP90_b0_s40.inp'...
Info    : Done writing '/home/user/mscr-mom/현서/scripts/contact_scenarios/fea/matv2_mesh_LMD625_phiP90_b0_s40.inp'
  [LMD625_phiP90_b0] [실패] (1043.6s)
[LMD625_phiP90_b0 5/10] L_M=62.5, phi=90.0, beta=0.0, s=50.0mm, push_depth=0.1mm ...
Info    : Meshing 1D...
Info    : [  0%] Meshing curve 1 (BSpline)
Info    : [ 10%] Meshing curve 2 (Ellipse)
Info    : [ 20%] Meshing curve 3 (Ellipse)
Info    : [ 30%] Meshing curve 4 (BSpline)
Info    : [ 40%] Meshing curve 5 (BSpline)
Info    : [ 50%] Meshing curve 6 (BSpline)
Info    : [ 60%] Meshing curve 7 (BSpline)
Info    : [ 60%] Meshing curve 8 (BSpline)
Info    : [ 70%] Meshing curve 9 (BSpline)
Info    : [ 90%] Meshing curve 11 (Circle)
Info    : Done meshing 1D (Wall 0.0217354s, CPU 0.021696s)
Info    : Meshing 2D...
Info    : [  0%] Meshing surface 1 (Plane, Frontal-Delaunay)
Info    : [ 20%] Meshing surface 2 (Plane, Frontal-Delaunay)
Info    : [ 40%] Meshing surface 3 (BSpline surface, Frontal-Delaunay)
Info    : [ 60%] Meshing surface 4 (BSpline surface, Frontal-Delaunay)
Info    : [ 70%] Meshing surface 5 (Plane, Frontal-Delaunay)
Info    : [ 90%] Meshing surface 6 (Sphere, Frontal-Delaunay)
Info    : Done meshing 2D (Wall 0.715345s, CPU 0.715266s)
Info    : Meshing 3D...
Info    : 3D Meshing 2 volumes with 2 connected components
Info    : Tetrahedrizing 12548 nodes...
Info    : Done tetrahedrizing 12556 nodes (Wall 0.15007s, CPU 0.145059s)
Info    : Reconstructing mesh...
Info    :  - Creating surface mesh
Info    :  - Identifying boundary edges
Info    :  - Recovering boundary
Info    : Done reconstructing mesh (Wall 0.345184s, CPU 0.33314s)
Info    : Found volume 1
Info    : It. 0 - 0 nodes created - worst tet radius 1.03938 (nodes removed 0 0)
Info    : 3D refinement terminated (13199 nodes total):
Info    :  - 0 Delaunay cavities modified for star shapeness
Info    :  - 0 nodes could not be inserted
Info    :  - 42178 tetrahedra created in 0.0329742 sec. (1279121 tets/s)
Info    : 0 node relocations
Info    : Tetrahedrizing 131 nodes...
Info    : Done tetrahedrizing 139 nodes (Wall 0.000855796s, CPU 0.000856s)
Info    : Reconstructing mesh...
Info    :  - Creating surface mesh
Info    :  - Identifying boundary edges
Info    :  - Recovering boundary
Info    : Done reconstructing mesh (Wall 0.00192341s, CPU 0.001928s)
Info    : Found volume 2
Info    : It. 0 - 0 nodes created - worst tet radius 3.09315 (nodes removed 0 0)
Info    : 3D refinement terminated (12760 nodes total):
Info    :  - 0 Delaunay cavities modified for star shapeness
Info    :  - 0 nodes could not be inserted
Info    :  - 506 tetrahedra created in 0.00348074 sec. (145371 tets/s)
Info    : 0 node relocations
Info    : Done meshing 3D (Wall 0.636193s, CPU 0.624135s)
Info    : Optimizing mesh...
Info    : Optimizing volume 1
Info    : Optimization starts (volume = 235.61) with worst = 0.00844814 / average = 0.680165:
Info    : 0.00 < quality < 0.10 :       175 elements
Info    : 0.10 < quality < 0.20 :       429 elements
Info    : 0.20 < quality < 0.30 :       766 elements
Info    : 0.30 < quality < 0.40 :       974 elements
Info    : 0.40 < quality < 0.50 :      1526 elements
Info    : 0.50 < quality < 0.60 :      3577 elements
Info    : 0.60 < quality < 0.70 :     10699 elements
Info    : 0.70 < quality < 0.80 :     20590 elements
Info    : 0.80 < quality < 0.90 :      1953 elements
Info    : 0.90 < quality < 1.00 :      1489 elements
Info    : 1292 edge swaps, 13 node relocations (volume = 235.61): worst = 0.084093 / average = 0.697565 (Wall 0.0146694s, CPU 0.014633s)
Info    : 1341 edge swaps, 13 node relocations (volume = 235.61): worst = 0.178416 / average = 0.698047 (Wall 0.0179018s, CPU 0.017867s)
Info    : 1346 edge swaps, 13 node relocations (volume = 235.61): worst = 0.178416 / average = 0.698085 (Wall 0.0204038s, CPU 0.020371s)
Info    : No ill-shaped tets in the mesh :-)
Info    : 0.00 < quality < 0.10 :         0 elements
Info    : 0.10 < quality < 0.20 :         3 elements
Info    : 0.20 < quality < 0.30 :        24 elements
Info    : 0.30 < quality < 0.40 :       845 elements
Info    : 0.40 < quality < 0.50 :      1277 elements
Info    : 0.50 < quality < 0.60 :      3656 elements
Info    : 0.60 < quality < 0.70 :     11278 elements
Info    : 0.70 < quality < 0.80 :     20313 elements
Info    : 0.80 < quality < 0.90 :      2086 elements
Info    : 0.90 < quality < 1.00 :      1496 elements
Info    : Optimizing volume 2
Info    : Optimization starts (volume = 0.256422) with worst = 0.00650602 / average = 0.729926:
Info    : 0.00 < quality < 0.10 :         3 elements
Info    : 0.10 < quality < 0.20 :         2 elements
Info    : 0.20 < quality < 0.30 :         5 elements
Info    : 0.30 < quality < 0.40 :        13 elements
Info    : 0.40 < quality < 0.50 :        26 elements
Info    : 0.50 < quality < 0.60 :        26 elements
Info    : 0.60 < quality < 0.70 :        77 elements
Info    : 0.70 < quality < 0.80 :       182 elements
Info    : 0.80 < quality < 0.90 :       137 elements
Info    : 0.90 < quality < 1.00 :        35 elements
Info    : 10 edge swaps, 0 node relocations (volume = 0.256422): worst = 0.30484 / average = 0.744198 (Wall 0.000125902s, CPU 0.000127s)
Info    : No ill-shaped tets in the mesh :-)
Info    : 0.00 < quality < 0.10 :         0 elements
Info    : 0.10 < quality < 0.20 :         0 elements
Info    : 0.20 < quality < 0.30 :         0 elements
Info    : 0.30 < quality < 0.40 :        13 elements
Info    : 0.40 < quality < 0.50 :        23 elements
Info    : 0.50 < quality < 0.60 :        24 elements
Info    : 0.60 < quality < 0.70 :        77 elements
Info    : 0.70 < quality < 0.80 :       185 elements
Info    : 0.80 < quality < 0.90 :       139 elements
Info    : 0.90 < quality < 1.00 :        35 elements
Info    : Done optimizing mesh (Wall 0.0461839s, CPU 0.046148s)
Info    : 13599 nodes 68052 elements
Info    : Meshing order 2 (curvilinear on)...
Info    : [  0%] Meshing curve 1 order 2
Info    : [ 10%] Meshing curve 2 order 2
Info    : [ 20%] Meshing curve 3 order 2
Info    : [ 20%] Meshing curve 4 order 2
Info    : [ 30%] Meshing curve 5 order 2
Info    : [ 30%] Meshing curve 6 order 2
Info    : [ 40%] Meshing curve 7 order 2
Info    : [ 40%] Meshing curve 8 order 2
Info    : [ 50%] Meshing curve 9 order 2
Info    : [ 50%] Meshing curve 10 order 2
Info    : [ 60%] Meshing curve 11 order 2
Info    : [ 60%] Meshing curve 12 order 2
Info    : [ 70%] Meshing surface 1 order 2
Info    : [ 70%] Meshing surface 2 order 2
Info    : [ 80%] Meshing surface 3 order 2
Info    : [ 80%] Meshing surface 4 order 2
Info    : [ 90%] Meshing surface 5 order 2
Info    : [ 90%] Meshing surface 6 order 2
Info    : [100%] Meshing volume 1 order 2
Info    : [100%] Meshing volume 2 order 2
Info    : Surface mesh: worst distortion = 0.797589 (0 elements in ]0, 0.2]); worst gamma = 0.724859
Info    : Volume mesh: worst distortion = 0.253376 (0 elements in ]0, 0.2])
Info    : Done meshing order 2 (Wall 13.267s, CPU 13.2575s)
Info    : Writing '/home/user/mscr-mom/현서/scripts/contact_scenarios/fea/matv2_mesh_LMD625_phiP90_b0_s50.inp'...
Info    : Done writing '/home/user/mscr-mom/현서/scripts/contact_scenarios/fea/matv2_mesh_LMD625_phiP90_b0_s50.inp'
  [LMD625_phiP90_b0] [실패] (443.3s)
[LMD625_phiP90_b0 6/10] L_M=62.5, phi=90.0, beta=0.0, s=60.0mm, push_depth=0.1mm ...
Info    : Meshing 1D...
Info    : [  0%] Meshing curve 1 (BSpline)
Info    : [ 10%] Meshing curve 2 (Ellipse)
Info    : [ 20%] Meshing curve 3 (Ellipse)
Info    : [ 30%] Meshing curve 4 (BSpline)
Info    : [ 40%] Meshing curve 5 (BSpline)
Info    : [ 50%] Meshing curve 6 (BSpline)
Info    : [ 60%] Meshing curve 7 (BSpline)
Info    : [ 60%] Meshing curve 8 (BSpline)
Info    : [ 70%] Meshing curve 9 (BSpline)
Info    : [ 90%] Meshing curve 11 (Circle)
Info    : Done meshing 1D (Wall 0.021796s, CPU 0.021731s)
Info    : Meshing 2D...
Info    : [  0%] Meshing surface 1 (Plane, Frontal-Delaunay)
Info    : [ 20%] Meshing surface 2 (Plane, Frontal-Delaunay)
Info    : [ 40%] Meshing surface 3 (BSpline surface, Frontal-Delaunay)
Info    : [ 60%] Meshing surface 4 (BSpline surface, Frontal-Delaunay)
Info    : [ 70%] Meshing surface 5 (Plane, Frontal-Delaunay)
Info    : [ 90%] Meshing surface 6 (Sphere, Frontal-Delaunay)
Info    : Done meshing 2D (Wall 0.738857s, CPU 0.736721s)
Info    : Meshing 3D...
Info    : 3D Meshing 2 volumes with 2 connected components
Info    : Tetrahedrizing 12548 nodes...
Info    : Done tetrahedrizing 12556 nodes (Wall 0.169482s, CPU 0.157382s)
Info    : Reconstructing mesh...
Info    :  - Creating surface mesh
Info    :  - Identifying boundary edges
Info    :  - Recovering boundary
Info    : Done reconstructing mesh (Wall 0.390731s, CPU 0.371613s)
Info    : Found volume 1
Info    : It. 0 - 0 nodes created - worst tet radius 1.03938 (nodes removed 0 0)
Info    : 3D refinement terminated (13199 nodes total):
Info    :  - 0 Delaunay cavities modified for star shapeness
Info    :  - 0 nodes could not be inserted
Info    :  - 42178 tetrahedra created in 0.0229732 sec. (1835962 tets/s)
Info    : 0 node relocations
Info    : Tetrahedrizing 131 nodes...
Info    : Done tetrahedrizing 139 nodes (Wall 0.000750293s, CPU 0.000752s)
Info    : Reconstructing mesh...
Info    :  - Creating surface mesh
Info    :  - Identifying boundary edges
Info    :  - Recovering boundary
Info    : Done reconstructing mesh (Wall 0.00176863s, CPU 0.001771s)
Info    : Found volume 2
Info    : It. 0 - 0 nodes created - worst tet radius 3.17954 (nodes removed 0 0)
Info    : 3D refinement terminated (12762 nodes total):
Info    :  - 2 Delaunay cavities modified for star shapeness
Info    :  - 0 nodes could not be inserted
Info    :  - 503 tetrahedra created in 0.00538083 sec. (93480 tets/s)
Info    : 0 node relocations
Info    : Done meshing 3D (Wall 0.688208s, CPU 0.66906s)
Info    : Optimizing mesh...
Info    : Optimizing volume 1
Info    : Optimization starts (volume = 235.61) with worst = 0.00844814 / average = 0.680165:
Info    : 0.00 < quality < 0.10 :       175 elements
Info    : 0.10 < quality < 0.20 :       429 elements
Info    : 0.20 < quality < 0.30 :       766 elements
Info    : 0.30 < quality < 0.40 :       974 elements
Info    : 0.40 < quality < 0.50 :      1526 elements
Info    : 0.50 < quality < 0.60 :      3577 elements
Info    : 0.60 < quality < 0.70 :     10699 elements
Info    : 0.70 < quality < 0.80 :     20590 elements
Info    : 0.80 < quality < 0.90 :      1953 elements
Info    : 0.90 < quality < 1.00 :      1489 elements
Info    : 1292 edge swaps, 13 node relocations (volume = 235.61): worst = 0.084093 / average = 0.697565 (Wall 0.0137675s, CPU 0.013766s)
Info    : 1341 edge swaps, 13 node relocations (volume = 235.61): worst = 0.178416 / average = 0.698047 (Wall 0.0166314s, CPU 0.016632s)
Info    : 1346 edge swaps, 13 node relocations (volume = 235.61): worst = 0.178416 / average = 0.698085 (Wall 0.0189436s, CPU 0.018944s)
Info    : No ill-shaped tets in the mesh :-)
Info    : 0.00 < quality < 0.10 :         0 elements
Info    : 0.10 < quality < 0.20 :         3 elements
Info    : 0.20 < quality < 0.30 :        24 elements
Info    : 0.30 < quality < 0.40 :       845 elements
Info    : 0.40 < quality < 0.50 :      1277 elements
Info    : 0.50 < quality < 0.60 :      3656 elements
Info    : 0.60 < quality < 0.70 :     11278 elements
Info    : 0.70 < quality < 0.80 :     20313 elements
Info    : 0.80 < quality < 0.90 :      2086 elements
Info    : 0.90 < quality < 1.00 :      1496 elements
Info    : Optimizing volume 2
Info    : Optimization starts (volume = 0.255877) with worst = 0.101726 / average = 0.751619:
Info    : 0.00 < quality < 0.10 :         0 elements
Info    : 0.10 < quality < 0.20 :         3 elements
Info    : 0.20 < quality < 0.30 :         4 elements
Info    : 0.30 < quality < 0.40 :        13 elements
Info    : 0.40 < quality < 0.50 :        14 elements
Info    : 0.50 < quality < 0.60 :        18 elements
Info    : 0.60 < quality < 0.70 :        80 elements
Info    : 0.70 < quality < 0.80 :       173 elements
Info    : 0.80 < quality < 0.90 :       146 elements
Info    : 0.90 < quality < 1.00 :        52 elements
Info    : 7 edge swaps, 0 node relocations (volume = 0.255877): worst = 0.311439 / average = 0.761459 (Wall 0.000113034s, CPU 0.000114s)
Info    : No ill-shaped tets in the mesh :-)
Info    : 0.00 < quality < 0.10 :         0 elements
Info    : 0.10 < quality < 0.20 :         0 elements
Info    : 0.20 < quality < 0.30 :         0 elements
Info    : 0.30 < quality < 0.40 :        13 elements
Info    : 0.40 < quality < 0.50 :        11 elements
Info    : 0.50 < quality < 0.60 :        17 elements
Info    : 0.60 < quality < 0.70 :        81 elements
Info    : 0.70 < quality < 0.80 :       174 elements
Info    : 0.80 < quality < 0.90 :       148 elements
Info    : 0.90 < quality < 1.00 :        52 elements
Info    : Done optimizing mesh (Wall 0.0451939s, CPU 0.045194s)
Info    : 13601 nodes 68052 elements
Info    : Meshing order 2 (curvilinear on)...
Info    : [  0%] Meshing curve 1 order 2
Info    : [ 10%] Meshing curve 2 order 2
Info    : [ 20%] Meshing curve 3 order 2
Info    : [ 20%] Meshing curve 4 order 2
Info    : [ 30%] Meshing curve 5 order 2
Info    : [ 30%] Meshing curve 6 order 2
Info    : [ 40%] Meshing curve 7 order 2
Info    : [ 40%] Meshing curve 8 order 2
Info    : [ 50%] Meshing curve 9 order 2
Info    : [ 50%] Meshing curve 10 order 2
Info    : [ 60%] Meshing curve 11 order 2
Info    : [ 60%] Meshing curve 12 order 2
Info    : [ 70%] Meshing surface 1 order 2
Info    : [ 70%] Meshing surface 2 order 2
Info    : [ 80%] Meshing surface 3 order 2
Info    : [ 80%] Meshing surface 4 order 2
Info    : [ 90%] Meshing surface 5 order 2
Info    : [ 90%] Meshing surface 6 order 2
Info    : [100%] Meshing volume 1 order 2
Info    : [100%] Meshing volume 2 order 2
Info    : Surface mesh: worst distortion = 0.797589 (0 elements in ]0, 0.2]); worst gamma = 0.299743
Info    : Volume mesh: worst distortion = 0.253376 (0 elements in ]0, 0.2])
Info    : Done meshing order 2 (Wall 13.3645s, CPU 13.3564s)
Info    : Writing '/home/user/mscr-mom/현서/scripts/contact_scenarios/fea/matv2_mesh_LMD625_phiP90_b0_s60.inp'...
Info    : Done writing '/home/user/mscr-mom/현서/scripts/contact_scenarios/fea/matv2_mesh_LMD625_phiP90_b0_s60.inp'
  [LMD625_phiP90_b0] [실패] (1344.4s)
[LMD625_phiP90_b0 7/10] L_M=62.5, phi=90.0, beta=0.0, s=70.0mm, push_depth=0.1mm ...
Info    : Meshing 1D...
Info    : [  0%] Meshing curve 1 (BSpline)
Info    : [ 10%] Meshing curve 2 (Ellipse)
Info    : [ 20%] Meshing curve 3 (Ellipse)
Info    : [ 30%] Meshing curve 4 (BSpline)
Info    : [ 40%] Meshing curve 5 (BSpline)
Info    : [ 50%] Meshing curve 6 (BSpline)
Info    : [ 60%] Meshing curve 7 (BSpline)
Info    : [ 60%] Meshing curve 8 (BSpline)
Info    : [ 70%] Meshing curve 9 (BSpline)
Info    : [ 90%] Meshing curve 11 (Circle)
Info    : Done meshing 1D (Wall 0.0236713s, CPU 0.023613s)
Info    : Meshing 2D...
Info    : [  0%] Meshing surface 1 (Plane, Frontal-Delaunay)
Info    : [ 20%] Meshing surface 2 (Plane, Frontal-Delaunay)
Info    : [ 40%] Meshing surface 3 (BSpline surface, Frontal-Delaunay)
Info    : [ 60%] Meshing surface 4 (BSpline surface, Frontal-Delaunay)
Info    : [ 70%] Meshing surface 5 (Plane, Frontal-Delaunay)
Info    : [ 90%] Meshing surface 6 (Sphere, Frontal-Delaunay)
Info    : Done meshing 2D (Wall 0.832357s, CPU 0.832266s)
Info    : Meshing 3D...
Info    : 3D Meshing 2 volumes with 2 connected components
Info    : Tetrahedrizing 12548 nodes...
Info    : Done tetrahedrizing 12556 nodes (Wall 0.161076s, CPU 0.157053s)
Info    : Reconstructing mesh...
Info    :  - Creating surface mesh
Info    :  - Identifying boundary edges
Info    :  - Recovering boundary
Info    : Done reconstructing mesh (Wall 0.378046s, CPU 0.364021s)
Info    : Found volume 1
Info    : It. 0 - 0 nodes created - worst tet radius 1.03938 (nodes removed 0 0)
Info    : 3D refinement terminated (13199 nodes total):
Info    :  - 0 Delaunay cavities modified for star shapeness
Info    :  - 0 nodes could not be inserted
Info    :  - 42178 tetrahedra created in 0.0352391 sec. (1196908 tets/s)
Info    : 0 node relocations
Info    : Tetrahedrizing 131 nodes...
Info    : Done tetrahedrizing 139 nodes (Wall 0.00106876s, CPU 0.001068s)
Info    : Reconstructing mesh...
Info    :  - Creating surface mesh
Info    :  - Identifying boundary edges
Info    :  - Recovering boundary
Info    : Done reconstructing mesh (Wall 0.0025816s, CPU 0.002583s)
Info    : Found volume 2
Info    : It. 0 - 0 nodes created - worst tet radius 3.17954 (nodes removed 0 0)
Info    : 3D refinement terminated (12764 nodes total):
Info    :  - 2 Delaunay cavities modified for star shapeness
Info    :  - 1 nodes could not be inserted
Info    :  - 514 tetrahedra created in 0.00577901 sec. (88942 tets/s)
Info    : 1 node relocations
Info    : Done meshing 3D (Wall 0.728744s, CPU 0.713657s)
Info    : Optimizing mesh...
Info    : Optimizing volume 1
Info    : Optimization starts (volume = 235.61) with worst = 0.00844814 / average = 0.680165:
Info    : 0.00 < quality < 0.10 :       175 elements
Info    : 0.10 < quality < 0.20 :       429 elements
Info    : 0.20 < quality < 0.30 :       766 elements
Info    : 0.30 < quality < 0.40 :       974 elements
Info    : 0.40 < quality < 0.50 :      1526 elements
Info    : 0.50 < quality < 0.60 :      3577 elements
Info    : 0.60 < quality < 0.70 :     10699 elements
Info    : 0.70 < quality < 0.80 :     20590 elements
Info    : 0.80 < quality < 0.90 :      1953 elements
Info    : 0.90 < quality < 1.00 :      1489 elements
Info    : 1292 edge swaps, 13 node relocations (volume = 235.61): worst = 0.084093 / average = 0.697565 (Wall 0.0284507s, CPU 0.028454s)
Info    : 1341 edge swaps, 13 node relocations (volume = 235.61): worst = 0.178416 / average = 0.698047 (Wall 0.0338966s, CPU 0.0339s)
Info    : 1346 edge swaps, 13 node relocations (volume = 235.61): worst = 0.178416 / average = 0.698085 (Wall 0.0383395s, CPU 0.038343s)
Info    : No ill-shaped tets in the mesh :-)
Info    : 0.00 < quality < 0.10 :         0 elements
Info    : 0.10 < quality < 0.20 :         3 elements
Info    : 0.20 < quality < 0.30 :        24 elements
Info    : 0.30 < quality < 0.40 :       845 elements
Info    : 0.40 < quality < 0.50 :      1277 elements
Info    : 0.50 < quality < 0.60 :      3656 elements
Info    : 0.60 < quality < 0.70 :     11278 elements
Info    : 0.70 < quality < 0.80 :     20313 elements
Info    : 0.80 < quality < 0.90 :      2086 elements
Info    : 0.90 < quality < 1.00 :      1496 elements
Info    : Optimizing volume 2
Info    : Optimization starts (volume = 0.255877) with worst = 0.0157243 / average = 0.758981:
Info    : 0.00 < quality < 0.10 :         3 elements
Info    : 0.10 < quality < 0.20 :         2 elements
Info    : 0.20 < quality < 0.30 :         4 elements
Info    : 0.30 < quality < 0.40 :         8 elements
Info    : 0.40 < quality < 0.50 :         8 elements
Info    : 0.50 < quality < 0.60 :        22 elements
Info    : 0.60 < quality < 0.70 :        75 elements
Info    : 0.70 < quality < 0.80 :       176 elements
Info    : 0.80 < quality < 0.90 :       164 elements
Info    : 0.90 < quality < 1.00 :        52 elements
Info    : 7 edge swaps, 3 node relocations (volume = 0.255877): worst = 0.0451883 / average = 0.766415 (Wall 0.000211594s, CPU 0.000217s)
Info    : No ill-shaped tets in the mesh :-)
Info    : 0.00 < quality < 0.10 :         1 elements
Info    : 0.10 < quality < 0.20 :         0 elements
Info    : 0.20 < quality < 0.30 :         1 elements
Info    : 0.30 < quality < 0.40 :        10 elements
Info    : 0.40 < quality < 0.50 :         8 elements
Info    : 0.50 < quality < 0.60 :        19 elements
Info    : 0.60 < quality < 0.70 :        82 elements
Info    : 0.70 < quality < 0.80 :       166 elements
Info    : 0.80 < quality < 0.90 :       166 elements
Info    : 0.90 < quality < 1.00 :        56 elements
Info    : Done optimizing mesh (Wall 0.0744423s, CPU 0.074438s)
Info    : 13603 nodes 68065 elements
Info    : Meshing order 2 (curvilinear on)...
Info    : [  0%] Meshing curve 1 order 2
Info    : [ 10%] Meshing curve 2 order 2
Info    : [ 20%] Meshing curve 3 order 2
Info    : [ 20%] Meshing curve 4 order 2
Info    : [ 30%] Meshing curve 5 order 2
Info    : [ 30%] Meshing curve 6 order 2
Info    : [ 40%] Meshing curve 7 order 2
Info    : [ 40%] Meshing curve 8 order 2
Info    : [ 50%] Meshing curve 9 order 2
Info    : [ 50%] Meshing curve 10 order 2
Info    : [ 60%] Meshing curve 11 order 2
Info    : [ 60%] Meshing curve 12 order 2
Info    : [ 70%] Meshing surface 1 order 2
Info    : [ 70%] Meshing surface 2 order 2
Info    : [ 80%] Meshing surface 3 order 2
Info    : [ 80%] Meshing surface 4 order 2
Info    : [ 90%] Meshing surface 5 order 2
Info    : [ 90%] Meshing surface 6 order 2
Info    : [100%] Meshing volume 1 order 2
Info    : [100%] Meshing volume 2 order 2
Info    : Surface mesh: worst distortion = 0.797589 (0 elements in ]0, 0.2]); worst gamma = 0.299743
Info    : Volume mesh: worst distortion = 0.253376 (0 elements in ]0, 0.2])
Info    : Done meshing order 2 (Wall 15.0433s, CPU 15.0174s)
Info    : Writing '/home/user/mscr-mom/현서/scripts/contact_scenarios/fea/matv2_mesh_LMD625_phiP90_b0_s70.inp'...
Info    : Done writing '/home/user/mscr-mom/현서/scripts/contact_scenarios/fea/matv2_mesh_LMD625_phiP90_b0_s70.inp'
  [LMD625_phiP90_b0] 실패: Command '['ccx', 'matv2sweep_LMD625_phiP90_b0_07']' timed out after 1800 seconds
  [LMD625_phiP90_b0] [실패] (1817.4s)
[LMD625_phiP90_b0 8/10] L_M=62.5, phi=90.0, beta=0.0, s=80.0mm, push_depth=0.1mm ...
Info    : Meshing 1D...
Info    : [  0%] Meshing curve 1 (BSpline)
Info    : [ 10%] Meshing curve 2 (Ellipse)
Info    : [ 20%] Meshing curve 3 (Ellipse)
Info    : [ 30%] Meshing curve 4 (BSpline)
Info    : [ 40%] Meshing curve 5 (BSpline)
Info    : [ 50%] Meshing curve 6 (BSpline)
Info    : [ 60%] Meshing curve 7 (BSpline)
Info    : [ 60%] Meshing curve 8 (BSpline)
Info    : [ 70%] Meshing curve 9 (BSpline)
Info    : [ 90%] Meshing curve 11 (Circle)
Info    : Done meshing 1D (Wall 0.04268s, CPU 0.042668s)
Info    : Meshing 2D...
Info    : [  0%] Meshing surface 1 (Plane, Frontal-Delaunay)
Info    : [ 20%] Meshing surface 2 (Plane, Frontal-Delaunay)
Info    : [ 40%] Meshing surface 3 (BSpline surface, Frontal-Delaunay)
Info    : [ 60%] Meshing surface 4 (BSpline surface, Frontal-Delaunay)
Info    : [ 70%] Meshing surface 5 (Plane, Frontal-Delaunay)
Info    : [ 90%] Meshing surface 6 (Sphere, Frontal-Delaunay)
Info    : Done meshing 2D (Wall 1.42401s, CPU 1.42368s)
Info    : Meshing 3D...
Info    : 3D Meshing 2 volumes with 2 connected components
Info    : Tetrahedrizing 12548 nodes...
Info    : Done tetrahedrizing 12556 nodes (Wall 0.191926s, CPU 0.180926s)
Info    : Reconstructing mesh...
Info    :  - Creating surface mesh
Info    :  - Identifying boundary edges
Info    :  - Recovering boundary
Info    : Done reconstructing mesh (Wall 0.558418s, CPU 0.537408s)
Info    : Found volume 1
Info    : It. 0 - 0 nodes created - worst tet radius 1.03938 (nodes removed 0 0)
Info    : 3D refinement terminated (13199 nodes total):
Info    :  - 0 Delaunay cavities modified for star shapeness
Info    :  - 0 nodes could not be inserted
Info    :  - 42178 tetrahedra created in 0.0387404 sec. (1088733 tets/s)
Info    : 0 node relocations
Info    : Tetrahedrizing 131 nodes...
Info    : Done tetrahedrizing 139 nodes (Wall 0.00106709s, CPU 0.001068s)
Info    : Reconstructing mesh...
Info    :  - Creating surface mesh
Info    :  - Identifying boundary edges
Info    :  - Recovering boundary
Info    : Done reconstructing mesh (Wall 0.00272137s, CPU 0.002727s)
Info    : Found volume 2
Info    : It. 0 - 0 nodes created - worst tet radius 3.17954 (nodes removed 0 0)
Info    : 3D refinement terminated (12759 nodes total):
Info    :  - 3 Delaunay cavities modified for star shapeness
Info    :  - 0 nodes could not be inserted
Info    :  - 485 tetrahedra created in 0.00550443 sec. (88110 tets/s)
Info    : 0 node relocations
Info    : Done meshing 3D (Wall 1.10102s, CPU 1.07997s)
Info    : Optimizing mesh...
Info    : Optimizing volume 1
Info    : Optimization starts (volume = 235.61) with worst = 0.00844814 / average = 0.680165:
Info    : 0.00 < quality < 0.10 :       175 elements
Info    : 0.10 < quality < 0.20 :       429 elements
Info    : 0.20 < quality < 0.30 :       766 elements
Info    : 0.30 < quality < 0.40 :       974 elements
Info    : 0.40 < quality < 0.50 :      1526 elements
Info    : 0.50 < quality < 0.60 :      3577 elements
Info    : 0.60 < quality < 0.70 :     10699 elements
Info    : 0.70 < quality < 0.80 :     20590 elements
Info    : 0.80 < quality < 0.90 :      1953 elements
Info    : 0.90 < quality < 1.00 :      1489 elements
Info    : 1292 edge swaps, 13 node relocations (volume = 235.61): worst = 0.084093 / average = 0.697565 (Wall 0.0319273s, CPU 0.031928s)
Info    : 1341 edge swaps, 13 node relocations (volume = 235.61): worst = 0.178416 / average = 0.698047 (Wall 0.037503s, CPU 0.036516s)
Info    : 1346 edge swaps, 13 node relocations (volume = 235.61): worst = 0.178416 / average = 0.698085 (Wall 0.0413235s, CPU 0.040328s)
Info    : No ill-shaped tets in the mesh :-)
Info    : 0.00 < quality < 0.10 :         0 elements
Info    : 0.10 < quality < 0.20 :         3 elements
Info    : 0.20 < quality < 0.30 :        24 elements
Info    : 0.30 < quality < 0.40 :       845 elements
Info    : 0.40 < quality < 0.50 :      1277 elements
Info    : 0.50 < quality < 0.60 :      3656 elements
Info    : 0.60 < quality < 0.70 :     11278 elements
Info    : 0.70 < quality < 0.80 :     20313 elements
Info    : 0.80 < quality < 0.90 :      2086 elements
Info    : 0.90 < quality < 1.00 :      1496 elements
Info    : Optimizing volume 2
Info    : Optimization starts (volume = 0.255877) with worst = 0.0392082 / average = 0.741478:
Info    : 0.00 < quality < 0.10 :         1 elements
Info    : 0.10 < quality < 0.20 :         3 elements
Info    : 0.20 < quality < 0.30 :         7 elements
Info    : 0.30 < quality < 0.40 :        12 elements
Info    : 0.40 < quality < 0.50 :        18 elements
Info    : 0.50 < quality < 0.60 :        22 elements
Info    : 0.60 < quality < 0.70 :        69 elements
Info    : 0.70 < quality < 0.80 :       164 elements
Info    : 0.80 < quality < 0.90 :       138 elements
Info    : 0.90 < quality < 1.00 :        51 elements
Info    : 11 edge swaps, 0 node relocations (volume = 0.255877): worst = 0.311439 / average = 0.755474 (Wall 0.000248239s, CPU 0.000252s)
Info    : No ill-shaped tets in the mesh :-)
Info    : 0.00 < quality < 0.10 :         0 elements
Info    : 0.10 < quality < 0.20 :         0 elements
Info    : 0.20 < quality < 0.30 :         0 elements
Info    : 0.30 < quality < 0.40 :        13 elements
Info    : 0.40 < quality < 0.50 :        13 elements
Info    : 0.50 < quality < 0.60 :        25 elements
Info    : 0.60 < quality < 0.70 :        65 elements
Info    : 0.70 < quality < 0.80 :       170 elements
Info    : 0.80 < quality < 0.90 :       139 elements
Info    : 0.90 < quality < 1.00 :        50 elements
Info    : Done optimizing mesh (Wall 0.0932314s, CPU 0.092227s)
Info    : 13598 nodes 68031 elements
Info    : Meshing order 2 (curvilinear on)...
Info    : [  0%] Meshing curve 1 order 2
Info    : [ 10%] Meshing curve 2 order 2
Info    : [ 20%] Meshing curve 3 order 2
Info    : [ 20%] Meshing curve 4 order 2
Info    : [ 30%] Meshing curve 5 order 2
Info    : [ 30%] Meshing curve 6 order 2
Info    : [ 40%] Meshing curve 7 order 2
Info    : [ 40%] Meshing curve 8 order 2
Info    : [ 50%] Meshing curve 9 order 2
Info    : [ 50%] Meshing curve 10 order 2
Info    : [ 60%] Meshing curve 11 order 2
Info    : [ 60%] Meshing curve 12 order 2
Info    : [ 70%] Meshing surface 1 order 2
Info    : [ 70%] Meshing surface 2 order 2
Info    : [ 80%] Meshing surface 3 order 2
Info    : [ 80%] Meshing surface 4 order 2
Info    : [ 90%] Meshing surface 5 order 2
Info    : [ 90%] Meshing surface 6 order 2
Info    : [100%] Meshing volume 1 order 2
Info    : [100%] Meshing volume 2 order 2
Info    : Surface mesh: worst distortion = 0.797589 (0 elements in ]0, 0.2]); worst gamma = 0.299743
Info    : Volume mesh: worst distortion = 0.253376 (0 elements in ]0, 0.2])
Info    : Done meshing order 2 (Wall 17.7374s, CPU 17.6919s)
Info    : Writing '/home/user/mscr-mom/현서/scripts/contact_scenarios/fea/matv2_mesh_LMD625_phiP90_b0_s80.inp'...
Info    : Done writing '/home/user/mscr-mom/현서/scripts/contact_scenarios/fea/matv2_mesh_LMD625_phiP90_b0_s80.inp'
  [LMD625_phiP90_b0] F_mag=0.0004mN  (264.3s)
[LMD625_phiP90_b0 9/10] L_M=62.5, phi=90.0, beta=0.0, s=90.0mm, push_depth=0.1mm ...
Info    : Meshing 1D...
Info    : [  0%] Meshing curve 1 (BSpline)
Info    : [ 10%] Meshing curve 2 (Ellipse)
Info    : [ 20%] Meshing curve 3 (Ellipse)
Info    : [ 30%] Meshing curve 4 (BSpline)
Info    : [ 40%] Meshing curve 5 (BSpline)
Info    : [ 50%] Meshing curve 6 (BSpline)
Info    : [ 60%] Meshing curve 7 (BSpline)
Info    : [ 60%] Meshing curve 8 (BSpline)
Info    : [ 70%] Meshing curve 9 (BSpline)
Info    : [ 90%] Meshing curve 11 (Circle)
Info    : Done meshing 1D (Wall 0.0477164s, CPU 0.047715s)
Info    : Meshing 2D...
Info    : [  0%] Meshing surface 1 (Plane, Frontal-Delaunay)
Info    : [ 20%] Meshing surface 2 (Plane, Frontal-Delaunay)
Info    : [ 40%] Meshing surface 3 (BSpline surface, Frontal-Delaunay)
Info    : [ 60%] Meshing surface 4 (BSpline surface, Frontal-Delaunay)
Info    : [ 70%] Meshing surface 5 (Plane, Frontal-Delaunay)
Info    : [ 90%] Meshing surface 6 (Sphere, Frontal-Delaunay)
Info    : Done meshing 2D (Wall 1.35423s, CPU 1.35367s)
Info    : Meshing 3D...
Info    : 3D Meshing 2 volumes with 2 connected components
Info    : Tetrahedrizing 12548 nodes...
Info    : Done tetrahedrizing 12556 nodes (Wall 0.198274s, CPU 0.18628s)
Info    : Reconstructing mesh...
Info    :  - Creating surface mesh
Info    :  - Identifying boundary edges
Info    :  - Recovering boundary
Info    : Done reconstructing mesh (Wall 0.565786s, CPU 0.540727s)
Info    : Found volume 1
Info    : It. 0 - 0 nodes created - worst tet radius 1.03938 (nodes removed 0 0)
Info    : 3D refinement terminated (13199 nodes total):
Info    :  - 0 Delaunay cavities modified for star shapeness
Info    :  - 0 nodes could not be inserted
Info    :  - 42178 tetrahedra created in 0.0454327 sec. (928362 tets/s)
Info    : 0 node relocations
Info    : Tetrahedrizing 131 nodes...
Info    : Done tetrahedrizing 139 nodes (Wall 0.0010695s, CPU 0.00107s)
Info    : Reconstructing mesh...
Info    :  - Creating surface mesh
Info    :  - Identifying boundary edges
Info    :  - Recovering boundary
Info    : Done reconstructing mesh (Wall 0.00268923s, CPU 0.002696s)
Info    : Found volume 2
Info    : It. 0 - 0 nodes created - worst tet radius 3.17954 (nodes removed 0 0)
Info    : 3D refinement terminated (12759 nodes total):
Info    :  - 3 Delaunay cavities modified for star shapeness
Info    :  - 0 nodes could not be inserted
Info    :  - 485 tetrahedra created in 0.00340135 sec. (142590 tets/s)
Info    : 0 node relocations
Info    : Done meshing 3D (Wall 1.11392s, CPU 1.08875s)
Info    : Optimizing mesh...
Info    : Optimizing volume 1
Info    : Optimization starts (volume = 235.61) with worst = 0.00844814 / average = 0.680165:
Info    : 0.00 < quality < 0.10 :       175 elements
Info    : 0.10 < quality < 0.20 :       429 elements
Info    : 0.20 < quality < 0.30 :       766 elements
Info    : 0.30 < quality < 0.40 :       974 elements
Info    : 0.40 < quality < 0.50 :      1526 elements
Info    : 0.50 < quality < 0.60 :      3577 elements
Info    : 0.60 < quality < 0.70 :     10699 elements
Info    : 0.70 < quality < 0.80 :     20590 elements
Info    : 0.80 < quality < 0.90 :      1953 elements
Info    : 0.90 < quality < 1.00 :      1489 elements
Info    : 1292 edge swaps, 13 node relocations (volume = 235.61): worst = 0.084093 / average = 0.697565 (Wall 0.0297898s, CPU 0.029787s)
Info    : 1341 edge swaps, 13 node relocations (volume = 235.61): worst = 0.178416 / average = 0.698047 (Wall 0.0393206s, CPU 0.039318s)
Info    : 1346 edge swaps, 13 node relocations (volume = 235.61): worst = 0.178416 / average = 0.698085 (Wall 0.0473948s, CPU 0.047394s)
Info    : No ill-shaped tets in the mesh :-)
Info    : 0.00 < quality < 0.10 :         0 elements
Info    : 0.10 < quality < 0.20 :         3 elements
Info    : 0.20 < quality < 0.30 :        24 elements
Info    : 0.30 < quality < 0.40 :       845 elements
Info    : 0.40 < quality < 0.50 :      1277 elements
Info    : 0.50 < quality < 0.60 :      3656 elements
Info    : 0.60 < quality < 0.70 :     11278 elements
Info    : 0.70 < quality < 0.80 :     20313 elements
Info    : 0.80 < quality < 0.90 :      2086 elements
Info    : 0.90 < quality < 1.00 :      1496 elements
Info    : Optimizing volume 2
Info    : Optimization starts (volume = 0.255877) with worst = 0.0392082 / average = 0.741478:
Info    : 0.00 < quality < 0.10 :         1 elements
Info    : 0.10 < quality < 0.20 :         3 elements
Info    : 0.20 < quality < 0.30 :         7 elements
Info    : 0.30 < quality < 0.40 :        12 elements
Info    : 0.40 < quality < 0.50 :        18 elements
Info    : 0.50 < quality < 0.60 :        22 elements
Info    : 0.60 < quality < 0.70 :        69 elements
Info    : 0.70 < quality < 0.80 :       164 elements
Info    : 0.80 < quality < 0.90 :       138 elements
Info    : 0.90 < quality < 1.00 :        51 elements
Info    : 11 edge swaps, 0 node relocations (volume = 0.255877): worst = 0.311439 / average = 0.755474 (Wall 0.000270493s, CPU 0.000276s)
Info    : No ill-shaped tets in the mesh :-)
Info    : 0.00 < quality < 0.10 :         0 elements
Info    : 0.10 < quality < 0.20 :         0 elements
Info    : 0.20 < quality < 0.30 :         0 elements
Info    : 0.30 < quality < 0.40 :        13 elements
Info    : 0.40 < quality < 0.50 :        13 elements
Info    : 0.50 < quality < 0.60 :        25 elements
Info    : 0.60 < quality < 0.70 :        65 elements
Info    : 0.70 < quality < 0.80 :       170 elements
Info    : 0.80 < quality < 0.90 :       139 elements
Info    : 0.90 < quality < 1.00 :        50 elements
Info    : Done optimizing mesh (Wall 0.0882547s, CPU 0.088245s)
Info    : 13598 nodes 68031 elements
Info    : Meshing order 2 (curvilinear on)...
Info    : [  0%] Meshing curve 1 order 2
Info    : [ 10%] Meshing curve 2 order 2
Info    : [ 20%] Meshing curve 3 order 2
Info    : [ 20%] Meshing curve 4 order 2
Info    : [ 30%] Meshing curve 5 order 2
Info    : [ 30%] Meshing curve 6 order 2
Info    : [ 40%] Meshing curve 7 order 2
Info    : [ 40%] Meshing curve 8 order 2
Info    : [ 50%] Meshing curve 9 order 2
Info    : [ 50%] Meshing curve 10 order 2
Info    : [ 60%] Meshing curve 11 order 2
Info    : [ 60%] Meshing curve 12 order 2
Info    : [ 70%] Meshing surface 1 order 2
Info    : [ 70%] Meshing surface 2 order 2
Info    : [ 80%] Meshing surface 3 order 2
Info    : [ 80%] Meshing surface 4 order 2
Info    : [ 90%] Meshing surface 5 order 2
Info    : [ 90%] Meshing surface 6 order 2
Info    : [100%] Meshing volume 1 order 2
Info    : [100%] Meshing volume 2 order 2
Info    : Surface mesh: worst distortion = 0.797589 (0 elements in ]0, 0.2]); worst gamma = 0.299743
Info    : Volume mesh: worst distortion = 0.253376 (0 elements in ]0, 0.2])
Info    : Done meshing order 2 (Wall 23.5858s, CPU 23.4553s)
Info    : Writing '/home/user/mscr-mom/현서/scripts/contact_scenarios/fea/matv2_mesh_LMD625_phiP90_b0_s90.inp'...
Info    : Done writing '/home/user/mscr-mom/현서/scripts/contact_scenarios/fea/matv2_mesh_LMD625_phiP90_b0_s90.inp'
  [LMD625_phiP90_b0] [실패] (1185.6s)
[LMD625_phiP90_b0 10/10] L_M=62.5, phi=90.0, beta=0.0, s=100.0mm, push_depth=0.1mm ...
Info    : Meshing 1D...
Info    : [  0%] Meshing curve 1 (BSpline)
Info    : [ 10%] Meshing curve 2 (Ellipse)
Info    : [ 20%] Meshing curve 3 (Ellipse)
Info    : [ 30%] Meshing curve 4 (BSpline)
Info    : [ 40%] Meshing curve 5 (BSpline)
Info    : [ 50%] Meshing curve 6 (BSpline)
Info    : [ 60%] Meshing curve 7 (BSpline)
Info    : [ 60%] Meshing curve 8 (BSpline)
Info    : [ 70%] Meshing curve 9 (BSpline)
Info    : [ 90%] Meshing curve 11 (Circle)
Info    : Done meshing 1D (Wall 0.0228328s, CPU 0.021656s)
Info    : Meshing 2D...
Info    : [  0%] Meshing surface 1 (Plane, Frontal-Delaunay)
Info    : [ 20%] Meshing surface 2 (Plane, Frontal-Delaunay)
Info    : [ 40%] Meshing surface 3 (BSpline surface, Frontal-Delaunay)
Info    : [ 60%] Meshing surface 4 (BSpline surface, Frontal-Delaunay)
Info    : [ 70%] Meshing surface 5 (Plane, Frontal-Delaunay)
Info    : [ 90%] Meshing surface 6 (Sphere, Frontal-Delaunay)
Info    : Done meshing 2D (Wall 0.827683s, CPU 0.824388s)
Info    : Meshing 3D...
Info    : 3D Meshing 2 volumes with 2 connected components
Info    : Tetrahedrizing 12548 nodes...
Info    : Done tetrahedrizing 12556 nodes (Wall 0.167009s, CPU 0.160006s)
Info    : Reconstructing mesh...
Info    :  - Creating surface mesh
Info    :  - Identifying boundary edges
Info    :  - Recovering boundary
Info    : Done reconstructing mesh (Wall 0.423764s, CPU 0.408744s)
Info    : Found volume 1
Info    : It. 0 - 0 nodes created - worst tet radius 1.03938 (nodes removed 0 0)
Info    : 3D refinement terminated (13199 nodes total):
Info    :  - 0 Delaunay cavities modified for star shapeness
Info    :  - 0 nodes could not be inserted
Info    :  - 42178 tetrahedra created in 0.024444 sec. (1725496 tets/s)
Info    : 0 node relocations
Info    : Tetrahedrizing 131 nodes...
Info    : Done tetrahedrizing 139 nodes (Wall 0.000831659s, CPU 0.000117s)
Info    : Reconstructing mesh...
Info    :  - Creating surface mesh
Info    :  - Identifying boundary edges
Info    :  - Recovering boundary
Info    : Done reconstructing mesh (Wall 0.00199582s, CPU 0.001s)
Info    : Found volume 2
Info    : It. 0 - 0 nodes created - worst tet radius 3.17954 (nodes removed 0 0)
Info    : 3D refinement terminated (12764 nodes total):
Info    :  - 2 Delaunay cavities modified for star shapeness
Info    :  - 1 nodes could not be inserted
Info    :  - 514 tetrahedra created in 0.00811857 sec. (63311 tets/s)
Info    : 1 node relocations
Info    : Done meshing 3D (Wall 0.777808s, CPU 0.761767s)
Info    : Optimizing mesh...
Info    : Optimizing volume 1
Info    : Optimization starts (volume = 235.61) with worst = 0.00844814 / average = 0.680165:
Info    : 0.00 < quality < 0.10 :       175 elements
Info    : 0.10 < quality < 0.20 :       429 elements
Info    : 0.20 < quality < 0.30 :       766 elements
Info    : 0.30 < quality < 0.40 :       974 elements
Info    : 0.40 < quality < 0.50 :      1526 elements
Info    : 0.50 < quality < 0.60 :      3577 elements
Info    : 0.60 < quality < 0.70 :     10699 elements
Info    : 0.70 < quality < 0.80 :     20590 elements
Info    : 0.80 < quality < 0.90 :      1953 elements
Info    : 0.90 < quality < 1.00 :      1489 elements
Info    : 1292 edge swaps, 13 node relocations (volume = 235.61): worst = 0.084093 / average = 0.697565 (Wall 0.0291608s, CPU 0.029161s)
Info    : 1341 edge swaps, 13 node relocations (volume = 235.61): worst = 0.178416 / average = 0.698047 (Wall 0.0350336s, CPU 0.035035s)
Info    : 1346 edge swaps, 13 node relocations (volume = 235.61): worst = 0.178416 / average = 0.698085 (Wall 0.0396877s, CPU 0.039689s)
Info    : No ill-shaped tets in the mesh :-)
Info    : 0.00 < quality < 0.10 :         0 elements
Info    : 0.10 < quality < 0.20 :         3 elements
Info    : 0.20 < quality < 0.30 :        24 elements
Info    : 0.30 < quality < 0.40 :       845 elements
Info    : 0.40 < quality < 0.50 :      1277 elements
Info    : 0.50 < quality < 0.60 :      3656 elements
Info    : 0.60 < quality < 0.70 :     11278 elements
Info    : 0.70 < quality < 0.80 :     20313 elements
Info    : 0.80 < quality < 0.90 :      2086 elements
Info    : 0.90 < quality < 1.00 :      1496 elements
Info    : Optimizing volume 2
Info    : Optimization starts (volume = 0.255877) with worst = 0.0157243 / average = 0.758981:
Info    : 0.00 < quality < 0.10 :         3 elements
Info    : 0.10 < quality < 0.20 :         2 elements
Info    : 0.20 < quality < 0.30 :         4 elements
Info    : 0.30 < quality < 0.40 :         8 elements
Info    : 0.40 < quality < 0.50 :         8 elements
Info    : 0.50 < quality < 0.60 :        22 elements
Info    : 0.60 < quality < 0.70 :        75 elements
Info    : 0.70 < quality < 0.80 :       176 elements
Info    : 0.80 < quality < 0.90 :       164 elements
Info    : 0.90 < quality < 1.00 :        52 elements
Info    : 7 edge swaps, 3 node relocations (volume = 0.255877): worst = 0.0451883 / average = 0.766415 (Wall 0.000211242s, CPU 0.000216s)
Info    : No ill-shaped tets in the mesh :-)
Info    : 0.00 < quality < 0.10 :         1 elements
Info    : 0.10 < quality < 0.20 :         0 elements
Info    : 0.20 < quality < 0.30 :         1 elements
Info    : 0.30 < quality < 0.40 :        10 elements
Info    : 0.40 < quality < 0.50 :         8 elements
Info    : 0.50 < quality < 0.60 :        19 elements
Info    : 0.60 < quality < 0.70 :        82 elements
Info    : 0.70 < quality < 0.80 :       166 elements
Info    : 0.80 < quality < 0.90 :       166 elements
Info    : 0.90 < quality < 1.00 :        56 elements
Info    : Done optimizing mesh (Wall 0.0821055s, CPU 0.082102s)
Info    : 13603 nodes 68065 elements
Info    : Meshing order 2 (curvilinear on)...
Info    : [  0%] Meshing curve 1 order 2
Info    : [ 10%] Meshing curve 2 order 2
Info    : [ 20%] Meshing curve 3 order 2
Info    : [ 20%] Meshing curve 4 order 2
Info    : [ 30%] Meshing curve 5 order 2
Info    : [ 30%] Meshing curve 6 order 2
Info    : [ 40%] Meshing curve 7 order 2
Info    : [ 40%] Meshing curve 8 order 2
Info    : [ 50%] Meshing curve 9 order 2
Info    : [ 50%] Meshing curve 10 order 2
Info    : [ 60%] Meshing curve 11 order 2
Info    : [ 60%] Meshing curve 12 order 2
Info    : [ 70%] Meshing surface 1 order 2
Info    : [ 70%] Meshing surface 2 order 2
Info    : [ 80%] Meshing surface 3 order 2
Info    : [ 80%] Meshing surface 4 order 2
Info    : [ 90%] Meshing surface 5 order 2
Info    : [ 90%] Meshing surface 6 order 2
Info    : [100%] Meshing volume 1 order 2
Info    : [100%] Meshing volume 2 order 2
Info    : Surface mesh: worst distortion = 0.797589 (0 elements in ]0, 0.2]); worst gamma = 0.299743
Info    : Volume mesh: worst distortion = 0.253376 (0 elements in ]0, 0.2])
Info    : Done meshing order 2 (Wall 15.8742s, CPU 15.8079s)
Info    : Writing '/home/user/mscr-mom/현서/scripts/contact_scenarios/fea/matv2_mesh_LMD625_phiP90_b0_s100.inp'...
Info    : Done writing '/home/user/mscr-mom/현서/scripts/contact_scenarios/fea/matv2_mesh_LMD625_phiP90_b0_s100.inp'
  [LMD625_phiP90_b0] [실패] (1401.4s)
[LMD625_phiP90_b0] 완료: 3/10 성공
