[LM50_phiP60 1/10] L_M=50.0, phi=60.0, s=10.0mm, push_depth=0.1mm ...
Info    : Meshing 1D...
Info    : [  0%] Meshing curve 1 (BSpline)
Info    : [ 10%] Meshing curve 2 (Ellipse)
Info    : [ 20%] Meshing curve 3 (Ellipse)
Info    : [ 30%] Meshing curve 4 (BSpline)
Info    : [ 40%] Meshing curve 5 (BSpline)
Info    : [ 50%] Meshing curve 6 (BSpline)
Info    : [ 60%] Meshing curve 7 (BSpline)
Info    : [ 60%] Meshing curve 8 (BSpline)
Info    : [ 70%] Meshing curve 9 (BSpline)
Info    : [ 90%] Meshing curve 11 (Circle)
Info    : Done meshing 1D (Wall 0.0223015s, CPU 0.022302s)
Info    : Meshing 2D...
Info    : [  0%] Meshing surface 1 (Plane, Frontal-Delaunay)
Info    : [ 20%] Meshing surface 2 (Plane, Frontal-Delaunay)
Info    : [ 40%] Meshing surface 3 (BSpline surface, Frontal-Delaunay)
Info    : [ 60%] Meshing surface 4 (BSpline surface, Frontal-Delaunay)
Info    : [ 70%] Meshing surface 5 (Plane, Frontal-Delaunay)
Info    : [ 90%] Meshing surface 6 (Sphere, Frontal-Delaunay)
Info    : Done meshing 2D (Wall 0.830564s, CPU 0.827179s)
Info    : Meshing 3D...
Info    : 3D Meshing 2 volumes with 2 connected components
Info    : Tetrahedrizing 12545 nodes...
Info    : Done tetrahedrizing 12553 nodes (Wall 0.155521s, CPU 0.14552s)
Info    : Reconstructing mesh...
Info    :  - Creating surface mesh
Info    :  - Identifying boundary edges
Info    :  - Recovering boundary
Info    : Done reconstructing mesh (Wall 0.41689s, CPU 0.387863s)
Info    : Found volume 1
Info    : It. 0 - 0 nodes created - worst tet radius 1.0421 (nodes removed 0 0)
Info    : It. 500 - 500 nodes created - worst tet radius 1.00846 (nodes removed 0 0)
Info    : 3D refinement terminated (13332 nodes total):
Info    :  - 0 Delaunay cavities modified for star shapeness
Info    :  - 0 nodes could not be inserted
Info    :  - 43383 tetrahedra created in 0.0279438 sec. (1552507 tets/s)
Info    : 0 node relocations
Info    : Tetrahedrizing 131 nodes...
Info    : Done tetrahedrizing 139 nodes (Wall 0.000748572s, CPU 0.000749s)
Info    : Reconstructing mesh...
Info    :  - Creating surface mesh
Info    :  - Identifying boundary edges
Info    :  - Recovering boundary
Info    : Done reconstructing mesh (Wall 0.00179416s, CPU 0.001782s)
Info    : Found volume 2
Info    : It. 0 - 0 nodes created - worst tet radius 3.24508 (nodes removed 0 0)
Info    : 3D refinement terminated (12760 nodes total):
Info    :  - 0 Delaunay cavities modified for star shapeness
Info    :  - 0 nodes could not be inserted
Info    :  - 511 tetrahedra created in 0.00258598 sec. (197604 tets/s)
Info    : 0 node relocations
Info    : Done meshing 3D (Wall 0.752188s, CPU 0.72297s)
Info    : Optimizing mesh...
Info    : Optimizing volume 1
Info    : Optimization starts (volume = 235.583) with worst = 0.00303891 / average = 0.679716:
Info    : 0.00 < quality < 0.10 :       230 elements
Info    : 0.10 < quality < 0.20 :       472 elements
Info    : 0.20 < quality < 0.30 :       788 elements
Info    : 0.30 < quality < 0.40 :      1457 elements
Info    : 0.40 < quality < 0.50 :      2154 elements
Info    : 0.50 < quality < 0.60 :      3343 elements
Info    : 0.60 < quality < 0.70 :      9177 elements
Info    : 0.70 < quality < 0.80 :     21276 elements
Info    : 0.80 < quality < 0.90 :      2576 elements
Info    : 0.90 < quality < 1.00 :      1910 elements
Info    : 1428 edge swaps, 28 node relocations (volume = 235.583): worst = 0.0371509 / average = 0.697536 (Wall 0.0163525s, CPU 0.016351s)
Info    : 1503 edge swaps, 33 node relocations (volume = 235.583): worst = 0.196757 / average = 0.698329 (Wall 0.0197639s, CPU 0.019761s)
Info    : 1508 edge swaps, 33 node relocations (volume = 235.583): worst = 0.212879 / average = 0.698354 (Wall 0.0219512s, CPU 0.02195s)
Info    : No ill-shaped tets in the mesh :-)
Info    : 0.00 < quality < 0.10 :         0 elements
Info    : 0.10 < quality < 0.20 :         0 elements
Info    : 0.20 < quality < 0.30 :        17 elements
Info    : 0.30 < quality < 0.40 :      1442 elements
Info    : 0.40 < quality < 0.50 :      1819 elements
Info    : 0.50 < quality < 0.60 :      3507 elements
Info    : 0.60 < quality < 0.70 :      9705 elements
Info    : 0.70 < quality < 0.80 :     20887 elements
Info    : 0.80 < quality < 0.90 :      2794 elements
Info    : 0.90 < quality < 1.00 :      1918 elements
Info    : Optimizing volume 2
Info    : Optimization starts (volume = 0.25645) with worst = 0.0761099 / average = 0.758677:
Info    : 0.00 < quality < 0.10 :         1 elements
Info    : 0.10 < quality < 0.20 :         2 elements
Info    : 0.20 < quality < 0.30 :         5 elements
Info    : 0.30 < quality < 0.40 :         6 elements
Info    : 0.40 < quality < 0.50 :        17 elements
Info    : 0.50 < quality < 0.60 :        12 elements
Info    : 0.60 < quality < 0.70 :        73 elements
Info    : 0.70 < quality < 0.80 :       187 elements
Info    : 0.80 < quality < 0.90 :       160 elements
Info    : 0.90 < quality < 1.00 :        48 elements
Info    : 8 edge swaps, 0 node relocations (volume = 0.25645): worst = 0.316718 / average = 0.769903 (Wall 0.000105681s, CPU 0.000106s)
Info    : No ill-shaped tets in the mesh :-)
Info    : 0.00 < quality < 0.10 :         0 elements
Info    : 0.10 < quality < 0.20 :         0 elements
Info    : 0.20 < quality < 0.30 :         0 elements
Info    : 0.30 < quality < 0.40 :         6 elements
Info    : 0.40 < quality < 0.50 :        14 elements
Info    : 0.50 < quality < 0.60 :         9 elements
Info    : 0.60 < quality < 0.70 :        79 elements
Info    : 0.70 < quality < 0.80 :       186 elements
Info    : 0.80 < quality < 0.90 :       161 elements
Info    : 0.90 < quality < 1.00 :        48 elements
Info    : Done optimizing mesh (Wall 0.0473001s, CPU 0.047296s)
Info    : 13735 nodes 69168 elements
Info    : Meshing order 2 (curvilinear on)...
Info    : [  0%] Meshing curve 1 order 2
Info    : [ 10%] Meshing curve 2 order 2
Info    : [ 20%] Meshing curve 3 order 2
Info    : [ 20%] Meshing curve 4 order 2
Info    : [ 30%] Meshing curve 5 order 2
Info    : [ 30%] Meshing curve 6 order 2
Info    : [ 40%] Meshing curve 7 order 2
Info    : [ 40%] Meshing curve 8 order 2
Info    : [ 50%] Meshing curve 9 order 2
Info    : [ 50%] Meshing curve 10 order 2
Info    : [ 60%] Meshing curve 11 order 2
Info    : [ 60%] Meshing curve 12 order 2
Info    : [ 70%] Meshing surface 1 order 2
Info    : [ 70%] Meshing surface 2 order 2
Info    : [ 80%] Meshing surface 3 order 2
Info    : [ 80%] Meshing surface 4 order 2
Info    : [ 90%] Meshing surface 5 order 2
Info    : [ 90%] Meshing surface 6 order 2
Info    : [100%] Meshing volume 1 order 2
Info    : [100%] Meshing volume 2 order 2
Info    : Surface mesh: worst distortion = 0.797589 (0 elements in ]0, 0.2]); worst gamma = 0.688647
Info    : Volume mesh: worst distortion = 0.270761 (0 elements in ]0, 0.2])
Info    : Done meshing order 2 (Wall 16.2077s, CPU 16.2006s)
Info    : Writing '/home/user/mscr-mom/현서/scripts/contact_scenarios/fea/lmphi_mesh_LM50_phiP60_s10.inp'...
Info    : Done writing '/home/user/mscr-mom/현서/scripts/contact_scenarios/fea/lmphi_mesh_LM50_phiP60_s10.inp'
  [LM50_phiP60] F_mag=0.2132mN  (513.0s)
[LM50_phiP60 2/10] L_M=50.0, phi=60.0, s=20.0mm, push_depth=0.1mm ...
Info    : Meshing 1D...
Info    : [  0%] Meshing curve 1 (BSpline)
Info    : [ 10%] Meshing curve 2 (Ellipse)
Info    : [ 20%] Meshing curve 3 (Ellipse)
Info    : [ 30%] Meshing curve 4 (BSpline)
Info    : [ 40%] Meshing curve 5 (BSpline)
Info    : [ 50%] Meshing curve 6 (BSpline)
Info    : [ 60%] Meshing curve 7 (BSpline)
Info    : [ 60%] Meshing curve 8 (BSpline)
Info    : [ 70%] Meshing curve 9 (BSpline)
Info    : [ 90%] Meshing curve 11 (Circle)
Info    : Done meshing 1D (Wall 0.0212995s, CPU 0.021295s)
Info    : Meshing 2D...
Info    : [  0%] Meshing surface 1 (Plane, Frontal-Delaunay)
Info    : [ 20%] Meshing surface 2 (Plane, Frontal-Delaunay)
Info    : [ 40%] Meshing surface 3 (BSpline surface, Frontal-Delaunay)
Info    : [ 60%] Meshing surface 4 (BSpline surface, Frontal-Delaunay)
Info    : [ 70%] Meshing surface 5 (Plane, Frontal-Delaunay)
Info    : [ 90%] Meshing surface 6 (Sphere, Frontal-Delaunay)
Info    : Done meshing 2D (Wall 0.760043s, CPU 0.758191s)
Info    : Meshing 3D...
Info    : 3D Meshing 2 volumes with 2 connected components
Info    : Tetrahedrizing 12545 nodes...
Info    : Done tetrahedrizing 12553 nodes (Wall 0.136973s, CPU 0.132971s)
Info    : Reconstructing mesh...
Info    :  - Creating surface mesh
Info    :  - Identifying boundary edges
Info    :  - Recovering boundary
Info    : Done reconstructing mesh (Wall 0.359683s, CPU 0.346681s)
Info    : Found volume 1
Info    : It. 0 - 0 nodes created - worst tet radius 1.0421 (nodes removed 0 0)
Info    : It. 500 - 500 nodes created - worst tet radius 1.00846 (nodes removed 0 0)
Info    : 3D refinement terminated (13332 nodes total):
Info    :  - 0 Delaunay cavities modified for star shapeness
Info    :  - 0 nodes could not be inserted
Info    :  - 43383 tetrahedra created in 0.0374652 sec. (1157955 tets/s)
Info    : 0 node relocations
Info    : Tetrahedrizing 131 nodes...
Info    : Done tetrahedrizing 139 nodes (Wall 0.000751585s, CPU 0.000753s)
Info    : Reconstructing mesh...
Info    :  - Creating surface mesh
Info    :  - Identifying boundary edges
Info    :  - Recovering boundary
Info    : Done reconstructing mesh (Wall 0.00203625s, CPU 0.002037s)
Info    : Found volume 2
Info    : It. 0 - 0 nodes created - worst tet radius 3.25704 (nodes removed 0 0)
Info    : 3D refinement terminated (12761 nodes total):
Info    :  - 0 Delaunay cavities modified for star shapeness
Info    :  - 0 nodes could not be inserted
Info    :  - 528 tetrahedra created in 0.00565625 sec. (93348 tets/s)
Info    : 0 node relocations
Info    : Done meshing 3D (Wall 0.715175s, CPU 0.702103s)
Info    : Optimizing mesh...
Info    : Optimizing volume 1
Info    : Optimization starts (volume = 235.583) with worst = 0.00303891 / average = 0.679716:
Info    : 0.00 < quality < 0.10 :       230 elements
Info    : 0.10 < quality < 0.20 :       472 elements
Info    : 0.20 < quality < 0.30 :       788 elements
Info    : 0.30 < quality < 0.40 :      1457 elements
Info    : 0.40 < quality < 0.50 :      2154 elements
Info    : 0.50 < quality < 0.60 :      3343 elements
Info    : 0.60 < quality < 0.70 :      9177 elements
Info    : 0.70 < quality < 0.80 :     21276 elements
Info    : 0.80 < quality < 0.90 :      2576 elements
Info    : 0.90 < quality < 1.00 :      1910 elements
Info    : 1428 edge swaps, 28 node relocations (volume = 235.583): worst = 0.0371509 / average = 0.697536 (Wall 0.022386s, CPU 0.022385s)
Info    : 1503 edge swaps, 33 node relocations (volume = 235.583): worst = 0.196757 / average = 0.698329 (Wall 0.0270425s, CPU 0.027043s)
Info    : 1508 edge swaps, 33 node relocations (volume = 235.583): worst = 0.212879 / average = 0.698354 (Wall 0.0299962s, CPU 0.029996s)
Info    : No ill-shaped tets in the mesh :-)
Info    : 0.00 < quality < 0.10 :         0 elements
Info    : 0.10 < quality < 0.20 :         0 elements
Info    : 0.20 < quality < 0.30 :        17 elements
Info    : 0.30 < quality < 0.40 :      1442 elements
Info    : 0.40 < quality < 0.50 :      1819 elements
Info    : 0.50 < quality < 0.60 :      3507 elements
Info    : 0.60 < quality < 0.70 :      9705 elements
Info    : 0.70 < quality < 0.80 :     20887 elements
Info    : 0.80 < quality < 0.90 :      2794 elements
Info    : 0.90 < quality < 1.00 :      1918 elements
Info    : Optimizing volume 2
Info    : Optimization starts (volume = 0.256422) with worst = 0.0686282 / average = 0.747022:
Info    : 0.00 < quality < 0.10 :         3 elements
Info    : 0.10 < quality < 0.20 :         6 elements
Info    : 0.20 < quality < 0.30 :         3 elements
Info    : 0.30 < quality < 0.40 :         6 elements
Info    : 0.40 < quality < 0.50 :        20 elements
Info    : 0.50 < quality < 0.60 :        22 elements
Info    : 0.60 < quality < 0.70 :        71 elements
Info    : 0.70 < quality < 0.80 :       187 elements
Info    : 0.80 < quality < 0.90 :       161 elements
Info    : 0.90 < quality < 1.00 :        49 elements
Info    : 12 edge swaps, 0 node relocations (volume = 0.256422): worst = 0.310159 / average = 0.76062 (Wall 0.000140604s, CPU 0.000142s)
Info    : No ill-shaped tets in the mesh :-)
Info    : 0.00 < quality < 0.10 :         0 elements
Info    : 0.10 < quality < 0.20 :         0 elements
Info    : 0.20 < quality < 0.30 :         0 elements
Info    : 0.30 < quality < 0.40 :         6 elements
Info    : 0.40 < quality < 0.50 :        19 elements
Info    : 0.50 < quality < 0.60 :        24 elements
Info    : 0.60 < quality < 0.70 :        72 elements
Info    : 0.70 < quality < 0.80 :       184 elements
Info    : 0.80 < quality < 0.90 :       165 elements
Info    : 0.90 < quality < 1.00 :        48 elements
Info    : Done optimizing mesh (Wall 0.0629506s, CPU 0.062949s)
Info    : 13736 nodes 69183 elements
Info    : Meshing order 2 (curvilinear on)...
Info    : [  0%] Meshing curve 1 order 2
Info    : [ 10%] Meshing curve 2 order 2
Info    : [ 20%] Meshing curve 3 order 2
Info    : [ 20%] Meshing curve 4 order 2
Info    : [ 30%] Meshing curve 5 order 2
Info    : [ 30%] Meshing curve 6 order 2
Info    : [ 40%] Meshing curve 7 order 2
Info    : [ 40%] Meshing curve 8 order 2
Info    : [ 50%] Meshing curve 9 order 2
Info    : [ 50%] Meshing curve 10 order 2
Info    : [ 60%] Meshing curve 11 order 2
Info    : [ 60%] Meshing curve 12 order 2
Info    : [ 70%] Meshing surface 1 order 2
Info    : [ 70%] Meshing surface 2 order 2
Info    : [ 80%] Meshing surface 3 order 2
Info    : [ 80%] Meshing surface 4 order 2
Info    : [ 90%] Meshing surface 5 order 2
Info    : [ 90%] Meshing surface 6 order 2
Info    : [100%] Meshing volume 1 order 2
Info    : [100%] Meshing volume 2 order 2
Info    : Surface mesh: worst distortion = 0.797589 (0 elements in ]0, 0.2]); worst gamma = 0.688647
Info    : Volume mesh: worst distortion = 0.270761 (0 elements in ]0, 0.2])
Info    : Done meshing order 2 (Wall 15.3526s, CPU 15.3408s)
Info    : Writing '/home/user/mscr-mom/현서/scripts/contact_scenarios/fea/lmphi_mesh_LM50_phiP60_s20.inp'...
Info    : Done writing '/home/user/mscr-mom/현서/scripts/contact_scenarios/fea/lmphi_mesh_LM50_phiP60_s20.inp'
  [LM50_phiP60] F_mag=0.0250mN  (304.5s)
[LM50_phiP60 3/10] L_M=50.0, phi=60.0, s=30.0mm, push_depth=0.1mm ...
Info    : Meshing 1D...
Info    : [  0%] Meshing curve 1 (BSpline)
Info    : [ 10%] Meshing curve 2 (Ellipse)
Info    : [ 20%] Meshing curve 3 (Ellipse)
Info    : [ 30%] Meshing curve 4 (BSpline)
Info    : [ 40%] Meshing curve 5 (BSpline)
Info    : [ 50%] Meshing curve 6 (BSpline)
Info    : [ 60%] Meshing curve 7 (BSpline)
Info    : [ 60%] Meshing curve 8 (BSpline)
Info    : [ 70%] Meshing curve 9 (BSpline)
Info    : [ 90%] Meshing curve 11 (Circle)
Info    : Done meshing 1D (Wall 0.0252661s, CPU 0.025267s)
Info    : Meshing 2D...
Info    : [  0%] Meshing surface 1 (Plane, Frontal-Delaunay)
Info    : [ 20%] Meshing surface 2 (Plane, Frontal-Delaunay)
Info    : [ 40%] Meshing surface 3 (BSpline surface, Frontal-Delaunay)
Info    : [ 60%] Meshing surface 4 (BSpline surface, Frontal-Delaunay)
Info    : [ 70%] Meshing surface 5 (Plane, Frontal-Delaunay)
Info    : [ 90%] Meshing surface 6 (Sphere, Frontal-Delaunay)
Info    : Done meshing 2D (Wall 0.75712s, CPU 0.757044s)
Info    : Meshing 3D...
Info    : 3D Meshing 2 volumes with 2 connected components
Info    : Tetrahedrizing 12545 nodes...
Info    : Done tetrahedrizing 12553 nodes (Wall 0.135179s, CPU 0.131176s)
Info    : Reconstructing mesh...
Info    :  - Creating surface mesh
Info    :  - Identifying boundary edges
Info    :  - Recovering boundary
Info    : Done reconstructing mesh (Wall 0.328599s, CPU 0.316536s)
Info    : Found volume 1
Info    : It. 0 - 0 nodes created - worst tet radius 1.0421 (nodes removed 0 0)
Info    : It. 500 - 500 nodes created - worst tet radius 1.00846 (nodes removed 0 0)
Info    : 3D refinement terminated (13332 nodes total):
Info    :  - 0 Delaunay cavities modified for star shapeness
Info    :  - 0 nodes could not be inserted
Info    :  - 43383 tetrahedra created in 0.0358251 sec. (1210967 tets/s)
Info    : 0 node relocations
Info    : Tetrahedrizing 131 nodes...
Info    : Done tetrahedrizing 139 nodes (Wall 0.000739496s, CPU 0.000741s)
Info    : Reconstructing mesh...
Info    :  - Creating surface mesh
Info    :  - Identifying boundary edges
Info    :  - Recovering boundary
Info    : Done reconstructing mesh (Wall 0.00190775s, CPU 0.00191s)
Info    : Found volume 2
Info    : It. 0 - 0 nodes created - worst tet radius 3.25704 (nodes removed 0 0)
Info    : 3D refinement terminated (12761 nodes total):
Info    :  - 0 Delaunay cavities modified for star shapeness
Info    :  - 0 nodes could not be inserted
Info    :  - 528 tetrahedra created in 0.00557564 sec. (94697 tets/s)
Info    : 0 node relocations
Info    : Done meshing 3D (Wall 0.668314s, CPU 0.656206s)
Info    : Optimizing mesh...
Info    : Optimizing volume 1
Info    : Optimization starts (volume = 235.583) with worst = 0.00303891 / average = 0.679716:
Info    : 0.00 < quality < 0.10 :       230 elements
Info    : 0.10 < quality < 0.20 :       472 elements
Info    : 0.20 < quality < 0.30 :       788 elements
Info    : 0.30 < quality < 0.40 :      1457 elements
Info    : 0.40 < quality < 0.50 :      2154 elements
Info    : 0.50 < quality < 0.60 :      3343 elements
Info    : 0.60 < quality < 0.70 :      9177 elements
Info    : 0.70 < quality < 0.80 :     21276 elements
Info    : 0.80 < quality < 0.90 :      2576 elements
Info    : 0.90 < quality < 1.00 :      1910 elements
Info    : 1428 edge swaps, 28 node relocations (volume = 235.583): worst = 0.0371509 / average = 0.697536 (Wall 0.0246922s, CPU 0.023685s)
Info    : 1503 edge swaps, 33 node relocations (volume = 235.583): worst = 0.196757 / average = 0.698329 (Wall 0.0305823s, CPU 0.029417s)
Info    : 1508 edge swaps, 33 node relocations (volume = 235.583): worst = 0.212879 / average = 0.698354 (Wall 0.0327742s, CPU 0.031611s)
Info    : No ill-shaped tets in the mesh :-)
Info    : 0.00 < quality < 0.10 :         0 elements
Info    : 0.10 < quality < 0.20 :         0 elements
Info    : 0.20 < quality < 0.30 :        17 elements
Info    : 0.30 < quality < 0.40 :      1442 elements
Info    : 0.40 < quality < 0.50 :      1819 elements
Info    : 0.50 < quality < 0.60 :      3507 elements
Info    : 0.60 < quality < 0.70 :      9705 elements
Info    : 0.70 < quality < 0.80 :     20887 elements
Info    : 0.80 < quality < 0.90 :      2794 elements
Info    : 0.90 < quality < 1.00 :      1918 elements
Info    : Optimizing volume 2
Info    : Optimization starts (volume = 0.256422) with worst = 0.0686282 / average = 0.747022:
Info    : 0.00 < quality < 0.10 :         3 elements
Info    : 0.10 < quality < 0.20 :         6 elements
Info    : 0.20 < quality < 0.30 :         3 elements
Info    : 0.30 < quality < 0.40 :         6 elements
Info    : 0.40 < quality < 0.50 :        20 elements
Info    : 0.50 < quality < 0.60 :        22 elements
Info    : 0.60 < quality < 0.70 :        71 elements
Info    : 0.70 < quality < 0.80 :       187 elements
Info    : 0.80 < quality < 0.90 :       161 elements
Info    : 0.90 < quality < 1.00 :        49 elements
Info    : 12 edge swaps, 0 node relocations (volume = 0.256422): worst = 0.310159 / average = 0.76062 (Wall 0.000143519s, CPU 0.000145s)
Info    : No ill-shaped tets in the mesh :-)
Info    : 0.00 < quality < 0.10 :         0 elements
Info    : 0.10 < quality < 0.20 :         0 elements
Info    : 0.20 < quality < 0.30 :         0 elements
Info    : 0.30 < quality < 0.40 :         6 elements
Info    : 0.40 < quality < 0.50 :        19 elements
Info    : 0.50 < quality < 0.60 :        24 elements
Info    : 0.60 < quality < 0.70 :        72 elements
Info    : 0.70 < quality < 0.80 :       184 elements
Info    : 0.80 < quality < 0.90 :       165 elements
Info    : 0.90 < quality < 1.00 :        48 elements
Info    : Done optimizing mesh (Wall 0.0665491s, CPU 0.065382s)
Info    : 13736 nodes 69183 elements
Info    : Meshing order 2 (curvilinear on)...
Info    : [  0%] Meshing curve 1 order 2
Info    : [ 10%] Meshing curve 2 order 2
Info    : [ 20%] Meshing curve 3 order 2
Info    : [ 20%] Meshing curve 4 order 2
Info    : [ 30%] Meshing curve 5 order 2
Info    : [ 30%] Meshing curve 6 order 2
Info    : [ 40%] Meshing curve 7 order 2
Info    : [ 40%] Meshing curve 8 order 2
Info    : [ 50%] Meshing curve 9 order 2
Info    : [ 50%] Meshing curve 10 order 2
Info    : [ 60%] Meshing curve 11 order 2
Info    : [ 60%] Meshing curve 12 order 2
Info    : [ 70%] Meshing surface 1 order 2
Info    : [ 70%] Meshing surface 2 order 2
Info    : [ 80%] Meshing surface 3 order 2
Info    : [ 80%] Meshing surface 4 order 2
Info    : [ 90%] Meshing surface 5 order 2
Info    : [ 90%] Meshing surface 6 order 2
Info    : [100%] Meshing volume 1 order 2
Info    : [100%] Meshing volume 2 order 2
Info    : Surface mesh: worst distortion = 0.797589 (0 elements in ]0, 0.2]); worst gamma = 0.688647
Info    : Volume mesh: worst distortion = 0.270761 (0 elements in ]0, 0.2])
Info    : Done meshing order 2 (Wall 15.351s, CPU 15.3444s)
Info    : Writing '/home/user/mscr-mom/현서/scripts/contact_scenarios/fea/lmphi_mesh_LM50_phiP60_s30.inp'...
Info    : Done writing '/home/user/mscr-mom/현서/scripts/contact_scenarios/fea/lmphi_mesh_LM50_phiP60_s30.inp'
  [LM50_phiP60] F_mag=0.0080mN  (363.8s)
[LM50_phiP60 4/10] L_M=50.0, phi=60.0, s=40.0mm, push_depth=0.1mm ...
Info    : Meshing 1D...
Info    : [  0%] Meshing curve 1 (BSpline)
Info    : [ 10%] Meshing curve 2 (Ellipse)
Info    : [ 20%] Meshing curve 3 (Ellipse)
Info    : [ 30%] Meshing curve 4 (BSpline)
Info    : [ 40%] Meshing curve 5 (BSpline)
Info    : [ 50%] Meshing curve 6 (BSpline)
Info    : [ 60%] Meshing curve 7 (BSpline)
Info    : [ 60%] Meshing curve 8 (BSpline)
Info    : [ 70%] Meshing curve 9 (BSpline)
Info    : [ 90%] Meshing curve 11 (Circle)
Info    : Done meshing 1D (Wall 0.021129s, CPU 0.021079s)
Info    : Meshing 2D...
Info    : [  0%] Meshing surface 1 (Plane, Frontal-Delaunay)
Info    : [ 20%] Meshing surface 2 (Plane, Frontal-Delaunay)
Info    : [ 40%] Meshing surface 3 (BSpline surface, Frontal-Delaunay)
Info    : [ 60%] Meshing surface 4 (BSpline surface, Frontal-Delaunay)
Info    : [ 70%] Meshing surface 5 (Plane, Frontal-Delaunay)
Info    : [ 90%] Meshing surface 6 (Sphere, Frontal-Delaunay)
Info    : Done meshing 2D (Wall 0.752024s, CPU 0.75156s)
Info    : Meshing 3D...
Info    : 3D Meshing 2 volumes with 2 connected components
Info    : Tetrahedrizing 12545 nodes...
Info    : Done tetrahedrizing 12553 nodes (Wall 0.141196s, CPU 0.134174s)
Info    : Reconstructing mesh...
Info    :  - Creating surface mesh
Info    :  - Identifying boundary edges
Info    :  - Recovering boundary
Info    : Done reconstructing mesh (Wall 0.372954s, CPU 0.354873s)
Info    : Found volume 1
Info    : It. 0 - 0 nodes created - worst tet radius 1.0421 (nodes removed 0 0)
Info    : It. 500 - 500 nodes created - worst tet radius 1.00846 (nodes removed 0 0)
Info    : 3D refinement terminated (13331 nodes total):
Info    :  - 0 Delaunay cavities modified for star shapeness
Info    :  - 0 nodes could not be inserted
Info    :  - 43383 tetrahedra created in 0.0356096 sec. (1218295 tets/s)
Info    : 0 node relocations
Info    : Tetrahedrizing 130 nodes...
Info    : Done tetrahedrizing 138 nodes (Wall 0.000732716s, CPU 0.000733s)
Info    : Reconstructing mesh...
Info    :  - Creating surface mesh
Info    :  - Identifying boundary edges
Info    :  - Recovering boundary
Info    : Done reconstructing mesh (Wall 0.00188803s, CPU 0.001888s)
Info    : Found volume 2
Info    : It. 0 - 0 nodes created - worst tet radius 3.19116 (nodes removed 0 0)
Info    : 3D refinement terminated (12756 nodes total):
Info    :  - 0 Delaunay cavities modified for star shapeness
Info    :  - 0 nodes could not be inserted
Info    :  - 489 tetrahedra created in 0.00553652 sec. (88322 tets/s)
Info    : 0 node relocations
Info    : Done meshing 3D (Wall 0.74276s, CPU 0.72367s)
Info    : Optimizing mesh...
Info    : Optimizing volume 1
Info    : Optimization starts (volume = 235.583) with worst = 0.00303891 / average = 0.679716:
Info    : 0.00 < quality < 0.10 :       230 elements
Info    : 0.10 < quality < 0.20 :       472 elements
Info    : 0.20 < quality < 0.30 :       788 elements
Info    : 0.30 < quality < 0.40 :      1457 elements
Info    : 0.40 < quality < 0.50 :      2154 elements
Info    : 0.50 < quality < 0.60 :      3343 elements
Info    : 0.60 < quality < 0.70 :      9177 elements
Info    : 0.70 < quality < 0.80 :     21276 elements
Info    : 0.80 < quality < 0.90 :      2576 elements
Info    : 0.90 < quality < 1.00 :      1910 elements
Info    : 1428 edge swaps, 28 node relocations (volume = 235.583): worst = 0.0371509 / average = 0.697536 (Wall 0.0175476s, CPU 0.016552s)
Info    : 1503 edge swaps, 33 node relocations (volume = 235.583): worst = 0.196757 / average = 0.698329 (Wall 0.0213558s, CPU 0.020362s)
Info    : 1508 edge swaps, 33 node relocations (volume = 235.583): worst = 0.212879 / average = 0.698354 (Wall 0.0238362s, CPU 0.02284s)
Info    : No ill-shaped tets in the mesh :-)
Info    : 0.00 < quality < 0.10 :         0 elements
Info    : 0.10 < quality < 0.20 :         0 elements
Info    : 0.20 < quality < 0.30 :        17 elements
Info    : 0.30 < quality < 0.40 :      1442 elements
Info    : 0.40 < quality < 0.50 :      1819 elements
Info    : 0.50 < quality < 0.60 :      3507 elements
Info    : 0.60 < quality < 0.70 :      9705 elements
Info    : 0.70 < quality < 0.80 :     20887 elements
Info    : 0.80 < quality < 0.90 :      2794 elements
Info    : 0.90 < quality < 1.00 :      1918 elements
Info    : Optimizing volume 2
Info    : Optimization starts (volume = 0.256435) with worst = 0.0657345 / average = 0.754941:
Info    : 0.00 < quality < 0.10 :         1 elements
Info    : 0.10 < quality < 0.20 :         1 elements
Info    : 0.20 < quality < 0.30 :         1 elements
Info    : 0.30 < quality < 0.40 :        13 elements
Info    : 0.40 < quality < 0.50 :        12 elements
Info    : 0.50 < quality < 0.60 :        22 elements
Info    : 0.60 < quality < 0.70 :        59 elements
Info    : 0.70 < quality < 0.80 :       197 elements
Info    : 0.80 < quality < 0.90 :       141 elements
Info    : 0.90 < quality < 1.00 :        42 elements
Info    : 3 edge swaps, 0 node relocations (volume = 0.256435): worst = 0.303227 / average = 0.759444 (Wall 0.000101084s, CPU 0.000103s)
Info    : No ill-shaped tets in the mesh :-)
Info    : 0.00 < quality < 0.10 :         0 elements
Info    : 0.10 < quality < 0.20 :         0 elements
Info    : 0.20 < quality < 0.30 :         0 elements
Info    : 0.30 < quality < 0.40 :        13 elements
Info    : 0.40 < quality < 0.50 :        12 elements
Info    : 0.50 < quality < 0.60 :        20 elements
Info    : 0.60 < quality < 0.70 :        60 elements
Info    : 0.70 < quality < 0.80 :       197 elements
Info    : 0.80 < quality < 0.90 :       142 elements
Info    : 0.90 < quality < 1.00 :        42 elements
Info    : Done optimizing mesh (Wall 0.0577618s, CPU 0.056759s)
Info    : 13731 nodes 69149 elements
Info    : Meshing order 2 (curvilinear on)...
Info    : [  0%] Meshing curve 1 order 2
Info    : [ 10%] Meshing curve 2 order 2
Info    : [ 20%] Meshing curve 3 order 2
Info    : [ 20%] Meshing curve 4 order 2
Info    : [ 30%] Meshing curve 5 order 2
Info    : [ 30%] Meshing curve 6 order 2
Info    : [ 40%] Meshing curve 7 order 2
Info    : [ 40%] Meshing curve 8 order 2
Info    : [ 50%] Meshing curve 9 order 2
Info    : [ 50%] Meshing curve 10 order 2
Info    : [ 60%] Meshing curve 11 order 2
Info    : [ 60%] Meshing curve 12 order 2
Info    : [ 70%] Meshing surface 1 order 2
Info    : [ 70%] Meshing surface 2 order 2
Info    : [ 80%] Meshing surface 3 order 2
Info    : [ 80%] Meshing surface 4 order 2
Info    : [ 90%] Meshing surface 5 order 2
Info    : [ 90%] Meshing surface 6 order 2
Info    : [100%] Meshing volume 1 order 2
Info    : [100%] Meshing volume 2 order 2
Info    : Surface mesh: worst distortion = 0.797589 (0 elements in ]0, 0.2]); worst gamma = 0.688647
Info    : Volume mesh: worst distortion = 0.270761 (0 elements in ]0, 0.2])
Info    : Done meshing order 2 (Wall 15.4537s, CPU 15.4403s)
Info    : Writing '/home/user/mscr-mom/현서/scripts/contact_scenarios/fea/lmphi_mesh_LM50_phiP60_s40.inp'...
Info    : Done writing '/home/user/mscr-mom/현서/scripts/contact_scenarios/fea/lmphi_mesh_LM50_phiP60_s40.inp'
  [LM50_phiP60] [실패] (558.7s)
[LM50_phiP60 5/10] L_M=50.0, phi=60.0, s=50.0mm, push_depth=0.1mm ...
Info    : Meshing 1D...
Info    : [  0%] Meshing curve 1 (BSpline)
Info    : [ 10%] Meshing curve 2 (Ellipse)
Info    : [ 20%] Meshing curve 3 (Ellipse)
Info    : [ 30%] Meshing curve 4 (BSpline)
Info    : [ 40%] Meshing curve 5 (BSpline)
Info    : [ 50%] Meshing curve 6 (BSpline)
Info    : [ 60%] Meshing curve 7 (BSpline)
Info    : [ 60%] Meshing curve 8 (BSpline)
Info    : [ 70%] Meshing curve 9 (BSpline)
Info    : [ 90%] Meshing curve 11 (Circle)
Info    : Done meshing 1D (Wall 0.0210132s, CPU 0.021013s)
Info    : Meshing 2D...
Info    : [  0%] Meshing surface 1 (Plane, Frontal-Delaunay)
Info    : [ 20%] Meshing surface 2 (Plane, Frontal-Delaunay)
Info    : [ 40%] Meshing surface 3 (BSpline surface, Frontal-Delaunay)
Info    : [ 60%] Meshing surface 4 (BSpline surface, Frontal-Delaunay)
Info    : [ 70%] Meshing surface 5 (Plane, Frontal-Delaunay)
Info    : [ 90%] Meshing surface 6 (Sphere, Frontal-Delaunay)
Info    : Done meshing 2D (Wall 0.753677s, CPU 0.753625s)
Info    : Meshing 3D...
Info    : 3D Meshing 2 volumes with 2 connected components
Info    : Tetrahedrizing 12545 nodes...
Info    : Done tetrahedrizing 12553 nodes (Wall 0.136632s, CPU 0.13162s)
Info    : Reconstructing mesh...
Info    :  - Creating surface mesh
Info    :  - Identifying boundary edges
Info    :  - Recovering boundary
Info    : Done reconstructing mesh (Wall 0.339721s, CPU 0.328677s)
Info    : Found volume 1
Info    : It. 0 - 0 nodes created - worst tet radius 1.0421 (nodes removed 0 0)
Info    : It. 500 - 500 nodes created - worst tet radius 1.00846 (nodes removed 0 0)
Info    : 3D refinement terminated (13332 nodes total):
Info    :  - 0 Delaunay cavities modified for star shapeness
Info    :  - 0 nodes could not be inserted
Info    :  - 43383 tetrahedra created in 0.0361835 sec. (1198972 tets/s)
Info    : 0 node relocations
Info    : Tetrahedrizing 131 nodes...
Info    : Done tetrahedrizing 139 nodes (Wall 0.000717712s, CPU 0.00072s)
Info    : Reconstructing mesh...
Info    :  - Creating surface mesh
Info    :  - Identifying boundary edges
Info    :  - Recovering boundary
Info    : Done reconstructing mesh (Wall 0.0018838s, CPU 0.001886s)
Info    : Found volume 2
Info    : It. 0 - 0 nodes created - worst tet radius 3.25704 (nodes removed 0 0)
Info    : 3D refinement terminated (12761 nodes total):
Info    :  - 0 Delaunay cavities modified for star shapeness
Info    :  - 0 nodes could not be inserted
Info    :  - 528 tetrahedra created in 0.00542335 sec. (97356 tets/s)
Info    : 0 node relocations
Info    : Done meshing 3D (Wall 0.682735s, CPU 0.67068s)
Info    : Optimizing mesh...
Info    : Optimizing volume 1
Info    : Optimization starts (volume = 235.583) with worst = 0.00303891 / average = 0.679716:
Info    : 0.00 < quality < 0.10 :       230 elements
Info    : 0.10 < quality < 0.20 :       472 elements
Info    : 0.20 < quality < 0.30 :       788 elements
Info    : 0.30 < quality < 0.40 :      1457 elements
Info    : 0.40 < quality < 0.50 :      2154 elements
Info    : 0.50 < quality < 0.60 :      3343 elements
Info    : 0.60 < quality < 0.70 :      9177 elements
Info    : 0.70 < quality < 0.80 :     21276 elements
Info    : 0.80 < quality < 0.90 :      2576 elements
Info    : 0.90 < quality < 1.00 :      1910 elements
Info    : 1428 edge swaps, 28 node relocations (volume = 235.583): worst = 0.0371509 / average = 0.697536 (Wall 0.0173564s, CPU 0.017356s)
Info    : 1503 edge swaps, 33 node relocations (volume = 235.583): worst = 0.196757 / average = 0.698329 (Wall 0.0212523s, CPU 0.02125s)
Info    : 1508 edge swaps, 33 node relocations (volume = 235.583): worst = 0.212879 / average = 0.698354 (Wall 0.0241181s, CPU 0.024116s)
Info    : No ill-shaped tets in the mesh :-)
Info    : 0.00 < quality < 0.10 :         0 elements
Info    : 0.10 < quality < 0.20 :         0 elements
Info    : 0.20 < quality < 0.30 :        17 elements
Info    : 0.30 < quality < 0.40 :      1442 elements
Info    : 0.40 < quality < 0.50 :      1819 elements
Info    : 0.50 < quality < 0.60 :      3507 elements
Info    : 0.60 < quality < 0.70 :      9705 elements
Info    : 0.70 < quality < 0.80 :     20887 elements
Info    : 0.80 < quality < 0.90 :      2794 elements
Info    : 0.90 < quality < 1.00 :      1918 elements
Info    : Optimizing volume 2
Info    : Optimization starts (volume = 0.256422) with worst = 0.0686282 / average = 0.747022:
Info    : 0.00 < quality < 0.10 :         3 elements
Info    : 0.10 < quality < 0.20 :         6 elements
Info    : 0.20 < quality < 0.30 :         3 elements
Info    : 0.30 < quality < 0.40 :         6 elements
Info    : 0.40 < quality < 0.50 :        20 elements
Info    : 0.50 < quality < 0.60 :        22 elements
Info    : 0.60 < quality < 0.70 :        71 elements
Info    : 0.70 < quality < 0.80 :       187 elements
Info    : 0.80 < quality < 0.90 :       161 elements
Info    : 0.90 < quality < 1.00 :        49 elements
Info    : 12 edge swaps, 0 node relocations (volume = 0.256422): worst = 0.310159 / average = 0.76062 (Wall 0.000147686s, CPU 0s)
Info    : No ill-shaped tets in the mesh :-)
Info    : 0.00 < quality < 0.10 :         0 elements
Info    : 0.10 < quality < 0.20 :         0 elements
Info    : 0.20 < quality < 0.30 :         0 elements
Info    : 0.30 < quality < 0.40 :         6 elements
Info    : 0.40 < quality < 0.50 :        19 elements
Info    : 0.50 < quality < 0.60 :        24 elements
Info    : 0.60 < quality < 0.70 :        72 elements
Info    : 0.70 < quality < 0.80 :       184 elements
Info    : 0.80 < quality < 0.90 :       165 elements
Info    : 0.90 < quality < 1.00 :        48 elements
Info    : Done optimizing mesh (Wall 0.0533549s, CPU 0.052355s)
Info    : 13736 nodes 69183 elements
Info    : Meshing order 2 (curvilinear on)...
Info    : [  0%] Meshing curve 1 order 2
Info    : [ 10%] Meshing curve 2 order 2
Info    : [ 20%] Meshing curve 3 order 2
Info    : [ 20%] Meshing curve 4 order 2
Info    : [ 30%] Meshing curve 5 order 2
Info    : [ 30%] Meshing curve 6 order 2
Info    : [ 40%] Meshing curve 7 order 2
Info    : [ 40%] Meshing curve 8 order 2
Info    : [ 50%] Meshing curve 9 order 2
Info    : [ 50%] Meshing curve 10 order 2
Info    : [ 60%] Meshing curve 11 order 2
Info    : [ 60%] Meshing curve 12 order 2
Info    : [ 70%] Meshing surface 1 order 2
Info    : [ 70%] Meshing surface 2 order 2
Info    : [ 80%] Meshing surface 3 order 2
Info    : [ 80%] Meshing surface 4 order 2
Info    : [ 90%] Meshing surface 5 order 2
Info    : [ 90%] Meshing surface 6 order 2
Info    : [100%] Meshing volume 1 order 2
Info    : [100%] Meshing volume 2 order 2
Info    : Surface mesh: worst distortion = 0.797589 (0 elements in ]0, 0.2]); worst gamma = 0.688647
Info    : Volume mesh: worst distortion = 0.270761 (0 elements in ]0, 0.2])
Info    : Done meshing order 2 (Wall 15.4513s, CPU 15.4343s)
Info    : Writing '/home/user/mscr-mom/현서/scripts/contact_scenarios/fea/lmphi_mesh_LM50_phiP60_s50.inp'...
Info    : Done writing '/home/user/mscr-mom/현서/scripts/contact_scenarios/fea/lmphi_mesh_LM50_phiP60_s50.inp'
  [LM50_phiP60] [실패] (970.7s)
[LM50_phiP60 6/10] L_M=50.0, phi=60.0, s=60.0mm, push_depth=0.1mm ...
Info    : Meshing 1D...
Info    : [  0%] Meshing curve 1 (BSpline)
Info    : [ 10%] Meshing curve 2 (Ellipse)
Info    : [ 20%] Meshing curve 3 (Ellipse)
Info    : [ 30%] Meshing curve 4 (BSpline)
Info    : [ 40%] Meshing curve 5 (BSpline)
Info    : [ 50%] Meshing curve 6 (BSpline)
Info    : [ 60%] Meshing curve 7 (BSpline)
Info    : [ 60%] Meshing curve 8 (BSpline)
Info    : [ 70%] Meshing curve 9 (BSpline)
Info    : [ 90%] Meshing curve 11 (Circle)
Info    : Done meshing 1D (Wall 0.0210745s, CPU 0.021063s)
Info    : Meshing 2D...
Info    : [  0%] Meshing surface 1 (Plane, Frontal-Delaunay)
Info    : [ 20%] Meshing surface 2 (Plane, Frontal-Delaunay)
Info    : [ 40%] Meshing surface 3 (BSpline surface, Frontal-Delaunay)
Info    : [ 60%] Meshing surface 4 (BSpline surface, Frontal-Delaunay)
Info    : [ 70%] Meshing surface 5 (Plane, Frontal-Delaunay)
Info    : [ 90%] Meshing surface 6 (Sphere, Frontal-Delaunay)
Info    : Done meshing 2D (Wall 0.787267s, CPU 0.787184s)
Info    : Meshing 3D...
Info    : 3D Meshing 2 volumes with 2 connected components
Info    : Tetrahedrizing 12545 nodes...
Info    : Done tetrahedrizing 12553 nodes (Wall 0.135794s, CPU 0.128788s)
Info    : Reconstructing mesh...
Info    :  - Creating surface mesh
Info    :  - Identifying boundary edges
Info    :  - Recovering boundary
Info    : Done reconstructing mesh (Wall 0.348471s, CPU 0.334442s)
Info    : Found volume 1
Info    : It. 0 - 0 nodes created - worst tet radius 1.0421 (nodes removed 0 0)
Info    : It. 500 - 500 nodes created - worst tet radius 1.00846 (nodes removed 0 0)
Info    : 3D refinement terminated (13332 nodes total):
Info    :  - 0 Delaunay cavities modified for star shapeness
Info    :  - 0 nodes could not be inserted
Info    :  - 43383 tetrahedra created in 0.0404304 sec. (1073030 tets/s)
Info    : 0 node relocations
Info    : Tetrahedrizing 131 nodes...
Info    : Done tetrahedrizing 139 nodes (Wall 0.000693929s, CPU 0.000696s)
Info    : Reconstructing mesh...
Info    :  - Creating surface mesh
Info    :  - Identifying boundary edges
Info    :  - Recovering boundary
Info    : Done reconstructing mesh (Wall 0.0018001s, CPU 0.001802s)
Info    : Found volume 2
Info    : It. 0 - 0 nodes created - worst tet radius 3.06078 (nodes removed 0 0)
Info    : 3D refinement terminated (12759 nodes total):
Info    :  - 0 Delaunay cavities modified for star shapeness
Info    :  - 0 nodes could not be inserted
Info    :  - 501 tetrahedra created in 0.00654338 sec. (76565 tets/s)
Info    : 0 node relocations
Info    : Done meshing 3D (Wall 0.647252s, CPU 0.63218s)
Info    : Optimizing mesh...
Info    : Optimizing volume 1
Info    : Optimization starts (volume = 235.583) with worst = 0.00303891 / average = 0.679716:
Info    : 0.00 < quality < 0.10 :       230 elements
Info    : 0.10 < quality < 0.20 :       472 elements
Info    : 0.20 < quality < 0.30 :       788 elements
Info    : 0.30 < quality < 0.40 :      1457 elements
Info    : 0.40 < quality < 0.50 :      2154 elements
Info    : 0.50 < quality < 0.60 :      3343 elements
Info    : 0.60 < quality < 0.70 :      9177 elements
Info    : 0.70 < quality < 0.80 :     21276 elements
Info    : 0.80 < quality < 0.90 :      2576 elements
Info    : 0.90 < quality < 1.00 :      1910 elements
Info    : 1428 edge swaps, 28 node relocations (volume = 235.583): worst = 0.0371509 / average = 0.697536 (Wall 0.0175489s, CPU 0.017548s)
Info    : 1503 edge swaps, 33 node relocations (volume = 235.583): worst = 0.196757 / average = 0.698329 (Wall 0.0212393s, CPU 0.021239s)
Info    : 1508 edge swaps, 33 node relocations (volume = 235.583): worst = 0.212879 / average = 0.698354 (Wall 0.0238853s, CPU 0.023886s)
Info    : No ill-shaped tets in the mesh :-)
Info    : 0.00 < quality < 0.10 :         0 elements
Info    : 0.10 < quality < 0.20 :         0 elements
Info    : 0.20 < quality < 0.30 :        17 elements
Info    : 0.30 < quality < 0.40 :      1442 elements
Info    : 0.40 < quality < 0.50 :      1819 elements
Info    : 0.50 < quality < 0.60 :      3507 elements
Info    : 0.60 < quality < 0.70 :      9705 elements
Info    : 0.70 < quality < 0.80 :     20887 elements
Info    : 0.80 < quality < 0.90 :      2794 elements
Info    : 0.90 < quality < 1.00 :      1918 elements
Info    : Optimizing volume 2
Info    : Optimization starts (volume = 0.256479) with worst = 0.0990927 / average = 0.760007:
Info    : 0.00 < quality < 0.10 :         1 elements
Info    : 0.10 < quality < 0.20 :         2 elements
Info    : 0.20 < quality < 0.30 :         1 elements
Info    : 0.30 < quality < 0.40 :         8 elements
Info    : 0.40 < quality < 0.50 :         7 elements
Info    : 0.50 < quality < 0.60 :        20 elements
Info    : 0.60 < quality < 0.70 :        77 elements
Info    : 0.70 < quality < 0.80 :       188 elements
Info    : 0.80 < quality < 0.90 :       147 elements
Info    : 0.90 < quality < 1.00 :        50 elements
Info    : 4 edge swaps, 0 node relocations (volume = 0.256479): worst = 0.308932 / average = 0.766092 (Wall 0.000100003s, CPU 0.000102s)
Info    : No ill-shaped tets in the mesh :-)
Info    : 0.00 < quality < 0.10 :         0 elements
Info    : 0.10 < quality < 0.20 :         0 elements
Info    : 0.20 < quality < 0.30 :         0 elements
Info    : 0.30 < quality < 0.40 :         7 elements
Info    : 0.40 < quality < 0.50 :         7 elements
Info    : 0.50 < quality < 0.60 :        19 elements
Info    : 0.60 < quality < 0.70 :        78 elements
Info    : 0.70 < quality < 0.80 :       190 elements
Info    : 0.80 < quality < 0.90 :       146 elements
Info    : 0.90 < quality < 1.00 :        50 elements
Info    : Done optimizing mesh (Wall 0.0569537s, CPU 0.056953s)
Info    : 13734 nodes 69162 elements
Info    : Meshing order 2 (curvilinear on)...
Info    : [  0%] Meshing curve 1 order 2
Info    : [ 10%] Meshing curve 2 order 2
Info    : [ 20%] Meshing curve 3 order 2
Info    : [ 20%] Meshing curve 4 order 2
Info    : [ 30%] Meshing curve 5 order 2
Info    : [ 30%] Meshing curve 6 order 2
Info    : [ 40%] Meshing curve 7 order 2
Info    : [ 40%] Meshing curve 8 order 2
Info    : [ 50%] Meshing curve 9 order 2
Info    : [ 50%] Meshing curve 10 order 2
Info    : [ 60%] Meshing curve 11 order 2
Info    : [ 60%] Meshing curve 12 order 2
Info    : [ 70%] Meshing surface 1 order 2
Info    : [ 70%] Meshing surface 2 order 2
Info    : [ 80%] Meshing surface 3 order 2
Info    : [ 80%] Meshing surface 4 order 2
Info    : [ 90%] Meshing surface 5 order 2
Info    : [ 90%] Meshing surface 6 order 2
Info    : [100%] Meshing volume 1 order 2
Info    : [100%] Meshing volume 2 order 2
Info    : Surface mesh: worst distortion = 0.797589 (0 elements in ]0, 0.2]); worst gamma = 0.320478
Info    : Volume mesh: worst distortion = 0.270761 (0 elements in ]0, 0.2])
Info    : Done meshing order 2 (Wall 15.1949s, CPU 15.1864s)
Info    : Writing '/home/user/mscr-mom/현서/scripts/contact_scenarios/fea/lmphi_mesh_LM50_phiP60_s60.inp'...
Info    : Done writing '/home/user/mscr-mom/현서/scripts/contact_scenarios/fea/lmphi_mesh_LM50_phiP60_s60.inp'
  [LM50_phiP60] F_mag=0.0027mN  (977.0s)
[LM50_phiP60 7/10] L_M=50.0, phi=60.0, s=70.0mm, push_depth=0.1mm ...
Info    : Meshing 1D...
Info    : [  0%] Meshing curve 1 (BSpline)
Info    : [ 10%] Meshing curve 2 (Ellipse)
Info    : [ 20%] Meshing curve 3 (Ellipse)
Info    : [ 30%] Meshing curve 4 (BSpline)
Info    : [ 40%] Meshing curve 5 (BSpline)
Info    : [ 50%] Meshing curve 6 (BSpline)
Info    : [ 60%] Meshing curve 7 (BSpline)
Info    : [ 60%] Meshing curve 8 (BSpline)
Info    : [ 70%] Meshing curve 9 (BSpline)
Info    : [ 90%] Meshing curve 11 (Circle)
Info    : Done meshing 1D (Wall 0.0210505s, CPU 0.02105s)
Info    : Meshing 2D...
Info    : [  0%] Meshing surface 1 (Plane, Frontal-Delaunay)
Info    : [ 20%] Meshing surface 2 (Plane, Frontal-Delaunay)
Info    : [ 40%] Meshing surface 3 (BSpline surface, Frontal-Delaunay)
Info    : [ 60%] Meshing surface 4 (BSpline surface, Frontal-Delaunay)
Info    : [ 70%] Meshing surface 5 (Plane, Frontal-Delaunay)
Info    : [ 90%] Meshing surface 6 (Sphere, Frontal-Delaunay)
Info    : Done meshing 2D (Wall 0.792064s, CPU 0.791721s)
Info    : Meshing 3D...
Info    : 3D Meshing 2 volumes with 2 connected components
Info    : Tetrahedrizing 12545 nodes...
Info    : Done tetrahedrizing 12553 nodes (Wall 0.137344s, CPU 0.13228s)
Info    : Reconstructing mesh...
Info    :  - Creating surface mesh
Info    :  - Identifying boundary edges
Info    :  - Recovering boundary
Info    : Done reconstructing mesh (Wall 0.339039s, CPU 0.323735s)
Info    : Found volume 1
Info    : It. 0 - 0 nodes created - worst tet radius 1.0421 (nodes removed 0 0)
Info    : It. 500 - 500 nodes created - worst tet radius 1.00846 (nodes removed 0 0)
Info    : 3D refinement terminated (13332 nodes total):
Info    :  - 0 Delaunay cavities modified for star shapeness
Info    :  - 0 nodes could not be inserted
Info    :  - 43383 tetrahedra created in 0.0318952 sec. (1360174 tets/s)
Info    : 0 node relocations
Info    : Tetrahedrizing 131 nodes...
Info    : Done tetrahedrizing 139 nodes (Wall 0.000681619s, CPU 0.000682s)
Info    : Reconstructing mesh...
Info    :  - Creating surface mesh
Info    :  - Identifying boundary edges
Info    :  - Recovering boundary
Info    : Done reconstructing mesh (Wall 0.00179436s, CPU 0.001796s)
Info    : Found volume 2
Info    : It. 0 - 0 nodes created - worst tet radius 3.06078 (nodes removed 0 0)
Info    : 3D refinement terminated (12759 nodes total):
Info    :  - 0 Delaunay cavities modified for star shapeness
Info    :  - 0 nodes could not be inserted
Info    :  - 501 tetrahedra created in 0.00654979 sec. (76491 tets/s)
Info    : 0 node relocations
Info    : Done meshing 3D (Wall 0.66572s, CPU 0.65039s)
Info    : Optimizing mesh...
Info    : Optimizing volume 1
Info    : Optimization starts (volume = 235.583) with worst = 0.00303891 / average = 0.679716:
Info    : 0.00 < quality < 0.10 :       230 elements
Info    : 0.10 < quality < 0.20 :       472 elements
Info    : 0.20 < quality < 0.30 :       788 elements
Info    : 0.30 < quality < 0.40 :      1457 elements
Info    : 0.40 < quality < 0.50 :      2154 elements
Info    : 0.50 < quality < 0.60 :      3343 elements
Info    : 0.60 < quality < 0.70 :      9177 elements
Info    : 0.70 < quality < 0.80 :     21276 elements
Info    : 0.80 < quality < 0.90 :      2576 elements
Info    : 0.90 < quality < 1.00 :      1910 elements
Info    : 1428 edge swaps, 28 node relocations (volume = 235.583): worst = 0.0371509 / average = 0.697536 (Wall 0.0199315s, CPU 0.019932s)
Info    : 1503 edge swaps, 33 node relocations (volume = 235.583): worst = 0.196757 / average = 0.698329 (Wall 0.0254384s, CPU 0.025435s)
Info    : 1508 edge swaps, 33 node relocations (volume = 235.583): worst = 0.212879 / average = 0.698354 (Wall 0.0304628s, CPU 0.030445s)
Info    : No ill-shaped tets in the mesh :-)
Info    : 0.00 < quality < 0.10 :         0 elements
Info    : 0.10 < quality < 0.20 :         0 elements
Info    : 0.20 < quality < 0.30 :        17 elements
Info    : 0.30 < quality < 0.40 :      1442 elements
Info    : 0.40 < quality < 0.50 :      1819 elements
Info    : 0.50 < quality < 0.60 :      3507 elements
Info    : 0.60 < quality < 0.70 :      9705 elements
Info    : 0.70 < quality < 0.80 :     20887 elements
Info    : 0.80 < quality < 0.90 :      2794 elements
Info    : 0.90 < quality < 1.00 :      1918 elements
Info    : Optimizing volume 2
Info    : Optimization starts (volume = 0.256479) with worst = 0.0990927 / average = 0.760007:
Info    : 0.00 < quality < 0.10 :         1 elements
Info    : 0.10 < quality < 0.20 :         2 elements
Info    : 0.20 < quality < 0.30 :         1 elements
Info    : 0.30 < quality < 0.40 :         8 elements
Info    : 0.40 < quality < 0.50 :         7 elements
Info    : 0.50 < quality < 0.60 :        20 elements
Info    : 0.60 < quality < 0.70 :        77 elements
Info    : 0.70 < quality < 0.80 :       188 elements
Info    : 0.80 < quality < 0.90 :       147 elements
Info    : 0.90 < quality < 1.00 :        50 elements
Info    : 4 edge swaps, 0 node relocations (volume = 0.256479): worst = 0.308932 / average = 0.766092 (Wall 8.79341e-05s, CPU 8.9e-05s)
Info    : No ill-shaped tets in the mesh :-)
Info    : 0.00 < quality < 0.10 :         0 elements
Info    : 0.10 < quality < 0.20 :         0 elements
Info    : 0.20 < quality < 0.30 :         0 elements
Info    : 0.30 < quality < 0.40 :         7 elements
Info    : 0.40 < quality < 0.50 :         7 elements
Info    : 0.50 < quality < 0.60 :        19 elements
Info    : 0.60 < quality < 0.70 :        78 elements
Info    : 0.70 < quality < 0.80 :       190 elements
Info    : 0.80 < quality < 0.90 :       146 elements
Info    : 0.90 < quality < 1.00 :        50 elements
Info    : Done optimizing mesh (Wall 0.0675501s, CPU 0.067047s)
Info    : 13734 nodes 69162 elements
Info    : Meshing order 2 (curvilinear on)...
Info    : [  0%] Meshing curve 1 order 2
Info    : [ 10%] Meshing curve 2 order 2
Info    : [ 20%] Meshing curve 3 order 2
Info    : [ 20%] Meshing curve 4 order 2
Info    : [ 30%] Meshing curve 5 order 2
Info    : [ 30%] Meshing curve 6 order 2
Info    : [ 40%] Meshing curve 7 order 2
Info    : [ 40%] Meshing curve 8 order 2
Info    : [ 50%] Meshing curve 9 order 2
Info    : [ 50%] Meshing curve 10 order 2
Info    : [ 60%] Meshing curve 11 order 2
Info    : [ 60%] Meshing curve 12 order 2
Info    : [ 70%] Meshing surface 1 order 2
Info    : [ 70%] Meshing surface 2 order 2
Info    : [ 80%] Meshing surface 3 order 2
Info    : [ 80%] Meshing surface 4 order 2
Info    : [ 90%] Meshing surface 5 order 2
Info    : [ 90%] Meshing surface 6 order 2
Info    : [100%] Meshing volume 1 order 2
Info    : [100%] Meshing volume 2 order 2
Info    : Surface mesh: worst distortion = 0.797589 (0 elements in ]0, 0.2]); worst gamma = 0.320478
Info    : Volume mesh: worst distortion = 0.270761 (0 elements in ]0, 0.2])
Info    : Done meshing order 2 (Wall 15.3049s, CPU 15.2935s)
Info    : Writing '/home/user/mscr-mom/현서/scripts/contact_scenarios/fea/lmphi_mesh_LM50_phiP60_s70.inp'...
Info    : Done writing '/home/user/mscr-mom/현서/scripts/contact_scenarios/fea/lmphi_mesh_LM50_phiP60_s70.inp'
  [LM50_phiP60] [실패] (703.8s)
[LM50_phiP60 8/10] L_M=50.0, phi=60.0, s=80.0mm, push_depth=0.1mm ...
Info    : Meshing 1D...
Info    : [  0%] Meshing curve 1 (BSpline)
Info    : [ 10%] Meshing curve 2 (Ellipse)
Info    : [ 20%] Meshing curve 3 (Ellipse)
Info    : [ 30%] Meshing curve 4 (BSpline)
Info    : [ 40%] Meshing curve 5 (BSpline)
Info    : [ 50%] Meshing curve 6 (BSpline)
Info    : [ 60%] Meshing curve 7 (BSpline)
Info    : [ 60%] Meshing curve 8 (BSpline)
Info    : [ 70%] Meshing curve 9 (BSpline)
Info    : [ 90%] Meshing curve 11 (Circle)
Info    : Done meshing 1D (Wall 0.0210429s, CPU 0.020993s)
Info    : Meshing 2D...
Info    : [  0%] Meshing surface 1 (Plane, Frontal-Delaunay)
Info    : [ 20%] Meshing surface 2 (Plane, Frontal-Delaunay)
Info    : [ 40%] Meshing surface 3 (BSpline surface, Frontal-Delaunay)
Info    : [ 60%] Meshing surface 4 (BSpline surface, Frontal-Delaunay)
Info    : [ 70%] Meshing surface 5 (Plane, Frontal-Delaunay)
Info    : [ 90%] Meshing surface 6 (Sphere, Frontal-Delaunay)
Info    : Done meshing 2D (Wall 0.755628s, CPU 0.755577s)
Info    : Meshing 3D...
Info    : 3D Meshing 2 volumes with 2 connected components
Info    : Tetrahedrizing 12545 nodes...
Info    : Done tetrahedrizing 12553 nodes (Wall 0.138827s, CPU 0.133826s)
Info    : Reconstructing mesh...
Info    :  - Creating surface mesh
Info    :  - Identifying boundary edges
Info    :  - Recovering boundary
Info    : Done reconstructing mesh (Wall 0.345699s, CPU 0.331694s)
Info    : Found volume 1
Info    : It. 0 - 0 nodes created - worst tet radius 1.0421 (nodes removed 0 0)
Info    : It. 500 - 500 nodes created - worst tet radius 1.00846 (nodes removed 0 0)
Info    : 3D refinement terminated (13332 nodes total):
Info    :  - 0 Delaunay cavities modified for star shapeness
Info    :  - 0 nodes could not be inserted
Info    :  - 43383 tetrahedra created in 0.0331436 sec. (1308941 tets/s)
Info    : 0 node relocations
Info    : Tetrahedrizing 131 nodes...
Info    : Done tetrahedrizing 139 nodes (Wall 0.000790545s, CPU 0.000791s)
Info    : Reconstructing mesh...
Info    :  - Creating surface mesh
Info    :  - Identifying boundary edges
Info    :  - Recovering boundary
Info    : Done reconstructing mesh (Wall 0.00191366s, CPU 0.001916s)
Info    : Found volume 2
Info    : It. 0 - 0 nodes created - worst tet radius 3.06078 (nodes removed 0 0)
Info    : 3D refinement terminated (12759 nodes total):
Info    :  - 0 Delaunay cavities modified for star shapeness
Info    :  - 0 nodes could not be inserted
Info    :  - 501 tetrahedra created in 0.00312412 sec. (160364 tets/s)
Info    : 0 node relocations
Info    : Done meshing 3D (Wall 0.653256s, CPU 0.639226s)
Info    : Optimizing mesh...
Info    : Optimizing volume 1
Info    : Optimization starts (volume = 235.583) with worst = 0.00303891 / average = 0.679716:
Info    : 0.00 < quality < 0.10 :       230 elements
Info    : 0.10 < quality < 0.20 :       472 elements
Info    : 0.20 < quality < 0.30 :       788 elements
Info    : 0.30 < quality < 0.40 :      1457 elements
Info    : 0.40 < quality < 0.50 :      2154 elements
Info    : 0.50 < quality < 0.60 :      3343 elements
Info    : 0.60 < quality < 0.70 :      9177 elements
Info    : 0.70 < quality < 0.80 :     21276 elements
Info    : 0.80 < quality < 0.90 :      2576 elements
Info    : 0.90 < quality < 1.00 :      1910 elements
Info    : 1428 edge swaps, 28 node relocations (volume = 235.583): worst = 0.0371509 / average = 0.697536 (Wall 0.0155075s, CPU 0.015501s)
Info    : 1503 edge swaps, 33 node relocations (volume = 235.583): worst = 0.196757 / average = 0.698329 (Wall 0.0191868s, CPU 0.019182s)
Info    : 1508 edge swaps, 33 node relocations (volume = 235.583): worst = 0.212879 / average = 0.698354 (Wall 0.021571s, CPU 0.021568s)
Info    : No ill-shaped tets in the mesh :-)
Info    : 0.00 < quality < 0.10 :         0 elements
Info    : 0.10 < quality < 0.20 :         0 elements
Info    : 0.20 < quality < 0.30 :        17 elements
Info    : 0.30 < quality < 0.40 :      1442 elements
Info    : 0.40 < quality < 0.50 :      1819 elements
Info    : 0.50 < quality < 0.60 :      3507 elements
Info    : 0.60 < quality < 0.70 :      9705 elements
Info    : 0.70 < quality < 0.80 :     20887 elements
Info    : 0.80 < quality < 0.90 :      2794 elements
Info    : 0.90 < quality < 1.00 :      1918 elements
Info    : Optimizing volume 2
Info    : Optimization starts (volume = 0.256479) with worst = 0.0990927 / average = 0.760007:
Info    : 0.00 < quality < 0.10 :         1 elements
Info    : 0.10 < quality < 0.20 :         2 elements
Info    : 0.20 < quality < 0.30 :         1 elements
Info    : 0.30 < quality < 0.40 :         8 elements
Info    : 0.40 < quality < 0.50 :         7 elements
Info    : 0.50 < quality < 0.60 :        20 elements
Info    : 0.60 < quality < 0.70 :        77 elements
Info    : 0.70 < quality < 0.80 :       188 elements
Info    : 0.80 < quality < 0.90 :       147 elements
Info    : 0.90 < quality < 1.00 :        50 elements
Info    : 4 edge swaps, 0 node relocations (volume = 0.256479): worst = 0.308932 / average = 0.766092 (Wall 8.84146e-05s, CPU 9e-05s)
Info    : No ill-shaped tets in the mesh :-)
Info    : 0.00 < quality < 0.10 :         0 elements
Info    : 0.10 < quality < 0.20 :         0 elements
Info    : 0.20 < quality < 0.30 :         0 elements
Info    : 0.30 < quality < 0.40 :         7 elements
Info    : 0.40 < quality < 0.50 :         7 elements
Info    : 0.50 < quality < 0.60 :        19 elements
Info    : 0.60 < quality < 0.70 :        78 elements
Info    : 0.70 < quality < 0.80 :       190 elements
Info    : 0.80 < quality < 0.90 :       146 elements
Info    : 0.90 < quality < 1.00 :        50 elements
Info    : Done optimizing mesh (Wall 0.0549391s, CPU 0.054922s)
Info    : 13734 nodes 69162 elements
Info    : Meshing order 2 (curvilinear on)...
Info    : [  0%] Meshing curve 1 order 2
Info    : [ 10%] Meshing curve 2 order 2
Info    : [ 20%] Meshing curve 3 order 2
Info    : [ 20%] Meshing curve 4 order 2
Info    : [ 30%] Meshing curve 5 order 2
Info    : [ 30%] Meshing curve 6 order 2
Info    : [ 40%] Meshing curve 7 order 2
Info    : [ 40%] Meshing curve 8 order 2
Info    : [ 50%] Meshing curve 9 order 2
Info    : [ 50%] Meshing curve 10 order 2
Info    : [ 60%] Meshing curve 11 order 2
Info    : [ 60%] Meshing curve 12 order 2
Info    : [ 70%] Meshing surface 1 order 2
Info    : [ 70%] Meshing surface 2 order 2
Info    : [ 80%] Meshing surface 3 order 2
Info    : [ 80%] Meshing surface 4 order 2
Info    : [ 90%] Meshing surface 5 order 2
Info    : [ 90%] Meshing surface 6 order 2
Info    : [100%] Meshing volume 1 order 2
Info    : [100%] Meshing volume 2 order 2
Info    : Surface mesh: worst distortion = 0.797589 (0 elements in ]0, 0.2]); worst gamma = 0.320478
Info    : Volume mesh: worst distortion = 0.270761 (0 elements in ]0, 0.2])
Info    : Done meshing order 2 (Wall 15.4784s, CPU 15.4676s)
Info    : Writing '/home/user/mscr-mom/현서/scripts/contact_scenarios/fea/lmphi_mesh_LM50_phiP60_s80.inp'...
Info    : Done writing '/home/user/mscr-mom/현서/scripts/contact_scenarios/fea/lmphi_mesh_LM50_phiP60_s80.inp'
  [LM50_phiP60] F_mag=0.0008mN  (373.2s)
[LM50_phiP60 9/10] L_M=50.0, phi=60.0, s=90.0mm, push_depth=0.1mm ...
Info    : Meshing 1D...
Info    : [  0%] Meshing curve 1 (BSpline)
Info    : [ 10%] Meshing curve 2 (Ellipse)
Info    : [ 20%] Meshing curve 3 (Ellipse)
Info    : [ 30%] Meshing curve 4 (BSpline)
Info    : [ 40%] Meshing curve 5 (BSpline)
Info    : [ 50%] Meshing curve 6 (BSpline)
Info    : [ 60%] Meshing curve 7 (BSpline)
Info    : [ 60%] Meshing curve 8 (BSpline)
Info    : [ 70%] Meshing curve 9 (BSpline)
Info    : [ 90%] Meshing curve 11 (Circle)
Info    : Done meshing 1D (Wall 0.021016s, CPU 0.020995s)
Info    : Meshing 2D...
Info    : [  0%] Meshing surface 1 (Plane, Frontal-Delaunay)
Info    : [ 20%] Meshing surface 2 (Plane, Frontal-Delaunay)
Info    : [ 40%] Meshing surface 3 (BSpline surface, Frontal-Delaunay)
Info    : [ 60%] Meshing surface 4 (BSpline surface, Frontal-Delaunay)
Info    : [ 70%] Meshing surface 5 (Plane, Frontal-Delaunay)
Info    : [ 90%] Meshing surface 6 (Sphere, Frontal-Delaunay)
Info    : Done meshing 2D (Wall 0.751595s, CPU 0.751558s)
Info    : Meshing 3D...
Info    : 3D Meshing 2 volumes with 2 connected components
Info    : Tetrahedrizing 12545 nodes...
Info    : Done tetrahedrizing 12553 nodes (Wall 0.135759s, CPU 0.12976s)
Info    : Reconstructing mesh...
Info    :  - Creating surface mesh
Info    :  - Identifying boundary edges
Info    :  - Recovering boundary
Info    : Done reconstructing mesh (Wall 0.331736s, CPU 0.315698s)
Info    : Found volume 1
Info    : It. 0 - 0 nodes created - worst tet radius 1.0421 (nodes removed 0 0)
Info    : It. 500 - 500 nodes created - worst tet radius 1.00846 (nodes removed 0 0)
Info    : 3D refinement terminated (13332 nodes total):
Info    :  - 0 Delaunay cavities modified for star shapeness
Info    :  - 0 nodes could not be inserted
Info    :  - 43383 tetrahedra created in 0.0247403 sec. (1753536 tets/s)
Info    : 0 node relocations
Info    : Tetrahedrizing 131 nodes...
Info    : Done tetrahedrizing 139 nodes (Wall 0.00067562s, CPU 0.000675s)
Info    : Reconstructing mesh...
Info    :  - Creating surface mesh
Info    :  - Identifying boundary edges
Info    :  - Recovering boundary
Info    : Done reconstructing mesh (Wall 0.00162625s, CPU 0.001629s)
Info    : Found volume 2
Info    : It. 0 - 0 nodes created - worst tet radius 3.06078 (nodes removed 0 0)
Info    : 3D refinement terminated (12759 nodes total):
Info    :  - 0 Delaunay cavities modified for star shapeness
Info    :  - 0 nodes could not be inserted
Info    :  - 501 tetrahedra created in 0.00242223 sec. (206833 tets/s)
Info    : 0 node relocations
Info    : Done meshing 3D (Wall 0.608631s, CPU 0.591589s)
Info    : Optimizing mesh...
Info    : Optimizing volume 1
Info    : Optimization starts (volume = 235.583) with worst = 0.00303891 / average = 0.679716:
Info    : 0.00 < quality < 0.10 :       230 elements
Info    : 0.10 < quality < 0.20 :       472 elements
Info    : 0.20 < quality < 0.30 :       788 elements
Info    : 0.30 < quality < 0.40 :      1457 elements
Info    : 0.40 < quality < 0.50 :      2154 elements
Info    : 0.50 < quality < 0.60 :      3343 elements
Info    : 0.60 < quality < 0.70 :      9177 elements
Info    : 0.70 < quality < 0.80 :     21276 elements
Info    : 0.80 < quality < 0.90 :      2576 elements
Info    : 0.90 < quality < 1.00 :      1910 elements
Info    : 1428 edge swaps, 28 node relocations (volume = 235.583): worst = 0.0371509 / average = 0.697536 (Wall 0.0155849s, CPU 0.015583s)
Info    : 1503 edge swaps, 33 node relocations (volume = 235.583): worst = 0.196757 / average = 0.698329 (Wall 0.0184149s, CPU 0.018415s)
Info    : 1508 edge swaps, 33 node relocations (volume = 235.583): worst = 0.212879 / average = 0.698354 (Wall 0.0204642s, CPU 0.020464s)
Info    : No ill-shaped tets in the mesh :-)
Info    : 0.00 < quality < 0.10 :         0 elements
Info    : 0.10 < quality < 0.20 :         0 elements
Info    : 0.20 < quality < 0.30 :        17 elements
Info    : 0.30 < quality < 0.40 :      1442 elements
Info    : 0.40 < quality < 0.50 :      1819 elements
Info    : 0.50 < quality < 0.60 :      3507 elements
Info    : 0.60 < quality < 0.70 :      9705 elements
Info    : 0.70 < quality < 0.80 :     20887 elements
Info    : 0.80 < quality < 0.90 :      2794 elements
Info    : 0.90 < quality < 1.00 :      1918 elements
Info    : Optimizing volume 2
Info    : Optimization starts (volume = 0.256479) with worst = 0.0990927 / average = 0.760007:
Info    : 0.00 < quality < 0.10 :         1 elements
Info    : 0.10 < quality < 0.20 :         2 elements
Info    : 0.20 < quality < 0.30 :         1 elements
Info    : 0.30 < quality < 0.40 :         8 elements
Info    : 0.40 < quality < 0.50 :         7 elements
Info    : 0.50 < quality < 0.60 :        20 elements
Info    : 0.60 < quality < 0.70 :        77 elements
Info    : 0.70 < quality < 0.80 :       188 elements
Info    : 0.80 < quality < 0.90 :       147 elements
Info    : 0.90 < quality < 1.00 :        50 elements
Info    : 4 edge swaps, 0 node relocations (volume = 0.256479): worst = 0.308932 / average = 0.766092 (Wall 8.53501e-05s, CPU 8.6e-05s)
Info    : No ill-shaped tets in the mesh :-)
Info    : 0.00 < quality < 0.10 :         0 elements
Info    : 0.10 < quality < 0.20 :         0 elements
Info    : 0.20 < quality < 0.30 :         0 elements
Info    : 0.30 < quality < 0.40 :         7 elements
Info    : 0.40 < quality < 0.50 :         7 elements
Info    : 0.50 < quality < 0.60 :        19 elements
Info    : 0.60 < quality < 0.70 :        78 elements
Info    : 0.70 < quality < 0.80 :       190 elements
Info    : 0.80 < quality < 0.90 :       146 elements
Info    : 0.90 < quality < 1.00 :        50 elements
Info    : Done optimizing mesh (Wall 0.0449298s, CPU 0.044926s)
Info    : 13734 nodes 69162 elements
Info    : Meshing order 2 (curvilinear on)...
Info    : [  0%] Meshing curve 1 order 2
Info    : [ 10%] Meshing curve 2 order 2
Info    : [ 20%] Meshing curve 3 order 2
Info    : [ 20%] Meshing curve 4 order 2
Info    : [ 30%] Meshing curve 5 order 2
Info    : [ 30%] Meshing curve 6 order 2
Info    : [ 40%] Meshing curve 7 order 2
Info    : [ 40%] Meshing curve 8 order 2
Info    : [ 50%] Meshing curve 9 order 2
Info    : [ 50%] Meshing curve 10 order 2
Info    : [ 60%] Meshing curve 11 order 2
Info    : [ 60%] Meshing curve 12 order 2
Info    : [ 70%] Meshing surface 1 order 2
Info    : [ 70%] Meshing surface 2 order 2
Info    : [ 80%] Meshing surface 3 order 2
Info    : [ 80%] Meshing surface 4 order 2
Info    : [ 90%] Meshing surface 5 order 2
Info    : [ 90%] Meshing surface 6 order 2
Info    : [100%] Meshing volume 1 order 2
Info    : [100%] Meshing volume 2 order 2
Info    : Surface mesh: worst distortion = 0.797589 (0 elements in ]0, 0.2]); worst gamma = 0.320478
Info    : Volume mesh: worst distortion = 0.270761 (0 elements in ]0, 0.2])
Info    : Done meshing order 2 (Wall 15.2378s, CPU 15.2337s)
Info    : Writing '/home/user/mscr-mom/현서/scripts/contact_scenarios/fea/lmphi_mesh_LM50_phiP60_s90.inp'...
Info    : Done writing '/home/user/mscr-mom/현서/scripts/contact_scenarios/fea/lmphi_mesh_LM50_phiP60_s90.inp'
  [LM50_phiP60] [실패] (845.8s)
[LM50_phiP60 10/10] L_M=50.0, phi=60.0, s=100.0mm, push_depth=0.1mm ...
Info    : Meshing 1D...
Info    : [  0%] Meshing curve 1 (BSpline)
Info    : [ 10%] Meshing curve 2 (Ellipse)
Info    : [ 20%] Meshing curve 3 (Ellipse)
Info    : [ 30%] Meshing curve 4 (BSpline)
Info    : [ 40%] Meshing curve 5 (BSpline)
Info    : [ 50%] Meshing curve 6 (BSpline)
Info    : [ 60%] Meshing curve 7 (BSpline)
Info    : [ 60%] Meshing curve 8 (BSpline)
Info    : [ 70%] Meshing curve 9 (BSpline)
Info    : [ 90%] Meshing curve 11 (Circle)
Info    : Done meshing 1D (Wall 0.0203305s, CPU 0.02028s)
Info    : Meshing 2D...
Info    : [  0%] Meshing surface 1 (Plane, Frontal-Delaunay)
Info    : [ 20%] Meshing surface 2 (Plane, Frontal-Delaunay)
Info    : [ 40%] Meshing surface 3 (BSpline surface, Frontal-Delaunay)
Info    : [ 60%] Meshing surface 4 (BSpline surface, Frontal-Delaunay)
Info    : [ 70%] Meshing surface 5 (Plane, Frontal-Delaunay)
Info    : [ 90%] Meshing surface 6 (Sphere, Frontal-Delaunay)
Info    : Done meshing 2D (Wall 0.754499s, CPU 0.754463s)
Info    : Meshing 3D...
Info    : 3D Meshing 2 volumes with 2 connected components
Info    : Tetrahedrizing 12545 nodes...
Info    : Done tetrahedrizing 12553 nodes (Wall 0.141653s, CPU 0.138651s)
Info    : Reconstructing mesh...
Info    :  - Creating surface mesh
Info    :  - Identifying boundary edges
Info    :  - Recovering boundary
Info    : Done reconstructing mesh (Wall 0.371207s, CPU 0.356162s)
Info    : Found volume 1
Info    : It. 0 - 0 nodes created - worst tet radius 1.0421 (nodes removed 0 0)
Info    : It. 500 - 500 nodes created - worst tet radius 1.00846 (nodes removed 0 0)
Info    : 3D refinement terminated (13332 nodes total):
Info    :  - 0 Delaunay cavities modified for star shapeness
Info    :  - 0 nodes could not be inserted
Info    :  - 43383 tetrahedra created in 0.0355107 sec. (1221686 tets/s)
Info    : 0 node relocations
Info    : Tetrahedrizing 131 nodes...
Info    : Done tetrahedrizing 139 nodes (Wall 0.000719277s, CPU 0.000721s)
Info    : Reconstructing mesh...
Info    :  - Creating surface mesh
Info    :  - Identifying boundary edges
Info    :  - Recovering boundary
Info    : Done reconstructing mesh (Wall 0.00188085s, CPU 0.001883s)
Info    : Found volume 2
Info    : It. 0 - 0 nodes created - worst tet radius 3.06078 (nodes removed 0 0)
Info    : 3D refinement terminated (12759 nodes total):
Info    :  - 0 Delaunay cavities modified for star shapeness
Info    :  - 0 nodes could not be inserted
Info    :  - 501 tetrahedra created in 0.0063145 sec. (79341 tets/s)
Info    : 0 node relocations
Info    : Done meshing 3D (Wall 0.701177s, CPU 0.686085s)
Info    : Optimizing mesh...
Info    : Optimizing volume 1
Info    : Optimization starts (volume = 235.583) with worst = 0.00303891 / average = 0.679716:
Info    : 0.00 < quality < 0.10 :       230 elements
Info    : 0.10 < quality < 0.20 :       472 elements
Info    : 0.20 < quality < 0.30 :       788 elements
Info    : 0.30 < quality < 0.40 :      1457 elements
Info    : 0.40 < quality < 0.50 :      2154 elements
Info    : 0.50 < quality < 0.60 :      3343 elements
Info    : 0.60 < quality < 0.70 :      9177 elements
Info    : 0.70 < quality < 0.80 :     21276 elements
Info    : 0.80 < quality < 0.90 :      2576 elements
Info    : 0.90 < quality < 1.00 :      1910 elements
Info    : 1428 edge swaps, 28 node relocations (volume = 235.583): worst = 0.0371509 / average = 0.697536 (Wall 0.0177132s, CPU 0.017713s)
Info    : 1503 edge swaps, 33 node relocations (volume = 235.583): worst = 0.196757 / average = 0.698329 (Wall 0.0216626s, CPU 0.021663s)
Info    : 1508 edge swaps, 33 node relocations (volume = 235.583): worst = 0.212879 / average = 0.698354 (Wall 0.0244027s, CPU 0.024403s)
Info    : No ill-shaped tets in the mesh :-)
Info    : 0.00 < quality < 0.10 :         0 elements
Info    : 0.10 < quality < 0.20 :         0 elements
Info    : 0.20 < quality < 0.30 :        17 elements
Info    : 0.30 < quality < 0.40 :      1442 elements
Info    : 0.40 < quality < 0.50 :      1819 elements
Info    : 0.50 < quality < 0.60 :      3507 elements
Info    : 0.60 < quality < 0.70 :      9705 elements
Info    : 0.70 < quality < 0.80 :     20887 elements
Info    : 0.80 < quality < 0.90 :      2794 elements
Info    : 0.90 < quality < 1.00 :      1918 elements
Info    : Optimizing volume 2
Info    : Optimization starts (volume = 0.256479) with worst = 0.0990927 / average = 0.760007:
Info    : 0.00 < quality < 0.10 :         1 elements
Info    : 0.10 < quality < 0.20 :         2 elements
Info    : 0.20 < quality < 0.30 :         1 elements
Info    : 0.30 < quality < 0.40 :         8 elements
Info    : 0.40 < quality < 0.50 :         7 elements
Info    : 0.50 < quality < 0.60 :        20 elements
Info    : 0.60 < quality < 0.70 :        77 elements
Info    : 0.70 < quality < 0.80 :       188 elements
Info    : 0.80 < quality < 0.90 :       147 elements
Info    : 0.90 < quality < 1.00 :        50 elements
Info    : 4 edge swaps, 0 node relocations (volume = 0.256479): worst = 0.308932 / average = 0.766092 (Wall 9.7048e-05s, CPU 9.9e-05s)
Info    : No ill-shaped tets in the mesh :-)
Info    : 0.00 < quality < 0.10 :         0 elements
Info    : 0.10 < quality < 0.20 :         0 elements
Info    : 0.20 < quality < 0.30 :         0 elements
Info    : 0.30 < quality < 0.40 :         7 elements
Info    : 0.40 < quality < 0.50 :         7 elements
Info    : 0.50 < quality < 0.60 :        19 elements
Info    : 0.60 < quality < 0.70 :        78 elements
Info    : 0.70 < quality < 0.80 :       190 elements
Info    : 0.80 < quality < 0.90 :       146 elements
Info    : 0.90 < quality < 1.00 :        50 elements
Info    : Done optimizing mesh (Wall 0.0545163s, CPU 0.053514s)
Info    : 13734 nodes 69162 elements
Info    : Meshing order 2 (curvilinear on)...
Info    : [  0%] Meshing curve 1 order 2
Info    : [ 10%] Meshing curve 2 order 2
Info    : [ 20%] Meshing curve 3 order 2
Info    : [ 20%] Meshing curve 4 order 2
Info    : [ 30%] Meshing curve 5 order 2
Info    : [ 30%] Meshing curve 6 order 2
Info    : [ 40%] Meshing curve 7 order 2
Info    : [ 40%] Meshing curve 8 order 2
Info    : [ 50%] Meshing curve 9 order 2
Info    : [ 50%] Meshing curve 10 order 2
Info    : [ 60%] Meshing curve 11 order 2
Info    : [ 60%] Meshing curve 12 order 2
Info    : [ 70%] Meshing surface 1 order 2
Info    : [ 70%] Meshing surface 2 order 2
Info    : [ 80%] Meshing surface 3 order 2
Info    : [ 80%] Meshing surface 4 order 2
Info    : [ 90%] Meshing surface 5 order 2
Info    : [ 90%] Meshing surface 6 order 2
Info    : [100%] Meshing volume 1 order 2
Info    : [100%] Meshing volume 2 order 2
Info    : Surface mesh: worst distortion = 0.797589 (0 elements in ]0, 0.2]); worst gamma = 0.320478
Info    : Volume mesh: worst distortion = 0.270761 (0 elements in ]0, 0.2])
Info    : Done meshing order 2 (Wall 15.5031s, CPU 15.4959s)
Info    : Writing '/home/user/mscr-mom/현서/scripts/contact_scenarios/fea/lmphi_mesh_LM50_phiP60_s100.inp'...
Info    : Done writing '/home/user/mscr-mom/현서/scripts/contact_scenarios/fea/lmphi_mesh_LM50_phiP60_s100.inp'
  [LM50_phiP60] [실패] (699.9s)
[LM50_phiP60] 완료: 5/10 성공
