Info    : Meshing 1D...
Info    : [  0%] Meshing curve 1 (BSpline)
Info    : [ 10%] Meshing curve 2 (Ellipse)
Info    : [ 20%] Meshing curve 3 (Ellipse)
Info    : [ 30%] Meshing curve 4 (BSpline)
Info    : [ 40%] Meshing curve 5 (BSpline)
Info    : [ 50%] Meshing curve 6 (BSpline)
Info    : [ 60%] Meshing curve 7 (BSpline)
Info    : [ 60%] Meshing curve 8 (BSpline)
Info    : [ 70%] Meshing curve 9 (BSpline)
Info    : [ 90%] Meshing curve 11 (Circle)
Info    : Done meshing 1D (Wall 0.0196448s, CPU 0.019645s)
Info    : Meshing 2D...
Info    : [  0%] Meshing surface 1 (Plane, Frontal-Delaunay)
Info    : [ 20%] Meshing surface 2 (Plane, Frontal-Delaunay)
Info    : [ 40%] Meshing surface 3 (BSpline surface, Frontal-Delaunay)
Info    : [ 60%] Meshing surface 4 (BSpline surface, Frontal-Delaunay)
Info    : [ 70%] Meshing surface 5 (Plane, Frontal-Delaunay)
Info    : [ 90%] Meshing surface 6 (Sphere, Frontal-Delaunay)
Info    : Done meshing 2D (Wall 0.72941s, CPU 0.72626s)
Info    : Meshing 3D...
Info    : 3D Meshing 2 volumes with 2 connected components
Info    : Tetrahedrizing 12505 nodes...
Info    : Done tetrahedrizing 12513 nodes (Wall 0.152307s, CPU 0.145369s)
Info    : Reconstructing mesh...
Info    :  - Creating surface mesh
Info    :  - Identifying boundary edges
Info    :  - Recovering boundary
Info    : Done reconstructing mesh (Wall 0.40397s, CPU 0.382964s)
Info    : Found volume 1
Info    : It. 0 - 0 nodes created - worst tet radius 1.0515 (nodes removed 0 0)
Info    : 3D refinement terminated (13147 nodes total):
Info    :  - 0 Delaunay cavities modified for star shapeness
Info    :  - 0 nodes could not be inserted
Info    :  - 41706 tetrahedra created in 0.0201678 sec. (2067945 tets/s)
Info    : 0 node relocations
Info    : Tetrahedrizing 132 nodes...
Info    : Done tetrahedrizing 140 nodes (Wall 0.000734931s, CPU 0.000735s)
Info    : Reconstructing mesh...
Info    :  - Creating surface mesh
Info    :  - Identifying boundary edges
Info    :  - Recovering boundary
Info    : Done reconstructing mesh (Wall 0.00160532s, CPU 0.001597s)
Info    : Found volume 2
Info    : It. 0 - 0 nodes created - worst tet radius 3.18538 (nodes removed 0 0)
Info    : 3D refinement terminated (12717 nodes total):
Info    :  - 0 Delaunay cavities modified for star shapeness
Info    :  - 0 nodes could not be inserted
Info    :  - 486 tetrahedra created in 0.00263159 sec. (184678 tets/s)
Info    : 0 node relocations
Info    : Done meshing 3D (Wall 0.712137s, CPU 0.688957s)
Info    : Optimizing mesh...
Info    : Optimizing volume 1
Info    : Optimization starts (volume = 235.669) with worst = 0.00124831 / average = 0.684846:
Info    : 0.00 < quality < 0.10 :       222 elements
Info    : 0.10 < quality < 0.20 :       344 elements
Info    : 0.20 < quality < 0.30 :       549 elements
Info    : 0.30 < quality < 0.40 :       775 elements
Info    : 0.40 < quality < 0.50 :      1120 elements
Info    : 0.50 < quality < 0.60 :      3456 elements
Info    : 0.60 < quality < 0.70 :     11617 elements
Info    : 0.70 < quality < 0.80 :     20244 elements
Info    : 0.80 < quality < 0.90 :      1860 elements
Info    : 0.90 < quality < 1.00 :      1519 elements
Info    : 1057 edge swaps, 15 node relocations (volume = 235.669): worst = 0.0669583 / average = 0.699866 (Wall 0.0181864s, CPU 0.018187s)
Info    : 1101 edge swaps, 16 node relocations (volume = 235.669): worst = 0.12952 / average = 0.700368 (Wall 0.0220723s, CPU 0.022073s)
Info    : 1106 edge swaps, 16 node relocations (volume = 235.669): worst = 0.165185 / average = 0.70041 (Wall 0.0250304s, CPU 0.025032s)
Info    : No ill-shaped tets in the mesh :-)
Info    : 0.00 < quality < 0.10 :         0 elements
Info    : 0.10 < quality < 0.20 :         1 elements
Info    : 0.20 < quality < 0.30 :         6 elements
Info    : 0.30 < quality < 0.40 :       608 elements
Info    : 0.40 < quality < 0.50 :       974 elements
Info    : 0.50 < quality < 0.60 :      3571 elements
Info    : 0.60 < quality < 0.70 :     11983 elements
Info    : 0.70 < quality < 0.80 :     20003 elements
Info    : 0.80 < quality < 0.90 :      2029 elements
Info    : 0.90 < quality < 1.00 :      1519 elements
Info    : Optimizing volume 2
Info    : Optimization starts (volume = 0.256519) with worst = 0.162413 / average = 0.754081:
Info    : 0.00 < quality < 0.10 :         0 elements
Info    : 0.10 < quality < 0.20 :         1 elements
Info    : 0.20 < quality < 0.30 :         7 elements
Info    : 0.30 < quality < 0.40 :         9 elements
Info    : 0.40 < quality < 0.50 :        13 elements
Info    : 0.50 < quality < 0.60 :        19 elements
Info    : 0.60 < quality < 0.70 :        69 elements
Info    : 0.70 < quality < 0.80 :       185 elements
Info    : 0.80 < quality < 0.90 :       133 elements
Info    : 0.90 < quality < 1.00 :        50 elements
Info    : 8 edge swaps, 0 node relocations (volume = 0.256519): worst = 0.302446 / average = 0.763547 (Wall 0.000115756s, CPU 0.000118s)
Info    : No ill-shaped tets in the mesh :-)
Info    : 0.00 < quality < 0.10 :         0 elements
Info    : 0.10 < quality < 0.20 :         0 elements
Info    : 0.20 < quality < 0.30 :         0 elements
Info    : 0.30 < quality < 0.40 :        10 elements
Info    : 0.40 < quality < 0.50 :        10 elements
Info    : 0.50 < quality < 0.60 :        17 elements
Info    : 0.60 < quality < 0.70 :        72 elements
Info    : 0.70 < quality < 0.80 :       185 elements
Info    : 0.80 < quality < 0.90 :       135 elements
Info    : 0.90 < quality < 1.00 :        50 elements
Info    : Done optimizing mesh (Wall 0.0588115s, CPU 0.058799s)
Info    : 13546 nodes 67680 elements
Info    : Meshing order 2 (curvilinear on)...
Info    : [  0%] Meshing curve 1 order 2
Info    : [ 10%] Meshing curve 2 order 2
Info    : [ 20%] Meshing curve 3 order 2
Info    : [ 20%] Meshing curve 4 order 2
Info    : [ 30%] Meshing curve 5 order 2
Info    : [ 30%] Meshing curve 6 order 2
Info    : [ 40%] Meshing curve 7 order 2
Info    : [ 40%] Meshing curve 8 order 2
Info    : [ 50%] Meshing curve 9 order 2
Info    : [ 50%] Meshing curve 10 order 2
Info    : [ 60%] Meshing curve 11 order 2
Info    : [ 60%] Meshing curve 12 order 2
Info    : [ 70%] Meshing surface 1 order 2
Info    : [ 70%] Meshing surface 2 order 2
Info    : [ 80%] Meshing surface 3 order 2
Info    : [ 80%] Meshing surface 4 order 2
Info    : [ 90%] Meshing surface 5 order 2
Info    : [ 90%] Meshing surface 6 order 2
Info    : [100%] Meshing volume 1 order 2
Info    : [100%] Meshing volume 2 order 2
Info    : Surface mesh: worst distortion = 0.797589 (0 elements in ]0, 0.2]); worst gamma = 0.633891
Info    : Volume mesh: worst distortion = 0.240172 (0 elements in ]0, 0.2])
Info    : Done meshing order 2 (Wall 13.635s, CPU 13.5792s)
Info    : Writing '/home/user/mscr-mom/현서/scripts/contact_scenarios/fea/retry_geom_mesh_LM75_phiN120_s50.inp'...
Info    : Done writing '/home/user/mscr-mom/현서/scripts/contact_scenarios/fea/retry_geom_mesh_LM75_phiN120_s50.inp'
[retry LM75_phiN120 1/3] s=50.0mm, depth=0.1mm ...
  [retry LM75_phiN120] [실패] (870.2s)
[retry LM75_phiN120 2/3] s=50.0mm, depth=0.15mm ...
  [retry LM75_phiN120] F_mag=0.0033mN  (725.9s)
Info    : Meshing 1D...
Info    : [  0%] Meshing curve 1 (BSpline)
Info    : [ 10%] Meshing curve 2 (Ellipse)
Info    : [ 20%] Meshing curve 3 (Ellipse)
Info    : [ 30%] Meshing curve 4 (BSpline)
Info    : [ 40%] Meshing curve 5 (BSpline)
Info    : [ 50%] Meshing curve 6 (BSpline)
Info    : [ 60%] Meshing curve 7 (BSpline)
Info    : [ 60%] Meshing curve 8 (BSpline)
Info    : [ 70%] Meshing curve 9 (BSpline)
Info    : [ 90%] Meshing curve 11 (Circle)
Info    : Done meshing 1D (Wall 0.0197692s, CPU 0.019769s)
Info    : Meshing 2D...
Info    : [  0%] Meshing surface 1 (Plane, Frontal-Delaunay)
Info    : [ 20%] Meshing surface 2 (Plane, Frontal-Delaunay)
Info    : [ 40%] Meshing surface 3 (BSpline surface, Frontal-Delaunay)
Info    : [ 60%] Meshing surface 4 (BSpline surface, Frontal-Delaunay)
Info    : [ 70%] Meshing surface 5 (Plane, Frontal-Delaunay)
Info    : [ 90%] Meshing surface 6 (Sphere, Frontal-Delaunay)
Info    : Done meshing 2D (Wall 0.757691s, CPU 0.75742s)
Info    : Meshing 3D...
Info    : 3D Meshing 2 volumes with 2 connected components
Info    : Tetrahedrizing 12505 nodes...
Info    : Done tetrahedrizing 12513 nodes (Wall 0.145245s, CPU 0.144242s)
Info    : Reconstructing mesh...
Info    :  - Creating surface mesh
Info    :  - Identifying boundary edges
Info    :  - Recovering boundary
Info    : Done reconstructing mesh (Wall 0.351353s, CPU 0.339353s)
Info    : Found volume 1
Info    : It. 0 - 0 nodes created - worst tet radius 1.0515 (nodes removed 0 0)
Info    : 3D refinement terminated (13149 nodes total):
Info    :  - 0 Delaunay cavities modified for star shapeness
Info    :  - 0 nodes could not be inserted
Info    :  - 41706 tetrahedra created in 0.0286156 sec. (1457458 tets/s)
Info    : 0 node relocations
Info    : Tetrahedrizing 134 nodes...
Info    : Done tetrahedrizing 142 nodes (Wall 0.000750988s, CPU 0.000751s)
Info    : Reconstructing mesh...
Info    :  - Creating surface mesh
Info    :  - Identifying boundary edges
Info    :  - Recovering boundary
Info    : Done reconstructing mesh (Wall 0.00206691s, CPU 0.00207s)
Info    : Found volume 2
Info    : It. 0 - 0 nodes created - worst tet radius 3.15563 (nodes removed 0 0)
Info    : 3D refinement terminated (12719 nodes total):
Info    :  - 0 Delaunay cavities modified for star shapeness
Info    :  - 0 nodes could not be inserted
Info    :  - 493 tetrahedra created in 0.00370648 sec. (133010 tets/s)
Info    : 0 node relocations
Info    : Done meshing 3D (Wall 0.647704s, CPU 0.635677s)
Info    : Optimizing mesh...
Info    : Optimizing volume 1
Info    : Optimization starts (volume = 235.669) with worst = 0.00124831 / average = 0.684846:
Info    : 0.00 < quality < 0.10 :       222 elements
Info    : 0.10 < quality < 0.20 :       344 elements
Info    : 0.20 < quality < 0.30 :       549 elements
Info    : 0.30 < quality < 0.40 :       775 elements
Info    : 0.40 < quality < 0.50 :      1120 elements
Info    : 0.50 < quality < 0.60 :      3456 elements
Info    : 0.60 < quality < 0.70 :     11617 elements
Info    : 0.70 < quality < 0.80 :     20244 elements
Info    : 0.80 < quality < 0.90 :      1860 elements
Info    : 0.90 < quality < 1.00 :      1519 elements
Info    : 1057 edge swaps, 15 node relocations (volume = 235.669): worst = 0.0669583 / average = 0.699866 (Wall 0.0124406s, CPU 0.01244s)
Info    : 1101 edge swaps, 16 node relocations (volume = 235.669): worst = 0.12952 / average = 0.700368 (Wall 0.0148117s, CPU 0.014813s)
Info    : 1106 edge swaps, 16 node relocations (volume = 235.669): worst = 0.165185 / average = 0.70041 (Wall 0.0166977s, CPU 0.0167s)
Info    : No ill-shaped tets in the mesh :-)
Info    : 0.00 < quality < 0.10 :         0 elements
Info    : 0.10 < quality < 0.20 :         1 elements
Info    : 0.20 < quality < 0.30 :         6 elements
Info    : 0.30 < quality < 0.40 :       608 elements
Info    : 0.40 < quality < 0.50 :       974 elements
Info    : 0.50 < quality < 0.60 :      3571 elements
Info    : 0.60 < quality < 0.70 :     11983 elements
Info    : 0.70 < quality < 0.80 :     20003 elements
Info    : 0.80 < quality < 0.90 :      2029 elements
Info    : 0.90 < quality < 1.00 :      1519 elements
Info    : Optimizing volume 2
Info    : Optimization starts (volume = 0.256681) with worst = 0.106309 / average = 0.749686:
Info    : 0.00 < quality < 0.10 :         0 elements
Info    : 0.10 < quality < 0.20 :         2 elements
Info    : 0.20 < quality < 0.30 :         1 elements
Info    : 0.30 < quality < 0.40 :         8 elements
Info    : 0.40 < quality < 0.50 :        16 elements
Info    : 0.50 < quality < 0.60 :        26 elements
Info    : 0.60 < quality < 0.70 :        73 elements
Info    : 0.70 < quality < 0.80 :       196 elements
Info    : 0.80 < quality < 0.90 :       124 elements
Info    : 0.90 < quality < 1.00 :        47 elements
Info    : 3 edge swaps, 0 node relocations (volume = 0.256681): worst = 0.304449 / average = 0.752175 (Wall 7.889e-05s, CPU 7.8e-05s)
Info    : No ill-shaped tets in the mesh :-)
Info    : 0.00 < quality < 0.10 :         0 elements
Info    : 0.10 < quality < 0.20 :         0 elements
Info    : 0.20 < quality < 0.30 :         0 elements
Info    : 0.30 < quality < 0.40 :         9 elements
Info    : 0.40 < quality < 0.50 :        15 elements
Info    : 0.50 < quality < 0.60 :        26 elements
Info    : 0.60 < quality < 0.70 :        73 elements
Info    : 0.70 < quality < 0.80 :       199 elements
Info    : 0.80 < quality < 0.90 :       124 elements
Info    : 0.90 < quality < 1.00 :        45 elements
Info    : Done optimizing mesh (Wall 0.0405708s, CPU 0.040571s)
Info    : 13548 nodes 67696 elements
Info    : Meshing order 2 (curvilinear on)...
Info    : [  0%] Meshing curve 1 order 2
Info    : [ 10%] Meshing curve 2 order 2
Info    : [ 20%] Meshing curve 3 order 2
Info    : [ 20%] Meshing curve 4 order 2
Info    : [ 30%] Meshing curve 5 order 2
Info    : [ 30%] Meshing curve 6 order 2
Info    : [ 40%] Meshing curve 7 order 2
Info    : [ 40%] Meshing curve 8 order 2
Info    : [ 50%] Meshing curve 9 order 2
Info    : [ 50%] Meshing curve 10 order 2
Info    : [ 60%] Meshing curve 11 order 2
Info    : [ 60%] Meshing curve 12 order 2
Info    : [ 70%] Meshing surface 1 order 2
Info    : [ 70%] Meshing surface 2 order 2
Info    : [ 80%] Meshing surface 3 order 2
Info    : [ 80%] Meshing surface 4 order 2
Info    : [ 90%] Meshing surface 5 order 2
Info    : [ 90%] Meshing surface 6 order 2
Info    : [100%] Meshing volume 1 order 2
Info    : [100%] Meshing volume 2 order 2
Info    : Surface mesh: worst distortion = 0.797589 (0 elements in ]0, 0.2]); worst gamma = 0.632317
Info    : Volume mesh: worst distortion = 0.240172 (0 elements in ]0, 0.2])
Info    : Done meshing order 2 (Wall 14.068s, CPU 14.0633s)
Info    : Writing '/home/user/mscr-mom/현서/scripts/contact_scenarios/fea/retry_geom_mesh_LM75_phiN120_s75.inp'...
Info    : Done writing '/home/user/mscr-mom/현서/scripts/contact_scenarios/fea/retry_geom_mesh_LM75_phiN120_s75.inp'
[retry LM75_phiN120 3/3] s=75.0mm, depth=0.15mm ...
  [retry LM75_phiN120] F_mag=0.0010mN  (498.1s)
[retry LM75_phiN120] 완료
