Info    : Meshing 1D...
Info    : [  0%] Meshing curve 1 (BSpline)
Info    : [ 10%] Meshing curve 2 (Ellipse)
Info    : [ 20%] Meshing curve 3 (Ellipse)
Info    : [ 30%] Meshing curve 4 (BSpline)
Info    : [ 40%] Meshing curve 5 (BSpline)
Info    : [ 50%] Meshing curve 6 (BSpline)
Info    : [ 60%] Meshing curve 7 (BSpline)
Info    : [ 60%] Meshing curve 8 (BSpline)
Info    : [ 70%] Meshing curve 9 (BSpline)
Info    : [ 90%] Meshing curve 11 (Circle)
Info    : Done meshing 1D (Wall 0.019653s, CPU 0.019514s)
Info    : Meshing 2D...
Info    : [  0%] Meshing surface 1 (Plane, Frontal-Delaunay)
Info    : [ 20%] Meshing surface 2 (Plane, Frontal-Delaunay)
Info    : [ 40%] Meshing surface 3 (BSpline surface, Frontal-Delaunay)
Info    : [ 60%] Meshing surface 4 (BSpline surface, Frontal-Delaunay)
Info    : [ 70%] Meshing surface 5 (Plane, Frontal-Delaunay)
Info    : [ 90%] Meshing surface 6 (Sphere, Frontal-Delaunay)
Info    : Done meshing 2D (Wall 0.754355s, CPU 0.752813s)
Info    : Meshing 3D...
Info    : 3D Meshing 2 volumes with 2 connected components
Info    : Tetrahedrizing 12518 nodes...
Info    : Done tetrahedrizing 12526 nodes (Wall 0.150739s, CPU 0.14271s)
Info    : Reconstructing mesh...
Info    :  - Creating surface mesh
Info    :  - Identifying boundary edges
Info    :  - Recovering boundary
Info    : Done reconstructing mesh (Wall 0.381711s, CPU 0.354462s)
Info    : Found volume 1
Info    : It. 0 - 0 nodes created - worst tet radius 1.05365 (nodes removed 0 0)
Info    : It. 500 - 500 nodes created - worst tet radius 1.00167 (nodes removed 0 0)
Info    : 3D refinement terminated (13316 nodes total):
Info    :  - 0 Delaunay cavities modified for star shapeness
Info    :  - 0 nodes could not be inserted
Info    :  - 43002 tetrahedra created in 0.0327501 sec. (1313033 tets/s)
Info    : 0 node relocations
Info    : Tetrahedrizing 132 nodes...
Info    : Done tetrahedrizing 140 nodes (Wall 0.000758077s, CPU 0.000747s)
Info    : Reconstructing mesh...
Info    :  - Creating surface mesh
Info    :  - Identifying boundary edges
Info    :  - Recovering boundary
Info    : Done reconstructing mesh (Wall 0.00184258s, CPU 0.001835s)
Info    : Found volume 2
Info    : It. 0 - 0 nodes created - worst tet radius 3.17744 (nodes removed 0 0)
Info    : 3D refinement terminated (12734 nodes total):
Info    :  - 0 Delaunay cavities modified for star shapeness
Info    :  - 0 nodes could not be inserted
Info    :  - 525 tetrahedra created in 0.00387821 sec. (135371 tets/s)
Info    : 0 node relocations
Info    : Done meshing 3D (Wall 0.70341s, CPU 0.672013s)
Info    : Optimizing mesh...
Info    : Optimizing volume 1
Info    : Optimization starts (volume = 235.617) with worst = 0.00139061 / average = 0.685998:
Info    : 0.00 < quality < 0.10 :       164 elements
Info    : 0.10 < quality < 0.20 :       424 elements
Info    : 0.20 < quality < 0.30 :       671 elements
Info    : 0.30 < quality < 0.40 :       852 elements
Info    : 0.40 < quality < 0.50 :      1337 elements
Info    : 0.50 < quality < 0.60 :      4234 elements
Info    : 0.60 < quality < 0.70 :     11177 elements
Info    : 0.70 < quality < 0.80 :     19645 elements
Info    : 0.80 < quality < 0.90 :      2442 elements
Info    : 0.90 < quality < 1.00 :      2056 elements
Info    : 1197 edge swaps, 26 node relocations (volume = 235.617): worst = 0.102234 / average = 0.701844 (Wall 0.0158281s, CPU 0.015828s)
Info    : 1246 edge swaps, 26 node relocations (volume = 235.617): worst = 0.104568 / average = 0.702318 (Wall 0.0190401s, CPU 0.01904s)
Info    : 1250 edge swaps, 26 node relocations (volume = 235.617): worst = 0.104568 / average = 0.702367 (Wall 0.0213376s, CPU 0.021305s)
Info    : No ill-shaped tets in the mesh :-)
Info    : 0.00 < quality < 0.10 :         0 elements
Info    : 0.10 < quality < 0.20 :         4 elements
Info    : 0.20 < quality < 0.30 :        13 elements
Info    : 0.30 < quality < 0.40 :       718 elements
Info    : 0.40 < quality < 0.50 :      1185 elements
Info    : 0.50 < quality < 0.60 :      4277 elements
Info    : 0.60 < quality < 0.70 :     11571 elements
Info    : 0.70 < quality < 0.80 :     19508 elements
Info    : 0.80 < quality < 0.90 :      2564 elements
Info    : 0.90 < quality < 1.00 :      2052 elements
Info    : Optimizing volume 2
Info    : Optimization starts (volume = 0.256468) with worst = 0.0893956 / average = 0.743207:
Info    : 0.00 < quality < 0.10 :         1 elements
Info    : 0.10 < quality < 0.20 :         3 elements
Info    : 0.20 < quality < 0.30 :         5 elements
Info    : 0.30 < quality < 0.40 :        14 elements
Info    : 0.40 < quality < 0.50 :        25 elements
Info    : 0.50 < quality < 0.60 :        23 elements
Info    : 0.60 < quality < 0.70 :        77 elements
Info    : 0.70 < quality < 0.80 :       169 elements
Info    : 0.80 < quality < 0.90 :       156 elements
Info    : 0.90 < quality < 1.00 :        52 elements
Info    : 9 edge swaps, 0 node relocations (volume = 0.256468): worst = 0.319299 / average = 0.754912 (Wall 0.000105311s, CPU 9.1e-05s)
Info    : No ill-shaped tets in the mesh :-)
Info    : 0.00 < quality < 0.10 :         0 elements
Info    : 0.10 < quality < 0.20 :         0 elements
Info    : 0.20 < quality < 0.30 :         0 elements
Info    : 0.30 < quality < 0.40 :        14 elements
Info    : 0.40 < quality < 0.50 :        24 elements
Info    : 0.50 < quality < 0.60 :        20 elements
Info    : 0.60 < quality < 0.70 :        78 elements
Info    : 0.70 < quality < 0.80 :       168 elements
Info    : 0.80 < quality < 0.90 :       160 elements
Info    : 0.90 < quality < 1.00 :        52 elements
Info    : Done optimizing mesh (Wall 0.0459557s, CPU 0.044936s)
Info    : 13719 nodes 68932 elements
Info    : Meshing order 2 (curvilinear on)...
Info    : [  0%] Meshing curve 1 order 2
Info    : [ 10%] Meshing curve 2 order 2
Info    : [ 20%] Meshing curve 3 order 2
Info    : [ 20%] Meshing curve 4 order 2
Info    : [ 30%] Meshing curve 5 order 2
Info    : [ 30%] Meshing curve 6 order 2
Info    : [ 40%] Meshing curve 7 order 2
Info    : [ 40%] Meshing curve 8 order 2
Info    : [ 50%] Meshing curve 9 order 2
Info    : [ 50%] Meshing curve 10 order 2
Info    : [ 60%] Meshing curve 11 order 2
Info    : [ 60%] Meshing curve 12 order 2
Info    : [ 70%] Meshing surface 1 order 2
Info    : [ 70%] Meshing surface 2 order 2
Info    : [ 80%] Meshing surface 3 order 2
Info    : [ 80%] Meshing surface 4 order 2
Info    : [ 90%] Meshing surface 5 order 2
Info    : [ 90%] Meshing surface 6 order 2
Info    : [100%] Meshing volume 1 order 2
Info    : [100%] Meshing volume 2 order 2
Info    : Surface mesh: worst distortion = 0.797589 (0 elements in ]0, 0.2]); worst gamma = 0.499267
Info    : Volume mesh: worst distortion = 0.267899 (0 elements in ]0, 0.2])
Info    : Done meshing order 2 (Wall 13.864s, CPU 13.8534s)
Info    : Writing '/home/user/mscr-mom/현서/scripts/contact_scenarios/fea/retry_geom_mesh_LM75_phiP120_s25.inp'...
Info    : Done writing '/home/user/mscr-mom/현서/scripts/contact_scenarios/fea/retry_geom_mesh_LM75_phiP120_s25.inp'
[retry LM75_phiP120 1/5] s=25.0mm, depth=0.1mm ...
  [retry LM75_phiP120] [실패] (495.9s)
Info    : Meshing 1D...
Info    : [  0%] Meshing curve 1 (BSpline)
Info    : [ 10%] Meshing curve 2 (Ellipse)
Info    : [ 20%] Meshing curve 3 (Ellipse)
Info    : [ 30%] Meshing curve 4 (BSpline)
Info    : [ 40%] Meshing curve 5 (BSpline)
Info    : [ 50%] Meshing curve 6 (BSpline)
Info    : [ 60%] Meshing curve 7 (BSpline)
Info    : [ 60%] Meshing curve 8 (BSpline)
Info    : [ 70%] Meshing curve 9 (BSpline)
Info    : [ 90%] Meshing curve 11 (Circle)
Info    : Done meshing 1D (Wall 0.0318797s, CPU 0.030874s)
Info    : Meshing 2D...
Info    : [  0%] Meshing surface 1 (Plane, Frontal-Delaunay)
Info    : [ 20%] Meshing surface 2 (Plane, Frontal-Delaunay)
Info    : [ 40%] Meshing surface 3 (BSpline surface, Frontal-Delaunay)
Info    : [ 60%] Meshing surface 4 (BSpline surface, Frontal-Delaunay)
Info    : [ 70%] Meshing surface 5 (Plane, Frontal-Delaunay)
Info    : [ 90%] Meshing surface 6 (Sphere, Frontal-Delaunay)
Info    : Done meshing 2D (Wall 0.742913s, CPU 0.741735s)
Info    : Meshing 3D...
Info    : 3D Meshing 2 volumes with 2 connected components
Info    : Tetrahedrizing 12518 nodes...
Info    : Done tetrahedrizing 12526 nodes (Wall 0.138784s, CPU 0.13275s)
Info    : Reconstructing mesh...
Info    :  - Creating surface mesh
Info    :  - Identifying boundary edges
Info    :  - Recovering boundary
Info    : Done reconstructing mesh (Wall 0.376194s, CPU 0.356068s)
Info    : Found volume 1
Info    : It. 0 - 0 nodes created - worst tet radius 1.05365 (nodes removed 0 0)
Info    : It. 500 - 500 nodes created - worst tet radius 1.00167 (nodes removed 0 0)
Info    : 3D refinement terminated (13316 nodes total):
Info    :  - 0 Delaunay cavities modified for star shapeness
Info    :  - 0 nodes could not be inserted
Info    :  - 43002 tetrahedra created in 0.0250273 sec. (1718202 tets/s)
Info    : 0 node relocations
Info    : Tetrahedrizing 132 nodes...
Info    : Done tetrahedrizing 140 nodes (Wall 0.00075323s, CPU 0.000753s)
Info    : Reconstructing mesh...
Info    :  - Creating surface mesh
Info    :  - Identifying boundary edges
Info    :  - Recovering boundary
Info    : Done reconstructing mesh (Wall 0.00177197s, CPU 0.001774s)
Info    : Found volume 2
Info    : It. 0 - 0 nodes created - worst tet radius 3.17744 (nodes removed 0 0)
Info    : 3D refinement terminated (12734 nodes total):
Info    :  - 0 Delaunay cavities modified for star shapeness
Info    :  - 0 nodes could not be inserted
Info    :  - 525 tetrahedra created in 0.00401552 sec. (130742 tets/s)
Info    : 0 node relocations
Info    : Done meshing 3D (Wall 0.646963s, CPU 0.626701s)
Info    : Optimizing mesh...
Info    : Optimizing volume 1
Info    : Optimization starts (volume = 235.617) with worst = 0.00139061 / average = 0.685998:
Info    : 0.00 < quality < 0.10 :       164 elements
Info    : 0.10 < quality < 0.20 :       424 elements
Info    : 0.20 < quality < 0.30 :       671 elements
Info    : 0.30 < quality < 0.40 :       852 elements
Info    : 0.40 < quality < 0.50 :      1337 elements
Info    : 0.50 < quality < 0.60 :      4234 elements
Info    : 0.60 < quality < 0.70 :     11177 elements
Info    : 0.70 < quality < 0.80 :     19645 elements
Info    : 0.80 < quality < 0.90 :      2442 elements
Info    : 0.90 < quality < 1.00 :      2056 elements
Info    : 1197 edge swaps, 26 node relocations (volume = 235.617): worst = 0.102234 / average = 0.701844 (Wall 0.0154221s, CPU 0.015402s)
Info    : 1246 edge swaps, 26 node relocations (volume = 235.617): worst = 0.104568 / average = 0.702318 (Wall 0.0186979s, CPU 0.018671s)
Info    : 1250 edge swaps, 26 node relocations (volume = 235.617): worst = 0.104568 / average = 0.702367 (Wall 0.0210481s, CPU 0.021022s)
Info    : No ill-shaped tets in the mesh :-)
Info    : 0.00 < quality < 0.10 :         0 elements
Info    : 0.10 < quality < 0.20 :         4 elements
Info    : 0.20 < quality < 0.30 :        13 elements
Info    : 0.30 < quality < 0.40 :       718 elements
Info    : 0.40 < quality < 0.50 :      1185 elements
Info    : 0.50 < quality < 0.60 :      4277 elements
Info    : 0.60 < quality < 0.70 :     11571 elements
Info    : 0.70 < quality < 0.80 :     19508 elements
Info    : 0.80 < quality < 0.90 :      2564 elements
Info    : 0.90 < quality < 1.00 :      2052 elements
Info    : Optimizing volume 2
Info    : Optimization starts (volume = 0.256468) with worst = 0.0893956 / average = 0.743207:
Info    : 0.00 < quality < 0.10 :         1 elements
Info    : 0.10 < quality < 0.20 :         3 elements
Info    : 0.20 < quality < 0.30 :         5 elements
Info    : 0.30 < quality < 0.40 :        14 elements
Info    : 0.40 < quality < 0.50 :        25 elements
Info    : 0.50 < quality < 0.60 :        23 elements
Info    : 0.60 < quality < 0.70 :        77 elements
Info    : 0.70 < quality < 0.80 :       169 elements
Info    : 0.80 < quality < 0.90 :       156 elements
Info    : 0.90 < quality < 1.00 :        52 elements
Info    : 9 edge swaps, 0 node relocations (volume = 0.256468): worst = 0.319299 / average = 0.754912 (Wall 0.000132953s, CPU 0.000133s)
Info    : No ill-shaped tets in the mesh :-)
Info    : 0.00 < quality < 0.10 :         0 elements
Info    : 0.10 < quality < 0.20 :         0 elements
Info    : 0.20 < quality < 0.30 :         0 elements
Info    : 0.30 < quality < 0.40 :        14 elements
Info    : 0.40 < quality < 0.50 :        24 elements
Info    : 0.50 < quality < 0.60 :        20 elements
Info    : 0.60 < quality < 0.70 :        78 elements
Info    : 0.70 < quality < 0.80 :       168 elements
Info    : 0.80 < quality < 0.90 :       160 elements
Info    : 0.90 < quality < 1.00 :        52 elements
Info    : Done optimizing mesh (Wall 0.0461155s, CPU 0.045124s)
Info    : 13719 nodes 68932 elements
Info    : Meshing order 2 (curvilinear on)...
Info    : [  0%] Meshing curve 1 order 2
Info    : [ 10%] Meshing curve 2 order 2
Info    : [ 20%] Meshing curve 3 order 2
Info    : [ 20%] Meshing curve 4 order 2
Info    : [ 30%] Meshing curve 5 order 2
Info    : [ 30%] Meshing curve 6 order 2
Info    : [ 40%] Meshing curve 7 order 2
Info    : [ 40%] Meshing curve 8 order 2
Info    : [ 50%] Meshing curve 9 order 2
Info    : [ 50%] Meshing curve 10 order 2
Info    : [ 60%] Meshing curve 11 order 2
Info    : [ 60%] Meshing curve 12 order 2
Info    : [ 70%] Meshing surface 1 order 2
Info    : [ 70%] Meshing surface 2 order 2
Info    : [ 80%] Meshing surface 3 order 2
Info    : [ 80%] Meshing surface 4 order 2
Info    : [ 90%] Meshing surface 5 order 2
Info    : [ 90%] Meshing surface 6 order 2
Info    : [100%] Meshing volume 1 order 2
Info    : [100%] Meshing volume 2 order 2
Info    : Surface mesh: worst distortion = 0.797589 (0 elements in ]0, 0.2]); worst gamma = 0.499267
Info    : Volume mesh: worst distortion = 0.267899 (0 elements in ]0, 0.2])
Info    : Done meshing order 2 (Wall 14.1322s, CPU 14.1116s)
Info    : Writing '/home/user/mscr-mom/현서/scripts/contact_scenarios/fea/retry_geom_mesh_LM75_phiP120_s50.inp'...
Info    : Done writing '/home/user/mscr-mom/현서/scripts/contact_scenarios/fea/retry_geom_mesh_LM75_phiP120_s50.inp'
[retry LM75_phiP120 2/5] s=50.0mm, depth=0.1mm ...
  [retry LM75_phiP120] F_mag=0.0019mN  (374.0s)
[retry LM75_phiP120 3/5] s=50.0mm, depth=0.15mm ...
  [retry LM75_phiP120] F_mag=0.0031mN  (497.0s)
Info    : Meshing 1D...
Info    : [  0%] Meshing curve 1 (BSpline)
Info    : [ 10%] Meshing curve 2 (Ellipse)
Info    : [ 20%] Meshing curve 3 (Ellipse)
Info    : [ 30%] Meshing curve 4 (BSpline)
Info    : [ 40%] Meshing curve 5 (BSpline)
Info    : [ 50%] Meshing curve 6 (BSpline)
Info    : [ 60%] Meshing curve 7 (BSpline)
Info    : [ 60%] Meshing curve 8 (BSpline)
Info    : [ 70%] Meshing curve 9 (BSpline)
Info    : [ 90%] Meshing curve 11 (Circle)
Info    : Done meshing 1D (Wall 0.0198887s, CPU 0.019867s)
Info    : Meshing 2D...
Info    : [  0%] Meshing surface 1 (Plane, Frontal-Delaunay)
Info    : [ 20%] Meshing surface 2 (Plane, Frontal-Delaunay)
Info    : [ 40%] Meshing surface 3 (BSpline surface, Frontal-Delaunay)
Info    : [ 60%] Meshing surface 4 (BSpline surface, Frontal-Delaunay)
Info    : [ 70%] Meshing surface 5 (Plane, Frontal-Delaunay)
Info    : [ 90%] Meshing surface 6 (Sphere, Frontal-Delaunay)
Info    : Done meshing 2D (Wall 0.732644s, CPU 0.73251s)
Info    : Meshing 3D...
Info    : 3D Meshing 2 volumes with 2 connected components
Info    : Tetrahedrizing 12518 nodes...
Info    : Done tetrahedrizing 12526 nodes (Wall 0.145348s, CPU 0.136362s)
Info    : Reconstructing mesh...
Info    :  - Creating surface mesh
Info    :  - Identifying boundary edges
Info    :  - Recovering boundary
Info    : Done reconstructing mesh (Wall 0.346302s, CPU 0.325292s)
Info    : Found volume 1
Info    : It. 0 - 0 nodes created - worst tet radius 1.05365 (nodes removed 0 0)
Info    : It. 500 - 500 nodes created - worst tet radius 1.00167 (nodes removed 0 0)
Info    : 3D refinement terminated (13316 nodes total):
Info    :  - 0 Delaunay cavities modified for star shapeness
Info    :  - 0 nodes could not be inserted
Info    :  - 43002 tetrahedra created in 0.0256524 sec. (1676333 tets/s)
Info    : 0 node relocations
Info    : Tetrahedrizing 132 nodes...
Info    : Done tetrahedrizing 140 nodes (Wall 0.000757721s, CPU 0.000758s)
Info    : Reconstructing mesh...
Info    :  - Creating surface mesh
Info    :  - Identifying boundary edges
Info    :  - Recovering boundary
Info    : Done reconstructing mesh (Wall 0.00178287s, CPU 0.001783s)
Info    : Found volume 2
Info    : It. 0 - 0 nodes created - worst tet radius 3.17744 (nodes removed 0 0)
Info    : 3D refinement terminated (12734 nodes total):
Info    :  - 0 Delaunay cavities modified for star shapeness
Info    :  - 0 nodes could not be inserted
Info    :  - 525 tetrahedra created in 0.00253775 sec. (206876 tets/s)
Info    : 0 node relocations
Info    : Done meshing 3D (Wall 0.60789s, CPU 0.586841s)
Info    : Optimizing mesh...
Info    : Optimizing volume 1
Info    : Optimization starts (volume = 235.617) with worst = 0.00139061 / average = 0.685998:
Info    : 0.00 < quality < 0.10 :       164 elements
Info    : 0.10 < quality < 0.20 :       424 elements
Info    : 0.20 < quality < 0.30 :       671 elements
Info    : 0.30 < quality < 0.40 :       852 elements
Info    : 0.40 < quality < 0.50 :      1337 elements
Info    : 0.50 < quality < 0.60 :      4234 elements
Info    : 0.60 < quality < 0.70 :     11177 elements
Info    : 0.70 < quality < 0.80 :     19645 elements
Info    : 0.80 < quality < 0.90 :      2442 elements
Info    : 0.90 < quality < 1.00 :      2056 elements
Info    : 1197 edge swaps, 26 node relocations (volume = 235.617): worst = 0.102234 / average = 0.701844 (Wall 0.0140782s, CPU 0.014079s)
Info    : 1246 edge swaps, 26 node relocations (volume = 235.617): worst = 0.104568 / average = 0.702318 (Wall 0.0170493s, CPU 0.017051s)
Info    : 1250 edge swaps, 26 node relocations (volume = 235.617): worst = 0.104568 / average = 0.702367 (Wall 0.01923s, CPU 0.019232s)
Info    : No ill-shaped tets in the mesh :-)
Info    : 0.00 < quality < 0.10 :         0 elements
Info    : 0.10 < quality < 0.20 :         4 elements
Info    : 0.20 < quality < 0.30 :        13 elements
Info    : 0.30 < quality < 0.40 :       718 elements
Info    : 0.40 < quality < 0.50 :      1185 elements
Info    : 0.50 < quality < 0.60 :      4277 elements
Info    : 0.60 < quality < 0.70 :     11571 elements
Info    : 0.70 < quality < 0.80 :     19508 elements
Info    : 0.80 < quality < 0.90 :      2564 elements
Info    : 0.90 < quality < 1.00 :      2052 elements
Info    : Optimizing volume 2
Info    : Optimization starts (volume = 0.256468) with worst = 0.0893956 / average = 0.743207:
Info    : 0.00 < quality < 0.10 :         1 elements
Info    : 0.10 < quality < 0.20 :         3 elements
Info    : 0.20 < quality < 0.30 :         5 elements
Info    : 0.30 < quality < 0.40 :        14 elements
Info    : 0.40 < quality < 0.50 :        25 elements
Info    : 0.50 < quality < 0.60 :        23 elements
Info    : 0.60 < quality < 0.70 :        77 elements
Info    : 0.70 < quality < 0.80 :       169 elements
Info    : 0.80 < quality < 0.90 :       156 elements
Info    : 0.90 < quality < 1.00 :        52 elements
Info    : 9 edge swaps, 0 node relocations (volume = 0.256468): worst = 0.319299 / average = 0.754912 (Wall 0.0001051s, CPU 0.000106s)
Info    : No ill-shaped tets in the mesh :-)
Info    : 0.00 < quality < 0.10 :         0 elements
Info    : 0.10 < quality < 0.20 :         0 elements
Info    : 0.20 < quality < 0.30 :         0 elements
Info    : 0.30 < quality < 0.40 :        14 elements
Info    : 0.40 < quality < 0.50 :        24 elements
Info    : 0.50 < quality < 0.60 :        20 elements
Info    : 0.60 < quality < 0.70 :        78 elements
Info    : 0.70 < quality < 0.80 :       168 elements
Info    : 0.80 < quality < 0.90 :       160 elements
Info    : 0.90 < quality < 1.00 :        52 elements
Info    : Done optimizing mesh (Wall 0.0427875s, CPU 0.042786s)
Info    : 13719 nodes 68932 elements
Info    : Meshing order 2 (curvilinear on)...
Info    : [  0%] Meshing curve 1 order 2
Info    : [ 10%] Meshing curve 2 order 2
Info    : [ 20%] Meshing curve 3 order 2
Info    : [ 20%] Meshing curve 4 order 2
Info    : [ 30%] Meshing curve 5 order 2
Info    : [ 30%] Meshing curve 6 order 2
Info    : [ 40%] Meshing curve 7 order 2
Info    : [ 40%] Meshing curve 8 order 2
Info    : [ 50%] Meshing curve 9 order 2
Info    : [ 50%] Meshing curve 10 order 2
Info    : [ 60%] Meshing curve 11 order 2
Info    : [ 60%] Meshing curve 12 order 2
Info    : [ 70%] Meshing surface 1 order 2
Info    : [ 70%] Meshing surface 2 order 2
Info    : [ 80%] Meshing surface 3 order 2
Info    : [ 80%] Meshing surface 4 order 2
Info    : [ 90%] Meshing surface 5 order 2
Info    : [ 90%] Meshing surface 6 order 2
Info    : [100%] Meshing volume 1 order 2
Info    : [100%] Meshing volume 2 order 2
Info    : Surface mesh: worst distortion = 0.797589 (0 elements in ]0, 0.2]); worst gamma = 0.499267
Info    : Volume mesh: worst distortion = 0.267899 (0 elements in ]0, 0.2])
Info    : Done meshing order 2 (Wall 14.6517s, CPU 14.6432s)
Info    : Writing '/home/user/mscr-mom/현서/scripts/contact_scenarios/fea/retry_geom_mesh_LM75_phiP120_s75.inp'...
Info    : Done writing '/home/user/mscr-mom/현서/scripts/contact_scenarios/fea/retry_geom_mesh_LM75_phiP120_s75.inp'
[retry LM75_phiP120 4/5] s=75.0mm, depth=0.1mm ...
  [retry LM75_phiP120] F_mag=0.0005mN  (537.6s)
[retry LM75_phiP120 5/5] s=75.0mm, depth=0.15mm ...
  [retry LM75_phiP120] F_mag=0.0009mN  (1409.8s)
[retry LM75_phiP120] 완료
