Info    : Meshing 1D...
Info    : [  0%] Meshing curve 1 (BSpline)
Info    : [ 10%] Meshing curve 2 (Ellipse)
Info    : [ 20%] Meshing curve 3 (Ellipse)
Info    : [ 30%] Meshing curve 4 (BSpline)
Info    : [ 40%] Meshing curve 5 (BSpline)
Info    : [ 50%] Meshing curve 6 (BSpline)
Info    : [ 60%] Meshing curve 7 (BSpline)
Info    : [ 60%] Meshing curve 8 (BSpline)
Info    : [ 70%] Meshing curve 9 (BSpline)
Info    : [ 90%] Meshing curve 11 (Circle)
Info    : Done meshing 1D (Wall 0.0195793s, CPU 0.01958s)
Info    : Meshing 2D...
Info    : [  0%] Meshing surface 1 (Plane, Frontal-Delaunay)
Info    : [ 20%] Meshing surface 2 (Plane, Frontal-Delaunay)
Info    : [ 40%] Meshing surface 3 (BSpline surface, Frontal-Delaunay)
Info    : [ 60%] Meshing surface 4 (BSpline surface, Frontal-Delaunay)
Info    : [ 70%] Meshing surface 5 (Plane, Frontal-Delaunay)
Info    : [ 90%] Meshing surface 6 (Sphere, Frontal-Delaunay)
Info    : Done meshing 2D (Wall 0.707939s, CPU 0.702714s)
Info    : Meshing 3D...
Info    : 3D Meshing 2 volumes with 2 connected components
Info    : Tetrahedrizing 12501 nodes...
Info    : Done tetrahedrizing 12509 nodes (Wall 0.155371s, CPU 0.145358s)
Info    : Reconstructing mesh...
Info    :  - Creating surface mesh
Info    :  - Identifying boundary edges
Info    :  - Recovering boundary
Info    : Done reconstructing mesh (Wall 0.387483s, CPU 0.36241s)
Info    : Found volume 1
Info    : It. 0 - 0 nodes created - worst tet radius 1.06219 (nodes removed 0 0)
Info    : It. 500 - 500 nodes created - worst tet radius 1.00067 (nodes removed 0 0)
Info    : 3D refinement terminated (13219 nodes total):
Info    :  - 0 Delaunay cavities modified for star shapeness
Info    :  - 0 nodes could not be inserted
Info    :  - 42415 tetrahedra created in 0.0217546 sec. (1949699 tets/s)
Info    : 0 node relocations
Info    : Tetrahedrizing 132 nodes...
Info    : Done tetrahedrizing 140 nodes (Wall 0.000706539s, CPU 0.000707s)
Info    : Reconstructing mesh...
Info    :  - Creating surface mesh
Info    :  - Identifying boundary edges
Info    :  - Recovering boundary
Info    : Done reconstructing mesh (Wall 0.00166149s, CPU 0.001664s)
Info    : Found volume 2
Info    : It. 0 - 0 nodes created - worst tet radius 3.11719 (nodes removed 0 0)
Info    : 3D refinement terminated (12715 nodes total):
Info    :  - 0 Delaunay cavities modified for star shapeness
Info    :  - 0 nodes could not be inserted
Info    :  - 497 tetrahedra created in 0.00232115 sec. (214117 tets/s)
Info    : 0 node relocations
Info    : Done meshing 3D (Wall 0.630647s, CPU 0.602532s)
Info    : Optimizing mesh...
Info    : Optimizing volume 1
Info    : Optimization starts (volume = 235.618) with worst = 0.00537516 / average = 0.68397:
Info    : 0.00 < quality < 0.10 :       152 elements
Info    : 0.10 < quality < 0.20 :       464 elements
Info    : 0.20 < quality < 0.30 :       642 elements
Info    : 0.30 < quality < 0.40 :       995 elements
Info    : 0.40 < quality < 0.50 :      1490 elements
Info    : 0.50 < quality < 0.60 :      3680 elements
Info    : 0.60 < quality < 0.70 :     10491 elements
Info    : 0.70 < quality < 0.80 :     20545 elements
Info    : 0.80 < quality < 0.90 :      2204 elements
Info    : 0.90 < quality < 1.00 :      1752 elements
Info    : 1187 edge swaps, 11 node relocations (volume = 235.618): worst = 0.162512 / average = 0.700166 (Wall 0.0125925s, CPU 0.011619s)
Info    : 1224 edge swaps, 12 node relocations (volume = 235.618): worst = 0.176904 / average = 0.700595 (Wall 0.0151506s, CPU 0.014143s)
Info    : 1227 edge swaps, 13 node relocations (volume = 235.618): worst = 0.176904 / average = 0.700615 (Wall 0.0172383s, CPU 0.016232s)
Info    : No ill-shaped tets in the mesh :-)
Info    : 0.00 < quality < 0.10 :         0 elements
Info    : 0.10 < quality < 0.20 :         5 elements
Info    : 0.20 < quality < 0.30 :        24 elements
Info    : 0.30 < quality < 0.40 :       873 elements
Info    : 0.40 < quality < 0.50 :      1265 elements
Info    : 0.50 < quality < 0.60 :      3730 elements
Info    : 0.60 < quality < 0.70 :     11000 elements
Info    : 0.70 < quality < 0.80 :     20300 elements
Info    : 0.80 < quality < 0.90 :      2351 elements
Info    : 0.90 < quality < 1.00 :      1752 elements
Info    : Optimizing volume 2
Info    : Optimization starts (volume = 0.256432) with worst = 0.0880129 / average = 0.758137:
Info    : 0.00 < quality < 0.10 :         1 elements
Info    : 0.10 < quality < 0.20 :         2 elements
Info    : 0.20 < quality < 0.30 :         7 elements
Info    : 0.30 < quality < 0.40 :         8 elements
Info    : 0.40 < quality < 0.50 :        11 elements
Info    : 0.50 < quality < 0.60 :        15 elements
Info    : 0.60 < quality < 0.70 :        61 elements
Info    : 0.70 < quality < 0.80 :       189 elements
Info    : 0.80 < quality < 0.90 :       150 elements
Info    : 0.90 < quality < 1.00 :        53 elements
Info    : 10 edge swaps, 2 node relocations (volume = 0.256432): worst = 0.305723 / average = 0.770651 (Wall 0.000156519s, CPU 0.000157s)
Info    : No ill-shaped tets in the mesh :-)
Info    : 0.00 < quality < 0.10 :         0 elements
Info    : 0.10 < quality < 0.20 :         0 elements
Info    : 0.20 < quality < 0.30 :         0 elements
Info    : 0.30 < quality < 0.40 :         9 elements
Info    : 0.40 < quality < 0.50 :        10 elements
Info    : 0.50 < quality < 0.60 :        13 elements
Info    : 0.60 < quality < 0.70 :        57 elements
Info    : 0.70 < quality < 0.80 :       192 elements
Info    : 0.80 < quality < 0.90 :       152 elements
Info    : 0.90 < quality < 1.00 :        55 elements
Info    : Done optimizing mesh (Wall 0.0394271s, CPU 0.03841s)
Info    : 13620 nodes 68288 elements
Info    : Meshing order 2 (curvilinear on)...
Info    : [  0%] Meshing curve 1 order 2
Info    : [ 10%] Meshing curve 2 order 2
Info    : [ 20%] Meshing curve 3 order 2
Info    : [ 20%] Meshing curve 4 order 2
Info    : [ 30%] Meshing curve 5 order 2
Info    : [ 30%] Meshing curve 6 order 2
Info    : [ 40%] Meshing curve 7 order 2
Info    : [ 40%] Meshing curve 8 order 2
Info    : [ 50%] Meshing curve 9 order 2
Info    : [ 50%] Meshing curve 10 order 2
Info    : [ 60%] Meshing curve 11 order 2
Info    : [ 60%] Meshing curve 12 order 2
Info    : [ 70%] Meshing surface 1 order 2
Info    : [ 70%] Meshing surface 2 order 2
Info    : [ 80%] Meshing surface 3 order 2
Info    : [ 80%] Meshing surface 4 order 2
Info    : [ 90%] Meshing surface 5 order 2
Info    : [ 90%] Meshing surface 6 order 2
Info    : [100%] Meshing volume 1 order 2
Info    : [100%] Meshing volume 2 order 2
Info    : Surface mesh: worst distortion = 0.797589 (0 elements in ]0, 0.2]); worst gamma = 0.50915
Info    : Volume mesh: worst distortion = 0.260433 (0 elements in ]0, 0.2])
Info    : Done meshing order 2 (Wall 13.06s, CPU 13.0575s)
Info    : Writing '/home/user/mscr-mom/현서/scripts/contact_scenarios/fea/retry_geom_mesh_LM25_phiN60_s75.inp'...
Info    : Done writing '/home/user/mscr-mom/현서/scripts/contact_scenarios/fea/retry_geom_mesh_LM25_phiN60_s75.inp'
[retry LM25_phiN60 1/2] s=75.0mm, depth=0.1mm ...
  [retry LM25_phiN60] [실패] (915.7s)
[retry LM25_phiN60 2/2] s=75.0mm, depth=0.15mm ...
  [retry LM25_phiN60] [실패] (446.7s)
[retry LM25_phiN60] 완료
