[12:07:49] 시작: seed=2 L_M=35.7 phi=-120.0 s=78.3 F=0.5mN (동시실행 1개)
[12:07:49] 시작: seed=201 L_M=79.4 phi=-120.0 s=49.0 F=0.5mN (동시실행 2개)
[12:07:49] 시작: seed=8 L_M=39.6 phi=-60.0 s=33.7 F=0.5mN (동시실행 3개)
[12:07:49] 시작: seed=194 L_M=71.9 phi=-60.0 s=28.7 F=0.5mN (동시실행 4개)
[12:09:49] 완료: seed=194 status=ok fea_reversed=False (해석모델 threshold=0.0mN)
[12:09:49] 시작: seed=0 L_M=58.2 phi=0.0 s=8.7 F=0.5mN (동시실행 4개)
[12:11:39] 완료: seed=0 status=ok fea_reversed=False (해석모델 threshold=0.0mN)
[12:11:39] 시작: seed=225 L_M=56.1 phi=0.0 s=94.9 F=0.5mN (동시실행 4개)
[12:23:19] 완료: seed=8 status=ok fea_reversed=False (해석모델 threshold=0.0mN)
[12:23:19] 시작: seed=7 L_M=57.5 phi=60.0 s=74.8 F=0.5mN (동시실행 4개)
[12:28:39] 완료: seed=2 status=ok fea_reversed=False (해석모델 threshold=0.0mN)
[12:28:39] 시작: seed=173 L_M=24.1 phi=60.0 s=30.2 F=0.5mN (동시실행 4개)
[12:31:39] 완료: seed=201 status=ok fea_reversed=False (해석모델 threshold=0.0mN)
[12:31:39] 시작: seed=9 L_M=72.2 phi=120.0 s=59.3 F=0.5mN (동시실행 4개)
[12:34:19] 완료: seed=173 status=ok fea_reversed=False (해석모델 threshold=0.0mN)
[12:34:19] 시작: seed=197 L_M=76.1 phi=120.0 s=77.0 F=0.5mN (동시실행 4개)
[12:41:49] 완료(결과파일 없음, 실패 추정): seed=225
[12:41:49] 시작: seed=1 L_M=50.7 phi=60.0 s=18.0 F=20.0mN (동시실행 4개)
[12:50:19] 완료: seed=7 status=not_converged fea_reversed=None (해석모델 threshold=0.0mN)
[12:50:19] 시작: seed=93 L_M=79.1 phi=60.0 s=46.3 F=20.0mN (동시실행 4개)
[12:55:49] 완료: seed=1 status=ok fea_reversed=True (해석모델 threshold=20.0mN)
[12:55:49] 시작: seed=121 L_M=58.0 phi=-60.0 s=79.2 F=20.0mN (동시실행 4개)
[13:00:39] 완료: seed=9 status=not_converged fea_reversed=None (해석모델 threshold=0.0mN)
[13:02:29] 완료: seed=197 status=not_converged fea_reversed=None (해석모델 threshold=0.0mN)
[13:06:49] 완료: seed=121 status=not_converged fea_reversed=None (해석모델 threshold=20.0mN)
[13:19:09] 완료: seed=93 status=not_converged fea_reversed=None (해석모델 threshold=20.0mN)
[13:19:09] 전체 13개 완료, 저장: /home/user/mscr-mom/현서/scripts/contact_scenarios/fea/../../../data/contact_scenarios/fea/point_load_validation_results.json
[13:19:09] 성공 7/13
