[14:09:44] 4단계(각도 보강) 완료 대기 시작
[17:57:44] 4단계 완료 확인됨
[17:57:44] 실패 케이스 재시도 시작
[17:57:44] 재시도 작업 29개 (동시성 6)
[19:00:44] 재시도 진행: 10/29 작업 시작됨, 6개 실행중
[19:00:59] 재시도 진행: 10/29 작업 시작됨, 6개 실행중
[19:01:14] 재시도 진행: 10/29 작업 시작됨, 6개 실행중
[19:01:29] 재시도 진행: 10/29 작업 시작됨, 6개 실행중
[19:01:44] 재시도 진행: 10/29 작업 시작됨, 6개 실행중
[19:01:59] 재시도 진행: 10/29 작업 시작됨, 6개 실행중
[19:02:14] 재시도 진행: 10/29 작업 시작됨, 6개 실행중
[19:02:29] 재시도 진행: 10/29 작업 시작됨, 6개 실행중
[19:02:44] 재시도 진행: 10/29 작업 시작됨, 6개 실행중
[19:02:59] 재시도 진행: 10/29 작업 시작됨, 6개 실행중
[19:03:14] 재시도 진행: 10/29 작업 시작됨, 6개 실행중
[19:03:29] 재시도 진행: 10/29 작업 시작됨, 6개 실행중
[19:03:44] 재시도 진행: 10/29 작업 시작됨, 6개 실행중
[19:03:59] 재시도 진행: 10/29 작업 시작됨, 6개 실행중
[19:04:14] 재시도 진행: 10/29 작업 시작됨, 6개 실행중
[19:04:29] 재시도 진행: 10/29 작업 시작됨, 6개 실행중
[19:04:44] 재시도 진행: 10/29 작업 시작됨, 6개 실행중
[19:04:59] 재시도 진행: 10/29 작업 시작됨, 6개 실행중
[19:05:14] 재시도 진행: 10/29 작업 시작됨, 6개 실행중
[19:05:29] 재시도 진행: 10/29 작업 시작됨, 6개 실행중
[19:05:44] 재시도 진행: 10/29 작업 시작됨, 6개 실행중
[19:05:59] 재시도 진행: 10/29 작업 시작됨, 6개 실행중
[19:06:14] 재시도 진행: 10/29 작업 시작됨, 6개 실행중
[19:06:29] 재시도 진행: 10/29 작업 시작됨, 6개 실행중
[19:06:44] 재시도 진행: 10/29 작업 시작됨, 6개 실행중
[19:06:59] 재시도 진행: 10/29 작업 시작됨, 6개 실행중
[19:07:14] 재시도 진행: 10/29 작업 시작됨, 6개 실행중
[19:07:29] 재시도 진행: 10/29 작업 시작됨, 6개 실행중
[19:07:44] 재시도 진행: 10/29 작업 시작됨, 6개 실행중
[19:07:59] 재시도 진행: 10/29 작업 시작됨, 6개 실행중
[19:08:14] 재시도 진행: 10/29 작업 시작됨, 6개 실행중
[19:08:29] 재시도 진행: 10/29 작업 시작됨, 6개 실행중
[19:08:44] 재시도 진행: 10/29 작업 시작됨, 6개 실행중
[19:08:59] 재시도 진행: 10/29 작업 시작됨, 6개 실행중
[19:09:14] 재시도 진행: 10/29 작업 시작됨, 6개 실행중
[19:09:29] 재시도 진행: 10/29 작업 시작됨, 6개 실행중
[19:09:44] 재시도 진행: 10/29 작업 시작됨, 6개 실행중
[19:09:59] 재시도 진행: 10/29 작업 시작됨, 6개 실행중
[19:10:14] 재시도 진행: 10/29 작업 시작됨, 6개 실행중
[19:10:29] 재시도 진행: 10/29 작업 시작됨, 6개 실행중
[19:10:44] 재시도 진행: 10/29 작업 시작됨, 6개 실행중
[19:10:59] 재시도 진행: 10/29 작업 시작됨, 6개 실행중
[19:11:14] 재시도 진행: 10/29 작업 시작됨, 6개 실행중
[19:11:29] 재시도 진행: 10/29 작업 시작됨, 6개 실행중
[19:11:44] 재시도 진행: 10/29 작업 시작됨, 6개 실행중
[19:11:59] 재시도 진행: 10/29 작업 시작됨, 6개 실행중
[19:12:14] 재시도 진행: 10/29 작업 시작됨, 6개 실행중
[19:12:29] 재시도 진행: 10/29 작업 시작됨, 6개 실행중
[19:12:44] 재시도 진행: 10/29 작업 시작됨, 6개 실행중
[19:12:59] 재시도 진행: 10/29 작업 시작됨, 6개 실행중
[19:13:14] 재시도 진행: 10/29 작업 시작됨, 6개 실행중
[19:13:29] 재시도 진행: 10/29 작업 시작됨, 6개 실행중
[19:13:44] 재시도 진행: 10/29 작업 시작됨, 6개 실행중
[19:13:59] 재시도 진행: 10/29 작업 시작됨, 6개 실행중
[19:14:14] 재시도 진행: 10/29 작업 시작됨, 6개 실행중
[19:14:29] 재시도 진행: 10/29 작업 시작됨, 6개 실행중
[19:14:44] 재시도 진행: 10/29 작업 시작됨, 6개 실행중
[19:14:59] 재시도 진행: 10/29 작업 시작됨, 6개 실행중
[19:15:14] 재시도 진행: 10/29 작업 시작됨, 6개 실행중
[19:15:29] 재시도 진행: 10/29 작업 시작됨, 6개 실행중
[19:15:44] 재시도 진행: 10/29 작업 시작됨, 6개 실행중
[19:15:59] 재시도 진행: 10/29 작업 시작됨, 6개 실행중
[19:16:14] 재시도 진행: 10/29 작업 시작됨, 6개 실행중
[19:16:29] 재시도 진행: 10/29 작업 시작됨, 6개 실행중
[19:16:44] 재시도 진행: 10/29 작업 시작됨, 6개 실행중
[19:16:59] 재시도 진행: 10/29 작업 시작됨, 6개 실행중
[19:17:14] 재시도 진행: 10/29 작업 시작됨, 6개 실행중
[19:17:29] 재시도 진행: 10/29 작업 시작됨, 6개 실행중
[19:17:44] 재시도 진행: 10/29 작업 시작됨, 6개 실행중
[19:17:59] 재시도 진행: 10/29 작업 시작됨, 6개 실행중
[19:18:14] 재시도 진행: 10/29 작업 시작됨, 6개 실행중
[19:18:29] 재시도 진행: 10/29 작업 시작됨, 6개 실행중
[19:18:44] 재시도 진행: 10/29 작업 시작됨, 6개 실행중
[19:18:59] 재시도 진행: 10/29 작업 시작됨, 6개 실행중
[19:19:14] 재시도 진행: 10/29 작업 시작됨, 6개 실행중
[19:19:29] 재시도 진행: 10/29 작업 시작됨, 6개 실행중
[19:19:44] 재시도 진행: 10/29 작업 시작됨, 6개 실행중
[19:19:59] 재시도 진행: 10/29 작업 시작됨, 6개 실행중
[19:20:14] 재시도 진행: 10/29 작업 시작됨, 6개 실행중
[19:20:29] 재시도 진행: 10/29 작업 시작됨, 6개 실행중
[19:20:44] 재시도 진행: 10/29 작업 시작됨, 6개 실행중
[19:20:59] 재시도 진행: 10/29 작업 시작됨, 6개 실행중
[19:21:14] 재시도 진행: 10/29 작업 시작됨, 6개 실행중
[19:21:29] 재시도 진행: 10/29 작업 시작됨, 6개 실행중
[19:21:44] 재시도 진행: 10/29 작업 시작됨, 6개 실행중
[19:21:59] 재시도 진행: 10/29 작업 시작됨, 6개 실행중
[19:22:14] 재시도 진행: 10/29 작업 시작됨, 6개 실행중
[19:22:29] 재시도 진행: 10/29 작업 시작됨, 6개 실행중
[19:22:44] 재시도 진행: 10/29 작업 시작됨, 6개 실행중
[19:22:59] 재시도 진행: 10/29 작업 시작됨, 6개 실행중
[19:23:14] 재시도 진행: 10/29 작업 시작됨, 6개 실행중
[19:23:29] 재시도 진행: 10/29 작업 시작됨, 6개 실행중
[19:23:44] 재시도 진행: 10/29 작업 시작됨, 6개 실행중
[19:23:59] 재시도 진행: 10/29 작업 시작됨, 6개 실행중
[19:24:14] 재시도 진행: 10/29 작업 시작됨, 6개 실행중
[19:24:29] 재시도 진행: 10/29 작업 시작됨, 6개 실행중
[19:24:44] 재시도 진행: 10/29 작업 시작됨, 6개 실행중
[19:24:59] 재시도 진행: 10/29 작업 시작됨, 6개 실행중
[19:25:14] 재시도 진행: 10/29 작업 시작됨, 6개 실행중
[19:25:29] 재시도 진행: 10/29 작업 시작됨, 6개 실행중
[19:25:44] 재시도 진행: 10/29 작업 시작됨, 6개 실행중
[19:25:59] 재시도 진행: 10/29 작업 시작됨, 6개 실행중
[19:26:14] 재시도 진행: 10/29 작업 시작됨, 6개 실행중
[19:26:29] 재시도 진행: 10/29 작업 시작됨, 6개 실행중
[19:26:44] 재시도 진행: 10/29 작업 시작됨, 6개 실행중
[19:26:59] 재시도 진행: 10/29 작업 시작됨, 6개 실행중
[19:27:14] 재시도 진행: 10/29 작업 시작됨, 6개 실행중
[19:27:29] 재시도 진행: 10/29 작업 시작됨, 6개 실행중
[19:27:44] 재시도 진행: 10/29 작업 시작됨, 6개 실행중
[19:27:59] 재시도 진행: 10/29 작업 시작됨, 6개 실행중
[19:28:14] 재시도 진행: 10/29 작업 시작됨, 6개 실행중
[19:28:29] 재시도 진행: 10/29 작업 시작됨, 6개 실행중
[19:28:44] 재시도 진행: 10/29 작업 시작됨, 6개 실행중
[19:28:59] 재시도 진행: 10/29 작업 시작됨, 6개 실행중
[19:29:14] 재시도 진행: 10/29 작업 시작됨, 6개 실행중
[19:29:29] 재시도 진행: 10/29 작업 시작됨, 6개 실행중
[19:29:44] 재시도 진행: 10/29 작업 시작됨, 6개 실행중
[19:29:59] 재시도 진행: 10/29 작업 시작됨, 6개 실행중
[19:30:14] 재시도 진행: 10/29 작업 시작됨, 6개 실행중
[19:30:29] 재시도 진행: 10/29 작업 시작됨, 6개 실행중
[19:30:44] 재시도 진행: 10/29 작업 시작됨, 6개 실행중
[19:30:59] 재시도 진행: 10/29 작업 시작됨, 6개 실행중
[19:31:14] 재시도 진행: 10/29 작업 시작됨, 6개 실행중
[19:31:29] 재시도 진행: 10/29 작업 시작됨, 6개 실행중
[19:31:44] 재시도 진행: 10/29 작업 시작됨, 6개 실행중
[19:31:59] 재시도 진행: 10/29 작업 시작됨, 6개 실행중
[19:32:14] 재시도 진행: 10/29 작업 시작됨, 6개 실행중
[19:32:29] 재시도 진행: 10/29 작업 시작됨, 6개 실행중
[19:32:44] 재시도 진행: 10/29 작업 시작됨, 6개 실행중
[19:32:59] 재시도 진행: 10/29 작업 시작됨, 6개 실행중
[19:33:14] 재시도 진행: 10/29 작업 시작됨, 6개 실행중
[19:33:29] 재시도 진행: 10/29 작업 시작됨, 6개 실행중
[19:33:44] 재시도 진행: 10/29 작업 시작됨, 6개 실행중
[19:33:59] 재시도 진행: 10/29 작업 시작됨, 6개 실행중
[19:34:14] 재시도 진행: 10/29 작업 시작됨, 6개 실행중
[19:34:29] 재시도 진행: 10/29 작업 시작됨, 6개 실행중
[19:34:44] 재시도 진행: 10/29 작업 시작됨, 6개 실행중
[19:34:59] 재시도 진행: 10/29 작업 시작됨, 6개 실행중
[19:35:14] 재시도 진행: 10/29 작업 시작됨, 6개 실행중
[19:35:29] 재시도 진행: 10/29 작업 시작됨, 6개 실행중
[19:35:44] 재시도 진행: 10/29 작업 시작됨, 6개 실행중
[19:35:59] 재시도 진행: 10/29 작업 시작됨, 6개 실행중
[19:36:14] 재시도 진행: 10/29 작업 시작됨, 6개 실행중
[19:36:29] 재시도 진행: 10/29 작업 시작됨, 5개 실행중
[20:02:59] 재시도 진행: 15/29 작업 시작됨, 6개 실행중
[20:03:14] 재시도 진행: 15/29 작업 시작됨, 6개 실행중
[20:03:29] 재시도 진행: 15/29 작업 시작됨, 6개 실행중
[20:03:44] 재시도 진행: 15/29 작업 시작됨, 6개 실행중
[20:03:59] 재시도 진행: 15/29 작업 시작됨, 6개 실행중
[20:04:14] 재시도 진행: 15/29 작업 시작됨, 6개 실행중
[20:04:29] 재시도 진행: 15/29 작업 시작됨, 6개 실행중
[20:04:44] 재시도 진행: 15/29 작업 시작됨, 6개 실행중
[20:04:59] 재시도 진행: 15/29 작업 시작됨, 6개 실행중
[20:05:14] 재시도 진행: 15/29 작업 시작됨, 6개 실행중
[20:05:29] 재시도 진행: 15/29 작업 시작됨, 6개 실행중
[20:05:44] 재시도 진행: 15/29 작업 시작됨, 6개 실행중
[20:05:59] 재시도 진행: 15/29 작업 시작됨, 6개 실행중
[20:06:14] 재시도 진행: 15/29 작업 시작됨, 6개 실행중
[20:06:29] 재시도 진행: 15/29 작업 시작됨, 6개 실행중
[20:06:44] 재시도 진행: 15/29 작업 시작됨, 6개 실행중
[20:06:59] 재시도 진행: 15/29 작업 시작됨, 6개 실행중
[20:07:14] 재시도 진행: 15/29 작업 시작됨, 6개 실행중
[20:07:29] 재시도 진행: 15/29 작업 시작됨, 6개 실행중
[20:07:44] 재시도 진행: 15/29 작업 시작됨, 6개 실행중
[20:07:59] 재시도 진행: 15/29 작업 시작됨, 6개 실행중
[20:08:14] 재시도 진행: 15/29 작업 시작됨, 6개 실행중
[20:08:29] 재시도 진행: 15/29 작업 시작됨, 6개 실행중
[20:08:44] 재시도 진행: 15/29 작업 시작됨, 6개 실행중
[20:08:59] 재시도 진행: 15/29 작업 시작됨, 6개 실행중
[20:09:14] 재시도 진행: 15/29 작업 시작됨, 6개 실행중
[20:09:29] 재시도 진행: 15/29 작업 시작됨, 6개 실행중
[20:09:44] 재시도 진행: 15/29 작업 시작됨, 6개 실행중
[20:09:59] 재시도 진행: 15/29 작업 시작됨, 6개 실행중
[20:10:14] 재시도 진행: 15/29 작업 시작됨, 6개 실행중
[20:10:29] 재시도 진행: 15/29 작업 시작됨, 6개 실행중
[20:10:44] 재시도 진행: 15/29 작업 시작됨, 6개 실행중
[20:10:59] 재시도 진행: 15/29 작업 시작됨, 6개 실행중
[20:11:14] 재시도 진행: 15/29 작업 시작됨, 6개 실행중
[20:11:29] 재시도 진행: 15/29 작업 시작됨, 6개 실행중
[20:11:44] 재시도 진행: 15/29 작업 시작됨, 6개 실행중
[20:11:59] 재시도 진행: 15/29 작업 시작됨, 6개 실행중
[20:12:14] 재시도 진행: 15/29 작업 시작됨, 6개 실행중
[20:12:29] 재시도 진행: 15/29 작업 시작됨, 6개 실행중
[20:12:44] 재시도 진행: 15/29 작업 시작됨, 6개 실행중
[20:12:59] 재시도 진행: 15/29 작업 시작됨, 6개 실행중
[20:13:14] 재시도 진행: 15/29 작업 시작됨, 6개 실행중
[20:13:29] 재시도 진행: 15/29 작업 시작됨, 6개 실행중
[20:13:44] 재시도 진행: 15/29 작업 시작됨, 6개 실행중
[20:13:59] 재시도 진행: 15/29 작업 시작됨, 6개 실행중
[20:14:14] 재시도 진행: 15/29 작업 시작됨, 6개 실행중
[20:14:29] 재시도 진행: 15/29 작업 시작됨, 6개 실행중
[20:14:44] 재시도 진행: 15/29 작업 시작됨, 6개 실행중
[20:14:59] 재시도 진행: 15/29 작업 시작됨, 6개 실행중
[20:15:14] 재시도 진행: 15/29 작업 시작됨, 6개 실행중
[20:15:29] 재시도 진행: 15/29 작업 시작됨, 6개 실행중
[20:15:44] 재시도 진행: 15/29 작업 시작됨, 6개 실행중
[20:15:59] 재시도 진행: 15/29 작업 시작됨, 6개 실행중
[20:16:14] 재시도 진행: 15/29 작업 시작됨, 6개 실행중
[20:16:29] 재시도 진행: 15/29 작업 시작됨, 6개 실행중
[20:16:44] 재시도 진행: 15/29 작업 시작됨, 6개 실행중
[20:16:59] 재시도 진행: 15/29 작업 시작됨, 6개 실행중
[20:17:14] 재시도 진행: 15/29 작업 시작됨, 6개 실행중
[20:17:29] 재시도 진행: 15/29 작업 시작됨, 6개 실행중
[20:17:44] 재시도 진행: 15/29 작업 시작됨, 6개 실행중
[20:17:59] 재시도 진행: 15/29 작업 시작됨, 6개 실행중
[20:18:14] 재시도 진행: 15/29 작업 시작됨, 6개 실행중
[20:18:29] 재시도 진행: 15/29 작업 시작됨, 6개 실행중
[20:18:44] 재시도 진행: 15/29 작업 시작됨, 6개 실행중
[20:18:59] 재시도 진행: 15/29 작업 시작됨, 6개 실행중
[20:19:14] 재시도 진행: 15/29 작업 시작됨, 6개 실행중
[20:19:29] 재시도 진행: 15/29 작업 시작됨, 6개 실행중
[20:19:44] 재시도 진행: 15/29 작업 시작됨, 6개 실행중
[20:19:59] 재시도 진행: 15/29 작업 시작됨, 6개 실행중
[20:20:14] 재시도 진행: 15/29 작업 시작됨, 6개 실행중
[20:20:29] 재시도 진행: 15/29 작업 시작됨, 6개 실행중
[20:20:44] 재시도 진행: 15/29 작업 시작됨, 6개 실행중
[20:20:59] 재시도 진행: 15/29 작업 시작됨, 6개 실행중
[20:21:14] 재시도 진행: 15/29 작업 시작됨, 6개 실행중
[20:21:29] 재시도 진행: 15/29 작업 시작됨, 6개 실행중
[20:21:44] 재시도 진행: 15/29 작업 시작됨, 6개 실행중
[20:21:59] 재시도 진행: 15/29 작업 시작됨, 5개 실행중
[20:46:59] 재시도 진행: 20/29 작업 시작됨, 6개 실행중
[20:47:14] 재시도 진행: 20/29 작업 시작됨, 6개 실행중
[20:47:29] 재시도 진행: 20/29 작업 시작됨, 6개 실행중
[20:47:44] 재시도 진행: 20/29 작업 시작됨, 6개 실행중
[20:47:59] 재시도 진행: 20/29 작업 시작됨, 6개 실행중
[20:48:14] 재시도 진행: 20/29 작업 시작됨, 6개 실행중
[20:48:29] 재시도 진행: 20/29 작업 시작됨, 6개 실행중
[20:48:44] 재시도 진행: 20/29 작업 시작됨, 6개 실행중
[20:48:59] 재시도 진행: 20/29 작업 시작됨, 6개 실행중
[20:49:14] 재시도 진행: 20/29 작업 시작됨, 6개 실행중
[20:49:29] 재시도 진행: 20/29 작업 시작됨, 6개 실행중
[20:49:44] 재시도 진행: 20/29 작업 시작됨, 6개 실행중
[20:49:59] 재시도 진행: 20/29 작업 시작됨, 6개 실행중
[20:50:14] 재시도 진행: 20/29 작업 시작됨, 6개 실행중
[20:50:29] 재시도 진행: 20/29 작업 시작됨, 6개 실행중
[20:50:44] 재시도 진행: 20/29 작업 시작됨, 6개 실행중
[20:50:59] 재시도 진행: 20/29 작업 시작됨, 6개 실행중
[20:51:14] 재시도 진행: 20/29 작업 시작됨, 6개 실행중
[20:51:29] 재시도 진행: 20/29 작업 시작됨, 6개 실행중
[20:51:44] 재시도 진행: 20/29 작업 시작됨, 6개 실행중
[20:51:59] 재시도 진행: 20/29 작업 시작됨, 6개 실행중
[20:52:14] 재시도 진행: 20/29 작업 시작됨, 6개 실행중
[20:52:29] 재시도 진행: 20/29 작업 시작됨, 6개 실행중
[20:52:44] 재시도 진행: 20/29 작업 시작됨, 6개 실행중
[20:52:59] 재시도 진행: 20/29 작업 시작됨, 6개 실행중
[20:53:14] 재시도 진행: 20/29 작업 시작됨, 6개 실행중
[20:53:29] 재시도 진행: 20/29 작업 시작됨, 6개 실행중
[20:53:44] 재시도 진행: 20/29 작업 시작됨, 6개 실행중
[20:53:59] 재시도 진행: 20/29 작업 시작됨, 6개 실행중
[20:54:14] 재시도 진행: 20/29 작업 시작됨, 6개 실행중
[20:54:29] 재시도 진행: 20/29 작업 시작됨, 6개 실행중
[20:54:44] 재시도 진행: 20/29 작업 시작됨, 6개 실행중
[20:54:59] 재시도 진행: 20/29 작업 시작됨, 6개 실행중
[20:55:14] 재시도 진행: 20/29 작업 시작됨, 6개 실행중
[20:55:29] 재시도 진행: 20/29 작업 시작됨, 6개 실행중
[20:55:44] 재시도 진행: 20/29 작업 시작됨, 6개 실행중
[20:55:59] 재시도 진행: 20/29 작업 시작됨, 6개 실행중
[20:56:14] 재시도 진행: 20/29 작업 시작됨, 6개 실행중
[20:56:29] 재시도 진행: 20/29 작업 시작됨, 6개 실행중
[20:56:44] 재시도 진행: 20/29 작업 시작됨, 6개 실행중
[20:56:59] 재시도 진행: 20/29 작업 시작됨, 6개 실행중
[20:57:14] 재시도 진행: 20/29 작업 시작됨, 6개 실행중
[20:57:29] 재시도 진행: 20/29 작업 시작됨, 6개 실행중
[20:57:44] 재시도 진행: 20/29 작업 시작됨, 6개 실행중
[20:57:59] 재시도 진행: 20/29 작업 시작됨, 6개 실행중
[20:58:14] 재시도 진행: 20/29 작업 시작됨, 6개 실행중
[20:58:29] 재시도 진행: 20/29 작업 시작됨, 6개 실행중
[20:58:44] 재시도 진행: 20/29 작업 시작됨, 6개 실행중
[20:58:59] 재시도 진행: 20/29 작업 시작됨, 6개 실행중
[20:59:14] 재시도 진행: 20/29 작업 시작됨, 6개 실행중
[20:59:29] 재시도 진행: 20/29 작업 시작됨, 6개 실행중
[20:59:44] 재시도 진행: 20/29 작업 시작됨, 6개 실행중
[20:59:59] 재시도 진행: 20/29 작업 시작됨, 6개 실행중
[21:00:14] 재시도 진행: 20/29 작업 시작됨, 6개 실행중
[21:00:29] 재시도 진행: 20/29 작업 시작됨, 6개 실행중
[21:00:44] 재시도 진행: 20/29 작업 시작됨, 6개 실행중
[21:00:59] 재시도 진행: 20/29 작업 시작됨, 6개 실행중
[21:01:14] 재시도 진행: 20/29 작업 시작됨, 6개 실행중
[21:01:29] 재시도 진행: 20/29 작업 시작됨, 6개 실행중
[21:01:44] 재시도 진행: 20/29 작업 시작됨, 6개 실행중
[21:01:59] 재시도 진행: 20/29 작업 시작됨, 6개 실행중
[21:02:14] 재시도 진행: 20/29 작업 시작됨, 6개 실행중
[21:02:29] 재시도 진행: 20/29 작업 시작됨, 6개 실행중
[21:02:44] 재시도 진행: 20/29 작업 시작됨, 6개 실행중
[21:02:59] 재시도 진행: 20/29 작업 시작됨, 6개 실행중
[21:03:14] 재시도 진행: 20/29 작업 시작됨, 6개 실행중
[21:03:29] 재시도 진행: 20/29 작업 시작됨, 6개 실행중
[21:03:44] 재시도 진행: 20/29 작업 시작됨, 6개 실행중
[21:03:59] 재시도 진행: 20/29 작업 시작됨, 6개 실행중
[21:04:14] 재시도 진행: 20/29 작업 시작됨, 6개 실행중
[21:04:29] 재시도 진행: 20/29 작업 시작됨, 6개 실행중
[21:04:44] 재시도 진행: 20/29 작업 시작됨, 6개 실행중
[21:04:59] 재시도 진행: 20/29 작업 시작됨, 6개 실행중
[21:05:14] 재시도 진행: 20/29 작업 시작됨, 6개 실행중
[21:05:29] 재시도 진행: 20/29 작업 시작됨, 6개 실행중
[21:05:44] 재시도 진행: 20/29 작업 시작됨, 6개 실행중
[21:05:59] 재시도 진행: 20/29 작업 시작됨, 6개 실행중
[21:06:14] 재시도 진행: 20/29 작업 시작됨, 6개 실행중
[21:06:29] 재시도 진행: 20/29 작업 시작됨, 6개 실행중
[21:06:44] 재시도 진행: 20/29 작업 시작됨, 6개 실행중
[21:06:59] 재시도 진행: 20/29 작업 시작됨, 6개 실행중
[21:07:14] 재시도 진행: 20/29 작업 시작됨, 6개 실행중
[21:07:29] 재시도 진행: 20/29 작업 시작됨, 6개 실행중
[21:07:44] 재시도 진행: 20/29 작업 시작됨, 6개 실행중
[21:07:59] 재시도 진행: 20/29 작업 시작됨, 6개 실행중
[21:08:14] 재시도 진행: 20/29 작업 시작됨, 6개 실행중
[21:08:29] 재시도 진행: 20/29 작업 시작됨, 6개 실행중
[21:08:44] 재시도 진행: 20/29 작업 시작됨, 6개 실행중
[21:08:59] 재시도 진행: 20/29 작업 시작됨, 6개 실행중
[21:09:14] 재시도 진행: 20/29 작업 시작됨, 6개 실행중
[21:09:29] 재시도 진행: 20/29 작업 시작됨, 6개 실행중
[21:09:44] 재시도 진행: 20/29 작업 시작됨, 6개 실행중
[21:09:59] 재시도 진행: 20/29 작업 시작됨, 6개 실행중
[21:10:14] 재시도 진행: 20/29 작업 시작됨, 6개 실행중
[21:10:29] 재시도 진행: 20/29 작업 시작됨, 6개 실행중
[21:10:44] 재시도 진행: 20/29 작업 시작됨, 6개 실행중
[21:10:59] 재시도 진행: 20/29 작업 시작됨, 6개 실행중
[21:11:14] 재시도 진행: 20/29 작업 시작됨, 6개 실행중
[21:11:29] 재시도 진행: 20/29 작업 시작됨, 6개 실행중
[21:11:44] 재시도 진행: 20/29 작업 시작됨, 6개 실행중
[21:11:59] 재시도 진행: 20/29 작업 시작됨, 6개 실행중
[21:12:14] 재시도 진행: 20/29 작업 시작됨, 6개 실행중
[21:12:29] 재시도 진행: 20/29 작업 시작됨, 6개 실행중
[21:12:44] 재시도 진행: 20/29 작업 시작됨, 6개 실행중
[21:12:59] 재시도 진행: 20/29 작업 시작됨, 6개 실행중
[21:13:14] 재시도 진행: 20/29 작업 시작됨, 6개 실행중
[21:13:29] 재시도 진행: 20/29 작업 시작됨, 5개 실행중
[21:24:29] 재시도 진행: 25/29 작업 시작됨, 6개 실행중
[21:24:44] 재시도 진행: 25/29 작업 시작됨, 6개 실행중
[21:24:59] 재시도 진행: 25/29 작업 시작됨, 6개 실행중
[21:25:14] 재시도 진행: 25/29 작업 시작됨, 6개 실행중
[21:25:29] 재시도 진행: 25/29 작업 시작됨, 6개 실행중
[21:25:44] 재시도 진행: 25/29 작업 시작됨, 6개 실행중
[21:25:59] 재시도 진행: 25/29 작업 시작됨, 6개 실행중
[21:26:14] 재시도 진행: 25/29 작업 시작됨, 6개 실행중
[21:26:29] 재시도 진행: 25/29 작업 시작됨, 6개 실행중
[21:26:44] 재시도 진행: 25/29 작업 시작됨, 6개 실행중
[21:26:59] 재시도 진행: 25/29 작업 시작됨, 6개 실행중
[21:27:14] 재시도 진행: 25/29 작업 시작됨, 6개 실행중
[21:27:29] 재시도 진행: 25/29 작업 시작됨, 6개 실행중
[21:27:44] 재시도 진행: 25/29 작업 시작됨, 6개 실행중
[21:27:59] 재시도 진행: 25/29 작업 시작됨, 6개 실행중
[21:28:14] 재시도 진행: 25/29 작업 시작됨, 6개 실행중
[21:28:29] 재시도 진행: 25/29 작업 시작됨, 6개 실행중
[21:28:44] 재시도 진행: 25/29 작업 시작됨, 6개 실행중
[21:28:59] 재시도 진행: 25/29 작업 시작됨, 6개 실행중
[21:29:14] 재시도 진행: 25/29 작업 시작됨, 6개 실행중
[21:29:29] 재시도 진행: 25/29 작업 시작됨, 6개 실행중
[21:29:44] 재시도 진행: 25/29 작업 시작됨, 6개 실행중
[21:29:59] 재시도 진행: 25/29 작업 시작됨, 6개 실행중
[21:30:14] 재시도 진행: 25/29 작업 시작됨, 6개 실행중
[21:30:29] 재시도 진행: 25/29 작업 시작됨, 6개 실행중
[21:30:44] 재시도 진행: 25/29 작업 시작됨, 6개 실행중
[21:30:59] 재시도 진행: 25/29 작업 시작됨, 6개 실행중
[21:31:14] 재시도 진행: 25/29 작업 시작됨, 6개 실행중
[21:31:29] 재시도 진행: 25/29 작업 시작됨, 6개 실행중
[21:31:44] 재시도 진행: 25/29 작업 시작됨, 6개 실행중
[21:31:59] 재시도 진행: 25/29 작업 시작됨, 6개 실행중
[21:32:14] 재시도 진행: 25/29 작업 시작됨, 6개 실행중
[21:32:29] 재시도 진행: 25/29 작업 시작됨, 6개 실행중
[21:32:44] 재시도 진행: 25/29 작업 시작됨, 6개 실행중
[21:32:59] 재시도 진행: 25/29 작업 시작됨, 6개 실행중
[21:33:14] 재시도 진행: 25/29 작업 시작됨, 6개 실행중
[21:33:29] 재시도 진행: 25/29 작업 시작됨, 6개 실행중
[21:33:44] 재시도 진행: 25/29 작업 시작됨, 6개 실행중
[21:33:59] 재시도 진행: 25/29 작업 시작됨, 6개 실행중
[21:34:14] 재시도 진행: 25/29 작업 시작됨, 6개 실행중
[21:34:29] 재시도 진행: 25/29 작업 시작됨, 6개 실행중
[21:34:44] 재시도 진행: 25/29 작업 시작됨, 6개 실행중
[21:34:59] 재시도 진행: 25/29 작업 시작됨, 6개 실행중
[21:35:14] 재시도 진행: 25/29 작업 시작됨, 6개 실행중
[21:35:29] 재시도 진행: 25/29 작업 시작됨, 6개 실행중
[21:35:44] 재시도 진행: 25/29 작업 시작됨, 6개 실행중
[21:35:59] 재시도 진행: 25/29 작업 시작됨, 6개 실행중
[21:36:14] 재시도 진행: 25/29 작업 시작됨, 5개 실행중
[22:45:14] 실패 케이스 재시도 전체 완료
[22:45:14] 최종 병합: 1단계 55, 2단계 276, 3~4단계(각도) 82
[22:45:14] 대체모델(MLP) 재학습 시작
[22:45:16] 대체모델 학습 데이터: 413개
[22:45:20] === 최종 대체모델 5-fold R^2 ===
[22:45:20]   tip_ux_avg_mm: R^2=0.954
[22:45:20]   tip_uy_avg_mm: R^2=0.950
[22:45:20]   tip_uz_avg_mm: R^2=0.892
[22:45:20]   tip_theta_deg_board: R^2=0.955
[22:45:20]   Fx_total_N: R^2=0.901
[22:45:20]   Fy_total_N: R^2=0.810
[22:45:20]   Fz_total_N: R^2=0.816
[22:45:20]   F_mag_N: R^2=0.970
[22:45:20] 저장: /home/user/mscr-mom/현서/scripts/contact_scenarios/fea/../../../models/fea_surrogate_mlp.pth
[22:45:20] 5만개 합성 데이터 생성 시작
[22:56:04] 합성 시나리오 5000/50000 생성됨 (643s)
Traceback (most recent call last):
  File "/home/user/mscr-mom/현서/scripts/contact_scenarios/fea/master_pipeline.py", line 261, in <module>
    r_free = free_cache[key]
             ~~~~~~~~~~^^^^^
KeyError: (22.0, -83.2)
