[PILOT_BND_s40_d30 1/1] L_M=12.5, phi=-120.0, beta=0.0, s=40.0mm, push_depth=0.3mm ...
Info    : Meshing 1D...
Info    : [  0%] Meshing curve 1 (BSpline)
Info    : [ 10%] Meshing curve 2 (Ellipse)
Info    : [ 20%] Meshing curve 3 (Ellipse)
Info    : [ 30%] Meshing curve 4 (BSpline)
Info    : [ 40%] Meshing curve 5 (BSpline)
Info    : [ 50%] Meshing curve 6 (BSpline)
Info    : [ 60%] Meshing curve 7 (BSpline)
Info    : [ 60%] Meshing curve 8 (BSpline)
Info    : [ 70%] Meshing curve 9 (BSpline)
Info    : [ 90%] Meshing curve 11 (Circle)
Info    : Done meshing 1D (Wall 0.0200437s, CPU 0.02003s)
Info    : Meshing 2D...
Info    : [  0%] Meshing surface 1 (Plane, Frontal-Delaunay)
Info    : [ 20%] Meshing surface 2 (Plane, Frontal-Delaunay)
Info    : [ 40%] Meshing surface 3 (BSpline surface, Frontal-Delaunay)
Info    : [ 60%] Meshing surface 4 (BSpline surface, Frontal-Delaunay)
Info    : [ 70%] Meshing surface 5 (Plane, Frontal-Delaunay)
Info    : [ 90%] Meshing surface 6 (Sphere, Frontal-Delaunay)
Info    : Done meshing 2D (Wall 0.740025s, CPU 0.735928s)
Info    : Meshing 3D...
Info    : 3D Meshing 2 volumes with 2 connected components
Info    : Tetrahedrizing 12671 nodes...
Info    : Done tetrahedrizing 12679 nodes (Wall 0.160646s, CPU 0.151672s)
Info    : Reconstructing mesh...
Info    :  - Creating surface mesh
Info    :  - Identifying boundary edges
Info    :  - Recovering boundary
Info    : Done reconstructing mesh (Wall 0.412612s, CPU 0.386632s)
Info    : Found volume 1
Info    : It. 0 - 0 nodes created - worst tet radius 2.3066 (nodes removed 0 0)
Info    : It. 500 - 500 nodes created - worst tet radius 1.0021 (nodes removed 0 0)
Info    : 3D refinement terminated (13723 nodes total):
Info    :  - 0 Delaunay cavities modified for star shapeness
Info    :  - 0 nodes could not be inserted
Info    :  - 43337 tetrahedra created in 0.032336 sec. (1340208 tets/s)
Info    : 0 node relocations
Info    : Tetrahedrizing 406 nodes...
Info    : Done tetrahedrizing 414 nodes (Wall 0.00242947s, CPU 0.002427s)
Info    : Reconstructing mesh...
Info    :  - Creating surface mesh
Info    :  - Identifying boundary edges
Info    :  - Recovering boundary
Info    : Done reconstructing mesh (Wall 0.00566688s, CPU 0.005666s)
Info    : Found volume 2
Info    : It. 0 - 0 nodes created - worst tet radius 5.48187 (nodes removed 0 0)
Info    : 3D refinement terminated (13380 nodes total):
Info    :  - 0 Delaunay cavities modified for star shapeness
Info    :  - 0 nodes could not be inserted
Info    :  - 2736 tetrahedra created in 0.0112106 sec. (244055 tets/s)
Info    : 0 node relocations
Info    : Done meshing 3D (Wall 0.769202s, CPU 0.742204s)
Info    : Optimizing mesh...
Info    : Optimizing volume 1
Info    : Optimization starts (volume = 235.607) with worst = 0.00420571 / average = 0.683159:
Info    : 0.00 < quality < 0.10 :       187 elements
Info    : 0.10 < quality < 0.20 :       509 elements
Info    : 0.20 < quality < 0.30 :       670 elements
Info    : 0.30 < quality < 0.40 :      1018 elements
Info    : 0.40 < quality < 0.50 :      1459 elements
Info    : 0.50 < quality < 0.60 :      3950 elements
Info    : 0.60 < quality < 0.70 :     10417 elements
Info    : 0.70 < quality < 0.80 :     21042 elements
Info    : 0.80 < quality < 0.90 :      2419 elements
Info    : 0.90 < quality < 1.00 :      1666 elements
Info    : 1310 edge swaps, 19 node relocations (volume = 235.607): worst = 0.121713 / average = 0.700693 (Wall 0.0191289s, CPU 0.019129s)
Info    : 1358 edge swaps, 20 node relocations (volume = 235.607): worst = 0.121713 / average = 0.701222 (Wall 0.022947s, CPU 0.022948s)
Info    : No ill-shaped tets in the mesh :-)
Info    : 0.00 < quality < 0.10 :         0 elements
Info    : 0.10 < quality < 0.20 :         4 elements
Info    : 0.20 < quality < 0.30 :        18 elements
Info    : 0.30 < quality < 0.40 :       920 elements
Info    : 0.40 < quality < 0.50 :      1201 elements
Info    : 0.50 < quality < 0.60 :      3918 elements
Info    : 0.60 < quality < 0.70 :     10954 elements
Info    : 0.70 < quality < 0.80 :     20850 elements
Info    : 0.80 < quality < 0.90 :      2546 elements
Info    : 0.90 < quality < 1.00 :      1668 elements
Info    : Optimizing volume 2
Info    : Optimization starts (volume = 0.264364) with worst = 0.0322472 / average = 0.757448:
Info    : 0.00 < quality < 0.10 :         8 elements
Info    : 0.10 < quality < 0.20 :        21 elements
Info    : 0.20 < quality < 0.30 :        41 elements
Info    : 0.30 < quality < 0.40 :        47 elements
Info    : 0.40 < quality < 0.50 :        99 elements
Info    : 0.50 < quality < 0.60 :       151 elements
Info    : 0.60 < quality < 0.70 :       347 elements
Info    : 0.70 < quality < 0.80 :       678 elements
Info    : 0.80 < quality < 0.90 :       973 elements
Info    : 0.90 < quality < 1.00 :       371 elements
Info    : 70 edge swaps, 0 node relocations (volume = 0.264364): worst = 0.245232 / average = 0.773466 (Wall 0.000692382s, CPU 0.000681s)
Info    : 71 edge swaps, 0 node relocations (volume = 0.264364): worst = 0.300263 / average = 0.77374 (Wall 0.000827976s, CPU 0.000818s)
Info    : No ill-shaped tets in the mesh :-)
Info    : 0.00 < quality < 0.10 :         0 elements
Info    : 0.10 < quality < 0.20 :         0 elements
Info    : 0.20 < quality < 0.30 :         0 elements
Info    : 0.30 < quality < 0.40 :        47 elements
Info    : 0.40 < quality < 0.50 :        95 elements
Info    : 0.50 < quality < 0.60 :       139 elements
Info    : 0.60 < quality < 0.70 :       352 elements
Info    : 0.70 < quality < 0.80 :       676 elements
Info    : 0.80 < quality < 0.90 :       995 elements
Info    : 0.90 < quality < 1.00 :       367 elements
Info    : Done optimizing mesh (Wall 0.0615609s, CPU 0.061549s)
Info    : 14345 nodes 72173 elements
Info    : Meshing order 2 (curvilinear on)...
Info    : [  0%] Meshing curve 1 order 2
Info    : [ 10%] Meshing curve 2 order 2
Info    : [ 20%] Meshing curve 3 order 2
Info    : [ 20%] Meshing curve 4 order 2
Info    : [ 30%] Meshing curve 5 order 2
Info    : [ 30%] Meshing curve 6 order 2
Info    : [ 40%] Meshing curve 7 order 2
Info    : [ 40%] Meshing curve 8 order 2
Info    : [ 50%] Meshing curve 9 order 2
Info    : [ 50%] Meshing curve 10 order 2
Info    : [ 60%] Meshing curve 11 order 2
Info    : [ 60%] Meshing curve 12 order 2
Info    : [ 70%] Meshing surface 1 order 2
Info    : [ 70%] Meshing surface 2 order 2
Info    : [ 80%] Meshing surface 3 order 2
Info    : [ 80%] Meshing surface 4 order 2
Info    : [ 90%] Meshing surface 5 order 2
Info    : [ 90%] Meshing surface 6 order 2
Info    : [100%] Meshing volume 1 order 2
Info    : [100%] Meshing volume 2 order 2
Info    : Surface mesh: worst distortion = 0.797589 (0 elements in ]0, 0.2]); worst gamma = 0.574011
Info    : Volume mesh: worst distortion = 0.172107 (1 elements in ]0, 0.2])
Info    : Done meshing order 2 (Wall 13.3381s, CPU 13.3377s)
Info    : Writing '/home/user/mscr-mom/현서/scripts/contact_scenarios/fea/matv2_mesh_PILOT_BND_s40_d30_s40.inp'...
Info    : Done writing '/home/user/mscr-mom/현서/scripts/contact_scenarios/fea/matv2_mesh_PILOT_BND_s40_d30_s40.inp'
  [PILOT_BND_s40_d30] [실패] (987.4s)
[PILOT_BND_s40_d30] 완료: 0/1 성공
