Info    : Meshing 1D...
Info    : [  0%] Meshing curve 1 (BSpline)
Info    : [ 20%] Meshing curve 2 (Ellipse)
Info    : [ 30%] Meshing curve 3 (Ellipse)
Info    : [ 40%] Meshing curve 4 (BSpline)
Info    : [ 50%] Meshing curve 5 (BSpline)
Info    : [ 60%] Meshing curve 6 (BSpline)
Info    : [ 70%] Meshing curve 7 (BSpline)
Info    : [ 80%] Meshing curve 8 (BSpline)
Info    : [ 90%] Meshing curve 9 (BSpline)
Info    : Done meshing 1D (Wall 0.0213059s, CPU 0.021262s)
Info    : Meshing 2D...
Info    : [  0%] Meshing surface 1 (Plane, Frontal-Delaunay)
Info    : [ 30%] Meshing surface 2 (Plane, Frontal-Delaunay)
Info    : [ 50%] Meshing surface 3 (BSpline surface, Frontal-Delaunay)
Info    : [ 70%] Meshing surface 4 (BSpline surface, Frontal-Delaunay)
Info    : [ 90%] Meshing surface 5 (Plane, Frontal-Delaunay)
Info    : Done meshing 2D (Wall 0.747322s, CPU 0.7414s)
Info    : Meshing 3D...
Info    : 3D Meshing 1 volume with 1 connected component
Info    : Tetrahedrizing 12468 nodes...
Info    : Done tetrahedrizing 12476 nodes (Wall 0.148121s, CPU 0.135102s)
Info    : Reconstructing mesh...
Info    :  - Creating surface mesh
Info    :  - Identifying boundary edges
Info    :  - Recovering boundary
Info    : Done reconstructing mesh (Wall 0.372644s, CPU 0.337551s)
Info    : Found volume 1
Info    : It. 0 - 0 nodes created - worst tet radius 1.03791 (nodes removed 0 0)
Info    : It. 500 - 500 nodes created - worst tet radius 1.00218 (nodes removed 0 0)
Info    : 3D refinement terminated (13125 nodes total):
Info    :  - 0 Delaunay cavities modified for star shapeness
Info    :  - 0 nodes could not be inserted
Info    :  - 43079 tetrahedra created in 0.0267187 sec. (1612318 tets/s)
Info    : 0 node relocations
Info    : Done meshing 3D (Wall 0.629018s, CPU 0.592965s)
Info    : Optimizing mesh...
Info    : Optimizing volume 1
Info    : Optimization starts (volume = 235.594) with worst = 0.000744399 / average = 0.682148:
Info    : 0.00 < quality < 0.10 :       196 elements
Info    : 0.10 < quality < 0.20 :       461 elements
Info    : 0.20 < quality < 0.30 :       636 elements
Info    : 0.30 < quality < 0.40 :      1791 elements
Info    : 0.40 < quality < 0.50 :      1949 elements
Info    : 0.50 < quality < 0.60 :      2995 elements
Info    : 0.60 < quality < 0.70 :      8902 elements
Info    : 0.70 < quality < 0.80 :     21627 elements
Info    : 0.80 < quality < 0.90 :      2585 elements
Info    : 0.90 < quality < 1.00 :      1937 elements
Info    : 1248 edge swaps, 20 node relocations (volume = 235.594): worst = 0.0390757 / average = 0.697957 (Wall 0.0145708s, CPU 0.014571s)
Info    : 1321 edge swaps, 20 node relocations (volume = 235.594): worst = 0.165619 / average = 0.698642 (Wall 0.0179793s, CPU 0.01798s)
Info    : 1328 edge swaps, 20 node relocations (volume = 235.594): worst = 0.165619 / average = 0.698685 (Wall 0.0211215s, CPU 0.021121s)
Info    : No ill-shaped tets in the mesh :-)
Info    : 0.00 < quality < 0.10 :         0 elements
Info    : 0.10 < quality < 0.20 :         1 elements
Info    : 0.20 < quality < 0.30 :        12 elements
Info    : 0.30 < quality < 0.40 :      1759 elements
Info    : 0.40 < quality < 0.50 :      1669 elements
Info    : 0.50 < quality < 0.60 :      3131 elements
Info    : 0.60 < quality < 0.70 :      9334 elements
Info    : 0.70 < quality < 0.80 :     21325 elements
Info    : 0.80 < quality < 0.90 :      2749 elements
Info    : 0.90 < quality < 1.00 :      1947 elements
Info    : Done optimizing mesh (Wall 0.0469554s, CPU 0.046906s)
Info    : 13498 nodes 68086 elements
Info    : Meshing order 2 (curvilinear on)...
Info    : [  0%] Meshing curve 1 order 2
Info    : [ 10%] Meshing curve 2 order 2
Info    : [ 20%] Meshing curve 3 order 2
Info    : [ 30%] Meshing curve 4 order 2
Info    : [ 30%] Meshing curve 5 order 2
Info    : [ 40%] Meshing curve 6 order 2
Info    : [ 50%] Meshing curve 7 order 2
Info    : [ 50%] Meshing curve 8 order 2
Info    : [ 60%] Meshing curve 9 order 2
Info    : [ 70%] Meshing surface 1 order 2
Info    : [ 70%] Meshing surface 2 order 2
Info    : [ 80%] Meshing surface 3 order 2
Info    : [ 90%] Meshing surface 4 order 2
Info    : [ 90%] Meshing surface 5 order 2
Info    : [100%] Meshing volume 1 order 2
Info    : Surface mesh: worst distortion = 0.797589 (0 elements in ]0, 0.2]); worst gamma = 0.701845
Info    : Volume mesh: worst distortion = 0.280849 (0 elements in ]0, 0.2])
Info    : Done meshing order 2 (Wall 16.0366s, CPU 16.0316s)
Info    : Writing '/home/user/mscr-mom/현서/scripts/contact_scenarios/fea/pl_007_mesh.inp'...
Info    : Done writing '/home/user/mscr-mom/현서/scripts/contact_scenarios/fea/pl_007_mesh.inp'
메쉬 생성 완료: 절점 81434개, N_FIXED=184, N_LOAD=52개 (목표점 [52.09651569 61.04617912  3.        ], 반경 1.0mm)
{"seed": 7, "L_M": 57.51, "phi": 60.0, "s": 74.81, "F_ang_deg": 81.1, "F_mag_mN": 0.5, "analytic_threshold_mN": 0.0, "fea_status": "not_converged", "last_time": 0.649001}
