[LM50_phiP120_b0 1/5] L_M=50.0, phi=120.0, beta=0.0, s=60.0mm (stabilize=True) ...
Info    : Meshing 1D...
Info    : [  0%] Meshing curve 1 (BSpline)
Info    : [ 10%] Meshing curve 2 (Ellipse)
Info    : [ 20%] Meshing curve 3 (Ellipse)
Info    : [ 30%] Meshing curve 4 (BSpline)
Info    : [ 40%] Meshing curve 5 (BSpline)
Info    : [ 50%] Meshing curve 6 (BSpline)
Info    : [ 60%] Meshing curve 7 (BSpline)
Info    : [ 60%] Meshing curve 8 (BSpline)
Info    : [ 70%] Meshing curve 9 (BSpline)
Info    : [ 90%] Meshing curve 11 (Circle)
Info    : Done meshing 1D (Wall 0.0267741s, CPU 0.025796s)
Info    : Meshing 2D...
Info    : [  0%] Meshing surface 1 (Plane, Frontal-Delaunay)
Info    : [ 20%] Meshing surface 2 (Plane, Frontal-Delaunay)
Info    : [ 40%] Meshing surface 3 (BSpline surface, Frontal-Delaunay)
Info    : [ 60%] Meshing surface 4 (BSpline surface, Frontal-Delaunay)
Info    : [ 70%] Meshing surface 5 (Plane, Frontal-Delaunay)
Info    : [ 90%] Meshing surface 6 (Sphere, Frontal-Delaunay)
Info    : Done meshing 2D (Wall 0.868422s, CPU 0.854247s)
Info    : Meshing 3D...
Info    : 3D Meshing 2 volumes with 2 connected components
Info    : Tetrahedrizing 12528 nodes...
Info    : Done tetrahedrizing 12536 nodes (Wall 0.214552s, CPU 0.179506s)
Info    : Reconstructing mesh...
Info    :  - Creating surface mesh
Info    :  - Identifying boundary edges
Info    :  - Recovering boundary
Info    : Done reconstructing mesh (Wall 0.609858s, CPU 0.516125s)
Info    : Found volume 1
Info    : It. 0 - 0 nodes created - worst tet radius 1.07199 (nodes removed 0 0)
Info    : It. 500 - 500 nodes created - worst tet radius 1.0003 (nodes removed 0 0)
Info    : 3D refinement terminated (13225 nodes total):
Info    :  - 0 Delaunay cavities modified for star shapeness
Info    :  - 0 nodes could not be inserted
Info    :  - 42477 tetrahedra created in 0.0312628 sec. (1358705 tets/s)
Info    : 0 node relocations
Info    : Tetrahedrizing 131 nodes...
Info    : Done tetrahedrizing 139 nodes (Wall 0.000820936s, CPU 0.000821s)
Info    : Reconstructing mesh...
Info    :  - Creating surface mesh
Info    :  - Identifying boundary edges
Info    :  - Recovering boundary
Info    : Done reconstructing mesh (Wall 0.00179649s, CPU 0.001776s)
Info    : Found volume 2
Info    : It. 0 - 0 nodes created - worst tet radius 3.08624 (nodes removed 0 0)
Info    : 3D refinement terminated (12738 nodes total):
Info    :  - 0 Delaunay cavities modified for star shapeness
Info    :  - 0 nodes could not be inserted
Info    :  - 474 tetrahedra created in 0.00361304 sec. (131191 tets/s)
Info    : 0 node relocations
Info    : Done meshing 3D (Wall 1.03088s, CPU 0.931203s)
Info    : Optimizing mesh...
Info    : Optimizing volume 1
Info    : Optimization starts (volume = 235.623) with worst = 0.00198443 / average = 0.681027:
Info    : 0.00 < quality < 0.10 :       207 elements
Info    : 0.10 < quality < 0.20 :       461 elements
Info    : 0.20 < quality < 0.30 :       743 elements
Info    : 0.30 < quality < 0.40 :       821 elements
Info    : 0.40 < quality < 0.50 :      1377 elements
Info    : 0.50 < quality < 0.60 :      4133 elements
Info    : 0.60 < quality < 0.70 :     10796 elements
Info    : 0.70 < quality < 0.80 :     20173 elements
Info    : 0.80 < quality < 0.90 :      2113 elements
Info    : 0.90 < quality < 1.00 :      1653 elements
Info    : 1321 edge swaps, 12 node relocations (volume = 235.623): worst = 0.0840751 / average = 0.698945 (Wall 0.0182985s, CPU 0.018298s)
Info    : 1380 edge swaps, 12 node relocations (volume = 235.623): worst = 0.0840751 / average = 0.699513 (Wall 0.0225307s, CPU 0.022529s)
Info    : No ill-shaped tets in the mesh :-)
Info    : 0.00 < quality < 0.10 :         1 elements
Info    : 0.10 < quality < 0.20 :         6 elements
Info    : 0.20 < quality < 0.30 :        30 elements
Info    : 0.30 < quality < 0.40 :       723 elements
Info    : 0.40 < quality < 0.50 :      1126 elements
Info    : 0.50 < quality < 0.60 :      4080 elements
Info    : 0.60 < quality < 0.70 :     11386 elements
Info    : 0.70 < quality < 0.80 :     19938 elements
Info    : 0.80 < quality < 0.90 :      2252 elements
Info    : 0.90 < quality < 1.00 :      1655 elements
Info    : Optimizing volume 2
Info    : Optimization starts (volume = 0.256422) with worst = 0.0814445 / average = 0.751893:
Info    : 0.00 < quality < 0.10 :         1 elements
Info    : 0.10 < quality < 0.20 :         3 elements
Info    : 0.20 < quality < 0.30 :         4 elements
Info    : 0.30 < quality < 0.40 :         7 elements
Info    : 0.40 < quality < 0.50 :         6 elements
Info    : 0.50 < quality < 0.60 :        17 elements
Info    : 0.60 < quality < 0.70 :        81 elements
Info    : 0.70 < quality < 0.80 :       184 elements
Info    : 0.80 < quality < 0.90 :       128 elements
Info    : 0.90 < quality < 1.00 :        43 elements
Info    : 8 edge swaps, 0 node relocations (volume = 0.256422): worst = 0.307806 / average = 0.76375 (Wall 0.000131271s, CPU 0.000135s)
Info    : No ill-shaped tets in the mesh :-)
Info    : 0.00 < quality < 0.10 :         0 elements
Info    : 0.10 < quality < 0.20 :         0 elements
Info    : 0.20 < quality < 0.30 :         0 elements
Info    : 0.30 < quality < 0.40 :         7 elements
Info    : 0.40 < quality < 0.50 :         6 elements
Info    : 0.50 < quality < 0.60 :        14 elements
Info    : 0.60 < quality < 0.70 :        78 elements
Info    : 0.70 < quality < 0.80 :       187 elements
Info    : 0.80 < quality < 0.90 :       132 elements
Info    : 0.90 < quality < 1.00 :        42 elements
Info    : Done optimizing mesh (Wall 0.0533582s, CPU 0.053355s)
Info    : 13623 nodes 68238 elements
Info    : Meshing order 2 (curvilinear on)...
Info    : [  0%] Meshing curve 1 order 2
Info    : [ 10%] Meshing curve 2 order 2
Info    : [ 20%] Meshing curve 3 order 2
Info    : [ 20%] Meshing curve 4 order 2
Info    : [ 30%] Meshing curve 5 order 2
Info    : [ 30%] Meshing curve 6 order 2
Info    : [ 40%] Meshing curve 7 order 2
Info    : [ 40%] Meshing curve 8 order 2
Info    : [ 50%] Meshing curve 9 order 2
Info    : [ 50%] Meshing curve 10 order 2
Info    : [ 60%] Meshing curve 11 order 2
Info    : [ 60%] Meshing curve 12 order 2
Info    : [ 70%] Meshing surface 1 order 2
Info    : [ 70%] Meshing surface 2 order 2
Info    : [ 80%] Meshing surface 3 order 2
Info    : [ 80%] Meshing surface 4 order 2
Info    : [ 90%] Meshing surface 5 order 2
Info    : [ 90%] Meshing surface 6 order 2
Info    : [100%] Meshing volume 1 order 2
Info    : [100%] Meshing volume 2 order 2
Info    : Surface mesh: worst distortion = 0.797589 (0 elements in ]0, 0.2]); worst gamma = 0.701258
Info    : Volume mesh: worst distortion = 0.249106 (0 elements in ]0, 0.2])
Info    : Done meshing order 2 (Wall 23.2081s, CPU 23.0649s)
Info    : Writing '/home/user/mscr-mom/현서/scripts/contact_scenarios/fea/stab_mesh_LM50_phiP120_b0_s60.inp'...
Info    : Done writing '/home/user/mscr-mom/현서/scripts/contact_scenarios/fea/stab_mesh_LM50_phiP120_b0_s60.inp'
  [LM50_phiP120_b0] [실패] (722.7s)
[LM50_phiP120_b0 2/5] L_M=50.0, phi=120.0, beta=0.0, s=70.0mm (stabilize=True) ...
Info    : Meshing 1D...
Info    : [  0%] Meshing curve 1 (BSpline)
Info    : [ 10%] Meshing curve 2 (Ellipse)
Info    : [ 20%] Meshing curve 3 (Ellipse)
Info    : [ 30%] Meshing curve 4 (BSpline)
Info    : [ 40%] Meshing curve 5 (BSpline)
Info    : [ 50%] Meshing curve 6 (BSpline)
Info    : [ 60%] Meshing curve 7 (BSpline)
Info    : [ 60%] Meshing curve 8 (BSpline)
Info    : [ 70%] Meshing curve 9 (BSpline)
Info    : [ 90%] Meshing curve 11 (Circle)
Info    : Done meshing 1D (Wall 0.0421035s, CPU 0.042099s)
Info    : Meshing 2D...
Info    : [  0%] Meshing surface 1 (Plane, Frontal-Delaunay)
Info    : [ 20%] Meshing surface 2 (Plane, Frontal-Delaunay)
Info    : [ 40%] Meshing surface 3 (BSpline surface, Frontal-Delaunay)
Info    : [ 60%] Meshing surface 4 (BSpline surface, Frontal-Delaunay)
Info    : [ 70%] Meshing surface 5 (Plane, Frontal-Delaunay)
Info    : [ 90%] Meshing surface 6 (Sphere, Frontal-Delaunay)
Info    : Done meshing 2D (Wall 1.15326s, CPU 1.15313s)
Info    : Meshing 3D...
Info    : 3D Meshing 2 volumes with 2 connected components
Info    : Tetrahedrizing 12528 nodes...
Info    : Done tetrahedrizing 12536 nodes (Wall 0.177849s, CPU 0.165551s)
Info    : Reconstructing mesh...
Info    :  - Creating surface mesh
Info    :  - Identifying boundary edges
Info    :  - Recovering boundary
Info    : Done reconstructing mesh (Wall 0.472525s, CPU 0.446879s)
Info    : Found volume 1
Info    : It. 0 - 0 nodes created - worst tet radius 1.07199 (nodes removed 0 0)
Info    : It. 500 - 500 nodes created - worst tet radius 1.0003 (nodes removed 0 0)
Info    : 3D refinement terminated (13224 nodes total):
Info    :  - 0 Delaunay cavities modified for star shapeness
Info    :  - 0 nodes could not be inserted
Info    :  - 42477 tetrahedra created in 0.0354192 sec. (1199264 tets/s)
Info    : 0 node relocations
Info    : Tetrahedrizing 130 nodes...
Info    : Done tetrahedrizing 138 nodes (Wall 0.00086333s, CPU 0.000863s)
Info    : Reconstructing mesh...
Info    :  - Creating surface mesh
Info    :  - Identifying boundary edges
Info    :  - Recovering boundary
Info    : Done reconstructing mesh (Wall 0.00202464s, CPU 0.002025s)
Info    : Found volume 2
Info    : It. 0 - 0 nodes created - worst tet radius 3.0606 (nodes removed 0 0)
Info    : 3D refinement terminated (12737 nodes total):
Info    :  - 0 Delaunay cavities modified for star shapeness
Info    :  - 0 nodes could not be inserted
Info    :  - 480 tetrahedra created in 0.00711588 sec. (67454 tets/s)
Info    : 0 node relocations
Info    : Done meshing 3D (Wall 0.822037s, CPU 0.79529s)
Info    : Optimizing mesh...
Info    : Optimizing volume 1
Info    : Optimization starts (volume = 235.623) with worst = 0.00198443 / average = 0.681027:
Info    : 0.00 < quality < 0.10 :       207 elements
Info    : 0.10 < quality < 0.20 :       461 elements
Info    : 0.20 < quality < 0.30 :       743 elements
Info    : 0.30 < quality < 0.40 :       821 elements
Info    : 0.40 < quality < 0.50 :      1377 elements
Info    : 0.50 < quality < 0.60 :      4133 elements
Info    : 0.60 < quality < 0.70 :     10796 elements
Info    : 0.70 < quality < 0.80 :     20173 elements
Info    : 0.80 < quality < 0.90 :      2113 elements
Info    : 0.90 < quality < 1.00 :      1653 elements
Info    : 1321 edge swaps, 12 node relocations (volume = 235.623): worst = 0.0840751 / average = 0.698945 (Wall 0.0303495s, CPU 0.030266s)
Info    : 1380 edge swaps, 12 node relocations (volume = 235.623): worst = 0.0840751 / average = 0.699513 (Wall 0.039011s, CPU 0.038822s)
Info    : No ill-shaped tets in the mesh :-)
Info    : 0.00 < quality < 0.10 :         1 elements
Info    : 0.10 < quality < 0.20 :         6 elements
Info    : 0.20 < quality < 0.30 :        30 elements
Info    : 0.30 < quality < 0.40 :       723 elements
Info    : 0.40 < quality < 0.50 :      1126 elements
Info    : 0.50 < quality < 0.60 :      4080 elements
Info    : 0.60 < quality < 0.70 :     11386 elements
Info    : 0.70 < quality < 0.80 :     19938 elements
Info    : 0.80 < quality < 0.90 :      2252 elements
Info    : 0.90 < quality < 1.00 :      1655 elements
Info    : Optimizing volume 2
Info    : Optimization starts (volume = 0.256435) with worst = 0.228555 / average = 0.742463:
Info    : 0.00 < quality < 0.10 :         0 elements
Info    : 0.10 < quality < 0.20 :         0 elements
Info    : 0.20 < quality < 0.30 :         5 elements
Info    : 0.30 < quality < 0.40 :         8 elements
Info    : 0.40 < quality < 0.50 :        22 elements
Info    : 0.50 < quality < 0.60 :        26 elements
Info    : 0.60 < quality < 0.70 :        70 elements
Info    : 0.70 < quality < 0.80 :       181 elements
Info    : 0.80 < quality < 0.90 :       126 elements
Info    : 0.90 < quality < 1.00 :        42 elements
Info    : 5 edge swaps, 0 node relocations (volume = 0.256435): worst = 0.307232 / average = 0.747909 (Wall 0.000196911s, CPU 0.000186s)
Info    : No ill-shaped tets in the mesh :-)
Info    : 0.00 < quality < 0.10 :         0 elements
Info    : 0.10 < quality < 0.20 :         0 elements
Info    : 0.20 < quality < 0.30 :         0 elements
Info    : 0.30 < quality < 0.40 :         9 elements
Info    : 0.40 < quality < 0.50 :        21 elements
Info    : 0.50 < quality < 0.60 :        26 elements
Info    : 0.60 < quality < 0.70 :        68 elements
Info    : 0.70 < quality < 0.80 :       183 elements
Info    : 0.80 < quality < 0.90 :       127 elements
Info    : 0.90 < quality < 1.00 :        42 elements
Info    : Done optimizing mesh (Wall 0.0823728s, CPU 0.080917s)
Info    : 13622 nodes 68246 elements
Info    : Meshing order 2 (curvilinear on)...
Info    : [  0%] Meshing curve 1 order 2
Info    : [ 10%] Meshing curve 2 order 2
Info    : [ 20%] Meshing curve 3 order 2
Info    : [ 20%] Meshing curve 4 order 2
Info    : [ 30%] Meshing curve 5 order 2
Info    : [ 30%] Meshing curve 6 order 2
Info    : [ 40%] Meshing curve 7 order 2
Info    : [ 40%] Meshing curve 8 order 2
Info    : [ 50%] Meshing curve 9 order 2
Info    : [ 50%] Meshing curve 10 order 2
Info    : [ 60%] Meshing curve 11 order 2
Info    : [ 60%] Meshing curve 12 order 2
Info    : [ 70%] Meshing surface 1 order 2
Info    : [ 70%] Meshing surface 2 order 2
Info    : [ 80%] Meshing surface 3 order 2
Info    : [ 80%] Meshing surface 4 order 2
Info    : [ 90%] Meshing surface 5 order 2
Info    : [ 90%] Meshing surface 6 order 2
Info    : [100%] Meshing volume 1 order 2
Info    : [100%] Meshing volume 2 order 2
Info    : Surface mesh: worst distortion = 0.797589 (0 elements in ]0, 0.2]); worst gamma = 0.701258
Info    : Volume mesh: worst distortion = 0.249106 (0 elements in ]0, 0.2])
Info    : Done meshing order 2 (Wall 20.8479s, CPU 20.8265s)
Info    : Writing '/home/user/mscr-mom/현서/scripts/contact_scenarios/fea/stab_mesh_LM50_phiP120_b0_s70.inp'...
Info    : Done writing '/home/user/mscr-mom/현서/scripts/contact_scenarios/fea/stab_mesh_LM50_phiP120_b0_s70.inp'
  [LM50_phiP120_b0] [실패] (1012.2s)
[LM50_phiP120_b0 3/5] L_M=50.0, phi=120.0, beta=0.0, s=80.0mm (stabilize=True) ...
Info    : Meshing 1D...
Info    : [  0%] Meshing curve 1 (BSpline)
Info    : [ 10%] Meshing curve 2 (Ellipse)
Info    : [ 20%] Meshing curve 3 (Ellipse)
Info    : [ 30%] Meshing curve 4 (BSpline)
Info    : [ 40%] Meshing curve 5 (BSpline)
Info    : [ 50%] Meshing curve 6 (BSpline)
Info    : [ 60%] Meshing curve 7 (BSpline)
Info    : [ 60%] Meshing curve 8 (BSpline)
Info    : [ 70%] Meshing curve 9 (BSpline)
Info    : [ 90%] Meshing curve 11 (Circle)
Info    : Done meshing 1D (Wall 0.0436442s, CPU 0.043643s)
Info    : Meshing 2D...
Info    : [  0%] Meshing surface 1 (Plane, Frontal-Delaunay)
Info    : [ 20%] Meshing surface 2 (Plane, Frontal-Delaunay)
Info    : [ 40%] Meshing surface 3 (BSpline surface, Frontal-Delaunay)
Info    : [ 60%] Meshing surface 4 (BSpline surface, Frontal-Delaunay)
Info    : [ 70%] Meshing surface 5 (Plane, Frontal-Delaunay)
Info    : [ 90%] Meshing surface 6 (Sphere, Frontal-Delaunay)
Info    : Done meshing 2D (Wall 1.3102s, CPU 1.30759s)
Info    : Meshing 3D...
Info    : 3D Meshing 2 volumes with 2 connected components
Info    : Tetrahedrizing 12528 nodes...
Info    : Done tetrahedrizing 12536 nodes (Wall 0.198384s, CPU 0.190253s)
Info    : Reconstructing mesh...
Info    :  - Creating surface mesh
Info    :  - Identifying boundary edges
Info    :  - Recovering boundary
Info    : Done reconstructing mesh (Wall 0.622818s, CPU 0.598601s)
Info    : Found volume 1
Info    : It. 0 - 0 nodes created - worst tet radius 1.07199 (nodes removed 0 0)
Info    : It. 500 - 500 nodes created - worst tet radius 1.0003 (nodes removed 0 0)
Info    : 3D refinement terminated (13225 nodes total):
Info    :  - 0 Delaunay cavities modified for star shapeness
Info    :  - 0 nodes could not be inserted
Info    :  - 42477 tetrahedra created in 0.0647578 sec. (655936 tets/s)
Info    : 0 node relocations
Info    : Tetrahedrizing 131 nodes...
Info    : Done tetrahedrizing 139 nodes (Wall 0.00115194s, CPU 0.001151s)
Info    : Reconstructing mesh...
Info    :  - Creating surface mesh
Info    :  - Identifying boundary edges
Info    :  - Recovering boundary
Info    : Done reconstructing mesh (Wall 0.00301115s, CPU 0.002826s)
Info    : Found volume 2
Info    : It. 0 - 0 nodes created - worst tet radius 3.08624 (nodes removed 0 0)
Info    : 3D refinement terminated (12738 nodes total):
Info    :  - 0 Delaunay cavities modified for star shapeness
Info    :  - 0 nodes could not be inserted
Info    :  - 474 tetrahedra created in 0.00602009 sec. (78736 tets/s)
Info    : 0 node relocations
Info    : Done meshing 3D (Wall 1.21684s, CPU 1.14444s)
Info    : Optimizing mesh...
Info    : Optimizing volume 1
Info    : Optimization starts (volume = 235.623) with worst = 0.00198443 / average = 0.681027:
Info    : 0.00 < quality < 0.10 :       207 elements
Info    : 0.10 < quality < 0.20 :       461 elements
Info    : 0.20 < quality < 0.30 :       743 elements
Info    : 0.30 < quality < 0.40 :       821 elements
Info    : 0.40 < quality < 0.50 :      1377 elements
Info    : 0.50 < quality < 0.60 :      4133 elements
Info    : 0.60 < quality < 0.70 :     10796 elements
Info    : 0.70 < quality < 0.80 :     20173 elements
Info    : 0.80 < quality < 0.90 :      2113 elements
Info    : 0.90 < quality < 1.00 :      1653 elements
Info    : 1321 edge swaps, 12 node relocations (volume = 235.623): worst = 0.0840751 / average = 0.698945 (Wall 0.0300206s, CPU 0.029757s)
Info    : 1380 edge swaps, 12 node relocations (volume = 235.623): worst = 0.0840751 / average = 0.699513 (Wall 0.0362314s, CPU 0.035879s)
Info    : No ill-shaped tets in the mesh :-)
Info    : 0.00 < quality < 0.10 :         1 elements
Info    : 0.10 < quality < 0.20 :         6 elements
Info    : 0.20 < quality < 0.30 :        30 elements
Info    : 0.30 < quality < 0.40 :       723 elements
Info    : 0.40 < quality < 0.50 :      1126 elements
Info    : 0.50 < quality < 0.60 :      4080 elements
Info    : 0.60 < quality < 0.70 :     11386 elements
Info    : 0.70 < quality < 0.80 :     19938 elements
Info    : 0.80 < quality < 0.90 :      2252 elements
Info    : 0.90 < quality < 1.00 :      1655 elements
Info    : Optimizing volume 2
Info    : Optimization starts (volume = 0.256422) with worst = 0.0814445 / average = 0.751893:
Info    : 0.00 < quality < 0.10 :         1 elements
Info    : 0.10 < quality < 0.20 :         3 elements
Info    : 0.20 < quality < 0.30 :         4 elements
Info    : 0.30 < quality < 0.40 :         7 elements
Info    : 0.40 < quality < 0.50 :         6 elements
Info    : 0.50 < quality < 0.60 :        17 elements
Info    : 0.60 < quality < 0.70 :        81 elements
Info    : 0.70 < quality < 0.80 :       184 elements
Info    : 0.80 < quality < 0.90 :       128 elements
Info    : 0.90 < quality < 1.00 :        43 elements
Info    : 8 edge swaps, 0 node relocations (volume = 0.256422): worst = 0.307806 / average = 0.76375 (Wall 0.00041367s, CPU 0.000214s)
Info    : No ill-shaped tets in the mesh :-)
Info    : 0.00 < quality < 0.10 :         0 elements
Info    : 0.10 < quality < 0.20 :         0 elements
Info    : 0.20 < quality < 0.30 :         0 elements
Info    : 0.30 < quality < 0.40 :         7 elements
Info    : 0.40 < quality < 0.50 :         6 elements
Info    : 0.50 < quality < 0.60 :        14 elements
Info    : 0.60 < quality < 0.70 :        78 elements
Info    : 0.70 < quality < 0.80 :       187 elements
Info    : 0.80 < quality < 0.90 :       132 elements
Info    : 0.90 < quality < 1.00 :        42 elements
Info    : Done optimizing mesh (Wall 0.0853093s, CPU 0.083326s)
Info    : 13623 nodes 68238 elements
Info    : Meshing order 2 (curvilinear on)...
Info    : [  0%] Meshing curve 1 order 2
Info    : [ 10%] Meshing curve 2 order 2
Info    : [ 20%] Meshing curve 3 order 2
Info    : [ 20%] Meshing curve 4 order 2
Info    : [ 30%] Meshing curve 5 order 2
Info    : [ 30%] Meshing curve 6 order 2
Info    : [ 40%] Meshing curve 7 order 2
Info    : [ 40%] Meshing curve 8 order 2
Info    : [ 50%] Meshing curve 9 order 2
Info    : [ 50%] Meshing curve 10 order 2
Info    : [ 60%] Meshing curve 11 order 2
Info    : [ 60%] Meshing curve 12 order 2
Info    : [ 70%] Meshing surface 1 order 2
Info    : [ 70%] Meshing surface 2 order 2
Info    : [ 80%] Meshing surface 3 order 2
Info    : [ 80%] Meshing surface 4 order 2
Info    : [ 90%] Meshing surface 5 order 2
Info    : [ 90%] Meshing surface 6 order 2
Info    : [100%] Meshing volume 1 order 2
Info    : [100%] Meshing volume 2 order 2
Info    : Surface mesh: worst distortion = 0.797589 (0 elements in ]0, 0.2]); worst gamma = 0.701258
Info    : Volume mesh: worst distortion = 0.249106 (0 elements in ]0, 0.2])
Info    : Done meshing order 2 (Wall 23.0187s, CPU 22.9197s)
Info    : Writing '/home/user/mscr-mom/현서/scripts/contact_scenarios/fea/stab_mesh_LM50_phiP120_b0_s80.inp'...
Info    : Done writing '/home/user/mscr-mom/현서/scripts/contact_scenarios/fea/stab_mesh_LM50_phiP120_b0_s80.inp'
  [LM50_phiP120_b0] [실패] (1270.8s)
[LM50_phiP120_b0 4/5] L_M=50.0, phi=120.0, beta=0.0, s=90.0mm (stabilize=True) ...
Info    : Meshing 1D...
Info    : [  0%] Meshing curve 1 (BSpline)
Info    : [ 10%] Meshing curve 2 (Ellipse)
Info    : [ 20%] Meshing curve 3 (Ellipse)
Info    : [ 30%] Meshing curve 4 (BSpline)
Info    : [ 40%] Meshing curve 5 (BSpline)
Info    : [ 50%] Meshing curve 6 (BSpline)
Info    : [ 60%] Meshing curve 7 (BSpline)
Info    : [ 60%] Meshing curve 8 (BSpline)
Info    : [ 70%] Meshing curve 9 (BSpline)
Info    : [ 90%] Meshing curve 11 (Circle)
Info    : Done meshing 1D (Wall 0.0243812s, CPU 0.02438s)
Info    : Meshing 2D...
Info    : [  0%] Meshing surface 1 (Plane, Frontal-Delaunay)
Info    : [ 20%] Meshing surface 2 (Plane, Frontal-Delaunay)
Info    : [ 40%] Meshing surface 3 (BSpline surface, Frontal-Delaunay)
Info    : [ 60%] Meshing surface 4 (BSpline surface, Frontal-Delaunay)
Info    : [ 70%] Meshing surface 5 (Plane, Frontal-Delaunay)
Info    : [ 90%] Meshing surface 6 (Sphere, Frontal-Delaunay)
Info    : Done meshing 2D (Wall 0.869812s, CPU 0.868692s)
Info    : Meshing 3D...
Info    : 3D Meshing 2 volumes with 2 connected components
Info    : Tetrahedrizing 12528 nodes...
Info    : Done tetrahedrizing 12536 nodes (Wall 0.182452s, CPU 0.168465s)
Info    : Reconstructing mesh...
Info    :  - Creating surface mesh
Info    :  - Identifying boundary edges
Info    :  - Recovering boundary
Info    : Done reconstructing mesh (Wall 0.401873s, CPU 0.377449s)
Info    : Found volume 1
Info    : It. 0 - 0 nodes created - worst tet radius 1.07199 (nodes removed 0 0)
Info    : It. 500 - 500 nodes created - worst tet radius 1.0003 (nodes removed 0 0)
Info    : 3D refinement terminated (13224 nodes total):
Info    :  - 0 Delaunay cavities modified for star shapeness
Info    :  - 0 nodes could not be inserted
Info    :  - 42477 tetrahedra created in 0.0312673 sec. (1358511 tets/s)
Info    : 0 node relocations
Info    : Tetrahedrizing 130 nodes...
Info    : Done tetrahedrizing 138 nodes (Wall 0.000767169s, CPU 0.000767s)
Info    : Reconstructing mesh...
Info    :  - Creating surface mesh
Info    :  - Identifying boundary edges
Info    :  - Recovering boundary
Info    : Done reconstructing mesh (Wall 0.00193238s, CPU 0.001937s)
Info    : Found volume 2
Info    : It. 0 - 0 nodes created - worst tet radius 3.0606 (nodes removed 0 0)
Info    : 3D refinement terminated (12737 nodes total):
Info    :  - 0 Delaunay cavities modified for star shapeness
Info    :  - 0 nodes could not be inserted
Info    :  - 480 tetrahedra created in 0.00521975 sec. (91958 tets/s)
Info    : 0 node relocations
Info    : Done meshing 3D (Wall 0.729581s, CPU 0.704076s)
Info    : Optimizing mesh...
Info    : Optimizing volume 1
Info    : Optimization starts (volume = 235.623) with worst = 0.00198443 / average = 0.681027:
Info    : 0.00 < quality < 0.10 :       207 elements
Info    : 0.10 < quality < 0.20 :       461 elements
Info    : 0.20 < quality < 0.30 :       743 elements
Info    : 0.30 < quality < 0.40 :       821 elements
Info    : 0.40 < quality < 0.50 :      1377 elements
Info    : 0.50 < quality < 0.60 :      4133 elements
Info    : 0.60 < quality < 0.70 :     10796 elements
Info    : 0.70 < quality < 0.80 :     20173 elements
Info    : 0.80 < quality < 0.90 :      2113 elements
Info    : 0.90 < quality < 1.00 :      1653 elements
Info    : 1321 edge swaps, 12 node relocations (volume = 235.623): worst = 0.0840751 / average = 0.698945 (Wall 0.0194608s, CPU 0.019465s)
Info    : 1380 edge swaps, 12 node relocations (volume = 235.623): worst = 0.0840751 / average = 0.699513 (Wall 0.023678s, CPU 0.023682s)
Info    : No ill-shaped tets in the mesh :-)
Info    : 0.00 < quality < 0.10 :         1 elements
Info    : 0.10 < quality < 0.20 :         6 elements
Info    : 0.20 < quality < 0.30 :        30 elements
Info    : 0.30 < quality < 0.40 :       723 elements
Info    : 0.40 < quality < 0.50 :      1126 elements
Info    : 0.50 < quality < 0.60 :      4080 elements
Info    : 0.60 < quality < 0.70 :     11386 elements
Info    : 0.70 < quality < 0.80 :     19938 elements
Info    : 0.80 < quality < 0.90 :      2252 elements
Info    : 0.90 < quality < 1.00 :      1655 elements
Info    : Optimizing volume 2
Info    : Optimization starts (volume = 0.256435) with worst = 0.228555 / average = 0.742463:
Info    : 0.00 < quality < 0.10 :         0 elements
Info    : 0.10 < quality < 0.20 :         0 elements
Info    : 0.20 < quality < 0.30 :         5 elements
Info    : 0.30 < quality < 0.40 :         8 elements
Info    : 0.40 < quality < 0.50 :        22 elements
Info    : 0.50 < quality < 0.60 :        26 elements
Info    : 0.60 < quality < 0.70 :        70 elements
Info    : 0.70 < quality < 0.80 :       181 elements
Info    : 0.80 < quality < 0.90 :       126 elements
Info    : 0.90 < quality < 1.00 :        42 elements
Info    : 5 edge swaps, 0 node relocations (volume = 0.256435): worst = 0.307232 / average = 0.747909 (Wall 9.757e-05s, CPU 0.0001s)
Info    : No ill-shaped tets in the mesh :-)
Info    : 0.00 < quality < 0.10 :         0 elements
Info    : 0.10 < quality < 0.20 :         0 elements
Info    : 0.20 < quality < 0.30 :         0 elements
Info    : 0.30 < quality < 0.40 :         9 elements
Info    : 0.40 < quality < 0.50 :        21 elements
Info    : 0.50 < quality < 0.60 :        26 elements
Info    : 0.60 < quality < 0.70 :        68 elements
Info    : 0.70 < quality < 0.80 :       183 elements
Info    : 0.80 < quality < 0.90 :       127 elements
Info    : 0.90 < quality < 1.00 :        42 elements
Info    : Done optimizing mesh (Wall 0.0646368s, CPU 0.064633s)
Info    : 13622 nodes 68246 elements
Info    : Meshing order 2 (curvilinear on)...
Info    : [  0%] Meshing curve 1 order 2
Info    : [ 10%] Meshing curve 2 order 2
Info    : [ 20%] Meshing curve 3 order 2
Info    : [ 20%] Meshing curve 4 order 2
Info    : [ 30%] Meshing curve 5 order 2
Info    : [ 30%] Meshing curve 6 order 2
Info    : [ 40%] Meshing curve 7 order 2
Info    : [ 40%] Meshing curve 8 order 2
Info    : [ 50%] Meshing curve 9 order 2
Info    : [ 50%] Meshing curve 10 order 2
Info    : [ 60%] Meshing curve 11 order 2
Info    : [ 60%] Meshing curve 12 order 2
Info    : [ 70%] Meshing surface 1 order 2
Info    : [ 70%] Meshing surface 2 order 2
Info    : [ 80%] Meshing surface 3 order 2
Info    : [ 80%] Meshing surface 4 order 2
Info    : [ 90%] Meshing surface 5 order 2
Info    : [ 90%] Meshing surface 6 order 2
Info    : [100%] Meshing volume 1 order 2
Info    : [100%] Meshing volume 2 order 2
Info    : Surface mesh: worst distortion = 0.797589 (0 elements in ]0, 0.2]); worst gamma = 0.701258
Info    : Volume mesh: worst distortion = 0.249106 (0 elements in ]0, 0.2])
Info    : Done meshing order 2 (Wall 21.7914s, CPU 21.7596s)
Info    : Writing '/home/user/mscr-mom/현서/scripts/contact_scenarios/fea/stab_mesh_LM50_phiP120_b0_s90.inp'...
Info    : Done writing '/home/user/mscr-mom/현서/scripts/contact_scenarios/fea/stab_mesh_LM50_phiP120_b0_s90.inp'
  [LM50_phiP120_b0] [실패] (645.5s)
[LM50_phiP120_b0 5/5] L_M=50.0, phi=120.0, beta=0.0, s=100.0mm (stabilize=True) ...
Info    : Meshing 1D...
Info    : [  0%] Meshing curve 1 (BSpline)
Info    : [ 10%] Meshing curve 2 (Ellipse)
Info    : [ 20%] Meshing curve 3 (Ellipse)
Info    : [ 30%] Meshing curve 4 (BSpline)
Info    : [ 40%] Meshing curve 5 (BSpline)
Info    : [ 50%] Meshing curve 6 (BSpline)
Info    : [ 60%] Meshing curve 7 (BSpline)
Info    : [ 60%] Meshing curve 8 (BSpline)
Info    : [ 70%] Meshing curve 9 (BSpline)
Info    : [ 90%] Meshing curve 11 (Circle)
Info    : Done meshing 1D (Wall 0.0476004s, CPU 0.047598s)
Info    : Meshing 2D...
Info    : [  0%] Meshing surface 1 (Plane, Frontal-Delaunay)
Info    : [ 20%] Meshing surface 2 (Plane, Frontal-Delaunay)
Info    : [ 40%] Meshing surface 3 (BSpline surface, Frontal-Delaunay)
Info    : [ 60%] Meshing surface 4 (BSpline surface, Frontal-Delaunay)
Info    : [ 70%] Meshing surface 5 (Plane, Frontal-Delaunay)
Info    : [ 90%] Meshing surface 6 (Sphere, Frontal-Delaunay)
Info    : Done meshing 2D (Wall 1.41051s, CPU 1.40576s)
Info    : Meshing 3D...
Info    : 3D Meshing 2 volumes with 2 connected components
Info    : Tetrahedrizing 12528 nodes...
Info    : Done tetrahedrizing 12536 nodes (Wall 0.232512s, CPU 0.219485s)
Info    : Reconstructing mesh...
Info    :  - Creating surface mesh
Info    :  - Identifying boundary edges
Info    :  - Recovering boundary
Info    : Done reconstructing mesh (Wall 0.634679s, CPU 0.604913s)
Info    : Found volume 1
Info    : It. 0 - 0 nodes created - worst tet radius 1.07199 (nodes removed 0 0)
Info    : It. 500 - 500 nodes created - worst tet radius 1.0003 (nodes removed 0 0)
Info    : 3D refinement terminated (13224 nodes total):
Info    :  - 0 Delaunay cavities modified for star shapeness
Info    :  - 0 nodes could not be inserted
Info    :  - 42477 tetrahedra created in 0.048957 sec. (867639 tets/s)
Info    : 0 node relocations
Info    : Tetrahedrizing 130 nodes...
Info    : Done tetrahedrizing 138 nodes (Wall 0.00102396s, CPU 0.001024s)
Info    : Reconstructing mesh...
Info    :  - Creating surface mesh
Info    :  - Identifying boundary edges
Info    :  - Recovering boundary
Info    : Done reconstructing mesh (Wall 0.00254208s, CPU 0.002547s)
Info    : Found volume 2
Info    : It. 0 - 0 nodes created - worst tet radius 3.0606 (nodes removed 0 0)
Info    : 3D refinement terminated (12737 nodes total):
Info    :  - 0 Delaunay cavities modified for star shapeness
Info    :  - 0 nodes could not be inserted
Info    :  - 480 tetrahedra created in 0.0065434 sec. (73356 tets/s)
Info    : 0 node relocations
Info    : Done meshing 3D (Wall 1.15084s, CPU 1.12099s)
Info    : Optimizing mesh...
Info    : Optimizing volume 1
Info    : Optimization starts (volume = 235.623) with worst = 0.00198443 / average = 0.681027:
Info    : 0.00 < quality < 0.10 :       207 elements
Info    : 0.10 < quality < 0.20 :       461 elements
Info    : 0.20 < quality < 0.30 :       743 elements
Info    : 0.30 < quality < 0.40 :       821 elements
Info    : 0.40 < quality < 0.50 :      1377 elements
Info    : 0.50 < quality < 0.60 :      4133 elements
Info    : 0.60 < quality < 0.70 :     10796 elements
Info    : 0.70 < quality < 0.80 :     20173 elements
Info    : 0.80 < quality < 0.90 :      2113 elements
Info    : 0.90 < quality < 1.00 :      1653 elements
Info    : 1321 edge swaps, 12 node relocations (volume = 235.623): worst = 0.0840751 / average = 0.698945 (Wall 0.0284086s, CPU 0.028407s)
Info    : 1380 edge swaps, 12 node relocations (volume = 235.623): worst = 0.0840751 / average = 0.699513 (Wall 0.0344988s, CPU 0.034501s)
Info    : No ill-shaped tets in the mesh :-)
Info    : 0.00 < quality < 0.10 :         1 elements
Info    : 0.10 < quality < 0.20 :         6 elements
Info    : 0.20 < quality < 0.30 :        30 elements
Info    : 0.30 < quality < 0.40 :       723 elements
Info    : 0.40 < quality < 0.50 :      1126 elements
Info    : 0.50 < quality < 0.60 :      4080 elements
Info    : 0.60 < quality < 0.70 :     11386 elements
Info    : 0.70 < quality < 0.80 :     19938 elements
Info    : 0.80 < quality < 0.90 :      2252 elements
Info    : 0.90 < quality < 1.00 :      1655 elements
Info    : Optimizing volume 2
Info    : Optimization starts (volume = 0.256435) with worst = 0.228555 / average = 0.742463:
Info    : 0.00 < quality < 0.10 :         0 elements
Info    : 0.10 < quality < 0.20 :         0 elements
Info    : 0.20 < quality < 0.30 :         5 elements
Info    : 0.30 < quality < 0.40 :         8 elements
Info    : 0.40 < quality < 0.50 :        22 elements
Info    : 0.50 < quality < 0.60 :        26 elements
Info    : 0.60 < quality < 0.70 :        70 elements
Info    : 0.70 < quality < 0.80 :       181 elements
Info    : 0.80 < quality < 0.90 :       126 elements
Info    : 0.90 < quality < 1.00 :        42 elements
Info    : 5 edge swaps, 0 node relocations (volume = 0.256435): worst = 0.307232 / average = 0.747909 (Wall 0.00015034s, CPU 0.000151s)
Info    : No ill-shaped tets in the mesh :-)
Info    : 0.00 < quality < 0.10 :         0 elements
Info    : 0.10 < quality < 0.20 :         0 elements
Info    : 0.20 < quality < 0.30 :         0 elements
Info    : 0.30 < quality < 0.40 :         9 elements
Info    : 0.40 < quality < 0.50 :        21 elements
Info    : 0.50 < quality < 0.60 :        26 elements
Info    : 0.60 < quality < 0.70 :        68 elements
Info    : 0.70 < quality < 0.80 :       183 elements
Info    : 0.80 < quality < 0.90 :       127 elements
Info    : 0.90 < quality < 1.00 :        42 elements
Info    : Done optimizing mesh (Wall 0.0692923s, CPU 0.06829s)
Info    : 13622 nodes 68246 elements
Info    : Meshing order 2 (curvilinear on)...
Info    : [  0%] Meshing curve 1 order 2
Info    : [ 10%] Meshing curve 2 order 2
Info    : [ 20%] Meshing curve 3 order 2
Info    : [ 20%] Meshing curve 4 order 2
Info    : [ 30%] Meshing curve 5 order 2
Info    : [ 30%] Meshing curve 6 order 2
Info    : [ 40%] Meshing curve 7 order 2
Info    : [ 40%] Meshing curve 8 order 2
Info    : [ 50%] Meshing curve 9 order 2
Info    : [ 50%] Meshing curve 10 order 2
Info    : [ 60%] Meshing curve 11 order 2
Info    : [ 60%] Meshing curve 12 order 2
Info    : [ 70%] Meshing surface 1 order 2
Info    : [ 70%] Meshing surface 2 order 2
Info    : [ 80%] Meshing surface 3 order 2
Info    : [ 80%] Meshing surface 4 order 2
Info    : [ 90%] Meshing surface 5 order 2
Info    : [ 90%] Meshing surface 6 order 2
Info    : [100%] Meshing volume 1 order 2
Info    : [100%] Meshing volume 2 order 2
Info    : Surface mesh: worst distortion = 0.797589 (0 elements in ]0, 0.2]); worst gamma = 0.701258
Info    : Volume mesh: worst distortion = 0.249106 (0 elements in ]0, 0.2])
Info    : Done meshing order 2 (Wall 24.4528s, CPU 24.0308s)
Info    : Writing '/home/user/mscr-mom/현서/scripts/contact_scenarios/fea/stab_mesh_LM50_phiP120_b0_s100.inp'...
Info    : Done writing '/home/user/mscr-mom/현서/scripts/contact_scenarios/fea/stab_mesh_LM50_phiP120_b0_s100.inp'
  [LM50_phiP120_b0] 실패: Command '['ccx', 'stabsweep_LM50_phiP120_b0_05']' timed out after 1800 seconds
  [LM50_phiP120_b0] [실패] (1827.9s)
[LM50_phiP120_b0] 완료: 0/5 성공
