[LM75_phiN30_b0 1/5] L_M=75.0, phi=-30.0, beta=0.0, s=20.0mm (stabilize=True) ...
Info    : Meshing 1D...
Info    : [  0%] Meshing curve 1 (BSpline)
Info    : [ 10%] Meshing curve 2 (Ellipse)
Info    : [ 20%] Meshing curve 3 (Ellipse)
Info    : [ 30%] Meshing curve 4 (BSpline)
Info    : [ 40%] Meshing curve 5 (BSpline)
Info    : [ 50%] Meshing curve 6 (BSpline)
Info    : [ 60%] Meshing curve 7 (BSpline)
Info    : [ 60%] Meshing curve 8 (BSpline)
Info    : [ 70%] Meshing curve 9 (BSpline)
Info    : [ 90%] Meshing curve 11 (Circle)
Info    : Done meshing 1D (Wall 0.0306855s, CPU 0.030131s)
Info    : Meshing 2D...
Info    : [  0%] Meshing surface 1 (Plane, Frontal-Delaunay)
Info    : [ 20%] Meshing surface 2 (Plane, Frontal-Delaunay)
Info    : [ 40%] Meshing surface 3 (BSpline surface, Frontal-Delaunay)
Info    : [ 60%] Meshing surface 4 (BSpline surface, Frontal-Delaunay)
Info    : [ 70%] Meshing surface 5 (Plane, Frontal-Delaunay)
Info    : [ 90%] Meshing surface 6 (Sphere, Frontal-Delaunay)
Info    : Done meshing 2D (Wall 1.32536s, CPU 1.31477s)
Info    : Meshing 3D...
Info    : 3D Meshing 2 volumes with 2 connected components
Info    : Tetrahedrizing 12489 nodes...
Info    : Done tetrahedrizing 12497 nodes (Wall 0.201888s, CPU 0.189821s)
Info    : Reconstructing mesh...
Info    :  - Creating surface mesh
Info    :  - Identifying boundary edges
Info    :  - Recovering boundary
Info    : Done reconstructing mesh (Wall 0.578167s, CPU 0.529141s)
Info    : Found volume 1
Info    : It. 0 - 0 nodes created - worst tet radius 1.07178 (nodes removed 0 0)
Info    : It. 500 - 500 nodes created - worst tet radius 1.00264 (nodes removed 0 0)
Info    : 3D refinement terminated (13300 nodes total):
Info    :  - 0 Delaunay cavities modified for star shapeness
Info    :  - 0 nodes could not be inserted
Info    :  - 43158 tetrahedra created in 0.0604436 sec. (714021 tets/s)
Info    : 0 node relocations
Info    : Tetrahedrizing 130 nodes...
Info    : Done tetrahedrizing 138 nodes (Wall 0.000995306s, CPU 0.000999s)
Info    : Reconstructing mesh...
Info    :  - Creating surface mesh
Info    :  - Identifying boundary edges
Info    :  - Recovering boundary
Info    : Done reconstructing mesh (Wall 0.00290255s, CPU 0.002905s)
Info    : Found volume 2
Info    : It. 0 - 0 nodes created - worst tet radius 3.06344 (nodes removed 0 0)
Info    : 3D refinement terminated (12699 nodes total):
Info    :  - 0 Delaunay cavities modified for star shapeness
Info    :  - 0 nodes could not be inserted
Info    :  - 487 tetrahedra created in 0.00753734 sec. (64611 tets/s)
Info    : 0 node relocations
Info    : Done meshing 3D (Wall 1.06092s, CPU 1.01046s)
Info    : Optimizing mesh...
Info    : Optimizing volume 1
Info    : Optimization starts (volume = 235.586) with worst = 0.00303157 / average = 0.684055:
Info    : 0.00 < quality < 0.10 :       248 elements
Info    : 0.10 < quality < 0.20 :       465 elements
Info    : 0.20 < quality < 0.30 :       750 elements
Info    : 0.30 < quality < 0.40 :       860 elements
Info    : 0.40 < quality < 0.50 :      1230 elements
Info    : 0.50 < quality < 0.60 :      4154 elements
Info    : 0.60 < quality < 0.70 :     11120 elements
Info    : 0.70 < quality < 0.80 :     19615 elements
Info    : 0.80 < quality < 0.90 :      2659 elements
Info    : 0.90 < quality < 1.00 :      2057 elements
Info    : 1376 edge swaps, 30 node relocations (volume = 235.586): worst = 0.0637785 / average = 0.702621 (Wall 0.0312302s, CPU 0.031227s)
Info    : 1449 edge swaps, 30 node relocations (volume = 235.586): worst = 0.180761 / average = 0.703524 (Wall 0.0369923s, CPU 0.03699s)
Info    : 1454 edge swaps, 30 node relocations (volume = 235.586): worst = 0.180761 / average = 0.703581 (Wall 0.0407163s, CPU 0.040715s)
Info    : No ill-shaped tets in the mesh :-)
Info    : 0.00 < quality < 0.10 :         0 elements
Info    : 0.10 < quality < 0.20 :         2 elements
Info    : 0.20 < quality < 0.30 :        19 elements
Info    : 0.30 < quality < 0.40 :       699 elements
Info    : 0.40 < quality < 0.50 :      1031 elements
Info    : 0.50 < quality < 0.60 :      4220 elements
Info    : 0.60 < quality < 0.70 :     11540 elements
Info    : 0.70 < quality < 0.80 :     19367 elements
Info    : 0.80 < quality < 0.90 :      2890 elements
Info    : 0.90 < quality < 1.00 :      2067 elements
Info    : Optimizing volume 2
Info    : Optimization starts (volume = 0.256435) with worst = 0.191529 / average = 0.744184:
Info    : 0.00 < quality < 0.10 :         0 elements
Info    : 0.10 < quality < 0.20 :         1 elements
Info    : 0.20 < quality < 0.30 :         5 elements
Info    : 0.30 < quality < 0.40 :         7 elements
Info    : 0.40 < quality < 0.50 :        28 elements
Info    : 0.50 < quality < 0.60 :        21 elements
Info    : 0.60 < quality < 0.70 :        72 elements
Info    : 0.70 < quality < 0.80 :       168 elements
Info    : 0.80 < quality < 0.90 :       144 elements
Info    : 0.90 < quality < 1.00 :        41 elements
Info    : 6 edge swaps, 0 node relocations (volume = 0.256435): worst = 0.347362 / average = 0.751388 (Wall 0.00013117s, CPU 0.00013s)
Info    : No ill-shaped tets in the mesh :-)
Info    : 0.00 < quality < 0.10 :         0 elements
Info    : 0.10 < quality < 0.20 :         0 elements
Info    : 0.20 < quality < 0.30 :         0 elements
Info    : 0.30 < quality < 0.40 :         7 elements
Info    : 0.40 < quality < 0.50 :        25 elements
Info    : 0.50 < quality < 0.60 :        22 elements
Info    : 0.60 < quality < 0.70 :        74 elements
Info    : 0.70 < quality < 0.80 :       170 elements
Info    : 0.80 < quality < 0.90 :       143 elements
Info    : 0.90 < quality < 1.00 :        41 elements
Info    : Done optimizing mesh (Wall 0.0877638s, CPU 0.087755s)
Info    : 13699 nodes 68788 elements
Info    : Meshing order 2 (curvilinear on)...
Info    : [  0%] Meshing curve 1 order 2
Info    : [ 10%] Meshing curve 2 order 2
Info    : [ 20%] Meshing curve 3 order 2
Info    : [ 20%] Meshing curve 4 order 2
Info    : [ 30%] Meshing curve 5 order 2
Info    : [ 30%] Meshing curve 6 order 2
Info    : [ 40%] Meshing curve 7 order 2
Info    : [ 40%] Meshing curve 8 order 2
Info    : [ 50%] Meshing curve 9 order 2
Info    : [ 50%] Meshing curve 10 order 2
Info    : [ 60%] Meshing curve 11 order 2
Info    : [ 60%] Meshing curve 12 order 2
Info    : [ 70%] Meshing surface 1 order 2
Info    : [ 70%] Meshing surface 2 order 2
Info    : [ 80%] Meshing surface 3 order 2
Info    : [ 80%] Meshing surface 4 order 2
Info    : [ 90%] Meshing surface 5 order 2
Info    : [ 90%] Meshing surface 6 order 2
Info    : [100%] Meshing volume 1 order 2
Info    : [100%] Meshing volume 2 order 2
Info    : Surface mesh: worst distortion = 0.797589 (0 elements in ]0, 0.2]); worst gamma = 0.718546
Info    : Volume mesh: worst distortion = 0.275046 (0 elements in ]0, 0.2])
Info    : Done meshing order 2 (Wall 20.1293s, CPU 19.9573s)
Info    : Writing '/home/user/mscr-mom/현서/scripts/contact_scenarios/fea/stab_mesh_LM75_phiN30_b0_s20.inp'...
Info    : Done writing '/home/user/mscr-mom/현서/scripts/contact_scenarios/fea/stab_mesh_LM75_phiN30_b0_s20.inp'
  [LM75_phiN30_b0] [실패] (1133.0s)
[LM75_phiN30_b0 2/5] L_M=75.0, phi=-30.0, beta=0.0, s=40.0mm (stabilize=True) ...
Info    : Meshing 1D...
Info    : [  0%] Meshing curve 1 (BSpline)
Info    : [ 10%] Meshing curve 2 (Ellipse)
Info    : [ 20%] Meshing curve 3 (Ellipse)
Info    : [ 30%] Meshing curve 4 (BSpline)
Info    : [ 40%] Meshing curve 5 (BSpline)
Info    : [ 50%] Meshing curve 6 (BSpline)
Info    : [ 60%] Meshing curve 7 (BSpline)
Info    : [ 60%] Meshing curve 8 (BSpline)
Info    : [ 70%] Meshing curve 9 (BSpline)
Info    : [ 90%] Meshing curve 11 (Circle)
Info    : Done meshing 1D (Wall 0.0328402s, CPU 0.032267s)
Info    : Meshing 2D...
Info    : [  0%] Meshing surface 1 (Plane, Frontal-Delaunay)
Info    : [ 20%] Meshing surface 2 (Plane, Frontal-Delaunay)
Info    : [ 40%] Meshing surface 3 (BSpline surface, Frontal-Delaunay)
Info    : [ 60%] Meshing surface 4 (BSpline surface, Frontal-Delaunay)
Info    : [ 70%] Meshing surface 5 (Plane, Frontal-Delaunay)
Info    : [ 90%] Meshing surface 6 (Sphere, Frontal-Delaunay)
Info    : Done meshing 2D (Wall 1.41092s, CPU 1.40368s)
Info    : Meshing 3D...
Info    : 3D Meshing 2 volumes with 2 connected components
Info    : Tetrahedrizing 12489 nodes...
Info    : Done tetrahedrizing 12497 nodes (Wall 0.220193s, CPU 0.209192s)
Info    : Reconstructing mesh...
Info    :  - Creating surface mesh
Info    :  - Identifying boundary edges
Info    :  - Recovering boundary
Info    : Done reconstructing mesh (Wall 0.644305s, CPU 0.615706s)
Info    : Found volume 1
Info    : It. 0 - 0 nodes created - worst tet radius 1.07178 (nodes removed 0 0)
Info    : It. 500 - 500 nodes created - worst tet radius 1.00264 (nodes removed 0 0)
Info    : 3D refinement terminated (13300 nodes total):
Info    :  - 0 Delaunay cavities modified for star shapeness
Info    :  - 0 nodes could not be inserted
Info    :  - 43158 tetrahedra created in 0.0643119 sec. (671073 tets/s)
Info    : 0 node relocations
Info    : Tetrahedrizing 130 nodes...
Info    : Done tetrahedrizing 138 nodes (Wall 0.00115418s, CPU 0.001152s)
Info    : Reconstructing mesh...
Info    :  - Creating surface mesh
Info    :  - Identifying boundary edges
Info    :  - Recovering boundary
Info    : Done reconstructing mesh (Wall 0.00497168s, CPU 0.004558s)
Info    : Found volume 2
Info    : It. 0 - 0 nodes created - worst tet radius 3.06344 (nodes removed 0 0)
Info    : 3D refinement terminated (12699 nodes total):
Info    :  - 0 Delaunay cavities modified for star shapeness
Info    :  - 0 nodes could not be inserted
Info    :  - 487 tetrahedra created in 0.0122256 sec. (39834 tets/s)
Info    : 0 node relocations
Info    : Done meshing 3D (Wall 1.27147s, CPU 1.21424s)
Info    : Optimizing mesh...
Info    : Optimizing volume 1
Info    : Optimization starts (volume = 235.586) with worst = 0.00303157 / average = 0.684055:
Info    : 0.00 < quality < 0.10 :       248 elements
Info    : 0.10 < quality < 0.20 :       465 elements
Info    : 0.20 < quality < 0.30 :       750 elements
Info    : 0.30 < quality < 0.40 :       860 elements
Info    : 0.40 < quality < 0.50 :      1230 elements
Info    : 0.50 < quality < 0.60 :      4154 elements
Info    : 0.60 < quality < 0.70 :     11120 elements
Info    : 0.70 < quality < 0.80 :     19615 elements
Info    : 0.80 < quality < 0.90 :      2659 elements
Info    : 0.90 < quality < 1.00 :      2057 elements
Info    : 1376 edge swaps, 30 node relocations (volume = 235.586): worst = 0.0637785 / average = 0.702621 (Wall 0.0258313s, CPU 0.025744s)
Info    : 1449 edge swaps, 30 node relocations (volume = 235.586): worst = 0.180761 / average = 0.703524 (Wall 0.0304469s, CPU 0.030254s)
Info    : 1454 edge swaps, 30 node relocations (volume = 235.586): worst = 0.180761 / average = 0.703581 (Wall 0.0403037s, CPU 0.034189s)
Info    : No ill-shaped tets in the mesh :-)
Info    : 0.00 < quality < 0.10 :         0 elements
Info    : 0.10 < quality < 0.20 :         2 elements
Info    : 0.20 < quality < 0.30 :        19 elements
Info    : 0.30 < quality < 0.40 :       699 elements
Info    : 0.40 < quality < 0.50 :      1031 elements
Info    : 0.50 < quality < 0.60 :      4220 elements
Info    : 0.60 < quality < 0.70 :     11540 elements
Info    : 0.70 < quality < 0.80 :     19367 elements
Info    : 0.80 < quality < 0.90 :      2890 elements
Info    : 0.90 < quality < 1.00 :      2067 elements
Info    : Optimizing volume 2
Info    : Optimization starts (volume = 0.256435) with worst = 0.191529 / average = 0.744184:
Info    : 0.00 < quality < 0.10 :         0 elements
Info    : 0.10 < quality < 0.20 :         1 elements
Info    : 0.20 < quality < 0.30 :         5 elements
Info    : 0.30 < quality < 0.40 :         7 elements
Info    : 0.40 < quality < 0.50 :        28 elements
Info    : 0.50 < quality < 0.60 :        21 elements
Info    : 0.60 < quality < 0.70 :        72 elements
Info    : 0.70 < quality < 0.80 :       168 elements
Info    : 0.80 < quality < 0.90 :       144 elements
Info    : 0.90 < quality < 1.00 :        41 elements
Info    : 6 edge swaps, 0 node relocations (volume = 0.256435): worst = 0.347362 / average = 0.751388 (Wall 0.000558482s, CPU 0.000205s)
Info    : No ill-shaped tets in the mesh :-)
Info    : 0.00 < quality < 0.10 :         0 elements
Info    : 0.10 < quality < 0.20 :         0 elements
Info    : 0.20 < quality < 0.30 :         0 elements
Info    : 0.30 < quality < 0.40 :         7 elements
Info    : 0.40 < quality < 0.50 :        25 elements
Info    : 0.50 < quality < 0.60 :        22 elements
Info    : 0.60 < quality < 0.70 :        74 elements
Info    : 0.70 < quality < 0.80 :       170 elements
Info    : 0.80 < quality < 0.90 :       143 elements
Info    : 0.90 < quality < 1.00 :        41 elements
Info    : Done optimizing mesh (Wall 0.103069s, CPU 0.090239s)
Info    : 13699 nodes 68788 elements
Info    : Meshing order 2 (curvilinear on)...
Info    : [  0%] Meshing curve 1 order 2
Info    : [ 10%] Meshing curve 2 order 2
Info    : [ 20%] Meshing curve 3 order 2
Info    : [ 20%] Meshing curve 4 order 2
Info    : [ 30%] Meshing curve 5 order 2
Info    : [ 30%] Meshing curve 6 order 2
Info    : [ 40%] Meshing curve 7 order 2
Info    : [ 40%] Meshing curve 8 order 2
Info    : [ 50%] Meshing curve 9 order 2
Info    : [ 50%] Meshing curve 10 order 2
Info    : [ 60%] Meshing curve 11 order 2
Info    : [ 60%] Meshing curve 12 order 2
Info    : [ 70%] Meshing surface 1 order 2
Info    : [ 70%] Meshing surface 2 order 2
Info    : [ 80%] Meshing surface 3 order 2
Info    : [ 80%] Meshing surface 4 order 2
Info    : [ 90%] Meshing surface 5 order 2
Info    : [ 90%] Meshing surface 6 order 2
Info    : [100%] Meshing volume 1 order 2
Info    : [100%] Meshing volume 2 order 2
Info    : Surface mesh: worst distortion = 0.797589 (0 elements in ]0, 0.2]); worst gamma = 0.718546
Info    : Volume mesh: worst distortion = 0.275046 (0 elements in ]0, 0.2])
Info    : Done meshing order 2 (Wall 25.1534s, CPU 24.7608s)
Info    : Writing '/home/user/mscr-mom/현서/scripts/contact_scenarios/fea/stab_mesh_LM75_phiN30_b0_s40.inp'...
Info    : Done writing '/home/user/mscr-mom/현서/scripts/contact_scenarios/fea/stab_mesh_LM75_phiN30_b0_s40.inp'
  [LM75_phiN30_b0] F_mag=0.0023mN  (587.2s)
[LM75_phiN30_b0 3/5] L_M=75.0, phi=-30.0, beta=0.0, s=50.0mm (stabilize=True) ...
Info    : Meshing 1D...
Info    : [  0%] Meshing curve 1 (BSpline)
Info    : [ 10%] Meshing curve 2 (Ellipse)
Info    : [ 20%] Meshing curve 3 (Ellipse)
Info    : [ 30%] Meshing curve 4 (BSpline)
Info    : [ 40%] Meshing curve 5 (BSpline)
Info    : [ 50%] Meshing curve 6 (BSpline)
Info    : [ 60%] Meshing curve 7 (BSpline)
Info    : [ 60%] Meshing curve 8 (BSpline)
Info    : [ 70%] Meshing curve 9 (BSpline)
Info    : [ 90%] Meshing curve 11 (Circle)
Info    : Done meshing 1D (Wall 0.0338157s, CPU 0.033806s)
Info    : Meshing 2D...
Info    : [  0%] Meshing surface 1 (Plane, Frontal-Delaunay)
Info    : [ 20%] Meshing surface 2 (Plane, Frontal-Delaunay)
Info    : [ 40%] Meshing surface 3 (BSpline surface, Frontal-Delaunay)
Info    : [ 60%] Meshing surface 4 (BSpline surface, Frontal-Delaunay)
Info    : [ 70%] Meshing surface 5 (Plane, Frontal-Delaunay)
Info    : [ 90%] Meshing surface 6 (Sphere, Frontal-Delaunay)
Info    : Done meshing 2D (Wall 1.49271s, CPU 1.49162s)
Info    : Meshing 3D...
Info    : 3D Meshing 2 volumes with 2 connected components
Info    : Tetrahedrizing 12489 nodes...
Info    : Done tetrahedrizing 12497 nodes (Wall 0.191158s, CPU 0.182155s)
Info    : Reconstructing mesh...
Info    :  - Creating surface mesh
Info    :  - Identifying boundary edges
Info    :  - Recovering boundary
Info    : Done reconstructing mesh (Wall 0.483522s, CPU 0.461488s)
Info    : Found volume 1
Info    : It. 0 - 0 nodes created - worst tet radius 1.07178 (nodes removed 0 0)
Info    : It. 500 - 500 nodes created - worst tet radius 1.00264 (nodes removed 0 0)
Info    : 3D refinement terminated (13301 nodes total):
Info    :  - 0 Delaunay cavities modified for star shapeness
Info    :  - 0 nodes could not be inserted
Info    :  - 43158 tetrahedra created in 0.0679709 sec. (634948 tets/s)
Info    : 0 node relocations
Info    : Tetrahedrizing 131 nodes...
Info    : Done tetrahedrizing 139 nodes (Wall 0.0010695s, CPU 0.001075s)
Info    : Reconstructing mesh...
Info    :  - Creating surface mesh
Info    :  - Identifying boundary edges
Info    :  - Recovering boundary
Info    : Done reconstructing mesh (Wall 0.00344771s, CPU 0.003288s)
Info    : Found volume 2
Info    : It. 0 - 0 nodes created - worst tet radius 3.14022 (nodes removed 0 0)
Info    : 3D refinement terminated (12701 nodes total):
Info    :  - 0 Delaunay cavities modified for star shapeness
Info    :  - 0 nodes could not be inserted
Info    :  - 506 tetrahedra created in 0.0083652 sec. (60488 tets/s)
Info    : 0 node relocations
Info    : Done meshing 3D (Wall 1.10718s, CPU 1.08437s)
Info    : Optimizing mesh...
Info    : Optimizing volume 1
Info    : Optimization starts (volume = 235.586) with worst = 0.00303157 / average = 0.684055:
Info    : 0.00 < quality < 0.10 :       248 elements
Info    : 0.10 < quality < 0.20 :       465 elements
Info    : 0.20 < quality < 0.30 :       750 elements
Info    : 0.30 < quality < 0.40 :       860 elements
Info    : 0.40 < quality < 0.50 :      1230 elements
Info    : 0.50 < quality < 0.60 :      4154 elements
Info    : 0.60 < quality < 0.70 :     11120 elements
Info    : 0.70 < quality < 0.80 :     19615 elements
Info    : 0.80 < quality < 0.90 :      2659 elements
Info    : 0.90 < quality < 1.00 :      2057 elements
Info    : 1376 edge swaps, 30 node relocations (volume = 235.586): worst = 0.0637785 / average = 0.702621 (Wall 0.0353943s, CPU 0.035265s)
Info    : 1449 edge swaps, 30 node relocations (volume = 235.586): worst = 0.180761 / average = 0.703524 (Wall 0.0444636s, CPU 0.044236s)
Info    : 1454 edge swaps, 30 node relocations (volume = 235.586): worst = 0.180761 / average = 0.703581 (Wall 0.0518815s, CPU 0.051536s)
Info    : No ill-shaped tets in the mesh :-)
Info    : 0.00 < quality < 0.10 :         0 elements
Info    : 0.10 < quality < 0.20 :         2 elements
Info    : 0.20 < quality < 0.30 :        19 elements
Info    : 0.30 < quality < 0.40 :       699 elements
Info    : 0.40 < quality < 0.50 :      1031 elements
Info    : 0.50 < quality < 0.60 :      4220 elements
Info    : 0.60 < quality < 0.70 :     11540 elements
Info    : 0.70 < quality < 0.80 :     19367 elements
Info    : 0.80 < quality < 0.90 :      2890 elements
Info    : 0.90 < quality < 1.00 :      2067 elements
Info    : Optimizing volume 2
Info    : Optimization starts (volume = 0.256422) with worst = 0.00650602 / average = 0.729878:
Info    : 0.00 < quality < 0.10 :         3 elements
Info    : 0.10 < quality < 0.20 :         2 elements
Info    : 0.20 < quality < 0.30 :         6 elements
Info    : 0.30 < quality < 0.40 :        12 elements
Info    : 0.40 < quality < 0.50 :        25 elements
Info    : 0.50 < quality < 0.60 :        25 elements
Info    : 0.60 < quality < 0.70 :        78 elements
Info    : 0.70 < quality < 0.80 :       184 elements
Info    : 0.80 < quality < 0.90 :       136 elements
Info    : 0.90 < quality < 1.00 :        35 elements
Info    : 11 edge swaps, 0 node relocations (volume = 0.256422): worst = 0.30484 / average = 0.745491 (Wall 0.000218635s, CPU 0.000219s)
Info    : No ill-shaped tets in the mesh :-)
Info    : 0.00 < quality < 0.10 :         0 elements
Info    : 0.10 < quality < 0.20 :         0 elements
Info    : 0.20 < quality < 0.30 :         0 elements
Info    : 0.30 < quality < 0.40 :        12 elements
Info    : 0.40 < quality < 0.50 :        22 elements
Info    : 0.50 < quality < 0.60 :        22 elements
Info    : 0.60 < quality < 0.70 :        79 elements
Info    : 0.70 < quality < 0.80 :       187 elements
Info    : 0.80 < quality < 0.90 :       138 elements
Info    : 0.90 < quality < 1.00 :        35 elements
Info    : Done optimizing mesh (Wall 0.120969s, CPU 0.119351s)
Info    : 13701 nodes 68803 elements
Info    : Meshing order 2 (curvilinear on)...
Info    : [  0%] Meshing curve 1 order 2
Info    : [ 10%] Meshing curve 2 order 2
Info    : [ 20%] Meshing curve 3 order 2
Info    : [ 20%] Meshing curve 4 order 2
Info    : [ 30%] Meshing curve 5 order 2
Info    : [ 30%] Meshing curve 6 order 2
Info    : [ 40%] Meshing curve 7 order 2
Info    : [ 40%] Meshing curve 8 order 2
Info    : [ 50%] Meshing curve 9 order 2
Info    : [ 50%] Meshing curve 10 order 2
Info    : [ 60%] Meshing curve 11 order 2
Info    : [ 60%] Meshing curve 12 order 2
Info    : [ 70%] Meshing surface 1 order 2
Info    : [ 70%] Meshing surface 2 order 2
Info    : [ 80%] Meshing surface 3 order 2
Info    : [ 80%] Meshing surface 4 order 2
Info    : [ 90%] Meshing surface 5 order 2
Info    : [ 90%] Meshing surface 6 order 2
Info    : [100%] Meshing volume 1 order 2
Info    : [100%] Meshing volume 2 order 2
Info    : Surface mesh: worst distortion = 0.797589 (0 elements in ]0, 0.2]); worst gamma = 0.718546
Info    : Volume mesh: worst distortion = 0.275046 (0 elements in ]0, 0.2])
Info    : Done meshing order 2 (Wall 18.4958s, CPU 18.4244s)
Info    : Writing '/home/user/mscr-mom/현서/scripts/contact_scenarios/fea/stab_mesh_LM75_phiN30_b0_s50.inp'...
Info    : Done writing '/home/user/mscr-mom/현서/scripts/contact_scenarios/fea/stab_mesh_LM75_phiN30_b0_s50.inp'
  [LM75_phiN30_b0] [실패] (938.2s)
[LM75_phiN30_b0 4/5] L_M=75.0, phi=-30.0, beta=0.0, s=60.0mm (stabilize=True) ...
Info    : Meshing 1D...
Info    : [  0%] Meshing curve 1 (BSpline)
Info    : [ 10%] Meshing curve 2 (Ellipse)
Info    : [ 20%] Meshing curve 3 (Ellipse)
Info    : [ 30%] Meshing curve 4 (BSpline)
Info    : [ 40%] Meshing curve 5 (BSpline)
Info    : [ 50%] Meshing curve 6 (BSpline)
Info    : [ 60%] Meshing curve 7 (BSpline)
Info    : [ 60%] Meshing curve 8 (BSpline)
Info    : [ 70%] Meshing curve 9 (BSpline)
Info    : [ 90%] Meshing curve 11 (Circle)
Info    : Done meshing 1D (Wall 0.0306262s, CPU 0.030324s)
Info    : Meshing 2D...
Info    : [  0%] Meshing surface 1 (Plane, Frontal-Delaunay)
Info    : [ 20%] Meshing surface 2 (Plane, Frontal-Delaunay)
Info    : [ 40%] Meshing surface 3 (BSpline surface, Frontal-Delaunay)
Info    : [ 60%] Meshing surface 4 (BSpline surface, Frontal-Delaunay)
Info    : [ 70%] Meshing surface 5 (Plane, Frontal-Delaunay)
Info    : [ 90%] Meshing surface 6 (Sphere, Frontal-Delaunay)
Info    : Done meshing 2D (Wall 1.28787s, CPU 1.28636s)
Info    : Meshing 3D...
Info    : 3D Meshing 2 volumes with 2 connected components
Info    : Tetrahedrizing 12489 nodes...
Info    : Done tetrahedrizing 12497 nodes (Wall 0.148251s, CPU 0.140249s)
Info    : Reconstructing mesh...
Info    :  - Creating surface mesh
Info    :  - Identifying boundary edges
Info    :  - Recovering boundary
Info    : Done reconstructing mesh (Wall 0.420285s, CPU 0.402344s)
Info    : Found volume 1
Info    : It. 0 - 0 nodes created - worst tet radius 1.07178 (nodes removed 0 0)
Info    : It. 500 - 500 nodes created - worst tet radius 1.00264 (nodes removed 0 0)
Info    : 3D refinement terminated (13301 nodes total):
Info    :  - 0 Delaunay cavities modified for star shapeness
Info    :  - 0 nodes could not be inserted
Info    :  - 43158 tetrahedra created in 0.0475079 sec. (908438 tets/s)
Info    : 0 node relocations
Info    : Tetrahedrizing 131 nodes...
Info    : Done tetrahedrizing 139 nodes (Wall 0.000978696s, CPU 0.000979s)
Info    : Reconstructing mesh...
Info    :  - Creating surface mesh
Info    :  - Identifying boundary edges
Info    :  - Recovering boundary
Info    : Done reconstructing mesh (Wall 0.00244875s, CPU 0.002449s)
Info    : Found volume 2
Info    : It. 0 - 0 nodes created - worst tet radius 3.14022 (nodes removed 0 0)
Info    : 3D refinement terminated (12701 nodes total):
Info    :  - 0 Delaunay cavities modified for star shapeness
Info    :  - 0 nodes could not be inserted
Info    :  - 506 tetrahedra created in 0.00612823 sec. (82568 tets/s)
Info    : 0 node relocations
Info    : Done meshing 3D (Wall 0.875331s, CPU 0.856327s)
Info    : Optimizing mesh...
Info    : Optimizing volume 1
Info    : Optimization starts (volume = 235.586) with worst = 0.00303157 / average = 0.684055:
Info    : 0.00 < quality < 0.10 :       248 elements
Info    : 0.10 < quality < 0.20 :       465 elements
Info    : 0.20 < quality < 0.30 :       750 elements
Info    : 0.30 < quality < 0.40 :       860 elements
Info    : 0.40 < quality < 0.50 :      1230 elements
Info    : 0.50 < quality < 0.60 :      4154 elements
Info    : 0.60 < quality < 0.70 :     11120 elements
Info    : 0.70 < quality < 0.80 :     19615 elements
Info    : 0.80 < quality < 0.90 :      2659 elements
Info    : 0.90 < quality < 1.00 :      2057 elements
Info    : 1376 edge swaps, 30 node relocations (volume = 235.586): worst = 0.0637785 / average = 0.702621 (Wall 0.0331859s, CPU 0.033041s)
Info    : 1449 edge swaps, 30 node relocations (volume = 235.586): worst = 0.180761 / average = 0.703524 (Wall 0.0417341s, CPU 0.041495s)
Info    : 1454 edge swaps, 30 node relocations (volume = 235.586): worst = 0.180761 / average = 0.703581 (Wall 0.0471857s, CPU 0.046859s)
Info    : No ill-shaped tets in the mesh :-)
Info    : 0.00 < quality < 0.10 :         0 elements
Info    : 0.10 < quality < 0.20 :         2 elements
Info    : 0.20 < quality < 0.30 :        19 elements
Info    : 0.30 < quality < 0.40 :       699 elements
Info    : 0.40 < quality < 0.50 :      1031 elements
Info    : 0.50 < quality < 0.60 :      4220 elements
Info    : 0.60 < quality < 0.70 :     11540 elements
Info    : 0.70 < quality < 0.80 :     19367 elements
Info    : 0.80 < quality < 0.90 :      2890 elements
Info    : 0.90 < quality < 1.00 :      2067 elements
Info    : Optimizing volume 2
Info    : Optimization starts (volume = 0.256422) with worst = 0.00650602 / average = 0.729878:
Info    : 0.00 < quality < 0.10 :         3 elements
Info    : 0.10 < quality < 0.20 :         2 elements
Info    : 0.20 < quality < 0.30 :         6 elements
Info    : 0.30 < quality < 0.40 :        12 elements
Info    : 0.40 < quality < 0.50 :        25 elements
Info    : 0.50 < quality < 0.60 :        25 elements
Info    : 0.60 < quality < 0.70 :        78 elements
Info    : 0.70 < quality < 0.80 :       184 elements
Info    : 0.80 < quality < 0.90 :       136 elements
Info    : 0.90 < quality < 1.00 :        35 elements
Info    : 11 edge swaps, 0 node relocations (volume = 0.256422): worst = 0.30484 / average = 0.745491 (Wall 0.000564033s, CPU 0.000235s)
Info    : No ill-shaped tets in the mesh :-)
Info    : 0.00 < quality < 0.10 :         0 elements
Info    : 0.10 < quality < 0.20 :         0 elements
Info    : 0.20 < quality < 0.30 :         0 elements
Info    : 0.30 < quality < 0.40 :        12 elements
Info    : 0.40 < quality < 0.50 :        22 elements
Info    : 0.50 < quality < 0.60 :        22 elements
Info    : 0.60 < quality < 0.70 :        79 elements
Info    : 0.70 < quality < 0.80 :       187 elements
Info    : 0.80 < quality < 0.90 :       138 elements
Info    : 0.90 < quality < 1.00 :        35 elements
Info    : Done optimizing mesh (Wall 0.0948023s, CPU 0.092264s)
Info    : 13701 nodes 68803 elements
Info    : Meshing order 2 (curvilinear on)...
Info    : [  0%] Meshing curve 1 order 2
Info    : [ 10%] Meshing curve 2 order 2
Info    : [ 20%] Meshing curve 3 order 2
Info    : [ 20%] Meshing curve 4 order 2
Info    : [ 30%] Meshing curve 5 order 2
Info    : [ 30%] Meshing curve 6 order 2
Info    : [ 40%] Meshing curve 7 order 2
Info    : [ 40%] Meshing curve 8 order 2
Info    : [ 50%] Meshing curve 9 order 2
Info    : [ 50%] Meshing curve 10 order 2
Info    : [ 60%] Meshing curve 11 order 2
Info    : [ 60%] Meshing curve 12 order 2
Info    : [ 70%] Meshing surface 1 order 2
Info    : [ 70%] Meshing surface 2 order 2
Info    : [ 80%] Meshing surface 3 order 2
Info    : [ 80%] Meshing surface 4 order 2
Info    : [ 90%] Meshing surface 5 order 2
Info    : [ 90%] Meshing surface 6 order 2
Info    : [100%] Meshing volume 1 order 2
Info    : [100%] Meshing volume 2 order 2
Info    : Surface mesh: worst distortion = 0.797589 (0 elements in ]0, 0.2]); worst gamma = 0.718546
Info    : Volume mesh: worst distortion = 0.275046 (0 elements in ]0, 0.2])
Info    : Done meshing order 2 (Wall 20.2236s, CPU 20.2106s)
Info    : Writing '/home/user/mscr-mom/현서/scripts/contact_scenarios/fea/stab_mesh_LM75_phiN30_b0_s60.inp'...
Info    : Done writing '/home/user/mscr-mom/현서/scripts/contact_scenarios/fea/stab_mesh_LM75_phiN30_b0_s60.inp'
  [LM75_phiN30_b0] 실패: Command '['ccx', 'stabsweep_LM75_phiN30_b0_04']' timed out after 1800 seconds
  [LM75_phiN30_b0] [실패] (1823.8s)
[LM75_phiN30_b0 5/5] L_M=75.0, phi=-30.0, beta=0.0, s=70.0mm (stabilize=True) ...
Info    : Meshing 1D...
Info    : [  0%] Meshing curve 1 (BSpline)
Info    : [ 10%] Meshing curve 2 (Ellipse)
Info    : [ 20%] Meshing curve 3 (Ellipse)
Info    : [ 30%] Meshing curve 4 (BSpline)
Info    : [ 40%] Meshing curve 5 (BSpline)
Info    : [ 50%] Meshing curve 6 (BSpline)
Info    : [ 60%] Meshing curve 7 (BSpline)
Info    : [ 60%] Meshing curve 8 (BSpline)
Info    : [ 70%] Meshing curve 9 (BSpline)
Info    : [ 90%] Meshing curve 11 (Circle)
Info    : Done meshing 1D (Wall 0.0298586s, CPU 0.029565s)
Info    : Meshing 2D...
Info    : [  0%] Meshing surface 1 (Plane, Frontal-Delaunay)
Info    : [ 20%] Meshing surface 2 (Plane, Frontal-Delaunay)
Info    : [ 40%] Meshing surface 3 (BSpline surface, Frontal-Delaunay)
Info    : [ 60%] Meshing surface 4 (BSpline surface, Frontal-Delaunay)
Info    : [ 70%] Meshing surface 5 (Plane, Frontal-Delaunay)
Info    : [ 90%] Meshing surface 6 (Sphere, Frontal-Delaunay)
Info    : Done meshing 2D (Wall 1.37918s, CPU 1.37891s)
Info    : Meshing 3D...
Info    : 3D Meshing 2 volumes with 2 connected components
Info    : Tetrahedrizing 12489 nodes...
Info    : Done tetrahedrizing 12497 nodes (Wall 0.179129s, CPU 0.166112s)
Info    : Reconstructing mesh...
Info    :  - Creating surface mesh
Info    :  - Identifying boundary edges
Info    :  - Recovering boundary
Info    : Done reconstructing mesh (Wall 0.510708s, CPU 0.490676s)
Info    : Found volume 1
Info    : It. 0 - 0 nodes created - worst tet radius 1.07178 (nodes removed 0 0)
Info    : It. 500 - 500 nodes created - worst tet radius 1.00264 (nodes removed 0 0)
Info    : 3D refinement terminated (13300 nodes total):
Info    :  - 0 Delaunay cavities modified for star shapeness
Info    :  - 0 nodes could not be inserted
Info    :  - 43158 tetrahedra created in 0.0413896 sec. (1042726 tets/s)
Info    : 0 node relocations
Info    : Tetrahedrizing 130 nodes...
Info    : Done tetrahedrizing 138 nodes (Wall 0.000955009s, CPU 0.000955s)
Info    : Reconstructing mesh...
Info    :  - Creating surface mesh
Info    :  - Identifying boundary edges
Info    :  - Recovering boundary
Info    : Done reconstructing mesh (Wall 0.00238992s, CPU 0.002389s)
Info    : Found volume 2
Info    : It. 0 - 0 nodes created - worst tet radius 3.06344 (nodes removed 0 0)
Info    : 3D refinement terminated (12699 nodes total):
Info    :  - 0 Delaunay cavities modified for star shapeness
Info    :  - 0 nodes could not be inserted
Info    :  - 487 tetrahedra created in 0.00405951 sec. (119965 tets/s)
Info    : 0 node relocations
Info    : Done meshing 3D (Wall 0.94287s, CPU 0.921744s)
Info    : Optimizing mesh...
Info    : Optimizing volume 1
Info    : Optimization starts (volume = 235.586) with worst = 0.00303157 / average = 0.684055:
Info    : 0.00 < quality < 0.10 :       248 elements
Info    : 0.10 < quality < 0.20 :       465 elements
Info    : 0.20 < quality < 0.30 :       750 elements
Info    : 0.30 < quality < 0.40 :       860 elements
Info    : 0.40 < quality < 0.50 :      1230 elements
Info    : 0.50 < quality < 0.60 :      4154 elements
Info    : 0.60 < quality < 0.70 :     11120 elements
Info    : 0.70 < quality < 0.80 :     19615 elements
Info    : 0.80 < quality < 0.90 :      2659 elements
Info    : 0.90 < quality < 1.00 :      2057 elements
Info    : 1376 edge swaps, 30 node relocations (volume = 235.586): worst = 0.0637785 / average = 0.702621 (Wall 0.0155239s, CPU 0.015524s)
Info    : 1449 edge swaps, 30 node relocations (volume = 235.586): worst = 0.180761 / average = 0.703524 (Wall 0.018791s, CPU 0.018793s)
Info    : 1454 edge swaps, 30 node relocations (volume = 235.586): worst = 0.180761 / average = 0.703581 (Wall 0.0211704s, CPU 0.021173s)
Info    : No ill-shaped tets in the mesh :-)
Info    : 0.00 < quality < 0.10 :         0 elements
Info    : 0.10 < quality < 0.20 :         2 elements
Info    : 0.20 < quality < 0.30 :        19 elements
Info    : 0.30 < quality < 0.40 :       699 elements
Info    : 0.40 < quality < 0.50 :      1031 elements
Info    : 0.50 < quality < 0.60 :      4220 elements
Info    : 0.60 < quality < 0.70 :     11540 elements
Info    : 0.70 < quality < 0.80 :     19367 elements
Info    : 0.80 < quality < 0.90 :      2890 elements
Info    : 0.90 < quality < 1.00 :      2067 elements
Info    : Optimizing volume 2
Info    : Optimization starts (volume = 0.256435) with worst = 0.191558 / average = 0.744175:
Info    : 0.00 < quality < 0.10 :         0 elements
Info    : 0.10 < quality < 0.20 :         1 elements
Info    : 0.20 < quality < 0.30 :         5 elements
Info    : 0.30 < quality < 0.40 :         7 elements
Info    : 0.40 < quality < 0.50 :        28 elements
Info    : 0.50 < quality < 0.60 :        21 elements
Info    : 0.60 < quality < 0.70 :        72 elements
Info    : 0.70 < quality < 0.80 :       168 elements
Info    : 0.80 < quality < 0.90 :       144 elements
Info    : 0.90 < quality < 1.00 :        41 elements
Info    : 6 edge swaps, 0 node relocations (volume = 0.256435): worst = 0.347645 / average = 0.751404 (Wall 0.000101035s, CPU 0.000102s)
Info    : No ill-shaped tets in the mesh :-)
Info    : 0.00 < quality < 0.10 :         0 elements
Info    : 0.10 < quality < 0.20 :         0 elements
Info    : 0.20 < quality < 0.30 :         0 elements
Info    : 0.30 < quality < 0.40 :         7 elements
Info    : 0.40 < quality < 0.50 :        25 elements
Info    : 0.50 < quality < 0.60 :        22 elements
Info    : 0.60 < quality < 0.70 :        74 elements
Info    : 0.70 < quality < 0.80 :       170 elements
Info    : 0.80 < quality < 0.90 :       143 elements
Info    : 0.90 < quality < 1.00 :        41 elements
Info    : Done optimizing mesh (Wall 0.0504593s, CPU 0.050458s)
Info    : 13699 nodes 68788 elements
Info    : Meshing order 2 (curvilinear on)...
Info    : [  0%] Meshing curve 1 order 2
Info    : [ 10%] Meshing curve 2 order 2
Info    : [ 20%] Meshing curve 3 order 2
Info    : [ 20%] Meshing curve 4 order 2
Info    : [ 30%] Meshing curve 5 order 2
Info    : [ 30%] Meshing curve 6 order 2
Info    : [ 40%] Meshing curve 7 order 2
Info    : [ 40%] Meshing curve 8 order 2
Info    : [ 50%] Meshing curve 9 order 2
Info    : [ 50%] Meshing curve 10 order 2
Info    : [ 60%] Meshing curve 11 order 2
Info    : [ 60%] Meshing curve 12 order 2
Info    : [ 70%] Meshing surface 1 order 2
Info    : [ 70%] Meshing surface 2 order 2
Info    : [ 80%] Meshing surface 3 order 2
Info    : [ 80%] Meshing surface 4 order 2
Info    : [ 90%] Meshing surface 5 order 2
Info    : [ 90%] Meshing surface 6 order 2
Info    : [100%] Meshing volume 1 order 2
Info    : [100%] Meshing volume 2 order 2
Info    : Surface mesh: worst distortion = 0.797589 (0 elements in ]0, 0.2]); worst gamma = 0.718546
Info    : Volume mesh: worst distortion = 0.275046 (0 elements in ]0, 0.2])
Info    : Done meshing order 2 (Wall 19.7515s, CPU 19.6693s)
Info    : Writing '/home/user/mscr-mom/현서/scripts/contact_scenarios/fea/stab_mesh_LM75_phiN30_b0_s70.inp'...
Info    : Done writing '/home/user/mscr-mom/현서/scripts/contact_scenarios/fea/stab_mesh_LM75_phiN30_b0_s70.inp'
  [LM75_phiN30_b0] [실패] (1723.8s)
[LM75_phiN30_b0] 완료: 1/5 성공
