[LM25_phiN150_b0 1/3] L_M=25.0, phi=-150.0, beta=0.0, s=80.0mm (inc=300, initial_inc=0.002) ...
Info    : Meshing 1D...
Info    : [  0%] Meshing curve 1 (BSpline)
Info    : [ 10%] Meshing curve 2 (Ellipse)
Info    : [ 20%] Meshing curve 3 (Ellipse)
Info    : [ 30%] Meshing curve 4 (BSpline)
Info    : [ 40%] Meshing curve 5 (BSpline)
Info    : [ 50%] Meshing curve 6 (BSpline)
Info    : [ 60%] Meshing curve 7 (BSpline)
Info    : [ 60%] Meshing curve 8 (BSpline)
Info    : [ 70%] Meshing curve 9 (BSpline)
Info    : [ 90%] Meshing curve 11 (Circle)
Info    : Done meshing 1D (Wall 0.0206287s, CPU 0.020554s)
Info    : Meshing 2D...
Info    : [  0%] Meshing surface 1 (Plane, Frontal-Delaunay)
Info    : [ 20%] Meshing surface 2 (Plane, Frontal-Delaunay)
Info    : [ 40%] Meshing surface 3 (BSpline surface, Frontal-Delaunay)
Info    : [ 60%] Meshing surface 4 (BSpline surface, Frontal-Delaunay)
Info    : [ 70%] Meshing surface 5 (Plane, Frontal-Delaunay)
Info    : [ 90%] Meshing surface 6 (Sphere, Frontal-Delaunay)
Info    : Done meshing 2D (Wall 0.807375s, CPU 0.805217s)
Info    : Meshing 3D...
Info    : 3D Meshing 2 volumes with 2 connected components
Info    : Tetrahedrizing 12508 nodes...
Info    : Done tetrahedrizing 12516 nodes (Wall 0.183122s, CPU 0.17017s)
Info    : Reconstructing mesh...
Info    :  - Creating surface mesh
Info    :  - Identifying boundary edges
Info    :  - Recovering boundary
Info    : Done reconstructing mesh (Wall 0.470183s, CPU 0.436059s)
Info    : Found volume 1
Info    : It. 0 - 0 nodes created - worst tet radius 1.04566 (nodes removed 0 0)
Info    : 3D refinement terminated (13102 nodes total):
Info    :  - 0 Delaunay cavities modified for star shapeness
Info    :  - 0 nodes could not be inserted
Info    :  - 41612 tetrahedra created in 0.0285727 sec. (1456355 tets/s)
Info    : 0 node relocations
Info    : Tetrahedrizing 129 nodes...
Info    : Done tetrahedrizing 137 nodes (Wall 0.000869988s, CPU 0.00087s)
Info    : Reconstructing mesh...
Info    :  - Creating surface mesh
Info    :  - Identifying boundary edges
Info    :  - Recovering boundary
Info    : Done reconstructing mesh (Wall 0.00206452s, CPU 0.002062s)
Info    : Found volume 2
Info    : It. 0 - 0 nodes created - worst tet radius 2.98969 (nodes removed 0 0)
Info    : 3D refinement terminated (12714 nodes total):
Info    :  - 0 Delaunay cavities modified for star shapeness
Info    :  - 0 nodes could not be inserted
Info    :  - 455 tetrahedra created in 0.0045788 sec. (99370 tets/s)
Info    : 0 node relocations
Info    : Done meshing 3D (Wall 0.837253s, CPU 0.801039s)
Info    : Optimizing mesh...
Info    : Optimizing volume 1
Info    : Optimization starts (volume = 235.598) with worst = 0.00333699 / average = 0.679676:
Info    : 0.00 < quality < 0.10 :       135 elements
Info    : 0.10 < quality < 0.20 :       331 elements
Info    : 0.20 < quality < 0.30 :       692 elements
Info    : 0.30 < quality < 0.40 :      1055 elements
Info    : 0.40 < quality < 0.50 :      1775 elements
Info    : 0.50 < quality < 0.60 :      3339 elements
Info    : 0.60 < quality < 0.70 :     10495 elements
Info    : 0.70 < quality < 0.80 :     20805 elements
Info    : 0.80 < quality < 0.90 :      1642 elements
Info    : 0.90 < quality < 1.00 :      1343 elements
Info    : 1126 edge swaps, 7 node relocations (volume = 235.598): worst = 0.0982332 / average = 0.694846 (Wall 0.0170924s, CPU 0.017092s)
Info    : 1163 edge swaps, 9 node relocations (volume = 235.598): worst = 0.160465 / average = 0.695229 (Wall 0.0210406s, CPU 0.021041s)
Info    : 1167 edge swaps, 9 node relocations (volume = 235.598): worst = 0.160465 / average = 0.695255 (Wall 0.0240124s, CPU 0.024012s)
Info    : No ill-shaped tets in the mesh :-)
Info    : 0.00 < quality < 0.10 :         0 elements
Info    : 0.10 < quality < 0.20 :         1 elements
Info    : 0.20 < quality < 0.30 :        16 elements
Info    : 0.30 < quality < 0.40 :       977 elements
Info    : 0.40 < quality < 0.50 :      1452 elements
Info    : 0.50 < quality < 0.60 :      3372 elements
Info    : 0.60 < quality < 0.70 :     11063 elements
Info    : 0.70 < quality < 0.80 :     20577 elements
Info    : 0.80 < quality < 0.90 :      1774 elements
Info    : 0.90 < quality < 1.00 :      1340 elements
Info    : Optimizing volume 2
Info    : Optimization starts (volume = 0.256296) with worst = 0.0672029 / average = 0.75155:
Info    : 0.00 < quality < 0.10 :         2 elements
Info    : 0.10 < quality < 0.20 :         1 elements
Info    : 0.20 < quality < 0.30 :         6 elements
Info    : 0.30 < quality < 0.40 :         4 elements
Info    : 0.40 < quality < 0.50 :        13 elements
Info    : 0.50 < quality < 0.60 :        15 elements
Info    : 0.60 < quality < 0.70 :        69 elements
Info    : 0.70 < quality < 0.80 :       180 elements
Info    : 0.80 < quality < 0.90 :       132 elements
Info    : 0.90 < quality < 1.00 :        33 elements
Info    : 9 edge swaps, 0 node relocations (volume = 0.256296): worst = 0.323043 / average = 0.765474 (Wall 0.00013719s, CPU 0.000134s)
Info    : No ill-shaped tets in the mesh :-)
Info    : 0.00 < quality < 0.10 :         0 elements
Info    : 0.10 < quality < 0.20 :         0 elements
Info    : 0.20 < quality < 0.30 :         0 elements
Info    : 0.30 < quality < 0.40 :         4 elements
Info    : 0.40 < quality < 0.50 :        11 elements
Info    : 0.50 < quality < 0.60 :        14 elements
Info    : 0.60 < quality < 0.70 :        68 elements
Info    : 0.70 < quality < 0.80 :       181 elements
Info    : 0.80 < quality < 0.90 :       135 elements
Info    : 0.90 < quality < 1.00 :        33 elements
Info    : Done optimizing mesh (Wall 0.0517112s, CPU 0.051701s)
Info    : 13498 nodes 67534 elements
Info    : Meshing order 2 (curvilinear on)...
Info    : [  0%] Meshing curve 1 order 2
Info    : [ 10%] Meshing curve 2 order 2
Info    : [ 20%] Meshing curve 3 order 2
Info    : [ 20%] Meshing curve 4 order 2
Info    : [ 30%] Meshing curve 5 order 2
Info    : [ 30%] Meshing curve 6 order 2
Info    : [ 40%] Meshing curve 7 order 2
Info    : [ 40%] Meshing curve 8 order 2
Info    : [ 50%] Meshing curve 9 order 2
Info    : [ 50%] Meshing curve 10 order 2
Info    : [ 60%] Meshing curve 11 order 2
Info    : [ 60%] Meshing curve 12 order 2
Info    : [ 70%] Meshing surface 1 order 2
Info    : [ 70%] Meshing surface 2 order 2
Info    : [ 80%] Meshing surface 3 order 2
Info    : [ 80%] Meshing surface 4 order 2
Info    : [ 90%] Meshing surface 5 order 2
Info    : [ 90%] Meshing surface 6 order 2
Info    : [100%] Meshing volume 1 order 2
Info    : [100%] Meshing volume 2 order 2
Info    : Surface mesh: worst distortion = 0.797589 (0 elements in ]0, 0.2]); worst gamma = 0.617848
Info    : Volume mesh: worst distortion = 0.23535 (0 elements in ]0, 0.2])
Info    : Done meshing order 2 (Wall 13.957s, CPU 13.9312s)
Info    : Writing '/home/user/mscr-mom/현서/scripts/contact_scenarios/fea/retry_mesh_LM25_phiN150_b0_s80.inp'...
Info    : Done writing '/home/user/mscr-mom/현서/scripts/contact_scenarios/fea/retry_mesh_LM25_phiN150_b0_s80.inp'
