[LM75_phiN150_b0 1/10] L_M=75.0, phi=-150.0, beta=0.0, s=10.0mm, push_depth=0.1mm (wire) ...
Info    : Meshing 1D...
Info    : [  0%] Meshing curve 1 (BSpline)
Info    : [ 10%] Meshing curve 2 (Ellipse)
Info    : [ 20%] Meshing curve 3 (Ellipse)
Info    : [ 30%] Meshing curve 4 (BSpline)
Info    : [ 40%] Meshing curve 5 (BSpline)
Info    : [ 40%] Meshing curve 6 (BSpline)
Info    : [ 50%] Meshing curve 7 (BSpline)
Info    : [ 60%] Meshing curve 8 (BSpline)
Info    : [ 70%] Meshing curve 9 (BSpline)
Info    : [ 70%] Meshing curve 10 (BSpline)
Info    : [ 90%] Meshing curve 12 (Circle)
Info    : Done meshing 1D (Wall 0.0209607s, CPU 0.020953s)
Info    : Meshing 2D...
Info    : [  0%] Meshing surface 1 (Plane, Frontal-Delaunay)
Info    : [ 20%] Meshing surface 2 (Plane, Frontal-Delaunay)
Info    : [ 40%] Meshing surface 3 (BSpline surface, Frontal-Delaunay)
Info    : [ 60%] Meshing surface 4 (BSpline surface, Frontal-Delaunay)
Info    : [ 70%] Meshing surface 5 (Plane, Frontal-Delaunay)
Info    : [ 90%] Meshing surface 6 (Sphere, Frontal-Delaunay)
Info    : Done meshing 2D (Wall 0.724878s, CPU 0.717776s)
Info    : Meshing 3D...
Info    : 3D Meshing 2 volumes with 2 connected components
Info    : Tetrahedrizing 12505 nodes...
Info    : Done tetrahedrizing 12513 nodes (Wall 0.146458s, CPU 0.136432s)
Info    : Reconstructing mesh...
Info    :  - Creating surface mesh
Info    :  - Identifying boundary edges
Info    :  - Recovering boundary
Info    : Done reconstructing mesh (Wall 0.354019s, CPU 0.324976s)
Info    : Found volume 1
Info    : It. 0 - 0 nodes created - worst tet radius 1.04357 (nodes removed 0 0)
Info    : It. 500 - 500 nodes created - worst tet radius 1.00121 (nodes removed 0 0)
Info    : 3D refinement terminated (13258 nodes total):
Info    :  - 0 Delaunay cavities modified for star shapeness
Info    :  - 0 nodes could not be inserted
Info    :  - 42612 tetrahedra created in 0.0235434 sec. (1809935 tets/s)
Info    : 0 node relocations
Info    : Tetrahedrizing 131 nodes...
Info    : Done tetrahedrizing 139 nodes (Wall 0.000713711s, CPU 0.000714s)
Info    : Reconstructing mesh...
Info    :  - Creating surface mesh
Info    :  - Identifying boundary edges
Info    :  - Recovering boundary
Info    : Done reconstructing mesh (Wall 0.00162281s, CPU 0.001565s)
Info    : Found volume 2
Info    : It. 0 - 0 nodes created - worst tet radius 3.08931 (nodes removed 0 0)
Info    : 3D refinement terminated (12716 nodes total):
Info    :  - 0 Delaunay cavities modified for star shapeness
Info    :  - 0 nodes could not be inserted
Info    :  - 501 tetrahedra created in 0.00256662 sec. (195198 tets/s)
Info    : 0 node relocations
Info    : Done meshing 3D (Wall 0.607081s, CPU 0.57497s)
Info    : Optimizing mesh...
Info    : Optimizing volume 1
Info    : Optimization starts (volume = 235.616) with worst = 0.000225905 / average = 0.684501:
Info    : 0.00 < quality < 0.10 :       219 elements
Info    : 0.10 < quality < 0.20 :       325 elements
Info    : 0.20 < quality < 0.30 :       718 elements
Info    : 0.30 < quality < 0.40 :       939 elements
Info    : 0.40 < quality < 0.50 :      1185 elements
Info    : 0.50 < quality < 0.60 :      3299 elements
Info    : 0.60 < quality < 0.70 :     12204 elements
Info    : 0.70 < quality < 0.80 :     19584 elements
Info    : 0.80 < quality < 0.90 :      2282 elements
Info    : 0.90 < quality < 1.00 :      1857 elements
Info    : 1173 edge swaps, 18 node relocations (volume = 235.616): worst = 0.101126 / average = 0.700788 (Wall 0.0133501s, CPU 0.013349s)
Info    : 1228 edge swaps, 21 node relocations (volume = 235.616): worst = 0.13044 / average = 0.701513 (Wall 0.0163574s, CPU 0.016356s)
Info    : 1232 edge swaps, 22 node relocations (volume = 235.616): worst = 0.13044 / average = 0.701574 (Wall 0.0186477s, CPU 0.018647s)
Info    : No ill-shaped tets in the mesh :-)
Info    : 0.00 < quality < 0.10 :         0 elements
Info    : 0.10 < quality < 0.20 :         2 elements
Info    : 0.20 < quality < 0.30 :        11 elements
Info    : 0.30 < quality < 0.40 :       699 elements
Info    : 0.40 < quality < 0.50 :      1044 elements
Info    : 0.50 < quality < 0.60 :      3455 elements
Info    : 0.60 < quality < 0.70 :     12591 elements
Info    : 0.70 < quality < 0.80 :     19358 elements
Info    : 0.80 < quality < 0.90 :      2453 elements
Info    : 0.90 < quality < 1.00 :      1861 elements
Info    : Optimizing volume 2
Info    : Optimization starts (volume = 0.25645) with worst = 0.0401763 / average = 0.723163:
Info    : 0.00 < quality < 0.10 :         2 elements
Info    : 0.10 < quality < 0.20 :         5 elements
Info    : 0.20 < quality < 0.30 :         4 elements
Info    : 0.30 < quality < 0.40 :        19 elements
Info    : 0.40 < quality < 0.50 :        23 elements
Info    : 0.50 < quality < 0.60 :        30 elements
Info    : 0.60 < quality < 0.70 :        67 elements
Info    : 0.70 < quality < 0.80 :       188 elements
Info    : 0.80 < quality < 0.90 :       122 elements
Info    : 0.90 < quality < 1.00 :        41 elements
Info    : 11 edge swaps, 0 node relocations (volume = 0.25645): worst = 0.306492 / average = 0.738495 (Wall 0.000112081s, CPU 0.000113s)
Info    : No ill-shaped tets in the mesh :-)
Info    : 0.00 < quality < 0.10 :         0 elements
Info    : 0.10 < quality < 0.20 :         0 elements
Info    : 0.20 < quality < 0.30 :         0 elements
Info    : 0.30 < quality < 0.40 :        19 elements
Info    : 0.40 < quality < 0.50 :        20 elements
Info    : 0.50 < quality < 0.60 :        28 elements
Info    : 0.60 < quality < 0.70 :        68 elements
Info    : 0.70 < quality < 0.80 :       189 elements
Info    : 0.80 < quality < 0.90 :       125 elements
Info    : 0.90 < quality < 1.00 :        41 elements
Info    : Done optimizing mesh (Wall 0.0417887s, CPU 0.041782s)
Info    : 13922 nodes 68739 elements
Info    : Meshing order 2 (curvilinear on)...
Info    : [  0%] Meshing curve 1 order 2
Info    : [ 10%] Meshing curve 2 order 2
Info    : [ 10%] Meshing curve 3 order 2
Info    : [ 20%] Meshing curve 4 order 2
Info    : [ 20%] Meshing curve 5 order 2
Info    : [ 30%] Meshing curve 6 order 2
Info    : [ 30%] Meshing curve 7 order 2
Info    : [ 40%] Meshing curve 8 order 2
Info    : [ 40%] Meshing curve 9 order 2
Info    : [ 50%] Meshing curve 10 order 2
Info    : [ 50%] Meshing curve 11 order 2
Info    : [ 60%] Meshing curve 12 order 2
Info    : [ 60%] Meshing curve 13 order 2
Info    : [ 70%] Meshing surface 1 order 2
Info    : [ 70%] Meshing surface 2 order 2
Info    : [ 80%] Meshing surface 3 order 2
Info    : [ 80%] Meshing surface 4 order 2
Info    : [ 90%] Meshing surface 5 order 2
Info    : [ 90%] Meshing surface 6 order 2
Info    : [100%] Meshing volume 1 order 2
Info    : [100%] Meshing volume 2 order 2
Info    : Surface mesh: worst distortion = 0.797589 (0 elements in ]0, 0.2]); worst gamma = 0.630699
Info    : Volume mesh: worst distortion = 0.256528 (0 elements in ]0, 0.2])
Info    : Done meshing order 2 (Wall 15.3501s, CPU 15.3459s)
Info    : Writing '/home/user/mscr-mom/현서/scripts/contact_scenarios/fea/matv2wire_mesh_LM75_phiN150_b0_s10.inp'...
Info    : Done writing '/home/user/mscr-mom/현서/scripts/contact_scenarios/fea/matv2wire_mesh_LM75_phiN150_b0_s10.inp'
  [LM75_phiN150_b0] F_mag=0.1443mN  (434.2s)
[LM75_phiN150_b0 2/10] L_M=75.0, phi=-150.0, beta=0.0, s=20.0mm, push_depth=0.1mm (wire) ...
Info    : Meshing 1D...
Info    : [  0%] Meshing curve 1 (BSpline)
Info    : [ 10%] Meshing curve 2 (Ellipse)
Info    : [ 20%] Meshing curve 3 (Ellipse)
Info    : [ 30%] Meshing curve 4 (BSpline)
Info    : [ 40%] Meshing curve 5 (BSpline)
Info    : [ 40%] Meshing curve 6 (BSpline)
Info    : [ 50%] Meshing curve 7 (BSpline)
Info    : [ 60%] Meshing curve 8 (BSpline)
Info    : [ 70%] Meshing curve 9 (BSpline)
Info    : [ 70%] Meshing curve 10 (BSpline)
Info    : [ 90%] Meshing curve 12 (Circle)
Info    : Done meshing 1D (Wall 0.02255s, CPU 0.022519s)
Info    : Meshing 2D...
Info    : [  0%] Meshing surface 1 (Plane, Frontal-Delaunay)
Info    : [ 20%] Meshing surface 2 (Plane, Frontal-Delaunay)
Info    : [ 40%] Meshing surface 3 (BSpline surface, Frontal-Delaunay)
Info    : [ 60%] Meshing surface 4 (BSpline surface, Frontal-Delaunay)
Info    : [ 70%] Meshing surface 5 (Plane, Frontal-Delaunay)
Info    : [ 90%] Meshing surface 6 (Sphere, Frontal-Delaunay)
Info    : Done meshing 2D (Wall 0.809789s, CPU 0.80951s)
Info    : Meshing 3D...
Info    : 3D Meshing 2 volumes with 2 connected components
Info    : Tetrahedrizing 12505 nodes...
Info    : Done tetrahedrizing 12513 nodes (Wall 0.158468s, CPU 0.151483s)
Info    : Reconstructing mesh...
Info    :  - Creating surface mesh
Info    :  - Identifying boundary edges
Info    :  - Recovering boundary
Info    : Done reconstructing mesh (Wall 0.391061s, CPU 0.375045s)
Info    : Found volume 1
Info    : It. 0 - 0 nodes created - worst tet radius 1.04357 (nodes removed 0 0)
Info    : It. 500 - 500 nodes created - worst tet radius 1.00121 (nodes removed 0 0)
Info    : 3D refinement terminated (13258 nodes total):
Info    :  - 0 Delaunay cavities modified for star shapeness
Info    :  - 0 nodes could not be inserted
Info    :  - 42612 tetrahedra created in 0.0244732 sec. (1741167 tets/s)
Info    : 0 node relocations
Info    : Tetrahedrizing 131 nodes...
Info    : Done tetrahedrizing 139 nodes (Wall 0.000677414s, CPU 0.000678s)
Info    : Reconstructing mesh...
Info    :  - Creating surface mesh
Info    :  - Identifying boundary edges
Info    :  - Recovering boundary
Info    : Done reconstructing mesh (Wall 0.00152264s, CPU 0.001516s)
Info    : Found volume 2
Info    : It. 0 - 0 nodes created - worst tet radius 3.08624 (nodes removed 0 0)
Info    : 3D refinement terminated (12715 nodes total):
Info    :  - 0 Delaunay cavities modified for star shapeness
Info    :  - 0 nodes could not be inserted
Info    :  - 478 tetrahedra created in 0.00378698 sec. (126221 tets/s)
Info    : 0 node relocations
Info    : Done meshing 3D (Wall 0.686228s, CPU 0.670193s)
Info    : Optimizing mesh...
Info    : Optimizing volume 1
Info    : Optimization starts (volume = 235.616) with worst = 0.000225905 / average = 0.684501:
Info    : 0.00 < quality < 0.10 :       219 elements
Info    : 0.10 < quality < 0.20 :       325 elements
Info    : 0.20 < quality < 0.30 :       718 elements
Info    : 0.30 < quality < 0.40 :       939 elements
Info    : 0.40 < quality < 0.50 :      1185 elements
Info    : 0.50 < quality < 0.60 :      3299 elements
Info    : 0.60 < quality < 0.70 :     12204 elements
Info    : 0.70 < quality < 0.80 :     19584 elements
Info    : 0.80 < quality < 0.90 :      2282 elements
Info    : 0.90 < quality < 1.00 :      1857 elements
Info    : 1173 edge swaps, 18 node relocations (volume = 235.616): worst = 0.101126 / average = 0.700788 (Wall 0.0116191s, CPU 0.011596s)
Info    : 1228 edge swaps, 21 node relocations (volume = 235.616): worst = 0.13044 / average = 0.701513 (Wall 0.0141932s, CPU 0.014172s)
Info    : 1232 edge swaps, 22 node relocations (volume = 235.616): worst = 0.13044 / average = 0.701574 (Wall 0.015985s, CPU 0.015964s)
Info    : No ill-shaped tets in the mesh :-)
Info    : 0.00 < quality < 0.10 :         0 elements
Info    : 0.10 < quality < 0.20 :         2 elements
Info    : 0.20 < quality < 0.30 :        11 elements
Info    : 0.30 < quality < 0.40 :       699 elements
Info    : 0.40 < quality < 0.50 :      1044 elements
Info    : 0.50 < quality < 0.60 :      3455 elements
Info    : 0.60 < quality < 0.70 :     12591 elements
Info    : 0.70 < quality < 0.80 :     19358 elements
Info    : 0.80 < quality < 0.90 :      2453 elements
Info    : 0.90 < quality < 1.00 :      1861 elements
Info    : Optimizing volume 2
Info    : Optimization starts (volume = 0.256422) with worst = 0.0557115 / average = 0.747117:
Info    : 0.00 < quality < 0.10 :         1 elements
Info    : 0.10 < quality < 0.20 :         3 elements
Info    : 0.20 < quality < 0.30 :         5 elements
Info    : 0.30 < quality < 0.40 :         9 elements
Info    : 0.40 < quality < 0.50 :         7 elements
Info    : 0.50 < quality < 0.60 :        22 elements
Info    : 0.60 < quality < 0.70 :        80 elements
Info    : 0.70 < quality < 0.80 :       186 elements
Info    : 0.80 < quality < 0.90 :       121 elements
Info    : 0.90 < quality < 1.00 :        44 elements
Info    : 9 edge swaps, 0 node relocations (volume = 0.256422): worst = 0.307806 / average = 0.760225 (Wall 0.000116969s, CPU 0.000116s)
Info    : No ill-shaped tets in the mesh :-)
Info    : 0.00 < quality < 0.10 :         0 elements
Info    : 0.10 < quality < 0.20 :         0 elements
Info    : 0.20 < quality < 0.30 :         0 elements
Info    : 0.30 < quality < 0.40 :         9 elements
Info    : 0.40 < quality < 0.50 :         6 elements
Info    : 0.50 < quality < 0.60 :        19 elements
Info    : 0.60 < quality < 0.70 :        78 elements
Info    : 0.70 < quality < 0.80 :       188 elements
Info    : 0.80 < quality < 0.90 :       125 elements
Info    : 0.90 < quality < 1.00 :        44 elements
Info    : Done optimizing mesh (Wall 0.0391547s, CPU 0.038156s)
Info    : 13921 nodes 68718 elements
Info    : Meshing order 2 (curvilinear on)...
Info    : [  0%] Meshing curve 1 order 2
Info    : [ 10%] Meshing curve 2 order 2
Info    : [ 10%] Meshing curve 3 order 2
Info    : [ 20%] Meshing curve 4 order 2
Info    : [ 20%] Meshing curve 5 order 2
Info    : [ 30%] Meshing curve 6 order 2
Info    : [ 30%] Meshing curve 7 order 2
Info    : [ 40%] Meshing curve 8 order 2
Info    : [ 40%] Meshing curve 9 order 2
Info    : [ 50%] Meshing curve 10 order 2
Info    : [ 50%] Meshing curve 11 order 2
Info    : [ 60%] Meshing curve 12 order 2
Info    : [ 60%] Meshing curve 13 order 2
Info    : [ 70%] Meshing surface 1 order 2
Info    : [ 70%] Meshing surface 2 order 2
Info    : [ 80%] Meshing surface 3 order 2
Info    : [ 80%] Meshing surface 4 order 2
Info    : [ 90%] Meshing surface 5 order 2
Info    : [ 90%] Meshing surface 6 order 2
Info    : [100%] Meshing volume 1 order 2
Info    : [100%] Meshing volume 2 order 2
Info    : Surface mesh: worst distortion = 0.797589 (0 elements in ]0, 0.2]); worst gamma = 0.630699
Info    : Volume mesh: worst distortion = 0.256528 (0 elements in ]0, 0.2])
Info    : Done meshing order 2 (Wall 15.6842s, CPU 15.6721s)
Info    : Writing '/home/user/mscr-mom/현서/scripts/contact_scenarios/fea/matv2wire_mesh_LM75_phiN150_b0_s20.inp'...
Info    : Done writing '/home/user/mscr-mom/현서/scripts/contact_scenarios/fea/matv2wire_mesh_LM75_phiN150_b0_s20.inp'
  [LM75_phiN150_b0] F_mag=0.0185mN  (154.7s)
[LM75_phiN150_b0 3/10] L_M=75.0, phi=-150.0, beta=0.0, s=30.0mm, push_depth=0.1mm (wire) ...
Info    : Meshing 1D...
Info    : [  0%] Meshing curve 1 (BSpline)
Info    : [ 10%] Meshing curve 2 (Ellipse)
Info    : [ 20%] Meshing curve 3 (Ellipse)
Info    : [ 30%] Meshing curve 4 (BSpline)
Info    : [ 40%] Meshing curve 5 (BSpline)
Info    : [ 40%] Meshing curve 6 (BSpline)
Info    : [ 50%] Meshing curve 7 (BSpline)
Info    : [ 60%] Meshing curve 8 (BSpline)
Info    : [ 70%] Meshing curve 9 (BSpline)
Info    : [ 70%] Meshing curve 10 (BSpline)
Info    : [ 90%] Meshing curve 12 (Circle)
Info    : Done meshing 1D (Wall 0.0209491s, CPU 0.020921s)
Info    : Meshing 2D...
Info    : [  0%] Meshing surface 1 (Plane, Frontal-Delaunay)
Info    : [ 20%] Meshing surface 2 (Plane, Frontal-Delaunay)
Info    : [ 40%] Meshing surface 3 (BSpline surface, Frontal-Delaunay)
Info    : [ 60%] Meshing surface 4 (BSpline surface, Frontal-Delaunay)
Info    : [ 70%] Meshing surface 5 (Plane, Frontal-Delaunay)
Info    : [ 90%] Meshing surface 6 (Sphere, Frontal-Delaunay)
Info    : Done meshing 2D (Wall 0.771056s, CPU 0.770943s)
Info    : Meshing 3D...
Info    : 3D Meshing 2 volumes with 2 connected components
Info    : Tetrahedrizing 12505 nodes...
Info    : Done tetrahedrizing 12513 nodes (Wall 0.148781s, CPU 0.142775s)
Info    : Reconstructing mesh...
Info    :  - Creating surface mesh
Info    :  - Identifying boundary edges
Info    :  - Recovering boundary
Info    : Done reconstructing mesh (Wall 0.358513s, CPU 0.34122s)
Info    : Found volume 1
Info    : It. 0 - 0 nodes created - worst tet radius 1.04357 (nodes removed 0 0)
Info    : It. 500 - 500 nodes created - worst tet radius 1.00121 (nodes removed 0 0)
Info    : 3D refinement terminated (13258 nodes total):
Info    :  - 0 Delaunay cavities modified for star shapeness
Info    :  - 0 nodes could not be inserted
Info    :  - 42612 tetrahedra created in 0.0272617 sec. (1563071 tets/s)
Info    : 0 node relocations
Info    : Tetrahedrizing 131 nodes...
Info    : Done tetrahedrizing 139 nodes (Wall 0.000715362s, CPU 0.000697s)
Info    : Reconstructing mesh...
Info    :  - Creating surface mesh
Info    :  - Identifying boundary edges
Info    :  - Recovering boundary
Info    : Done reconstructing mesh (Wall 0.00166491s, CPU 0.001643s)
Info    : Found volume 2
Info    : It. 0 - 0 nodes created - worst tet radius 3.0789 (nodes removed 0 0)
Info    : 3D refinement terminated (12713 nodes total):
Info    :  - 0 Delaunay cavities modified for star shapeness
Info    :  - 0 nodes could not be inserted
Info    :  - 465 tetrahedra created in 0.00237806 sec. (195537 tets/s)
Info    : 0 node relocations
Info    : Done meshing 3D (Wall 0.640056s, CPU 0.621704s)
Info    : Optimizing mesh...
Info    : Optimizing volume 1
Info    : Optimization starts (volume = 235.616) with worst = 0.000225905 / average = 0.684501:
Info    : 0.00 < quality < 0.10 :       219 elements
Info    : 0.10 < quality < 0.20 :       325 elements
Info    : 0.20 < quality < 0.30 :       718 elements
Info    : 0.30 < quality < 0.40 :       939 elements
Info    : 0.40 < quality < 0.50 :      1185 elements
Info    : 0.50 < quality < 0.60 :      3299 elements
Info    : 0.60 < quality < 0.70 :     12204 elements
Info    : 0.70 < quality < 0.80 :     19584 elements
Info    : 0.80 < quality < 0.90 :      2282 elements
Info    : 0.90 < quality < 1.00 :      1857 elements
Info    : 1173 edge swaps, 18 node relocations (volume = 235.616): worst = 0.101126 / average = 0.700788 (Wall 0.0141559s, CPU 0.014156s)
Info    : 1228 edge swaps, 21 node relocations (volume = 235.616): worst = 0.13044 / average = 0.701513 (Wall 0.0175727s, CPU 0.017574s)
Info    : 1232 edge swaps, 22 node relocations (volume = 235.616): worst = 0.13044 / average = 0.701574 (Wall 0.0200904s, CPU 0.020091s)
Info    : No ill-shaped tets in the mesh :-)
Info    : 0.00 < quality < 0.10 :         0 elements
Info    : 0.10 < quality < 0.20 :         2 elements
Info    : 0.20 < quality < 0.30 :        11 elements
Info    : 0.30 < quality < 0.40 :       699 elements
Info    : 0.40 < quality < 0.50 :      1044 elements
Info    : 0.50 < quality < 0.60 :      3455 elements
Info    : 0.60 < quality < 0.70 :     12591 elements
Info    : 0.70 < quality < 0.80 :     19358 elements
Info    : 0.80 < quality < 0.90 :      2453 elements
Info    : 0.90 < quality < 1.00 :      1861 elements
Info    : Optimizing volume 2
Info    : Optimization starts (volume = 0.25645) with worst = 0.0557115 / average = 0.741059:
Info    : 0.00 < quality < 0.10 :         1 elements
Info    : 0.10 < quality < 0.20 :         4 elements
Info    : 0.20 < quality < 0.30 :         3 elements
Info    : 0.30 < quality < 0.40 :        10 elements
Info    : 0.40 < quality < 0.50 :        10 elements
Info    : 0.50 < quality < 0.60 :        17 elements
Info    : 0.60 < quality < 0.70 :        85 elements
Info    : 0.70 < quality < 0.80 :       185 elements
Info    : 0.80 < quality < 0.90 :       112 elements
Info    : 0.90 < quality < 1.00 :        38 elements
Info    : 8 edge swaps, 0 node relocations (volume = 0.25645): worst = 0.318497 / average = 0.752994 (Wall 9.8981e-05s, CPU 0.0001s)
Info    : No ill-shaped tets in the mesh :-)
Info    : 0.00 < quality < 0.10 :         0 elements
Info    : 0.10 < quality < 0.20 :         0 elements
Info    : 0.20 < quality < 0.30 :         0 elements
Info    : 0.30 < quality < 0.40 :        10 elements
Info    : 0.40 < quality < 0.50 :         9 elements
Info    : 0.50 < quality < 0.60 :        13 elements
Info    : 0.60 < quality < 0.70 :        86 elements
Info    : 0.70 < quality < 0.80 :       188 elements
Info    : 0.80 < quality < 0.90 :       113 elements
Info    : 0.90 < quality < 1.00 :        38 elements
Info    : Done optimizing mesh (Wall 0.0494294s, CPU 0.049428s)
Info    : 13919 nodes 68706 elements
Info    : Meshing order 2 (curvilinear on)...
Info    : [  0%] Meshing curve 1 order 2
Info    : [ 10%] Meshing curve 2 order 2
Info    : [ 10%] Meshing curve 3 order 2
Info    : [ 20%] Meshing curve 4 order 2
Info    : [ 20%] Meshing curve 5 order 2
Info    : [ 30%] Meshing curve 6 order 2
Info    : [ 30%] Meshing curve 7 order 2
Info    : [ 40%] Meshing curve 8 order 2
Info    : [ 40%] Meshing curve 9 order 2
Info    : [ 50%] Meshing curve 10 order 2
Info    : [ 50%] Meshing curve 11 order 2
Info    : [ 60%] Meshing curve 12 order 2
Info    : [ 60%] Meshing curve 13 order 2
Info    : [ 70%] Meshing surface 1 order 2
Info    : [ 70%] Meshing surface 2 order 2
Info    : [ 80%] Meshing surface 3 order 2
Info    : [ 80%] Meshing surface 4 order 2
Info    : [ 90%] Meshing surface 5 order 2
Info    : [ 90%] Meshing surface 6 order 2
Info    : [100%] Meshing volume 1 order 2
Info    : [100%] Meshing volume 2 order 2
Info    : Surface mesh: worst distortion = 0.797589 (0 elements in ]0, 0.2]); worst gamma = 0.630699
Info    : Volume mesh: worst distortion = 0.256528 (0 elements in ]0, 0.2])
Info    : Done meshing order 2 (Wall 14.8644s, CPU 14.8587s)
Info    : Writing '/home/user/mscr-mom/현서/scripts/contact_scenarios/fea/matv2wire_mesh_LM75_phiN150_b0_s30.inp'...
Info    : Done writing '/home/user/mscr-mom/현서/scripts/contact_scenarios/fea/matv2wire_mesh_LM75_phiN150_b0_s30.inp'
  [LM75_phiN150_b0] F_mag=0.0055mN  (385.8s)
[LM75_phiN150_b0 4/10] L_M=75.0, phi=-150.0, beta=0.0, s=40.0mm, push_depth=0.1mm (wire) ...
Info    : Meshing 1D...
Info    : [  0%] Meshing curve 1 (BSpline)
Info    : [ 10%] Meshing curve 2 (Ellipse)
Info    : [ 20%] Meshing curve 3 (Ellipse)
Info    : [ 30%] Meshing curve 4 (BSpline)
Info    : [ 40%] Meshing curve 5 (BSpline)
Info    : [ 40%] Meshing curve 6 (BSpline)
Info    : [ 50%] Meshing curve 7 (BSpline)
Info    : [ 60%] Meshing curve 8 (BSpline)
Info    : [ 70%] Meshing curve 9 (BSpline)
Info    : [ 70%] Meshing curve 10 (BSpline)
Info    : [ 90%] Meshing curve 12 (Circle)
Info    : Done meshing 1D (Wall 0.021871s, CPU 0.021807s)
Info    : Meshing 2D...
Info    : [  0%] Meshing surface 1 (Plane, Frontal-Delaunay)
Info    : [ 20%] Meshing surface 2 (Plane, Frontal-Delaunay)
Info    : [ 40%] Meshing surface 3 (BSpline surface, Frontal-Delaunay)
Info    : [ 60%] Meshing surface 4 (BSpline surface, Frontal-Delaunay)
Info    : [ 70%] Meshing surface 5 (Plane, Frontal-Delaunay)
Info    : [ 90%] Meshing surface 6 (Sphere, Frontal-Delaunay)
Info    : Done meshing 2D (Wall 0.743906s, CPU 0.743512s)
Info    : Meshing 3D...
Info    : 3D Meshing 2 volumes with 2 connected components
Info    : Tetrahedrizing 12505 nodes...
Info    : Done tetrahedrizing 12513 nodes (Wall 0.139258s, CPU 0.130834s)
Info    : Reconstructing mesh...
Info    :  - Creating surface mesh
Info    :  - Identifying boundary edges
Info    :  - Recovering boundary
Info    : Done reconstructing mesh (Wall 0.352244s, CPU 0.331533s)
Info    : Found volume 1
Info    : It. 0 - 0 nodes created - worst tet radius 1.04357 (nodes removed 0 0)
Info    : It. 500 - 500 nodes created - worst tet radius 1.00121 (nodes removed 0 0)
Info    : 3D refinement terminated (13258 nodes total):
Info    :  - 0 Delaunay cavities modified for star shapeness
Info    :  - 0 nodes could not be inserted
Info    :  - 42612 tetrahedra created in 0.0282413 sec. (1508853 tets/s)
Info    : 0 node relocations
Info    : Tetrahedrizing 131 nodes...
Info    : Done tetrahedrizing 139 nodes (Wall 0.000885039s, CPU 0.000885s)
Info    : Reconstructing mesh...
Info    :  - Creating surface mesh
Info    :  - Identifying boundary edges
Info    :  - Recovering boundary
Info    : Done reconstructing mesh (Wall 0.00188502s, CPU 0.001889s)
Info    : Found volume 2
Info    : It. 0 - 0 nodes created - worst tet radius 3.08624 (nodes removed 0 0)
Info    : 3D refinement terminated (12715 nodes total):
Info    :  - 0 Delaunay cavities modified for star shapeness
Info    :  - 0 nodes could not be inserted
Info    :  - 478 tetrahedra created in 0.0024302 sec. (196691 tets/s)
Info    : 0 node relocations
Info    : Done meshing 3D (Wall 0.646403s, CPU 0.625649s)
Info    : Optimizing mesh...
Info    : Optimizing volume 1
Info    : Optimization starts (volume = 235.616) with worst = 0.000225905 / average = 0.684501:
Info    : 0.00 < quality < 0.10 :       219 elements
Info    : 0.10 < quality < 0.20 :       325 elements
Info    : 0.20 < quality < 0.30 :       718 elements
Info    : 0.30 < quality < 0.40 :       939 elements
Info    : 0.40 < quality < 0.50 :      1185 elements
Info    : 0.50 < quality < 0.60 :      3299 elements
Info    : 0.60 < quality < 0.70 :     12204 elements
Info    : 0.70 < quality < 0.80 :     19584 elements
Info    : 0.80 < quality < 0.90 :      2282 elements
Info    : 0.90 < quality < 1.00 :      1857 elements
Info    : 1173 edge swaps, 18 node relocations (volume = 235.616): worst = 0.101126 / average = 0.700788 (Wall 0.0154732s, CPU 0.015472s)
Info    : 1228 edge swaps, 21 node relocations (volume = 235.616): worst = 0.13044 / average = 0.701513 (Wall 0.0188794s, CPU 0.018881s)
Info    : 1232 edge swaps, 22 node relocations (volume = 235.616): worst = 0.13044 / average = 0.701574 (Wall 0.0212275s, CPU 0.02123s)
Info    : No ill-shaped tets in the mesh :-)
Info    : 0.00 < quality < 0.10 :         0 elements
Info    : 0.10 < quality < 0.20 :         2 elements
Info    : 0.20 < quality < 0.30 :        11 elements
Info    : 0.30 < quality < 0.40 :       699 elements
Info    : 0.40 < quality < 0.50 :      1044 elements
Info    : 0.50 < quality < 0.60 :      3455 elements
Info    : 0.60 < quality < 0.70 :     12591 elements
Info    : 0.70 < quality < 0.80 :     19358 elements
Info    : 0.80 < quality < 0.90 :      2453 elements
Info    : 0.90 < quality < 1.00 :      1861 elements
Info    : Optimizing volume 2
Info    : Optimization starts (volume = 0.256422) with worst = 0.0557115 / average = 0.747117:
Info    : 0.00 < quality < 0.10 :         1 elements
Info    : 0.10 < quality < 0.20 :         3 elements
Info    : 0.20 < quality < 0.30 :         5 elements
Info    : 0.30 < quality < 0.40 :         9 elements
Info    : 0.40 < quality < 0.50 :         7 elements
Info    : 0.50 < quality < 0.60 :        22 elements
Info    : 0.60 < quality < 0.70 :        80 elements
Info    : 0.70 < quality < 0.80 :       186 elements
Info    : 0.80 < quality < 0.90 :       121 elements
Info    : 0.90 < quality < 1.00 :        44 elements
Info    : 9 edge swaps, 0 node relocations (volume = 0.256422): worst = 0.307806 / average = 0.760225 (Wall 0.00011791s, CPU 0.000118s)
Info    : No ill-shaped tets in the mesh :-)
Info    : 0.00 < quality < 0.10 :         0 elements
Info    : 0.10 < quality < 0.20 :         0 elements
Info    : 0.20 < quality < 0.30 :         0 elements
Info    : 0.30 < quality < 0.40 :         9 elements
Info    : 0.40 < quality < 0.50 :         6 elements
Info    : 0.50 < quality < 0.60 :        19 elements
Info    : 0.60 < quality < 0.70 :        78 elements
Info    : 0.70 < quality < 0.80 :       188 elements
Info    : 0.80 < quality < 0.90 :       125 elements
Info    : 0.90 < quality < 1.00 :        44 elements
Info    : Done optimizing mesh (Wall 0.0446148s, CPU 0.044614s)
Info    : 13921 nodes 68718 elements
Info    : Meshing order 2 (curvilinear on)...
Info    : [  0%] Meshing curve 1 order 2
Info    : [ 10%] Meshing curve 2 order 2
Info    : [ 10%] Meshing curve 3 order 2
Info    : [ 20%] Meshing curve 4 order 2
Info    : [ 20%] Meshing curve 5 order 2
Info    : [ 30%] Meshing curve 6 order 2
Info    : [ 30%] Meshing curve 7 order 2
Info    : [ 40%] Meshing curve 8 order 2
Info    : [ 40%] Meshing curve 9 order 2
Info    : [ 50%] Meshing curve 10 order 2
Info    : [ 50%] Meshing curve 11 order 2
Info    : [ 60%] Meshing curve 12 order 2
Info    : [ 60%] Meshing curve 13 order 2
Info    : [ 70%] Meshing surface 1 order 2
Info    : [ 70%] Meshing surface 2 order 2
Info    : [ 80%] Meshing surface 3 order 2
Info    : [ 80%] Meshing surface 4 order 2
Info    : [ 90%] Meshing surface 5 order 2
Info    : [ 90%] Meshing surface 6 order 2
Info    : [100%] Meshing volume 1 order 2
Info    : [100%] Meshing volume 2 order 2
Info    : Surface mesh: worst distortion = 0.797589 (0 elements in ]0, 0.2]); worst gamma = 0.630699
Info    : Volume mesh: worst distortion = 0.256528 (0 elements in ]0, 0.2])
Info    : Done meshing order 2 (Wall 15.4175s, CPU 15.4112s)
Info    : Writing '/home/user/mscr-mom/현서/scripts/contact_scenarios/fea/matv2wire_mesh_LM75_phiN150_b0_s40.inp'...
Info    : Done writing '/home/user/mscr-mom/현서/scripts/contact_scenarios/fea/matv2wire_mesh_LM75_phiN150_b0_s40.inp'
  [LM75_phiN150_b0] F_mag=0.0023mN  (145.8s)
[LM75_phiN150_b0 5/10] L_M=75.0, phi=-150.0, beta=0.0, s=50.0mm, push_depth=0.1mm (wire) ...
Info    : Meshing 1D...
Info    : [  0%] Meshing curve 1 (BSpline)
Info    : [ 10%] Meshing curve 2 (Ellipse)
Info    : [ 20%] Meshing curve 3 (Ellipse)
Info    : [ 30%] Meshing curve 4 (BSpline)
Info    : [ 40%] Meshing curve 5 (BSpline)
Info    : [ 40%] Meshing curve 6 (BSpline)
Info    : [ 50%] Meshing curve 7 (BSpline)
Info    : [ 60%] Meshing curve 8 (BSpline)
Info    : [ 70%] Meshing curve 9 (BSpline)
Info    : [ 70%] Meshing curve 10 (BSpline)
Info    : [ 90%] Meshing curve 12 (Circle)
Info    : Done meshing 1D (Wall 0.0208245s, CPU 0.020809s)
Info    : Meshing 2D...
Info    : [  0%] Meshing surface 1 (Plane, Frontal-Delaunay)
Info    : [ 20%] Meshing surface 2 (Plane, Frontal-Delaunay)
Info    : [ 40%] Meshing surface 3 (BSpline surface, Frontal-Delaunay)
Info    : [ 60%] Meshing surface 4 (BSpline surface, Frontal-Delaunay)
Info    : [ 70%] Meshing surface 5 (Plane, Frontal-Delaunay)
Info    : [ 90%] Meshing surface 6 (Sphere, Frontal-Delaunay)
Info    : Done meshing 2D (Wall 0.721044s, CPU 0.720836s)
Info    : Meshing 3D...
Info    : 3D Meshing 2 volumes with 2 connected components
Info    : Tetrahedrizing 12505 nodes...
Info    : Done tetrahedrizing 12513 nodes (Wall 0.143218s, CPU 0.133205s)
Info    : Reconstructing mesh...
Info    :  - Creating surface mesh
Info    :  - Identifying boundary edges
Info    :  - Recovering boundary
Info    : Done reconstructing mesh (Wall 0.351268s, CPU 0.332315s)
Info    : Found volume 1
Info    : It. 0 - 0 nodes created - worst tet radius 1.04357 (nodes removed 0 0)
Info    : It. 500 - 500 nodes created - worst tet radius 1.00121 (nodes removed 0 0)
Info    : 3D refinement terminated (13258 nodes total):
Info    :  - 0 Delaunay cavities modified for star shapeness
Info    :  - 0 nodes could not be inserted
Info    :  - 42612 tetrahedra created in 0.0248212 sec. (1716760 tets/s)
Info    : 0 node relocations
Info    : Tetrahedrizing 131 nodes...
Info    : Done tetrahedrizing 139 nodes (Wall 0.000736423s, CPU 0.000736s)
Info    : Reconstructing mesh...
Info    :  - Creating surface mesh
Info    :  - Identifying boundary edges
Info    :  - Recovering boundary
Info    : Done reconstructing mesh (Wall 0.00171469s, CPU 0.001715s)
Info    : Found volume 2
Info    : It. 0 - 0 nodes created - worst tet radius 3.08624 (nodes removed 0 0)
Info    : 3D refinement terminated (12715 nodes total):
Info    :  - 0 Delaunay cavities modified for star shapeness
Info    :  - 0 nodes could not be inserted
Info    :  - 478 tetrahedra created in 0.00238674 sec. (200273 tets/s)
Info    : 0 node relocations
Info    : Done meshing 3D (Wall 0.600784s, CPU 0.581786s)
Info    : Optimizing mesh...
Info    : Optimizing volume 1
Info    : Optimization starts (volume = 235.616) with worst = 0.000225905 / average = 0.684501:
Info    : 0.00 < quality < 0.10 :       219 elements
Info    : 0.10 < quality < 0.20 :       325 elements
Info    : 0.20 < quality < 0.30 :       718 elements
Info    : 0.30 < quality < 0.40 :       939 elements
Info    : 0.40 < quality < 0.50 :      1185 elements
Info    : 0.50 < quality < 0.60 :      3299 elements
Info    : 0.60 < quality < 0.70 :     12204 elements
Info    : 0.70 < quality < 0.80 :     19584 elements
Info    : 0.80 < quality < 0.90 :      2282 elements
Info    : 0.90 < quality < 1.00 :      1857 elements
Info    : 1173 edge swaps, 18 node relocations (volume = 235.616): worst = 0.101126 / average = 0.700788 (Wall 0.0136603s, CPU 0.013661s)
Info    : 1228 edge swaps, 21 node relocations (volume = 235.616): worst = 0.13044 / average = 0.701513 (Wall 0.0167201s, CPU 0.016722s)
Info    : 1232 edge swaps, 22 node relocations (volume = 235.616): worst = 0.13044 / average = 0.701574 (Wall 0.0192157s, CPU 0.019217s)
Info    : No ill-shaped tets in the mesh :-)
Info    : 0.00 < quality < 0.10 :         0 elements
Info    : 0.10 < quality < 0.20 :         2 elements
Info    : 0.20 < quality < 0.30 :        11 elements
Info    : 0.30 < quality < 0.40 :       699 elements
Info    : 0.40 < quality < 0.50 :      1044 elements
Info    : 0.50 < quality < 0.60 :      3455 elements
Info    : 0.60 < quality < 0.70 :     12591 elements
Info    : 0.70 < quality < 0.80 :     19358 elements
Info    : 0.80 < quality < 0.90 :      2453 elements
Info    : 0.90 < quality < 1.00 :      1861 elements
Info    : Optimizing volume 2
Info    : Optimization starts (volume = 0.256422) with worst = 0.0557115 / average = 0.747117:
Info    : 0.00 < quality < 0.10 :         1 elements
Info    : 0.10 < quality < 0.20 :         3 elements
Info    : 0.20 < quality < 0.30 :         5 elements
Info    : 0.30 < quality < 0.40 :         9 elements
Info    : 0.40 < quality < 0.50 :         7 elements
Info    : 0.50 < quality < 0.60 :        22 elements
Info    : 0.60 < quality < 0.70 :        80 elements
Info    : 0.70 < quality < 0.80 :       186 elements
Info    : 0.80 < quality < 0.90 :       121 elements
Info    : 0.90 < quality < 1.00 :        44 elements
Info    : 9 edge swaps, 0 node relocations (volume = 0.256422): worst = 0.307806 / average = 0.760225 (Wall 0.00011804s, CPU 0.000119s)
Info    : No ill-shaped tets in the mesh :-)
Info    : 0.00 < quality < 0.10 :         0 elements
Info    : 0.10 < quality < 0.20 :         0 elements
Info    : 0.20 < quality < 0.30 :         0 elements
Info    : 0.30 < quality < 0.40 :         9 elements
Info    : 0.40 < quality < 0.50 :         6 elements
Info    : 0.50 < quality < 0.60 :        19 elements
Info    : 0.60 < quality < 0.70 :        78 elements
Info    : 0.70 < quality < 0.80 :       188 elements
Info    : 0.80 < quality < 0.90 :       125 elements
Info    : 0.90 < quality < 1.00 :        44 elements
Info    : Done optimizing mesh (Wall 0.0427822s, CPU 0.04278s)
Info    : 13921 nodes 68718 elements
Info    : Meshing order 2 (curvilinear on)...
Info    : [  0%] Meshing curve 1 order 2
Info    : [ 10%] Meshing curve 2 order 2
Info    : [ 10%] Meshing curve 3 order 2
Info    : [ 20%] Meshing curve 4 order 2
Info    : [ 20%] Meshing curve 5 order 2
Info    : [ 30%] Meshing curve 6 order 2
Info    : [ 30%] Meshing curve 7 order 2
Info    : [ 40%] Meshing curve 8 order 2
Info    : [ 40%] Meshing curve 9 order 2
Info    : [ 50%] Meshing curve 10 order 2
Info    : [ 50%] Meshing curve 11 order 2
Info    : [ 60%] Meshing curve 12 order 2
Info    : [ 60%] Meshing curve 13 order 2
Info    : [ 70%] Meshing surface 1 order 2
Info    : [ 70%] Meshing surface 2 order 2
Info    : [ 80%] Meshing surface 3 order 2
Info    : [ 80%] Meshing surface 4 order 2
Info    : [ 90%] Meshing surface 5 order 2
Info    : [ 90%] Meshing surface 6 order 2
Info    : [100%] Meshing volume 1 order 2
Info    : [100%] Meshing volume 2 order 2
Info    : Surface mesh: worst distortion = 0.797589 (0 elements in ]0, 0.2]); worst gamma = 0.630699
Info    : Volume mesh: worst distortion = 0.256528 (0 elements in ]0, 0.2])
Info    : Done meshing order 2 (Wall 15.0858s, CPU 15.0772s)
Info    : Writing '/home/user/mscr-mom/현서/scripts/contact_scenarios/fea/matv2wire_mesh_LM75_phiN150_b0_s50.inp'...
Info    : Done writing '/home/user/mscr-mom/현서/scripts/contact_scenarios/fea/matv2wire_mesh_LM75_phiN150_b0_s50.inp'
  [LM75_phiN150_b0] F_mag=0.0013mN  (382.1s)
[LM75_phiN150_b0 6/10] L_M=75.0, phi=-150.0, beta=0.0, s=60.0mm, push_depth=0.1mm (wire) ...
Info    : Meshing 1D...
Info    : [  0%] Meshing curve 1 (BSpline)
Info    : [ 10%] Meshing curve 2 (Ellipse)
Info    : [ 20%] Meshing curve 3 (Ellipse)
Info    : [ 30%] Meshing curve 4 (BSpline)
Info    : [ 40%] Meshing curve 5 (BSpline)
Info    : [ 40%] Meshing curve 6 (BSpline)
Info    : [ 50%] Meshing curve 7 (BSpline)
Info    : [ 60%] Meshing curve 8 (BSpline)
Info    : [ 70%] Meshing curve 9 (BSpline)
Info    : [ 70%] Meshing curve 10 (BSpline)
Info    : [ 90%] Meshing curve 12 (Circle)
Info    : Done meshing 1D (Wall 0.0205702s, CPU 0.020533s)
Info    : Meshing 2D...
Info    : [  0%] Meshing surface 1 (Plane, Frontal-Delaunay)
Info    : [ 20%] Meshing surface 2 (Plane, Frontal-Delaunay)
Info    : [ 40%] Meshing surface 3 (BSpline surface, Frontal-Delaunay)
Info    : [ 60%] Meshing surface 4 (BSpline surface, Frontal-Delaunay)
Info    : [ 70%] Meshing surface 5 (Plane, Frontal-Delaunay)
Info    : [ 90%] Meshing surface 6 (Sphere, Frontal-Delaunay)
Info    : Done meshing 2D (Wall 0.685553s, CPU 0.685505s)
Info    : Meshing 3D...
Info    : 3D Meshing 2 volumes with 2 connected components
Info    : Tetrahedrizing 12505 nodes...
Info    : Done tetrahedrizing 12513 nodes (Wall 0.145788s, CPU 0.139759s)
Info    : Reconstructing mesh...
Info    :  - Creating surface mesh
Info    :  - Identifying boundary edges
Info    :  - Recovering boundary
Info    : Done reconstructing mesh (Wall 0.323874s, CPU 0.307836s)
Info    : Found volume 1
Info    : It. 0 - 0 nodes created - worst tet radius 1.04357 (nodes removed 0 0)
Info    : It. 500 - 500 nodes created - worst tet radius 1.00121 (nodes removed 0 0)
Info    : 3D refinement terminated (13258 nodes total):
Info    :  - 0 Delaunay cavities modified for star shapeness
Info    :  - 0 nodes could not be inserted
Info    :  - 42612 tetrahedra created in 0.0251327 sec. (1695481 tets/s)
Info    : 0 node relocations
Info    : Tetrahedrizing 131 nodes...
Info    : Done tetrahedrizing 139 nodes (Wall 0.000684223s, CPU 0.000685s)
Info    : Reconstructing mesh...
Info    :  - Creating surface mesh
Info    :  - Identifying boundary edges
Info    :  - Recovering boundary
Info    : Done reconstructing mesh (Wall 0.00157599s, CPU 0.00158s)
Info    : Found volume 2
Info    : It. 0 - 0 nodes created - worst tet radius 3.08624 (nodes removed 0 0)
Info    : 3D refinement terminated (12715 nodes total):
Info    :  - 0 Delaunay cavities modified for star shapeness
Info    :  - 0 nodes could not be inserted
Info    :  - 478 tetrahedra created in 0.0024969 sec. (191437 tets/s)
Info    : 0 node relocations
Info    : Done meshing 3D (Wall 0.566818s, CPU 0.550757s)
Info    : Optimizing mesh...
Info    : Optimizing volume 1
Info    : Optimization starts (volume = 235.616) with worst = 0.000225905 / average = 0.684501:
Info    : 0.00 < quality < 0.10 :       219 elements
Info    : 0.10 < quality < 0.20 :       325 elements
Info    : 0.20 < quality < 0.30 :       718 elements
Info    : 0.30 < quality < 0.40 :       939 elements
Info    : 0.40 < quality < 0.50 :      1185 elements
Info    : 0.50 < quality < 0.60 :      3299 elements
Info    : 0.60 < quality < 0.70 :     12204 elements
Info    : 0.70 < quality < 0.80 :     19584 elements
Info    : 0.80 < quality < 0.90 :      2282 elements
Info    : 0.90 < quality < 1.00 :      1857 elements
Info    : 1173 edge swaps, 18 node relocations (volume = 235.616): worst = 0.101126 / average = 0.700788 (Wall 0.0136548s, CPU 0.013655s)
Info    : 1228 edge swaps, 21 node relocations (volume = 235.616): worst = 0.13044 / average = 0.701513 (Wall 0.0164696s, CPU 0.016471s)
Info    : 1232 edge swaps, 22 node relocations (volume = 235.616): worst = 0.13044 / average = 0.701574 (Wall 0.0185918s, CPU 0.018594s)
Info    : No ill-shaped tets in the mesh :-)
Info    : 0.00 < quality < 0.10 :         0 elements
Info    : 0.10 < quality < 0.20 :         2 elements
Info    : 0.20 < quality < 0.30 :        11 elements
Info    : 0.30 < quality < 0.40 :       699 elements
Info    : 0.40 < quality < 0.50 :      1044 elements
Info    : 0.50 < quality < 0.60 :      3455 elements
Info    : 0.60 < quality < 0.70 :     12591 elements
Info    : 0.70 < quality < 0.80 :     19358 elements
Info    : 0.80 < quality < 0.90 :      2453 elements
Info    : 0.90 < quality < 1.00 :      1861 elements
Info    : Optimizing volume 2
Info    : Optimization starts (volume = 0.256422) with worst = 0.0557115 / average = 0.747117:
Info    : 0.00 < quality < 0.10 :         1 elements
Info    : 0.10 < quality < 0.20 :         3 elements
Info    : 0.20 < quality < 0.30 :         5 elements
Info    : 0.30 < quality < 0.40 :         9 elements
Info    : 0.40 < quality < 0.50 :         7 elements
Info    : 0.50 < quality < 0.60 :        22 elements
Info    : 0.60 < quality < 0.70 :        80 elements
Info    : 0.70 < quality < 0.80 :       186 elements
Info    : 0.80 < quality < 0.90 :       121 elements
Info    : 0.90 < quality < 1.00 :        44 elements
Info    : 9 edge swaps, 0 node relocations (volume = 0.256422): worst = 0.307806 / average = 0.760225 (Wall 0.000106934s, CPU 0.000108s)
Info    : No ill-shaped tets in the mesh :-)
Info    : 0.00 < quality < 0.10 :         0 elements
Info    : 0.10 < quality < 0.20 :         0 elements
Info    : 0.20 < quality < 0.30 :         0 elements
Info    : 0.30 < quality < 0.40 :         9 elements
Info    : 0.40 < quality < 0.50 :         6 elements
Info    : 0.50 < quality < 0.60 :        19 elements
Info    : 0.60 < quality < 0.70 :        78 elements
Info    : 0.70 < quality < 0.80 :       188 elements
Info    : 0.80 < quality < 0.90 :       125 elements
Info    : 0.90 < quality < 1.00 :        44 elements
Info    : Done optimizing mesh (Wall 0.0412351s, CPU 0.041233s)
Info    : 13921 nodes 68718 elements
Info    : Meshing order 2 (curvilinear on)...
Info    : [  0%] Meshing curve 1 order 2
Info    : [ 10%] Meshing curve 2 order 2
Info    : [ 10%] Meshing curve 3 order 2
Info    : [ 20%] Meshing curve 4 order 2
Info    : [ 20%] Meshing curve 5 order 2
Info    : [ 30%] Meshing curve 6 order 2
Info    : [ 30%] Meshing curve 7 order 2
Info    : [ 40%] Meshing curve 8 order 2
Info    : [ 40%] Meshing curve 9 order 2
Info    : [ 50%] Meshing curve 10 order 2
Info    : [ 50%] Meshing curve 11 order 2
Info    : [ 60%] Meshing curve 12 order 2
Info    : [ 60%] Meshing curve 13 order 2
Info    : [ 70%] Meshing surface 1 order 2
Info    : [ 70%] Meshing surface 2 order 2
Info    : [ 80%] Meshing surface 3 order 2
Info    : [ 80%] Meshing surface 4 order 2
Info    : [ 90%] Meshing surface 5 order 2
Info    : [ 90%] Meshing surface 6 order 2
Info    : [100%] Meshing volume 1 order 2
Info    : [100%] Meshing volume 2 order 2
Info    : Surface mesh: worst distortion = 0.797589 (0 elements in ]0, 0.2]); worst gamma = 0.630699
Info    : Volume mesh: worst distortion = 0.256528 (0 elements in ]0, 0.2])
Info    : Done meshing order 2 (Wall 14.7243s, CPU 14.7195s)
Info    : Writing '/home/user/mscr-mom/현서/scripts/contact_scenarios/fea/matv2wire_mesh_LM75_phiN150_b0_s60.inp'...
Info    : Done writing '/home/user/mscr-mom/현서/scripts/contact_scenarios/fea/matv2wire_mesh_LM75_phiN150_b0_s60.inp'
  [LM75_phiN150_b0] F_mag=0.0007mN  (408.0s)
[LM75_phiN150_b0 7/10] L_M=75.0, phi=-150.0, beta=0.0, s=70.0mm, push_depth=0.1mm (wire) ...
Info    : Meshing 1D...
Info    : [  0%] Meshing curve 1 (BSpline)
Info    : [ 10%] Meshing curve 2 (Ellipse)
Info    : [ 20%] Meshing curve 3 (Ellipse)
Info    : [ 30%] Meshing curve 4 (BSpline)
Info    : [ 40%] Meshing curve 5 (BSpline)
Info    : [ 40%] Meshing curve 6 (BSpline)
Info    : [ 50%] Meshing curve 7 (BSpline)
Info    : [ 60%] Meshing curve 8 (BSpline)
Info    : [ 70%] Meshing curve 9 (BSpline)
Info    : [ 70%] Meshing curve 10 (BSpline)
Info    : [ 90%] Meshing curve 12 (Circle)
Info    : Done meshing 1D (Wall 0.0213174s, CPU 0.020314s)
Info    : Meshing 2D...
Info    : [  0%] Meshing surface 1 (Plane, Frontal-Delaunay)
Info    : [ 20%] Meshing surface 2 (Plane, Frontal-Delaunay)
Info    : [ 40%] Meshing surface 3 (BSpline surface, Frontal-Delaunay)
Info    : [ 60%] Meshing surface 4 (BSpline surface, Frontal-Delaunay)
Info    : [ 70%] Meshing surface 5 (Plane, Frontal-Delaunay)
Info    : [ 90%] Meshing surface 6 (Sphere, Frontal-Delaunay)
Info    : Done meshing 2D (Wall 0.679363s, CPU 0.679328s)
Info    : Meshing 3D...
Info    : 3D Meshing 2 volumes with 2 connected components
Info    : Tetrahedrizing 12505 nodes...
Info    : Done tetrahedrizing 12513 nodes (Wall 0.136897s, CPU 0.128879s)
Info    : Reconstructing mesh...
Info    :  - Creating surface mesh
Info    :  - Identifying boundary edges
Info    :  - Recovering boundary
Info    : Done reconstructing mesh (Wall 0.330202s, CPU 0.316177s)
Info    : Found volume 1
Info    : It. 0 - 0 nodes created - worst tet radius 1.04357 (nodes removed 0 0)
Info    : It. 500 - 500 nodes created - worst tet radius 1.00121 (nodes removed 0 0)
Info    : 3D refinement terminated (13258 nodes total):
Info    :  - 0 Delaunay cavities modified for star shapeness
Info    :  - 0 nodes could not be inserted
Info    :  - 42612 tetrahedra created in 0.0230203 sec. (1851063 tets/s)
Info    : 0 node relocations
Info    : Tetrahedrizing 131 nodes...
Info    : Done tetrahedrizing 139 nodes (Wall 0.000649564s, CPU 0.00065s)
Info    : Reconstructing mesh...
Info    :  - Creating surface mesh
Info    :  - Identifying boundary edges
Info    :  - Recovering boundary
Info    : Done reconstructing mesh (Wall 0.00152201s, CPU 0.001522s)
Info    : Found volume 2
Info    : It. 0 - 0 nodes created - worst tet radius 3.0789 (nodes removed 0 0)
Info    : 3D refinement terminated (12716 nodes total):
Info    :  - 0 Delaunay cavities modified for star shapeness
Info    :  - 0 nodes could not be inserted
Info    :  - 501 tetrahedra created in 0.00234723 sec. (213443 tets/s)
Info    : 0 node relocations
Info    : Done meshing 3D (Wall 0.580848s, CPU 0.565804s)
Info    : Optimizing mesh...
Info    : Optimizing volume 1
Info    : Optimization starts (volume = 235.616) with worst = 0.000225905 / average = 0.684501:
Info    : 0.00 < quality < 0.10 :       219 elements
Info    : 0.10 < quality < 0.20 :       325 elements
Info    : 0.20 < quality < 0.30 :       718 elements
Info    : 0.30 < quality < 0.40 :       939 elements
Info    : 0.40 < quality < 0.50 :      1185 elements
Info    : 0.50 < quality < 0.60 :      3299 elements
Info    : 0.60 < quality < 0.70 :     12204 elements
Info    : 0.70 < quality < 0.80 :     19584 elements
Info    : 0.80 < quality < 0.90 :      2282 elements
Info    : 0.90 < quality < 1.00 :      1857 elements
Info    : 1173 edge swaps, 18 node relocations (volume = 235.616): worst = 0.101126 / average = 0.700788 (Wall 0.0119877s, CPU 0.011989s)
Info    : 1228 edge swaps, 21 node relocations (volume = 235.616): worst = 0.13044 / average = 0.701513 (Wall 0.0144638s, CPU 0.014466s)
Info    : 1232 edge swaps, 22 node relocations (volume = 235.616): worst = 0.13044 / average = 0.701574 (Wall 0.0164475s, CPU 0.016451s)
Info    : No ill-shaped tets in the mesh :-)
Info    : 0.00 < quality < 0.10 :         0 elements
Info    : 0.10 < quality < 0.20 :         2 elements
Info    : 0.20 < quality < 0.30 :        11 elements
Info    : 0.30 < quality < 0.40 :       699 elements
Info    : 0.40 < quality < 0.50 :      1044 elements
Info    : 0.50 < quality < 0.60 :      3455 elements
Info    : 0.60 < quality < 0.70 :     12591 elements
Info    : 0.70 < quality < 0.80 :     19358 elements
Info    : 0.80 < quality < 0.90 :      2453 elements
Info    : 0.90 < quality < 1.00 :      1861 elements
Info    : Optimizing volume 2
Info    : Optimization starts (volume = 0.25645) with worst = 0.0401763 / average = 0.723163:
Info    : 0.00 < quality < 0.10 :         2 elements
Info    : 0.10 < quality < 0.20 :         5 elements
Info    : 0.20 < quality < 0.30 :         4 elements
Info    : 0.30 < quality < 0.40 :        19 elements
Info    : 0.40 < quality < 0.50 :        23 elements
Info    : 0.50 < quality < 0.60 :        30 elements
Info    : 0.60 < quality < 0.70 :        67 elements
Info    : 0.70 < quality < 0.80 :       188 elements
Info    : 0.80 < quality < 0.90 :       122 elements
Info    : 0.90 < quality < 1.00 :        41 elements
Info    : 11 edge swaps, 0 node relocations (volume = 0.25645): worst = 0.306492 / average = 0.738495 (Wall 0.000102766s, CPU 0.000102s)
Info    : No ill-shaped tets in the mesh :-)
Info    : 0.00 < quality < 0.10 :         0 elements
Info    : 0.10 < quality < 0.20 :         0 elements
Info    : 0.20 < quality < 0.30 :         0 elements
Info    : 0.30 < quality < 0.40 :        19 elements
Info    : 0.40 < quality < 0.50 :        20 elements
Info    : 0.50 < quality < 0.60 :        28 elements
Info    : 0.60 < quality < 0.70 :        68 elements
Info    : 0.70 < quality < 0.80 :       189 elements
Info    : 0.80 < quality < 0.90 :       125 elements
Info    : 0.90 < quality < 1.00 :        41 elements
Info    : Done optimizing mesh (Wall 0.0382413s, CPU 0.038238s)
Info    : 13922 nodes 68739 elements
Info    : Meshing order 2 (curvilinear on)...
Info    : [  0%] Meshing curve 1 order 2
Info    : [ 10%] Meshing curve 2 order 2
Info    : [ 10%] Meshing curve 3 order 2
Info    : [ 20%] Meshing curve 4 order 2
Info    : [ 20%] Meshing curve 5 order 2
Info    : [ 30%] Meshing curve 6 order 2
Info    : [ 30%] Meshing curve 7 order 2
Info    : [ 40%] Meshing curve 8 order 2
Info    : [ 40%] Meshing curve 9 order 2
Info    : [ 50%] Meshing curve 10 order 2
Info    : [ 50%] Meshing curve 11 order 2
Info    : [ 60%] Meshing curve 12 order 2
Info    : [ 60%] Meshing curve 13 order 2
Info    : [ 70%] Meshing surface 1 order 2
Info    : [ 70%] Meshing surface 2 order 2
Info    : [ 80%] Meshing surface 3 order 2
Info    : [ 80%] Meshing surface 4 order 2
Info    : [ 90%] Meshing surface 5 order 2
Info    : [ 90%] Meshing surface 6 order 2
Info    : [100%] Meshing volume 1 order 2
Info    : [100%] Meshing volume 2 order 2
Info    : Surface mesh: worst distortion = 0.797589 (0 elements in ]0, 0.2]); worst gamma = 0.630699
Info    : Volume mesh: worst distortion = 0.256528 (0 elements in ]0, 0.2])
Info    : Done meshing order 2 (Wall 14.4389s, CPU 14.4377s)
Info    : Writing '/home/user/mscr-mom/현서/scripts/contact_scenarios/fea/matv2wire_mesh_LM75_phiN150_b0_s70.inp'...
Info    : Done writing '/home/user/mscr-mom/현서/scripts/contact_scenarios/fea/matv2wire_mesh_LM75_phiN150_b0_s70.inp'
  [LM75_phiN150_b0] F_mag=0.0004mN  (543.0s)
[LM75_phiN150_b0 8/10] L_M=75.0, phi=-150.0, beta=0.0, s=80.0mm, push_depth=0.1mm (wire) ...
Info    : Meshing 1D...
Info    : [  0%] Meshing curve 1 (BSpline)
Info    : [ 10%] Meshing curve 2 (Ellipse)
Info    : [ 20%] Meshing curve 3 (Ellipse)
Info    : [ 30%] Meshing curve 4 (BSpline)
Info    : [ 40%] Meshing curve 5 (BSpline)
Info    : [ 40%] Meshing curve 6 (BSpline)
Info    : [ 50%] Meshing curve 7 (BSpline)
Info    : [ 60%] Meshing curve 8 (BSpline)
Info    : [ 70%] Meshing curve 9 (BSpline)
Info    : [ 70%] Meshing curve 10 (BSpline)
Info    : [ 90%] Meshing curve 12 (Circle)
Info    : Done meshing 1D (Wall 0.0195339s, CPU 0.019495s)
Info    : Meshing 2D...
Info    : [  0%] Meshing surface 1 (Plane, Frontal-Delaunay)
Info    : [ 20%] Meshing surface 2 (Plane, Frontal-Delaunay)
Info    : [ 40%] Meshing surface 3 (BSpline surface, Frontal-Delaunay)
Info    : [ 60%] Meshing surface 4 (BSpline surface, Frontal-Delaunay)
Info    : [ 70%] Meshing surface 5 (Plane, Frontal-Delaunay)
Info    : [ 90%] Meshing surface 6 (Sphere, Frontal-Delaunay)
Info    : Done meshing 2D (Wall 0.730189s, CPU 0.73012s)
Info    : Meshing 3D...
Info    : 3D Meshing 2 volumes with 2 connected components
Info    : Tetrahedrizing 12505 nodes...
Info    : Done tetrahedrizing 12513 nodes (Wall 0.149201s, CPU 0.141196s)
Info    : Reconstructing mesh...
Info    :  - Creating surface mesh
Info    :  - Identifying boundary edges
Info    :  - Recovering boundary
Info    : Done reconstructing mesh (Wall 0.338852s, CPU 0.321857s)
Info    : Found volume 1
Info    : It. 0 - 0 nodes created - worst tet radius 1.04357 (nodes removed 0 0)
Info    : It. 500 - 500 nodes created - worst tet radius 1.00121 (nodes removed 0 0)
Info    : 3D refinement terminated (13257 nodes total):
Info    :  - 0 Delaunay cavities modified for star shapeness
Info    :  - 0 nodes could not be inserted
Info    :  - 42612 tetrahedra created in 0.0239496 sec. (1779237 tets/s)
Info    : 0 node relocations
Info    : Tetrahedrizing 130 nodes...
Info    : Done tetrahedrizing 138 nodes (Wall 0.000668035s, CPU 0.000669s)
Info    : Reconstructing mesh...
Info    :  - Creating surface mesh
Info    :  - Identifying boundary edges
Info    :  - Recovering boundary
Info    : Done reconstructing mesh (Wall 0.00151578s, CPU 0.001519s)
Info    : Found volume 2
Info    : It. 0 - 0 nodes created - worst tet radius 3.0606 (nodes removed 0 0)
Info    : 3D refinement terminated (12716 nodes total):
Info    :  - 0 Delaunay cavities modified for star shapeness
Info    :  - 0 nodes could not be inserted
Info    :  - 492 tetrahedra created in 0.00254803 sec. (193089 tets/s)
Info    : 0 node relocations
Info    : Done meshing 3D (Wall 0.58044s, CPU 0.563427s)
Info    : Optimizing mesh...
Info    : Optimizing volume 1
Info    : Optimization starts (volume = 235.616) with worst = 0.000225905 / average = 0.684501:
Info    : 0.00 < quality < 0.10 :       219 elements
Info    : 0.10 < quality < 0.20 :       325 elements
Info    : 0.20 < quality < 0.30 :       718 elements
Info    : 0.30 < quality < 0.40 :       939 elements
Info    : 0.40 < quality < 0.50 :      1185 elements
Info    : 0.50 < quality < 0.60 :      3299 elements
Info    : 0.60 < quality < 0.70 :     12204 elements
Info    : 0.70 < quality < 0.80 :     19584 elements
Info    : 0.80 < quality < 0.90 :      2282 elements
Info    : 0.90 < quality < 1.00 :      1857 elements
Info    : 1173 edge swaps, 18 node relocations (volume = 235.616): worst = 0.101126 / average = 0.700788 (Wall 0.0140848s, CPU 0.014086s)
Info    : 1228 edge swaps, 21 node relocations (volume = 235.616): worst = 0.13044 / average = 0.701513 (Wall 0.0174106s, CPU 0.017412s)
Info    : 1232 edge swaps, 22 node relocations (volume = 235.616): worst = 0.13044 / average = 0.701574 (Wall 0.0202313s, CPU 0.020232s)
Info    : No ill-shaped tets in the mesh :-)
Info    : 0.00 < quality < 0.10 :         0 elements
Info    : 0.10 < quality < 0.20 :         2 elements
Info    : 0.20 < quality < 0.30 :        11 elements
Info    : 0.30 < quality < 0.40 :       699 elements
Info    : 0.40 < quality < 0.50 :      1044 elements
Info    : 0.50 < quality < 0.60 :      3455 elements
Info    : 0.60 < quality < 0.70 :     12591 elements
Info    : 0.70 < quality < 0.80 :     19358 elements
Info    : 0.80 < quality < 0.90 :      2453 elements
Info    : 0.90 < quality < 1.00 :      1861 elements
Info    : Optimizing volume 2
Info    : Optimization starts (volume = 0.256435) with worst = 0.0657345 / average = 0.748343:
Info    : 0.00 < quality < 0.10 :         1 elements
Info    : 0.10 < quality < 0.20 :         3 elements
Info    : 0.20 < quality < 0.30 :         6 elements
Info    : 0.30 < quality < 0.40 :        10 elements
Info    : 0.40 < quality < 0.50 :        17 elements
Info    : 0.50 < quality < 0.60 :        17 elements
Info    : 0.60 < quality < 0.70 :        62 elements
Info    : 0.70 < quality < 0.80 :       188 elements
Info    : 0.80 < quality < 0.90 :       151 elements
Info    : 0.90 < quality < 1.00 :        37 elements
Info    : 10 edge swaps, 0 node relocations (volume = 0.256435): worst = 0.31774 / average = 0.761248 (Wall 0.000116067s, CPU 0.000116s)
Info    : No ill-shaped tets in the mesh :-)
Info    : 0.00 < quality < 0.10 :         0 elements
Info    : 0.10 < quality < 0.20 :         0 elements
Info    : 0.20 < quality < 0.30 :         0 elements
Info    : 0.30 < quality < 0.40 :        10 elements
Info    : 0.40 < quality < 0.50 :        15 elements
Info    : 0.50 < quality < 0.60 :        15 elements
Info    : 0.60 < quality < 0.70 :        66 elements
Info    : 0.70 < quality < 0.80 :       188 elements
Info    : 0.80 < quality < 0.90 :       152 elements
Info    : 0.90 < quality < 1.00 :        37 elements
Info    : Done optimizing mesh (Wall 0.0420142s, CPU 0.042013s)
Info    : 13922 nodes 68730 elements
Info    : Meshing order 2 (curvilinear on)...
Info    : [  0%] Meshing curve 1 order 2
Info    : [ 10%] Meshing curve 2 order 2
Info    : [ 10%] Meshing curve 3 order 2
Info    : [ 20%] Meshing curve 4 order 2
Info    : [ 20%] Meshing curve 5 order 2
Info    : [ 30%] Meshing curve 6 order 2
Info    : [ 30%] Meshing curve 7 order 2
Info    : [ 40%] Meshing curve 8 order 2
Info    : [ 40%] Meshing curve 9 order 2
Info    : [ 50%] Meshing curve 10 order 2
Info    : [ 50%] Meshing curve 11 order 2
Info    : [ 60%] Meshing curve 12 order 2
Info    : [ 60%] Meshing curve 13 order 2
Info    : [ 70%] Meshing surface 1 order 2
Info    : [ 70%] Meshing surface 2 order 2
Info    : [ 80%] Meshing surface 3 order 2
Info    : [ 80%] Meshing surface 4 order 2
Info    : [ 90%] Meshing surface 5 order 2
Info    : [ 90%] Meshing surface 6 order 2
Info    : [100%] Meshing volume 1 order 2
Info    : [100%] Meshing volume 2 order 2
Info    : Surface mesh: worst distortion = 0.797589 (0 elements in ]0, 0.2]); worst gamma = 0.630699
Info    : Volume mesh: worst distortion = 0.256528 (0 elements in ]0, 0.2])
Info    : Done meshing order 2 (Wall 15.2696s, CPU 15.2596s)
Info    : Writing '/home/user/mscr-mom/현서/scripts/contact_scenarios/fea/matv2wire_mesh_LM75_phiN150_b0_s80.inp'...
Info    : Done writing '/home/user/mscr-mom/현서/scripts/contact_scenarios/fea/matv2wire_mesh_LM75_phiN150_b0_s80.inp'
  [LM75_phiN150_b0] [실패] (612.9s)
[LM75_phiN150_b0 9/10] L_M=75.0, phi=-150.0, beta=0.0, s=90.0mm, push_depth=0.1mm (wire) ...
Info    : Meshing 1D...
Info    : [  0%] Meshing curve 1 (BSpline)
Info    : [ 10%] Meshing curve 2 (Ellipse)
Info    : [ 20%] Meshing curve 3 (Ellipse)
Info    : [ 30%] Meshing curve 4 (BSpline)
Info    : [ 40%] Meshing curve 5 (BSpline)
Info    : [ 40%] Meshing curve 6 (BSpline)
Info    : [ 50%] Meshing curve 7 (BSpline)
Info    : [ 60%] Meshing curve 8 (BSpline)
Info    : [ 70%] Meshing curve 9 (BSpline)
Info    : [ 70%] Meshing curve 10 (BSpline)
Info    : [ 90%] Meshing curve 12 (Circle)
Info    : Done meshing 1D (Wall 0.0189184s, CPU 0.01888s)
Info    : Meshing 2D...
Info    : [  0%] Meshing surface 1 (Plane, Frontal-Delaunay)
Info    : [ 20%] Meshing surface 2 (Plane, Frontal-Delaunay)
Info    : [ 40%] Meshing surface 3 (BSpline surface, Frontal-Delaunay)
Info    : [ 60%] Meshing surface 4 (BSpline surface, Frontal-Delaunay)
Info    : [ 70%] Meshing surface 5 (Plane, Frontal-Delaunay)
Info    : [ 90%] Meshing surface 6 (Sphere, Frontal-Delaunay)
Info    : Done meshing 2D (Wall 0.679899s, CPU 0.679807s)
Info    : Meshing 3D...
Info    : 3D Meshing 2 volumes with 2 connected components
Info    : Tetrahedrizing 12505 nodes...
Info    : Done tetrahedrizing 12513 nodes (Wall 0.146901s, CPU 0.138669s)
Info    : Reconstructing mesh...
Info    :  - Creating surface mesh
Info    :  - Identifying boundary edges
Info    :  - Recovering boundary
Info    : Done reconstructing mesh (Wall 0.336588s, CPU 0.318328s)
Info    : Found volume 1
Info    : It. 0 - 0 nodes created - worst tet radius 1.04357 (nodes removed 0 0)
Info    : It. 500 - 500 nodes created - worst tet radius 1.00121 (nodes removed 0 0)
Info    : 3D refinement terminated (13258 nodes total):
Info    :  - 0 Delaunay cavities modified for star shapeness
Info    :  - 0 nodes could not be inserted
Info    :  - 42612 tetrahedra created in 0.022377 sec. (1904275 tets/s)
Info    : 0 node relocations
Info    : Tetrahedrizing 131 nodes...
Info    : Done tetrahedrizing 139 nodes (Wall 0.000658212s, CPU 0.000652s)
Info    : Reconstructing mesh...
Info    :  - Creating surface mesh
Info    :  - Identifying boundary edges
Info    :  - Recovering boundary
Info    : Done reconstructing mesh (Wall 0.00152605s, CPU 0.001523s)
Info    : Found volume 2
Info    : It. 0 - 0 nodes created - worst tet radius 3.08624 (nodes removed 0 0)
Info    : 3D refinement terminated (12715 nodes total):
Info    :  - 0 Delaunay cavities modified for star shapeness
Info    :  - 0 nodes could not be inserted
Info    :  - 478 tetrahedra created in 0.0021697 sec. (220306 tets/s)
Info    : 0 node relocations
Info    : Done meshing 3D (Wall 0.582041s, CPU 0.563706s)
Info    : Optimizing mesh...
Info    : Optimizing volume 1
Info    : Optimization starts (volume = 235.616) with worst = 0.000225905 / average = 0.684501:
Info    : 0.00 < quality < 0.10 :       219 elements
Info    : 0.10 < quality < 0.20 :       325 elements
Info    : 0.20 < quality < 0.30 :       718 elements
Info    : 0.30 < quality < 0.40 :       939 elements
Info    : 0.40 < quality < 0.50 :      1185 elements
Info    : 0.50 < quality < 0.60 :      3299 elements
Info    : 0.60 < quality < 0.70 :     12204 elements
Info    : 0.70 < quality < 0.80 :     19584 elements
Info    : 0.80 < quality < 0.90 :      2282 elements
Info    : 0.90 < quality < 1.00 :      1857 elements
Info    : 1173 edge swaps, 18 node relocations (volume = 235.616): worst = 0.101126 / average = 0.700788 (Wall 0.011306s, CPU 0.011306s)
Info    : 1228 edge swaps, 21 node relocations (volume = 235.616): worst = 0.13044 / average = 0.701513 (Wall 0.0136825s, CPU 0.013685s)
Info    : 1232 edge swaps, 22 node relocations (volume = 235.616): worst = 0.13044 / average = 0.701574 (Wall 0.0155682s, CPU 0.015541s)
Info    : No ill-shaped tets in the mesh :-)
Info    : 0.00 < quality < 0.10 :         0 elements
Info    : 0.10 < quality < 0.20 :         2 elements
Info    : 0.20 < quality < 0.30 :        11 elements
Info    : 0.30 < quality < 0.40 :       699 elements
Info    : 0.40 < quality < 0.50 :      1044 elements
Info    : 0.50 < quality < 0.60 :      3455 elements
Info    : 0.60 < quality < 0.70 :     12591 elements
Info    : 0.70 < quality < 0.80 :     19358 elements
Info    : 0.80 < quality < 0.90 :      2453 elements
Info    : 0.90 < quality < 1.00 :      1861 elements
Info    : Optimizing volume 2
Info    : Optimization starts (volume = 0.256422) with worst = 0.0557115 / average = 0.747117:
Info    : 0.00 < quality < 0.10 :         1 elements
Info    : 0.10 < quality < 0.20 :         3 elements
Info    : 0.20 < quality < 0.30 :         5 elements
Info    : 0.30 < quality < 0.40 :         9 elements
Info    : 0.40 < quality < 0.50 :         7 elements
Info    : 0.50 < quality < 0.60 :        22 elements
Info    : 0.60 < quality < 0.70 :        80 elements
Info    : 0.70 < quality < 0.80 :       186 elements
Info    : 0.80 < quality < 0.90 :       121 elements
Info    : 0.90 < quality < 1.00 :        44 elements
Info    : 9 edge swaps, 0 node relocations (volume = 0.256422): worst = 0.307806 / average = 0.760225 (Wall 0.000116728s, CPU 0.000118s)
Info    : No ill-shaped tets in the mesh :-)
Info    : 0.00 < quality < 0.10 :         0 elements
Info    : 0.10 < quality < 0.20 :         0 elements
Info    : 0.20 < quality < 0.30 :         0 elements
Info    : 0.30 < quality < 0.40 :         9 elements
Info    : 0.40 < quality < 0.50 :         6 elements
Info    : 0.50 < quality < 0.60 :        19 elements
Info    : 0.60 < quality < 0.70 :        78 elements
Info    : 0.70 < quality < 0.80 :       188 elements
Info    : 0.80 < quality < 0.90 :       125 elements
Info    : 0.90 < quality < 1.00 :        44 elements
Info    : Done optimizing mesh (Wall 0.0363578s, CPU 0.036327s)
Info    : 13921 nodes 68718 elements
Info    : Meshing order 2 (curvilinear on)...
Info    : [  0%] Meshing curve 1 order 2
Info    : [ 10%] Meshing curve 2 order 2
Info    : [ 10%] Meshing curve 3 order 2
Info    : [ 20%] Meshing curve 4 order 2
Info    : [ 20%] Meshing curve 5 order 2
Info    : [ 30%] Meshing curve 6 order 2
Info    : [ 30%] Meshing curve 7 order 2
Info    : [ 40%] Meshing curve 8 order 2
Info    : [ 40%] Meshing curve 9 order 2
Info    : [ 50%] Meshing curve 10 order 2
Info    : [ 50%] Meshing curve 11 order 2
Info    : [ 60%] Meshing curve 12 order 2
Info    : [ 60%] Meshing curve 13 order 2
Info    : [ 70%] Meshing surface 1 order 2
Info    : [ 70%] Meshing surface 2 order 2
Info    : [ 80%] Meshing surface 3 order 2
Info    : [ 80%] Meshing surface 4 order 2
Info    : [ 90%] Meshing surface 5 order 2
Info    : [ 90%] Meshing surface 6 order 2
Info    : [100%] Meshing volume 1 order 2
Info    : [100%] Meshing volume 2 order 2
Info    : Surface mesh: worst distortion = 0.797589 (0 elements in ]0, 0.2]); worst gamma = 0.630699
Info    : Volume mesh: worst distortion = 0.256528 (0 elements in ]0, 0.2])
Info    : Done meshing order 2 (Wall 14.7723s, CPU 14.7681s)
Info    : Writing '/home/user/mscr-mom/현서/scripts/contact_scenarios/fea/matv2wire_mesh_LM75_phiN150_b0_s90.inp'...
Info    : Done writing '/home/user/mscr-mom/현서/scripts/contact_scenarios/fea/matv2wire_mesh_LM75_phiN150_b0_s90.inp'
  [LM75_phiN150_b0] [실패] (416.6s)
[LM75_phiN150_b0 10/10] L_M=75.0, phi=-150.0, beta=0.0, s=100.0mm, push_depth=0.1mm (wire) ...
Info    : Meshing 1D...
Info    : [  0%] Meshing curve 1 (BSpline)
Info    : [ 10%] Meshing curve 2 (Ellipse)
Info    : [ 20%] Meshing curve 3 (Ellipse)
Info    : [ 30%] Meshing curve 4 (BSpline)
Info    : [ 40%] Meshing curve 5 (BSpline)
Info    : [ 40%] Meshing curve 6 (BSpline)
Info    : [ 50%] Meshing curve 7 (BSpline)
Info    : [ 60%] Meshing curve 8 (BSpline)
Info    : [ 70%] Meshing curve 9 (BSpline)
Info    : [ 70%] Meshing curve 10 (BSpline)
Info    : [ 90%] Meshing curve 12 (Circle)
Info    : Done meshing 1D (Wall 0.0189112s, CPU 0.018885s)
Info    : Meshing 2D...
Info    : [  0%] Meshing surface 1 (Plane, Frontal-Delaunay)
Info    : [ 20%] Meshing surface 2 (Plane, Frontal-Delaunay)
Info    : [ 40%] Meshing surface 3 (BSpline surface, Frontal-Delaunay)
Info    : [ 60%] Meshing surface 4 (BSpline surface, Frontal-Delaunay)
Info    : [ 70%] Meshing surface 5 (Plane, Frontal-Delaunay)
Info    : [ 90%] Meshing surface 6 (Sphere, Frontal-Delaunay)
Info    : Done meshing 2D (Wall 0.666058s, CPU 0.665024s)
Info    : Meshing 3D...
Info    : 3D Meshing 2 volumes with 2 connected components
Info    : Tetrahedrizing 12505 nodes...
Info    : Done tetrahedrizing 12513 nodes (Wall 0.132821s, CPU 0.126808s)
Info    : Reconstructing mesh...
Info    :  - Creating surface mesh
Info    :  - Identifying boundary edges
Info    :  - Recovering boundary
Info    : Done reconstructing mesh (Wall 0.296681s, CPU 0.279638s)
Info    : Found volume 1
Info    : It. 0 - 0 nodes created - worst tet radius 1.04357 (nodes removed 0 0)
Info    : It. 500 - 500 nodes created - worst tet radius 1.00121 (nodes removed 0 0)
Info    : 3D refinement terminated (13257 nodes total):
Info    :  - 0 Delaunay cavities modified for star shapeness
Info    :  - 0 nodes could not be inserted
Info    :  - 42612 tetrahedra created in 0.0174105 sec. (2447483 tets/s)
Info    : 0 node relocations
Info    : Tetrahedrizing 130 nodes...
Info    : Done tetrahedrizing 138 nodes (Wall 0.000660106s, CPU 0.000661s)
Info    : Reconstructing mesh...
Info    :  - Creating surface mesh
Info    :  - Identifying boundary edges
Info    :  - Recovering boundary
Info    : Done reconstructing mesh (Wall 0.00147935s, CPU 0.001482s)
Info    : Found volume 2
Info    : It. 0 - 0 nodes created - worst tet radius 3.0606 (nodes removed 0 0)
Info    : 3D refinement terminated (12716 nodes total):
Info    :  - 0 Delaunay cavities modified for star shapeness
Info    :  - 0 nodes could not be inserted
Info    :  - 492 tetrahedra created in 0.00219103 sec. (224552 tets/s)
Info    : 0 node relocations
Info    : Done meshing 3D (Wall 0.486121s, CPU 0.46899s)
Info    : Optimizing mesh...
Info    : Optimizing volume 1
Info    : Optimization starts (volume = 235.616) with worst = 0.000225905 / average = 0.684501:
Info    : 0.00 < quality < 0.10 :       219 elements
Info    : 0.10 < quality < 0.20 :       325 elements
Info    : 0.20 < quality < 0.30 :       718 elements
Info    : 0.30 < quality < 0.40 :       939 elements
Info    : 0.40 < quality < 0.50 :      1185 elements
Info    : 0.50 < quality < 0.60 :      3299 elements
Info    : 0.60 < quality < 0.70 :     12204 elements
Info    : 0.70 < quality < 0.80 :     19584 elements
Info    : 0.80 < quality < 0.90 :      2282 elements
Info    : 0.90 < quality < 1.00 :      1857 elements
Info    : 1173 edge swaps, 18 node relocations (volume = 235.616): worst = 0.101126 / average = 0.700788 (Wall 0.00903283s, CPU 0.009033s)
Info    : 1228 edge swaps, 21 node relocations (volume = 235.616): worst = 0.13044 / average = 0.701513 (Wall 0.0114873s, CPU 0.011487s)
Info    : 1232 edge swaps, 22 node relocations (volume = 235.616): worst = 0.13044 / average = 0.701574 (Wall 0.0132766s, CPU 0.013278s)
Info    : No ill-shaped tets in the mesh :-)
Info    : 0.00 < quality < 0.10 :         0 elements
Info    : 0.10 < quality < 0.20 :         2 elements
Info    : 0.20 < quality < 0.30 :        11 elements
Info    : 0.30 < quality < 0.40 :       699 elements
Info    : 0.40 < quality < 0.50 :      1044 elements
Info    : 0.50 < quality < 0.60 :      3455 elements
Info    : 0.60 < quality < 0.70 :     12591 elements
Info    : 0.70 < quality < 0.80 :     19358 elements
Info    : 0.80 < quality < 0.90 :      2453 elements
Info    : 0.90 < quality < 1.00 :      1861 elements
Info    : Optimizing volume 2
Info    : Optimization starts (volume = 0.256435) with worst = 0.0657345 / average = 0.748343:
Info    : 0.00 < quality < 0.10 :         1 elements
Info    : 0.10 < quality < 0.20 :         3 elements
Info    : 0.20 < quality < 0.30 :         6 elements
Info    : 0.30 < quality < 0.40 :        10 elements
Info    : 0.40 < quality < 0.50 :        17 elements
Info    : 0.50 < quality < 0.60 :        17 elements
Info    : 0.60 < quality < 0.70 :        62 elements
Info    : 0.70 < quality < 0.80 :       188 elements
Info    : 0.80 < quality < 0.90 :       151 elements
Info    : 0.90 < quality < 1.00 :        37 elements
Info    : 10 edge swaps, 0 node relocations (volume = 0.256435): worst = 0.31774 / average = 0.761248 (Wall 0.000115616s, CPU 0.000115s)
Info    : No ill-shaped tets in the mesh :-)
Info    : 0.00 < quality < 0.10 :         0 elements
Info    : 0.10 < quality < 0.20 :         0 elements
Info    : 0.20 < quality < 0.30 :         0 elements
Info    : 0.30 < quality < 0.40 :        10 elements
Info    : 0.40 < quality < 0.50 :        15 elements
Info    : 0.50 < quality < 0.60 :        15 elements
Info    : 0.60 < quality < 0.70 :        66 elements
Info    : 0.70 < quality < 0.80 :       188 elements
Info    : 0.80 < quality < 0.90 :       152 elements
Info    : 0.90 < quality < 1.00 :        37 elements
Info    : Done optimizing mesh (Wall 0.0334183s, CPU 0.033381s)
Info    : 13922 nodes 68730 elements
Info    : Meshing order 2 (curvilinear on)...
Info    : [  0%] Meshing curve 1 order 2
Info    : [ 10%] Meshing curve 2 order 2
Info    : [ 10%] Meshing curve 3 order 2
Info    : [ 20%] Meshing curve 4 order 2
Info    : [ 20%] Meshing curve 5 order 2
Info    : [ 30%] Meshing curve 6 order 2
Info    : [ 30%] Meshing curve 7 order 2
Info    : [ 40%] Meshing curve 8 order 2
Info    : [ 40%] Meshing curve 9 order 2
Info    : [ 50%] Meshing curve 10 order 2
Info    : [ 50%] Meshing curve 11 order 2
Info    : [ 60%] Meshing curve 12 order 2
Info    : [ 60%] Meshing curve 13 order 2
Info    : [ 70%] Meshing surface 1 order 2
Info    : [ 70%] Meshing surface 2 order 2
Info    : [ 80%] Meshing surface 3 order 2
Info    : [ 80%] Meshing surface 4 order 2
Info    : [ 90%] Meshing surface 5 order 2
Info    : [ 90%] Meshing surface 6 order 2
Info    : [100%] Meshing volume 1 order 2
Info    : [100%] Meshing volume 2 order 2
Info    : Surface mesh: worst distortion = 0.797589 (0 elements in ]0, 0.2]); worst gamma = 0.630699
Info    : Volume mesh: worst distortion = 0.256528 (0 elements in ]0, 0.2])
Info    : Done meshing order 2 (Wall 14.5931s, CPU 14.5893s)
Info    : Writing '/home/user/mscr-mom/현서/scripts/contact_scenarios/fea/matv2wire_mesh_LM75_phiN150_b0_s100.inp'...
Info    : Done writing '/home/user/mscr-mom/현서/scripts/contact_scenarios/fea/matv2wire_mesh_LM75_phiN150_b0_s100.inp'
  [LM75_phiN150_b0] [실패] (757.3s)
[LM75_phiN150_b0] 완료: 7/10 성공
