[DEPTH0_phi00_d150_b0 1/2] L_M=0.0, phi=0.0, beta=0.0, s=90.0mm, push_depth=0.15mm ...
Info    : Meshing 1D...
Info    : [  0%] Meshing curve 1 (BSpline)
Info    : [ 10%] Meshing curve 2 (Ellipse)
Info    : [ 20%] Meshing curve 3 (Ellipse)
Info    : [ 30%] Meshing curve 4 (BSpline)
Info    : [ 40%] Meshing curve 5 (BSpline)
Info    : [ 50%] Meshing curve 6 (BSpline)
Info    : [ 60%] Meshing curve 7 (BSpline)
Info    : [ 60%] Meshing curve 8 (BSpline)
Info    : [ 70%] Meshing curve 9 (BSpline)
Info    : [ 90%] Meshing curve 11 (Circle)
Info    : Done meshing 1D (Wall 0.012288s, CPU 0.01229s)
Info    : Meshing 2D...
Info    : [  0%] Meshing surface 1 (Plane, Frontal-Delaunay)
Info    : [ 20%] Meshing surface 2 (Plane, Frontal-Delaunay)
Info    : [ 40%] Meshing surface 3 (BSpline surface, Frontal-Delaunay)
Info    : [ 60%] Meshing surface 4 (BSpline surface, Frontal-Delaunay)
Info    : [ 70%] Meshing surface 5 (Plane, Frontal-Delaunay)
Info    : [ 90%] Meshing surface 6 (Sphere, Frontal-Delaunay)
Info    : Done meshing 2D (Wall 0.96862s, CPU 0.959947s)
Info    : Meshing 3D...
Info    : 3D Meshing 2 volumes with 2 connected components
Info    : Tetrahedrizing 12745 nodes...
Info    : Done tetrahedrizing 12753 nodes (Wall 0.271466s, CPU 0.257489s)
Info    : Reconstructing mesh...
Info    :  - Creating surface mesh
Info    :  - Identifying boundary edges
Info    :  - Recovering boundary
Info    : Done reconstructing mesh (Wall 0.696886s, CPU 0.653729s)
Info    : Found volume 1
Info    : It. 0 - 0 nodes created - worst tet radius 2.32143 (nodes removed 0 0)
Info    : It. 500 - 500 nodes created - worst tet radius 1.01271 (nodes removed 0 0)
Info    : It. 1000 - 1000 nodes created - worst tet radius 1.00074 (nodes removed 0 0)
Info    : 3D refinement terminated (14260 nodes total):
Info    :  - 0 Delaunay cavities modified for star shapeness
Info    :  - 0 nodes could not be inserted
Info    :  - 46735 tetrahedra created in 0.069288 sec. (674503 tets/s)
Info    : 0 node relocations
Info    : Tetrahedrizing 409 nodes...
Info    : Done tetrahedrizing 417 nodes (Wall 0.00266649s, CPU 0.002667s)
Info    : Reconstructing mesh...
Info    :  - Creating surface mesh
Info    :  - Identifying boundary edges
Info    :  - Recovering boundary
Info    : Done reconstructing mesh (Wall 0.00732672s, CPU 0.007332s)
Info    : Found volume 2
Info    : It. 0 - 0 nodes created - worst tet radius 5.55049 (nodes removed 0 0)
Info    : 3D refinement terminated (13478 nodes total):
Info    :  - 0 Delaunay cavities modified for star shapeness
Info    :  - 0 nodes could not be inserted
Info    :  - 2860 tetrahedra created in 0.0303629 sec. (94193 tets/s)
Info    : 0 node relocations
Info    : Done meshing 3D (Wall 1.27398s, CPU 1.22985s)
Info    : Optimizing mesh...
Info    : Optimizing volume 1
Info    : Optimization starts (volume = 235.625) with worst = 0.000407357 / average = 0.688183:
Info    : 0.00 < quality < 0.10 :       346 elements
Info    : 0.10 < quality < 0.20 :       296 elements
Info    : 0.20 < quality < 0.30 :       784 elements
Info    : 0.30 < quality < 0.40 :      1171 elements
Info    : 0.40 < quality < 0.50 :      1575 elements
Info    : 0.50 < quality < 0.60 :      3827 elements
Info    : 0.60 < quality < 0.70 :     13294 elements
Info    : 0.70 < quality < 0.80 :     18266 elements
Info    : 0.80 < quality < 0.90 :      3995 elements
Info    : 0.90 < quality < 1.00 :      3181 elements
Info    : 1331 edge swaps, 23 node relocations (volume = 235.625): worst = 0.0419825 / average = 0.705034 (Wall 0.0424383s, CPU 0.042439s)
Info    : 1380 edge swaps, 30 node relocations (volume = 235.625): worst = 0.0419825 / average = 0.705569 (Wall 0.0552139s, CPU 0.055214s)
Info    : No ill-shaped tets in the mesh :-)
Info    : 0.00 < quality < 0.10 :         1 elements
Info    : 0.10 < quality < 0.20 :         1 elements
Info    : 0.20 < quality < 0.30 :         7 elements
Info    : 0.30 < quality < 0.40 :       993 elements
Info    : 0.40 < quality < 0.50 :      1384 elements
Info    : 0.50 < quality < 0.60 :      4124 elements
Info    : 0.60 < quality < 0.70 :     13521 elements
Info    : 0.70 < quality < 0.80 :     17874 elements
Info    : 0.80 < quality < 0.90 :      4317 elements
Info    : 0.90 < quality < 1.00 :      3173 elements
Info    : Optimizing volume 2
Info    : Optimization starts (volume = 0.264396) with worst = 0.0399569 / average = 0.76415:
Info    : 0.00 < quality < 0.10 :         9 elements
Info    : 0.10 < quality < 0.20 :        22 elements
Info    : 0.20 < quality < 0.30 :        39 elements
Info    : 0.30 < quality < 0.40 :        53 elements
Info    : 0.40 < quality < 0.50 :        65 elements
Info    : 0.50 < quality < 0.60 :       132 elements
Info    : 0.60 < quality < 0.70 :       330 elements
Info    : 0.70 < quality < 0.80 :       778 elements
Info    : 0.80 < quality < 0.90 :      1077 elements
Info    : 0.90 < quality < 1.00 :       355 elements
Info    : 69 edge swaps, 0 node relocations (volume = 0.264396): worst = 0.303571 / average = 0.778989 (Wall 0.00124459s, CPU 0.001248s)
Info    : No ill-shaped tets in the mesh :-)
Info    : 0.00 < quality < 0.10 :         0 elements
Info    : 0.10 < quality < 0.20 :         0 elements
Info    : 0.20 < quality < 0.30 :         0 elements
Info    : 0.30 < quality < 0.40 :        53 elements
Info    : 0.40 < quality < 0.50 :        59 elements
Info    : 0.50 < quality < 0.60 :       128 elements
Info    : 0.60 < quality < 0.70 :       342 elements
Info    : 0.70 < quality < 0.80 :       777 elements
Info    : 0.80 < quality < 0.90 :      1087 elements
Info    : 0.90 < quality < 1.00 :       352 elements
Info    : Done optimizing mesh (Wall 0.133983s, CPU 0.133975s)
Info    : 14903 nodes 75784 elements
Info    : Meshing order 2 (curvilinear on)...
Info    : [  0%] Meshing curve 1 order 2
Info    : [ 10%] Meshing curve 2 order 2
Info    : [ 20%] Meshing curve 3 order 2
Info    : [ 20%] Meshing curve 4 order 2
Info    : [ 30%] Meshing curve 5 order 2
Info    : [ 30%] Meshing curve 6 order 2
Info    : [ 40%] Meshing curve 7 order 2
Info    : [ 40%] Meshing curve 8 order 2
Info    : [ 50%] Meshing curve 9 order 2
Info    : [ 50%] Meshing curve 10 order 2
Info    : [ 60%] Meshing curve 11 order 2
Info    : [ 60%] Meshing curve 12 order 2
Info    : [ 70%] Meshing surface 1 order 2
Info    : [ 70%] Meshing surface 2 order 2
Info    : [ 80%] Meshing surface 3 order 2
Info    : [ 80%] Meshing surface 4 order 2
Info    : [ 90%] Meshing surface 5 order 2
Info    : [ 90%] Meshing surface 6 order 2
Info    : [100%] Meshing volume 1 order 2
Info    : [100%] Meshing volume 2 order 2
Info    : Surface mesh: worst distortion = 0.797589 (0 elements in ]0, 0.2]); worst gamma = 0.513339
Info    : Volume mesh: worst distortion = 0.216571 (0 elements in ]0, 0.2])
Info    : Done meshing order 2 (Wall 5.07106s, CPU 5.00984s)
Info    : Writing '/home/user/mscr-mom/현서/scripts/contact_scenarios/fea/matv2_mesh_DEPTH0_phi00_d150_b0_s90.inp'...
Info    : Done writing '/home/user/mscr-mom/현서/scripts/contact_scenarios/fea/matv2_mesh_DEPTH0_phi00_d150_b0_s90.inp'
  [DEPTH0_phi00_d150_b0] F_mag=0.0004mN  (504.6s)
[DEPTH0_phi00_d150_b0 2/2] L_M=0.0, phi=0.0, beta=0.0, s=100.0mm, push_depth=0.15mm ...
Info    : Meshing 1D...
Info    : [  0%] Meshing curve 1 (BSpline)
Info    : [ 10%] Meshing curve 2 (Ellipse)
Info    : [ 20%] Meshing curve 3 (Ellipse)
Info    : [ 30%] Meshing curve 4 (BSpline)
Info    : [ 40%] Meshing curve 5 (BSpline)
Info    : [ 50%] Meshing curve 6 (BSpline)
Info    : [ 60%] Meshing curve 7 (BSpline)
Info    : [ 60%] Meshing curve 8 (BSpline)
Info    : [ 70%] Meshing curve 9 (BSpline)
Info    : [ 90%] Meshing curve 11 (Circle)
Info    : Done meshing 1D (Wall 0.0197993s, CPU 0.019776s)
Info    : Meshing 2D...
Info    : [  0%] Meshing surface 1 (Plane, Frontal-Delaunay)
Info    : [ 20%] Meshing surface 2 (Plane, Frontal-Delaunay)
Info    : [ 40%] Meshing surface 3 (BSpline surface, Frontal-Delaunay)
Info    : [ 60%] Meshing surface 4 (BSpline surface, Frontal-Delaunay)
Info    : [ 70%] Meshing surface 5 (Plane, Frontal-Delaunay)
Info    : [ 90%] Meshing surface 6 (Sphere, Frontal-Delaunay)
Info    : Done meshing 2D (Wall 1.02896s, CPU 0.991473s)
Info    : Meshing 3D...
Info    : 3D Meshing 2 volumes with 2 connected components
Info    : Tetrahedrizing 12734 nodes...
Info    : Done tetrahedrizing 12742 nodes (Wall 0.255823s, CPU 0.237904s)
Info    : Reconstructing mesh...
Info    :  - Creating surface mesh
Info    :  - Identifying boundary edges
Info    :  - Recovering boundary
Info    : Done reconstructing mesh (Wall 0.683049s, CPU 0.659552s)
Info    : Found volume 1
Info    : It. 0 - 0 nodes created - worst tet radius 2.72893 (nodes removed 0 0)
Info    : It. 500 - 500 nodes created - worst tet radius 1.01168 (nodes removed 0 0)
Info    : It. 1000 - 1000 nodes created - worst tet radius 1.00256 (nodes removed 0 0)
Info    : 3D refinement terminated (14361 nodes total):
Info    :  - 0 Delaunay cavities modified for star shapeness
Info    :  - 0 nodes could not be inserted
Info    :  - 47816 tetrahedra created in 0.119657 sec. (399609 tets/s)
Info    : 0 node relocations
Info    : Tetrahedrizing 410 nodes...
Info    : Done tetrahedrizing 418 nodes (Wall 0.00420195s, CPU 0.004172s)
Info    : Reconstructing mesh...
Info    :  - Creating surface mesh
Info    :  - Identifying boundary edges
Info    :  - Recovering boundary
Info    : Done reconstructing mesh (Wall 0.0127682s, CPU 0.012419s)
Info    : Found volume 2
Info    : It. 0 - 0 nodes created - worst tet radius 5.58033 (nodes removed 0 0)
Info    : 3D refinement terminated (13448 nodes total):
Info    :  - 1 Delaunay cavities modified for star shapeness
Info    :  - 0 nodes could not be inserted
Info    :  - 2751 tetrahedra created in 0.0299959 sec. (91712 tets/s)
Info    : 0 node relocations
Info    : Done meshing 3D (Wall 1.38975s, CPU 1.3625s)
Info    : Optimizing mesh...
Info    : Optimizing volume 1
Info    : Optimization starts (volume = 235.633) with worst = 0.00168922 / average = 0.693221:
Info    : 0.00 < quality < 0.10 :       244 elements
Info    : 0.10 < quality < 0.20 :       498 elements
Info    : 0.20 < quality < 0.30 :       850 elements
Info    : 0.30 < quality < 0.40 :      1395 elements
Info    : 0.40 < quality < 0.50 :      2026 elements
Info    : 0.50 < quality < 0.60 :      5291 elements
Info    : 0.60 < quality < 0.70 :     10407 elements
Info    : 0.70 < quality < 0.80 :     17611 elements
Info    : 0.80 < quality < 0.90 :      5412 elements
Info    : 0.90 < quality < 1.00 :      4082 elements
Info    : 1489 edge swaps, 24 node relocations (volume = 235.633): worst = 0.137929 / average = 0.71107 (Wall 0.0601204s, CPU 0.0593s)
Info    : 1558 edge swaps, 27 node relocations (volume = 235.633): worst = 0.187336 / average = 0.711514 (Wall 0.0767672s, CPU 0.074831s)
Info    : 1562 edge swaps, 27 node relocations (volume = 235.633): worst = 0.205985 / average = 0.711549 (Wall 0.0935267s, CPU 0.091435s)
Info    : No ill-shaped tets in the mesh :-)
Info    : 0.00 < quality < 0.10 :         0 elements
Info    : 0.10 < quality < 0.20 :         0 elements
Info    : 0.20 < quality < 0.30 :        13 elements
Info    : 0.30 < quality < 0.40 :      1256 elements
Info    : 0.40 < quality < 0.50 :      1900 elements
Info    : 0.50 < quality < 0.60 :      5539 elements
Info    : 0.60 < quality < 0.70 :     10672 elements
Info    : 0.70 < quality < 0.80 :     17281 elements
Info    : 0.80 < quality < 0.90 :      5687 elements
Info    : 0.90 < quality < 1.00 :      4097 elements
Info    : Optimizing volume 2
Info    : Optimization starts (volume = 0.264403) with worst = 0.059896 / average = 0.756831:
Info    : 0.00 < quality < 0.10 :         4 elements
Info    : 0.10 < quality < 0.20 :        24 elements
Info    : 0.20 < quality < 0.30 :        43 elements
Info    : 0.30 < quality < 0.40 :        52 elements
Info    : 0.40 < quality < 0.50 :        81 elements
Info    : 0.50 < quality < 0.60 :       166 elements
Info    : 0.60 < quality < 0.70 :       321 elements
Info    : 0.70 < quality < 0.80 :       738 elements
Info    : 0.80 < quality < 0.90 :       957 elements
Info    : 0.90 < quality < 1.00 :       365 elements
Info    : 71 edge swaps, 1 node relocations (volume = 0.264403): worst = 0.194165 / average = 0.773498 (Wall 0.00216423s, CPU 0.001898s)
Info    : 72 edge swaps, 1 node relocations (volume = 0.264403): worst = 0.304683 / average = 0.773743 (Wall 0.00270102s, CPU 0.002339s)
Info    : No ill-shaped tets in the mesh :-)
Info    : 0.00 < quality < 0.10 :         0 elements
Info    : 0.10 < quality < 0.20 :         0 elements
Info    : 0.20 < quality < 0.30 :         0 elements
Info    : 0.30 < quality < 0.40 :        51 elements
Info    : 0.40 < quality < 0.50 :        74 elements
Info    : 0.50 < quality < 0.60 :       147 elements
Info    : 0.60 < quality < 0.70 :       334 elements
Info    : 0.70 < quality < 0.80 :       746 elements
Info    : 0.80 < quality < 0.90 :       970 elements
Info    : 0.90 < quality < 1.00 :       362 elements
Info    : Done optimizing mesh (Wall 0.205105s, CPU 0.200088s)
Info    : 14984 nodes 76663 elements
Info    : Meshing order 2 (curvilinear on)...
Info    : [  0%] Meshing curve 1 order 2
Info    : [ 10%] Meshing curve 2 order 2
Info    : [ 20%] Meshing curve 3 order 2
Info    : [ 20%] Meshing curve 4 order 2
Info    : [ 30%] Meshing curve 5 order 2
Info    : [ 30%] Meshing curve 6 order 2
Info    : [ 40%] Meshing curve 7 order 2
Info    : [ 40%] Meshing curve 8 order 2
Info    : [ 50%] Meshing curve 9 order 2
Info    : [ 50%] Meshing curve 10 order 2
Info    : [ 60%] Meshing curve 11 order 2
Info    : [ 60%] Meshing curve 12 order 2
Info    : [ 70%] Meshing surface 1 order 2
Info    : [ 70%] Meshing surface 2 order 2
Info    : [ 80%] Meshing surface 3 order 2
Info    : [ 80%] Meshing surface 4 order 2
Info    : [ 90%] Meshing surface 5 order 2
Info    : [ 90%] Meshing surface 6 order 2
Info    : [100%] Meshing volume 1 order 2
Info    : [100%] Meshing volume 2 order 2
Info    : Surface mesh: worst distortion = 0.69566 (0 elements in ]0, 0.2]); worst gamma = 0.259757
Info    : Volume mesh: worst distortion = 0.243017 (0 elements in ]0, 0.2])
Info    : Done meshing order 2 (Wall 5.14877s, CPU 4.88472s)
Info    : Writing '/home/user/mscr-mom/현서/scripts/contact_scenarios/fea/matv2_mesh_DEPTH0_phi00_d150_b0_s100.inp'...
Info    : Done writing '/home/user/mscr-mom/현서/scripts/contact_scenarios/fea/matv2_mesh_DEPTH0_phi00_d150_b0_s100.inp'
  [DEPTH0_phi00_d150_b0] [실패] (1697.2s)
[DEPTH0_phi00_d150_b0] 완료: 1/2 성공
