[DEPTH875_phiP90_d50_b0 1/4] L_M=87.5, phi=90.0, beta=0.0, s=10.0mm, push_depth=0.05mm ...
Info    : Meshing 1D...
Info    : [  0%] Meshing curve 1 (BSpline)
Info    : [ 10%] Meshing curve 2 (Ellipse)
Info    : [ 20%] Meshing curve 3 (Ellipse)
Info    : [ 30%] Meshing curve 4 (BSpline)
Info    : [ 40%] Meshing curve 5 (BSpline)
Info    : [ 50%] Meshing curve 6 (BSpline)
Info    : [ 60%] Meshing curve 7 (BSpline)
Info    : [ 60%] Meshing curve 8 (BSpline)
Info    : [ 70%] Meshing curve 9 (BSpline)
Info    : [ 90%] Meshing curve 11 (Circle)
Info    : Done meshing 1D (Wall 0.021224s, CPU 0.021212s)
Info    : Meshing 2D...
Info    : [  0%] Meshing surface 1 (Plane, Frontal-Delaunay)
Info    : [ 20%] Meshing surface 2 (Plane, Frontal-Delaunay)
Info    : [ 40%] Meshing surface 3 (BSpline surface, Frontal-Delaunay)
Info    : [ 60%] Meshing surface 4 (BSpline surface, Frontal-Delaunay)
Info    : [ 70%] Meshing surface 5 (Plane, Frontal-Delaunay)
Info    : [ 90%] Meshing surface 6 (Sphere, Frontal-Delaunay)
Info    : Done meshing 2D (Wall 0.824062s, CPU 0.820011s)
Info    : Meshing 3D...
Info    : 3D Meshing 2 volumes with 2 connected components
Info    : Tetrahedrizing 12576 nodes...
Info    : Done tetrahedrizing 12584 nodes (Wall 0.170612s, CPU 0.165622s)
Info    : Reconstructing mesh...
Info    :  - Creating surface mesh
Info    :  - Identifying boundary edges
Info    :  - Recovering boundary
Info    : Done reconstructing mesh (Wall 0.413379s, CPU 0.378258s)
Info    : Found volume 1
Info    : It. 0 - 0 nodes created - worst tet radius 1.06407 (nodes removed 0 0)
Info    : 3D refinement terminated (13191 nodes total):
Info    :  - 0 Delaunay cavities modified for star shapeness
Info    :  - 0 nodes could not be inserted
Info    :  - 41873 tetrahedra created in 0.0247881 sec. (1689236 tets/s)
Info    : 0 node relocations
Info    : Tetrahedrizing 131 nodes...
Info    : Done tetrahedrizing 139 nodes (Wall 0.00082772s, CPU 0.000828s)
Info    : Reconstructing mesh...
Info    :  - Creating surface mesh
Info    :  - Identifying boundary edges
Info    :  - Recovering boundary
Info    : Done reconstructing mesh (Wall 0.00187168s, CPU 0.001866s)
Info    : Found volume 2
Info    : It. 0 - 0 nodes created - worst tet radius 3.17148 (nodes removed 0 0)
Info    : 3D refinement terminated (12784 nodes total):
Info    :  - 0 Delaunay cavities modified for star shapeness
Info    :  - 0 nodes could not be inserted
Info    :  - 465 tetrahedra created in 0.00377601 sec. (123145 tets/s)
Info    : 0 node relocations
Info    : Done meshing 3D (Wall 0.709961s, CPU 0.673828s)
Info    : Optimizing mesh...
Info    : Optimizing volume 1
Info    : Optimization starts (volume = 235.635) with worst = 0.00271088 / average = 0.680883:
Info    : 0.00 < quality < 0.10 :       171 elements
Info    : 0.10 < quality < 0.20 :       381 elements
Info    : 0.20 < quality < 0.30 :       622 elements
Info    : 0.30 < quality < 0.40 :       849 elements
Info    : 0.40 < quality < 0.50 :      1372 elements
Info    : 0.50 < quality < 0.60 :      3693 elements
Info    : 0.60 < quality < 0.70 :     11415 elements
Info    : 0.70 < quality < 0.80 :     20219 elements
Info    : 0.80 < quality < 0.90 :      1780 elements
Info    : 0.90 < quality < 1.00 :      1371 elements
Info    : 1118 edge swaps, 17 node relocations (volume = 235.635): worst = 0.113246 / average = 0.696113 (Wall 0.0146054s, CPU 0.014606s)
Info    : 1169 edge swaps, 21 node relocations (volume = 235.635): worst = 0.159378 / average = 0.696665 (Wall 0.0176764s, CPU 0.017677s)
Info    : 1176 edge swaps, 22 node relocations (volume = 235.635): worst = 0.159378 / average = 0.69676 (Wall 0.0199174s, CPU 0.019919s)
Info    : No ill-shaped tets in the mesh :-)
Info    : 0.00 < quality < 0.10 :         0 elements
Info    : 0.10 < quality < 0.20 :         4 elements
Info    : 0.20 < quality < 0.30 :        15 elements
Info    : 0.30 < quality < 0.40 :       759 elements
Info    : 0.40 < quality < 0.50 :      1131 elements
Info    : 0.50 < quality < 0.60 :      3677 elements
Info    : 0.60 < quality < 0.70 :     11930 elements
Info    : 0.70 < quality < 0.80 :     19991 elements
Info    : 0.80 < quality < 0.90 :      1921 elements
Info    : 0.90 < quality < 1.00 :      1376 elements
Info    : Optimizing volume 2
Info    : Optimization starts (volume = 0.25645) with worst = 0.0557115 / average = 0.741059:
Info    : 0.00 < quality < 0.10 :         1 elements
Info    : 0.10 < quality < 0.20 :         4 elements
Info    : 0.20 < quality < 0.30 :         3 elements
Info    : 0.30 < quality < 0.40 :        10 elements
Info    : 0.40 < quality < 0.50 :        10 elements
Info    : 0.50 < quality < 0.60 :        17 elements
Info    : 0.60 < quality < 0.70 :        85 elements
Info    : 0.70 < quality < 0.80 :       185 elements
Info    : 0.80 < quality < 0.90 :       112 elements
Info    : 0.90 < quality < 1.00 :        38 elements
Info    : 8 edge swaps, 0 node relocations (volume = 0.25645): worst = 0.318497 / average = 0.752994 (Wall 0.000115686s, CPU 0.000114s)
Info    : No ill-shaped tets in the mesh :-)
Info    : 0.00 < quality < 0.10 :         0 elements
Info    : 0.10 < quality < 0.20 :         0 elements
Info    : 0.20 < quality < 0.30 :         0 elements
Info    : 0.30 < quality < 0.40 :        10 elements
Info    : 0.40 < quality < 0.50 :         9 elements
Info    : 0.50 < quality < 0.60 :        13 elements
Info    : 0.60 < quality < 0.70 :        86 elements
Info    : 0.70 < quality < 0.80 :       188 elements
Info    : 0.80 < quality < 0.90 :       113 elements
Info    : 0.90 < quality < 1.00 :        38 elements
Info    : Done optimizing mesh (Wall 0.0450831s, CPU 0.045078s)
Info    : 13587 nodes 67897 elements
Info    : Meshing order 2 (curvilinear on)...
Info    : [  0%] Meshing curve 1 order 2
Info    : [ 10%] Meshing curve 2 order 2
Info    : [ 20%] Meshing curve 3 order 2
Info    : [ 20%] Meshing curve 4 order 2
Info    : [ 30%] Meshing curve 5 order 2
Info    : [ 30%] Meshing curve 6 order 2
Info    : [ 40%] Meshing curve 7 order 2
Info    : [ 40%] Meshing curve 8 order 2
Info    : [ 50%] Meshing curve 9 order 2
Info    : [ 50%] Meshing curve 10 order 2
Info    : [ 60%] Meshing curve 11 order 2
Info    : [ 60%] Meshing curve 12 order 2
Info    : [ 70%] Meshing surface 1 order 2
Info    : [ 70%] Meshing surface 2 order 2
Info    : [ 80%] Meshing surface 3 order 2
Info    : [ 80%] Meshing surface 4 order 2
Info    : [ 90%] Meshing surface 5 order 2
Info    : [ 90%] Meshing surface 6 order 2
Info    : [100%] Meshing volume 1 order 2
Info    : [100%] Meshing volume 2 order 2
Info    : Surface mesh: worst distortion = 0.797589 (0 elements in ]0, 0.2]); worst gamma = 0.673202
Info    : Volume mesh: worst distortion = 0.254084 (0 elements in ]0, 0.2])
Info    : Done meshing order 2 (Wall 13.0931s, CPU 13.0851s)
Info    : Writing '/home/user/mscr-mom/현서/scripts/contact_scenarios/fea/matv2_mesh_DEPTH875_phiP90_d50_b0_s10.inp'...
Info    : Done writing '/home/user/mscr-mom/현서/scripts/contact_scenarios/fea/matv2_mesh_DEPTH875_phiP90_d50_b0_s10.inp'
  [DEPTH875_phiP90_d50_b0] F_mag=0.0715mN  (399.6s)
[DEPTH875_phiP90_d50_b0 2/4] L_M=87.5, phi=90.0, beta=0.0, s=50.0mm, push_depth=0.05mm ...
Info    : Meshing 1D...
Info    : [  0%] Meshing curve 1 (BSpline)
Info    : [ 10%] Meshing curve 2 (Ellipse)
Info    : [ 20%] Meshing curve 3 (Ellipse)
Info    : [ 30%] Meshing curve 4 (BSpline)
Info    : [ 40%] Meshing curve 5 (BSpline)
Info    : [ 50%] Meshing curve 6 (BSpline)
Info    : [ 60%] Meshing curve 7 (BSpline)
Info    : [ 60%] Meshing curve 8 (BSpline)
Info    : [ 70%] Meshing curve 9 (BSpline)
Info    : [ 90%] Meshing curve 11 (Circle)
Info    : Done meshing 1D (Wall 0.0201661s, CPU 0.020108s)
Info    : Meshing 2D...
Info    : [  0%] Meshing surface 1 (Plane, Frontal-Delaunay)
Info    : [ 20%] Meshing surface 2 (Plane, Frontal-Delaunay)
Info    : [ 40%] Meshing surface 3 (BSpline surface, Frontal-Delaunay)
Info    : [ 60%] Meshing surface 4 (BSpline surface, Frontal-Delaunay)
Info    : [ 70%] Meshing surface 5 (Plane, Frontal-Delaunay)
Info    : [ 90%] Meshing surface 6 (Sphere, Frontal-Delaunay)
Info    : Done meshing 2D (Wall 0.725365s, CPU 0.724365s)
Info    : Meshing 3D...
Info    : 3D Meshing 2 volumes with 2 connected components
Info    : Tetrahedrizing 12576 nodes...
Info    : Done tetrahedrizing 12584 nodes (Wall 0.155843s, CPU 0.154822s)
Info    : Reconstructing mesh...
Info    :  - Creating surface mesh
Info    :  - Identifying boundary edges
Info    :  - Recovering boundary
Info    : Done reconstructing mesh (Wall 0.391066s, CPU 0.380036s)
Info    : Found volume 1
Info    : It. 0 - 0 nodes created - worst tet radius 1.06407 (nodes removed 0 0)
Info    : 3D refinement terminated (13190 nodes total):
Info    :  - 0 Delaunay cavities modified for star shapeness
Info    :  - 0 nodes could not be inserted
Info    :  - 41873 tetrahedra created in 0.0236896 sec. (1767568 tets/s)
Info    : 0 node relocations
Info    : Tetrahedrizing 130 nodes...
Info    : Done tetrahedrizing 138 nodes (Wall 0.000759638s, CPU 0.00076s)
Info    : Reconstructing mesh...
Info    :  - Creating surface mesh
Info    :  - Identifying boundary edges
Info    :  - Recovering boundary
Info    : Done reconstructing mesh (Wall 0.00172019s, CPU 0.001719s)
Info    : Found volume 2
Info    : It. 0 - 0 nodes created - worst tet radius 3.0435 (nodes removed 0 0)
Info    : 3D refinement terminated (12785 nodes total):
Info    :  - 0 Delaunay cavities modified for star shapeness
Info    :  - 0 nodes could not be inserted
Info    :  - 483 tetrahedra created in 0.00311814 sec. (154900 tets/s)
Info    : 0 node relocations
Info    : Done meshing 3D (Wall 0.685068s, CPU 0.67302s)
Info    : Optimizing mesh...
Info    : Optimizing volume 1
Info    : Optimization starts (volume = 235.635) with worst = 0.00271088 / average = 0.680883:
Info    : 0.00 < quality < 0.10 :       171 elements
Info    : 0.10 < quality < 0.20 :       381 elements
Info    : 0.20 < quality < 0.30 :       622 elements
Info    : 0.30 < quality < 0.40 :       849 elements
Info    : 0.40 < quality < 0.50 :      1372 elements
Info    : 0.50 < quality < 0.60 :      3693 elements
Info    : 0.60 < quality < 0.70 :     11415 elements
Info    : 0.70 < quality < 0.80 :     20219 elements
Info    : 0.80 < quality < 0.90 :      1780 elements
Info    : 0.90 < quality < 1.00 :      1371 elements
Info    : 1118 edge swaps, 17 node relocations (volume = 235.635): worst = 0.113246 / average = 0.696113 (Wall 0.0141527s, CPU 0.014153s)
Info    : 1169 edge swaps, 21 node relocations (volume = 235.635): worst = 0.159378 / average = 0.696665 (Wall 0.0174476s, CPU 0.016468s)
Info    : 1176 edge swaps, 22 node relocations (volume = 235.635): worst = 0.159378 / average = 0.69676 (Wall 0.0200413s, CPU 0.019049s)
Info    : No ill-shaped tets in the mesh :-)
Info    : 0.00 < quality < 0.10 :         0 elements
Info    : 0.10 < quality < 0.20 :         4 elements
Info    : 0.20 < quality < 0.30 :        15 elements
Info    : 0.30 < quality < 0.40 :       759 elements
Info    : 0.40 < quality < 0.50 :      1131 elements
Info    : 0.50 < quality < 0.60 :      3677 elements
Info    : 0.60 < quality < 0.70 :     11930 elements
Info    : 0.70 < quality < 0.80 :     19991 elements
Info    : 0.80 < quality < 0.90 :      1921 elements
Info    : 0.90 < quality < 1.00 :      1376 elements
Info    : Optimizing volume 2
Info    : Optimization starts (volume = 0.256435) with worst = 0.112735 / average = 0.740864:
Info    : 0.00 < quality < 0.10 :         0 elements
Info    : 0.10 < quality < 0.20 :         2 elements
Info    : 0.20 < quality < 0.30 :         3 elements
Info    : 0.30 < quality < 0.40 :         9 elements
Info    : 0.40 < quality < 0.50 :        24 elements
Info    : 0.50 < quality < 0.60 :        29 elements
Info    : 0.60 < quality < 0.70 :        68 elements
Info    : 0.70 < quality < 0.80 :       182 elements
Info    : 0.80 < quality < 0.90 :       125 elements
Info    : 0.90 < quality < 1.00 :        41 elements
Info    : 5 edge swaps, 0 node relocations (volume = 0.256435): worst = 0.307193 / average = 0.746256 (Wall 9.63975e-05s, CPU 9.9e-05s)
Info    : No ill-shaped tets in the mesh :-)
Info    : 0.00 < quality < 0.10 :         0 elements
Info    : 0.10 < quality < 0.20 :         0 elements
Info    : 0.20 < quality < 0.30 :         0 elements
Info    : 0.30 < quality < 0.40 :        10 elements
Info    : 0.40 < quality < 0.50 :        22 elements
Info    : 0.50 < quality < 0.60 :        30 elements
Info    : 0.60 < quality < 0.70 :        67 elements
Info    : 0.70 < quality < 0.80 :       184 elements
Info    : 0.80 < quality < 0.90 :       125 elements
Info    : 0.90 < quality < 1.00 :        41 elements
Info    : Done optimizing mesh (Wall 0.044684s, CPU 0.043688s)
Info    : 13588 nodes 67917 elements
Info    : Meshing order 2 (curvilinear on)...
Info    : [  0%] Meshing curve 1 order 2
Info    : [ 10%] Meshing curve 2 order 2
Info    : [ 20%] Meshing curve 3 order 2
Info    : [ 20%] Meshing curve 4 order 2
Info    : [ 30%] Meshing curve 5 order 2
Info    : [ 30%] Meshing curve 6 order 2
Info    : [ 40%] Meshing curve 7 order 2
Info    : [ 40%] Meshing curve 8 order 2
Info    : [ 50%] Meshing curve 9 order 2
Info    : [ 50%] Meshing curve 10 order 2
Info    : [ 60%] Meshing curve 11 order 2
Info    : [ 60%] Meshing curve 12 order 2
Info    : [ 70%] Meshing surface 1 order 2
Info    : [ 70%] Meshing surface 2 order 2
Info    : [ 80%] Meshing surface 3 order 2
Info    : [ 80%] Meshing surface 4 order 2
Info    : [ 90%] Meshing surface 5 order 2
Info    : [ 90%] Meshing surface 6 order 2
Info    : [100%] Meshing volume 1 order 2
Info    : [100%] Meshing volume 2 order 2
Info    : Surface mesh: worst distortion = 0.797589 (0 elements in ]0, 0.2]); worst gamma = 0.673202
Info    : Volume mesh: worst distortion = 0.254084 (0 elements in ]0, 0.2])
Info    : Done meshing order 2 (Wall 12.638s, CPU 12.6326s)
Info    : Writing '/home/user/mscr-mom/현서/scripts/contact_scenarios/fea/matv2_mesh_DEPTH875_phiP90_d50_b0_s50.inp'...
Info    : Done writing '/home/user/mscr-mom/현서/scripts/contact_scenarios/fea/matv2_mesh_DEPTH875_phiP90_d50_b0_s50.inp'
  [DEPTH875_phiP90_d50_b0] F_mag=0.0010mN  (396.7s)
[DEPTH875_phiP90_d50_b0 3/4] L_M=87.5, phi=90.0, beta=0.0, s=95.0mm, push_depth=0.05mm ...
Info    : Meshing 1D...
Info    : [  0%] Meshing curve 1 (BSpline)
Info    : [ 10%] Meshing curve 2 (Ellipse)
Info    : [ 20%] Meshing curve 3 (Ellipse)
Info    : [ 30%] Meshing curve 4 (BSpline)
Info    : [ 40%] Meshing curve 5 (BSpline)
Info    : [ 50%] Meshing curve 6 (BSpline)
Info    : [ 60%] Meshing curve 7 (BSpline)
Info    : [ 60%] Meshing curve 8 (BSpline)
Info    : [ 70%] Meshing curve 9 (BSpline)
Info    : [ 90%] Meshing curve 11 (Circle)
Info    : Done meshing 1D (Wall 0.0201621s, CPU 0.020138s)
Info    : Meshing 2D...
Info    : [  0%] Meshing surface 1 (Plane, Frontal-Delaunay)
Info    : [ 20%] Meshing surface 2 (Plane, Frontal-Delaunay)
Info    : [ 40%] Meshing surface 3 (BSpline surface, Frontal-Delaunay)
Info    : [ 60%] Meshing surface 4 (BSpline surface, Frontal-Delaunay)
Info    : [ 70%] Meshing surface 5 (Plane, Frontal-Delaunay)
Info    : [ 90%] Meshing surface 6 (Sphere, Frontal-Delaunay)
Info    : Done meshing 2D (Wall 0.779962s, CPU 0.779571s)
Info    : Meshing 3D...
Info    : 3D Meshing 2 volumes with 2 connected components
Info    : Tetrahedrizing 12576 nodes...
Info    : Done tetrahedrizing 12584 nodes (Wall 0.160578s, CPU 0.153568s)
Info    : Reconstructing mesh...
Info    :  - Creating surface mesh
Info    :  - Identifying boundary edges
Info    :  - Recovering boundary
Info    : Done reconstructing mesh (Wall 0.392652s, CPU 0.373625s)
Info    : Found volume 1
Info    : It. 0 - 0 nodes created - worst tet radius 1.06407 (nodes removed 0 0)
Info    : 3D refinement terminated (13191 nodes total):
Info    :  - 0 Delaunay cavities modified for star shapeness
Info    :  - 0 nodes could not be inserted
Info    :  - 41873 tetrahedra created in 0.0250476 sec. (1671735 tets/s)
Info    : 0 node relocations
Info    : Tetrahedrizing 131 nodes...
Info    : Done tetrahedrizing 139 nodes (Wall 0.000676753s, CPU 0.000665s)
Info    : Reconstructing mesh...
Info    :  - Creating surface mesh
Info    :  - Identifying boundary edges
Info    :  - Recovering boundary
Info    : Done reconstructing mesh (Wall 0.00167743s, CPU 0.001665s)
Info    : Found volume 2
Info    : It. 0 - 0 nodes created - worst tet radius 3.10676 (nodes removed 0 0)
Info    : 3D refinement terminated (12786 nodes total):
Info    :  - 3 Delaunay cavities modified for star shapeness
Info    :  - 0 nodes could not be inserted
Info    :  - 478 tetrahedra created in 0.00312454 sec. (152982 tets/s)
Info    : 0 node relocations
Info    : Done meshing 3D (Wall 0.687291s, CPU 0.667098s)
Info    : Optimizing mesh...
Info    : Optimizing volume 1
Info    : Optimization starts (volume = 235.635) with worst = 0.00271088 / average = 0.680883:
Info    : 0.00 < quality < 0.10 :       171 elements
Info    : 0.10 < quality < 0.20 :       381 elements
Info    : 0.20 < quality < 0.30 :       622 elements
Info    : 0.30 < quality < 0.40 :       849 elements
Info    : 0.40 < quality < 0.50 :      1372 elements
Info    : 0.50 < quality < 0.60 :      3693 elements
Info    : 0.60 < quality < 0.70 :     11415 elements
Info    : 0.70 < quality < 0.80 :     20219 elements
Info    : 0.80 < quality < 0.90 :      1780 elements
Info    : 0.90 < quality < 1.00 :      1371 elements
Info    : 1118 edge swaps, 17 node relocations (volume = 235.635): worst = 0.113246 / average = 0.696113 (Wall 0.014164s, CPU 0.014164s)
Info    : 1169 edge swaps, 21 node relocations (volume = 235.635): worst = 0.159378 / average = 0.696665 (Wall 0.0169243s, CPU 0.016926s)
Info    : 1176 edge swaps, 22 node relocations (volume = 235.635): worst = 0.159378 / average = 0.69676 (Wall 0.0189388s, CPU 0.018942s)
Info    : No ill-shaped tets in the mesh :-)
Info    : 0.00 < quality < 0.10 :         0 elements
Info    : 0.10 < quality < 0.20 :         4 elements
Info    : 0.20 < quality < 0.30 :        15 elements
Info    : 0.30 < quality < 0.40 :       759 elements
Info    : 0.40 < quality < 0.50 :      1131 elements
Info    : 0.50 < quality < 0.60 :      3677 elements
Info    : 0.60 < quality < 0.70 :     11930 elements
Info    : 0.70 < quality < 0.80 :     19991 elements
Info    : 0.80 < quality < 0.90 :      1921 elements
Info    : 0.90 < quality < 1.00 :      1376 elements
Info    : Optimizing volume 2
Info    : Optimization starts (volume = 0.255877) with worst = 0.0392082 / average = 0.738077:
Info    : 0.00 < quality < 0.10 :         1 elements
Info    : 0.10 < quality < 0.20 :         2 elements
Info    : 0.20 < quality < 0.30 :         4 elements
Info    : 0.30 < quality < 0.40 :        17 elements
Info    : 0.40 < quality < 0.50 :        22 elements
Info    : 0.50 < quality < 0.60 :        20 elements
Info    : 0.60 < quality < 0.70 :        75 elements
Info    : 0.70 < quality < 0.80 :       163 elements
Info    : 0.80 < quality < 0.90 :       118 elements
Info    : 0.90 < quality < 1.00 :        56 elements
Info    : 7 edge swaps, 0 node relocations (volume = 0.255877): worst = 0.311439 / average = 0.748522 (Wall 0.00011155s, CPU 0.000112s)
Info    : No ill-shaped tets in the mesh :-)
Info    : 0.00 < quality < 0.10 :         0 elements
Info    : 0.10 < quality < 0.20 :         0 elements
Info    : 0.20 < quality < 0.30 :         0 elements
Info    : 0.30 < quality < 0.40 :        17 elements
Info    : 0.40 < quality < 0.50 :        18 elements
Info    : 0.50 < quality < 0.60 :        20 elements
Info    : 0.60 < quality < 0.70 :        75 elements
Info    : 0.70 < quality < 0.80 :       166 elements
Info    : 0.80 < quality < 0.90 :       119 elements
Info    : 0.90 < quality < 1.00 :        56 elements
Info    : Done optimizing mesh (Wall 0.0416284s, CPU 0.041627s)
Info    : 13589 nodes 67911 elements
Info    : Meshing order 2 (curvilinear on)...
Info    : [  0%] Meshing curve 1 order 2
Info    : [ 10%] Meshing curve 2 order 2
Info    : [ 20%] Meshing curve 3 order 2
Info    : [ 20%] Meshing curve 4 order 2
Info    : [ 30%] Meshing curve 5 order 2
Info    : [ 30%] Meshing curve 6 order 2
Info    : [ 40%] Meshing curve 7 order 2
Info    : [ 40%] Meshing curve 8 order 2
Info    : [ 50%] Meshing curve 9 order 2
Info    : [ 50%] Meshing curve 10 order 2
Info    : [ 60%] Meshing curve 11 order 2
Info    : [ 60%] Meshing curve 12 order 2
Info    : [ 70%] Meshing surface 1 order 2
Info    : [ 70%] Meshing surface 2 order 2
Info    : [ 80%] Meshing surface 3 order 2
Info    : [ 80%] Meshing surface 4 order 2
Info    : [ 90%] Meshing surface 5 order 2
Info    : [ 90%] Meshing surface 6 order 2
Info    : [100%] Meshing volume 1 order 2
Info    : [100%] Meshing volume 2 order 2
Info    : Surface mesh: worst distortion = 0.797589 (0 elements in ]0, 0.2]); worst gamma = 0.299743
Info    : Volume mesh: worst distortion = 0.254084 (0 elements in ]0, 0.2])
Info    : Done meshing order 2 (Wall 12.54s, CPU 12.5365s)
Info    : Writing '/home/user/mscr-mom/현서/scripts/contact_scenarios/fea/matv2_mesh_DEPTH875_phiP90_d50_b0_s95.inp'...
Info    : Done writing '/home/user/mscr-mom/현서/scripts/contact_scenarios/fea/matv2_mesh_DEPTH875_phiP90_d50_b0_s95.inp'
  [DEPTH875_phiP90_d50_b0] [실패] (753.1s)
[DEPTH875_phiP90_d50_b0 4/4] L_M=87.5, phi=90.0, beta=0.0, s=97.5mm, push_depth=0.05mm ...
Info    : Meshing 1D...
Info    : [  0%] Meshing curve 1 (BSpline)
Info    : [ 10%] Meshing curve 2 (Ellipse)
Info    : [ 20%] Meshing curve 3 (Ellipse)
Info    : [ 30%] Meshing curve 4 (BSpline)
Info    : [ 40%] Meshing curve 5 (BSpline)
Info    : [ 50%] Meshing curve 6 (BSpline)
Info    : [ 60%] Meshing curve 7 (BSpline)
Info    : [ 60%] Meshing curve 8 (BSpline)
Info    : [ 70%] Meshing curve 9 (BSpline)
Info    : [ 90%] Meshing curve 11 (Circle)
Info    : Done meshing 1D (Wall 0.0200842s, CPU 0.020075s)
Info    : Meshing 2D...
Info    : [  0%] Meshing surface 1 (Plane, Frontal-Delaunay)
Info    : [ 20%] Meshing surface 2 (Plane, Frontal-Delaunay)
Info    : [ 40%] Meshing surface 3 (BSpline surface, Frontal-Delaunay)
Info    : [ 60%] Meshing surface 4 (BSpline surface, Frontal-Delaunay)
Info    : [ 70%] Meshing surface 5 (Plane, Frontal-Delaunay)
Info    : [ 90%] Meshing surface 6 (Sphere, Frontal-Delaunay)
Info    : Done meshing 2D (Wall 0.788871s, CPU 0.787818s)
Info    : Meshing 3D...
Info    : 3D Meshing 2 volumes with 2 connected components
Info    : Tetrahedrizing 12576 nodes...
Info    : Done tetrahedrizing 12584 nodes (Wall 0.161612s, CPU 0.157607s)
Info    : Reconstructing mesh...
Info    :  - Creating surface mesh
Info    :  - Identifying boundary edges
Info    :  - Recovering boundary
Info    : Done reconstructing mesh (Wall 0.403966s, CPU 0.391918s)
Info    : Found volume 1
Info    : It. 0 - 0 nodes created - worst tet radius 1.06407 (nodes removed 0 0)
Info    : 3D refinement terminated (13191 nodes total):
Info    :  - 0 Delaunay cavities modified for star shapeness
Info    :  - 0 nodes could not be inserted
Info    :  - 41873 tetrahedra created in 0.0248316 sec. (1686281 tets/s)
Info    : 0 node relocations
Info    : Tetrahedrizing 131 nodes...
Info    : Done tetrahedrizing 139 nodes (Wall 0.000686995s, CPU 0.000687s)
Info    : Reconstructing mesh...
Info    :  - Creating surface mesh
Info    :  - Identifying boundary edges
Info    :  - Recovering boundary
Info    : Done reconstructing mesh (Wall 0.00161477s, CPU 0.001614s)
Info    : Found volume 2
Info    : It. 0 - 0 nodes created - worst tet radius 3.10676 (nodes removed 0 0)
Info    : 3D refinement terminated (12786 nodes total):
Info    :  - 3 Delaunay cavities modified for star shapeness
Info    :  - 0 nodes could not be inserted
Info    :  - 478 tetrahedra created in 0.00324081 sec. (147493 tets/s)
Info    : 0 node relocations
Info    : Done meshing 3D (Wall 0.709088s, CPU 0.696957s)
Info    : Optimizing mesh...
Info    : Optimizing volume 1
Info    : Optimization starts (volume = 235.635) with worst = 0.00271088 / average = 0.680883:
Info    : 0.00 < quality < 0.10 :       171 elements
Info    : 0.10 < quality < 0.20 :       381 elements
Info    : 0.20 < quality < 0.30 :       622 elements
Info    : 0.30 < quality < 0.40 :       849 elements
Info    : 0.40 < quality < 0.50 :      1372 elements
Info    : 0.50 < quality < 0.60 :      3693 elements
Info    : 0.60 < quality < 0.70 :     11415 elements
Info    : 0.70 < quality < 0.80 :     20219 elements
Info    : 0.80 < quality < 0.90 :      1780 elements
Info    : 0.90 < quality < 1.00 :      1371 elements
Info    : 1118 edge swaps, 17 node relocations (volume = 235.635): worst = 0.113246 / average = 0.696113 (Wall 0.0154039s, CPU 0.014413s)
Info    : 1169 edge swaps, 21 node relocations (volume = 235.635): worst = 0.159378 / average = 0.696665 (Wall 0.0190822s, CPU 0.017083s)
Info    : 1176 edge swaps, 22 node relocations (volume = 235.635): worst = 0.159378 / average = 0.69676 (Wall 0.0219312s, CPU 0.019926s)
Info    : No ill-shaped tets in the mesh :-)
Info    : 0.00 < quality < 0.10 :         0 elements
Info    : 0.10 < quality < 0.20 :         4 elements
Info    : 0.20 < quality < 0.30 :        15 elements
Info    : 0.30 < quality < 0.40 :       759 elements
Info    : 0.40 < quality < 0.50 :      1131 elements
Info    : 0.50 < quality < 0.60 :      3677 elements
Info    : 0.60 < quality < 0.70 :     11930 elements
Info    : 0.70 < quality < 0.80 :     19991 elements
Info    : 0.80 < quality < 0.90 :      1921 elements
Info    : 0.90 < quality < 1.00 :      1376 elements
Info    : Optimizing volume 2
Info    : Optimization starts (volume = 0.255877) with worst = 0.0392082 / average = 0.738077:
Info    : 0.00 < quality < 0.10 :         1 elements
Info    : 0.10 < quality < 0.20 :         2 elements
Info    : 0.20 < quality < 0.30 :         4 elements
Info    : 0.30 < quality < 0.40 :        17 elements
Info    : 0.40 < quality < 0.50 :        22 elements
Info    : 0.50 < quality < 0.60 :        20 elements
Info    : 0.60 < quality < 0.70 :        75 elements
Info    : 0.70 < quality < 0.80 :       163 elements
Info    : 0.80 < quality < 0.90 :       118 elements
Info    : 0.90 < quality < 1.00 :        56 elements
Info    : 7 edge swaps, 0 node relocations (volume = 0.255877): worst = 0.311439 / average = 0.748522 (Wall 0.0001113s, CPU 0.000111s)
Info    : No ill-shaped tets in the mesh :-)
Info    : 0.00 < quality < 0.10 :         0 elements
Info    : 0.10 < quality < 0.20 :         0 elements
Info    : 0.20 < quality < 0.30 :         0 elements
Info    : 0.30 < quality < 0.40 :        17 elements
Info    : 0.40 < quality < 0.50 :        18 elements
Info    : 0.50 < quality < 0.60 :        20 elements
Info    : 0.60 < quality < 0.70 :        75 elements
Info    : 0.70 < quality < 0.80 :       166 elements
Info    : 0.80 < quality < 0.90 :       119 elements
Info    : 0.90 < quality < 1.00 :        56 elements
Info    : Done optimizing mesh (Wall 0.054294s, CPU 0.052267s)
Info    : 13589 nodes 67911 elements
Info    : Meshing order 2 (curvilinear on)...
Info    : [  0%] Meshing curve 1 order 2
Info    : [ 10%] Meshing curve 2 order 2
Info    : [ 20%] Meshing curve 3 order 2
Info    : [ 20%] Meshing curve 4 order 2
Info    : [ 30%] Meshing curve 5 order 2
Info    : [ 30%] Meshing curve 6 order 2
Info    : [ 40%] Meshing curve 7 order 2
Info    : [ 40%] Meshing curve 8 order 2
Info    : [ 50%] Meshing curve 9 order 2
Info    : [ 50%] Meshing curve 10 order 2
Info    : [ 60%] Meshing curve 11 order 2
Info    : [ 60%] Meshing curve 12 order 2
Info    : [ 70%] Meshing surface 1 order 2
Info    : [ 70%] Meshing surface 2 order 2
Info    : [ 80%] Meshing surface 3 order 2
Info    : [ 80%] Meshing surface 4 order 2
Info    : [ 90%] Meshing surface 5 order 2
Info    : [ 90%] Meshing surface 6 order 2
Info    : [100%] Meshing volume 1 order 2
Info    : [100%] Meshing volume 2 order 2
Info    : Surface mesh: worst distortion = 0.797589 (0 elements in ]0, 0.2]); worst gamma = 0.299743
Info    : Volume mesh: worst distortion = 0.254084 (0 elements in ]0, 0.2])
Info    : Done meshing order 2 (Wall 12.471s, CPU 12.4626s)
Info    : Writing '/home/user/mscr-mom/현서/scripts/contact_scenarios/fea/matv2_mesh_DEPTH875_phiP90_d50_b0_s98.inp'...
Info    : Done writing '/home/user/mscr-mom/현서/scripts/contact_scenarios/fea/matv2_mesh_DEPTH875_phiP90_d50_b0_s98.inp'
  [DEPTH875_phiP90_d50_b0] F_mag=0.0001mN  (769.8s)
[DEPTH875_phiP90_d50_b0] 완료: 3/4 성공
