[DEPTH875_phi00_d150_b0 1/1] L_M=87.5, phi=0.0, beta=0.0, s=75.0mm, push_depth=0.15mm ...
Info    : Meshing 1D...
Info    : [  0%] Meshing curve 1 (BSpline)
Info    : [ 10%] Meshing curve 2 (Ellipse)
Info    : [ 20%] Meshing curve 3 (Ellipse)
Info    : [ 30%] Meshing curve 4 (BSpline)
Info    : [ 40%] Meshing curve 5 (BSpline)
Info    : [ 50%] Meshing curve 6 (BSpline)
Info    : [ 60%] Meshing curve 7 (BSpline)
Info    : [ 60%] Meshing curve 8 (BSpline)
Info    : [ 70%] Meshing curve 9 (BSpline)
Info    : [ 90%] Meshing curve 11 (Circle)
Info    : Done meshing 1D (Wall 0.0244982s, CPU 0.011496s)
Info    : Meshing 2D...
Info    : [  0%] Meshing surface 1 (Plane, Frontal-Delaunay)
Info    : [ 20%] Meshing surface 2 (Plane, Frontal-Delaunay)
Info    : [ 40%] Meshing surface 3 (BSpline surface, Frontal-Delaunay)
Info    : [ 60%] Meshing surface 4 (BSpline surface, Frontal-Delaunay)
Info    : [ 70%] Meshing surface 5 (Plane, Frontal-Delaunay)
Info    : [ 90%] Meshing surface 6 (Sphere, Frontal-Delaunay)
Info    : Done meshing 2D (Wall 1.52477s, CPU 1.00956s)
Info    : Meshing 3D...
Info    : 3D Meshing 2 volumes with 2 connected components
Info    : Tetrahedrizing 12628 nodes...
Info    : Done tetrahedrizing 12636 nodes (Wall 0.276961s, CPU 0.193813s)
Info    : Reconstructing mesh...
Info    :  - Creating surface mesh
Info    :  - Identifying boundary edges
Info    :  - Recovering boundary
Info    : Done reconstructing mesh (Wall 0.914365s, CPU 0.54884s)
Info    : Found volume 1
Info    : It. 0 - 0 nodes created - worst tet radius 2.35841 (nodes removed 0 0)
Info    : It. 500 - 500 nodes created - worst tet radius 1.00843 (nodes removed 0 0)
Info    : It. 1000 - 1000 nodes created - worst tet radius 1.00001 (nodes removed 0 0)
Info    : 3D refinement terminated (14092 nodes total):
Info    :  - 0 Delaunay cavities modified for star shapeness
Info    :  - 0 nodes could not be inserted
Info    :  - 46357 tetrahedra created in 0.088943 sec. (521198 tets/s)
Info    : 0 node relocations
Info    : Tetrahedrizing 409 nodes...
Info    : Done tetrahedrizing 417 nodes (Wall 0.00353134s, CPU 0.003532s)
Info    : Reconstructing mesh...
Info    :  - Creating surface mesh
Info    :  - Identifying boundary edges
Info    :  - Recovering boundary
Info    : Done reconstructing mesh (Wall 0.0114239s, CPU 0.011184s)
Info    : Found volume 2
Info    : It. 0 - 0 nodes created - worst tet radius 5.58286 (nodes removed 0 0)
Info    : 3D refinement terminated (13349 nodes total):
Info    :  - 0 Delaunay cavities modified for star shapeness
Info    :  - 0 nodes could not be inserted
Info    :  - 2772 tetrahedra created in 0.0603009 sec. (45969 tets/s)
Info    : 0 node relocations
Info    : Done meshing 3D (Wall 1.78545s, CPU 1.22136s)
Info    : Optimizing mesh...
Info    : Optimizing volume 1
Info    : Optimization starts (volume = 235.577) with worst = 0.00205487 / average = 0.685802:
Info    : 0.00 < quality < 0.10 :       226 elements
Info    : 0.10 < quality < 0.20 :       620 elements
Info    : 0.20 < quality < 0.30 :       883 elements
Info    : 0.30 < quality < 0.40 :      1087 elements
Info    : 0.40 < quality < 0.50 :      1549 elements
Info    : 0.50 < quality < 0.60 :      5034 elements
Info    : 0.60 < quality < 0.70 :     10953 elements
Info    : 0.70 < quality < 0.80 :     19120 elements
Info    : 0.80 < quality < 0.90 :      3833 elements
Info    : 0.90 < quality < 1.00 :      3052 elements
Info    : 1634 edge swaps, 35 node relocations (volume = 235.577): worst = 0.104671 / average = 0.706178 (Wall 0.0474446s, CPU 0.046895s)
Info    : 1731 edge swaps, 39 node relocations (volume = 235.577): worst = 0.104671 / average = 0.707243 (Wall 0.0609824s, CPU 0.060299s)
Info    : No ill-shaped tets in the mesh :-)
Info    : 0.00 < quality < 0.10 :         0 elements
Info    : 0.10 < quality < 0.20 :         3 elements
Info    : 0.20 < quality < 0.30 :        17 elements
Info    : 0.30 < quality < 0.40 :       872 elements
Info    : 0.40 < quality < 0.50 :      1359 elements
Info    : 0.50 < quality < 0.60 :      5156 elements
Info    : 0.60 < quality < 0.70 :     11362 elements
Info    : 0.70 < quality < 0.80 :     18749 elements
Info    : 0.80 < quality < 0.90 :      4156 elements
Info    : 0.90 < quality < 1.00 :      3052 elements
Info    : Optimizing volume 2
Info    : Optimization starts (volume = 0.264396) with worst = 0.0852832 / average = 0.765954:
Info    : 0.00 < quality < 0.10 :         1 elements
Info    : 0.10 < quality < 0.20 :        18 elements
Info    : 0.20 < quality < 0.30 :        29 elements
Info    : 0.30 < quality < 0.40 :        59 elements
Info    : 0.40 < quality < 0.50 :        74 elements
Info    : 0.50 < quality < 0.60 :       139 elements
Info    : 0.60 < quality < 0.70 :       329 elements
Info    : 0.70 < quality < 0.80 :       727 elements
Info    : 0.80 < quality < 0.90 :      1031 elements
Info    : 0.90 < quality < 1.00 :       365 elements
Info    : 48 edge swaps, 1 node relocations (volume = 0.264396): worst = 0.280474 / average = 0.776932 (Wall 0.00146743s, CPU 0.001051s)
Info    : 49 edge swaps, 1 node relocations (volume = 0.264396): worst = 0.303371 / average = 0.777162 (Wall 0.00172473s, CPU 0.001245s)
Info    : No ill-shaped tets in the mesh :-)
Info    : 0.00 < quality < 0.10 :         0 elements
Info    : 0.10 < quality < 0.20 :         0 elements
Info    : 0.20 < quality < 0.30 :         0 elements
Info    : 0.30 < quality < 0.40 :        58 elements
Info    : 0.40 < quality < 0.50 :        73 elements
Info    : 0.50 < quality < 0.60 :       130 elements
Info    : 0.60 < quality < 0.70 :       331 elements
Info    : 0.70 < quality < 0.80 :       722 elements
Info    : 0.80 < quality < 0.90 :      1046 elements
Info    : 0.90 < quality < 1.00 :       366 elements
Info    : Done optimizing mesh (Wall 0.145763s, CPU 0.137773s)
Info    : 14723 nodes 74833 elements
Info    : Meshing order 2 (curvilinear on)...
Info    : [  0%] Meshing curve 1 order 2
Info    : [ 10%] Meshing curve 2 order 2
Info    : [ 20%] Meshing curve 3 order 2
Info    : [ 20%] Meshing curve 4 order 2
Info    : [ 30%] Meshing curve 5 order 2
Info    : [ 30%] Meshing curve 6 order 2
Info    : [ 40%] Meshing curve 7 order 2
Info    : [ 40%] Meshing curve 8 order 2
Info    : [ 50%] Meshing curve 9 order 2
Info    : [ 50%] Meshing curve 10 order 2
Info    : [ 60%] Meshing curve 11 order 2
Info    : [ 60%] Meshing curve 12 order 2
Info    : [ 70%] Meshing surface 1 order 2
Info    : [ 70%] Meshing surface 2 order 2
Info    : [ 80%] Meshing surface 3 order 2
Info    : [ 80%] Meshing surface 4 order 2
Info    : [ 90%] Meshing surface 5 order 2
Info    : [ 90%] Meshing surface 6 order 2
Info    : [100%] Meshing volume 1 order 2
Info    : [100%] Meshing volume 2 order 2
Info    : Surface mesh: worst distortion = 0.797589 (0 elements in ]0, 0.2]); worst gamma = 0.513339
Info    : Volume mesh: worst distortion = 0.241077 (0 elements in ]0, 0.2])
Info    : Done meshing order 2 (Wall 5.5082s, CPU 4.7952s)
Info    : Writing '/home/user/mscr-mom/현서/scripts/contact_scenarios/fea/matv2_mesh_DEPTH875_phi00_d150_b0_s75.inp'...
Info    : Done writing '/home/user/mscr-mom/현서/scripts/contact_scenarios/fea/matv2_mesh_DEPTH875_phi00_d150_b0_s75.inp'
  [DEPTH875_phi00_d150_b0] F_mag=0.0006mN  (650.6s)
[DEPTH875_phi00_d150_b0] 완료: 1/1 성공
