[PST750_phiN120_b0 1/8] L_M=75.0, phi=-120.0, beta=0.0, s=62.5mm, push_depth=0.1mm ...
Info    : Meshing 1D...
Info    : [  0%] Meshing curve 1 (BSpline)
Info    : [ 10%] Meshing curve 2 (Ellipse)
Info    : [ 20%] Meshing curve 3 (Ellipse)
Info    : [ 30%] Meshing curve 4 (BSpline)
Info    : [ 40%] Meshing curve 5 (BSpline)
Info    : [ 50%] Meshing curve 6 (BSpline)
Info    : [ 60%] Meshing curve 7 (BSpline)
Info    : [ 60%] Meshing curve 8 (BSpline)
Info    : [ 70%] Meshing curve 9 (BSpline)
Info    : [ 90%] Meshing curve 11 (Circle)
Info    : Done meshing 1D (Wall 0.0236512s, CPU 0.023587s)
Info    : Meshing 2D...
Info    : [  0%] Meshing surface 1 (Plane, Frontal-Delaunay)
Info    : [ 20%] Meshing surface 2 (Plane, Frontal-Delaunay)
Info    : [ 40%] Meshing surface 3 (BSpline surface, Frontal-Delaunay)
Info    : [ 60%] Meshing surface 4 (BSpline surface, Frontal-Delaunay)
Info    : [ 70%] Meshing surface 5 (Plane, Frontal-Delaunay)
Info    : [ 90%] Meshing surface 6 (Sphere, Frontal-Delaunay)
Info    : Done meshing 2D (Wall 0.715532s, CPU 0.710393s)
Info    : Meshing 3D...
Info    : 3D Meshing 2 volumes with 2 connected components
Info    : Tetrahedrizing 12455 nodes...
Info    : Done tetrahedrizing 12463 nodes (Wall 0.148717s, CPU 0.144665s)
Info    : Reconstructing mesh...
Info    :  - Creating surface mesh
Info    :  - Identifying boundary edges
Info    :  - Recovering boundary
Info    : Done reconstructing mesh (Wall 0.387089s, CPU 0.364978s)
Info    : Found volume 1
Info    : It. 0 - 0 nodes created - worst tet radius 1.04189 (nodes removed 0 0)
Info    : 3D refinement terminated (13064 nodes total):
Info    :  - 0 Delaunay cavities modified for star shapeness
Info    :  - 0 nodes could not be inserted
Info    :  - 41521 tetrahedra created in 0.0231616 sec. (1792665 tets/s)
Info    : 0 node relocations
Info    : Tetrahedrizing 131 nodes...
Info    : Done tetrahedrizing 139 nodes (Wall 0.000676522s, CPU 0.000661s)
Info    : Reconstructing mesh...
Info    :  - Creating surface mesh
Info    :  - Identifying boundary edges
Info    :  - Recovering boundary
Info    : Done reconstructing mesh (Wall 0.0015956s, CPU 0.001584s)
Info    : Found volume 2
Info    : It. 0 - 0 nodes created - worst tet radius 3.0565 (nodes removed 0 0)
Info    : 3D refinement terminated (12663 nodes total):
Info    :  - 1 Delaunay cavities modified for star shapeness
Info    :  - 0 nodes could not be inserted
Info    :  - 462 tetrahedra created in 0.00499806 sec. (92435 tets/s)
Info    : 0 node relocations
Info    : Done meshing 3D (Wall 0.6941s, CPU 0.671855s)
Info    : Optimizing mesh...
Info    : Optimizing volume 1
Info    : Optimization starts (volume = 235.604) with worst = 0.007709 / average = 0.681347:
Info    : 0.00 < quality < 0.10 :       170 elements
Info    : 0.10 < quality < 0.20 :       411 elements
Info    : 0.20 < quality < 0.30 :       666 elements
Info    : 0.30 < quality < 0.40 :       910 elements
Info    : 0.40 < quality < 0.50 :      1502 elements
Info    : 0.50 < quality < 0.60 :      3786 elements
Info    : 0.60 < quality < 0.70 :     10195 elements
Info    : 0.70 < quality < 0.80 :     20599 elements
Info    : 0.80 < quality < 0.90 :      1875 elements
Info    : 0.90 < quality < 1.00 :      1407 elements
Info    : 1201 edge swaps, 14 node relocations (volume = 235.604): worst = 0.086052 / average = 0.697881 (Wall 0.0145505s, CPU 0.014549s)
Info    : 1252 edge swaps, 15 node relocations (volume = 235.604): worst = 0.086052 / average = 0.69849 (Wall 0.0173422s, CPU 0.017345s)
Info    : No ill-shaped tets in the mesh :-)
Info    : 0.00 < quality < 0.10 :         1 elements
Info    : 0.10 < quality < 0.20 :         6 elements
Info    : 0.20 < quality < 0.30 :        12 elements
Info    : 0.30 < quality < 0.40 :       808 elements
Info    : 0.40 < quality < 0.50 :      1241 elements
Info    : 0.50 < quality < 0.60 :      3743 elements
Info    : 0.60 < quality < 0.70 :     10791 elements
Info    : 0.70 < quality < 0.80 :     20364 elements
Info    : 0.80 < quality < 0.90 :      1995 elements
Info    : 0.90 < quality < 1.00 :      1406 elements
Info    : Optimizing volume 2
Info    : Optimization starts (volume = 0.25632) with worst = 0.118609 / average = 0.744216:
Info    : 0.00 < quality < 0.10 :         0 elements
Info    : 0.10 < quality < 0.20 :         2 elements
Info    : 0.20 < quality < 0.30 :         4 elements
Info    : 0.30 < quality < 0.40 :         8 elements
Info    : 0.40 < quality < 0.50 :        10 elements
Info    : 0.50 < quality < 0.60 :        18 elements
Info    : 0.60 < quality < 0.70 :        87 elements
Info    : 0.70 < quality < 0.80 :       182 elements
Info    : 0.80 < quality < 0.90 :       116 elements
Info    : 0.90 < quality < 1.00 :        35 elements
Info    : 6 edge swaps, 0 node relocations (volume = 0.25632): worst = 0.332522 / average = 0.752665 (Wall 0.000133013s, CPU 0.000134s)
Info    : No ill-shaped tets in the mesh :-)
Info    : 0.00 < quality < 0.10 :         0 elements
Info    : 0.10 < quality < 0.20 :         0 elements
Info    : 0.20 < quality < 0.30 :         0 elements
Info    : 0.30 < quality < 0.40 :         8 elements
Info    : 0.40 < quality < 0.50 :         9 elements
Info    : 0.50 < quality < 0.60 :        17 elements
Info    : 0.60 < quality < 0.70 :        87 elements
Info    : 0.70 < quality < 0.80 :       182 elements
Info    : 0.80 < quality < 0.90 :       118 elements
Info    : 0.90 < quality < 1.00 :        35 elements
Info    : Done optimizing mesh (Wall 0.043821s, CPU 0.043811s)
Info    : 13460 nodes 67265 elements
Info    : Meshing order 2 (curvilinear on)...
Info    : [  0%] Meshing curve 1 order 2
Info    : [ 10%] Meshing curve 2 order 2
Info    : [ 20%] Meshing curve 3 order 2
Info    : [ 20%] Meshing curve 4 order 2
Info    : [ 30%] Meshing curve 5 order 2
Info    : [ 30%] Meshing curve 6 order 2
Info    : [ 40%] Meshing curve 7 order 2
Info    : [ 40%] Meshing curve 8 order 2
Info    : [ 50%] Meshing curve 9 order 2
Info    : [ 50%] Meshing curve 10 order 2
Info    : [ 60%] Meshing curve 11 order 2
Info    : [ 60%] Meshing curve 12 order 2
Info    : [ 70%] Meshing surface 1 order 2
Info    : [ 70%] Meshing surface 2 order 2
Info    : [ 80%] Meshing surface 3 order 2
Info    : [ 80%] Meshing surface 4 order 2
Info    : [ 90%] Meshing surface 5 order 2
Info    : [ 90%] Meshing surface 6 order 2
Info    : [100%] Meshing volume 1 order 2
Info    : [100%] Meshing volume 2 order 2
Info    : Surface mesh: worst distortion = 0.797589 (0 elements in ]0, 0.2]); worst gamma = 0.354265
Info    : Volume mesh: worst distortion = 0.254107 (0 elements in ]0, 0.2])
Info    : Done meshing order 2 (Wall 14.7812s, CPU 14.773s)
Info    : Writing '/home/user/mscr-mom/현서/scripts/contact_scenarios/fea/matv2_mesh_PST750_phiN120_b0_s62.inp'...
Info    : Done writing '/home/user/mscr-mom/현서/scripts/contact_scenarios/fea/matv2_mesh_PST750_phiN120_b0_s62.inp'
  [PST750_phiN120_b0] [실패] (662.5s)
[PST750_phiN120_b0 2/8] L_M=75.0, phi=-120.0, beta=0.0, s=67.5mm, push_depth=0.1mm ...
Info    : Meshing 1D...
Info    : [  0%] Meshing curve 1 (BSpline)
Info    : [ 10%] Meshing curve 2 (Ellipse)
Info    : [ 20%] Meshing curve 3 (Ellipse)
Info    : [ 30%] Meshing curve 4 (BSpline)
Info    : [ 40%] Meshing curve 5 (BSpline)
Info    : [ 50%] Meshing curve 6 (BSpline)
Info    : [ 60%] Meshing curve 7 (BSpline)
Info    : [ 60%] Meshing curve 8 (BSpline)
Info    : [ 70%] Meshing curve 9 (BSpline)
Info    : [ 90%] Meshing curve 11 (Circle)
Info    : Done meshing 1D (Wall 0.0234891s, CPU 0.023447s)
Info    : Meshing 2D...
Info    : [  0%] Meshing surface 1 (Plane, Frontal-Delaunay)
Info    : [ 20%] Meshing surface 2 (Plane, Frontal-Delaunay)
Info    : [ 40%] Meshing surface 3 (BSpline surface, Frontal-Delaunay)
Info    : [ 60%] Meshing surface 4 (BSpline surface, Frontal-Delaunay)
Info    : [ 70%] Meshing surface 5 (Plane, Frontal-Delaunay)
Info    : [ 90%] Meshing surface 6 (Sphere, Frontal-Delaunay)
Info    : Done meshing 2D (Wall 0.728614s, CPU 0.727398s)
Info    : Meshing 3D...
Info    : 3D Meshing 2 volumes with 2 connected components
Info    : Tetrahedrizing 12455 nodes...
Info    : Done tetrahedrizing 12463 nodes (Wall 0.143476s, CPU 0.140406s)
Info    : Reconstructing mesh...
Info    :  - Creating surface mesh
Info    :  - Identifying boundary edges
Info    :  - Recovering boundary
Info    : Done reconstructing mesh (Wall 0.342697s, CPU 0.3336s)
Info    : Found volume 1
Info    : It. 0 - 0 nodes created - worst tet radius 1.04189 (nodes removed 0 0)
Info    : 3D refinement terminated (13064 nodes total):
Info    :  - 0 Delaunay cavities modified for star shapeness
Info    :  - 0 nodes could not be inserted
Info    :  - 41521 tetrahedra created in 0.0237925 sec. (1745127 tets/s)
Info    : 0 node relocations
Info    : Tetrahedrizing 131 nodes...
Info    : Done tetrahedrizing 139 nodes (Wall 0.000669342s, CPU 0.000648s)
Info    : Reconstructing mesh...
Info    :  - Creating surface mesh
Info    :  - Identifying boundary edges
Info    :  - Recovering boundary
Info    : Done reconstructing mesh (Wall 0.00152859s, CPU 0.001504s)
Info    : Found volume 2
Info    : It. 0 - 0 nodes created - worst tet radius 3.0565 (nodes removed 0 0)
Info    : 3D refinement terminated (12663 nodes total):
Info    :  - 1 Delaunay cavities modified for star shapeness
Info    :  - 0 nodes could not be inserted
Info    :  - 462 tetrahedra created in 0.0025987 sec. (177780 tets/s)
Info    : 0 node relocations
Info    : Done meshing 3D (Wall 0.631114s, CPU 0.619991s)
Info    : Optimizing mesh...
Info    : Optimizing volume 1
Info    : Optimization starts (volume = 235.604) with worst = 0.007709 / average = 0.681347:
Info    : 0.00 < quality < 0.10 :       170 elements
Info    : 0.10 < quality < 0.20 :       411 elements
Info    : 0.20 < quality < 0.30 :       666 elements
Info    : 0.30 < quality < 0.40 :       910 elements
Info    : 0.40 < quality < 0.50 :      1502 elements
Info    : 0.50 < quality < 0.60 :      3786 elements
Info    : 0.60 < quality < 0.70 :     10195 elements
Info    : 0.70 < quality < 0.80 :     20599 elements
Info    : 0.80 < quality < 0.90 :      1875 elements
Info    : 0.90 < quality < 1.00 :      1407 elements
Info    : 1201 edge swaps, 14 node relocations (volume = 235.604): worst = 0.086052 / average = 0.697881 (Wall 0.0151735s, CPU 0.015167s)
Info    : 1252 edge swaps, 15 node relocations (volume = 235.604): worst = 0.086052 / average = 0.69849 (Wall 0.018299s, CPU 0.018289s)
Info    : No ill-shaped tets in the mesh :-)
Info    : 0.00 < quality < 0.10 :         1 elements
Info    : 0.10 < quality < 0.20 :         6 elements
Info    : 0.20 < quality < 0.30 :        12 elements
Info    : 0.30 < quality < 0.40 :       808 elements
Info    : 0.40 < quality < 0.50 :      1241 elements
Info    : 0.50 < quality < 0.60 :      3743 elements
Info    : 0.60 < quality < 0.70 :     10791 elements
Info    : 0.70 < quality < 0.80 :     20364 elements
Info    : 0.80 < quality < 0.90 :      1995 elements
Info    : 0.90 < quality < 1.00 :      1406 elements
Info    : Optimizing volume 2
Info    : Optimization starts (volume = 0.25632) with worst = 0.118609 / average = 0.744216:
Info    : 0.00 < quality < 0.10 :         0 elements
Info    : 0.10 < quality < 0.20 :         2 elements
Info    : 0.20 < quality < 0.30 :         4 elements
Info    : 0.30 < quality < 0.40 :         8 elements
Info    : 0.40 < quality < 0.50 :        10 elements
Info    : 0.50 < quality < 0.60 :        18 elements
Info    : 0.60 < quality < 0.70 :        87 elements
Info    : 0.70 < quality < 0.80 :       182 elements
Info    : 0.80 < quality < 0.90 :       116 elements
Info    : 0.90 < quality < 1.00 :        35 elements
Info    : 6 edge swaps, 0 node relocations (volume = 0.25632): worst = 0.332522 / average = 0.752665 (Wall 0.00011087s, CPU 0.000114s)
Info    : No ill-shaped tets in the mesh :-)
Info    : 0.00 < quality < 0.10 :         0 elements
Info    : 0.10 < quality < 0.20 :         0 elements
Info    : 0.20 < quality < 0.30 :         0 elements
Info    : 0.30 < quality < 0.40 :         8 elements
Info    : 0.40 < quality < 0.50 :         9 elements
Info    : 0.50 < quality < 0.60 :        17 elements
Info    : 0.60 < quality < 0.70 :        87 elements
Info    : 0.70 < quality < 0.80 :       182 elements
Info    : 0.80 < quality < 0.90 :       118 elements
Info    : 0.90 < quality < 1.00 :        35 elements
Info    : Done optimizing mesh (Wall 0.0416042s, CPU 0.040604s)
Info    : 13460 nodes 67265 elements
Info    : Meshing order 2 (curvilinear on)...
Info    : [  0%] Meshing curve 1 order 2
Info    : [ 10%] Meshing curve 2 order 2
Info    : [ 20%] Meshing curve 3 order 2
Info    : [ 20%] Meshing curve 4 order 2
Info    : [ 30%] Meshing curve 5 order 2
Info    : [ 30%] Meshing curve 6 order 2
Info    : [ 40%] Meshing curve 7 order 2
Info    : [ 40%] Meshing curve 8 order 2
Info    : [ 50%] Meshing curve 9 order 2
Info    : [ 50%] Meshing curve 10 order 2
Info    : [ 60%] Meshing curve 11 order 2
Info    : [ 60%] Meshing curve 12 order 2
Info    : [ 70%] Meshing surface 1 order 2
Info    : [ 70%] Meshing surface 2 order 2
Info    : [ 80%] Meshing surface 3 order 2
Info    : [ 80%] Meshing surface 4 order 2
Info    : [ 90%] Meshing surface 5 order 2
Info    : [ 90%] Meshing surface 6 order 2
Info    : [100%] Meshing volume 1 order 2
Info    : [100%] Meshing volume 2 order 2
Info    : Surface mesh: worst distortion = 0.797589 (0 elements in ]0, 0.2]); worst gamma = 0.354265
Info    : Volume mesh: worst distortion = 0.254107 (0 elements in ]0, 0.2])
Info    : Done meshing order 2 (Wall 14.3453s, CPU 14.3405s)
Info    : Writing '/home/user/mscr-mom/현서/scripts/contact_scenarios/fea/matv2_mesh_PST750_phiN120_b0_s68.inp'...
Info    : Done writing '/home/user/mscr-mom/현서/scripts/contact_scenarios/fea/matv2_mesh_PST750_phiN120_b0_s68.inp'
  [PST750_phiN120_b0] [실패] (757.8s)
[PST750_phiN120_b0 3/8] L_M=75.0, phi=-120.0, beta=0.0, s=72.5mm, push_depth=0.1mm ...
Info    : Meshing 1D...
Info    : [  0%] Meshing curve 1 (BSpline)
Info    : [ 10%] Meshing curve 2 (Ellipse)
Info    : [ 20%] Meshing curve 3 (Ellipse)
Info    : [ 30%] Meshing curve 4 (BSpline)
Info    : [ 40%] Meshing curve 5 (BSpline)
Info    : [ 50%] Meshing curve 6 (BSpline)
Info    : [ 60%] Meshing curve 7 (BSpline)
Info    : [ 60%] Meshing curve 8 (BSpline)
Info    : [ 70%] Meshing curve 9 (BSpline)
Info    : [ 90%] Meshing curve 11 (Circle)
Info    : Done meshing 1D (Wall 0.0236873s, CPU 0.023638s)
Info    : Meshing 2D...
Info    : [  0%] Meshing surface 1 (Plane, Frontal-Delaunay)
Info    : [ 20%] Meshing surface 2 (Plane, Frontal-Delaunay)
Info    : [ 40%] Meshing surface 3 (BSpline surface, Frontal-Delaunay)
Info    : [ 60%] Meshing surface 4 (BSpline surface, Frontal-Delaunay)
Info    : [ 70%] Meshing surface 5 (Plane, Frontal-Delaunay)
Info    : [ 90%] Meshing surface 6 (Sphere, Frontal-Delaunay)
Info    : Done meshing 2D (Wall 0.733102s, CPU 0.732038s)
Info    : Meshing 3D...
Info    : 3D Meshing 2 volumes with 2 connected components
Info    : Tetrahedrizing 12455 nodes...
Info    : Done tetrahedrizing 12463 nodes (Wall 0.142941s, CPU 0.135931s)
Info    : Reconstructing mesh...
Info    :  - Creating surface mesh
Info    :  - Identifying boundary edges
Info    :  - Recovering boundary
Info    : Done reconstructing mesh (Wall 0.328316s, CPU 0.321288s)
Info    : Found volume 1
Info    : It. 0 - 0 nodes created - worst tet radius 1.04189 (nodes removed 0 0)
Info    : 3D refinement terminated (13064 nodes total):
Info    :  - 0 Delaunay cavities modified for star shapeness
Info    :  - 0 nodes could not be inserted
Info    :  - 41521 tetrahedra created in 0.0232699 sec. (1784321 tets/s)
Info    : 0 node relocations
Info    : Tetrahedrizing 131 nodes...
Info    : Done tetrahedrizing 139 nodes (Wall 0.000708083s, CPU 0.000709s)
Info    : Reconstructing mesh...
Info    :  - Creating surface mesh
Info    :  - Identifying boundary edges
Info    :  - Recovering boundary
Info    : Done reconstructing mesh (Wall 0.0016164s, CPU 0.00162s)
Info    : Found volume 2
Info    : It. 0 - 0 nodes created - worst tet radius 3.14671 (nodes removed 0 0)
Info    : 3D refinement terminated (12669 nodes total):
Info    :  - 0 Delaunay cavities modified for star shapeness
Info    :  - 0 nodes could not be inserted
Info    :  - 502 tetrahedra created in 0.00360705 sec. (139171 tets/s)
Info    : 0 node relocations
Info    : Done meshing 3D (Wall 0.611357s, CPU 0.603313s)
Info    : Optimizing mesh...
Info    : Optimizing volume 1
Info    : Optimization starts (volume = 235.604) with worst = 0.007709 / average = 0.681347:
Info    : 0.00 < quality < 0.10 :       170 elements
Info    : 0.10 < quality < 0.20 :       411 elements
Info    : 0.20 < quality < 0.30 :       666 elements
Info    : 0.30 < quality < 0.40 :       910 elements
Info    : 0.40 < quality < 0.50 :      1502 elements
Info    : 0.50 < quality < 0.60 :      3786 elements
Info    : 0.60 < quality < 0.70 :     10195 elements
Info    : 0.70 < quality < 0.80 :     20599 elements
Info    : 0.80 < quality < 0.90 :      1875 elements
Info    : 0.90 < quality < 1.00 :      1407 elements
Info    : 1201 edge swaps, 14 node relocations (volume = 235.604): worst = 0.086052 / average = 0.697881 (Wall 0.0153411s, CPU 0.015342s)
Info    : 1252 edge swaps, 15 node relocations (volume = 235.604): worst = 0.086052 / average = 0.69849 (Wall 0.0185954s, CPU 0.018597s)
Info    : No ill-shaped tets in the mesh :-)
Info    : 0.00 < quality < 0.10 :         1 elements
Info    : 0.10 < quality < 0.20 :         6 elements
Info    : 0.20 < quality < 0.30 :        12 elements
Info    : 0.30 < quality < 0.40 :       808 elements
Info    : 0.40 < quality < 0.50 :      1241 elements
Info    : 0.50 < quality < 0.60 :      3743 elements
Info    : 0.60 < quality < 0.70 :     10791 elements
Info    : 0.70 < quality < 0.80 :     20364 elements
Info    : 0.80 < quality < 0.90 :      1995 elements
Info    : 0.90 < quality < 1.00 :      1406 elements
Info    : Optimizing volume 2
Info    : Optimization starts (volume = 0.25649) with worst = 0.0990159 / average = 0.764906:
Info    : 0.00 < quality < 0.10 :         1 elements
Info    : 0.10 < quality < 0.20 :         0 elements
Info    : 0.20 < quality < 0.30 :         5 elements
Info    : 0.30 < quality < 0.40 :        11 elements
Info    : 0.40 < quality < 0.50 :         6 elements
Info    : 0.50 < quality < 0.60 :        19 elements
Info    : 0.60 < quality < 0.70 :        47 elements
Info    : 0.70 < quality < 0.80 :       208 elements
Info    : 0.80 < quality < 0.90 :       142 elements
Info    : 0.90 < quality < 1.00 :        63 elements
Info    : 6 edge swaps, 0 node relocations (volume = 0.25649): worst = 0.311114 / average = 0.77355 (Wall 0.000102948s, CPU 0.000106s)
Info    : No ill-shaped tets in the mesh :-)
Info    : 0.00 < quality < 0.10 :         0 elements
Info    : 0.10 < quality < 0.20 :         0 elements
Info    : 0.20 < quality < 0.30 :         0 elements
Info    : 0.30 < quality < 0.40 :         9 elements
Info    : 0.40 < quality < 0.50 :         5 elements
Info    : 0.50 < quality < 0.60 :        20 elements
Info    : 0.60 < quality < 0.70 :        50 elements
Info    : 0.70 < quality < 0.80 :       206 elements
Info    : 0.80 < quality < 0.90 :       143 elements
Info    : 0.90 < quality < 1.00 :        63 elements
Info    : Done optimizing mesh (Wall 0.0454415s, CPU 0.04542s)
Info    : 13466 nodes 67305 elements
Info    : Meshing order 2 (curvilinear on)...
Info    : [  0%] Meshing curve 1 order 2
Info    : [ 10%] Meshing curve 2 order 2
Info    : [ 20%] Meshing curve 3 order 2
Info    : [ 20%] Meshing curve 4 order 2
Info    : [ 30%] Meshing curve 5 order 2
Info    : [ 30%] Meshing curve 6 order 2
Info    : [ 40%] Meshing curve 7 order 2
Info    : [ 40%] Meshing curve 8 order 2
Info    : [ 50%] Meshing curve 9 order 2
Info    : [ 50%] Meshing curve 10 order 2
Info    : [ 60%] Meshing curve 11 order 2
Info    : [ 60%] Meshing curve 12 order 2
Info    : [ 70%] Meshing surface 1 order 2
Info    : [ 70%] Meshing surface 2 order 2
Info    : [ 80%] Meshing surface 3 order 2
Info    : [ 80%] Meshing surface 4 order 2
Info    : [ 90%] Meshing surface 5 order 2
Info    : [ 90%] Meshing surface 6 order 2
Info    : [100%] Meshing volume 1 order 2
Info    : [100%] Meshing volume 2 order 2
Info    : Surface mesh: worst distortion = 0.797589 (0 elements in ]0, 0.2]); worst gamma = 0.538251
Info    : Volume mesh: worst distortion = 0.254107 (0 elements in ]0, 0.2])
Info    : Done meshing order 2 (Wall 14.4788s, CPU 14.4679s)
Info    : Writing '/home/user/mscr-mom/현서/scripts/contact_scenarios/fea/matv2_mesh_PST750_phiN120_b0_s72.inp'...
Info    : Done writing '/home/user/mscr-mom/현서/scripts/contact_scenarios/fea/matv2_mesh_PST750_phiN120_b0_s72.inp'
  [PST750_phiN120_b0] [실패] (664.6s)
[PST750_phiN120_b0 4/8] L_M=75.0, phi=-120.0, beta=0.0, s=77.5mm, push_depth=0.1mm ...
Info    : Meshing 1D...
Info    : [  0%] Meshing curve 1 (BSpline)
Info    : [ 10%] Meshing curve 2 (Ellipse)
Info    : [ 20%] Meshing curve 3 (Ellipse)
Info    : [ 30%] Meshing curve 4 (BSpline)
Info    : [ 40%] Meshing curve 5 (BSpline)
Info    : [ 50%] Meshing curve 6 (BSpline)
Info    : [ 60%] Meshing curve 7 (BSpline)
Info    : [ 60%] Meshing curve 8 (BSpline)
Info    : [ 70%] Meshing curve 9 (BSpline)
Info    : [ 90%] Meshing curve 11 (Circle)
Info    : Done meshing 1D (Wall 0.0254852s, CPU 0.024429s)
Info    : Meshing 2D...
Info    : [  0%] Meshing surface 1 (Plane, Frontal-Delaunay)
Info    : [ 20%] Meshing surface 2 (Plane, Frontal-Delaunay)
Info    : [ 40%] Meshing surface 3 (BSpline surface, Frontal-Delaunay)
Info    : [ 60%] Meshing surface 4 (BSpline surface, Frontal-Delaunay)
Info    : [ 70%] Meshing surface 5 (Plane, Frontal-Delaunay)
Info    : [ 90%] Meshing surface 6 (Sphere, Frontal-Delaunay)
Info    : Done meshing 2D (Wall 0.711092s, CPU 0.711052s)
Info    : Meshing 3D...
Info    : 3D Meshing 2 volumes with 2 connected components
Info    : Tetrahedrizing 12455 nodes...
Info    : Done tetrahedrizing 12463 nodes (Wall 0.144348s, CPU 0.142345s)
Info    : Reconstructing mesh...
Info    :  - Creating surface mesh
Info    :  - Identifying boundary edges
Info    :  - Recovering boundary
Info    : Done reconstructing mesh (Wall 0.358708s, CPU 0.356685s)
Info    : Found volume 1
Info    : It. 0 - 0 nodes created - worst tet radius 1.04189 (nodes removed 0 0)
Info    : 3D refinement terminated (13064 nodes total):
Info    :  - 0 Delaunay cavities modified for star shapeness
Info    :  - 0 nodes could not be inserted
Info    :  - 41521 tetrahedra created in 0.0196731 sec. (2110547 tets/s)
Info    : 0 node relocations
Info    : Tetrahedrizing 131 nodes...
Info    : Done tetrahedrizing 139 nodes (Wall 0.000690805s, CPU 0s)
Info    : Reconstructing mesh...
Info    :  - Creating surface mesh
Info    :  - Identifying boundary edges
Info    :  - Recovering boundary
Info    : Done reconstructing mesh (Wall 0.0016322s, CPU 0.000634s)
Info    : Found volume 2
Info    : It. 0 - 0 nodes created - worst tet radius 3.1278 (nodes removed 0 0)
Info    : 3D refinement terminated (12665 nodes total):
Info    :  - 0 Delaunay cavities modified for star shapeness
Info    :  - 0 nodes could not be inserted
Info    :  - 473 tetrahedra created in 0.00427906 sec. (110538 tets/s)
Info    : 0 node relocations
Info    : Done meshing 3D (Wall 0.661455s, CPU 0.658418s)
Info    : Optimizing mesh...
Info    : Optimizing volume 1
Info    : Optimization starts (volume = 235.604) with worst = 0.007709 / average = 0.681347:
Info    : 0.00 < quality < 0.10 :       170 elements
Info    : 0.10 < quality < 0.20 :       411 elements
Info    : 0.20 < quality < 0.30 :       666 elements
Info    : 0.30 < quality < 0.40 :       910 elements
Info    : 0.40 < quality < 0.50 :      1502 elements
Info    : 0.50 < quality < 0.60 :      3786 elements
Info    : 0.60 < quality < 0.70 :     10195 elements
Info    : 0.70 < quality < 0.80 :     20599 elements
Info    : 0.80 < quality < 0.90 :      1875 elements
Info    : 0.90 < quality < 1.00 :      1407 elements
Info    : 1201 edge swaps, 14 node relocations (volume = 235.604): worst = 0.086052 / average = 0.697881 (Wall 0.0141146s, CPU 0.014114s)
Info    : 1252 edge swaps, 15 node relocations (volume = 235.604): worst = 0.086052 / average = 0.69849 (Wall 0.0173534s, CPU 0.017353s)
Info    : No ill-shaped tets in the mesh :-)
Info    : 0.00 < quality < 0.10 :         1 elements
Info    : 0.10 < quality < 0.20 :         6 elements
Info    : 0.20 < quality < 0.30 :        12 elements
Info    : 0.30 < quality < 0.40 :       808 elements
Info    : 0.40 < quality < 0.50 :      1241 elements
Info    : 0.50 < quality < 0.60 :      3743 elements
Info    : 0.60 < quality < 0.70 :     10791 elements
Info    : 0.70 < quality < 0.80 :     20364 elements
Info    : 0.80 < quality < 0.90 :      1995 elements
Info    : 0.90 < quality < 1.00 :      1406 elements
Info    : Optimizing volume 2
Info    : Optimization starts (volume = 0.256296) with worst = 0.0952567 / average = 0.755173:
Info    : 0.00 < quality < 0.10 :         1 elements
Info    : 0.10 < quality < 0.20 :         2 elements
Info    : 0.20 < quality < 0.30 :         3 elements
Info    : 0.30 < quality < 0.40 :         8 elements
Info    : 0.40 < quality < 0.50 :         6 elements
Info    : 0.50 < quality < 0.60 :        18 elements
Info    : 0.60 < quality < 0.70 :        72 elements
Info    : 0.70 < quality < 0.80 :       190 elements
Info    : 0.80 < quality < 0.90 :       129 elements
Info    : 0.90 < quality < 1.00 :        44 elements
Info    : 6 edge swaps, 0 node relocations (volume = 0.256296): worst = 0.316486 / average = 0.763136 (Wall 0.000106082s, CPU 0.000108s)
Info    : No ill-shaped tets in the mesh :-)
Info    : 0.00 < quality < 0.10 :         0 elements
Info    : 0.10 < quality < 0.20 :         0 elements
Info    : 0.20 < quality < 0.30 :         0 elements
Info    : 0.30 < quality < 0.40 :         8 elements
Info    : 0.40 < quality < 0.50 :         6 elements
Info    : 0.50 < quality < 0.60 :        17 elements
Info    : 0.60 < quality < 0.70 :        72 elements
Info    : 0.70 < quality < 0.80 :       190 elements
Info    : 0.80 < quality < 0.90 :       130 elements
Info    : 0.90 < quality < 1.00 :        44 elements
Info    : Done optimizing mesh (Wall 0.0431887s, CPU 0.043188s)
Info    : 13462 nodes 67276 elements
Info    : Meshing order 2 (curvilinear on)...
Info    : [  0%] Meshing curve 1 order 2
Info    : [ 10%] Meshing curve 2 order 2
Info    : [ 20%] Meshing curve 3 order 2
Info    : [ 20%] Meshing curve 4 order 2
Info    : [ 30%] Meshing curve 5 order 2
Info    : [ 30%] Meshing curve 6 order 2
Info    : [ 40%] Meshing curve 7 order 2
Info    : [ 40%] Meshing curve 8 order 2
Info    : [ 50%] Meshing curve 9 order 2
Info    : [ 50%] Meshing curve 10 order 2
Info    : [ 60%] Meshing curve 11 order 2
Info    : [ 60%] Meshing curve 12 order 2
Info    : [ 70%] Meshing surface 1 order 2
Info    : [ 70%] Meshing surface 2 order 2
Info    : [ 80%] Meshing surface 3 order 2
Info    : [ 80%] Meshing surface 4 order 2
Info    : [ 90%] Meshing surface 5 order 2
Info    : [ 90%] Meshing surface 6 order 2
Info    : [100%] Meshing volume 1 order 2
Info    : [100%] Meshing volume 2 order 2
Info    : Surface mesh: worst distortion = 0.797589 (0 elements in ]0, 0.2]); worst gamma = 0.354265
Info    : Volume mesh: worst distortion = 0.254107 (0 elements in ]0, 0.2])
Info    : Done meshing order 2 (Wall 14.4129s, CPU 14.4102s)
Info    : Writing '/home/user/mscr-mom/현서/scripts/contact_scenarios/fea/matv2_mesh_PST750_phiN120_b0_s78.inp'...
Info    : Done writing '/home/user/mscr-mom/현서/scripts/contact_scenarios/fea/matv2_mesh_PST750_phiN120_b0_s78.inp'
  [PST750_phiN120_b0] [실패] (662.2s)
[PST750_phiN120_b0 5/8] L_M=75.0, phi=-120.0, beta=0.0, s=82.5mm, push_depth=0.1mm ...
Info    : Meshing 1D...
Info    : [  0%] Meshing curve 1 (BSpline)
Info    : [ 10%] Meshing curve 2 (Ellipse)
Info    : [ 20%] Meshing curve 3 (Ellipse)
Info    : [ 30%] Meshing curve 4 (BSpline)
Info    : [ 40%] Meshing curve 5 (BSpline)
Info    : [ 50%] Meshing curve 6 (BSpline)
Info    : [ 60%] Meshing curve 7 (BSpline)
Info    : [ 60%] Meshing curve 8 (BSpline)
Info    : [ 70%] Meshing curve 9 (BSpline)
Info    : [ 90%] Meshing curve 11 (Circle)
Info    : Done meshing 1D (Wall 0.0233731s, CPU 0.02335s)
Info    : Meshing 2D...
Info    : [  0%] Meshing surface 1 (Plane, Frontal-Delaunay)
Info    : [ 20%] Meshing surface 2 (Plane, Frontal-Delaunay)
Info    : [ 40%] Meshing surface 3 (BSpline surface, Frontal-Delaunay)
Info    : [ 60%] Meshing surface 4 (BSpline surface, Frontal-Delaunay)
Info    : [ 70%] Meshing surface 5 (Plane, Frontal-Delaunay)
Info    : [ 90%] Meshing surface 6 (Sphere, Frontal-Delaunay)
Info    : Done meshing 2D (Wall 0.705662s, CPU 0.705584s)
Info    : Meshing 3D...
Info    : 3D Meshing 2 volumes with 2 connected components
Info    : Tetrahedrizing 12455 nodes...
Info    : Done tetrahedrizing 12463 nodes (Wall 0.141897s, CPU 0.136635s)
Info    : Reconstructing mesh...
Info    :  - Creating surface mesh
Info    :  - Identifying boundary edges
Info    :  - Recovering boundary
Info    : Done reconstructing mesh (Wall 0.34359s, CPU 0.338306s)
Info    : Found volume 1
Info    : It. 0 - 0 nodes created - worst tet radius 1.04189 (nodes removed 0 0)
Info    : 3D refinement terminated (13064 nodes total):
Info    :  - 0 Delaunay cavities modified for star shapeness
Info    :  - 0 nodes could not be inserted
Info    :  - 41521 tetrahedra created in 0.0229785 sec. (1806952 tets/s)
Info    : 0 node relocations
Info    : Tetrahedrizing 131 nodes...
Info    : Done tetrahedrizing 139 nodes (Wall 0.000673259s, CPU 0.000671s)
Info    : Reconstructing mesh...
Info    :  - Creating surface mesh
Info    :  - Identifying boundary edges
Info    :  - Recovering boundary
Info    : Done reconstructing mesh (Wall 0.00155595s, CPU 0.001557s)
Info    : Found volume 2
Info    : It. 0 - 0 nodes created - worst tet radius 3.1278 (nodes removed 0 0)
Info    : 3D refinement terminated (12665 nodes total):
Info    :  - 0 Delaunay cavities modified for star shapeness
Info    :  - 0 nodes could not be inserted
Info    :  - 473 tetrahedra created in 0.00275366 sec. (171771 tets/s)
Info    : 0 node relocations
Info    : Done meshing 3D (Wall 0.628588s, CPU 0.623294s)
Info    : Optimizing mesh...
Info    : Optimizing volume 1
Info    : Optimization starts (volume = 235.604) with worst = 0.007709 / average = 0.681347:
Info    : 0.00 < quality < 0.10 :       170 elements
Info    : 0.10 < quality < 0.20 :       411 elements
Info    : 0.20 < quality < 0.30 :       666 elements
Info    : 0.30 < quality < 0.40 :       910 elements
Info    : 0.40 < quality < 0.50 :      1502 elements
Info    : 0.50 < quality < 0.60 :      3786 elements
Info    : 0.60 < quality < 0.70 :     10195 elements
Info    : 0.70 < quality < 0.80 :     20599 elements
Info    : 0.80 < quality < 0.90 :      1875 elements
Info    : 0.90 < quality < 1.00 :      1407 elements
Info    : 1201 edge swaps, 14 node relocations (volume = 235.604): worst = 0.086052 / average = 0.697881 (Wall 0.0132413s, CPU 0.013237s)
Info    : 1252 edge swaps, 15 node relocations (volume = 235.604): worst = 0.086052 / average = 0.69849 (Wall 0.0160104s, CPU 0.016008s)
Info    : No ill-shaped tets in the mesh :-)
Info    : 0.00 < quality < 0.10 :         1 elements
Info    : 0.10 < quality < 0.20 :         6 elements
Info    : 0.20 < quality < 0.30 :        12 elements
Info    : 0.30 < quality < 0.40 :       808 elements
Info    : 0.40 < quality < 0.50 :      1241 elements
Info    : 0.50 < quality < 0.60 :      3743 elements
Info    : 0.60 < quality < 0.70 :     10791 elements
Info    : 0.70 < quality < 0.80 :     20364 elements
Info    : 0.80 < quality < 0.90 :      1995 elements
Info    : 0.90 < quality < 1.00 :      1406 elements
Info    : Optimizing volume 2
Info    : Optimization starts (volume = 0.256296) with worst = 0.0952567 / average = 0.755173:
Info    : 0.00 < quality < 0.10 :         1 elements
Info    : 0.10 < quality < 0.20 :         2 elements
Info    : 0.20 < quality < 0.30 :         3 elements
Info    : 0.30 < quality < 0.40 :         8 elements
Info    : 0.40 < quality < 0.50 :         6 elements
Info    : 0.50 < quality < 0.60 :        18 elements
Info    : 0.60 < quality < 0.70 :        72 elements
Info    : 0.70 < quality < 0.80 :       190 elements
Info    : 0.80 < quality < 0.90 :       129 elements
Info    : 0.90 < quality < 1.00 :        44 elements
Info    : 6 edge swaps, 0 node relocations (volume = 0.256296): worst = 0.316486 / average = 0.763136 (Wall 0.000103109s, CPU 0.000102s)
Info    : No ill-shaped tets in the mesh :-)
Info    : 0.00 < quality < 0.10 :         0 elements
Info    : 0.10 < quality < 0.20 :         0 elements
Info    : 0.20 < quality < 0.30 :         0 elements
Info    : 0.30 < quality < 0.40 :         8 elements
Info    : 0.40 < quality < 0.50 :         6 elements
Info    : 0.50 < quality < 0.60 :        17 elements
Info    : 0.60 < quality < 0.70 :        72 elements
Info    : 0.70 < quality < 0.80 :       190 elements
Info    : 0.80 < quality < 0.90 :       130 elements
Info    : 0.90 < quality < 1.00 :        44 elements
Info    : Done optimizing mesh (Wall 0.0378309s, CPU 0.036816s)
Info    : 13462 nodes 67276 elements
Info    : Meshing order 2 (curvilinear on)...
Info    : [  0%] Meshing curve 1 order 2
Info    : [ 10%] Meshing curve 2 order 2
Info    : [ 20%] Meshing curve 3 order 2
Info    : [ 20%] Meshing curve 4 order 2
Info    : [ 30%] Meshing curve 5 order 2
Info    : [ 30%] Meshing curve 6 order 2
Info    : [ 40%] Meshing curve 7 order 2
Info    : [ 40%] Meshing curve 8 order 2
Info    : [ 50%] Meshing curve 9 order 2
Info    : [ 50%] Meshing curve 10 order 2
Info    : [ 60%] Meshing curve 11 order 2
Info    : [ 60%] Meshing curve 12 order 2
Info    : [ 70%] Meshing surface 1 order 2
Info    : [ 70%] Meshing surface 2 order 2
Info    : [ 80%] Meshing surface 3 order 2
Info    : [ 80%] Meshing surface 4 order 2
Info    : [ 90%] Meshing surface 5 order 2
Info    : [ 90%] Meshing surface 6 order 2
Info    : [100%] Meshing volume 1 order 2
Info    : [100%] Meshing volume 2 order 2
Info    : Surface mesh: worst distortion = 0.797589 (0 elements in ]0, 0.2]); worst gamma = 0.354265
Info    : Volume mesh: worst distortion = 0.254107 (0 elements in ]0, 0.2])
Info    : Done meshing order 2 (Wall 14.3418s, CPU 14.324s)
Info    : Writing '/home/user/mscr-mom/현서/scripts/contact_scenarios/fea/matv2_mesh_PST750_phiN120_b0_s82.inp'...
Info    : Done writing '/home/user/mscr-mom/현서/scripts/contact_scenarios/fea/matv2_mesh_PST750_phiN120_b0_s82.inp'
  [PST750_phiN120_b0] [실패] (767.8s)
[PST750_phiN120_b0 6/8] L_M=75.0, phi=-120.0, beta=0.0, s=87.5mm, push_depth=0.1mm ...
Info    : Meshing 1D...
Info    : [  0%] Meshing curve 1 (BSpline)
Info    : [ 10%] Meshing curve 2 (Ellipse)
Info    : [ 20%] Meshing curve 3 (Ellipse)
Info    : [ 30%] Meshing curve 4 (BSpline)
Info    : [ 40%] Meshing curve 5 (BSpline)
Info    : [ 50%] Meshing curve 6 (BSpline)
Info    : [ 60%] Meshing curve 7 (BSpline)
Info    : [ 60%] Meshing curve 8 (BSpline)
Info    : [ 70%] Meshing curve 9 (BSpline)
Info    : [ 90%] Meshing curve 11 (Circle)
Info    : Done meshing 1D (Wall 0.0235273s, CPU 0.023519s)
Info    : Meshing 2D...
Info    : [  0%] Meshing surface 1 (Plane, Frontal-Delaunay)
Info    : [ 20%] Meshing surface 2 (Plane, Frontal-Delaunay)
Info    : [ 40%] Meshing surface 3 (BSpline surface, Frontal-Delaunay)
Info    : [ 60%] Meshing surface 4 (BSpline surface, Frontal-Delaunay)
Info    : [ 70%] Meshing surface 5 (Plane, Frontal-Delaunay)
Info    : [ 90%] Meshing surface 6 (Sphere, Frontal-Delaunay)
Info    : Done meshing 2D (Wall 0.725054s, CPU 0.724746s)
Info    : Meshing 3D...
Info    : 3D Meshing 2 volumes with 2 connected components
Info    : Tetrahedrizing 12455 nodes...
Info    : Done tetrahedrizing 12463 nodes (Wall 0.143689s, CPU 0.134698s)
Info    : Reconstructing mesh...
Info    :  - Creating surface mesh
Info    :  - Identifying boundary edges
Info    :  - Recovering boundary
Info    : Done reconstructing mesh (Wall 0.358286s, CPU 0.349275s)
Info    : Found volume 1
Info    : It. 0 - 0 nodes created - worst tet radius 1.04189 (nodes removed 0 0)
Info    : 3D refinement terminated (13066 nodes total):
Info    :  - 0 Delaunay cavities modified for star shapeness
Info    :  - 0 nodes could not be inserted
Info    :  - 41521 tetrahedra created in 0.0233249 sec. (1780117 tets/s)
Info    : 0 node relocations
Info    : Tetrahedrizing 133 nodes...
Info    : Done tetrahedrizing 141 nodes (Wall 0.000791817s, CPU 0s)
Info    : Reconstructing mesh...
Info    :  - Creating surface mesh
Info    :  - Identifying boundary edges
Info    :  - Recovering boundary
Info    : Done reconstructing mesh (Wall 0.00175535s, CPU 0.000765s)
Info    : Found volume 2
Info    : It. 0 - 0 nodes created - worst tet radius 3.20276 (nodes removed 0 0)
Info    : 3D refinement terminated (12666 nodes total):
Info    :  - 1 Delaunay cavities modified for star shapeness
Info    :  - 0 nodes could not be inserted
Info    :  - 485 tetrahedra created in 0.00292743 sec. (165674 tets/s)
Info    : 0 node relocations
Info    : Done meshing 3D (Wall 0.632252s, CPU 0.622232s)
Info    : Optimizing mesh...
Info    : Optimizing volume 1
Info    : Optimization starts (volume = 235.604) with worst = 0.007709 / average = 0.681347:
Info    : 0.00 < quality < 0.10 :       170 elements
Info    : 0.10 < quality < 0.20 :       411 elements
Info    : 0.20 < quality < 0.30 :       666 elements
Info    : 0.30 < quality < 0.40 :       910 elements
Info    : 0.40 < quality < 0.50 :      1502 elements
Info    : 0.50 < quality < 0.60 :      3786 elements
Info    : 0.60 < quality < 0.70 :     10195 elements
Info    : 0.70 < quality < 0.80 :     20599 elements
Info    : 0.80 < quality < 0.90 :      1875 elements
Info    : 0.90 < quality < 1.00 :      1407 elements
Info    : 1201 edge swaps, 14 node relocations (volume = 235.604): worst = 0.086052 / average = 0.697881 (Wall 0.014917s, CPU 0.014916s)
Info    : 1252 edge swaps, 15 node relocations (volume = 235.604): worst = 0.086052 / average = 0.69849 (Wall 0.0182118s, CPU 0.018209s)
Info    : No ill-shaped tets in the mesh :-)
Info    : 0.00 < quality < 0.10 :         1 elements
Info    : 0.10 < quality < 0.20 :         6 elements
Info    : 0.20 < quality < 0.30 :        12 elements
Info    : 0.30 < quality < 0.40 :       808 elements
Info    : 0.40 < quality < 0.50 :      1241 elements
Info    : 0.50 < quality < 0.60 :      3743 elements
Info    : 0.60 < quality < 0.70 :     10791 elements
Info    : 0.70 < quality < 0.80 :     20364 elements
Info    : 0.80 < quality < 0.90 :      1995 elements
Info    : 0.90 < quality < 1.00 :      1406 elements
Info    : Optimizing volume 2
Info    : Optimization starts (volume = 0.256602) with worst = 0.0503374 / average = 0.726463:
Info    : 0.00 < quality < 0.10 :         2 elements
Info    : 0.10 < quality < 0.20 :         4 elements
Info    : 0.20 < quality < 0.30 :         7 elements
Info    : 0.30 < quality < 0.40 :        15 elements
Info    : 0.40 < quality < 0.50 :        11 elements
Info    : 0.50 < quality < 0.60 :        33 elements
Info    : 0.60 < quality < 0.70 :        84 elements
Info    : 0.70 < quality < 0.80 :       164 elements
Info    : 0.80 < quality < 0.90 :       128 elements
Info    : 0.90 < quality < 1.00 :        37 elements
Info    : 12 edge swaps, 0 node relocations (volume = 0.256602): worst = 0.268324 / average = 0.741631 (Wall 0.000150199s, CPU 0.000152s)
Info    : No ill-shaped tets in the mesh :-)
Info    : 0.00 < quality < 0.10 :         0 elements
Info    : 0.10 < quality < 0.20 :         0 elements
Info    : 0.20 < quality < 0.30 :         1 elements
Info    : 0.30 < quality < 0.40 :        15 elements
Info    : 0.40 < quality < 0.50 :         9 elements
Info    : 0.50 < quality < 0.60 :        31 elements
Info    : 0.60 < quality < 0.70 :        88 elements
Info    : 0.70 < quality < 0.80 :       160 elements
Info    : 0.80 < quality < 0.90 :       133 elements
Info    : 0.90 < quality < 1.00 :        37 elements
Info    : Done optimizing mesh (Wall 0.0418798s, CPU 0.04187s)
Info    : 13463 nodes 67287 elements
Info    : Meshing order 2 (curvilinear on)...
Info    : [  0%] Meshing curve 1 order 2
Info    : [ 10%] Meshing curve 2 order 2
Info    : [ 20%] Meshing curve 3 order 2
Info    : [ 20%] Meshing curve 4 order 2
Info    : [ 30%] Meshing curve 5 order 2
Info    : [ 30%] Meshing curve 6 order 2
Info    : [ 40%] Meshing curve 7 order 2
Info    : [ 40%] Meshing curve 8 order 2
Info    : [ 50%] Meshing curve 9 order 2
Info    : [ 50%] Meshing curve 10 order 2
Info    : [ 60%] Meshing curve 11 order 2
Info    : [ 60%] Meshing curve 12 order 2
Info    : [ 70%] Meshing surface 1 order 2
Info    : [ 70%] Meshing surface 2 order 2
Info    : [ 80%] Meshing surface 3 order 2
Info    : [ 80%] Meshing surface 4 order 2
Info    : [ 90%] Meshing surface 5 order 2
Info    : [ 90%] Meshing surface 6 order 2
Info    : [100%] Meshing volume 1 order 2
Info    : [100%] Meshing volume 2 order 2
Info    : Surface mesh: worst distortion = 0.797589 (0 elements in ]0, 0.2]); worst gamma = 0.231272
Info    : Volume mesh: worst distortion = 0.254107 (0 elements in ]0, 0.2])
Info    : Done meshing order 2 (Wall 14.4408s, CPU 14.4358s)
Info    : Writing '/home/user/mscr-mom/현서/scripts/contact_scenarios/fea/matv2_mesh_PST750_phiN120_b0_s88.inp'...
Info    : Done writing '/home/user/mscr-mom/현서/scripts/contact_scenarios/fea/matv2_mesh_PST750_phiN120_b0_s88.inp'
  [PST750_phiN120_b0] [실패] (897.0s)
[PST750_phiN120_b0 7/8] L_M=75.0, phi=-120.0, beta=0.0, s=92.5mm, push_depth=0.1mm ...
Info    : Meshing 1D...
Info    : [  0%] Meshing curve 1 (BSpline)
Info    : [ 10%] Meshing curve 2 (Ellipse)
Info    : [ 20%] Meshing curve 3 (Ellipse)
Info    : [ 30%] Meshing curve 4 (BSpline)
Info    : [ 40%] Meshing curve 5 (BSpline)
Info    : [ 50%] Meshing curve 6 (BSpline)
Info    : [ 60%] Meshing curve 7 (BSpline)
Info    : [ 60%] Meshing curve 8 (BSpline)
Info    : [ 70%] Meshing curve 9 (BSpline)
Info    : [ 90%] Meshing curve 11 (Circle)
Info    : Done meshing 1D (Wall 0.0237108s, CPU 0.02368s)
Info    : Meshing 2D...
Info    : [  0%] Meshing surface 1 (Plane, Frontal-Delaunay)
Info    : [ 20%] Meshing surface 2 (Plane, Frontal-Delaunay)
Info    : [ 40%] Meshing surface 3 (BSpline surface, Frontal-Delaunay)
Info    : [ 60%] Meshing surface 4 (BSpline surface, Frontal-Delaunay)
Info    : [ 70%] Meshing surface 5 (Plane, Frontal-Delaunay)
Info    : [ 90%] Meshing surface 6 (Sphere, Frontal-Delaunay)
Info    : Done meshing 2D (Wall 0.717587s, CPU 0.717123s)
Info    : Meshing 3D...
Info    : 3D Meshing 2 volumes with 2 connected components
Info    : Tetrahedrizing 12455 nodes...
Info    : Done tetrahedrizing 12463 nodes (Wall 0.140747s, CPU 0.13174s)
Info    : Reconstructing mesh...
Info    :  - Creating surface mesh
Info    :  - Identifying boundary edges
Info    :  - Recovering boundary
Info    : Done reconstructing mesh (Wall 0.33223s, CPU 0.323207s)
Info    : Found volume 1
Info    : It. 0 - 0 nodes created - worst tet radius 1.04189 (nodes removed 0 0)
Info    : 3D refinement terminated (13064 nodes total):
Info    :  - 0 Delaunay cavities modified for star shapeness
Info    :  - 0 nodes could not be inserted
Info    :  - 41521 tetrahedra created in 0.0168348 sec. (2466377 tets/s)
Info    : 0 node relocations
Info    : Tetrahedrizing 131 nodes...
Info    : Done tetrahedrizing 139 nodes (Wall 0.000662521s, CPU 0.000662s)
Info    : Reconstructing mesh...
Info    :  - Creating surface mesh
Info    :  - Identifying boundary edges
Info    :  - Recovering boundary
Info    : Done reconstructing mesh (Wall 0.00151274s, CPU 0.001515s)
Info    : Found volume 2
Info    : It. 0 - 0 nodes created - worst tet radius 3.0565 (nodes removed 0 0)
Info    : 3D refinement terminated (12663 nodes total):
Info    :  - 1 Delaunay cavities modified for star shapeness
Info    :  - 0 nodes could not be inserted
Info    :  - 462 tetrahedra created in 0.00211366 sec. (218578 tets/s)
Info    : 0 node relocations
Info    : Done meshing 3D (Wall 0.574384s, CPU 0.565352s)
Info    : Optimizing mesh...
Info    : Optimizing volume 1
Info    : Optimization starts (volume = 235.604) with worst = 0.007709 / average = 0.681347:
Info    : 0.00 < quality < 0.10 :       170 elements
Info    : 0.10 < quality < 0.20 :       411 elements
Info    : 0.20 < quality < 0.30 :       666 elements
Info    : 0.30 < quality < 0.40 :       910 elements
Info    : 0.40 < quality < 0.50 :      1502 elements
Info    : 0.50 < quality < 0.60 :      3786 elements
Info    : 0.60 < quality < 0.70 :     10195 elements
Info    : 0.70 < quality < 0.80 :     20599 elements
Info    : 0.80 < quality < 0.90 :      1875 elements
Info    : 0.90 < quality < 1.00 :      1407 elements
Info    : 1201 edge swaps, 14 node relocations (volume = 235.604): worst = 0.086052 / average = 0.697881 (Wall 0.0106729s, CPU 0.010672s)
Info    : 1252 edge swaps, 15 node relocations (volume = 235.604): worst = 0.086052 / average = 0.69849 (Wall 0.0130573s, CPU 0.013059s)
Info    : No ill-shaped tets in the mesh :-)
Info    : 0.00 < quality < 0.10 :         1 elements
Info    : 0.10 < quality < 0.20 :         6 elements
Info    : 0.20 < quality < 0.30 :        12 elements
Info    : 0.30 < quality < 0.40 :       808 elements
Info    : 0.40 < quality < 0.50 :      1241 elements
Info    : 0.50 < quality < 0.60 :      3743 elements
Info    : 0.60 < quality < 0.70 :     10791 elements
Info    : 0.70 < quality < 0.80 :     20364 elements
Info    : 0.80 < quality < 0.90 :      1995 elements
Info    : 0.90 < quality < 1.00 :      1406 elements
Info    : Optimizing volume 2
Info    : Optimization starts (volume = 0.25632) with worst = 0.118609 / average = 0.744216:
Info    : 0.00 < quality < 0.10 :         0 elements
Info    : 0.10 < quality < 0.20 :         2 elements
Info    : 0.20 < quality < 0.30 :         4 elements
Info    : 0.30 < quality < 0.40 :         8 elements
Info    : 0.40 < quality < 0.50 :        10 elements
Info    : 0.50 < quality < 0.60 :        18 elements
Info    : 0.60 < quality < 0.70 :        87 elements
Info    : 0.70 < quality < 0.80 :       182 elements
Info    : 0.80 < quality < 0.90 :       116 elements
Info    : 0.90 < quality < 1.00 :        35 elements
Info    : 6 edge swaps, 0 node relocations (volume = 0.25632): worst = 0.332522 / average = 0.752665 (Wall 0.000116639s, CPU 0s)
Info    : No ill-shaped tets in the mesh :-)
Info    : 0.00 < quality < 0.10 :         0 elements
Info    : 0.10 < quality < 0.20 :         0 elements
Info    : 0.20 < quality < 0.30 :         0 elements
Info    : 0.30 < quality < 0.40 :         8 elements
Info    : 0.40 < quality < 0.50 :         9 elements
Info    : 0.50 < quality < 0.60 :        17 elements
Info    : 0.60 < quality < 0.70 :        87 elements
Info    : 0.70 < quality < 0.80 :       182 elements
Info    : 0.80 < quality < 0.90 :       118 elements
Info    : 0.90 < quality < 1.00 :        35 elements
Info    : Done optimizing mesh (Wall 0.0341372s, CPU 0.033232s)
Info    : 13460 nodes 67265 elements
Info    : Meshing order 2 (curvilinear on)...
Info    : [  0%] Meshing curve 1 order 2
Info    : [ 10%] Meshing curve 2 order 2
Info    : [ 20%] Meshing curve 3 order 2
Info    : [ 20%] Meshing curve 4 order 2
Info    : [ 30%] Meshing curve 5 order 2
Info    : [ 30%] Meshing curve 6 order 2
Info    : [ 40%] Meshing curve 7 order 2
Info    : [ 40%] Meshing curve 8 order 2
Info    : [ 50%] Meshing curve 9 order 2
Info    : [ 50%] Meshing curve 10 order 2
Info    : [ 60%] Meshing curve 11 order 2
Info    : [ 60%] Meshing curve 12 order 2
Info    : [ 70%] Meshing surface 1 order 2
Info    : [ 70%] Meshing surface 2 order 2
Info    : [ 80%] Meshing surface 3 order 2
Info    : [ 80%] Meshing surface 4 order 2
Info    : [ 90%] Meshing surface 5 order 2
Info    : [ 90%] Meshing surface 6 order 2
Info    : [100%] Meshing volume 1 order 2
Info    : [100%] Meshing volume 2 order 2
Info    : Surface mesh: worst distortion = 0.797589 (0 elements in ]0, 0.2]); worst gamma = 0.354265
Info    : Volume mesh: worst distortion = 0.254107 (0 elements in ]0, 0.2])
Info    : Done meshing order 2 (Wall 15.0437s, CPU 15.0111s)
Info    : Writing '/home/user/mscr-mom/현서/scripts/contact_scenarios/fea/matv2_mesh_PST750_phiN120_b0_s92.inp'...
Info    : Done writing '/home/user/mscr-mom/현서/scripts/contact_scenarios/fea/matv2_mesh_PST750_phiN120_b0_s92.inp'
  [PST750_phiN120_b0] [실패] (768.9s)
[PST750_phiN120_b0 8/8] L_M=75.0, phi=-120.0, beta=0.0, s=97.5mm, push_depth=0.1mm ...
Info    : Meshing 1D...
Info    : [  0%] Meshing curve 1 (BSpline)
Info    : [ 10%] Meshing curve 2 (Ellipse)
Info    : [ 20%] Meshing curve 3 (Ellipse)
Info    : [ 30%] Meshing curve 4 (BSpline)
Info    : [ 40%] Meshing curve 5 (BSpline)
Info    : [ 50%] Meshing curve 6 (BSpline)
Info    : [ 60%] Meshing curve 7 (BSpline)
Info    : [ 60%] Meshing curve 8 (BSpline)
Info    : [ 70%] Meshing curve 9 (BSpline)
Info    : [ 90%] Meshing curve 11 (Circle)
Info    : Done meshing 1D (Wall 0.0232892s, CPU 0.023261s)
Info    : Meshing 2D...
Info    : [  0%] Meshing surface 1 (Plane, Frontal-Delaunay)
Info    : [ 20%] Meshing surface 2 (Plane, Frontal-Delaunay)
Info    : [ 40%] Meshing surface 3 (BSpline surface, Frontal-Delaunay)
Info    : [ 60%] Meshing surface 4 (BSpline surface, Frontal-Delaunay)
Info    : [ 70%] Meshing surface 5 (Plane, Frontal-Delaunay)
Info    : [ 90%] Meshing surface 6 (Sphere, Frontal-Delaunay)
Info    : Done meshing 2D (Wall 0.664176s, CPU 0.664146s)
Info    : Meshing 3D...
Info    : 3D Meshing 2 volumes with 2 connected components
Info    : Tetrahedrizing 12455 nodes...
Info    : Done tetrahedrizing 12463 nodes (Wall 0.141399s, CPU 0.135407s)
Info    : Reconstructing mesh...
Info    :  - Creating surface mesh
Info    :  - Identifying boundary edges
Info    :  - Recovering boundary
Info    : Done reconstructing mesh (Wall 0.33655s, CPU 0.330265s)
Info    : Found volume 1
Info    : It. 0 - 0 nodes created - worst tet radius 1.04189 (nodes removed 0 0)
Info    : 3D refinement terminated (13067 nodes total):
Info    :  - 0 Delaunay cavities modified for star shapeness
Info    :  - 0 nodes could not be inserted
Info    :  - 41521 tetrahedra created in 0.0193906 sec. (2141299 tets/s)
Info    : 0 node relocations
Info    : Tetrahedrizing 134 nodes...
Info    : Done tetrahedrizing 142 nodes (Wall 0.000730953s, CPU 0.000731s)
Info    : Reconstructing mesh...
Info    :  - Creating surface mesh
Info    :  - Identifying boundary edges
Info    :  - Recovering boundary
Info    : Done reconstructing mesh (Wall 0.00163067s, CPU 0.001632s)
Info    : Found volume 2
Info    : It. 0 - 0 nodes created - worst tet radius 3.143 (nodes removed 0 0)
Info    : 3D refinement terminated (12674 nodes total):
Info    :  - 0 Delaunay cavities modified for star shapeness
Info    :  - 0 nodes could not be inserted
Info    :  - 534 tetrahedra created in 0.00258532 sec. (206550 tets/s)
Info    : 0 node relocations
Info    : Done meshing 3D (Wall 0.616601s, CPU 0.610304s)
Info    : Optimizing mesh...
Info    : Optimizing volume 1
Info    : Optimization starts (volume = 235.604) with worst = 0.007709 / average = 0.681347:
Info    : 0.00 < quality < 0.10 :       170 elements
Info    : 0.10 < quality < 0.20 :       411 elements
Info    : 0.20 < quality < 0.30 :       666 elements
Info    : 0.30 < quality < 0.40 :       910 elements
Info    : 0.40 < quality < 0.50 :      1502 elements
Info    : 0.50 < quality < 0.60 :      3786 elements
Info    : 0.60 < quality < 0.70 :     10195 elements
Info    : 0.70 < quality < 0.80 :     20599 elements
Info    : 0.80 < quality < 0.90 :      1875 elements
Info    : 0.90 < quality < 1.00 :      1407 elements
Info    : 1201 edge swaps, 14 node relocations (volume = 235.604): worst = 0.086052 / average = 0.697881 (Wall 0.0139321s, CPU 0.013921s)
Info    : 1252 edge swaps, 15 node relocations (volume = 235.604): worst = 0.086052 / average = 0.69849 (Wall 0.0173311s, CPU 0.016328s)
Info    : No ill-shaped tets in the mesh :-)
Info    : 0.00 < quality < 0.10 :         1 elements
Info    : 0.10 < quality < 0.20 :         6 elements
Info    : 0.20 < quality < 0.30 :        12 elements
Info    : 0.30 < quality < 0.40 :       808 elements
Info    : 0.40 < quality < 0.50 :      1241 elements
Info    : 0.50 < quality < 0.60 :      3743 elements
Info    : 0.60 < quality < 0.70 :     10791 elements
Info    : 0.70 < quality < 0.80 :     20364 elements
Info    : 0.80 < quality < 0.90 :      1995 elements
Info    : 0.90 < quality < 1.00 :      1406 elements
Info    : Optimizing volume 2
Info    : Optimization starts (volume = 0.256538) with worst = 0.101893 / average = 0.743654:
Info    : 0.00 < quality < 0.10 :         0 elements
Info    : 0.10 < quality < 0.20 :         1 elements
Info    : 0.20 < quality < 0.30 :         7 elements
Info    : 0.30 < quality < 0.40 :        13 elements
Info    : 0.40 < quality < 0.50 :        23 elements
Info    : 0.50 < quality < 0.60 :        34 elements
Info    : 0.60 < quality < 0.70 :        73 elements
Info    : 0.70 < quality < 0.80 :       167 elements
Info    : 0.80 < quality < 0.90 :       161 elements
Info    : 0.90 < quality < 1.00 :        55 elements
Info    : 7 edge swaps, 1 node relocations (volume = 0.256538): worst = 0.27667 / average = 0.753543 (Wall 0.000126373s, CPU 0.00013s)
Info    : No ill-shaped tets in the mesh :-)
Info    : 0.00 < quality < 0.10 :         0 elements
Info    : 0.10 < quality < 0.20 :         0 elements
Info    : 0.20 < quality < 0.30 :         1 elements
Info    : 0.30 < quality < 0.40 :        12 elements
Info    : 0.40 < quality < 0.50 :        22 elements
Info    : 0.50 < quality < 0.60 :        31 elements
Info    : 0.60 < quality < 0.70 :        73 elements
Info    : 0.70 < quality < 0.80 :       170 elements
Info    : 0.80 < quality < 0.90 :       163 elements
Info    : 0.90 < quality < 1.00 :        55 elements
Info    : Done optimizing mesh (Wall 0.0399708s, CPU 0.037972s)
Info    : 13471 nodes 67342 elements
Info    : Meshing order 2 (curvilinear on)...
Info    : [  0%] Meshing curve 1 order 2
Info    : [ 10%] Meshing curve 2 order 2
Info    : [ 20%] Meshing curve 3 order 2
Info    : [ 20%] Meshing curve 4 order 2
Info    : [ 30%] Meshing curve 5 order 2
Info    : [ 30%] Meshing curve 6 order 2
Info    : [ 40%] Meshing curve 7 order 2
Info    : [ 40%] Meshing curve 8 order 2
Info    : [ 50%] Meshing curve 9 order 2
Info    : [ 50%] Meshing curve 10 order 2
Info    : [ 60%] Meshing curve 11 order 2
Info    : [ 60%] Meshing curve 12 order 2
Info    : [ 70%] Meshing surface 1 order 2
Info    : [ 70%] Meshing surface 2 order 2
Info    : [ 80%] Meshing surface 3 order 2
Info    : [ 80%] Meshing surface 4 order 2
Info    : [ 90%] Meshing surface 5 order 2
Info    : [ 90%] Meshing surface 6 order 2
Info    : [100%] Meshing volume 1 order 2
Info    : [100%] Meshing volume 2 order 2
Info    : Surface mesh: worst distortion = 0.797589 (0 elements in ]0, 0.2]); worst gamma = 0.229008
Info    : Volume mesh: worst distortion = 0.254107 (0 elements in ]0, 0.2])
Info    : Done meshing order 2 (Wall 14.2002s, CPU 14.191s)
Info    : Writing '/home/user/mscr-mom/현서/scripts/contact_scenarios/fea/matv2_mesh_PST750_phiN120_b0_s98.inp'...
Info    : Done writing '/home/user/mscr-mom/현서/scripts/contact_scenarios/fea/matv2_mesh_PST750_phiN120_b0_s98.inp'
  [PST750_phiN120_b0] F_mag=0.0003mN  (146.4s)
[PST750_phiN120_b0] 완료: 1/8 성공
