[LM0_phiN150 1/10] L_M=0.0, phi=-150.0, s=10.0mm, push_depth=0.1mm ...
Info    : Meshing 1D...
Info    : [  0%] Meshing curve 1 (BSpline)
Info    : [ 10%] Meshing curve 2 (Ellipse)
Info    : [ 20%] Meshing curve 3 (Ellipse)
Info    : [ 30%] Meshing curve 4 (BSpline)
Info    : [ 40%] Meshing curve 5 (BSpline)
Info    : [ 50%] Meshing curve 6 (BSpline)
Info    : [ 60%] Meshing curve 7 (BSpline)
Info    : [ 60%] Meshing curve 8 (BSpline)
Info    : [ 70%] Meshing curve 9 (BSpline)
Info    : [ 90%] Meshing curve 11 (Circle)
Info    : Done meshing 1D (Wall 0.0128642s, CPU 0.012649s)
Info    : Meshing 2D...
Info    : [  0%] Meshing surface 1 (Plane, Frontal-Delaunay)
Info    : [ 20%] Meshing surface 2 (Plane, Frontal-Delaunay)
Info    : [ 40%] Meshing surface 3 (BSpline surface, Frontal-Delaunay)
Info    : [ 60%] Meshing surface 4 (BSpline surface, Frontal-Delaunay)
Info    : [ 70%] Meshing surface 5 (Plane, Frontal-Delaunay)
Info    : [ 90%] Meshing surface 6 (Sphere, Frontal-Delaunay)
Info    : Done meshing 2D (Wall 0.653486s, CPU 0.645675s)
Info    : Meshing 3D...
Info    : 3D Meshing 2 volumes with 2 connected components
Info    : Tetrahedrizing 12478 nodes...
Info    : Done tetrahedrizing 12486 nodes (Wall 0.163455s, CPU 0.153343s)
Info    : Reconstructing mesh...
Info    :  - Creating surface mesh
Info    :  - Identifying boundary edges
Info    :  - Recovering boundary
Info    : Done reconstructing mesh (Wall 0.421082s, CPU 0.389912s)
Info    : Found volume 1
Info    : It. 0 - 0 nodes created - worst tet radius 1.03849 (nodes removed 0 0)
Info    : It. 500 - 500 nodes created - worst tet radius 1.0009 (nodes removed 0 0)
Info    : 3D refinement terminated (13219 nodes total):
Info    :  - 0 Delaunay cavities modified for star shapeness
Info    :  - 0 nodes could not be inserted
Info    :  - 42683 tetrahedra created in 0.0338596 sec. (1260587 tets/s)
Info    : 0 node relocations
Info    : Tetrahedrizing 132 nodes...
Info    : Done tetrahedrizing 140 nodes (Wall 0.000756336s, CPU 0.000757s)
Info    : Reconstructing mesh...
Info    :  - Creating surface mesh
Info    :  - Identifying boundary edges
Info    :  - Recovering boundary
Info    : Done reconstructing mesh (Wall 0.00203665s, CPU 0.002013s)
Info    : Found volume 2
Info    : It. 0 - 0 nodes created - worst tet radius 3.1179 (nodes removed 0 0)
Info    : 3D refinement terminated (12687 nodes total):
Info    :  - 0 Delaunay cavities modified for star shapeness
Info    :  - 0 nodes could not be inserted
Info    :  - 460 tetrahedra created in 0.00306777 sec. (149946 tets/s)
Info    : 0 node relocations
Info    : Done meshing 3D (Wall 0.742301s, CPU 0.709994s)
Info    : Optimizing mesh...
Info    : Optimizing volume 1
Info    : Optimization starts (volume = 235.55) with worst = 0.00413071 / average = 0.682101:
Info    : 0.00 < quality < 0.10 :       202 elements
Info    : 0.10 < quality < 0.20 :       497 elements
Info    : 0.20 < quality < 0.30 :       777 elements
Info    : 0.30 < quality < 0.40 :      1066 elements
Info    : 0.40 < quality < 0.50 :      1705 elements
Info    : 0.50 < quality < 0.60 :      3513 elements
Info    : 0.60 < quality < 0.70 :      9903 elements
Info    : 0.70 < quality < 0.80 :     20781 elements
Info    : 0.80 < quality < 0.90 :      2454 elements
Info    : 0.90 < quality < 1.00 :      1785 elements
Info    : 1408 edge swaps, 25 node relocations (volume = 235.55): worst = 0.114588 / average = 0.70088 (Wall 0.0161685s, CPU 0.016156s)
Info    : 1474 edge swaps, 27 node relocations (volume = 235.55): worst = 0.167742 / average = 0.701658 (Wall 0.0191678s, CPU 0.018161s)
Info    : 1478 edge swaps, 27 node relocations (volume = 235.55): worst = 0.167742 / average = 0.701719 (Wall 0.0213031s, CPU 0.020297s)
Info    : No ill-shaped tets in the mesh :-)
Info    : 0.00 < quality < 0.10 :         0 elements
Info    : 0.10 < quality < 0.20 :         1 elements
Info    : 0.20 < quality < 0.30 :        28 elements
Info    : 0.30 < quality < 0.40 :       975 elements
Info    : 0.40 < quality < 0.50 :      1358 elements
Info    : 0.50 < quality < 0.60 :      3590 elements
Info    : 0.60 < quality < 0.70 :     10467 elements
Info    : 0.70 < quality < 0.80 :     20503 elements
Info    : 0.80 < quality < 0.90 :      2637 elements
Info    : 0.90 < quality < 1.00 :      1793 elements
Info    : Optimizing volume 2
Info    : Optimization starts (volume = 0.256431) with worst = 0.0459443 / average = 0.746179:
Info    : 0.00 < quality < 0.10 :         3 elements
Info    : 0.10 < quality < 0.20 :         1 elements
Info    : 0.20 < quality < 0.30 :         5 elements
Info    : 0.30 < quality < 0.40 :         4 elements
Info    : 0.40 < quality < 0.50 :        10 elements
Info    : 0.50 < quality < 0.60 :        23 elements
Info    : 0.60 < quality < 0.70 :        83 elements
Info    : 0.70 < quality < 0.80 :       163 elements
Info    : 0.80 < quality < 0.90 :       126 elements
Info    : 0.90 < quality < 1.00 :        42 elements
Info    : 9 edge swaps, 0 node relocations (volume = 0.256431): worst = 0.203025 / average = 0.758214 (Wall 0.000117808s, CPU 0.000118s)
Info    : 10 edge swaps, 0 node relocations (volume = 0.256431): worst = 0.337451 / average = 0.759571 (Wall 0.00015847s, CPU 0.000157s)
Info    : No ill-shaped tets in the mesh :-)
Info    : 0.00 < quality < 0.10 :         0 elements
Info    : 0.10 < quality < 0.20 :         0 elements
Info    : 0.20 < quality < 0.30 :         0 elements
Info    : 0.30 < quality < 0.40 :         4 elements
Info    : 0.40 < quality < 0.50 :         9 elements
Info    : 0.50 < quality < 0.60 :        22 elements
Info    : 0.60 < quality < 0.70 :        84 elements
Info    : 0.70 < quality < 0.80 :       159 elements
Info    : 0.80 < quality < 0.90 :       131 elements
Info    : 0.90 < quality < 1.00 :        42 elements
Info    : Done optimizing mesh (Wall 0.0467583s, CPU 0.04481s)
Info    : 13615 nodes 68262 elements
Info    : Meshing order 2 (curvilinear on)...
Info    : [  0%] Meshing curve 1 order 2
Info    : [ 10%] Meshing curve 2 order 2
Info    : [ 20%] Meshing curve 3 order 2
Info    : [ 20%] Meshing curve 4 order 2
Info    : [ 30%] Meshing curve 5 order 2
Info    : [ 30%] Meshing curve 6 order 2
Info    : [ 40%] Meshing curve 7 order 2
Info    : [ 40%] Meshing curve 8 order 2
Info    : [ 50%] Meshing curve 9 order 2
Info    : [ 50%] Meshing curve 10 order 2
Info    : [ 60%] Meshing curve 11 order 2
Info    : [ 60%] Meshing curve 12 order 2
Info    : [ 70%] Meshing surface 1 order 2
Info    : [ 70%] Meshing surface 2 order 2
Info    : [ 80%] Meshing surface 3 order 2
Info    : [ 80%] Meshing surface 4 order 2
Info    : [ 90%] Meshing surface 5 order 2
Info    : [ 90%] Meshing surface 6 order 2
Info    : [100%] Meshing volume 1 order 2
Info    : [100%] Meshing volume 2 order 2
Info    : Surface mesh: worst distortion = 0.797589 (0 elements in ]0, 0.2]); worst gamma = 0.688723
Info    : Volume mesh: worst distortion = 0.262055 (0 elements in ]0, 0.2])
Info    : Done meshing order 2 (Wall 7.63506s, CPU 7.63103s)
Info    : Writing '/home/user/mscr-mom/현서/scripts/contact_scenarios/fea/lmphi_mesh_LM0_phiN150_s10.inp'...
Info    : Done writing '/home/user/mscr-mom/현서/scripts/contact_scenarios/fea/lmphi_mesh_LM0_phiN150_s10.inp'
  [LM0_phiN150] F_mag=0.2075mN  (339.7s)
[LM0_phiN150 2/10] L_M=0.0, phi=-150.0, s=20.0mm, push_depth=0.1mm ...
Info    : Meshing 1D...
Info    : [  0%] Meshing curve 1 (BSpline)
Info    : [ 10%] Meshing curve 2 (Ellipse)
Info    : [ 20%] Meshing curve 3 (Ellipse)
Info    : [ 30%] Meshing curve 4 (BSpline)
Info    : [ 40%] Meshing curve 5 (BSpline)
Info    : [ 50%] Meshing curve 6 (BSpline)
Info    : [ 60%] Meshing curve 7 (BSpline)
Info    : [ 60%] Meshing curve 8 (BSpline)
Info    : [ 70%] Meshing curve 9 (BSpline)
Info    : [ 90%] Meshing curve 11 (Circle)
Info    : Done meshing 1D (Wall 0.0127884s, CPU 0.012738s)
Info    : Meshing 2D...
Info    : [  0%] Meshing surface 1 (Plane, Frontal-Delaunay)
Info    : [ 20%] Meshing surface 2 (Plane, Frontal-Delaunay)
Info    : [ 40%] Meshing surface 3 (BSpline surface, Frontal-Delaunay)
Info    : [ 60%] Meshing surface 4 (BSpline surface, Frontal-Delaunay)
Info    : [ 70%] Meshing surface 5 (Plane, Frontal-Delaunay)
Info    : [ 90%] Meshing surface 6 (Sphere, Frontal-Delaunay)
Info    : Done meshing 2D (Wall 0.680357s, CPU 0.680304s)
Info    : Meshing 3D...
Info    : 3D Meshing 2 volumes with 2 connected components
Info    : Tetrahedrizing 12478 nodes...
Info    : Done tetrahedrizing 12486 nodes (Wall 0.15172s, CPU 0.142489s)
Info    : Reconstructing mesh...
Info    :  - Creating surface mesh
Info    :  - Identifying boundary edges
Info    :  - Recovering boundary
Info    : Done reconstructing mesh (Wall 0.425896s, CPU 0.406618s)
Info    : Found volume 1
Info    : It. 0 - 0 nodes created - worst tet radius 1.03849 (nodes removed 0 0)
Info    : It. 500 - 500 nodes created - worst tet radius 1.0009 (nodes removed 0 0)
Info    : 3D refinement terminated (13218 nodes total):
Info    :  - 0 Delaunay cavities modified for star shapeness
Info    :  - 0 nodes could not be inserted
Info    :  - 42683 tetrahedra created in 0.0303071 sec. (1408349 tets/s)
Info    : 0 node relocations
Info    : Tetrahedrizing 131 nodes...
Info    : Done tetrahedrizing 139 nodes (Wall 0.000756399s, CPU 0.000756s)
Info    : Reconstructing mesh...
Info    :  - Creating surface mesh
Info    :  - Identifying boundary edges
Info    :  - Recovering boundary
Info    : Done reconstructing mesh (Wall 0.00191413s, CPU 0.001917s)
Info    : Found volume 2
Info    : It. 0 - 0 nodes created - worst tet radius 3.06881 (nodes removed 0 0)
Info    : 3D refinement terminated (12690 nodes total):
Info    :  - 0 Delaunay cavities modified for star shapeness
Info    :  - 0 nodes could not be inserted
Info    :  - 487 tetrahedra created in 0.00417385 sec. (116678 tets/s)
Info    : 0 node relocations
Info    : Done meshing 3D (Wall 0.740313s, CPU 0.720913s)
Info    : Optimizing mesh...
Info    : Optimizing volume 1
Info    : Optimization starts (volume = 235.55) with worst = 0.00413071 / average = 0.682101:
Info    : 0.00 < quality < 0.10 :       202 elements
Info    : 0.10 < quality < 0.20 :       497 elements
Info    : 0.20 < quality < 0.30 :       777 elements
Info    : 0.30 < quality < 0.40 :      1066 elements
Info    : 0.40 < quality < 0.50 :      1705 elements
Info    : 0.50 < quality < 0.60 :      3513 elements
Info    : 0.60 < quality < 0.70 :      9903 elements
Info    : 0.70 < quality < 0.80 :     20781 elements
Info    : 0.80 < quality < 0.90 :      2454 elements
Info    : 0.90 < quality < 1.00 :      1785 elements
Info    : 1408 edge swaps, 25 node relocations (volume = 235.55): worst = 0.114588 / average = 0.70088 (Wall 0.0180454s, CPU 0.018044s)
Info    : 1474 edge swaps, 27 node relocations (volume = 235.55): worst = 0.167742 / average = 0.701658 (Wall 0.0221225s, CPU 0.022122s)
Info    : 1478 edge swaps, 27 node relocations (volume = 235.55): worst = 0.167742 / average = 0.701719 (Wall 0.0251333s, CPU 0.025133s)
Info    : No ill-shaped tets in the mesh :-)
Info    : 0.00 < quality < 0.10 :         0 elements
Info    : 0.10 < quality < 0.20 :         1 elements
Info    : 0.20 < quality < 0.30 :        28 elements
Info    : 0.30 < quality < 0.40 :       975 elements
Info    : 0.40 < quality < 0.50 :      1358 elements
Info    : 0.50 < quality < 0.60 :      3590 elements
Info    : 0.60 < quality < 0.70 :     10467 elements
Info    : 0.70 < quality < 0.80 :     20503 elements
Info    : 0.80 < quality < 0.90 :      2637 elements
Info    : 0.90 < quality < 1.00 :      1793 elements
Info    : Optimizing volume 2
Info    : Optimization starts (volume = 0.256396) with worst = 0.168572 / average = 0.758843:
Info    : 0.00 < quality < 0.10 :         0 elements
Info    : 0.10 < quality < 0.20 :         3 elements
Info    : 0.20 < quality < 0.30 :         2 elements
Info    : 0.30 < quality < 0.40 :         5 elements
Info    : 0.40 < quality < 0.50 :        15 elements
Info    : 0.50 < quality < 0.60 :        15 elements
Info    : 0.60 < quality < 0.70 :        73 elements
Info    : 0.70 < quality < 0.80 :       179 elements
Info    : 0.80 < quality < 0.90 :       155 elements
Info    : 0.90 < quality < 1.00 :        40 elements
Info    : 5 edge swaps, 0 node relocations (volume = 0.256396): worst = 0.305897 / average = 0.766067 (Wall 0.000104218s, CPU 0.000107s)
Info    : No ill-shaped tets in the mesh :-)
Info    : 0.00 < quality < 0.10 :         0 elements
Info    : 0.10 < quality < 0.20 :         0 elements
Info    : 0.20 < quality < 0.30 :         0 elements
Info    : 0.30 < quality < 0.40 :         5 elements
Info    : 0.40 < quality < 0.50 :        14 elements
Info    : 0.50 < quality < 0.60 :        15 elements
Info    : 0.60 < quality < 0.70 :        70 elements
Info    : 0.70 < quality < 0.80 :       183 elements
Info    : 0.80 < quality < 0.90 :       155 elements
Info    : 0.90 < quality < 1.00 :        40 elements
Info    : Done optimizing mesh (Wall 0.0547515s, CPU 0.054749s)
Info    : 13618 nodes 68291 elements
Info    : Meshing order 2 (curvilinear on)...
Info    : [  0%] Meshing curve 1 order 2
Info    : [ 10%] Meshing curve 2 order 2
Info    : [ 20%] Meshing curve 3 order 2
Info    : [ 20%] Meshing curve 4 order 2
Info    : [ 30%] Meshing curve 5 order 2
Info    : [ 30%] Meshing curve 6 order 2
Info    : [ 40%] Meshing curve 7 order 2
Info    : [ 40%] Meshing curve 8 order 2
Info    : [ 50%] Meshing curve 9 order 2
Info    : [ 50%] Meshing curve 10 order 2
Info    : [ 60%] Meshing curve 11 order 2
Info    : [ 60%] Meshing curve 12 order 2
Info    : [ 70%] Meshing surface 1 order 2
Info    : [ 70%] Meshing surface 2 order 2
Info    : [ 80%] Meshing surface 3 order 2
Info    : [ 80%] Meshing surface 4 order 2
Info    : [ 90%] Meshing surface 5 order 2
Info    : [ 90%] Meshing surface 6 order 2
Info    : [100%] Meshing volume 1 order 2
Info    : [100%] Meshing volume 2 order 2
Info    : Surface mesh: worst distortion = 0.797589 (0 elements in ]0, 0.2]); worst gamma = 0.632589
Info    : Volume mesh: worst distortion = 0.262055 (0 elements in ]0, 0.2])
Info    : Done meshing order 2 (Wall 7.54127s, CPU 7.53776s)
Info    : Writing '/home/user/mscr-mom/현서/scripts/contact_scenarios/fea/lmphi_mesh_LM0_phiN150_s20.inp'...
Info    : Done writing '/home/user/mscr-mom/현서/scripts/contact_scenarios/fea/lmphi_mesh_LM0_phiN150_s20.inp'
  [LM0_phiN150] F_mag=0.0271mN  (141.0s)
[LM0_phiN150 3/10] L_M=0.0, phi=-150.0, s=30.0mm, push_depth=0.1mm ...
Info    : Meshing 1D...
Info    : [  0%] Meshing curve 1 (BSpline)
Info    : [ 10%] Meshing curve 2 (Ellipse)
Info    : [ 20%] Meshing curve 3 (Ellipse)
Info    : [ 30%] Meshing curve 4 (BSpline)
Info    : [ 40%] Meshing curve 5 (BSpline)
Info    : [ 50%] Meshing curve 6 (BSpline)
Info    : [ 60%] Meshing curve 7 (BSpline)
Info    : [ 60%] Meshing curve 8 (BSpline)
Info    : [ 70%] Meshing curve 9 (BSpline)
Info    : [ 90%] Meshing curve 11 (Circle)
Info    : Done meshing 1D (Wall 0.0129035s, CPU 0.01289s)
Info    : Meshing 2D...
Info    : [  0%] Meshing surface 1 (Plane, Frontal-Delaunay)
Info    : [ 20%] Meshing surface 2 (Plane, Frontal-Delaunay)
Info    : [ 40%] Meshing surface 3 (BSpline surface, Frontal-Delaunay)
Info    : [ 60%] Meshing surface 4 (BSpline surface, Frontal-Delaunay)
Info    : [ 70%] Meshing surface 5 (Plane, Frontal-Delaunay)
Info    : [ 90%] Meshing surface 6 (Sphere, Frontal-Delaunay)
Info    : Done meshing 2D (Wall 0.691933s, CPU 0.691774s)
Info    : Meshing 3D...
Info    : 3D Meshing 2 volumes with 2 connected components
Info    : Tetrahedrizing 12478 nodes...
Info    : Done tetrahedrizing 12486 nodes (Wall 0.150091s, CPU 0.144089s)
Info    : Reconstructing mesh...
Info    :  - Creating surface mesh
Info    :  - Identifying boundary edges
Info    :  - Recovering boundary
Info    : Done reconstructing mesh (Wall 0.371556s, CPU 0.356488s)
Info    : Found volume 1
Info    : It. 0 - 0 nodes created - worst tet radius 1.03849 (nodes removed 0 0)
Info    : It. 500 - 500 nodes created - worst tet radius 1.0009 (nodes removed 0 0)
Info    : 3D refinement terminated (13219 nodes total):
Info    :  - 0 Delaunay cavities modified for star shapeness
Info    :  - 0 nodes could not be inserted
Info    :  - 42683 tetrahedra created in 0.0332137 sec. (1285101 tets/s)
Info    : 0 node relocations
Info    : Tetrahedrizing 132 nodes...
Info    : Done tetrahedrizing 140 nodes (Wall 0.000838244s, CPU 0.000837s)
Info    : Reconstructing mesh...
Info    :  - Creating surface mesh
Info    :  - Identifying boundary edges
Info    :  - Recovering boundary
Info    : Done reconstructing mesh (Wall 0.00191855s, CPU 0.001922s)
Info    : Found volume 2
Info    : It. 0 - 0 nodes created - worst tet radius 3.03555 (nodes removed 0 0)
Info    : 3D refinement terminated (12685 nodes total):
Info    :  - 0 Delaunay cavities modified for star shapeness
Info    :  - 0 nodes could not be inserted
Info    :  - 449 tetrahedra created in 0.00370396 sec. (121221 tets/s)
Info    : 0 node relocations
Info    : Done meshing 3D (Wall 0.681129s, CPU 0.666049s)
Info    : Optimizing mesh...
Info    : Optimizing volume 1
Info    : Optimization starts (volume = 235.55) with worst = 0.00413071 / average = 0.682101:
Info    : 0.00 < quality < 0.10 :       202 elements
Info    : 0.10 < quality < 0.20 :       497 elements
Info    : 0.20 < quality < 0.30 :       777 elements
Info    : 0.30 < quality < 0.40 :      1066 elements
Info    : 0.40 < quality < 0.50 :      1705 elements
Info    : 0.50 < quality < 0.60 :      3513 elements
Info    : 0.60 < quality < 0.70 :      9903 elements
Info    : 0.70 < quality < 0.80 :     20781 elements
Info    : 0.80 < quality < 0.90 :      2454 elements
Info    : 0.90 < quality < 1.00 :      1785 elements
Info    : 1408 edge swaps, 25 node relocations (volume = 235.55): worst = 0.114588 / average = 0.70088 (Wall 0.020662s, CPU 0.02066s)
Info    : 1474 edge swaps, 27 node relocations (volume = 235.55): worst = 0.167742 / average = 0.701658 (Wall 0.0250789s, CPU 0.025079s)
Info    : 1478 edge swaps, 27 node relocations (volume = 235.55): worst = 0.167742 / average = 0.701719 (Wall 0.0283352s, CPU 0.028336s)
Info    : No ill-shaped tets in the mesh :-)
Info    : 0.00 < quality < 0.10 :         0 elements
Info    : 0.10 < quality < 0.20 :         1 elements
Info    : 0.20 < quality < 0.30 :        28 elements
Info    : 0.30 < quality < 0.40 :       975 elements
Info    : 0.40 < quality < 0.50 :      1358 elements
Info    : 0.50 < quality < 0.60 :      3590 elements
Info    : 0.60 < quality < 0.70 :     10467 elements
Info    : 0.70 < quality < 0.80 :     20503 elements
Info    : 0.80 < quality < 0.90 :      2637 elements
Info    : 0.90 < quality < 1.00 :      1793 elements
Info    : Optimizing volume 2
Info    : Optimization starts (volume = 0.256432) with worst = 0.0830088 / average = 0.734543:
Info    : 0.00 < quality < 0.10 :         1 elements
Info    : 0.10 < quality < 0.20 :         1 elements
Info    : 0.20 < quality < 0.30 :         3 elements
Info    : 0.30 < quality < 0.40 :        14 elements
Info    : 0.40 < quality < 0.50 :        13 elements
Info    : 0.50 < quality < 0.60 :        22 elements
Info    : 0.60 < quality < 0.70 :        83 elements
Info    : 0.70 < quality < 0.80 :       182 elements
Info    : 0.80 < quality < 0.90 :        85 elements
Info    : 0.90 < quality < 1.00 :        45 elements
Info    : 5 edge swaps, 0 node relocations (volume = 0.256432): worst = 0.301156 / average = 0.740424 (Wall 0.000112611s, CPU 0.000115s)
Info    : No ill-shaped tets in the mesh :-)
Info    : 0.00 < quality < 0.10 :         0 elements
Info    : 0.10 < quality < 0.20 :         0 elements
Info    : 0.20 < quality < 0.30 :         0 elements
Info    : 0.30 < quality < 0.40 :        14 elements
Info    : 0.40 < quality < 0.50 :        12 elements
Info    : 0.50 < quality < 0.60 :        23 elements
Info    : 0.60 < quality < 0.70 :        85 elements
Info    : 0.70 < quality < 0.80 :       182 elements
Info    : 0.80 < quality < 0.90 :        84 elements
Info    : 0.90 < quality < 1.00 :        45 elements
Info    : Done optimizing mesh (Wall 0.0648945s, CPU 0.062934s)
Info    : 13613 nodes 68256 elements
Info    : Meshing order 2 (curvilinear on)...
Info    : [  0%] Meshing curve 1 order 2
Info    : [ 10%] Meshing curve 2 order 2
Info    : [ 20%] Meshing curve 3 order 2
Info    : [ 20%] Meshing curve 4 order 2
Info    : [ 30%] Meshing curve 5 order 2
Info    : [ 30%] Meshing curve 6 order 2
Info    : [ 40%] Meshing curve 7 order 2
Info    : [ 40%] Meshing curve 8 order 2
Info    : [ 50%] Meshing curve 9 order 2
Info    : [ 50%] Meshing curve 10 order 2
Info    : [ 60%] Meshing curve 11 order 2
Info    : [ 60%] Meshing curve 12 order 2
Info    : [ 70%] Meshing surface 1 order 2
Info    : [ 70%] Meshing surface 2 order 2
Info    : [ 80%] Meshing surface 3 order 2
Info    : [ 80%] Meshing surface 4 order 2
Info    : [ 90%] Meshing surface 5 order 2
Info    : [ 90%] Meshing surface 6 order 2
Info    : [100%] Meshing volume 1 order 2
Info    : [100%] Meshing volume 2 order 2
Info    : Surface mesh: worst distortion = 0.797589 (0 elements in ]0, 0.2]); worst gamma = 0.50915
Info    : Volume mesh: worst distortion = 0.262055 (0 elements in ]0, 0.2])
Info    : Done meshing order 2 (Wall 7.62483s, CPU 7.62293s)
Info    : Writing '/home/user/mscr-mom/현서/scripts/contact_scenarios/fea/lmphi_mesh_LM0_phiN150_s30.inp'...
Info    : Done writing '/home/user/mscr-mom/현서/scripts/contact_scenarios/fea/lmphi_mesh_LM0_phiN150_s30.inp'
  [LM0_phiN150] F_mag=0.0077mN  (766.5s)
[LM0_phiN150 4/10] L_M=0.0, phi=-150.0, s=40.0mm, push_depth=0.1mm ...
Info    : Meshing 1D...
Info    : [  0%] Meshing curve 1 (BSpline)
Info    : [ 10%] Meshing curve 2 (Ellipse)
Info    : [ 20%] Meshing curve 3 (Ellipse)
Info    : [ 30%] Meshing curve 4 (BSpline)
Info    : [ 40%] Meshing curve 5 (BSpline)
Info    : [ 50%] Meshing curve 6 (BSpline)
Info    : [ 60%] Meshing curve 7 (BSpline)
Info    : [ 60%] Meshing curve 8 (BSpline)
Info    : [ 70%] Meshing curve 9 (BSpline)
Info    : [ 90%] Meshing curve 11 (Circle)
Info    : Done meshing 1D (Wall 0.0128639s, CPU 0.012795s)
Info    : Meshing 2D...
Info    : [  0%] Meshing surface 1 (Plane, Frontal-Delaunay)
Info    : [ 20%] Meshing surface 2 (Plane, Frontal-Delaunay)
Info    : [ 40%] Meshing surface 3 (BSpline surface, Frontal-Delaunay)
Info    : [ 60%] Meshing surface 4 (BSpline surface, Frontal-Delaunay)
Info    : [ 70%] Meshing surface 5 (Plane, Frontal-Delaunay)
Info    : [ 90%] Meshing surface 6 (Sphere, Frontal-Delaunay)
Info    : Done meshing 2D (Wall 0.660583s, CPU 0.659403s)
Info    : Meshing 3D...
Info    : 3D Meshing 2 volumes with 2 connected components
Info    : Tetrahedrizing 12478 nodes...
Info    : Done tetrahedrizing 12486 nodes (Wall 0.150392s, CPU 0.14741s)
Info    : Reconstructing mesh...
Info    :  - Creating surface mesh
Info    :  - Identifying boundary edges
Info    :  - Recovering boundary
Info    : Done reconstructing mesh (Wall 0.391348s, CPU 0.383349s)
Info    : Found volume 1
Info    : It. 0 - 0 nodes created - worst tet radius 1.03849 (nodes removed 0 0)
Info    : It. 500 - 500 nodes created - worst tet radius 1.0009 (nodes removed 0 0)
Info    : 3D refinement terminated (13219 nodes total):
Info    :  - 0 Delaunay cavities modified for star shapeness
Info    :  - 0 nodes could not be inserted
Info    :  - 42683 tetrahedra created in 0.0339979 sec. (1255458 tets/s)
Info    : 0 node relocations
Info    : Tetrahedrizing 132 nodes...
Info    : Done tetrahedrizing 140 nodes (Wall 0.000751374s, CPU 0.000751s)
Info    : Reconstructing mesh...
Info    :  - Creating surface mesh
Info    :  - Identifying boundary edges
Info    :  - Recovering boundary
Info    : Done reconstructing mesh (Wall 0.00192983s, CPU 0.001932s)
Info    : Found volume 2
Info    : It. 0 - 0 nodes created - worst tet radius 3.03555 (nodes removed 0 0)
Info    : 3D refinement terminated (12685 nodes total):
Info    :  - 0 Delaunay cavities modified for star shapeness
Info    :  - 0 nodes could not be inserted
Info    :  - 449 tetrahedra created in 0.00390086 sec. (115102 tets/s)
Info    : 0 node relocations
Info    : Done meshing 3D (Wall 0.714634s, CPU 0.705046s)
Info    : Optimizing mesh...
Info    : Optimizing volume 1
Info    : Optimization starts (volume = 235.55) with worst = 0.00413071 / average = 0.682101:
Info    : 0.00 < quality < 0.10 :       202 elements
Info    : 0.10 < quality < 0.20 :       497 elements
Info    : 0.20 < quality < 0.30 :       777 elements
Info    : 0.30 < quality < 0.40 :      1066 elements
Info    : 0.40 < quality < 0.50 :      1705 elements
Info    : 0.50 < quality < 0.60 :      3513 elements
Info    : 0.60 < quality < 0.70 :      9903 elements
Info    : 0.70 < quality < 0.80 :     20781 elements
Info    : 0.80 < quality < 0.90 :      2454 elements
Info    : 0.90 < quality < 1.00 :      1785 elements
Info    : 1408 edge swaps, 25 node relocations (volume = 235.55): worst = 0.114588 / average = 0.70088 (Wall 0.0174854s, CPU 0.017485s)
Info    : 1474 edge swaps, 27 node relocations (volume = 235.55): worst = 0.167742 / average = 0.701658 (Wall 0.021412s, CPU 0.021413s)
Info    : 1478 edge swaps, 27 node relocations (volume = 235.55): worst = 0.167742 / average = 0.701719 (Wall 0.0242456s, CPU 0.024247s)
Info    : No ill-shaped tets in the mesh :-)
Info    : 0.00 < quality < 0.10 :         0 elements
Info    : 0.10 < quality < 0.20 :         1 elements
Info    : 0.20 < quality < 0.30 :        28 elements
Info    : 0.30 < quality < 0.40 :       975 elements
Info    : 0.40 < quality < 0.50 :      1358 elements
Info    : 0.50 < quality < 0.60 :      3590 elements
Info    : 0.60 < quality < 0.70 :     10467 elements
Info    : 0.70 < quality < 0.80 :     20503 elements
Info    : 0.80 < quality < 0.90 :      2637 elements
Info    : 0.90 < quality < 1.00 :      1793 elements
Info    : Optimizing volume 2
Info    : Optimization starts (volume = 0.256432) with worst = 0.0830088 / average = 0.734543:
Info    : 0.00 < quality < 0.10 :         1 elements
Info    : 0.10 < quality < 0.20 :         1 elements
Info    : 0.20 < quality < 0.30 :         3 elements
Info    : 0.30 < quality < 0.40 :        14 elements
Info    : 0.40 < quality < 0.50 :        13 elements
Info    : 0.50 < quality < 0.60 :        22 elements
Info    : 0.60 < quality < 0.70 :        83 elements
Info    : 0.70 < quality < 0.80 :       182 elements
Info    : 0.80 < quality < 0.90 :        85 elements
Info    : 0.90 < quality < 1.00 :        45 elements
Info    : 5 edge swaps, 0 node relocations (volume = 0.256432): worst = 0.301156 / average = 0.740424 (Wall 9.3142e-05s, CPU 9.4e-05s)
Info    : No ill-shaped tets in the mesh :-)
Info    : 0.00 < quality < 0.10 :         0 elements
Info    : 0.10 < quality < 0.20 :         0 elements
Info    : 0.20 < quality < 0.30 :         0 elements
Info    : 0.30 < quality < 0.40 :        14 elements
Info    : 0.40 < quality < 0.50 :        12 elements
Info    : 0.50 < quality < 0.60 :        23 elements
Info    : 0.60 < quality < 0.70 :        85 elements
Info    : 0.70 < quality < 0.80 :       182 elements
Info    : 0.80 < quality < 0.90 :        84 elements
Info    : 0.90 < quality < 1.00 :        45 elements
Info    : Done optimizing mesh (Wall 0.0538476s, CPU 0.053847s)
Info    : 13613 nodes 68256 elements
Info    : Meshing order 2 (curvilinear on)...
Info    : [  0%] Meshing curve 1 order 2
Info    : [ 10%] Meshing curve 2 order 2
Info    : [ 20%] Meshing curve 3 order 2
Info    : [ 20%] Meshing curve 4 order 2
Info    : [ 30%] Meshing curve 5 order 2
Info    : [ 30%] Meshing curve 6 order 2
Info    : [ 40%] Meshing curve 7 order 2
Info    : [ 40%] Meshing curve 8 order 2
Info    : [ 50%] Meshing curve 9 order 2
Info    : [ 50%] Meshing curve 10 order 2
Info    : [ 60%] Meshing curve 11 order 2
Info    : [ 60%] Meshing curve 12 order 2
Info    : [ 70%] Meshing surface 1 order 2
Info    : [ 70%] Meshing surface 2 order 2
Info    : [ 80%] Meshing surface 3 order 2
Info    : [ 80%] Meshing surface 4 order 2
Info    : [ 90%] Meshing surface 5 order 2
Info    : [ 90%] Meshing surface 6 order 2
Info    : [100%] Meshing volume 1 order 2
Info    : [100%] Meshing volume 2 order 2
Info    : Surface mesh: worst distortion = 0.797589 (0 elements in ]0, 0.2]); worst gamma = 0.50915
Info    : Volume mesh: worst distortion = 0.262055 (0 elements in ]0, 0.2])
Info    : Done meshing order 2 (Wall 7.58282s, CPU 7.5823s)
Info    : Writing '/home/user/mscr-mom/현서/scripts/contact_scenarios/fea/lmphi_mesh_LM0_phiN150_s40.inp'...
Info    : Done writing '/home/user/mscr-mom/현서/scripts/contact_scenarios/fea/lmphi_mesh_LM0_phiN150_s40.inp'
  [LM0_phiN150] [실패] (841.2s)
[LM0_phiN150 5/10] L_M=0.0, phi=-150.0, s=50.0mm, push_depth=0.1mm ...
Info    : Meshing 1D...
Info    : [  0%] Meshing curve 1 (BSpline)
Info    : [ 10%] Meshing curve 2 (Ellipse)
Info    : [ 20%] Meshing curve 3 (Ellipse)
Info    : [ 30%] Meshing curve 4 (BSpline)
Info    : [ 40%] Meshing curve 5 (BSpline)
Info    : [ 50%] Meshing curve 6 (BSpline)
Info    : [ 60%] Meshing curve 7 (BSpline)
Info    : [ 60%] Meshing curve 8 (BSpline)
Info    : [ 70%] Meshing curve 9 (BSpline)
Info    : [ 90%] Meshing curve 11 (Circle)
Info    : Done meshing 1D (Wall 0.0129522s, CPU 0.012904s)
Info    : Meshing 2D...
Info    : [  0%] Meshing surface 1 (Plane, Frontal-Delaunay)
Info    : [ 20%] Meshing surface 2 (Plane, Frontal-Delaunay)
Info    : [ 40%] Meshing surface 3 (BSpline surface, Frontal-Delaunay)
Info    : [ 60%] Meshing surface 4 (BSpline surface, Frontal-Delaunay)
Info    : [ 70%] Meshing surface 5 (Plane, Frontal-Delaunay)
Info    : [ 90%] Meshing surface 6 (Sphere, Frontal-Delaunay)
Info    : Done meshing 2D (Wall 0.674259s, CPU 0.674215s)
Info    : Meshing 3D...
Info    : 3D Meshing 2 volumes with 2 connected components
Info    : Tetrahedrizing 12478 nodes...
Info    : Done tetrahedrizing 12486 nodes (Wall 0.150046s, CPU 0.144573s)
Info    : Reconstructing mesh...
Info    :  - Creating surface mesh
Info    :  - Identifying boundary edges
Info    :  - Recovering boundary
Info    : Done reconstructing mesh (Wall 0.402834s, CPU 0.386361s)
Info    : Found volume 1
Info    : It. 0 - 0 nodes created - worst tet radius 1.03849 (nodes removed 0 0)
Info    : It. 500 - 500 nodes created - worst tet radius 1.0009 (nodes removed 0 0)
Info    : 3D refinement terminated (13219 nodes total):
Info    :  - 0 Delaunay cavities modified for star shapeness
Info    :  - 0 nodes could not be inserted
Info    :  - 42683 tetrahedra created in 0.0301332 sec. (1416476 tets/s)
Info    : 0 node relocations
Info    : Tetrahedrizing 132 nodes...
Info    : Done tetrahedrizing 140 nodes (Wall 0.000752281s, CPU 0.000752s)
Info    : Reconstructing mesh...
Info    :  - Creating surface mesh
Info    :  - Identifying boundary edges
Info    :  - Recovering boundary
Info    : Done reconstructing mesh (Wall 0.00175376s, CPU 0.001756s)
Info    : Found volume 2
Info    : It. 0 - 0 nodes created - worst tet radius 3.03555 (nodes removed 0 0)
Info    : 3D refinement terminated (12685 nodes total):
Info    :  - 0 Delaunay cavities modified for star shapeness
Info    :  - 0 nodes could not be inserted
Info    :  - 449 tetrahedra created in 0.00267242 sec. (168012 tets/s)
Info    : 0 node relocations
Info    : Done meshing 3D (Wall 0.710603s, CPU 0.694121s)
Info    : Optimizing mesh...
Info    : Optimizing volume 1
Info    : Optimization starts (volume = 235.55) with worst = 0.00413071 / average = 0.682101:
Info    : 0.00 < quality < 0.10 :       202 elements
Info    : 0.10 < quality < 0.20 :       497 elements
Info    : 0.20 < quality < 0.30 :       777 elements
Info    : 0.30 < quality < 0.40 :      1066 elements
Info    : 0.40 < quality < 0.50 :      1705 elements
Info    : 0.50 < quality < 0.60 :      3513 elements
Info    : 0.60 < quality < 0.70 :      9903 elements
Info    : 0.70 < quality < 0.80 :     20781 elements
Info    : 0.80 < quality < 0.90 :      2454 elements
Info    : 0.90 < quality < 1.00 :      1785 elements
Info    : 1408 edge swaps, 25 node relocations (volume = 235.55): worst = 0.114588 / average = 0.70088 (Wall 0.0170195s, CPU 0.017019s)
Info    : 1474 edge swaps, 27 node relocations (volume = 235.55): worst = 0.167742 / average = 0.701658 (Wall 0.0212684s, CPU 0.021269s)
Info    : 1478 edge swaps, 27 node relocations (volume = 235.55): worst = 0.167742 / average = 0.701719 (Wall 0.0239998s, CPU 0.024s)
Info    : No ill-shaped tets in the mesh :-)
Info    : 0.00 < quality < 0.10 :         0 elements
Info    : 0.10 < quality < 0.20 :         1 elements
Info    : 0.20 < quality < 0.30 :        28 elements
Info    : 0.30 < quality < 0.40 :       975 elements
Info    : 0.40 < quality < 0.50 :      1358 elements
Info    : 0.50 < quality < 0.60 :      3590 elements
Info    : 0.60 < quality < 0.70 :     10467 elements
Info    : 0.70 < quality < 0.80 :     20503 elements
Info    : 0.80 < quality < 0.90 :      2637 elements
Info    : 0.90 < quality < 1.00 :      1793 elements
Info    : Optimizing volume 2
Info    : Optimization starts (volume = 0.256432) with worst = 0.0830088 / average = 0.734543:
Info    : 0.00 < quality < 0.10 :         1 elements
Info    : 0.10 < quality < 0.20 :         1 elements
Info    : 0.20 < quality < 0.30 :         3 elements
Info    : 0.30 < quality < 0.40 :        14 elements
Info    : 0.40 < quality < 0.50 :        13 elements
Info    : 0.50 < quality < 0.60 :        22 elements
Info    : 0.60 < quality < 0.70 :        83 elements
Info    : 0.70 < quality < 0.80 :       182 elements
Info    : 0.80 < quality < 0.90 :        85 elements
Info    : 0.90 < quality < 1.00 :        45 elements
Info    : 5 edge swaps, 0 node relocations (volume = 0.256432): worst = 0.301156 / average = 0.740424 (Wall 9.15891e-05s, CPU 9.2e-05s)
Info    : No ill-shaped tets in the mesh :-)
Info    : 0.00 < quality < 0.10 :         0 elements
Info    : 0.10 < quality < 0.20 :         0 elements
Info    : 0.20 < quality < 0.30 :         0 elements
Info    : 0.30 < quality < 0.40 :        14 elements
Info    : 0.40 < quality < 0.50 :        12 elements
Info    : 0.50 < quality < 0.60 :        23 elements
Info    : 0.60 < quality < 0.70 :        85 elements
Info    : 0.70 < quality < 0.80 :       182 elements
Info    : 0.80 < quality < 0.90 :        84 elements
Info    : 0.90 < quality < 1.00 :        45 elements
Info    : Done optimizing mesh (Wall 0.047628s, CPU 0.047626s)
Info    : 13613 nodes 68256 elements
Info    : Meshing order 2 (curvilinear on)...
Info    : [  0%] Meshing curve 1 order 2
Info    : [ 10%] Meshing curve 2 order 2
Info    : [ 20%] Meshing curve 3 order 2
Info    : [ 20%] Meshing curve 4 order 2
Info    : [ 30%] Meshing curve 5 order 2
Info    : [ 30%] Meshing curve 6 order 2
Info    : [ 40%] Meshing curve 7 order 2
Info    : [ 40%] Meshing curve 8 order 2
Info    : [ 50%] Meshing curve 9 order 2
Info    : [ 50%] Meshing curve 10 order 2
Info    : [ 60%] Meshing curve 11 order 2
Info    : [ 60%] Meshing curve 12 order 2
Info    : [ 70%] Meshing surface 1 order 2
Info    : [ 70%] Meshing surface 2 order 2
Info    : [ 80%] Meshing surface 3 order 2
Info    : [ 80%] Meshing surface 4 order 2
Info    : [ 90%] Meshing surface 5 order 2
Info    : [ 90%] Meshing surface 6 order 2
Info    : [100%] Meshing volume 1 order 2
Info    : [100%] Meshing volume 2 order 2
Info    : Surface mesh: worst distortion = 0.797589 (0 elements in ]0, 0.2]); worst gamma = 0.50915
Info    : Volume mesh: worst distortion = 0.262055 (0 elements in ]0, 0.2])
Info    : Done meshing order 2 (Wall 7.58223s, CPU 7.58007s)
Info    : Writing '/home/user/mscr-mom/현서/scripts/contact_scenarios/fea/lmphi_mesh_LM0_phiN150_s50.inp'...
Info    : Done writing '/home/user/mscr-mom/현서/scripts/contact_scenarios/fea/lmphi_mesh_LM0_phiN150_s50.inp'
  [LM0_phiN150] [실패] (515.1s)
[LM0_phiN150 6/10] L_M=0.0, phi=-150.0, s=60.0mm, push_depth=0.1mm ...
Info    : Meshing 1D...
Info    : [  0%] Meshing curve 1 (BSpline)
Info    : [ 10%] Meshing curve 2 (Ellipse)
Info    : [ 20%] Meshing curve 3 (Ellipse)
Info    : [ 30%] Meshing curve 4 (BSpline)
Info    : [ 40%] Meshing curve 5 (BSpline)
Info    : [ 50%] Meshing curve 6 (BSpline)
Info    : [ 60%] Meshing curve 7 (BSpline)
Info    : [ 60%] Meshing curve 8 (BSpline)
Info    : [ 70%] Meshing curve 9 (BSpline)
Info    : [ 90%] Meshing curve 11 (Circle)
Info    : Done meshing 1D (Wall 0.0127253s, CPU 0.012668s)
Info    : Meshing 2D...
Info    : [  0%] Meshing surface 1 (Plane, Frontal-Delaunay)
Info    : [ 20%] Meshing surface 2 (Plane, Frontal-Delaunay)
Info    : [ 40%] Meshing surface 3 (BSpline surface, Frontal-Delaunay)
Info    : [ 60%] Meshing surface 4 (BSpline surface, Frontal-Delaunay)
Info    : [ 70%] Meshing surface 5 (Plane, Frontal-Delaunay)
Info    : [ 90%] Meshing surface 6 (Sphere, Frontal-Delaunay)
Info    : Done meshing 2D (Wall 0.655577s, CPU 0.655237s)
Info    : Meshing 3D...
Info    : 3D Meshing 2 volumes with 2 connected components
Info    : Tetrahedrizing 12478 nodes...
Info    : Done tetrahedrizing 12486 nodes (Wall 0.149308s, CPU 0.143308s)
Info    : Reconstructing mesh...
Info    :  - Creating surface mesh
Info    :  - Identifying boundary edges
Info    :  - Recovering boundary
Info    : Done reconstructing mesh (Wall 0.377189s, CPU 0.361191s)
Info    : Found volume 1
Info    : It. 0 - 0 nodes created - worst tet radius 1.03849 (nodes removed 0 0)
Info    : It. 500 - 500 nodes created - worst tet radius 1.0009 (nodes removed 0 0)
Info    : 3D refinement terminated (13216 nodes total):
Info    :  - 0 Delaunay cavities modified for star shapeness
Info    :  - 0 nodes could not be inserted
Info    :  - 42683 tetrahedra created in 0.0266951 sec. (1598909 tets/s)
Info    : 0 node relocations
Info    : Tetrahedrizing 129 nodes...
Info    : Done tetrahedrizing 137 nodes (Wall 0.000676198s, CPU 0.000668s)
Info    : Reconstructing mesh...
Info    :  - Creating surface mesh
Info    :  - Identifying boundary edges
Info    :  - Recovering boundary
Info    : Done reconstructing mesh (Wall 0.00167742s, CPU 0.000902s)
Info    : Found volume 2
Info    : It. 0 - 0 nodes created - worst tet radius 3.03958 (nodes removed 0 0)
Info    : 3D refinement terminated (12687 nodes total):
Info    :  - 1 Delaunay cavities modified for star shapeness
Info    :  - 1 nodes could not be inserted
Info    :  - 473 tetrahedra created in 0.00277578 sec. (170402 tets/s)
Info    : 0 node relocations
Info    : Done meshing 3D (Wall 0.673647s, CPU 0.656631s)
Info    : Optimizing mesh...
Info    : Optimizing volume 1
Info    : Optimization starts (volume = 235.55) with worst = 0.00413071 / average = 0.682101:
Info    : 0.00 < quality < 0.10 :       202 elements
Info    : 0.10 < quality < 0.20 :       497 elements
Info    : 0.20 < quality < 0.30 :       777 elements
Info    : 0.30 < quality < 0.40 :      1066 elements
Info    : 0.40 < quality < 0.50 :      1705 elements
Info    : 0.50 < quality < 0.60 :      3513 elements
Info    : 0.60 < quality < 0.70 :      9903 elements
Info    : 0.70 < quality < 0.80 :     20781 elements
Info    : 0.80 < quality < 0.90 :      2454 elements
Info    : 0.90 < quality < 1.00 :      1785 elements
Info    : 1408 edge swaps, 25 node relocations (volume = 235.55): worst = 0.114588 / average = 0.70088 (Wall 0.0163442s, CPU 0.016345s)
Info    : 1474 edge swaps, 27 node relocations (volume = 235.55): worst = 0.167742 / average = 0.701658 (Wall 0.0195308s, CPU 0.019532s)
Info    : 1478 edge swaps, 27 node relocations (volume = 235.55): worst = 0.167742 / average = 0.701719 (Wall 0.0217782s, CPU 0.021779s)
Info    : No ill-shaped tets in the mesh :-)
Info    : 0.00 < quality < 0.10 :         0 elements
Info    : 0.10 < quality < 0.20 :         1 elements
Info    : 0.20 < quality < 0.30 :        28 elements
Info    : 0.30 < quality < 0.40 :       975 elements
Info    : 0.40 < quality < 0.50 :      1358 elements
Info    : 0.50 < quality < 0.60 :      3590 elements
Info    : 0.60 < quality < 0.70 :     10467 elements
Info    : 0.70 < quality < 0.80 :     20503 elements
Info    : 0.80 < quality < 0.90 :      2637 elements
Info    : 0.90 < quality < 1.00 :      1793 elements
Info    : Optimizing volume 2
Info    : Optimization starts (volume = 0.256296) with worst = 0.142665 / average = 0.761814:
Info    : 0.00 < quality < 0.10 :         0 elements
Info    : 0.10 < quality < 0.20 :         1 elements
Info    : 0.20 < quality < 0.30 :         4 elements
Info    : 0.30 < quality < 0.40 :         4 elements
Info    : 0.40 < quality < 0.50 :        11 elements
Info    : 0.50 < quality < 0.60 :        22 elements
Info    : 0.60 < quality < 0.70 :        66 elements
Info    : 0.70 < quality < 0.80 :       184 elements
Info    : 0.80 < quality < 0.90 :       128 elements
Info    : 0.90 < quality < 1.00 :        53 elements
Info    : 5 edge swaps, 0 node relocations (volume = 0.256296): worst = 0.369093 / average = 0.769134 (Wall 0.000108184s, CPU 0.000107s)
Info    : No ill-shaped tets in the mesh :-)
Info    : 0.00 < quality < 0.10 :         0 elements
Info    : 0.10 < quality < 0.20 :         0 elements
Info    : 0.20 < quality < 0.30 :         0 elements
Info    : 0.30 < quality < 0.40 :         3 elements
Info    : 0.40 < quality < 0.50 :        11 elements
Info    : 0.50 < quality < 0.60 :        20 elements
Info    : 0.60 < quality < 0.70 :        67 elements
Info    : 0.70 < quality < 0.80 :       184 elements
Info    : 0.80 < quality < 0.90 :       130 elements
Info    : 0.90 < quality < 1.00 :        53 elements
Info    : Done optimizing mesh (Wall 0.0455938s, CPU 0.044594s)
Info    : 13615 nodes 68273 elements
Info    : Meshing order 2 (curvilinear on)...
Info    : [  0%] Meshing curve 1 order 2
Info    : [ 10%] Meshing curve 2 order 2
Info    : [ 20%] Meshing curve 3 order 2
Info    : [ 20%] Meshing curve 4 order 2
Info    : [ 30%] Meshing curve 5 order 2
Info    : [ 30%] Meshing curve 6 order 2
Info    : [ 40%] Meshing curve 7 order 2
Info    : [ 40%] Meshing curve 8 order 2
Info    : [ 50%] Meshing curve 9 order 2
Info    : [ 50%] Meshing curve 10 order 2
Info    : [ 60%] Meshing curve 11 order 2
Info    : [ 60%] Meshing curve 12 order 2
Info    : [ 70%] Meshing surface 1 order 2
Info    : [ 70%] Meshing surface 2 order 2
Info    : [ 80%] Meshing surface 3 order 2
Info    : [ 80%] Meshing surface 4 order 2
Info    : [ 90%] Meshing surface 5 order 2
Info    : [ 90%] Meshing surface 6 order 2
Info    : [100%] Meshing volume 1 order 2
Info    : [100%] Meshing volume 2 order 2
Info    : Surface mesh: worst distortion = 0.797589 (0 elements in ]0, 0.2]); worst gamma = 0.617848
Info    : Volume mesh: worst distortion = 0.262055 (0 elements in ]0, 0.2])
Info    : Done meshing order 2 (Wall 7.64666s, CPU 7.6451s)
Info    : Writing '/home/user/mscr-mom/현서/scripts/contact_scenarios/fea/lmphi_mesh_LM0_phiN150_s60.inp'...
Info    : Done writing '/home/user/mscr-mom/현서/scripts/contact_scenarios/fea/lmphi_mesh_LM0_phiN150_s60.inp'
  [LM0_phiN150] [실패] (938.0s)
[LM0_phiN150 7/10] L_M=0.0, phi=-150.0, s=70.0mm, push_depth=0.1mm ...
Info    : Meshing 1D...
Info    : [  0%] Meshing curve 1 (BSpline)
Info    : [ 10%] Meshing curve 2 (Ellipse)
Info    : [ 20%] Meshing curve 3 (Ellipse)
Info    : [ 30%] Meshing curve 4 (BSpline)
Info    : [ 40%] Meshing curve 5 (BSpline)
Info    : [ 50%] Meshing curve 6 (BSpline)
Info    : [ 60%] Meshing curve 7 (BSpline)
Info    : [ 60%] Meshing curve 8 (BSpline)
Info    : [ 70%] Meshing curve 9 (BSpline)
Info    : [ 90%] Meshing curve 11 (Circle)
Info    : Done meshing 1D (Wall 0.0129524s, CPU 0.012917s)
Info    : Meshing 2D...
Info    : [  0%] Meshing surface 1 (Plane, Frontal-Delaunay)
Info    : [ 20%] Meshing surface 2 (Plane, Frontal-Delaunay)
Info    : [ 40%] Meshing surface 3 (BSpline surface, Frontal-Delaunay)
Info    : [ 60%] Meshing surface 4 (BSpline surface, Frontal-Delaunay)
Info    : [ 70%] Meshing surface 5 (Plane, Frontal-Delaunay)
Info    : [ 90%] Meshing surface 6 (Sphere, Frontal-Delaunay)
Info    : Done meshing 2D (Wall 0.684718s, CPU 0.684684s)
Info    : Meshing 3D...
Info    : 3D Meshing 2 volumes with 2 connected components
Info    : Tetrahedrizing 12478 nodes...
Info    : Done tetrahedrizing 12486 nodes (Wall 0.151804s, CPU 0.148792s)
Info    : Reconstructing mesh...
Info    :  - Creating surface mesh
Info    :  - Identifying boundary edges
Info    :  - Recovering boundary
Info    : Done reconstructing mesh (Wall 0.423036s, CPU 0.412025s)
Info    : Found volume 1
Info    : It. 0 - 0 nodes created - worst tet radius 1.03849 (nodes removed 0 0)
Info    : It. 500 - 500 nodes created - worst tet radius 1.0009 (nodes removed 0 0)
Info    : 3D refinement terminated (13216 nodes total):
Info    :  - 0 Delaunay cavities modified for star shapeness
Info    :  - 0 nodes could not be inserted
Info    :  - 42683 tetrahedra created in 0.0274651 sec. (1554083 tets/s)
Info    : 0 node relocations
Info    : Tetrahedrizing 129 nodes...
Info    : Done tetrahedrizing 137 nodes (Wall 0.000689099s, CPU 0.00069s)
Info    : Reconstructing mesh...
Info    :  - Creating surface mesh
Info    :  - Identifying boundary edges
Info    :  - Recovering boundary
Info    : Done reconstructing mesh (Wall 0.00162876s, CPU 0.001629s)
Info    : Found volume 2
Info    : It. 0 - 0 nodes created - worst tet radius 3.03958 (nodes removed 0 0)
Info    : 3D refinement terminated (12687 nodes total):
Info    :  - 1 Delaunay cavities modified for star shapeness
Info    :  - 1 nodes could not be inserted
Info    :  - 473 tetrahedra created in 0.00374399 sec. (126335 tets/s)
Info    : 0 node relocations
Info    : Done meshing 3D (Wall 0.723219s, CPU 0.712192s)
Info    : Optimizing mesh...
Info    : Optimizing volume 1
Info    : Optimization starts (volume = 235.55) with worst = 0.00413071 / average = 0.682101:
Info    : 0.00 < quality < 0.10 :       202 elements
Info    : 0.10 < quality < 0.20 :       497 elements
Info    : 0.20 < quality < 0.30 :       777 elements
Info    : 0.30 < quality < 0.40 :      1066 elements
Info    : 0.40 < quality < 0.50 :      1705 elements
Info    : 0.50 < quality < 0.60 :      3513 elements
Info    : 0.60 < quality < 0.70 :      9903 elements
Info    : 0.70 < quality < 0.80 :     20781 elements
Info    : 0.80 < quality < 0.90 :      2454 elements
Info    : 0.90 < quality < 1.00 :      1785 elements
Info    : 1408 edge swaps, 25 node relocations (volume = 235.55): worst = 0.114588 / average = 0.70088 (Wall 0.0164826s, CPU 0.016484s)
Info    : 1474 edge swaps, 27 node relocations (volume = 235.55): worst = 0.167742 / average = 0.701658 (Wall 0.0197651s, CPU 0.01878s)
Info    : 1478 edge swaps, 27 node relocations (volume = 235.55): worst = 0.167742 / average = 0.701719 (Wall 0.0221369s, CPU 0.021148s)
Info    : No ill-shaped tets in the mesh :-)
Info    : 0.00 < quality < 0.10 :         0 elements
Info    : 0.10 < quality < 0.20 :         1 elements
Info    : 0.20 < quality < 0.30 :        28 elements
Info    : 0.30 < quality < 0.40 :       975 elements
Info    : 0.40 < quality < 0.50 :      1358 elements
Info    : 0.50 < quality < 0.60 :      3590 elements
Info    : 0.60 < quality < 0.70 :     10467 elements
Info    : 0.70 < quality < 0.80 :     20503 elements
Info    : 0.80 < quality < 0.90 :      2637 elements
Info    : 0.90 < quality < 1.00 :      1793 elements
Info    : Optimizing volume 2
Info    : Optimization starts (volume = 0.256296) with worst = 0.142665 / average = 0.761814:
Info    : 0.00 < quality < 0.10 :         0 elements
Info    : 0.10 < quality < 0.20 :         1 elements
Info    : 0.20 < quality < 0.30 :         4 elements
Info    : 0.30 < quality < 0.40 :         4 elements
Info    : 0.40 < quality < 0.50 :        11 elements
Info    : 0.50 < quality < 0.60 :        22 elements
Info    : 0.60 < quality < 0.70 :        66 elements
Info    : 0.70 < quality < 0.80 :       184 elements
Info    : 0.80 < quality < 0.90 :       128 elements
Info    : 0.90 < quality < 1.00 :        53 elements
Info    : 5 edge swaps, 0 node relocations (volume = 0.256296): worst = 0.369093 / average = 0.769134 (Wall 8.82349e-05s, CPU 8.9e-05s)
Info    : No ill-shaped tets in the mesh :-)
Info    : 0.00 < quality < 0.10 :         0 elements
Info    : 0.10 < quality < 0.20 :         0 elements
Info    : 0.20 < quality < 0.30 :         0 elements
Info    : 0.30 < quality < 0.40 :         3 elements
Info    : 0.40 < quality < 0.50 :        11 elements
Info    : 0.50 < quality < 0.60 :        20 elements
Info    : 0.60 < quality < 0.70 :        67 elements
Info    : 0.70 < quality < 0.80 :       184 elements
Info    : 0.80 < quality < 0.90 :       130 elements
Info    : 0.90 < quality < 1.00 :        53 elements
Info    : Done optimizing mesh (Wall 0.0473127s, CPU 0.046321s)
Info    : 13615 nodes 68273 elements
Info    : Meshing order 2 (curvilinear on)...
Info    : [  0%] Meshing curve 1 order 2
Info    : [ 10%] Meshing curve 2 order 2
Info    : [ 20%] Meshing curve 3 order 2
Info    : [ 20%] Meshing curve 4 order 2
Info    : [ 30%] Meshing curve 5 order 2
Info    : [ 30%] Meshing curve 6 order 2
Info    : [ 40%] Meshing curve 7 order 2
Info    : [ 40%] Meshing curve 8 order 2
Info    : [ 50%] Meshing curve 9 order 2
Info    : [ 50%] Meshing curve 10 order 2
Info    : [ 60%] Meshing curve 11 order 2
Info    : [ 60%] Meshing curve 12 order 2
Info    : [ 70%] Meshing surface 1 order 2
Info    : [ 70%] Meshing surface 2 order 2
Info    : [ 80%] Meshing surface 3 order 2
Info    : [ 80%] Meshing surface 4 order 2
Info    : [ 90%] Meshing surface 5 order 2
Info    : [ 90%] Meshing surface 6 order 2
Info    : [100%] Meshing volume 1 order 2
Info    : [100%] Meshing volume 2 order 2
Info    : Surface mesh: worst distortion = 0.797589 (0 elements in ]0, 0.2]); worst gamma = 0.617848
Info    : Volume mesh: worst distortion = 0.262055 (0 elements in ]0, 0.2])
Info    : Done meshing order 2 (Wall 7.5907s, CPU 7.58709s)
Info    : Writing '/home/user/mscr-mom/현서/scripts/contact_scenarios/fea/lmphi_mesh_LM0_phiN150_s70.inp'...
Info    : Done writing '/home/user/mscr-mom/현서/scripts/contact_scenarios/fea/lmphi_mesh_LM0_phiN150_s70.inp'
  [LM0_phiN150] [실패] (621.1s)
[LM0_phiN150 8/10] L_M=0.0, phi=-150.0, s=80.0mm, push_depth=0.1mm ...
Info    : Meshing 1D...
Info    : [  0%] Meshing curve 1 (BSpline)
Info    : [ 10%] Meshing curve 2 (Ellipse)
Info    : [ 20%] Meshing curve 3 (Ellipse)
Info    : [ 30%] Meshing curve 4 (BSpline)
Info    : [ 40%] Meshing curve 5 (BSpline)
Info    : [ 50%] Meshing curve 6 (BSpline)
Info    : [ 60%] Meshing curve 7 (BSpline)
Info    : [ 60%] Meshing curve 8 (BSpline)
Info    : [ 70%] Meshing curve 9 (BSpline)
Info    : [ 90%] Meshing curve 11 (Circle)
Info    : Done meshing 1D (Wall 0.012735s, CPU 0.012716s)
Info    : Meshing 2D...
Info    : [  0%] Meshing surface 1 (Plane, Frontal-Delaunay)
Info    : [ 20%] Meshing surface 2 (Plane, Frontal-Delaunay)
Info    : [ 40%] Meshing surface 3 (BSpline surface, Frontal-Delaunay)
Info    : [ 60%] Meshing surface 4 (BSpline surface, Frontal-Delaunay)
Info    : [ 70%] Meshing surface 5 (Plane, Frontal-Delaunay)
Info    : [ 90%] Meshing surface 6 (Sphere, Frontal-Delaunay)
Info    : Done meshing 2D (Wall 0.649063s, CPU 0.6488s)
Info    : Meshing 3D...
Info    : 3D Meshing 2 volumes with 2 connected components
Info    : Tetrahedrizing 12478 nodes...
Info    : Done tetrahedrizing 12486 nodes (Wall 0.149197s, CPU 0.145194s)
Info    : Reconstructing mesh...
Info    :  - Creating surface mesh
Info    :  - Identifying boundary edges
Info    :  - Recovering boundary
Info    : Done reconstructing mesh (Wall 0.357914s, CPU 0.342905s)
Info    : Found volume 1
Info    : It. 0 - 0 nodes created - worst tet radius 1.03849 (nodes removed 0 0)
Info    : It. 500 - 500 nodes created - worst tet radius 1.0009 (nodes removed 0 0)
Info    : 3D refinement terminated (13216 nodes total):
Info    :  - 0 Delaunay cavities modified for star shapeness
Info    :  - 0 nodes could not be inserted
Info    :  - 42683 tetrahedra created in 0.0237356 sec. (1798269 tets/s)
Info    : 0 node relocations
Info    : Tetrahedrizing 129 nodes...
Info    : Done tetrahedrizing 137 nodes (Wall 0.000699498s, CPU 0.000699s)
Info    : Reconstructing mesh...
Info    :  - Creating surface mesh
Info    :  - Identifying boundary edges
Info    :  - Recovering boundary
Info    : Done reconstructing mesh (Wall 0.00161933s, CPU 0.001619s)
Info    : Found volume 2
Info    : It. 0 - 0 nodes created - worst tet radius 3.03958 (nodes removed 0 0)
Info    : 3D refinement terminated (12687 nodes total):
Info    :  - 1 Delaunay cavities modified for star shapeness
Info    :  - 1 nodes could not be inserted
Info    :  - 473 tetrahedra created in 0.0036009 sec. (131356 tets/s)
Info    : 0 node relocations
Info    : Done meshing 3D (Wall 0.613906s, CPU 0.597884s)
Info    : Optimizing mesh...
Info    : Optimizing volume 1
Info    : Optimization starts (volume = 235.55) with worst = 0.00413071 / average = 0.682101:
Info    : 0.00 < quality < 0.10 :       202 elements
Info    : 0.10 < quality < 0.20 :       497 elements
Info    : 0.20 < quality < 0.30 :       777 elements
Info    : 0.30 < quality < 0.40 :      1066 elements
Info    : 0.40 < quality < 0.50 :      1705 elements
Info    : 0.50 < quality < 0.60 :      3513 elements
Info    : 0.60 < quality < 0.70 :      9903 elements
Info    : 0.70 < quality < 0.80 :     20781 elements
Info    : 0.80 < quality < 0.90 :      2454 elements
Info    : 0.90 < quality < 1.00 :      1785 elements
Info    : 1408 edge swaps, 25 node relocations (volume = 235.55): worst = 0.114588 / average = 0.70088 (Wall 0.014201s, CPU 0.014201s)
Info    : 1474 edge swaps, 27 node relocations (volume = 235.55): worst = 0.167742 / average = 0.701658 (Wall 0.0173248s, CPU 0.017324s)
Info    : 1478 edge swaps, 27 node relocations (volume = 235.55): worst = 0.167742 / average = 0.701719 (Wall 0.0198129s, CPU 0.019813s)
Info    : No ill-shaped tets in the mesh :-)
Info    : 0.00 < quality < 0.10 :         0 elements
Info    : 0.10 < quality < 0.20 :         1 elements
Info    : 0.20 < quality < 0.30 :        28 elements
Info    : 0.30 < quality < 0.40 :       975 elements
Info    : 0.40 < quality < 0.50 :      1358 elements
Info    : 0.50 < quality < 0.60 :      3590 elements
Info    : 0.60 < quality < 0.70 :     10467 elements
Info    : 0.70 < quality < 0.80 :     20503 elements
Info    : 0.80 < quality < 0.90 :      2637 elements
Info    : 0.90 < quality < 1.00 :      1793 elements
Info    : Optimizing volume 2
Info    : Optimization starts (volume = 0.256296) with worst = 0.142665 / average = 0.761814:
Info    : 0.00 < quality < 0.10 :         0 elements
Info    : 0.10 < quality < 0.20 :         1 elements
Info    : 0.20 < quality < 0.30 :         4 elements
Info    : 0.30 < quality < 0.40 :         4 elements
Info    : 0.40 < quality < 0.50 :        11 elements
Info    : 0.50 < quality < 0.60 :        22 elements
Info    : 0.60 < quality < 0.70 :        66 elements
Info    : 0.70 < quality < 0.80 :       184 elements
Info    : 0.80 < quality < 0.90 :       128 elements
Info    : 0.90 < quality < 1.00 :        53 elements
Info    : 5 edge swaps, 0 node relocations (volume = 0.256296): worst = 0.369093 / average = 0.769134 (Wall 8.68132e-05s, CPU 8.8e-05s)
Info    : No ill-shaped tets in the mesh :-)
Info    : 0.00 < quality < 0.10 :         0 elements
Info    : 0.10 < quality < 0.20 :         0 elements
Info    : 0.20 < quality < 0.30 :         0 elements
Info    : 0.30 < quality < 0.40 :         3 elements
Info    : 0.40 < quality < 0.50 :        11 elements
Info    : 0.50 < quality < 0.60 :        20 elements
Info    : 0.60 < quality < 0.70 :        67 elements
Info    : 0.70 < quality < 0.80 :       184 elements
Info    : 0.80 < quality < 0.90 :       130 elements
Info    : 0.90 < quality < 1.00 :        53 elements
Info    : Done optimizing mesh (Wall 0.0427245s, CPU 0.042722s)
Info    : 13615 nodes 68273 elements
Info    : Meshing order 2 (curvilinear on)...
Info    : [  0%] Meshing curve 1 order 2
Info    : [ 10%] Meshing curve 2 order 2
Info    : [ 20%] Meshing curve 3 order 2
Info    : [ 20%] Meshing curve 4 order 2
Info    : [ 30%] Meshing curve 5 order 2
Info    : [ 30%] Meshing curve 6 order 2
Info    : [ 40%] Meshing curve 7 order 2
Info    : [ 40%] Meshing curve 8 order 2
Info    : [ 50%] Meshing curve 9 order 2
Info    : [ 50%] Meshing curve 10 order 2
Info    : [ 60%] Meshing curve 11 order 2
Info    : [ 60%] Meshing curve 12 order 2
Info    : [ 70%] Meshing surface 1 order 2
Info    : [ 70%] Meshing surface 2 order 2
Info    : [ 80%] Meshing surface 3 order 2
Info    : [ 80%] Meshing surface 4 order 2
Info    : [ 90%] Meshing surface 5 order 2
Info    : [ 90%] Meshing surface 6 order 2
Info    : [100%] Meshing volume 1 order 2
Info    : [100%] Meshing volume 2 order 2
Info    : Surface mesh: worst distortion = 0.797589 (0 elements in ]0, 0.2]); worst gamma = 0.617848
Info    : Volume mesh: worst distortion = 0.262055 (0 elements in ]0, 0.2])
Info    : Done meshing order 2 (Wall 7.75688s, CPU 7.75377s)
Info    : Writing '/home/user/mscr-mom/현서/scripts/contact_scenarios/fea/lmphi_mesh_LM0_phiN150_s80.inp'...
Info    : Done writing '/home/user/mscr-mom/현서/scripts/contact_scenarios/fea/lmphi_mesh_LM0_phiN150_s80.inp'
  [LM0_phiN150] [실패] (1265.8s)
[LM0_phiN150 9/10] L_M=0.0, phi=-150.0, s=90.0mm, push_depth=0.1mm ...
Info    : Meshing 1D...
Info    : [  0%] Meshing curve 1 (BSpline)
Info    : [ 10%] Meshing curve 2 (Ellipse)
Info    : [ 20%] Meshing curve 3 (Ellipse)
Info    : [ 30%] Meshing curve 4 (BSpline)
Info    : [ 40%] Meshing curve 5 (BSpline)
Info    : [ 50%] Meshing curve 6 (BSpline)
Info    : [ 60%] Meshing curve 7 (BSpline)
Info    : [ 60%] Meshing curve 8 (BSpline)
Info    : [ 70%] Meshing curve 9 (BSpline)
Info    : [ 90%] Meshing curve 11 (Circle)
Info    : Done meshing 1D (Wall 0.0127576s, CPU 0.012686s)
Info    : Meshing 2D...
Info    : [  0%] Meshing surface 1 (Plane, Frontal-Delaunay)
Info    : [ 20%] Meshing surface 2 (Plane, Frontal-Delaunay)
Info    : [ 40%] Meshing surface 3 (BSpline surface, Frontal-Delaunay)
Info    : [ 60%] Meshing surface 4 (BSpline surface, Frontal-Delaunay)
Info    : [ 70%] Meshing surface 5 (Plane, Frontal-Delaunay)
Info    : [ 90%] Meshing surface 6 (Sphere, Frontal-Delaunay)
Info    : Done meshing 2D (Wall 0.659196s, CPU 0.657406s)
Info    : Meshing 3D...
Info    : 3D Meshing 2 volumes with 2 connected components
Info    : Tetrahedrizing 12478 nodes...
Info    : Done tetrahedrizing 12486 nodes (Wall 0.151928s, CPU 0.148931s)
Info    : Reconstructing mesh...
Info    :  - Creating surface mesh
Info    :  - Identifying boundary edges
Info    :  - Recovering boundary
Info    : Done reconstructing mesh (Wall 0.374181s, CPU 0.360191s)
Info    : Found volume 1
Info    : It. 0 - 0 nodes created - worst tet radius 1.03849 (nodes removed 0 0)
Info    : It. 500 - 500 nodes created - worst tet radius 1.0009 (nodes removed 0 0)
Info    : 3D refinement terminated (13218 nodes total):
Info    :  - 0 Delaunay cavities modified for star shapeness
Info    :  - 0 nodes could not be inserted
Info    :  - 42683 tetrahedra created in 0.0202208 sec. (2110845 tets/s)
Info    : 0 node relocations
Info    : Tetrahedrizing 131 nodes...
Info    : Done tetrahedrizing 139 nodes (Wall 0.000666738s, CPU 0.000657s)
Info    : Reconstructing mesh...
Info    :  - Creating surface mesh
Info    :  - Identifying boundary edges
Info    :  - Recovering boundary
Info    : Done reconstructing mesh (Wall 0.00156821s, CPU 0.001558s)
Info    : Found volume 2
Info    : It. 0 - 0 nodes created - worst tet radius 3.0163 (nodes removed 0 0)
Info    : 3D refinement terminated (12689 nodes total):
Info    :  - 0 Delaunay cavities modified for star shapeness
Info    :  - 0 nodes could not be inserted
Info    :  - 491 tetrahedra created in 0.00217382 sec. (225869 tets/s)
Info    : 0 node relocations
Info    : Done meshing 3D (Wall 0.624839s, CPU 0.609822s)
Info    : Optimizing mesh...
Info    : Optimizing volume 1
Info    : Optimization starts (volume = 235.55) with worst = 0.00413071 / average = 0.682101:
Info    : 0.00 < quality < 0.10 :       202 elements
Info    : 0.10 < quality < 0.20 :       497 elements
Info    : 0.20 < quality < 0.30 :       777 elements
Info    : 0.30 < quality < 0.40 :      1066 elements
Info    : 0.40 < quality < 0.50 :      1705 elements
Info    : 0.50 < quality < 0.60 :      3513 elements
Info    : 0.60 < quality < 0.70 :      9903 elements
Info    : 0.70 < quality < 0.80 :     20781 elements
Info    : 0.80 < quality < 0.90 :      2454 elements
Info    : 0.90 < quality < 1.00 :      1785 elements
Info    : 1408 edge swaps, 25 node relocations (volume = 235.55): worst = 0.114588 / average = 0.70088 (Wall 0.0119454s, CPU 0.011945s)
Info    : 1474 edge swaps, 27 node relocations (volume = 235.55): worst = 0.167742 / average = 0.701658 (Wall 0.014566s, CPU 0.014567s)
Info    : 1478 edge swaps, 27 node relocations (volume = 235.55): worst = 0.167742 / average = 0.701719 (Wall 0.0165984s, CPU 0.016599s)
Info    : No ill-shaped tets in the mesh :-)
Info    : 0.00 < quality < 0.10 :         0 elements
Info    : 0.10 < quality < 0.20 :         1 elements
Info    : 0.20 < quality < 0.30 :        28 elements
Info    : 0.30 < quality < 0.40 :       975 elements
Info    : 0.40 < quality < 0.50 :      1358 elements
Info    : 0.50 < quality < 0.60 :      3590 elements
Info    : 0.60 < quality < 0.70 :     10467 elements
Info    : 0.70 < quality < 0.80 :     20503 elements
Info    : 0.80 < quality < 0.90 :      2637 elements
Info    : 0.90 < quality < 1.00 :      1793 elements
Info    : Optimizing volume 2
Info    : Optimization starts (volume = 0.256325) with worst = 0.0896081 / average = 0.738135:
Info    : 0.00 < quality < 0.10 :         1 elements
Info    : 0.10 < quality < 0.20 :         3 elements
Info    : 0.20 < quality < 0.30 :         4 elements
Info    : 0.30 < quality < 0.40 :        16 elements
Info    : 0.40 < quality < 0.50 :        11 elements
Info    : 0.50 < quality < 0.60 :        37 elements
Info    : 0.60 < quality < 0.70 :        72 elements
Info    : 0.70 < quality < 0.80 :       165 elements
Info    : 0.80 < quality < 0.90 :       137 elements
Info    : 0.90 < quality < 1.00 :        45 elements
Info    : 8 edge swaps, 0 node relocations (volume = 0.256325): worst = 0.301814 / average = 0.748051 (Wall 0.000112351s, CPU 0.000112s)
Info    : No ill-shaped tets in the mesh :-)
Info    : 0.00 < quality < 0.10 :         0 elements
Info    : 0.10 < quality < 0.20 :         0 elements
Info    : 0.20 < quality < 0.30 :         0 elements
Info    : 0.30 < quality < 0.40 :        16 elements
Info    : 0.40 < quality < 0.50 :        11 elements
Info    : 0.50 < quality < 0.60 :        33 elements
Info    : 0.60 < quality < 0.70 :        75 elements
Info    : 0.70 < quality < 0.80 :       166 elements
Info    : 0.80 < quality < 0.90 :       138 elements
Info    : 0.90 < quality < 1.00 :        45 elements
Info    : Done optimizing mesh (Wall 0.0385884s, CPU 0.038587s)
Info    : 13617 nodes 68293 elements
Info    : Meshing order 2 (curvilinear on)...
Info    : [  0%] Meshing curve 1 order 2
Info    : [ 10%] Meshing curve 2 order 2
Info    : [ 20%] Meshing curve 3 order 2
Info    : [ 20%] Meshing curve 4 order 2
Info    : [ 30%] Meshing curve 5 order 2
Info    : [ 30%] Meshing curve 6 order 2
Info    : [ 40%] Meshing curve 7 order 2
Info    : [ 40%] Meshing curve 8 order 2
Info    : [ 50%] Meshing curve 9 order 2
Info    : [ 50%] Meshing curve 10 order 2
Info    : [ 60%] Meshing curve 11 order 2
Info    : [ 60%] Meshing curve 12 order 2
Info    : [ 70%] Meshing surface 1 order 2
Info    : [ 70%] Meshing surface 2 order 2
Info    : [ 80%] Meshing surface 3 order 2
Info    : [ 80%] Meshing surface 4 order 2
Info    : [ 90%] Meshing surface 5 order 2
Info    : [ 90%] Meshing surface 6 order 2
Info    : [100%] Meshing volume 1 order 2
Info    : [100%] Meshing volume 2 order 2
Info    : Surface mesh: worst distortion = 0.797589 (0 elements in ]0, 0.2]); worst gamma = 0.297279
Info    : Volume mesh: worst distortion = 0.262055 (0 elements in ]0, 0.2])
Info    : Done meshing order 2 (Wall 7.71568s, CPU 7.71143s)
Info    : Writing '/home/user/mscr-mom/현서/scripts/contact_scenarios/fea/lmphi_mesh_LM0_phiN150_s90.inp'...
Info    : Done writing '/home/user/mscr-mom/현서/scripts/contact_scenarios/fea/lmphi_mesh_LM0_phiN150_s90.inp'
  [LM0_phiN150] [실패] (651.3s)
[LM0_phiN150 10/10] L_M=0.0, phi=-150.0, s=100.0mm, push_depth=0.1mm ...
Info    : Meshing 1D...
Info    : [  0%] Meshing curve 1 (BSpline)
Info    : [ 10%] Meshing curve 2 (Ellipse)
Info    : [ 20%] Meshing curve 3 (Ellipse)
Info    : [ 30%] Meshing curve 4 (BSpline)
Info    : [ 40%] Meshing curve 5 (BSpline)
Info    : [ 50%] Meshing curve 6 (BSpline)
Info    : [ 60%] Meshing curve 7 (BSpline)
Info    : [ 60%] Meshing curve 8 (BSpline)
Info    : [ 70%] Meshing curve 9 (BSpline)
Info    : [ 90%] Meshing curve 11 (Circle)
Info    : Done meshing 1D (Wall 0.0126688s, CPU 0.012618s)
Info    : Meshing 2D...
Info    : [  0%] Meshing surface 1 (Plane, Frontal-Delaunay)
Info    : [ 20%] Meshing surface 2 (Plane, Frontal-Delaunay)
Info    : [ 40%] Meshing surface 3 (BSpline surface, Frontal-Delaunay)
Info    : [ 60%] Meshing surface 4 (BSpline surface, Frontal-Delaunay)
Info    : [ 70%] Meshing surface 5 (Plane, Frontal-Delaunay)
Info    : [ 90%] Meshing surface 6 (Sphere, Frontal-Delaunay)
Info    : Done meshing 2D (Wall 0.640944s, CPU 0.640507s)
Info    : Meshing 3D...
Info    : 3D Meshing 2 volumes with 2 connected components
Info    : Tetrahedrizing 12478 nodes...
Info    : Done tetrahedrizing 12486 nodes (Wall 0.149929s, CPU 0.145909s)
Info    : Reconstructing mesh...
Info    :  - Creating surface mesh
Info    :  - Identifying boundary edges
Info    :  - Recovering boundary
Info    : Done reconstructing mesh (Wall 0.399874s, CPU 0.386848s)
Info    : Found volume 1
Info    : It. 0 - 0 nodes created - worst tet radius 1.03849 (nodes removed 0 0)
Info    : It. 500 - 500 nodes created - worst tet radius 1.0009 (nodes removed 0 0)
Info    : 3D refinement terminated (13218 nodes total):
Info    :  - 0 Delaunay cavities modified for star shapeness
Info    :  - 0 nodes could not be inserted
Info    :  - 42683 tetrahedra created in 0.0350437 sec. (1217994 tets/s)
Info    : 0 node relocations
Info    : Tetrahedrizing 131 nodes...
Info    : Done tetrahedrizing 139 nodes (Wall 0.000686288s, CPU 0.000687s)
Info    : Reconstructing mesh...
Info    :  - Creating surface mesh
Info    :  - Identifying boundary edges
Info    :  - Recovering boundary
Info    : Done reconstructing mesh (Wall 0.00164129s, CPU 0.001637s)
Info    : Found volume 2
Info    : It. 0 - 0 nodes created - worst tet radius 3.0163 (nodes removed 0 0)
Info    : 3D refinement terminated (12689 nodes total):
Info    :  - 0 Delaunay cavities modified for star shapeness
Info    :  - 0 nodes could not be inserted
Info    :  - 491 tetrahedra created in 0.00469652 sec. (104545 tets/s)
Info    : 0 node relocations
Info    : Done meshing 3D (Wall 0.728622s, CPU 0.714345s)
Info    : Optimizing mesh...
Info    : Optimizing volume 1
Info    : Optimization starts (volume = 235.55) with worst = 0.00413071 / average = 0.682101:
Info    : 0.00 < quality < 0.10 :       202 elements
Info    : 0.10 < quality < 0.20 :       497 elements
Info    : 0.20 < quality < 0.30 :       777 elements
Info    : 0.30 < quality < 0.40 :      1066 elements
Info    : 0.40 < quality < 0.50 :      1705 elements
Info    : 0.50 < quality < 0.60 :      3513 elements
Info    : 0.60 < quality < 0.70 :      9903 elements
Info    : 0.70 < quality < 0.80 :     20781 elements
Info    : 0.80 < quality < 0.90 :      2454 elements
Info    : 0.90 < quality < 1.00 :      1785 elements
Info    : 1408 edge swaps, 25 node relocations (volume = 235.55): worst = 0.114588 / average = 0.70088 (Wall 0.0151378s, CPU 0.015138s)
Info    : 1474 edge swaps, 27 node relocations (volume = 235.55): worst = 0.167742 / average = 0.701658 (Wall 0.0178814s, CPU 0.017883s)
Info    : 1478 edge swaps, 27 node relocations (volume = 235.55): worst = 0.167742 / average = 0.701719 (Wall 0.0199537s, CPU 0.019956s)
Info    : No ill-shaped tets in the mesh :-)
Info    : 0.00 < quality < 0.10 :         0 elements
Info    : 0.10 < quality < 0.20 :         1 elements
Info    : 0.20 < quality < 0.30 :        28 elements
Info    : 0.30 < quality < 0.40 :       975 elements
Info    : 0.40 < quality < 0.50 :      1358 elements
Info    : 0.50 < quality < 0.60 :      3590 elements
Info    : 0.60 < quality < 0.70 :     10467 elements
Info    : 0.70 < quality < 0.80 :     20503 elements
Info    : 0.80 < quality < 0.90 :      2637 elements
Info    : 0.90 < quality < 1.00 :      1793 elements
Info    : Optimizing volume 2
Info    : Optimization starts (volume = 0.256325) with worst = 0.0896081 / average = 0.738135:
Info    : 0.00 < quality < 0.10 :         1 elements
Info    : 0.10 < quality < 0.20 :         3 elements
Info    : 0.20 < quality < 0.30 :         4 elements
Info    : 0.30 < quality < 0.40 :        16 elements
Info    : 0.40 < quality < 0.50 :        11 elements
Info    : 0.50 < quality < 0.60 :        37 elements
Info    : 0.60 < quality < 0.70 :        72 elements
Info    : 0.70 < quality < 0.80 :       165 elements
Info    : 0.80 < quality < 0.90 :       137 elements
Info    : 0.90 < quality < 1.00 :        45 elements
Info    : 8 edge swaps, 0 node relocations (volume = 0.256325): worst = 0.301814 / average = 0.748051 (Wall 0.000121215s, CPU 0.000122s)
Info    : No ill-shaped tets in the mesh :-)
Info    : 0.00 < quality < 0.10 :         0 elements
Info    : 0.10 < quality < 0.20 :         0 elements
Info    : 0.20 < quality < 0.30 :         0 elements
Info    : 0.30 < quality < 0.40 :        16 elements
Info    : 0.40 < quality < 0.50 :        11 elements
Info    : 0.50 < quality < 0.60 :        33 elements
Info    : 0.60 < quality < 0.70 :        75 elements
Info    : 0.70 < quality < 0.80 :       166 elements
Info    : 0.80 < quality < 0.90 :       138 elements
Info    : 0.90 < quality < 1.00 :        45 elements
Info    : Done optimizing mesh (Wall 0.0456733s, CPU 0.045674s)
Info    : 13617 nodes 68293 elements
Info    : Meshing order 2 (curvilinear on)...
Info    : [  0%] Meshing curve 1 order 2
Info    : [ 10%] Meshing curve 2 order 2
Info    : [ 20%] Meshing curve 3 order 2
Info    : [ 20%] Meshing curve 4 order 2
Info    : [ 30%] Meshing curve 5 order 2
Info    : [ 30%] Meshing curve 6 order 2
Info    : [ 40%] Meshing curve 7 order 2
Info    : [ 40%] Meshing curve 8 order 2
Info    : [ 50%] Meshing curve 9 order 2
Info    : [ 50%] Meshing curve 10 order 2
Info    : [ 60%] Meshing curve 11 order 2
Info    : [ 60%] Meshing curve 12 order 2
Info    : [ 70%] Meshing surface 1 order 2
Info    : [ 70%] Meshing surface 2 order 2
Info    : [ 80%] Meshing surface 3 order 2
Info    : [ 80%] Meshing surface 4 order 2
Info    : [ 90%] Meshing surface 5 order 2
Info    : [ 90%] Meshing surface 6 order 2
Info    : [100%] Meshing volume 1 order 2
Info    : [100%] Meshing volume 2 order 2
Info    : Surface mesh: worst distortion = 0.797589 (0 elements in ]0, 0.2]); worst gamma = 0.297279
Info    : Volume mesh: worst distortion = 0.262055 (0 elements in ]0, 0.2])
Info    : Done meshing order 2 (Wall 7.73618s, CPU 7.73443s)
Info    : Writing '/home/user/mscr-mom/현서/scripts/contact_scenarios/fea/lmphi_mesh_LM0_phiN150_s100.inp'...
Info    : Done writing '/home/user/mscr-mom/현서/scripts/contact_scenarios/fea/lmphi_mesh_LM0_phiN150_s100.inp'
  [LM0_phiN150] [실패] (641.5s)
[LM0_phiN150] 완료: 3/10 성공
