[LM50_phiP30_b0 1/10] L_M=50.0, phi=30.0, beta=0.0, s=10.0mm, push_depth=0.1mm ...
Info    : Meshing 1D...
Info    : [  0%] Meshing curve 1 (BSpline)
Info    : [ 10%] Meshing curve 2 (Ellipse)
Info    : [ 20%] Meshing curve 3 (Ellipse)
Info    : [ 30%] Meshing curve 4 (BSpline)
Info    : [ 40%] Meshing curve 5 (BSpline)
Info    : [ 50%] Meshing curve 6 (BSpline)
Info    : [ 60%] Meshing curve 7 (BSpline)
Info    : [ 60%] Meshing curve 8 (BSpline)
Info    : [ 70%] Meshing curve 9 (BSpline)
Info    : [ 90%] Meshing curve 11 (Circle)
Info    : Done meshing 1D (Wall 0.0135295s, CPU 0.013498s)
Info    : Meshing 2D...
Info    : [  0%] Meshing surface 1 (Plane, Frontal-Delaunay)
Info    : [ 20%] Meshing surface 2 (Plane, Frontal-Delaunay)
Info    : [ 40%] Meshing surface 3 (BSpline surface, Frontal-Delaunay)
Info    : [ 60%] Meshing surface 4 (BSpline surface, Frontal-Delaunay)
Info    : [ 70%] Meshing surface 5 (Plane, Frontal-Delaunay)
Info    : [ 90%] Meshing surface 6 (Sphere, Frontal-Delaunay)
Info    : Done meshing 2D (Wall 0.674822s, CPU 0.667497s)
Info    : Meshing 3D...
Info    : 3D Meshing 2 volumes with 2 connected components
Info    : Tetrahedrizing 12564 nodes...
Info    : Done tetrahedrizing 12572 nodes (Wall 0.137503s, CPU 0.129475s)
Info    : Reconstructing mesh...
Info    :  - Creating surface mesh
Info    :  - Identifying boundary edges
Info    :  - Recovering boundary
Info    : Done reconstructing mesh (Wall 0.368689s, CPU 0.346738s)
Info    : Found volume 1
Info    : It. 0 - 0 nodes created - worst tet radius 1.06873 (nodes removed 0 0)
Info    : It. 500 - 500 nodes created - worst tet radius 1.00243 (nodes removed 0 0)
Info    : 3D refinement terminated (13361 nodes total):
Info    :  - 0 Delaunay cavities modified for star shapeness
Info    :  - 0 nodes could not be inserted
Info    :  - 43191 tetrahedra created in 0.0354787 sec. (1217378 tets/s)
Info    : 0 node relocations
Info    : Tetrahedrizing 130 nodes...
Info    : Done tetrahedrizing 138 nodes (Wall 0.000769785s, CPU 0.000772s)
Info    : Reconstructing mesh...
Info    :  - Creating surface mesh
Info    :  - Identifying boundary edges
Info    :  - Recovering boundary
Info    : Done reconstructing mesh (Wall 0.0020372s, CPU 0.002039s)
Info    : Found volume 2
Info    : It. 0 - 0 nodes created - worst tet radius 3.04464 (nodes removed 0 0)
Info    : 3D refinement terminated (12775 nodes total):
Info    :  - 0 Delaunay cavities modified for star shapeness
Info    :  - 0 nodes could not be inserted
Info    :  - 492 tetrahedra created in 0.00564378 sec. (87175 tets/s)
Info    : 0 node relocations
Info    : Done meshing 3D (Wall 0.698567s, CPU 0.675531s)
Info    : Optimizing mesh...
Info    : Optimizing volume 1
Info    : Optimization starts (volume = 235.573) with worst = 0.00420637 / average = 0.684057:
Info    : 0.00 < quality < 0.10 :       208 elements
Info    : 0.10 < quality < 0.20 :       450 elements
Info    : 0.20 < quality < 0.30 :       688 elements
Info    : 0.30 < quality < 0.40 :       836 elements
Info    : 0.40 < quality < 0.50 :      1301 elements
Info    : 0.50 < quality < 0.60 :      4203 elements
Info    : 0.60 < quality < 0.70 :     11618 elements
Info    : 0.70 < quality < 0.80 :     19311 elements
Info    : 0.80 < quality < 0.90 :      2555 elements
Info    : 0.90 < quality < 1.00 :      2021 elements
Info    : 1282 edge swaps, 26 node relocations (volume = 235.573): worst = 0.138996 / average = 0.701447 (Wall 0.0177278s, CPU 0.017727s)
Info    : 1322 edge swaps, 26 node relocations (volume = 235.573): worst = 0.148432 / average = 0.70184 (Wall 0.0223845s, CPU 0.022384s)
Info    : 1326 edge swaps, 26 node relocations (volume = 235.573): worst = 0.148432 / average = 0.701889 (Wall 0.0264398s, CPU 0.026439s)
Info    : No ill-shaped tets in the mesh :-)
Info    : 0.00 < quality < 0.10 :         0 elements
Info    : 0.10 < quality < 0.20 :         3 elements
Info    : 0.20 < quality < 0.30 :        11 elements
Info    : 0.30 < quality < 0.40 :       679 elements
Info    : 0.40 < quality < 0.50 :      1091 elements
Info    : 0.50 < quality < 0.60 :      4318 elements
Info    : 0.60 < quality < 0.70 :     12027 elements
Info    : 0.70 < quality < 0.80 :     19103 elements
Info    : 0.80 < quality < 0.90 :      2720 elements
Info    : 0.90 < quality < 1.00 :      2027 elements
Info    : Optimizing volume 2
Info    : Optimization starts (volume = 0.256435) with worst = 0.0657345 / average = 0.748343:
Info    : 0.00 < quality < 0.10 :         1 elements
Info    : 0.10 < quality < 0.20 :         3 elements
Info    : 0.20 < quality < 0.30 :         6 elements
Info    : 0.30 < quality < 0.40 :        10 elements
Info    : 0.40 < quality < 0.50 :        17 elements
Info    : 0.50 < quality < 0.60 :        17 elements
Info    : 0.60 < quality < 0.70 :        62 elements
Info    : 0.70 < quality < 0.80 :       188 elements
Info    : 0.80 < quality < 0.90 :       151 elements
Info    : 0.90 < quality < 1.00 :        37 elements
Info    : 10 edge swaps, 0 node relocations (volume = 0.256435): worst = 0.31774 / average = 0.761248 (Wall 0.000134165s, CPU 0.000138s)
Info    : No ill-shaped tets in the mesh :-)
Info    : 0.00 < quality < 0.10 :         0 elements
Info    : 0.10 < quality < 0.20 :         0 elements
Info    : 0.20 < quality < 0.30 :         0 elements
Info    : 0.30 < quality < 0.40 :        10 elements
Info    : 0.40 < quality < 0.50 :        15 elements
Info    : 0.50 < quality < 0.60 :        15 elements
Info    : 0.60 < quality < 0.70 :        66 elements
Info    : 0.70 < quality < 0.80 :       188 elements
Info    : 0.80 < quality < 0.90 :       152 elements
Info    : 0.90 < quality < 1.00 :        37 elements
Info    : Done optimizing mesh (Wall 0.0563141s, CPU 0.056305s)
Info    : 13761 nodes 69075 elements
Info    : Meshing order 2 (curvilinear on)...
Info    : [  0%] Meshing curve 1 order 2
Info    : [ 10%] Meshing curve 2 order 2
Info    : [ 20%] Meshing curve 3 order 2
Info    : [ 20%] Meshing curve 4 order 2
Info    : [ 30%] Meshing curve 5 order 2
Info    : [ 30%] Meshing curve 6 order 2
Info    : [ 40%] Meshing curve 7 order 2
Info    : [ 40%] Meshing curve 8 order 2
Info    : [ 50%] Meshing curve 9 order 2
Info    : [ 50%] Meshing curve 10 order 2
Info    : [ 60%] Meshing curve 11 order 2
Info    : [ 60%] Meshing curve 12 order 2
Info    : [ 70%] Meshing surface 1 order 2
Info    : [ 70%] Meshing surface 2 order 2
Info    : [ 80%] Meshing surface 3 order 2
Info    : [ 80%] Meshing surface 4 order 2
Info    : [ 90%] Meshing surface 5 order 2
Info    : [ 90%] Meshing surface 6 order 2
Info    : [100%] Meshing volume 1 order 2
Info    : [100%] Meshing volume 2 order 2
Info    : Surface mesh: worst distortion = 0.797589 (0 elements in ]0, 0.2]); worst gamma = 0.698313
Info    : Volume mesh: worst distortion = 0.261333 (0 elements in ]0, 0.2])
Info    : Done meshing order 2 (Wall 9.7116s, CPU 9.7042s)
Info    : Writing '/home/user/mscr-mom/현서/scripts/contact_scenarios/fea/matv2_mesh_LM50_phiP30_b0_s10.inp'...
Info    : Done writing '/home/user/mscr-mom/현서/scripts/contact_scenarios/fea/matv2_mesh_LM50_phiP30_b0_s10.inp'
  [LM50_phiP30_b0] F_mag=0.1617mN  (597.2s)
[LM50_phiP30_b0 2/10] L_M=50.0, phi=30.0, beta=0.0, s=20.0mm, push_depth=0.1mm ...
Info    : Meshing 1D...
Info    : [  0%] Meshing curve 1 (BSpline)
Info    : [ 10%] Meshing curve 2 (Ellipse)
Info    : [ 20%] Meshing curve 3 (Ellipse)
Info    : [ 30%] Meshing curve 4 (BSpline)
Info    : [ 40%] Meshing curve 5 (BSpline)
Info    : [ 50%] Meshing curve 6 (BSpline)
Info    : [ 60%] Meshing curve 7 (BSpline)
Info    : [ 60%] Meshing curve 8 (BSpline)
Info    : [ 70%] Meshing curve 9 (BSpline)
Info    : [ 90%] Meshing curve 11 (Circle)
Info    : Done meshing 1D (Wall 0.013395s, CPU 0.01333s)
Info    : Meshing 2D...
Info    : [  0%] Meshing surface 1 (Plane, Frontal-Delaunay)
Info    : [ 20%] Meshing surface 2 (Plane, Frontal-Delaunay)
Info    : [ 40%] Meshing surface 3 (BSpline surface, Frontal-Delaunay)
Info    : [ 60%] Meshing surface 4 (BSpline surface, Frontal-Delaunay)
Info    : [ 70%] Meshing surface 5 (Plane, Frontal-Delaunay)
Info    : [ 90%] Meshing surface 6 (Sphere, Frontal-Delaunay)
Info    : Done meshing 2D (Wall 0.678665s, CPU 0.678542s)
Info    : Meshing 3D...
Info    : 3D Meshing 2 volumes with 2 connected components
Info    : Tetrahedrizing 12564 nodes...
Info    : Done tetrahedrizing 12572 nodes (Wall 0.135889s, CPU 0.126879s)
Info    : Reconstructing mesh...
Info    :  - Creating surface mesh
Info    :  - Identifying boundary edges
Info    :  - Recovering boundary
Info    : Done reconstructing mesh (Wall 0.357733s, CPU 0.3372s)
Info    : Found volume 1
Info    : It. 0 - 0 nodes created - worst tet radius 1.06873 (nodes removed 0 0)
Info    : It. 500 - 500 nodes created - worst tet radius 1.00243 (nodes removed 0 0)
Info    : 3D refinement terminated (13362 nodes total):
Info    :  - 0 Delaunay cavities modified for star shapeness
Info    :  - 0 nodes could not be inserted
Info    :  - 43191 tetrahedra created in 0.0425944 sec. (1014005 tets/s)
Info    : 0 node relocations
Info    : Tetrahedrizing 131 nodes...
Info    : Done tetrahedrizing 139 nodes (Wall 0.000793651s, CPU 0.000796s)
Info    : Reconstructing mesh...
Info    :  - Creating surface mesh
Info    :  - Identifying boundary edges
Info    :  - Recovering boundary
Info    : Done reconstructing mesh (Wall 0.00224024s, CPU 0.002243s)
Info    : Found volume 2
Info    : It. 0 - 0 nodes created - worst tet radius 3.11346 (nodes removed 0 0)
Info    : 3D refinement terminated (12774 nodes total):
Info    :  - 0 Delaunay cavities modified for star shapeness
Info    :  - 0 nodes could not be inserted
Info    :  - 474 tetrahedra created in 0.00703342 sec. (67392 tets/s)
Info    : 0 node relocations
Info    : Done meshing 3D (Wall 0.722536s, CPU 0.701941s)
Info    : Optimizing mesh...
Info    : Optimizing volume 1
Info    : Optimization starts (volume = 235.573) with worst = 0.00420637 / average = 0.684057:
Info    : 0.00 < quality < 0.10 :       208 elements
Info    : 0.10 < quality < 0.20 :       450 elements
Info    : 0.20 < quality < 0.30 :       688 elements
Info    : 0.30 < quality < 0.40 :       836 elements
Info    : 0.40 < quality < 0.50 :      1301 elements
Info    : 0.50 < quality < 0.60 :      4203 elements
Info    : 0.60 < quality < 0.70 :     11618 elements
Info    : 0.70 < quality < 0.80 :     19311 elements
Info    : 0.80 < quality < 0.90 :      2555 elements
Info    : 0.90 < quality < 1.00 :      2021 elements
Info    : 1282 edge swaps, 26 node relocations (volume = 235.573): worst = 0.138996 / average = 0.701447 (Wall 0.0185979s, CPU 0.018598s)
Info    : 1322 edge swaps, 26 node relocations (volume = 235.573): worst = 0.148432 / average = 0.70184 (Wall 0.0226164s, CPU 0.022617s)
Info    : 1326 edge swaps, 26 node relocations (volume = 235.573): worst = 0.148432 / average = 0.701889 (Wall 0.0257965s, CPU 0.025796s)
Info    : No ill-shaped tets in the mesh :-)
Info    : 0.00 < quality < 0.10 :         0 elements
Info    : 0.10 < quality < 0.20 :         3 elements
Info    : 0.20 < quality < 0.30 :        11 elements
Info    : 0.30 < quality < 0.40 :       679 elements
Info    : 0.40 < quality < 0.50 :      1091 elements
Info    : 0.50 < quality < 0.60 :      4318 elements
Info    : 0.60 < quality < 0.70 :     12027 elements
Info    : 0.70 < quality < 0.80 :     19103 elements
Info    : 0.80 < quality < 0.90 :      2720 elements
Info    : 0.90 < quality < 1.00 :      2027 elements
Info    : Optimizing volume 2
Info    : Optimization starts (volume = 0.256422) with worst = 0.0624585 / average = 0.751959:
Info    : 0.00 < quality < 0.10 :         1 elements
Info    : 0.10 < quality < 0.20 :         1 elements
Info    : 0.20 < quality < 0.30 :         4 elements
Info    : 0.30 < quality < 0.40 :         8 elements
Info    : 0.40 < quality < 0.50 :         8 elements
Info    : 0.50 < quality < 0.60 :        19 elements
Info    : 0.60 < quality < 0.70 :        80 elements
Info    : 0.70 < quality < 0.80 :       185 elements
Info    : 0.80 < quality < 0.90 :       128 elements
Info    : 0.90 < quality < 1.00 :        40 elements
Info    : 6 edge swaps, 0 node relocations (volume = 0.256422): worst = 0.301484 / average = 0.760976 (Wall 9.63169e-05s, CPU 9.9e-05s)
Info    : No ill-shaped tets in the mesh :-)
Info    : 0.00 < quality < 0.10 :         0 elements
Info    : 0.10 < quality < 0.20 :         0 elements
Info    : 0.20 < quality < 0.30 :         0 elements
Info    : 0.30 < quality < 0.40 :         8 elements
Info    : 0.40 < quality < 0.50 :         7 elements
Info    : 0.50 < quality < 0.60 :        16 elements
Info    : 0.60 < quality < 0.70 :        79 elements
Info    : 0.70 < quality < 0.80 :       189 elements
Info    : 0.80 < quality < 0.90 :       129 elements
Info    : 0.90 < quality < 1.00 :        40 elements
Info    : Done optimizing mesh (Wall 0.0628954s, CPU 0.062894s)
Info    : 13760 nodes 69062 elements
Info    : Meshing order 2 (curvilinear on)...
Info    : [  0%] Meshing curve 1 order 2
Info    : [ 10%] Meshing curve 2 order 2
Info    : [ 20%] Meshing curve 3 order 2
Info    : [ 20%] Meshing curve 4 order 2
Info    : [ 30%] Meshing curve 5 order 2
Info    : [ 30%] Meshing curve 6 order 2
Info    : [ 40%] Meshing curve 7 order 2
Info    : [ 40%] Meshing curve 8 order 2
Info    : [ 50%] Meshing curve 9 order 2
Info    : [ 50%] Meshing curve 10 order 2
Info    : [ 60%] Meshing curve 11 order 2
Info    : [ 60%] Meshing curve 12 order 2
Info    : [ 70%] Meshing surface 1 order 2
Info    : [ 70%] Meshing surface 2 order 2
Info    : [ 80%] Meshing surface 3 order 2
Info    : [ 80%] Meshing surface 4 order 2
Info    : [ 90%] Meshing surface 5 order 2
Info    : [ 90%] Meshing surface 6 order 2
Info    : [100%] Meshing volume 1 order 2
Info    : [100%] Meshing volume 2 order 2
Info    : Surface mesh: worst distortion = 0.797589 (0 elements in ]0, 0.2]); worst gamma = 0.698313
Info    : Volume mesh: worst distortion = 0.261333 (0 elements in ]0, 0.2])
Info    : Done meshing order 2 (Wall 9.8594s, CPU 9.84813s)
Info    : Writing '/home/user/mscr-mom/현서/scripts/contact_scenarios/fea/matv2_mesh_LM50_phiP30_b0_s20.inp'...
Info    : Done writing '/home/user/mscr-mom/현서/scripts/contact_scenarios/fea/matv2_mesh_LM50_phiP30_b0_s20.inp'
  [LM50_phiP30_b0] F_mag=0.0225mN  (473.3s)
[LM50_phiP30_b0 3/10] L_M=50.0, phi=30.0, beta=0.0, s=30.0mm, push_depth=0.1mm ...
Info    : Meshing 1D...
Info    : [  0%] Meshing curve 1 (BSpline)
Info    : [ 10%] Meshing curve 2 (Ellipse)
Info    : [ 20%] Meshing curve 3 (Ellipse)
Info    : [ 30%] Meshing curve 4 (BSpline)
Info    : [ 40%] Meshing curve 5 (BSpline)
Info    : [ 50%] Meshing curve 6 (BSpline)
Info    : [ 60%] Meshing curve 7 (BSpline)
Info    : [ 60%] Meshing curve 8 (BSpline)
Info    : [ 70%] Meshing curve 9 (BSpline)
Info    : [ 90%] Meshing curve 11 (Circle)
Info    : Done meshing 1D (Wall 0.013824s, CPU 0.013773s)
Info    : Meshing 2D...
Info    : [  0%] Meshing surface 1 (Plane, Frontal-Delaunay)
Info    : [ 20%] Meshing surface 2 (Plane, Frontal-Delaunay)
Info    : [ 40%] Meshing surface 3 (BSpline surface, Frontal-Delaunay)
Info    : [ 60%] Meshing surface 4 (BSpline surface, Frontal-Delaunay)
Info    : [ 70%] Meshing surface 5 (Plane, Frontal-Delaunay)
Info    : [ 90%] Meshing surface 6 (Sphere, Frontal-Delaunay)
Info    : Done meshing 2D (Wall 0.706486s, CPU 0.706033s)
Info    : Meshing 3D...
Info    : 3D Meshing 2 volumes with 2 connected components
Info    : Tetrahedrizing 12564 nodes...
Info    : Done tetrahedrizing 12572 nodes (Wall 0.1414s, CPU 0.131388s)
Info    : Reconstructing mesh...
Info    :  - Creating surface mesh
Info    :  - Identifying boundary edges
Info    :  - Recovering boundary
Info    : Done reconstructing mesh (Wall 0.384876s, CPU 0.363762s)
Info    : Found volume 1
Info    : It. 0 - 0 nodes created - worst tet radius 1.06873 (nodes removed 0 0)
Info    : It. 500 - 500 nodes created - worst tet radius 1.00243 (nodes removed 0 0)
Info    : 3D refinement terminated (13362 nodes total):
Info    :  - 0 Delaunay cavities modified for star shapeness
Info    :  - 0 nodes could not be inserted
Info    :  - 43191 tetrahedra created in 0.0303759 sec. (1421884 tets/s)
Info    : 0 node relocations
Info    : Tetrahedrizing 131 nodes...
Info    : Done tetrahedrizing 139 nodes (Wall 0.000751226s, CPU 0.00075s)
Info    : Reconstructing mesh...
Info    :  - Creating surface mesh
Info    :  - Identifying boundary edges
Info    :  - Recovering boundary
Info    : Done reconstructing mesh (Wall 0.00226277s, CPU 0.00151s)
Info    : Found volume 2
Info    : It. 0 - 0 nodes created - worst tet radius 3.11346 (nodes removed 0 0)
Info    : 3D refinement terminated (12774 nodes total):
Info    :  - 0 Delaunay cavities modified for star shapeness
Info    :  - 0 nodes could not be inserted
Info    :  - 474 tetrahedra created in 0.00540406 sec. (87711 tets/s)
Info    : 0 node relocations
Info    : Done meshing 3D (Wall 0.721917s, CPU 0.699489s)
Info    : Optimizing mesh...
Info    : Optimizing volume 1
Info    : Optimization starts (volume = 235.573) with worst = 0.00420637 / average = 0.684057:
Info    : 0.00 < quality < 0.10 :       208 elements
Info    : 0.10 < quality < 0.20 :       450 elements
Info    : 0.20 < quality < 0.30 :       688 elements
Info    : 0.30 < quality < 0.40 :       836 elements
Info    : 0.40 < quality < 0.50 :      1301 elements
Info    : 0.50 < quality < 0.60 :      4203 elements
Info    : 0.60 < quality < 0.70 :     11618 elements
Info    : 0.70 < quality < 0.80 :     19311 elements
Info    : 0.80 < quality < 0.90 :      2555 elements
Info    : 0.90 < quality < 1.00 :      2021 elements
Info    : 1282 edge swaps, 26 node relocations (volume = 235.573): worst = 0.138996 / average = 0.701447 (Wall 0.0219519s, CPU 0.021822s)
Info    : 1322 edge swaps, 26 node relocations (volume = 235.573): worst = 0.148432 / average = 0.70184 (Wall 0.0264393s, CPU 0.026312s)
Info    : 1326 edge swaps, 26 node relocations (volume = 235.573): worst = 0.148432 / average = 0.701889 (Wall 0.0293937s, CPU 0.029266s)
Info    : No ill-shaped tets in the mesh :-)
Info    : 0.00 < quality < 0.10 :         0 elements
Info    : 0.10 < quality < 0.20 :         3 elements
Info    : 0.20 < quality < 0.30 :        11 elements
Info    : 0.30 < quality < 0.40 :       679 elements
Info    : 0.40 < quality < 0.50 :      1091 elements
Info    : 0.50 < quality < 0.60 :      4318 elements
Info    : 0.60 < quality < 0.70 :     12027 elements
Info    : 0.70 < quality < 0.80 :     19103 elements
Info    : 0.80 < quality < 0.90 :      2720 elements
Info    : 0.90 < quality < 1.00 :      2027 elements
Info    : Optimizing volume 2
Info    : Optimization starts (volume = 0.256422) with worst = 0.0624585 / average = 0.751959:
Info    : 0.00 < quality < 0.10 :         1 elements
Info    : 0.10 < quality < 0.20 :         1 elements
Info    : 0.20 < quality < 0.30 :         4 elements
Info    : 0.30 < quality < 0.40 :         8 elements
Info    : 0.40 < quality < 0.50 :         8 elements
Info    : 0.50 < quality < 0.60 :        19 elements
Info    : 0.60 < quality < 0.70 :        80 elements
Info    : 0.70 < quality < 0.80 :       185 elements
Info    : 0.80 < quality < 0.90 :       128 elements
Info    : 0.90 < quality < 1.00 :        40 elements
Info    : 6 edge swaps, 0 node relocations (volume = 0.256422): worst = 0.301484 / average = 0.760976 (Wall 9.63872e-05s, CPU 9.8e-05s)
Info    : No ill-shaped tets in the mesh :-)
Info    : 0.00 < quality < 0.10 :         0 elements
Info    : 0.10 < quality < 0.20 :         0 elements
Info    : 0.20 < quality < 0.30 :         0 elements
Info    : 0.30 < quality < 0.40 :         8 elements
Info    : 0.40 < quality < 0.50 :         7 elements
Info    : 0.50 < quality < 0.60 :        16 elements
Info    : 0.60 < quality < 0.70 :        79 elements
Info    : 0.70 < quality < 0.80 :       189 elements
Info    : 0.80 < quality < 0.90 :       129 elements
Info    : 0.90 < quality < 1.00 :        40 elements
Info    : Done optimizing mesh (Wall 0.0600366s, CPU 0.059903s)
Info    : 13760 nodes 69062 elements
Info    : Meshing order 2 (curvilinear on)...
Info    : [  0%] Meshing curve 1 order 2
Info    : [ 10%] Meshing curve 2 order 2
Info    : [ 20%] Meshing curve 3 order 2
Info    : [ 20%] Meshing curve 4 order 2
Info    : [ 30%] Meshing curve 5 order 2
Info    : [ 30%] Meshing curve 6 order 2
Info    : [ 40%] Meshing curve 7 order 2
Info    : [ 40%] Meshing curve 8 order 2
Info    : [ 50%] Meshing curve 9 order 2
Info    : [ 50%] Meshing curve 10 order 2
Info    : [ 60%] Meshing curve 11 order 2
Info    : [ 60%] Meshing curve 12 order 2
Info    : [ 70%] Meshing surface 1 order 2
Info    : [ 70%] Meshing surface 2 order 2
Info    : [ 80%] Meshing surface 3 order 2
Info    : [ 80%] Meshing surface 4 order 2
Info    : [ 90%] Meshing surface 5 order 2
Info    : [ 90%] Meshing surface 6 order 2
Info    : [100%] Meshing volume 1 order 2
Info    : [100%] Meshing volume 2 order 2
Info    : Surface mesh: worst distortion = 0.797589 (0 elements in ]0, 0.2]); worst gamma = 0.698313
Info    : Volume mesh: worst distortion = 0.261333 (0 elements in ]0, 0.2])
Info    : Done meshing order 2 (Wall 9.65485s, CPU 9.64953s)
Info    : Writing '/home/user/mscr-mom/현서/scripts/contact_scenarios/fea/matv2_mesh_LM50_phiP30_b0_s30.inp'...
Info    : Done writing '/home/user/mscr-mom/현서/scripts/contact_scenarios/fea/matv2_mesh_LM50_phiP30_b0_s30.inp'
  [LM50_phiP30_b0] [실패] (1509.9s)
[LM50_phiP30_b0 4/10] L_M=50.0, phi=30.0, beta=0.0, s=40.0mm, push_depth=0.1mm ...
Info    : Meshing 1D...
Info    : [  0%] Meshing curve 1 (BSpline)
Info    : [ 10%] Meshing curve 2 (Ellipse)
Info    : [ 20%] Meshing curve 3 (Ellipse)
Info    : [ 30%] Meshing curve 4 (BSpline)
Info    : [ 40%] Meshing curve 5 (BSpline)
Info    : [ 50%] Meshing curve 6 (BSpline)
Info    : [ 60%] Meshing curve 7 (BSpline)
Info    : [ 60%] Meshing curve 8 (BSpline)
Info    : [ 70%] Meshing curve 9 (BSpline)
Info    : [ 90%] Meshing curve 11 (Circle)
Info    : Done meshing 1D (Wall 0.0135864s, CPU 0.013445s)
Info    : Meshing 2D...
Info    : [  0%] Meshing surface 1 (Plane, Frontal-Delaunay)
Info    : [ 20%] Meshing surface 2 (Plane, Frontal-Delaunay)
Info    : [ 40%] Meshing surface 3 (BSpline surface, Frontal-Delaunay)
Info    : [ 60%] Meshing surface 4 (BSpline surface, Frontal-Delaunay)
Info    : [ 70%] Meshing surface 5 (Plane, Frontal-Delaunay)
Info    : [ 90%] Meshing surface 6 (Sphere, Frontal-Delaunay)
Info    : Done meshing 2D (Wall 0.689251s, CPU 0.688555s)
Info    : Meshing 3D...
Info    : 3D Meshing 2 volumes with 2 connected components
Info    : Tetrahedrizing 12564 nodes...
Info    : Done tetrahedrizing 12572 nodes (Wall 0.131871s, CPU 0.125889s)
Info    : Reconstructing mesh...
Info    :  - Creating surface mesh
Info    :  - Identifying boundary edges
Info    :  - Recovering boundary
Info    : Done reconstructing mesh (Wall 0.344345s, CPU 0.329346s)
Info    : Found volume 1
Info    : It. 0 - 0 nodes created - worst tet radius 1.06873 (nodes removed 0 0)
Info    : It. 500 - 500 nodes created - worst tet radius 1.00243 (nodes removed 0 0)
Info    : 3D refinement terminated (13362 nodes total):
Info    :  - 0 Delaunay cavities modified for star shapeness
Info    :  - 0 nodes could not be inserted
Info    :  - 43191 tetrahedra created in 0.0298464 sec. (1447110 tets/s)
Info    : 0 node relocations
Info    : Tetrahedrizing 131 nodes...
Info    : Done tetrahedrizing 139 nodes (Wall 0.000791694s, CPU 0.000792s)
Info    : Reconstructing mesh...
Info    :  - Creating surface mesh
Info    :  - Identifying boundary edges
Info    :  - Recovering boundary
Info    : Done reconstructing mesh (Wall 0.00184898s, CPU 0.001851s)
Info    : Found volume 2
Info    : It. 0 - 0 nodes created - worst tet radius 3.11346 (nodes removed 0 0)
Info    : 3D refinement terminated (12774 nodes total):
Info    :  - 0 Delaunay cavities modified for star shapeness
Info    :  - 0 nodes could not be inserted
Info    :  - 474 tetrahedra created in 0.00265825 sec. (178313 tets/s)
Info    : 0 node relocations
Info    : Done meshing 3D (Wall 0.659005s, CPU 0.643984s)
Info    : Optimizing mesh...
Info    : Optimizing volume 1
Info    : Optimization starts (volume = 235.573) with worst = 0.00420637 / average = 0.684057:
Info    : 0.00 < quality < 0.10 :       208 elements
Info    : 0.10 < quality < 0.20 :       450 elements
Info    : 0.20 < quality < 0.30 :       688 elements
Info    : 0.30 < quality < 0.40 :       836 elements
Info    : 0.40 < quality < 0.50 :      1301 elements
Info    : 0.50 < quality < 0.60 :      4203 elements
Info    : 0.60 < quality < 0.70 :     11618 elements
Info    : 0.70 < quality < 0.80 :     19311 elements
Info    : 0.80 < quality < 0.90 :      2555 elements
Info    : 0.90 < quality < 1.00 :      2021 elements
Info    : 1282 edge swaps, 26 node relocations (volume = 235.573): worst = 0.138996 / average = 0.701447 (Wall 0.0175633s, CPU 0.01756s)
Info    : 1322 edge swaps, 26 node relocations (volume = 235.573): worst = 0.148432 / average = 0.70184 (Wall 0.0207604s, CPU 0.02076s)
Info    : 1326 edge swaps, 26 node relocations (volume = 235.573): worst = 0.148432 / average = 0.701889 (Wall 0.0230178s, CPU 0.023019s)
Info    : No ill-shaped tets in the mesh :-)
Info    : 0.00 < quality < 0.10 :         0 elements
Info    : 0.10 < quality < 0.20 :         3 elements
Info    : 0.20 < quality < 0.30 :        11 elements
Info    : 0.30 < quality < 0.40 :       679 elements
Info    : 0.40 < quality < 0.50 :      1091 elements
Info    : 0.50 < quality < 0.60 :      4318 elements
Info    : 0.60 < quality < 0.70 :     12027 elements
Info    : 0.70 < quality < 0.80 :     19103 elements
Info    : 0.80 < quality < 0.90 :      2720 elements
Info    : 0.90 < quality < 1.00 :      2027 elements
Info    : Optimizing volume 2
Info    : Optimization starts (volume = 0.256422) with worst = 0.0624585 / average = 0.751959:
Info    : 0.00 < quality < 0.10 :         1 elements
Info    : 0.10 < quality < 0.20 :         1 elements
Info    : 0.20 < quality < 0.30 :         4 elements
Info    : 0.30 < quality < 0.40 :         8 elements
Info    : 0.40 < quality < 0.50 :         8 elements
Info    : 0.50 < quality < 0.60 :        19 elements
Info    : 0.60 < quality < 0.70 :        80 elements
Info    : 0.70 < quality < 0.80 :       185 elements
Info    : 0.80 < quality < 0.90 :       128 elements
Info    : 0.90 < quality < 1.00 :        40 elements
Info    : 6 edge swaps, 0 node relocations (volume = 0.256422): worst = 0.301484 / average = 0.760976 (Wall 9.61078e-05s, CPU 9.7e-05s)
Info    : No ill-shaped tets in the mesh :-)
Info    : 0.00 < quality < 0.10 :         0 elements
Info    : 0.10 < quality < 0.20 :         0 elements
Info    : 0.20 < quality < 0.30 :         0 elements
Info    : 0.30 < quality < 0.40 :         8 elements
Info    : 0.40 < quality < 0.50 :         7 elements
Info    : 0.50 < quality < 0.60 :        16 elements
Info    : 0.60 < quality < 0.70 :        79 elements
Info    : 0.70 < quality < 0.80 :       189 elements
Info    : 0.80 < quality < 0.90 :       129 elements
Info    : 0.90 < quality < 1.00 :        40 elements
Info    : Done optimizing mesh (Wall 0.0478685s, CPU 0.047867s)
Info    : 13760 nodes 69062 elements
Info    : Meshing order 2 (curvilinear on)...
Info    : [  0%] Meshing curve 1 order 2
Info    : [ 10%] Meshing curve 2 order 2
Info    : [ 20%] Meshing curve 3 order 2
Info    : [ 20%] Meshing curve 4 order 2
Info    : [ 30%] Meshing curve 5 order 2
Info    : [ 30%] Meshing curve 6 order 2
Info    : [ 40%] Meshing curve 7 order 2
Info    : [ 40%] Meshing curve 8 order 2
Info    : [ 50%] Meshing curve 9 order 2
Info    : [ 50%] Meshing curve 10 order 2
Info    : [ 60%] Meshing curve 11 order 2
Info    : [ 60%] Meshing curve 12 order 2
Info    : [ 70%] Meshing surface 1 order 2
Info    : [ 70%] Meshing surface 2 order 2
Info    : [ 80%] Meshing surface 3 order 2
Info    : [ 80%] Meshing surface 4 order 2
Info    : [ 90%] Meshing surface 5 order 2
Info    : [ 90%] Meshing surface 6 order 2
Info    : [100%] Meshing volume 1 order 2
Info    : [100%] Meshing volume 2 order 2
Info    : Surface mesh: worst distortion = 0.797589 (0 elements in ]0, 0.2]); worst gamma = 0.698313
Info    : Volume mesh: worst distortion = 0.261333 (0 elements in ]0, 0.2])
Info    : Done meshing order 2 (Wall 10.2418s, CPU 10.2352s)
Info    : Writing '/home/user/mscr-mom/현서/scripts/contact_scenarios/fea/matv2_mesh_LM50_phiP30_b0_s40.inp'...
Info    : Done writing '/home/user/mscr-mom/현서/scripts/contact_scenarios/fea/matv2_mesh_LM50_phiP30_b0_s40.inp'
  [LM50_phiP30_b0] [실패] (1280.4s)
[LM50_phiP30_b0 5/10] L_M=50.0, phi=30.0, beta=0.0, s=50.0mm, push_depth=0.1mm ...
Info    : Meshing 1D...
Info    : [  0%] Meshing curve 1 (BSpline)
Info    : [ 10%] Meshing curve 2 (Ellipse)
Info    : [ 20%] Meshing curve 3 (Ellipse)
Info    : [ 30%] Meshing curve 4 (BSpline)
Info    : [ 40%] Meshing curve 5 (BSpline)
Info    : [ 50%] Meshing curve 6 (BSpline)
Info    : [ 60%] Meshing curve 7 (BSpline)
Info    : [ 60%] Meshing curve 8 (BSpline)
Info    : [ 70%] Meshing curve 9 (BSpline)
Info    : [ 90%] Meshing curve 11 (Circle)
Info    : Done meshing 1D (Wall 0.0134662s, CPU 0.013379s)
Info    : Meshing 2D...
Info    : [  0%] Meshing surface 1 (Plane, Frontal-Delaunay)
Info    : [ 20%] Meshing surface 2 (Plane, Frontal-Delaunay)
Info    : [ 40%] Meshing surface 3 (BSpline surface, Frontal-Delaunay)
Info    : [ 60%] Meshing surface 4 (BSpline surface, Frontal-Delaunay)
Info    : [ 70%] Meshing surface 5 (Plane, Frontal-Delaunay)
Info    : [ 90%] Meshing surface 6 (Sphere, Frontal-Delaunay)
Info    : Done meshing 2D (Wall 0.683857s, CPU 0.682573s)
Info    : Meshing 3D...
Info    : 3D Meshing 2 volumes with 2 connected components
Info    : Tetrahedrizing 12564 nodes...
Info    : Done tetrahedrizing 12572 nodes (Wall 0.141203s, CPU 0.129738s)
Info    : Reconstructing mesh...
Info    :  - Creating surface mesh
Info    :  - Identifying boundary edges
Info    :  - Recovering boundary
Info    : Done reconstructing mesh (Wall 0.368143s, CPU 0.349654s)
Info    : Found volume 1
Info    : It. 0 - 0 nodes created - worst tet radius 1.06873 (nodes removed 0 0)
Info    : It. 500 - 500 nodes created - worst tet radius 1.00243 (nodes removed 0 0)
Info    : 3D refinement terminated (13361 nodes total):
Info    :  - 0 Delaunay cavities modified for star shapeness
Info    :  - 0 nodes could not be inserted
Info    :  - 43191 tetrahedra created in 0.0354388 sec. (1218749 tets/s)
Info    : 0 node relocations
Info    : Tetrahedrizing 130 nodes...
Info    : Done tetrahedrizing 138 nodes (Wall 0.000716408s, CPU 0.000717s)
Info    : Reconstructing mesh...
Info    :  - Creating surface mesh
Info    :  - Identifying boundary edges
Info    :  - Recovering boundary
Info    : Done reconstructing mesh (Wall 0.00171896s, CPU 0.001707s)
Info    : Found volume 2
Info    : It. 0 - 0 nodes created - worst tet radius 3.04475 (nodes removed 0 0)
Info    : 3D refinement terminated (12775 nodes total):
Info    :  - 0 Delaunay cavities modified for star shapeness
Info    :  - 0 nodes could not be inserted
Info    :  - 492 tetrahedra created in 0.00597499 sec. (82343 tets/s)
Info    : 0 node relocations
Info    : Done meshing 3D (Wall 0.674451s, CPU 0.654908s)
Info    : Optimizing mesh...
Info    : Optimizing volume 1
Info    : Optimization starts (volume = 235.573) with worst = 0.00420637 / average = 0.684057:
Info    : 0.00 < quality < 0.10 :       208 elements
Info    : 0.10 < quality < 0.20 :       450 elements
Info    : 0.20 < quality < 0.30 :       688 elements
Info    : 0.30 < quality < 0.40 :       836 elements
Info    : 0.40 < quality < 0.50 :      1301 elements
Info    : 0.50 < quality < 0.60 :      4203 elements
Info    : 0.60 < quality < 0.70 :     11618 elements
Info    : 0.70 < quality < 0.80 :     19311 elements
Info    : 0.80 < quality < 0.90 :      2555 elements
Info    : 0.90 < quality < 1.00 :      2021 elements
Info    : 1282 edge swaps, 26 node relocations (volume = 235.573): worst = 0.138996 / average = 0.701447 (Wall 0.0151638s, CPU 0.015165s)
Info    : 1322 edge swaps, 26 node relocations (volume = 235.573): worst = 0.148432 / average = 0.70184 (Wall 0.0180266s, CPU 0.018029s)
Info    : 1326 edge swaps, 26 node relocations (volume = 235.573): worst = 0.148432 / average = 0.701889 (Wall 0.0202148s, CPU 0.020218s)
Info    : No ill-shaped tets in the mesh :-)
Info    : 0.00 < quality < 0.10 :         0 elements
Info    : 0.10 < quality < 0.20 :         3 elements
Info    : 0.20 < quality < 0.30 :        11 elements
Info    : 0.30 < quality < 0.40 :       679 elements
Info    : 0.40 < quality < 0.50 :      1091 elements
Info    : 0.50 < quality < 0.60 :      4318 elements
Info    : 0.60 < quality < 0.70 :     12027 elements
Info    : 0.70 < quality < 0.80 :     19103 elements
Info    : 0.80 < quality < 0.90 :      2720 elements
Info    : 0.90 < quality < 1.00 :      2027 elements
Info    : Optimizing volume 2
Info    : Optimization starts (volume = 0.256435) with worst = 0.0659786 / average = 0.74834:
Info    : 0.00 < quality < 0.10 :         1 elements
Info    : 0.10 < quality < 0.20 :         3 elements
Info    : 0.20 < quality < 0.30 :         6 elements
Info    : 0.30 < quality < 0.40 :        10 elements
Info    : 0.40 < quality < 0.50 :        17 elements
Info    : 0.50 < quality < 0.60 :        17 elements
Info    : 0.60 < quality < 0.70 :        62 elements
Info    : 0.70 < quality < 0.80 :       188 elements
Info    : 0.80 < quality < 0.90 :       151 elements
Info    : 0.90 < quality < 1.00 :        37 elements
Info    : 10 edge swaps, 0 node relocations (volume = 0.256435): worst = 0.317733 / average = 0.761269 (Wall 0.00012516s, CPU 0.000126s)
Info    : No ill-shaped tets in the mesh :-)
Info    : 0.00 < quality < 0.10 :         0 elements
Info    : 0.10 < quality < 0.20 :         0 elements
Info    : 0.20 < quality < 0.30 :         0 elements
Info    : 0.30 < quality < 0.40 :        10 elements
Info    : 0.40 < quality < 0.50 :        15 elements
Info    : 0.50 < quality < 0.60 :        15 elements
Info    : 0.60 < quality < 0.70 :        66 elements
Info    : 0.70 < quality < 0.80 :       188 elements
Info    : 0.80 < quality < 0.90 :       152 elements
Info    : 0.90 < quality < 1.00 :        37 elements
Info    : Done optimizing mesh (Wall 0.0485476s, CPU 0.048547s)
Info    : 13761 nodes 69075 elements
Info    : Meshing order 2 (curvilinear on)...
Info    : [  0%] Meshing curve 1 order 2
Info    : [ 10%] Meshing curve 2 order 2
Info    : [ 20%] Meshing curve 3 order 2
Info    : [ 20%] Meshing curve 4 order 2
Info    : [ 30%] Meshing curve 5 order 2
Info    : [ 30%] Meshing curve 6 order 2
Info    : [ 40%] Meshing curve 7 order 2
Info    : [ 40%] Meshing curve 8 order 2
Info    : [ 50%] Meshing curve 9 order 2
Info    : [ 50%] Meshing curve 10 order 2
Info    : [ 60%] Meshing curve 11 order 2
Info    : [ 60%] Meshing curve 12 order 2
Info    : [ 70%] Meshing surface 1 order 2
Info    : [ 70%] Meshing surface 2 order 2
Info    : [ 80%] Meshing surface 3 order 2
Info    : [ 80%] Meshing surface 4 order 2
Info    : [ 90%] Meshing surface 5 order 2
Info    : [ 90%] Meshing surface 6 order 2
Info    : [100%] Meshing volume 1 order 2
Info    : [100%] Meshing volume 2 order 2
Info    : Surface mesh: worst distortion = 0.797589 (0 elements in ]0, 0.2]); worst gamma = 0.698313
Info    : Volume mesh: worst distortion = 0.261333 (0 elements in ]0, 0.2])
Info    : Done meshing order 2 (Wall 9.87444s, CPU 9.8408s)
Info    : Writing '/home/user/mscr-mom/현서/scripts/contact_scenarios/fea/matv2_mesh_LM50_phiP30_b0_s50.inp'...
Info    : Done writing '/home/user/mscr-mom/현서/scripts/contact_scenarios/fea/matv2_mesh_LM50_phiP30_b0_s50.inp'
  [LM50_phiP30_b0] [실패] (808.8s)
[LM50_phiP30_b0 6/10] L_M=50.0, phi=30.0, beta=0.0, s=60.0mm, push_depth=0.1mm ...
Info    : Meshing 1D...
Info    : [  0%] Meshing curve 1 (BSpline)
Info    : [ 10%] Meshing curve 2 (Ellipse)
Info    : [ 20%] Meshing curve 3 (Ellipse)
Info    : [ 30%] Meshing curve 4 (BSpline)
Info    : [ 40%] Meshing curve 5 (BSpline)
Info    : [ 50%] Meshing curve 6 (BSpline)
Info    : [ 60%] Meshing curve 7 (BSpline)
Info    : [ 60%] Meshing curve 8 (BSpline)
Info    : [ 70%] Meshing curve 9 (BSpline)
Info    : [ 90%] Meshing curve 11 (Circle)
Info    : Done meshing 1D (Wall 0.0134779s, CPU 0.01343s)
Info    : Meshing 2D...
Info    : [  0%] Meshing surface 1 (Plane, Frontal-Delaunay)
Info    : [ 20%] Meshing surface 2 (Plane, Frontal-Delaunay)
Info    : [ 40%] Meshing surface 3 (BSpline surface, Frontal-Delaunay)
Info    : [ 60%] Meshing surface 4 (BSpline surface, Frontal-Delaunay)
Info    : [ 70%] Meshing surface 5 (Plane, Frontal-Delaunay)
Info    : [ 90%] Meshing surface 6 (Sphere, Frontal-Delaunay)
Info    : Done meshing 2D (Wall 0.716344s, CPU 0.713394s)
Info    : Meshing 3D...
Info    : 3D Meshing 2 volumes with 2 connected components
Info    : Tetrahedrizing 12564 nodes...
Info    : Done tetrahedrizing 12572 nodes (Wall 0.135742s, CPU 0.127747s)
Info    : Reconstructing mesh...
Info    :  - Creating surface mesh
Info    :  - Identifying boundary edges
Info    :  - Recovering boundary
Info    : Done reconstructing mesh (Wall 0.353621s, CPU 0.339619s)
Info    : Found volume 1
Info    : It. 0 - 0 nodes created - worst tet radius 1.06873 (nodes removed 0 0)
Info    : It. 500 - 500 nodes created - worst tet radius 1.00243 (nodes removed 0 0)
Info    : 3D refinement terminated (13362 nodes total):
Info    :  - 0 Delaunay cavities modified for star shapeness
Info    :  - 0 nodes could not be inserted
Info    :  - 43191 tetrahedra created in 0.0291957 sec. (1479362 tets/s)
Info    : 0 node relocations
Info    : Tetrahedrizing 131 nodes...
Info    : Done tetrahedrizing 139 nodes (Wall 0.000734882s, CPU 0s)
Info    : Reconstructing mesh...
Info    :  - Creating surface mesh
Info    :  - Identifying boundary edges
Info    :  - Recovering boundary
Info    : Done reconstructing mesh (Wall 0.00168767s, CPU 0.000701s)
Info    : Found volume 2
Info    : It. 0 - 0 nodes created - worst tet radius 3.11346 (nodes removed 0 0)
Info    : 3D refinement terminated (12774 nodes total):
Info    :  - 0 Delaunay cavities modified for star shapeness
Info    :  - 0 nodes could not be inserted
Info    :  - 474 tetrahedra created in 0.00228358 sec. (207568 tets/s)
Info    : 0 node relocations
Info    : Done meshing 3D (Wall 0.628187s, CPU 0.613158s)
Info    : Optimizing mesh...
Info    : Optimizing volume 1
Info    : Optimization starts (volume = 235.573) with worst = 0.00420637 / average = 0.684057:
Info    : 0.00 < quality < 0.10 :       208 elements
Info    : 0.10 < quality < 0.20 :       450 elements
Info    : 0.20 < quality < 0.30 :       688 elements
Info    : 0.30 < quality < 0.40 :       836 elements
Info    : 0.40 < quality < 0.50 :      1301 elements
Info    : 0.50 < quality < 0.60 :      4203 elements
Info    : 0.60 < quality < 0.70 :     11618 elements
Info    : 0.70 < quality < 0.80 :     19311 elements
Info    : 0.80 < quality < 0.90 :      2555 elements
Info    : 0.90 < quality < 1.00 :      2021 elements
Info    : 1282 edge swaps, 26 node relocations (volume = 235.573): worst = 0.138996 / average = 0.701447 (Wall 0.0143912s, CPU 0.014391s)
Info    : 1322 edge swaps, 26 node relocations (volume = 235.573): worst = 0.148432 / average = 0.70184 (Wall 0.0168996s, CPU 0.016903s)
Info    : 1326 edge swaps, 26 node relocations (volume = 235.573): worst = 0.148432 / average = 0.701889 (Wall 0.0189184s, CPU 0.018922s)
Info    : No ill-shaped tets in the mesh :-)
Info    : 0.00 < quality < 0.10 :         0 elements
Info    : 0.10 < quality < 0.20 :         3 elements
Info    : 0.20 < quality < 0.30 :        11 elements
Info    : 0.30 < quality < 0.40 :       679 elements
Info    : 0.40 < quality < 0.50 :      1091 elements
Info    : 0.50 < quality < 0.60 :      4318 elements
Info    : 0.60 < quality < 0.70 :     12027 elements
Info    : 0.70 < quality < 0.80 :     19103 elements
Info    : 0.80 < quality < 0.90 :      2720 elements
Info    : 0.90 < quality < 1.00 :      2027 elements
Info    : Optimizing volume 2
Info    : Optimization starts (volume = 0.256422) with worst = 0.0624585 / average = 0.751959:
Info    : 0.00 < quality < 0.10 :         1 elements
Info    : 0.10 < quality < 0.20 :         1 elements
Info    : 0.20 < quality < 0.30 :         4 elements
Info    : 0.30 < quality < 0.40 :         8 elements
Info    : 0.40 < quality < 0.50 :         8 elements
Info    : 0.50 < quality < 0.60 :        19 elements
Info    : 0.60 < quality < 0.70 :        80 elements
Info    : 0.70 < quality < 0.80 :       185 elements
Info    : 0.80 < quality < 0.90 :       128 elements
Info    : 0.90 < quality < 1.00 :        40 elements
Info    : 6 edge swaps, 0 node relocations (volume = 0.256422): worst = 0.301484 / average = 0.760976 (Wall 0.000100623s, CPU 0.000101s)
Info    : No ill-shaped tets in the mesh :-)
Info    : 0.00 < quality < 0.10 :         0 elements
Info    : 0.10 < quality < 0.20 :         0 elements
Info    : 0.20 < quality < 0.30 :         0 elements
Info    : 0.30 < quality < 0.40 :         8 elements
Info    : 0.40 < quality < 0.50 :         7 elements
Info    : 0.50 < quality < 0.60 :        16 elements
Info    : 0.60 < quality < 0.70 :        79 elements
Info    : 0.70 < quality < 0.80 :       189 elements
Info    : 0.80 < quality < 0.90 :       129 elements
Info    : 0.90 < quality < 1.00 :        40 elements
Info    : Done optimizing mesh (Wall 0.0416339s, CPU 0.041631s)
Info    : 13760 nodes 69062 elements
Info    : Meshing order 2 (curvilinear on)...
Info    : [  0%] Meshing curve 1 order 2
Info    : [ 10%] Meshing curve 2 order 2
Info    : [ 20%] Meshing curve 3 order 2
Info    : [ 20%] Meshing curve 4 order 2
Info    : [ 30%] Meshing curve 5 order 2
Info    : [ 30%] Meshing curve 6 order 2
Info    : [ 40%] Meshing curve 7 order 2
Info    : [ 40%] Meshing curve 8 order 2
Info    : [ 50%] Meshing curve 9 order 2
Info    : [ 50%] Meshing curve 10 order 2
Info    : [ 60%] Meshing curve 11 order 2
Info    : [ 60%] Meshing curve 12 order 2
Info    : [ 70%] Meshing surface 1 order 2
Info    : [ 70%] Meshing surface 2 order 2
Info    : [ 80%] Meshing surface 3 order 2
Info    : [ 80%] Meshing surface 4 order 2
Info    : [ 90%] Meshing surface 5 order 2
Info    : [ 90%] Meshing surface 6 order 2
Info    : [100%] Meshing volume 1 order 2
Info    : [100%] Meshing volume 2 order 2
Info    : Surface mesh: worst distortion = 0.797589 (0 elements in ]0, 0.2]); worst gamma = 0.698313
Info    : Volume mesh: worst distortion = 0.261333 (0 elements in ]0, 0.2])
Info    : Done meshing order 2 (Wall 9.66913s, CPU 9.66084s)
Info    : Writing '/home/user/mscr-mom/현서/scripts/contact_scenarios/fea/matv2_mesh_LM50_phiP30_b0_s60.inp'...
Info    : Done writing '/home/user/mscr-mom/현서/scripts/contact_scenarios/fea/matv2_mesh_LM50_phiP30_b0_s60.inp'
  [LM50_phiP30_b0] [실패] (816.2s)
[LM50_phiP30_b0 7/10] L_M=50.0, phi=30.0, beta=0.0, s=70.0mm, push_depth=0.1mm ...
Info    : Meshing 1D...
Info    : [  0%] Meshing curve 1 (BSpline)
Info    : [ 10%] Meshing curve 2 (Ellipse)
Info    : [ 20%] Meshing curve 3 (Ellipse)
Info    : [ 30%] Meshing curve 4 (BSpline)
Info    : [ 40%] Meshing curve 5 (BSpline)
Info    : [ 50%] Meshing curve 6 (BSpline)
Info    : [ 60%] Meshing curve 7 (BSpline)
Info    : [ 60%] Meshing curve 8 (BSpline)
Info    : [ 70%] Meshing curve 9 (BSpline)
Info    : [ 90%] Meshing curve 11 (Circle)
Info    : Done meshing 1D (Wall 0.0142891s, CPU 0.014285s)
Info    : Meshing 2D...
Info    : [  0%] Meshing surface 1 (Plane, Frontal-Delaunay)
Info    : [ 20%] Meshing surface 2 (Plane, Frontal-Delaunay)
Info    : [ 40%] Meshing surface 3 (BSpline surface, Frontal-Delaunay)
Info    : [ 60%] Meshing surface 4 (BSpline surface, Frontal-Delaunay)
Info    : [ 70%] Meshing surface 5 (Plane, Frontal-Delaunay)
Info    : [ 90%] Meshing surface 6 (Sphere, Frontal-Delaunay)
Info    : Done meshing 2D (Wall 0.66292s, CPU 0.662892s)
Info    : Meshing 3D...
Info    : 3D Meshing 2 volumes with 2 connected components
Info    : Tetrahedrizing 12564 nodes...
Info    : Done tetrahedrizing 12572 nodes (Wall 0.13461s, CPU 0.124365s)
Info    : Reconstructing mesh...
Info    :  - Creating surface mesh
Info    :  - Identifying boundary edges
Info    :  - Recovering boundary
Info    : Done reconstructing mesh (Wall 0.345499s, CPU 0.324248s)
Info    : Found volume 1
Info    : It. 0 - 0 nodes created - worst tet radius 1.06873 (nodes removed 0 0)
Info    : It. 500 - 500 nodes created - worst tet radius 1.00243 (nodes removed 0 0)
Info    : 3D refinement terminated (13361 nodes total):
Info    :  - 0 Delaunay cavities modified for star shapeness
Info    :  - 0 nodes could not be inserted
Info    :  - 43191 tetrahedra created in 0.0396297 sec. (1089863 tets/s)
Info    : 0 node relocations
Info    : Tetrahedrizing 130 nodes...
Info    : Done tetrahedrizing 138 nodes (Wall 0.000717236s, CPU 0.000717s)
Info    : Reconstructing mesh...
Info    :  - Creating surface mesh
Info    :  - Identifying boundary edges
Info    :  - Recovering boundary
Info    : Done reconstructing mesh (Wall 0.00177385s, CPU 0.001777s)
Info    : Found volume 2
Info    : It. 0 - 0 nodes created - worst tet radius 3.04475 (nodes removed 0 0)
Info    : 3D refinement terminated (12775 nodes total):
Info    :  - 0 Delaunay cavities modified for star shapeness
Info    :  - 0 nodes could not be inserted
Info    :  - 492 tetrahedra created in 0.00586102 sec. (83944 tets/s)
Info    : 0 node relocations
Info    : Done meshing 3D (Wall 0.666249s, CPU 0.644966s)
Info    : Optimizing mesh...
Info    : Optimizing volume 1
Info    : Optimization starts (volume = 235.573) with worst = 0.00420637 / average = 0.684057:
Info    : 0.00 < quality < 0.10 :       208 elements
Info    : 0.10 < quality < 0.20 :       450 elements
Info    : 0.20 < quality < 0.30 :       688 elements
Info    : 0.30 < quality < 0.40 :       836 elements
Info    : 0.40 < quality < 0.50 :      1301 elements
Info    : 0.50 < quality < 0.60 :      4203 elements
Info    : 0.60 < quality < 0.70 :     11618 elements
Info    : 0.70 < quality < 0.80 :     19311 elements
Info    : 0.80 < quality < 0.90 :      2555 elements
Info    : 0.90 < quality < 1.00 :      2021 elements
Info    : 1282 edge swaps, 26 node relocations (volume = 235.573): worst = 0.138996 / average = 0.701447 (Wall 0.0172754s, CPU 0.01727s)
Info    : 1322 edge swaps, 26 node relocations (volume = 235.573): worst = 0.148432 / average = 0.70184 (Wall 0.0207711s, CPU 0.019777s)
Info    : 1326 edge swaps, 26 node relocations (volume = 235.573): worst = 0.148432 / average = 0.701889 (Wall 0.0233765s, CPU 0.022371s)
Info    : No ill-shaped tets in the mesh :-)
Info    : 0.00 < quality < 0.10 :         0 elements
Info    : 0.10 < quality < 0.20 :         3 elements
Info    : 0.20 < quality < 0.30 :        11 elements
Info    : 0.30 < quality < 0.40 :       679 elements
Info    : 0.40 < quality < 0.50 :      1091 elements
Info    : 0.50 < quality < 0.60 :      4318 elements
Info    : 0.60 < quality < 0.70 :     12027 elements
Info    : 0.70 < quality < 0.80 :     19103 elements
Info    : 0.80 < quality < 0.90 :      2720 elements
Info    : 0.90 < quality < 1.00 :      2027 elements
Info    : Optimizing volume 2
Info    : Optimization starts (volume = 0.256435) with worst = 0.0659786 / average = 0.74834:
Info    : 0.00 < quality < 0.10 :         1 elements
Info    : 0.10 < quality < 0.20 :         3 elements
Info    : 0.20 < quality < 0.30 :         6 elements
Info    : 0.30 < quality < 0.40 :        10 elements
Info    : 0.40 < quality < 0.50 :        17 elements
Info    : 0.50 < quality < 0.60 :        17 elements
Info    : 0.60 < quality < 0.70 :        62 elements
Info    : 0.70 < quality < 0.80 :       188 elements
Info    : 0.80 < quality < 0.90 :       151 elements
Info    : 0.90 < quality < 1.00 :        37 elements
Info    : 10 edge swaps, 0 node relocations (volume = 0.256435): worst = 0.317733 / average = 0.761269 (Wall 0.000126714s, CPU 0.000128s)
Info    : No ill-shaped tets in the mesh :-)
Info    : 0.00 < quality < 0.10 :         0 elements
Info    : 0.10 < quality < 0.20 :         0 elements
Info    : 0.20 < quality < 0.30 :         0 elements
Info    : 0.30 < quality < 0.40 :        10 elements
Info    : 0.40 < quality < 0.50 :        15 elements
Info    : 0.50 < quality < 0.60 :        15 elements
Info    : 0.60 < quality < 0.70 :        66 elements
Info    : 0.70 < quality < 0.80 :       188 elements
Info    : 0.80 < quality < 0.90 :       152 elements
Info    : 0.90 < quality < 1.00 :        37 elements
Info    : Done optimizing mesh (Wall 0.0485158s, CPU 0.046953s)
Info    : 13761 nodes 69075 elements
Info    : Meshing order 2 (curvilinear on)...
Info    : [  0%] Meshing curve 1 order 2
Info    : [ 10%] Meshing curve 2 order 2
Info    : [ 20%] Meshing curve 3 order 2
Info    : [ 20%] Meshing curve 4 order 2
Info    : [ 30%] Meshing curve 5 order 2
Info    : [ 30%] Meshing curve 6 order 2
Info    : [ 40%] Meshing curve 7 order 2
Info    : [ 40%] Meshing curve 8 order 2
Info    : [ 50%] Meshing curve 9 order 2
Info    : [ 50%] Meshing curve 10 order 2
Info    : [ 60%] Meshing curve 11 order 2
Info    : [ 60%] Meshing curve 12 order 2
Info    : [ 70%] Meshing surface 1 order 2
Info    : [ 70%] Meshing surface 2 order 2
Info    : [ 80%] Meshing surface 3 order 2
Info    : [ 80%] Meshing surface 4 order 2
Info    : [ 90%] Meshing surface 5 order 2
Info    : [ 90%] Meshing surface 6 order 2
Info    : [100%] Meshing volume 1 order 2
Info    : [100%] Meshing volume 2 order 2
Info    : Surface mesh: worst distortion = 0.797589 (0 elements in ]0, 0.2]); worst gamma = 0.698313
Info    : Volume mesh: worst distortion = 0.261333 (0 elements in ]0, 0.2])
Info    : Done meshing order 2 (Wall 9.7184s, CPU 9.71563s)
Info    : Writing '/home/user/mscr-mom/현서/scripts/contact_scenarios/fea/matv2_mesh_LM50_phiP30_b0_s70.inp'...
Info    : Done writing '/home/user/mscr-mom/현서/scripts/contact_scenarios/fea/matv2_mesh_LM50_phiP30_b0_s70.inp'
  [LM50_phiP30_b0] [실패] (656.1s)
[LM50_phiP30_b0 8/10] L_M=50.0, phi=30.0, beta=0.0, s=80.0mm, push_depth=0.1mm ...
Info    : Meshing 1D...
Info    : [  0%] Meshing curve 1 (BSpline)
Info    : [ 10%] Meshing curve 2 (Ellipse)
Info    : [ 20%] Meshing curve 3 (Ellipse)
Info    : [ 30%] Meshing curve 4 (BSpline)
Info    : [ 40%] Meshing curve 5 (BSpline)
Info    : [ 50%] Meshing curve 6 (BSpline)
Info    : [ 60%] Meshing curve 7 (BSpline)
Info    : [ 60%] Meshing curve 8 (BSpline)
Info    : [ 70%] Meshing curve 9 (BSpline)
Info    : [ 90%] Meshing curve 11 (Circle)
Info    : Done meshing 1D (Wall 0.0135489s, CPU 0.013404s)
Info    : Meshing 2D...
Info    : [  0%] Meshing surface 1 (Plane, Frontal-Delaunay)
Info    : [ 20%] Meshing surface 2 (Plane, Frontal-Delaunay)
Info    : [ 40%] Meshing surface 3 (BSpline surface, Frontal-Delaunay)
Info    : [ 60%] Meshing surface 4 (BSpline surface, Frontal-Delaunay)
Info    : [ 70%] Meshing surface 5 (Plane, Frontal-Delaunay)
Info    : [ 90%] Meshing surface 6 (Sphere, Frontal-Delaunay)
Info    : Done meshing 2D (Wall 0.667149s, CPU 0.667084s)
Info    : Meshing 3D...
Info    : 3D Meshing 2 volumes with 2 connected components
Info    : Tetrahedrizing 12564 nodes...
Info    : Done tetrahedrizing 12572 nodes (Wall 0.136061s, CPU 0.127039s)
Info    : Reconstructing mesh...
Info    :  - Creating surface mesh
Info    :  - Identifying boundary edges
Info    :  - Recovering boundary
Info    : Done reconstructing mesh (Wall 0.366902s, CPU 0.347853s)
Info    : Found volume 1
Info    : It. 0 - 0 nodes created - worst tet radius 1.06873 (nodes removed 0 0)
Info    : It. 500 - 500 nodes created - worst tet radius 1.00243 (nodes removed 0 0)
Info    : 3D refinement terminated (13361 nodes total):
Info    :  - 0 Delaunay cavities modified for star shapeness
Info    :  - 0 nodes could not be inserted
Info    :  - 43191 tetrahedra created in 0.0381624 sec. (1131769 tets/s)
Info    : 0 node relocations
Info    : Tetrahedrizing 130 nodes...
Info    : Done tetrahedrizing 138 nodes (Wall 0.000743044s, CPU 0.000745s)
Info    : Reconstructing mesh...
Info    :  - Creating surface mesh
Info    :  - Identifying boundary edges
Info    :  - Recovering boundary
Info    : Done reconstructing mesh (Wall 0.00206427s, CPU 0.002067s)
Info    : Found volume 2
Info    : It. 0 - 0 nodes created - worst tet radius 3.2176 (nodes removed 0 0)
Info    : 3D refinement terminated (12781 nodes total):
Info    :  - 0 Delaunay cavities modified for star shapeness
Info    :  - 0 nodes could not be inserted
Info    :  - 536 tetrahedra created in 0.00598146 sec. (89610 tets/s)
Info    : 0 node relocations
Info    : Done meshing 3D (Wall 0.689303s, CPU 0.670214s)
Info    : Optimizing mesh...
Info    : Optimizing volume 1
Info    : Optimization starts (volume = 235.573) with worst = 0.00420637 / average = 0.684057:
Info    : 0.00 < quality < 0.10 :       208 elements
Info    : 0.10 < quality < 0.20 :       450 elements
Info    : 0.20 < quality < 0.30 :       688 elements
Info    : 0.30 < quality < 0.40 :       836 elements
Info    : 0.40 < quality < 0.50 :      1301 elements
Info    : 0.50 < quality < 0.60 :      4203 elements
Info    : 0.60 < quality < 0.70 :     11618 elements
Info    : 0.70 < quality < 0.80 :     19311 elements
Info    : 0.80 < quality < 0.90 :      2555 elements
Info    : 0.90 < quality < 1.00 :      2021 elements
Info    : 1282 edge swaps, 26 node relocations (volume = 235.573): worst = 0.138996 / average = 0.701447 (Wall 0.0185693s, CPU 0.017574s)
Info    : 1322 edge swaps, 26 node relocations (volume = 235.573): worst = 0.148432 / average = 0.70184 (Wall 0.0219448s, CPU 0.019962s)
Info    : 1326 edge swaps, 26 node relocations (volume = 235.573): worst = 0.148432 / average = 0.701889 (Wall 0.0245433s, CPU 0.022551s)
Info    : No ill-shaped tets in the mesh :-)
Info    : 0.00 < quality < 0.10 :         0 elements
Info    : 0.10 < quality < 0.20 :         3 elements
Info    : 0.20 < quality < 0.30 :        11 elements
Info    : 0.30 < quality < 0.40 :       679 elements
Info    : 0.40 < quality < 0.50 :      1091 elements
Info    : 0.50 < quality < 0.60 :      4318 elements
Info    : 0.60 < quality < 0.70 :     12027 elements
Info    : 0.70 < quality < 0.80 :     19103 elements
Info    : 0.80 < quality < 0.90 :      2720 elements
Info    : 0.90 < quality < 1.00 :      2027 elements
Info    : Optimizing volume 2
Info    : Optimization starts (volume = 0.256351) with worst = 0.0697665 / average = 0.758296:
Info    : 0.00 < quality < 0.10 :         1 elements
Info    : 0.10 < quality < 0.20 :         4 elements
Info    : 0.20 < quality < 0.30 :         7 elements
Info    : 0.30 < quality < 0.40 :         6 elements
Info    : 0.40 < quality < 0.50 :        18 elements
Info    : 0.50 < quality < 0.60 :        20 elements
Info    : 0.60 < quality < 0.70 :        65 elements
Info    : 0.70 < quality < 0.80 :       181 elements
Info    : 0.80 < quality < 0.90 :       180 elements
Info    : 0.90 < quality < 1.00 :        54 elements
Info    : 12 edge swaps, 6 node relocations (volume = 0.256351): worst = 0.315587 / average = 0.773309 (Wall 0.000169989s, CPU 0.000173s)
Info    : No ill-shaped tets in the mesh :-)
Info    : 0.00 < quality < 0.10 :         0 elements
Info    : 0.10 < quality < 0.20 :         0 elements
Info    : 0.20 < quality < 0.30 :         0 elements
Info    : 0.30 < quality < 0.40 :         7 elements
Info    : 0.40 < quality < 0.50 :        19 elements
Info    : 0.50 < quality < 0.60 :        19 elements
Info    : 0.60 < quality < 0.70 :        63 elements
Info    : 0.70 < quality < 0.80 :       171 elements
Info    : 0.80 < quality < 0.90 :       187 elements
Info    : 0.90 < quality < 1.00 :        60 elements
Info    : Done optimizing mesh (Wall 0.0624965s, CPU 0.060502s)
Info    : 13767 nodes 69118 elements
Info    : Meshing order 2 (curvilinear on)...
Info    : [  0%] Meshing curve 1 order 2
Info    : [ 10%] Meshing curve 2 order 2
Info    : [ 20%] Meshing curve 3 order 2
Info    : [ 20%] Meshing curve 4 order 2
Info    : [ 30%] Meshing curve 5 order 2
Info    : [ 30%] Meshing curve 6 order 2
Info    : [ 40%] Meshing curve 7 order 2
Info    : [ 40%] Meshing curve 8 order 2
Info    : [ 50%] Meshing curve 9 order 2
Info    : [ 50%] Meshing curve 10 order 2
Info    : [ 60%] Meshing curve 11 order 2
Info    : [ 60%] Meshing curve 12 order 2
Info    : [ 70%] Meshing surface 1 order 2
Info    : [ 70%] Meshing surface 2 order 2
Info    : [ 80%] Meshing surface 3 order 2
Info    : [ 80%] Meshing surface 4 order 2
Info    : [ 90%] Meshing surface 5 order 2
Info    : [ 90%] Meshing surface 6 order 2
Info    : [100%] Meshing volume 1 order 2
Info    : [100%] Meshing volume 2 order 2
Info    : Surface mesh: worst distortion = 0.797589 (0 elements in ]0, 0.2]); worst gamma = 0.698313
Info    : Volume mesh: worst distortion = 0.261333 (0 elements in ]0, 0.2])
Info    : Done meshing order 2 (Wall 9.94643s, CPU 9.92286s)
Info    : Writing '/home/user/mscr-mom/현서/scripts/contact_scenarios/fea/matv2_mesh_LM50_phiP30_b0_s80.inp'...
Info    : Done writing '/home/user/mscr-mom/현서/scripts/contact_scenarios/fea/matv2_mesh_LM50_phiP30_b0_s80.inp'
  [LM50_phiP30_b0] [실패] (1096.8s)
[LM50_phiP30_b0 9/10] L_M=50.0, phi=30.0, beta=0.0, s=90.0mm, push_depth=0.1mm ...
Info    : Meshing 1D...
Info    : [  0%] Meshing curve 1 (BSpline)
Info    : [ 10%] Meshing curve 2 (Ellipse)
Info    : [ 20%] Meshing curve 3 (Ellipse)
Info    : [ 30%] Meshing curve 4 (BSpline)
Info    : [ 40%] Meshing curve 5 (BSpline)
Info    : [ 50%] Meshing curve 6 (BSpline)
Info    : [ 60%] Meshing curve 7 (BSpline)
Info    : [ 60%] Meshing curve 8 (BSpline)
Info    : [ 70%] Meshing curve 9 (BSpline)
Info    : [ 90%] Meshing curve 11 (Circle)
Info    : Done meshing 1D (Wall 0.0133096s, CPU 0.012283s)
Info    : Meshing 2D...
Info    : [  0%] Meshing surface 1 (Plane, Frontal-Delaunay)
Info    : [ 20%] Meshing surface 2 (Plane, Frontal-Delaunay)
Info    : [ 40%] Meshing surface 3 (BSpline surface, Frontal-Delaunay)
Info    : [ 60%] Meshing surface 4 (BSpline surface, Frontal-Delaunay)
Info    : [ 70%] Meshing surface 5 (Plane, Frontal-Delaunay)
Info    : [ 90%] Meshing surface 6 (Sphere, Frontal-Delaunay)
Info    : Done meshing 2D (Wall 0.655743s, CPU 0.655411s)
Info    : Meshing 3D...
Info    : 3D Meshing 2 volumes with 2 connected components
Info    : Tetrahedrizing 12564 nodes...
Info    : Done tetrahedrizing 12572 nodes (Wall 0.13527s, CPU 0.125761s)
Info    : Reconstructing mesh...
Info    :  - Creating surface mesh
Info    :  - Identifying boundary edges
Info    :  - Recovering boundary
Info    : Done reconstructing mesh (Wall 0.382199s, CPU 0.361696s)
Info    : Found volume 1
Info    : It. 0 - 0 nodes created - worst tet radius 1.06873 (nodes removed 0 0)
Info    : It. 500 - 500 nodes created - worst tet radius 1.00243 (nodes removed 0 0)
Info    : 3D refinement terminated (13362 nodes total):
Info    :  - 0 Delaunay cavities modified for star shapeness
Info    :  - 0 nodes could not be inserted
Info    :  - 43191 tetrahedra created in 0.0333546 sec. (1294904 tets/s)
Info    : 0 node relocations
Info    : Tetrahedrizing 131 nodes...
Info    : Done tetrahedrizing 139 nodes (Wall 0.000681581s, CPU 0.000681s)
Info    : Reconstructing mesh...
Info    :  - Creating surface mesh
Info    :  - Identifying boundary edges
Info    :  - Recovering boundary
Info    : Done reconstructing mesh (Wall 0.00177385s, CPU 0.001777s)
Info    : Found volume 2
Info    : It. 0 - 0 nodes created - worst tet radius 3.16616 (nodes removed 0 0)
Info    : 3D refinement terminated (12775 nodes total):
Info    :  - 3 Delaunay cavities modified for star shapeness
Info    :  - 0 nodes could not be inserted
Info    :  - 485 tetrahedra created in 0.00474018 sec. (102316 tets/s)
Info    : 0 node relocations
Info    : Done meshing 3D (Wall 0.701559s, CPU 0.679516s)
Info    : Optimizing mesh...
Info    : Optimizing volume 1
Info    : Optimization starts (volume = 235.573) with worst = 0.00420637 / average = 0.684057:
Info    : 0.00 < quality < 0.10 :       208 elements
Info    : 0.10 < quality < 0.20 :       450 elements
Info    : 0.20 < quality < 0.30 :       688 elements
Info    : 0.30 < quality < 0.40 :       836 elements
Info    : 0.40 < quality < 0.50 :      1301 elements
Info    : 0.50 < quality < 0.60 :      4203 elements
Info    : 0.60 < quality < 0.70 :     11618 elements
Info    : 0.70 < quality < 0.80 :     19311 elements
Info    : 0.80 < quality < 0.90 :      2555 elements
Info    : 0.90 < quality < 1.00 :      2021 elements
Info    : 1282 edge swaps, 26 node relocations (volume = 235.573): worst = 0.138996 / average = 0.701447 (Wall 0.0157282s, CPU 0.015728s)
Info    : 1322 edge swaps, 26 node relocations (volume = 235.573): worst = 0.148432 / average = 0.70184 (Wall 0.0185907s, CPU 0.018592s)
Info    : 1326 edge swaps, 26 node relocations (volume = 235.573): worst = 0.148432 / average = 0.701889 (Wall 0.0206951s, CPU 0.020697s)
Info    : No ill-shaped tets in the mesh :-)
Info    : 0.00 < quality < 0.10 :         0 elements
Info    : 0.10 < quality < 0.20 :         3 elements
Info    : 0.20 < quality < 0.30 :        11 elements
Info    : 0.30 < quality < 0.40 :       679 elements
Info    : 0.40 < quality < 0.50 :      1091 elements
Info    : 0.50 < quality < 0.60 :      4318 elements
Info    : 0.60 < quality < 0.70 :     12027 elements
Info    : 0.70 < quality < 0.80 :     19103 elements
Info    : 0.80 < quality < 0.90 :      2720 elements
Info    : 0.90 < quality < 1.00 :      2027 elements
Info    : Optimizing volume 2
Info    : Optimization starts (volume = 0.255877) with worst = 0.0392082 / average = 0.741478:
Info    : 0.00 < quality < 0.10 :         1 elements
Info    : 0.10 < quality < 0.20 :         3 elements
Info    : 0.20 < quality < 0.30 :         7 elements
Info    : 0.30 < quality < 0.40 :        12 elements
Info    : 0.40 < quality < 0.50 :        18 elements
Info    : 0.50 < quality < 0.60 :        22 elements
Info    : 0.60 < quality < 0.70 :        69 elements
Info    : 0.70 < quality < 0.80 :       164 elements
Info    : 0.80 < quality < 0.90 :       138 elements
Info    : 0.90 < quality < 1.00 :        51 elements
Info    : 11 edge swaps, 0 node relocations (volume = 0.255877): worst = 0.311439 / average = 0.755474 (Wall 0.000136559s, CPU 0.000138s)
Info    : No ill-shaped tets in the mesh :-)
Info    : 0.00 < quality < 0.10 :         0 elements
Info    : 0.10 < quality < 0.20 :         0 elements
Info    : 0.20 < quality < 0.30 :         0 elements
Info    : 0.30 < quality < 0.40 :        13 elements
Info    : 0.40 < quality < 0.50 :        13 elements
Info    : 0.50 < quality < 0.60 :        25 elements
Info    : 0.60 < quality < 0.70 :        65 elements
Info    : 0.70 < quality < 0.80 :       170 elements
Info    : 0.80 < quality < 0.90 :       139 elements
Info    : 0.90 < quality < 1.00 :        50 elements
Info    : Done optimizing mesh (Wall 0.0464526s, CPU 0.046451s)
Info    : 13761 nodes 69069 elements
Info    : Meshing order 2 (curvilinear on)...
Info    : [  0%] Meshing curve 1 order 2
Info    : [ 10%] Meshing curve 2 order 2
Info    : [ 20%] Meshing curve 3 order 2
Info    : [ 20%] Meshing curve 4 order 2
Info    : [ 30%] Meshing curve 5 order 2
Info    : [ 30%] Meshing curve 6 order 2
Info    : [ 40%] Meshing curve 7 order 2
Info    : [ 40%] Meshing curve 8 order 2
Info    : [ 50%] Meshing curve 9 order 2
Info    : [ 50%] Meshing curve 10 order 2
Info    : [ 60%] Meshing curve 11 order 2
Info    : [ 60%] Meshing curve 12 order 2
Info    : [ 70%] Meshing surface 1 order 2
Info    : [ 70%] Meshing surface 2 order 2
Info    : [ 80%] Meshing surface 3 order 2
Info    : [ 80%] Meshing surface 4 order 2
Info    : [ 90%] Meshing surface 5 order 2
Info    : [ 90%] Meshing surface 6 order 2
Info    : [100%] Meshing volume 1 order 2
Info    : [100%] Meshing volume 2 order 2
Info    : Surface mesh: worst distortion = 0.797589 (0 elements in ]0, 0.2]); worst gamma = 0.299743
Info    : Volume mesh: worst distortion = 0.261333 (0 elements in ]0, 0.2])
Info    : Done meshing order 2 (Wall 9.70157s, CPU 9.70082s)
Info    : Writing '/home/user/mscr-mom/현서/scripts/contact_scenarios/fea/matv2_mesh_LM50_phiP30_b0_s90.inp'...
Info    : Done writing '/home/user/mscr-mom/현서/scripts/contact_scenarios/fea/matv2_mesh_LM50_phiP30_b0_s90.inp'
  [LM50_phiP30_b0] [실패] (716.5s)
[LM50_phiP30_b0 10/10] L_M=50.0, phi=30.0, beta=0.0, s=100.0mm, push_depth=0.1mm ...
Info    : Meshing 1D...
Info    : [  0%] Meshing curve 1 (BSpline)
Info    : [ 10%] Meshing curve 2 (Ellipse)
Info    : [ 20%] Meshing curve 3 (Ellipse)
Info    : [ 30%] Meshing curve 4 (BSpline)
Info    : [ 40%] Meshing curve 5 (BSpline)
Info    : [ 50%] Meshing curve 6 (BSpline)
Info    : [ 60%] Meshing curve 7 (BSpline)
Info    : [ 60%] Meshing curve 8 (BSpline)
Info    : [ 70%] Meshing curve 9 (BSpline)
Info    : [ 90%] Meshing curve 11 (Circle)
Info    : Done meshing 1D (Wall 0.0145308s, CPU 0.014478s)
Info    : Meshing 2D...
Info    : [  0%] Meshing surface 1 (Plane, Frontal-Delaunay)
Info    : [ 20%] Meshing surface 2 (Plane, Frontal-Delaunay)
Info    : [ 40%] Meshing surface 3 (BSpline surface, Frontal-Delaunay)
Info    : [ 60%] Meshing surface 4 (BSpline surface, Frontal-Delaunay)
Info    : [ 70%] Meshing surface 5 (Plane, Frontal-Delaunay)
Info    : [ 90%] Meshing surface 6 (Sphere, Frontal-Delaunay)
Info    : Done meshing 2D (Wall 0.670032s, CPU 0.66928s)
Info    : Meshing 3D...
Info    : 3D Meshing 2 volumes with 2 connected components
Info    : Tetrahedrizing 12564 nodes...
Info    : Done tetrahedrizing 12572 nodes (Wall 0.135079s, CPU 0.131084s)
Info    : Reconstructing mesh...
Info    :  - Creating surface mesh
Info    :  - Identifying boundary edges
Info    :  - Recovering boundary
Info    : Done reconstructing mesh (Wall 0.362352s, CPU 0.350329s)
Info    : Found volume 1
Info    : It. 0 - 0 nodes created - worst tet radius 1.06873 (nodes removed 0 0)
Info    : It. 500 - 500 nodes created - worst tet radius 1.00243 (nodes removed 0 0)
Info    : 3D refinement terminated (13362 nodes total):
Info    :  - 0 Delaunay cavities modified for star shapeness
Info    :  - 0 nodes could not be inserted
Info    :  - 43191 tetrahedra created in 0.0298721 sec. (1445864 tets/s)
Info    : 0 node relocations
Info    : Tetrahedrizing 131 nodes...
Info    : Done tetrahedrizing 139 nodes (Wall 0.000694584s, CPU 0.000694s)
Info    : Reconstructing mesh...
Info    :  - Creating surface mesh
Info    :  - Identifying boundary edges
Info    :  - Recovering boundary
Info    : Done reconstructing mesh (Wall 0.00176044s, CPU 0.001766s)
Info    : Found volume 2
Info    : It. 0 - 0 nodes created - worst tet radius 3.16616 (nodes removed 0 0)
Info    : 3D refinement terminated (12775 nodes total):
Info    :  - 3 Delaunay cavities modified for star shapeness
Info    :  - 0 nodes could not be inserted
Info    :  - 485 tetrahedra created in 0.0111095 sec. (43656 tets/s)
Info    : 0 node relocations
Info    : Done meshing 3D (Wall 0.655179s, CPU 0.643081s)
Info    : Optimizing mesh...
Info    : Optimizing volume 1
Info    : Optimization starts (volume = 235.573) with worst = 0.00420637 / average = 0.684057:
Info    : 0.00 < quality < 0.10 :       208 elements
Info    : 0.10 < quality < 0.20 :       450 elements
Info    : 0.20 < quality < 0.30 :       688 elements
Info    : 0.30 < quality < 0.40 :       836 elements
Info    : 0.40 < quality < 0.50 :      1301 elements
Info    : 0.50 < quality < 0.60 :      4203 elements
Info    : 0.60 < quality < 0.70 :     11618 elements
Info    : 0.70 < quality < 0.80 :     19311 elements
Info    : 0.80 < quality < 0.90 :      2555 elements
Info    : 0.90 < quality < 1.00 :      2021 elements
Info    : 1282 edge swaps, 26 node relocations (volume = 235.573): worst = 0.138996 / average = 0.701447 (Wall 0.0154881s, CPU 0.015489s)
Info    : 1322 edge swaps, 26 node relocations (volume = 235.573): worst = 0.148432 / average = 0.70184 (Wall 0.0184732s, CPU 0.018475s)
Info    : 1326 edge swaps, 26 node relocations (volume = 235.573): worst = 0.148432 / average = 0.701889 (Wall 0.0207752s, CPU 0.020776s)
Info    : No ill-shaped tets in the mesh :-)
Info    : 0.00 < quality < 0.10 :         0 elements
Info    : 0.10 < quality < 0.20 :         3 elements
Info    : 0.20 < quality < 0.30 :        11 elements
Info    : 0.30 < quality < 0.40 :       679 elements
Info    : 0.40 < quality < 0.50 :      1091 elements
Info    : 0.50 < quality < 0.60 :      4318 elements
Info    : 0.60 < quality < 0.70 :     12027 elements
Info    : 0.70 < quality < 0.80 :     19103 elements
Info    : 0.80 < quality < 0.90 :      2720 elements
Info    : 0.90 < quality < 1.00 :      2027 elements
Info    : Optimizing volume 2
Info    : Optimization starts (volume = 0.255877) with worst = 0.0392082 / average = 0.741478:
Info    : 0.00 < quality < 0.10 :         1 elements
Info    : 0.10 < quality < 0.20 :         3 elements
Info    : 0.20 < quality < 0.30 :         7 elements
Info    : 0.30 < quality < 0.40 :        12 elements
Info    : 0.40 < quality < 0.50 :        18 elements
Info    : 0.50 < quality < 0.60 :        22 elements
Info    : 0.60 < quality < 0.70 :        69 elements
Info    : 0.70 < quality < 0.80 :       164 elements
Info    : 0.80 < quality < 0.90 :       138 elements
Info    : 0.90 < quality < 1.00 :        51 elements
Info    : 11 edge swaps, 0 node relocations (volume = 0.255877): worst = 0.311439 / average = 0.755474 (Wall 0.00015027s, CPU 0.000153s)
Info    : No ill-shaped tets in the mesh :-)
Info    : 0.00 < quality < 0.10 :         0 elements
Info    : 0.10 < quality < 0.20 :         0 elements
Info    : 0.20 < quality < 0.30 :         0 elements
Info    : 0.30 < quality < 0.40 :        13 elements
Info    : 0.40 < quality < 0.50 :        13 elements
Info    : 0.50 < quality < 0.60 :        25 elements
Info    : 0.60 < quality < 0.70 :        65 elements
Info    : 0.70 < quality < 0.80 :       170 elements
Info    : 0.80 < quality < 0.90 :       139 elements
Info    : 0.90 < quality < 1.00 :        50 elements
Info    : Done optimizing mesh (Wall 0.0533131s, CPU 0.053313s)
Info    : 13761 nodes 69069 elements
Info    : Meshing order 2 (curvilinear on)...
Info    : [  0%] Meshing curve 1 order 2
Info    : [ 10%] Meshing curve 2 order 2
Info    : [ 20%] Meshing curve 3 order 2
Info    : [ 20%] Meshing curve 4 order 2
Info    : [ 30%] Meshing curve 5 order 2
Info    : [ 30%] Meshing curve 6 order 2
Info    : [ 40%] Meshing curve 7 order 2
Info    : [ 40%] Meshing curve 8 order 2
Info    : [ 50%] Meshing curve 9 order 2
Info    : [ 50%] Meshing curve 10 order 2
Info    : [ 60%] Meshing curve 11 order 2
Info    : [ 60%] Meshing curve 12 order 2
Info    : [ 70%] Meshing surface 1 order 2
Info    : [ 70%] Meshing surface 2 order 2
Info    : [ 80%] Meshing surface 3 order 2
Info    : [ 80%] Meshing surface 4 order 2
Info    : [ 90%] Meshing surface 5 order 2
Info    : [ 90%] Meshing surface 6 order 2
Info    : [100%] Meshing volume 1 order 2
Info    : [100%] Meshing volume 2 order 2
Info    : Surface mesh: worst distortion = 0.797589 (0 elements in ]0, 0.2]); worst gamma = 0.299743
Info    : Volume mesh: worst distortion = 0.261333 (0 elements in ]0, 0.2])
Info    : Done meshing order 2 (Wall 9.78991s, CPU 9.7809s)
Info    : Writing '/home/user/mscr-mom/현서/scripts/contact_scenarios/fea/matv2_mesh_LM50_phiP30_b0_s100.inp'...
Info    : Done writing '/home/user/mscr-mom/현서/scripts/contact_scenarios/fea/matv2_mesh_LM50_phiP30_b0_s100.inp'
  [LM50_phiP30_b0] [실패] (772.2s)
[LM50_phiP30_b0] 완료: 2/10 성공
