[LM25_phiN120_b0 1/10] L_M=25.0, phi=-120.0, beta=0.0, s=10.0mm, push_depth=0.1mm ...
Info    : Meshing 1D...
Info    : [  0%] Meshing curve 1 (BSpline)
Info    : [ 10%] Meshing curve 2 (Ellipse)
Info    : [ 20%] Meshing curve 3 (Ellipse)
Info    : [ 30%] Meshing curve 4 (BSpline)
Info    : [ 40%] Meshing curve 5 (BSpline)
Info    : [ 50%] Meshing curve 6 (BSpline)
Info    : [ 60%] Meshing curve 7 (BSpline)
Info    : [ 60%] Meshing curve 8 (BSpline)
Info    : [ 70%] Meshing curve 9 (BSpline)
Info    : [ 90%] Meshing curve 11 (Circle)
Info    : Done meshing 1D (Wall 0.0222447s, CPU 0.022245s)
Info    : Meshing 2D...
Info    : [  0%] Meshing surface 1 (Plane, Frontal-Delaunay)
Info    : [ 20%] Meshing surface 2 (Plane, Frontal-Delaunay)
Info    : [ 40%] Meshing surface 3 (BSpline surface, Frontal-Delaunay)
Info    : [ 60%] Meshing surface 4 (BSpline surface, Frontal-Delaunay)
Info    : [ 70%] Meshing surface 5 (Plane, Frontal-Delaunay)
Info    : [ 90%] Meshing surface 6 (Sphere, Frontal-Delaunay)
Info    : Done meshing 2D (Wall 0.791569s, CPU 0.786096s)
Info    : Meshing 3D...
Info    : 3D Meshing 2 volumes with 2 connected components
Info    : Tetrahedrizing 12481 nodes...
Info    : Done tetrahedrizing 12489 nodes (Wall 0.16214s, CPU 0.149129s)
Info    : Reconstructing mesh...
Info    :  - Creating surface mesh
Info    :  - Identifying boundary edges
Info    :  - Recovering boundary
Info    : Done reconstructing mesh (Wall 0.370947s, CPU 0.338926s)
Info    : Found volume 1
Info    : It. 0 - 0 nodes created - worst tet radius 1.1111 (nodes removed 0 0)
Info    : 3D refinement terminated (13094 nodes total):
Info    :  - 0 Delaunay cavities modified for star shapeness
Info    :  - 0 nodes could not be inserted
Info    :  - 41637 tetrahedra created in 0.0211933 sec. (1964628 tets/s)
Info    : 0 node relocations
Info    : Tetrahedrizing 131 nodes...
Info    : Done tetrahedrizing 139 nodes (Wall 0.000702332s, CPU 0.000702s)
Info    : Reconstructing mesh...
Info    :  - Creating surface mesh
Info    :  - Identifying boundary edges
Info    :  - Recovering boundary
Info    : Done reconstructing mesh (Wall 0.00159574s, CPU 0.00159s)
Info    : Found volume 2
Info    : It. 0 - 0 nodes created - worst tet radius 3.14107 (nodes removed 0 0)
Info    : 3D refinement terminated (12693 nodes total):
Info    :  - 0 Delaunay cavities modified for star shapeness
Info    :  - 0 nodes could not be inserted
Info    :  - 495 tetrahedra created in 0.00221797 sec. (223176 tets/s)
Info    : 0 node relocations
Info    : Done meshing 3D (Wall 0.647414s, CPU 0.615344s)
Info    : Optimizing mesh...
Info    : Optimizing volume 1
Info    : Optimization starts (volume = 235.621) with worst = 0.00142916 / average = 0.680958:
Info    : 0.00 < quality < 0.10 :       221 elements
Info    : 0.10 < quality < 0.20 :       409 elements
Info    : 0.20 < quality < 0.30 :       639 elements
Info    : 0.30 < quality < 0.40 :       763 elements
Info    : 0.40 < quality < 0.50 :      1254 elements
Info    : 0.50 < quality < 0.60 :      4022 elements
Info    : 0.60 < quality < 0.70 :     11147 elements
Info    : 0.70 < quality < 0.80 :     19987 elements
Info    : 0.80 < quality < 0.90 :      1788 elements
Info    : 0.90 < quality < 1.00 :      1407 elements
Info    : 1214 edge swaps, 33 node relocations (volume = 235.621): worst = 0.0807571 / average = 0.698086 (Wall 0.0132069s, CPU 0.013207s)
Info    : 1281 edge swaps, 35 node relocations (volume = 235.621): worst = 0.154365 / average = 0.698819 (Wall 0.0159693s, CPU 0.015972s)
Info    : 1288 edge swaps, 36 node relocations (volume = 235.621): worst = 0.154365 / average = 0.698849 (Wall 0.0179393s, CPU 0.017943s)
Info    : No ill-shaped tets in the mesh :-)
Info    : 0.00 < quality < 0.10 :         0 elements
Info    : 0.10 < quality < 0.20 :         3 elements
Info    : 0.20 < quality < 0.30 :         7 elements
Info    : 0.30 < quality < 0.40 :       619 elements
Info    : 0.40 < quality < 0.50 :      1038 elements
Info    : 0.50 < quality < 0.60 :      3943 elements
Info    : 0.60 < quality < 0.70 :     11712 elements
Info    : 0.70 < quality < 0.80 :     19771 elements
Info    : 0.80 < quality < 0.90 :      1959 elements
Info    : 0.90 < quality < 1.00 :      1409 elements
Info    : Optimizing volume 2
Info    : Optimization starts (volume = 0.25645) with worst = 0.0360455 / average = 0.74711:
Info    : 0.00 < quality < 0.10 :         1 elements
Info    : 0.10 < quality < 0.20 :         3 elements
Info    : 0.20 < quality < 0.30 :         1 elements
Info    : 0.30 < quality < 0.40 :        14 elements
Info    : 0.40 < quality < 0.50 :        10 elements
Info    : 0.50 < quality < 0.60 :        23 elements
Info    : 0.60 < quality < 0.70 :        73 elements
Info    : 0.70 < quality < 0.80 :       197 elements
Info    : 0.80 < quality < 0.90 :       129 elements
Info    : 0.90 < quality < 1.00 :        44 elements
Info    : 5 edge swaps, 0 node relocations (volume = 0.25645): worst = 0.301484 / average = 0.752598 (Wall 8.84947e-05s, CPU 8.9e-05s)
Info    : No ill-shaped tets in the mesh :-)
Info    : 0.00 < quality < 0.10 :         0 elements
Info    : 0.10 < quality < 0.20 :         0 elements
Info    : 0.20 < quality < 0.30 :         0 elements
Info    : 0.30 < quality < 0.40 :        14 elements
Info    : 0.40 < quality < 0.50 :        11 elements
Info    : 0.50 < quality < 0.60 :        21 elements
Info    : 0.60 < quality < 0.70 :        76 elements
Info    : 0.70 < quality < 0.80 :       195 elements
Info    : 0.80 < quality < 0.90 :       130 elements
Info    : 0.90 < quality < 1.00 :        44 elements
Info    : Done optimizing mesh (Wall 0.0393954s, CPU 0.039394s)
Info    : 13494 nodes 67416 elements
Info    : Meshing order 2 (curvilinear on)...
Info    : [  0%] Meshing curve 1 order 2
Info    : [ 10%] Meshing curve 2 order 2
Info    : [ 20%] Meshing curve 3 order 2
Info    : [ 20%] Meshing curve 4 order 2
Info    : [ 30%] Meshing curve 5 order 2
Info    : [ 30%] Meshing curve 6 order 2
Info    : [ 40%] Meshing curve 7 order 2
Info    : [ 40%] Meshing curve 8 order 2
Info    : [ 50%] Meshing curve 9 order 2
Info    : [ 50%] Meshing curve 10 order 2
Info    : [ 60%] Meshing curve 11 order 2
Info    : [ 60%] Meshing curve 12 order 2
Info    : [ 70%] Meshing surface 1 order 2
Info    : [ 70%] Meshing surface 2 order 2
Info    : [ 80%] Meshing surface 3 order 2
Info    : [ 80%] Meshing surface 4 order 2
Info    : [ 90%] Meshing surface 5 order 2
Info    : [ 90%] Meshing surface 6 order 2
Info    : [100%] Meshing volume 1 order 2
Info    : [100%] Meshing volume 2 order 2
Info    : Surface mesh: worst distortion = 0.797589 (0 elements in ]0, 0.2]); worst gamma = 0.69003
Info    : Volume mesh: worst distortion = 0.174907 (1 elements in ]0, 0.2])
Info    : Done meshing order 2 (Wall 14.1696s, CPU 14.1638s)
Info    : Writing '/home/user/mscr-mom/현서/scripts/contact_scenarios/fea/matv2_mesh_LM25_phiN120_b0_s10.inp'...
Info    : Done writing '/home/user/mscr-mom/현서/scripts/contact_scenarios/fea/matv2_mesh_LM25_phiN120_b0_s10.inp'
  [LM25_phiN120_b0] F_mag=0.1632mN  (286.2s)
[LM25_phiN120_b0 2/10] L_M=25.0, phi=-120.0, beta=0.0, s=20.0mm, push_depth=0.1mm ...
Info    : Meshing 1D...
Info    : [  0%] Meshing curve 1 (BSpline)
Info    : [ 10%] Meshing curve 2 (Ellipse)
Info    : [ 20%] Meshing curve 3 (Ellipse)
Info    : [ 30%] Meshing curve 4 (BSpline)
Info    : [ 40%] Meshing curve 5 (BSpline)
Info    : [ 50%] Meshing curve 6 (BSpline)
Info    : [ 60%] Meshing curve 7 (BSpline)
Info    : [ 60%] Meshing curve 8 (BSpline)
Info    : [ 70%] Meshing curve 9 (BSpline)
Info    : [ 90%] Meshing curve 11 (Circle)
Info    : Done meshing 1D (Wall 0.0217716s, CPU 0.021772s)
Info    : Meshing 2D...
Info    : [  0%] Meshing surface 1 (Plane, Frontal-Delaunay)
Info    : [ 20%] Meshing surface 2 (Plane, Frontal-Delaunay)
Info    : [ 40%] Meshing surface 3 (BSpline surface, Frontal-Delaunay)
Info    : [ 60%] Meshing surface 4 (BSpline surface, Frontal-Delaunay)
Info    : [ 70%] Meshing surface 5 (Plane, Frontal-Delaunay)
Info    : [ 90%] Meshing surface 6 (Sphere, Frontal-Delaunay)
Info    : Done meshing 2D (Wall 0.752424s, CPU 0.752189s)
Info    : Meshing 3D...
Info    : 3D Meshing 2 volumes with 2 connected components
Info    : Tetrahedrizing 12481 nodes...
Info    : Done tetrahedrizing 12489 nodes (Wall 0.149953s, CPU 0.142834s)
Info    : Reconstructing mesh...
Info    :  - Creating surface mesh
Info    :  - Identifying boundary edges
Info    :  - Recovering boundary
Info    : Done reconstructing mesh (Wall 0.378272s, CPU 0.36312s)
Info    : Found volume 1
Info    : It. 0 - 0 nodes created - worst tet radius 1.1111 (nodes removed 0 0)
Info    : 3D refinement terminated (13094 nodes total):
Info    :  - 0 Delaunay cavities modified for star shapeness
Info    :  - 0 nodes could not be inserted
Info    :  - 41637 tetrahedra created in 0.0246567 sec. (1688667 tets/s)
Info    : 0 node relocations
Info    : Tetrahedrizing 131 nodes...
Info    : Done tetrahedrizing 139 nodes (Wall 0.000693956s, CPU 0.000694s)
Info    : Reconstructing mesh...
Info    :  - Creating surface mesh
Info    :  - Identifying boundary edges
Info    :  - Recovering boundary
Info    : Done reconstructing mesh (Wall 0.00161061s, CPU 0.001609s)
Info    : Found volume 2
Info    : It. 0 - 0 nodes created - worst tet radius 3.14022 (nodes removed 0 0)
Info    : 3D refinement terminated (12693 nodes total):
Info    :  - 0 Delaunay cavities modified for star shapeness
Info    :  - 0 nodes could not be inserted
Info    :  - 506 tetrahedra created in 0.00298395 sec. (169573 tets/s)
Info    : 0 node relocations
Info    : Done meshing 3D (Wall 0.670311s, CPU 0.65513s)
Info    : Optimizing mesh...
Info    : Optimizing volume 1
Info    : Optimization starts (volume = 235.621) with worst = 0.00142916 / average = 0.680958:
Info    : 0.00 < quality < 0.10 :       221 elements
Info    : 0.10 < quality < 0.20 :       409 elements
Info    : 0.20 < quality < 0.30 :       639 elements
Info    : 0.30 < quality < 0.40 :       763 elements
Info    : 0.40 < quality < 0.50 :      1254 elements
Info    : 0.50 < quality < 0.60 :      4022 elements
Info    : 0.60 < quality < 0.70 :     11147 elements
Info    : 0.70 < quality < 0.80 :     19987 elements
Info    : 0.80 < quality < 0.90 :      1788 elements
Info    : 0.90 < quality < 1.00 :      1407 elements
Info    : 1214 edge swaps, 33 node relocations (volume = 235.621): worst = 0.0807571 / average = 0.698086 (Wall 0.0148603s, CPU 0.014861s)
Info    : 1281 edge swaps, 35 node relocations (volume = 235.621): worst = 0.154365 / average = 0.698819 (Wall 0.0181175s, CPU 0.017145s)
Info    : 1288 edge swaps, 36 node relocations (volume = 235.621): worst = 0.154365 / average = 0.698849 (Wall 0.0205455s, CPU 0.019558s)
Info    : No ill-shaped tets in the mesh :-)
Info    : 0.00 < quality < 0.10 :         0 elements
Info    : 0.10 < quality < 0.20 :         3 elements
Info    : 0.20 < quality < 0.30 :         7 elements
Info    : 0.30 < quality < 0.40 :       619 elements
Info    : 0.40 < quality < 0.50 :      1038 elements
Info    : 0.50 < quality < 0.60 :      3943 elements
Info    : 0.60 < quality < 0.70 :     11712 elements
Info    : 0.70 < quality < 0.80 :     19771 elements
Info    : 0.80 < quality < 0.90 :      1959 elements
Info    : 0.90 < quality < 1.00 :      1409 elements
Info    : Optimizing volume 2
Info    : Optimization starts (volume = 0.256422) with worst = 0.00650602 / average = 0.729878:
Info    : 0.00 < quality < 0.10 :         3 elements
Info    : 0.10 < quality < 0.20 :         2 elements
Info    : 0.20 < quality < 0.30 :         6 elements
Info    : 0.30 < quality < 0.40 :        12 elements
Info    : 0.40 < quality < 0.50 :        25 elements
Info    : 0.50 < quality < 0.60 :        25 elements
Info    : 0.60 < quality < 0.70 :        78 elements
Info    : 0.70 < quality < 0.80 :       184 elements
Info    : 0.80 < quality < 0.90 :       136 elements
Info    : 0.90 < quality < 1.00 :        35 elements
Info    : 11 edge swaps, 0 node relocations (volume = 0.256422): worst = 0.30484 / average = 0.745491 (Wall 0.000123248s, CPU 0.000125s)
Info    : No ill-shaped tets in the mesh :-)
Info    : 0.00 < quality < 0.10 :         0 elements
Info    : 0.10 < quality < 0.20 :         0 elements
Info    : 0.20 < quality < 0.30 :         0 elements
Info    : 0.30 < quality < 0.40 :        12 elements
Info    : 0.40 < quality < 0.50 :        22 elements
Info    : 0.50 < quality < 0.60 :        22 elements
Info    : 0.60 < quality < 0.70 :        79 elements
Info    : 0.70 < quality < 0.80 :       187 elements
Info    : 0.80 < quality < 0.90 :       138 elements
Info    : 0.90 < quality < 1.00 :        35 elements
Info    : Done optimizing mesh (Wall 0.0435189s, CPU 0.042525s)
Info    : 13494 nodes 67420 elements
Info    : Meshing order 2 (curvilinear on)...
Info    : [  0%] Meshing curve 1 order 2
Info    : [ 10%] Meshing curve 2 order 2
Info    : [ 20%] Meshing curve 3 order 2
Info    : [ 20%] Meshing curve 4 order 2
Info    : [ 30%] Meshing curve 5 order 2
Info    : [ 30%] Meshing curve 6 order 2
Info    : [ 40%] Meshing curve 7 order 2
Info    : [ 40%] Meshing curve 8 order 2
Info    : [ 50%] Meshing curve 9 order 2
Info    : [ 50%] Meshing curve 10 order 2
Info    : [ 60%] Meshing curve 11 order 2
Info    : [ 60%] Meshing curve 12 order 2
Info    : [ 70%] Meshing surface 1 order 2
Info    : [ 70%] Meshing surface 2 order 2
Info    : [ 80%] Meshing surface 3 order 2
Info    : [ 80%] Meshing surface 4 order 2
Info    : [ 90%] Meshing surface 5 order 2
Info    : [ 90%] Meshing surface 6 order 2
Info    : [100%] Meshing volume 1 order 2
Info    : [100%] Meshing volume 2 order 2
Info    : Surface mesh: worst distortion = 0.797589 (0 elements in ]0, 0.2]); worst gamma = 0.69003
Info    : Volume mesh: worst distortion = 0.174907 (1 elements in ]0, 0.2])
Info    : Done meshing order 2 (Wall 15.0002s, CPU 14.9752s)
Info    : Writing '/home/user/mscr-mom/현서/scripts/contact_scenarios/fea/matv2_mesh_LM25_phiN120_b0_s20.inp'...
Info    : Done writing '/home/user/mscr-mom/현서/scripts/contact_scenarios/fea/matv2_mesh_LM25_phiN120_b0_s20.inp'
  [LM25_phiN120_b0] F_mag=0.0235mN  (829.7s)
[LM25_phiN120_b0 3/10] L_M=25.0, phi=-120.0, beta=0.0, s=30.0mm, push_depth=0.1mm ...
Info    : Meshing 1D...
Info    : [  0%] Meshing curve 1 (BSpline)
Info    : [ 10%] Meshing curve 2 (Ellipse)
Info    : [ 20%] Meshing curve 3 (Ellipse)
Info    : [ 30%] Meshing curve 4 (BSpline)
Info    : [ 40%] Meshing curve 5 (BSpline)
Info    : [ 50%] Meshing curve 6 (BSpline)
Info    : [ 60%] Meshing curve 7 (BSpline)
Info    : [ 60%] Meshing curve 8 (BSpline)
Info    : [ 70%] Meshing curve 9 (BSpline)
Info    : [ 90%] Meshing curve 11 (Circle)
Info    : Done meshing 1D (Wall 0.0217555s, CPU 0.021734s)
Info    : Meshing 2D...
Info    : [  0%] Meshing surface 1 (Plane, Frontal-Delaunay)
Info    : [ 20%] Meshing surface 2 (Plane, Frontal-Delaunay)
Info    : [ 40%] Meshing surface 3 (BSpline surface, Frontal-Delaunay)
Info    : [ 60%] Meshing surface 4 (BSpline surface, Frontal-Delaunay)
Info    : [ 70%] Meshing surface 5 (Plane, Frontal-Delaunay)
Info    : [ 90%] Meshing surface 6 (Sphere, Frontal-Delaunay)
Info    : Done meshing 2D (Wall 0.752138s, CPU 0.751845s)
Info    : Meshing 3D...
Info    : 3D Meshing 2 volumes with 2 connected components
Info    : Tetrahedrizing 12481 nodes...
Info    : Done tetrahedrizing 12489 nodes (Wall 0.147272s, CPU 0.143287s)
Info    : Reconstructing mesh...
Info    :  - Creating surface mesh
Info    :  - Identifying boundary edges
Info    :  - Recovering boundary
Info    : Done reconstructing mesh (Wall 0.384766s, CPU 0.365763s)
Info    : Found volume 1
Info    : It. 0 - 0 nodes created - worst tet radius 1.1111 (nodes removed 0 0)
Info    : 3D refinement terminated (13094 nodes total):
Info    :  - 0 Delaunay cavities modified for star shapeness
Info    :  - 0 nodes could not be inserted
Info    :  - 41637 tetrahedra created in 0.0218798 sec. (1902990 tets/s)
Info    : 0 node relocations
Info    : Tetrahedrizing 131 nodes...
Info    : Done tetrahedrizing 139 nodes (Wall 0.000691655s, CPU 0.000691s)
Info    : Reconstructing mesh...
Info    :  - Creating surface mesh
Info    :  - Identifying boundary edges
Info    :  - Recovering boundary
Info    : Done reconstructing mesh (Wall 0.00164464s, CPU 0.001633s)
Info    : Found volume 2
Info    : It. 0 - 0 nodes created - worst tet radius 3.14022 (nodes removed 0 0)
Info    : 3D refinement terminated (12693 nodes total):
Info    :  - 0 Delaunay cavities modified for star shapeness
Info    :  - 0 nodes could not be inserted
Info    :  - 506 tetrahedra created in 0.00270594 sec. (186995 tets/s)
Info    : 0 node relocations
Info    : Done meshing 3D (Wall 0.662255s, CPU 0.643218s)
Info    : Optimizing mesh...
Info    : Optimizing volume 1
Info    : Optimization starts (volume = 235.621) with worst = 0.00142916 / average = 0.680958:
Info    : 0.00 < quality < 0.10 :       221 elements
Info    : 0.10 < quality < 0.20 :       409 elements
Info    : 0.20 < quality < 0.30 :       639 elements
Info    : 0.30 < quality < 0.40 :       763 elements
Info    : 0.40 < quality < 0.50 :      1254 elements
Info    : 0.50 < quality < 0.60 :      4022 elements
Info    : 0.60 < quality < 0.70 :     11147 elements
Info    : 0.70 < quality < 0.80 :     19987 elements
Info    : 0.80 < quality < 0.90 :      1788 elements
Info    : 0.90 < quality < 1.00 :      1407 elements
Info    : 1214 edge swaps, 33 node relocations (volume = 235.621): worst = 0.0807571 / average = 0.698086 (Wall 0.0146542s, CPU 0.014655s)
Info    : 1281 edge swaps, 35 node relocations (volume = 235.621): worst = 0.154365 / average = 0.698819 (Wall 0.0176235s, CPU 0.017626s)
Info    : 1288 edge swaps, 36 node relocations (volume = 235.621): worst = 0.154365 / average = 0.698849 (Wall 0.0196327s, CPU 0.019636s)
Info    : No ill-shaped tets in the mesh :-)
Info    : 0.00 < quality < 0.10 :         0 elements
Info    : 0.10 < quality < 0.20 :         3 elements
Info    : 0.20 < quality < 0.30 :         7 elements
Info    : 0.30 < quality < 0.40 :       619 elements
Info    : 0.40 < quality < 0.50 :      1038 elements
Info    : 0.50 < quality < 0.60 :      3943 elements
Info    : 0.60 < quality < 0.70 :     11712 elements
Info    : 0.70 < quality < 0.80 :     19771 elements
Info    : 0.80 < quality < 0.90 :      1959 elements
Info    : 0.90 < quality < 1.00 :      1409 elements
Info    : Optimizing volume 2
Info    : Optimization starts (volume = 0.256422) with worst = 0.00650602 / average = 0.729878:
Info    : 0.00 < quality < 0.10 :         3 elements
Info    : 0.10 < quality < 0.20 :         2 elements
Info    : 0.20 < quality < 0.30 :         6 elements
Info    : 0.30 < quality < 0.40 :        12 elements
Info    : 0.40 < quality < 0.50 :        25 elements
Info    : 0.50 < quality < 0.60 :        25 elements
Info    : 0.60 < quality < 0.70 :        78 elements
Info    : 0.70 < quality < 0.80 :       184 elements
Info    : 0.80 < quality < 0.90 :       136 elements
Info    : 0.90 < quality < 1.00 :        35 elements
Info    : 11 edge swaps, 0 node relocations (volume = 0.256422): worst = 0.30484 / average = 0.745491 (Wall 0.000124069s, CPU 0.000124s)
Info    : No ill-shaped tets in the mesh :-)
Info    : 0.00 < quality < 0.10 :         0 elements
Info    : 0.10 < quality < 0.20 :         0 elements
Info    : 0.20 < quality < 0.30 :         0 elements
Info    : 0.30 < quality < 0.40 :        12 elements
Info    : 0.40 < quality < 0.50 :        22 elements
Info    : 0.50 < quality < 0.60 :        22 elements
Info    : 0.60 < quality < 0.70 :        79 elements
Info    : 0.70 < quality < 0.80 :       187 elements
Info    : 0.80 < quality < 0.90 :       138 elements
Info    : 0.90 < quality < 1.00 :        35 elements
Info    : Done optimizing mesh (Wall 0.0429277s, CPU 0.042927s)
Info    : 13494 nodes 67420 elements
Info    : Meshing order 2 (curvilinear on)...
Info    : [  0%] Meshing curve 1 order 2
Info    : [ 10%] Meshing curve 2 order 2
Info    : [ 20%] Meshing curve 3 order 2
Info    : [ 20%] Meshing curve 4 order 2
Info    : [ 30%] Meshing curve 5 order 2
Info    : [ 30%] Meshing curve 6 order 2
Info    : [ 40%] Meshing curve 7 order 2
Info    : [ 40%] Meshing curve 8 order 2
Info    : [ 50%] Meshing curve 9 order 2
Info    : [ 50%] Meshing curve 10 order 2
Info    : [ 60%] Meshing curve 11 order 2
Info    : [ 60%] Meshing curve 12 order 2
Info    : [ 70%] Meshing surface 1 order 2
Info    : [ 70%] Meshing surface 2 order 2
Info    : [ 80%] Meshing surface 3 order 2
Info    : [ 80%] Meshing surface 4 order 2
Info    : [ 90%] Meshing surface 5 order 2
Info    : [ 90%] Meshing surface 6 order 2
Info    : [100%] Meshing volume 1 order 2
Info    : [100%] Meshing volume 2 order 2
Info    : Surface mesh: worst distortion = 0.797589 (0 elements in ]0, 0.2]); worst gamma = 0.69003
Info    : Volume mesh: worst distortion = 0.174907 (1 elements in ]0, 0.2])
Info    : Done meshing order 2 (Wall 14.3266s, CPU 14.3207s)
Info    : Writing '/home/user/mscr-mom/현서/scripts/contact_scenarios/fea/matv2_mesh_LM25_phiN120_b0_s30.inp'...
Info    : Done writing '/home/user/mscr-mom/현서/scripts/contact_scenarios/fea/matv2_mesh_LM25_phiN120_b0_s30.inp'
  [LM25_phiN120_b0] [실패] (760.1s)
[LM25_phiN120_b0 4/10] L_M=25.0, phi=-120.0, beta=0.0, s=40.0mm, push_depth=0.1mm ...
Info    : Meshing 1D...
Info    : [  0%] Meshing curve 1 (BSpline)
Info    : [ 10%] Meshing curve 2 (Ellipse)
Info    : [ 20%] Meshing curve 3 (Ellipse)
Info    : [ 30%] Meshing curve 4 (BSpline)
Info    : [ 40%] Meshing curve 5 (BSpline)
Info    : [ 50%] Meshing curve 6 (BSpline)
Info    : [ 60%] Meshing curve 7 (BSpline)
Info    : [ 60%] Meshing curve 8 (BSpline)
Info    : [ 70%] Meshing curve 9 (BSpline)
Info    : [ 90%] Meshing curve 11 (Circle)
Info    : Done meshing 1D (Wall 0.0220863s, CPU 0.022061s)
Info    : Meshing 2D...
Info    : [  0%] Meshing surface 1 (Plane, Frontal-Delaunay)
Info    : [ 20%] Meshing surface 2 (Plane, Frontal-Delaunay)
Info    : [ 40%] Meshing surface 3 (BSpline surface, Frontal-Delaunay)
Info    : [ 60%] Meshing surface 4 (BSpline surface, Frontal-Delaunay)
Info    : [ 70%] Meshing surface 5 (Plane, Frontal-Delaunay)
Info    : [ 90%] Meshing surface 6 (Sphere, Frontal-Delaunay)
Info    : Done meshing 2D (Wall 0.823178s, CPU 0.823132s)
Info    : Meshing 3D...
Info    : 3D Meshing 2 volumes with 2 connected components
Info    : Tetrahedrizing 12481 nodes...
Info    : Done tetrahedrizing 12489 nodes (Wall 0.159438s, CPU 0.152439s)
Info    : Reconstructing mesh...
Info    :  - Creating surface mesh
Info    :  - Identifying boundary edges
Info    :  - Recovering boundary
Info    : Done reconstructing mesh (Wall 0.362143s, CPU 0.347147s)
Info    : Found volume 1
Info    : It. 0 - 0 nodes created - worst tet radius 1.1111 (nodes removed 0 0)
Info    : 3D refinement terminated (13094 nodes total):
Info    :  - 0 Delaunay cavities modified for star shapeness
Info    :  - 0 nodes could not be inserted
Info    :  - 41637 tetrahedra created in 0.0288814 sec. (1441654 tets/s)
Info    : 0 node relocations
Info    : Tetrahedrizing 131 nodes...
Info    : Done tetrahedrizing 139 nodes (Wall 0.000700168s, CPU 0.0007s)
Info    : Reconstructing mesh...
Info    :  - Creating surface mesh
Info    :  - Identifying boundary edges
Info    :  - Recovering boundary
Info    : Done reconstructing mesh (Wall 0.00164925s, CPU 0.001653s)
Info    : Found volume 2
Info    : It. 0 - 0 nodes created - worst tet radius 3.14022 (nodes removed 0 0)
Info    : 3D refinement terminated (12693 nodes total):
Info    :  - 0 Delaunay cavities modified for star shapeness
Info    :  - 0 nodes could not be inserted
Info    :  - 506 tetrahedra created in 0.00563971 sec. (89720 tets/s)
Info    : 0 node relocations
Info    : Done meshing 3D (Wall 0.660861s, CPU 0.644836s)
Info    : Optimizing mesh...
Info    : Optimizing volume 1
Info    : Optimization starts (volume = 235.621) with worst = 0.00142916 / average = 0.680958:
Info    : 0.00 < quality < 0.10 :       221 elements
Info    : 0.10 < quality < 0.20 :       409 elements
Info    : 0.20 < quality < 0.30 :       639 elements
Info    : 0.30 < quality < 0.40 :       763 elements
Info    : 0.40 < quality < 0.50 :      1254 elements
Info    : 0.50 < quality < 0.60 :      4022 elements
Info    : 0.60 < quality < 0.70 :     11147 elements
Info    : 0.70 < quality < 0.80 :     19987 elements
Info    : 0.80 < quality < 0.90 :      1788 elements
Info    : 0.90 < quality < 1.00 :      1407 elements
Info    : 1214 edge swaps, 33 node relocations (volume = 235.621): worst = 0.0807571 / average = 0.698086 (Wall 0.0132946s, CPU 0.013295s)
Info    : 1281 edge swaps, 35 node relocations (volume = 235.621): worst = 0.154365 / average = 0.698819 (Wall 0.0158958s, CPU 0.015899s)
Info    : 1288 edge swaps, 36 node relocations (volume = 235.621): worst = 0.154365 / average = 0.698849 (Wall 0.0178605s, CPU 0.017864s)
Info    : No ill-shaped tets in the mesh :-)
Info    : 0.00 < quality < 0.10 :         0 elements
Info    : 0.10 < quality < 0.20 :         3 elements
Info    : 0.20 < quality < 0.30 :         7 elements
Info    : 0.30 < quality < 0.40 :       619 elements
Info    : 0.40 < quality < 0.50 :      1038 elements
Info    : 0.50 < quality < 0.60 :      3943 elements
Info    : 0.60 < quality < 0.70 :     11712 elements
Info    : 0.70 < quality < 0.80 :     19771 elements
Info    : 0.80 < quality < 0.90 :      1959 elements
Info    : 0.90 < quality < 1.00 :      1409 elements
Info    : Optimizing volume 2
Info    : Optimization starts (volume = 0.256422) with worst = 0.00650602 / average = 0.729878:
Info    : 0.00 < quality < 0.10 :         3 elements
Info    : 0.10 < quality < 0.20 :         2 elements
Info    : 0.20 < quality < 0.30 :         6 elements
Info    : 0.30 < quality < 0.40 :        12 elements
Info    : 0.40 < quality < 0.50 :        25 elements
Info    : 0.50 < quality < 0.60 :        25 elements
Info    : 0.60 < quality < 0.70 :        78 elements
Info    : 0.70 < quality < 0.80 :       184 elements
Info    : 0.80 < quality < 0.90 :       136 elements
Info    : 0.90 < quality < 1.00 :        35 elements
Info    : 11 edge swaps, 0 node relocations (volume = 0.256422): worst = 0.30484 / average = 0.745491 (Wall 0.00014436s, CPU 0.000145s)
Info    : No ill-shaped tets in the mesh :-)
Info    : 0.00 < quality < 0.10 :         0 elements
Info    : 0.10 < quality < 0.20 :         0 elements
Info    : 0.20 < quality < 0.30 :         0 elements
Info    : 0.30 < quality < 0.40 :        12 elements
Info    : 0.40 < quality < 0.50 :        22 elements
Info    : 0.50 < quality < 0.60 :        22 elements
Info    : 0.60 < quality < 0.70 :        79 elements
Info    : 0.70 < quality < 0.80 :       187 elements
Info    : 0.80 < quality < 0.90 :       138 elements
Info    : 0.90 < quality < 1.00 :        35 elements
Info    : Done optimizing mesh (Wall 0.0482175s, CPU 0.048221s)
Info    : 13494 nodes 67420 elements
Info    : Meshing order 2 (curvilinear on)...
Info    : [  0%] Meshing curve 1 order 2
Info    : [ 10%] Meshing curve 2 order 2
Info    : [ 20%] Meshing curve 3 order 2
Info    : [ 20%] Meshing curve 4 order 2
Info    : [ 30%] Meshing curve 5 order 2
Info    : [ 30%] Meshing curve 6 order 2
Info    : [ 40%] Meshing curve 7 order 2
Info    : [ 40%] Meshing curve 8 order 2
Info    : [ 50%] Meshing curve 9 order 2
Info    : [ 50%] Meshing curve 10 order 2
Info    : [ 60%] Meshing curve 11 order 2
Info    : [ 60%] Meshing curve 12 order 2
Info    : [ 70%] Meshing surface 1 order 2
Info    : [ 70%] Meshing surface 2 order 2
Info    : [ 80%] Meshing surface 3 order 2
Info    : [ 80%] Meshing surface 4 order 2
Info    : [ 90%] Meshing surface 5 order 2
Info    : [ 90%] Meshing surface 6 order 2
Info    : [100%] Meshing volume 1 order 2
Info    : [100%] Meshing volume 2 order 2
Info    : Surface mesh: worst distortion = 0.797589 (0 elements in ]0, 0.2]); worst gamma = 0.69003
Info    : Volume mesh: worst distortion = 0.174907 (1 elements in ]0, 0.2])
Info    : Done meshing order 2 (Wall 14.2415s, CPU 14.2362s)
Info    : Writing '/home/user/mscr-mom/현서/scripts/contact_scenarios/fea/matv2_mesh_LM25_phiN120_b0_s40.inp'...
Info    : Done writing '/home/user/mscr-mom/현서/scripts/contact_scenarios/fea/matv2_mesh_LM25_phiN120_b0_s40.inp'
  [LM25_phiN120_b0] F_mag=0.0009mN  (483.0s)
[LM25_phiN120_b0 5/10] L_M=25.0, phi=-120.0, beta=0.0, s=50.0mm, push_depth=0.1mm ...
Info    : Meshing 1D...
Info    : [  0%] Meshing curve 1 (BSpline)
Info    : [ 10%] Meshing curve 2 (Ellipse)
Info    : [ 20%] Meshing curve 3 (Ellipse)
Info    : [ 30%] Meshing curve 4 (BSpline)
Info    : [ 40%] Meshing curve 5 (BSpline)
Info    : [ 50%] Meshing curve 6 (BSpline)
Info    : [ 60%] Meshing curve 7 (BSpline)
Info    : [ 60%] Meshing curve 8 (BSpline)
Info    : [ 70%] Meshing curve 9 (BSpline)
Info    : [ 90%] Meshing curve 11 (Circle)
Info    : Done meshing 1D (Wall 0.0219223s, CPU 0.021909s)
Info    : Meshing 2D...
Info    : [  0%] Meshing surface 1 (Plane, Frontal-Delaunay)
Info    : [ 20%] Meshing surface 2 (Plane, Frontal-Delaunay)
Info    : [ 40%] Meshing surface 3 (BSpline surface, Frontal-Delaunay)
Info    : [ 60%] Meshing surface 4 (BSpline surface, Frontal-Delaunay)
Info    : [ 70%] Meshing surface 5 (Plane, Frontal-Delaunay)
Info    : [ 90%] Meshing surface 6 (Sphere, Frontal-Delaunay)
Info    : Done meshing 2D (Wall 0.773666s, CPU 0.773057s)
Info    : Meshing 3D...
Info    : 3D Meshing 2 volumes with 2 connected components
Info    : Tetrahedrizing 12481 nodes...
Info    : Done tetrahedrizing 12489 nodes (Wall 0.151197s, CPU 0.14219s)
Info    : Reconstructing mesh...
Info    :  - Creating surface mesh
Info    :  - Identifying boundary edges
Info    :  - Recovering boundary
Info    : Done reconstructing mesh (Wall 0.36266s, CPU 0.347362s)
Info    : Found volume 1
Info    : It. 0 - 0 nodes created - worst tet radius 1.1111 (nodes removed 0 0)
Info    : 3D refinement terminated (13094 nodes total):
Info    :  - 0 Delaunay cavities modified for star shapeness
Info    :  - 0 nodes could not be inserted
Info    :  - 41637 tetrahedra created in 0.0203216 sec. (2048905 tets/s)
Info    : 0 node relocations
Info    : Tetrahedrizing 131 nodes...
Info    : Done tetrahedrizing 139 nodes (Wall 0.000701261s, CPU 0.000701s)
Info    : Reconstructing mesh...
Info    :  - Creating surface mesh
Info    :  - Identifying boundary edges
Info    :  - Recovering boundary
Info    : Done reconstructing mesh (Wall 0.00162738s, CPU 0.001621s)
Info    : Found volume 2
Info    : It. 0 - 0 nodes created - worst tet radius 3.14022 (nodes removed 0 0)
Info    : 3D refinement terminated (12693 nodes total):
Info    :  - 0 Delaunay cavities modified for star shapeness
Info    :  - 0 nodes could not be inserted
Info    :  - 506 tetrahedra created in 0.00286695 sec. (176494 tets/s)
Info    : 0 node relocations
Info    : Done meshing 3D (Wall 0.635938s, CPU 0.620494s)
Info    : Optimizing mesh...
Info    : Optimizing volume 1
Info    : Optimization starts (volume = 235.621) with worst = 0.00142916 / average = 0.680958:
Info    : 0.00 < quality < 0.10 :       221 elements
Info    : 0.10 < quality < 0.20 :       409 elements
Info    : 0.20 < quality < 0.30 :       639 elements
Info    : 0.30 < quality < 0.40 :       763 elements
Info    : 0.40 < quality < 0.50 :      1254 elements
Info    : 0.50 < quality < 0.60 :      4022 elements
Info    : 0.60 < quality < 0.70 :     11147 elements
Info    : 0.70 < quality < 0.80 :     19987 elements
Info    : 0.80 < quality < 0.90 :      1788 elements
Info    : 0.90 < quality < 1.00 :      1407 elements
Info    : 1214 edge swaps, 33 node relocations (volume = 235.621): worst = 0.0807571 / average = 0.698086 (Wall 0.0148019s, CPU 0.014802s)
Info    : 1281 edge swaps, 35 node relocations (volume = 235.621): worst = 0.154365 / average = 0.698819 (Wall 0.0178082s, CPU 0.01781s)
Info    : 1288 edge swaps, 36 node relocations (volume = 235.621): worst = 0.154365 / average = 0.698849 (Wall 0.019848s, CPU 0.019851s)
Info    : No ill-shaped tets in the mesh :-)
Info    : 0.00 < quality < 0.10 :         0 elements
Info    : 0.10 < quality < 0.20 :         3 elements
Info    : 0.20 < quality < 0.30 :         7 elements
Info    : 0.30 < quality < 0.40 :       619 elements
Info    : 0.40 < quality < 0.50 :      1038 elements
Info    : 0.50 < quality < 0.60 :      3943 elements
Info    : 0.60 < quality < 0.70 :     11712 elements
Info    : 0.70 < quality < 0.80 :     19771 elements
Info    : 0.80 < quality < 0.90 :      1959 elements
Info    : 0.90 < quality < 1.00 :      1409 elements
Info    : Optimizing volume 2
Info    : Optimization starts (volume = 0.256422) with worst = 0.00650602 / average = 0.729878:
Info    : 0.00 < quality < 0.10 :         3 elements
Info    : 0.10 < quality < 0.20 :         2 elements
Info    : 0.20 < quality < 0.30 :         6 elements
Info    : 0.30 < quality < 0.40 :        12 elements
Info    : 0.40 < quality < 0.50 :        25 elements
Info    : 0.50 < quality < 0.60 :        25 elements
Info    : 0.60 < quality < 0.70 :        78 elements
Info    : 0.70 < quality < 0.80 :       184 elements
Info    : 0.80 < quality < 0.90 :       136 elements
Info    : 0.90 < quality < 1.00 :        35 elements
Info    : 11 edge swaps, 0 node relocations (volume = 0.256422): worst = 0.30484 / average = 0.745491 (Wall 0.000132883s, CPU 0.000133s)
Info    : No ill-shaped tets in the mesh :-)
Info    : 0.00 < quality < 0.10 :         0 elements
Info    : 0.10 < quality < 0.20 :         0 elements
Info    : 0.20 < quality < 0.30 :         0 elements
Info    : 0.30 < quality < 0.40 :        12 elements
Info    : 0.40 < quality < 0.50 :        22 elements
Info    : 0.50 < quality < 0.60 :        22 elements
Info    : 0.60 < quality < 0.70 :        79 elements
Info    : 0.70 < quality < 0.80 :       187 elements
Info    : 0.80 < quality < 0.90 :       138 elements
Info    : 0.90 < quality < 1.00 :        35 elements
Info    : Done optimizing mesh (Wall 0.0429394s, CPU 0.042938s)
Info    : 13494 nodes 67420 elements
Info    : Meshing order 2 (curvilinear on)...
Info    : [  0%] Meshing curve 1 order 2
Info    : [ 10%] Meshing curve 2 order 2
Info    : [ 20%] Meshing curve 3 order 2
Info    : [ 20%] Meshing curve 4 order 2
Info    : [ 30%] Meshing curve 5 order 2
Info    : [ 30%] Meshing curve 6 order 2
Info    : [ 40%] Meshing curve 7 order 2
Info    : [ 40%] Meshing curve 8 order 2
Info    : [ 50%] Meshing curve 9 order 2
Info    : [ 50%] Meshing curve 10 order 2
Info    : [ 60%] Meshing curve 11 order 2
Info    : [ 60%] Meshing curve 12 order 2
Info    : [ 70%] Meshing surface 1 order 2
Info    : [ 70%] Meshing surface 2 order 2
Info    : [ 80%] Meshing surface 3 order 2
Info    : [ 80%] Meshing surface 4 order 2
Info    : [ 90%] Meshing surface 5 order 2
Info    : [ 90%] Meshing surface 6 order 2
Info    : [100%] Meshing volume 1 order 2
Info    : [100%] Meshing volume 2 order 2
Info    : Surface mesh: worst distortion = 0.797589 (0 elements in ]0, 0.2]); worst gamma = 0.69003
Info    : Volume mesh: worst distortion = 0.174907 (1 elements in ]0, 0.2])
Info    : Done meshing order 2 (Wall 14.412s, CPU 14.3991s)
Info    : Writing '/home/user/mscr-mom/현서/scripts/contact_scenarios/fea/matv2_mesh_LM25_phiN120_b0_s50.inp'...
Info    : Done writing '/home/user/mscr-mom/현서/scripts/contact_scenarios/fea/matv2_mesh_LM25_phiN120_b0_s50.inp'
  [LM25_phiN120_b0] [실패] (469.5s)
[LM25_phiN120_b0 6/10] L_M=25.0, phi=-120.0, beta=0.0, s=60.0mm, push_depth=0.1mm ...
Info    : Meshing 1D...
Info    : [  0%] Meshing curve 1 (BSpline)
Info    : [ 10%] Meshing curve 2 (Ellipse)
Info    : [ 20%] Meshing curve 3 (Ellipse)
Info    : [ 30%] Meshing curve 4 (BSpline)
Info    : [ 40%] Meshing curve 5 (BSpline)
Info    : [ 50%] Meshing curve 6 (BSpline)
Info    : [ 60%] Meshing curve 7 (BSpline)
Info    : [ 60%] Meshing curve 8 (BSpline)
Info    : [ 70%] Meshing curve 9 (BSpline)
Info    : [ 90%] Meshing curve 11 (Circle)
Info    : Done meshing 1D (Wall 0.0222587s, CPU 0.022254s)
Info    : Meshing 2D...
Info    : [  0%] Meshing surface 1 (Plane, Frontal-Delaunay)
Info    : [ 20%] Meshing surface 2 (Plane, Frontal-Delaunay)
Info    : [ 40%] Meshing surface 3 (BSpline surface, Frontal-Delaunay)
Info    : [ 60%] Meshing surface 4 (BSpline surface, Frontal-Delaunay)
Info    : [ 70%] Meshing surface 5 (Plane, Frontal-Delaunay)
Info    : [ 90%] Meshing surface 6 (Sphere, Frontal-Delaunay)
Info    : Done meshing 2D (Wall 0.750339s, CPU 0.750263s)
Info    : Meshing 3D...
Info    : 3D Meshing 2 volumes with 2 connected components
Info    : Tetrahedrizing 12481 nodes...
Info    : Done tetrahedrizing 12489 nodes (Wall 0.153322s, CPU 0.148317s)
Info    : Reconstructing mesh...
Info    :  - Creating surface mesh
Info    :  - Identifying boundary edges
Info    :  - Recovering boundary
Info    : Done reconstructing mesh (Wall 0.369682s, CPU 0.354658s)
Info    : Found volume 1
Info    : It. 0 - 0 nodes created - worst tet radius 1.1111 (nodes removed 0 0)
Info    : 3D refinement terminated (13094 nodes total):
Info    :  - 0 Delaunay cavities modified for star shapeness
Info    :  - 0 nodes could not be inserted
Info    :  - 41637 tetrahedra created in 0.0256873 sec. (1620916 tets/s)
Info    : 0 node relocations
Info    : Tetrahedrizing 131 nodes...
Info    : Done tetrahedrizing 139 nodes (Wall 0.00067461s, CPU 0.000675s)
Info    : Reconstructing mesh...
Info    :  - Creating surface mesh
Info    :  - Identifying boundary edges
Info    :  - Recovering boundary
Info    : Done reconstructing mesh (Wall 0.001601s, CPU 0.001605s)
Info    : Found volume 2
Info    : It. 0 - 0 nodes created - worst tet radius 3.14022 (nodes removed 0 0)
Info    : 3D refinement terminated (12693 nodes total):
Info    :  - 0 Delaunay cavities modified for star shapeness
Info    :  - 0 nodes could not be inserted
Info    :  - 506 tetrahedra created in 0.00422067 sec. (119886 tets/s)
Info    : 0 node relocations
Info    : Done meshing 3D (Wall 0.671258s, CPU 0.656212s)
Info    : Optimizing mesh...
Info    : Optimizing volume 1
Info    : Optimization starts (volume = 235.621) with worst = 0.00142916 / average = 0.680958:
Info    : 0.00 < quality < 0.10 :       221 elements
Info    : 0.10 < quality < 0.20 :       409 elements
Info    : 0.20 < quality < 0.30 :       639 elements
Info    : 0.30 < quality < 0.40 :       763 elements
Info    : 0.40 < quality < 0.50 :      1254 elements
Info    : 0.50 < quality < 0.60 :      4022 elements
Info    : 0.60 < quality < 0.70 :     11147 elements
Info    : 0.70 < quality < 0.80 :     19987 elements
Info    : 0.80 < quality < 0.90 :      1788 elements
Info    : 0.90 < quality < 1.00 :      1407 elements
Info    : 1214 edge swaps, 33 node relocations (volume = 235.621): worst = 0.0807571 / average = 0.698086 (Wall 0.0145981s, CPU 0.014599s)
Info    : 1281 edge swaps, 35 node relocations (volume = 235.621): worst = 0.154365 / average = 0.698819 (Wall 0.0180949s, CPU 0.018095s)
Info    : 1288 edge swaps, 36 node relocations (volume = 235.621): worst = 0.154365 / average = 0.698849 (Wall 0.0207109s, CPU 0.020711s)
Info    : No ill-shaped tets in the mesh :-)
Info    : 0.00 < quality < 0.10 :         0 elements
Info    : 0.10 < quality < 0.20 :         3 elements
Info    : 0.20 < quality < 0.30 :         7 elements
Info    : 0.30 < quality < 0.40 :       619 elements
Info    : 0.40 < quality < 0.50 :      1038 elements
Info    : 0.50 < quality < 0.60 :      3943 elements
Info    : 0.60 < quality < 0.70 :     11712 elements
Info    : 0.70 < quality < 0.80 :     19771 elements
Info    : 0.80 < quality < 0.90 :      1959 elements
Info    : 0.90 < quality < 1.00 :      1409 elements
Info    : Optimizing volume 2
Info    : Optimization starts (volume = 0.256422) with worst = 0.00650602 / average = 0.729878:
Info    : 0.00 < quality < 0.10 :         3 elements
Info    : 0.10 < quality < 0.20 :         2 elements
Info    : 0.20 < quality < 0.30 :         6 elements
Info    : 0.30 < quality < 0.40 :        12 elements
Info    : 0.40 < quality < 0.50 :        25 elements
Info    : 0.50 < quality < 0.60 :        25 elements
Info    : 0.60 < quality < 0.70 :        78 elements
Info    : 0.70 < quality < 0.80 :       184 elements
Info    : 0.80 < quality < 0.90 :       136 elements
Info    : 0.90 < quality < 1.00 :        35 elements
Info    : 11 edge swaps, 0 node relocations (volume = 0.256422): worst = 0.30484 / average = 0.745491 (Wall 0.000130699s, CPU 0.000133s)
Info    : No ill-shaped tets in the mesh :-)
Info    : 0.00 < quality < 0.10 :         0 elements
Info    : 0.10 < quality < 0.20 :         0 elements
Info    : 0.20 < quality < 0.30 :         0 elements
Info    : 0.30 < quality < 0.40 :        12 elements
Info    : 0.40 < quality < 0.50 :        22 elements
Info    : 0.50 < quality < 0.60 :        22 elements
Info    : 0.60 < quality < 0.70 :        79 elements
Info    : 0.70 < quality < 0.80 :       187 elements
Info    : 0.80 < quality < 0.90 :       138 elements
Info    : 0.90 < quality < 1.00 :        35 elements
Info    : Done optimizing mesh (Wall 0.0481113s, CPU 0.048108s)
Info    : 13494 nodes 67420 elements
Info    : Meshing order 2 (curvilinear on)...
Info    : [  0%] Meshing curve 1 order 2
Info    : [ 10%] Meshing curve 2 order 2
Info    : [ 20%] Meshing curve 3 order 2
Info    : [ 20%] Meshing curve 4 order 2
Info    : [ 30%] Meshing curve 5 order 2
Info    : [ 30%] Meshing curve 6 order 2
Info    : [ 40%] Meshing curve 7 order 2
Info    : [ 40%] Meshing curve 8 order 2
Info    : [ 50%] Meshing curve 9 order 2
Info    : [ 50%] Meshing curve 10 order 2
Info    : [ 60%] Meshing curve 11 order 2
Info    : [ 60%] Meshing curve 12 order 2
Info    : [ 70%] Meshing surface 1 order 2
Info    : [ 70%] Meshing surface 2 order 2
Info    : [ 80%] Meshing surface 3 order 2
Info    : [ 80%] Meshing surface 4 order 2
Info    : [ 90%] Meshing surface 5 order 2
Info    : [ 90%] Meshing surface 6 order 2
Info    : [100%] Meshing volume 1 order 2
Info    : [100%] Meshing volume 2 order 2
Info    : Surface mesh: worst distortion = 0.797589 (0 elements in ]0, 0.2]); worst gamma = 0.69003
Info    : Volume mesh: worst distortion = 0.174907 (1 elements in ]0, 0.2])
Info    : Done meshing order 2 (Wall 14.3688s, CPU 14.3608s)
Info    : Writing '/home/user/mscr-mom/현서/scripts/contact_scenarios/fea/matv2_mesh_LM25_phiN120_b0_s60.inp'...
Info    : Done writing '/home/user/mscr-mom/현서/scripts/contact_scenarios/fea/matv2_mesh_LM25_phiN120_b0_s60.inp'
  [LM25_phiN120_b0] [실패] (637.6s)
[LM25_phiN120_b0 7/10] L_M=25.0, phi=-120.0, beta=0.0, s=70.0mm, push_depth=0.1mm ...
Info    : Meshing 1D...
Info    : [  0%] Meshing curve 1 (BSpline)
Info    : [ 10%] Meshing curve 2 (Ellipse)
Info    : [ 20%] Meshing curve 3 (Ellipse)
Info    : [ 30%] Meshing curve 4 (BSpline)
Info    : [ 40%] Meshing curve 5 (BSpline)
Info    : [ 50%] Meshing curve 6 (BSpline)
Info    : [ 60%] Meshing curve 7 (BSpline)
Info    : [ 60%] Meshing curve 8 (BSpline)
Info    : [ 70%] Meshing curve 9 (BSpline)
Info    : [ 90%] Meshing curve 11 (Circle)
Info    : Done meshing 1D (Wall 0.0222241s, CPU 0.021131s)
Info    : Meshing 2D...
Info    : [  0%] Meshing surface 1 (Plane, Frontal-Delaunay)
Info    : [ 20%] Meshing surface 2 (Plane, Frontal-Delaunay)
Info    : [ 40%] Meshing surface 3 (BSpline surface, Frontal-Delaunay)
Info    : [ 60%] Meshing surface 4 (BSpline surface, Frontal-Delaunay)
Info    : [ 70%] Meshing surface 5 (Plane, Frontal-Delaunay)
Info    : [ 90%] Meshing surface 6 (Sphere, Frontal-Delaunay)
Info    : Done meshing 2D (Wall 0.778885s, CPU 0.777243s)
Info    : Meshing 3D...
Info    : 3D Meshing 2 volumes with 2 connected components
Info    : Tetrahedrizing 12481 nodes...
Info    : Done tetrahedrizing 12489 nodes (Wall 0.153418s, CPU 0.146408s)
Info    : Reconstructing mesh...
Info    :  - Creating surface mesh
Info    :  - Identifying boundary edges
Info    :  - Recovering boundary
Info    : Done reconstructing mesh (Wall 0.378737s, CPU 0.360709s)
Info    : Found volume 1
Info    : It. 0 - 0 nodes created - worst tet radius 1.1111 (nodes removed 0 0)
Info    : 3D refinement terminated (13093 nodes total):
Info    :  - 0 Delaunay cavities modified for star shapeness
Info    :  - 0 nodes could not be inserted
Info    :  - 41637 tetrahedra created in 0.0244305 sec. (1704303 tets/s)
Info    : 0 node relocations
Info    : Tetrahedrizing 130 nodes...
Info    : Done tetrahedrizing 138 nodes (Wall 0.000691305s, CPU 0.000691s)
Info    : Reconstructing mesh...
Info    :  - Creating surface mesh
Info    :  - Identifying boundary edges
Info    :  - Recovering boundary
Info    : Done reconstructing mesh (Wall 0.00161918s, CPU 0.001623s)
Info    : Found volume 2
Info    : It. 0 - 0 nodes created - worst tet radius 3.06344 (nodes removed 0 0)
Info    : 3D refinement terminated (12691 nodes total):
Info    :  - 0 Delaunay cavities modified for star shapeness
Info    :  - 0 nodes could not be inserted
Info    :  - 487 tetrahedra created in 0.00233138 sec. (208889 tets/s)
Info    : 0 node relocations
Info    : Done meshing 3D (Wall 0.662258s, CPU 0.644142s)
Info    : Optimizing mesh...
Info    : Optimizing volume 1
Info    : Optimization starts (volume = 235.621) with worst = 0.00142916 / average = 0.680958:
Info    : 0.00 < quality < 0.10 :       221 elements
Info    : 0.10 < quality < 0.20 :       409 elements
Info    : 0.20 < quality < 0.30 :       639 elements
Info    : 0.30 < quality < 0.40 :       763 elements
Info    : 0.40 < quality < 0.50 :      1254 elements
Info    : 0.50 < quality < 0.60 :      4022 elements
Info    : 0.60 < quality < 0.70 :     11147 elements
Info    : 0.70 < quality < 0.80 :     19987 elements
Info    : 0.80 < quality < 0.90 :      1788 elements
Info    : 0.90 < quality < 1.00 :      1407 elements
Info    : 1214 edge swaps, 33 node relocations (volume = 235.621): worst = 0.0807571 / average = 0.698086 (Wall 0.0129252s, CPU 0.012925s)
Info    : 1281 edge swaps, 35 node relocations (volume = 235.621): worst = 0.154365 / average = 0.698819 (Wall 0.0155626s, CPU 0.015565s)
Info    : 1288 edge swaps, 36 node relocations (volume = 235.621): worst = 0.154365 / average = 0.698849 (Wall 0.0175084s, CPU 0.017511s)
Info    : No ill-shaped tets in the mesh :-)
Info    : 0.00 < quality < 0.10 :         0 elements
Info    : 0.10 < quality < 0.20 :         3 elements
Info    : 0.20 < quality < 0.30 :         7 elements
Info    : 0.30 < quality < 0.40 :       619 elements
Info    : 0.40 < quality < 0.50 :      1038 elements
Info    : 0.50 < quality < 0.60 :      3943 elements
Info    : 0.60 < quality < 0.70 :     11712 elements
Info    : 0.70 < quality < 0.80 :     19771 elements
Info    : 0.80 < quality < 0.90 :      1959 elements
Info    : 0.90 < quality < 1.00 :      1409 elements
Info    : Optimizing volume 2
Info    : Optimization starts (volume = 0.256435) with worst = 0.191558 / average = 0.744175:
Info    : 0.00 < quality < 0.10 :         0 elements
Info    : 0.10 < quality < 0.20 :         1 elements
Info    : 0.20 < quality < 0.30 :         5 elements
Info    : 0.30 < quality < 0.40 :         7 elements
Info    : 0.40 < quality < 0.50 :        28 elements
Info    : 0.50 < quality < 0.60 :        21 elements
Info    : 0.60 < quality < 0.70 :        72 elements
Info    : 0.70 < quality < 0.80 :       168 elements
Info    : 0.80 < quality < 0.90 :       144 elements
Info    : 0.90 < quality < 1.00 :        41 elements
Info    : 6 edge swaps, 0 node relocations (volume = 0.256435): worst = 0.347645 / average = 0.751404 (Wall 9.33828e-05s, CPU 9.3e-05s)
Info    : No ill-shaped tets in the mesh :-)
Info    : 0.00 < quality < 0.10 :         0 elements
Info    : 0.10 < quality < 0.20 :         0 elements
Info    : 0.20 < quality < 0.30 :         0 elements
Info    : 0.30 < quality < 0.40 :         7 elements
Info    : 0.40 < quality < 0.50 :        25 elements
Info    : 0.50 < quality < 0.60 :        22 elements
Info    : 0.60 < quality < 0.70 :        74 elements
Info    : 0.70 < quality < 0.80 :       170 elements
Info    : 0.80 < quality < 0.90 :       143 elements
Info    : 0.90 < quality < 1.00 :        41 elements
Info    : Done optimizing mesh (Wall 0.0393823s, CPU 0.038565s)
Info    : 13492 nodes 67405 elements
Info    : Meshing order 2 (curvilinear on)...
Info    : [  0%] Meshing curve 1 order 2
Info    : [ 10%] Meshing curve 2 order 2
Info    : [ 20%] Meshing curve 3 order 2
Info    : [ 20%] Meshing curve 4 order 2
Info    : [ 30%] Meshing curve 5 order 2
Info    : [ 30%] Meshing curve 6 order 2
Info    : [ 40%] Meshing curve 7 order 2
Info    : [ 40%] Meshing curve 8 order 2
Info    : [ 50%] Meshing curve 9 order 2
Info    : [ 50%] Meshing curve 10 order 2
Info    : [ 60%] Meshing curve 11 order 2
Info    : [ 60%] Meshing curve 12 order 2
Info    : [ 70%] Meshing surface 1 order 2
Info    : [ 70%] Meshing surface 2 order 2
Info    : [ 80%] Meshing surface 3 order 2
Info    : [ 80%] Meshing surface 4 order 2
Info    : [ 90%] Meshing surface 5 order 2
Info    : [ 90%] Meshing surface 6 order 2
Info    : [100%] Meshing volume 1 order 2
Info    : [100%] Meshing volume 2 order 2
Info    : Surface mesh: worst distortion = 0.797589 (0 elements in ]0, 0.2]); worst gamma = 0.69003
Info    : Volume mesh: worst distortion = 0.174907 (1 elements in ]0, 0.2])
Info    : Done meshing order 2 (Wall 14.4612s, CPU 14.4302s)
Info    : Writing '/home/user/mscr-mom/현서/scripts/contact_scenarios/fea/matv2_mesh_LM25_phiN120_b0_s70.inp'...
Info    : Done writing '/home/user/mscr-mom/현서/scripts/contact_scenarios/fea/matv2_mesh_LM25_phiN120_b0_s70.inp'
  [LM25_phiN120_b0] [실패] (808.8s)
[LM25_phiN120_b0 8/10] L_M=25.0, phi=-120.0, beta=0.0, s=80.0mm, push_depth=0.1mm ...
Info    : Meshing 1D...
Info    : [  0%] Meshing curve 1 (BSpline)
Info    : [ 10%] Meshing curve 2 (Ellipse)
Info    : [ 20%] Meshing curve 3 (Ellipse)
Info    : [ 30%] Meshing curve 4 (BSpline)
Info    : [ 40%] Meshing curve 5 (BSpline)
Info    : [ 50%] Meshing curve 6 (BSpline)
Info    : [ 60%] Meshing curve 7 (BSpline)
Info    : [ 60%] Meshing curve 8 (BSpline)
Info    : [ 70%] Meshing curve 9 (BSpline)
Info    : [ 90%] Meshing curve 11 (Circle)
Info    : Done meshing 1D (Wall 0.0216307s, CPU 0.021622s)
Info    : Meshing 2D...
Info    : [  0%] Meshing surface 1 (Plane, Frontal-Delaunay)
Info    : [ 20%] Meshing surface 2 (Plane, Frontal-Delaunay)
Info    : [ 40%] Meshing surface 3 (BSpline surface, Frontal-Delaunay)
Info    : [ 60%] Meshing surface 4 (BSpline surface, Frontal-Delaunay)
Info    : [ 70%] Meshing surface 5 (Plane, Frontal-Delaunay)
Info    : [ 90%] Meshing surface 6 (Sphere, Frontal-Delaunay)
Info    : Done meshing 2D (Wall 0.752354s, CPU 0.750919s)
Info    : Meshing 3D...
Info    : 3D Meshing 2 volumes with 2 connected components
Info    : Tetrahedrizing 12481 nodes...
Info    : Done tetrahedrizing 12489 nodes (Wall 0.154291s, CPU 0.145269s)
Info    : Reconstructing mesh...
Info    :  - Creating surface mesh
Info    :  - Identifying boundary edges
Info    :  - Recovering boundary
Info    : Done reconstructing mesh (Wall 0.384214s, CPU 0.368152s)
Info    : Found volume 1
Info    : It. 0 - 0 nodes created - worst tet radius 1.1111 (nodes removed 0 0)
Info    : 3D refinement terminated (13094 nodes total):
Info    :  - 0 Delaunay cavities modified for star shapeness
Info    :  - 0 nodes could not be inserted
Info    :  - 41637 tetrahedra created in 0.0266045 sec. (1565037 tets/s)
Info    : 0 node relocations
Info    : Tetrahedrizing 131 nodes...
Info    : Done tetrahedrizing 139 nodes (Wall 0.000699363s, CPU 0.00069s)
Info    : Reconstructing mesh...
Info    :  - Creating surface mesh
Info    :  - Identifying boundary edges
Info    :  - Recovering boundary
Info    : Done reconstructing mesh (Wall 0.00168851s, CPU 0.001679s)
Info    : Found volume 2
Info    : It. 0 - 0 nodes created - worst tet radius 3.14107 (nodes removed 0 0)
Info    : 3D refinement terminated (12692 nodes total):
Info    :  - 0 Delaunay cavities modified for star shapeness
Info    :  - 0 nodes could not be inserted
Info    :  - 485 tetrahedra created in 0.00367757 sec. (131880 tets/s)
Info    : 0 node relocations
Info    : Done meshing 3D (Wall 0.712829s, CPU 0.695716s)
Info    : Optimizing mesh...
Info    : Optimizing volume 1
Info    : Optimization starts (volume = 235.621) with worst = 0.00142916 / average = 0.680958:
Info    : 0.00 < quality < 0.10 :       221 elements
Info    : 0.10 < quality < 0.20 :       409 elements
Info    : 0.20 < quality < 0.30 :       639 elements
Info    : 0.30 < quality < 0.40 :       763 elements
Info    : 0.40 < quality < 0.50 :      1254 elements
Info    : 0.50 < quality < 0.60 :      4022 elements
Info    : 0.60 < quality < 0.70 :     11147 elements
Info    : 0.70 < quality < 0.80 :     19987 elements
Info    : 0.80 < quality < 0.90 :      1788 elements
Info    : 0.90 < quality < 1.00 :      1407 elements
Info    : 1214 edge swaps, 33 node relocations (volume = 235.621): worst = 0.0807571 / average = 0.698086 (Wall 0.0157889s, CPU 0.015788s)
Info    : 1281 edge swaps, 35 node relocations (volume = 235.621): worst = 0.154365 / average = 0.698819 (Wall 0.0193711s, CPU 0.019371s)
Info    : 1288 edge swaps, 36 node relocations (volume = 235.621): worst = 0.154365 / average = 0.698849 (Wall 0.0221523s, CPU 0.022152s)
Info    : No ill-shaped tets in the mesh :-)
Info    : 0.00 < quality < 0.10 :         0 elements
Info    : 0.10 < quality < 0.20 :         3 elements
Info    : 0.20 < quality < 0.30 :         7 elements
Info    : 0.30 < quality < 0.40 :       619 elements
Info    : 0.40 < quality < 0.50 :      1038 elements
Info    : 0.50 < quality < 0.60 :      3943 elements
Info    : 0.60 < quality < 0.70 :     11712 elements
Info    : 0.70 < quality < 0.80 :     19771 elements
Info    : 0.80 < quality < 0.90 :      1959 elements
Info    : 0.90 < quality < 1.00 :      1409 elements
Info    : Optimizing volume 2
Info    : Optimization starts (volume = 0.25645) with worst = 0.0360455 / average = 0.747448:
Info    : 0.00 < quality < 0.10 :         1 elements
Info    : 0.10 < quality < 0.20 :         3 elements
Info    : 0.20 < quality < 0.30 :         2 elements
Info    : 0.30 < quality < 0.40 :        11 elements
Info    : 0.40 < quality < 0.50 :        10 elements
Info    : 0.50 < quality < 0.60 :        21 elements
Info    : 0.60 < quality < 0.70 :        75 elements
Info    : 0.70 < quality < 0.80 :       191 elements
Info    : 0.80 < quality < 0.90 :       129 elements
Info    : 0.90 < quality < 1.00 :        42 elements
Info    : 6 edge swaps, 0 node relocations (volume = 0.25645): worst = 0.301484 / average = 0.754519 (Wall 0.00010951s, CPU 0.000112s)
Info    : No ill-shaped tets in the mesh :-)
Info    : 0.00 < quality < 0.10 :         0 elements
Info    : 0.10 < quality < 0.20 :         0 elements
Info    : 0.20 < quality < 0.30 :         0 elements
Info    : 0.30 < quality < 0.40 :        11 elements
Info    : 0.40 < quality < 0.50 :        10 elements
Info    : 0.50 < quality < 0.60 :        19 elements
Info    : 0.60 < quality < 0.70 :        78 elements
Info    : 0.70 < quality < 0.80 :       190 elements
Info    : 0.80 < quality < 0.90 :       130 elements
Info    : 0.90 < quality < 1.00 :        42 elements
Info    : Done optimizing mesh (Wall 0.0469022s, CPU 0.046898s)
Info    : 13493 nodes 67405 elements
Info    : Meshing order 2 (curvilinear on)...
Info    : [  0%] Meshing curve 1 order 2
Info    : [ 10%] Meshing curve 2 order 2
Info    : [ 20%] Meshing curve 3 order 2
Info    : [ 20%] Meshing curve 4 order 2
Info    : [ 30%] Meshing curve 5 order 2
Info    : [ 30%] Meshing curve 6 order 2
Info    : [ 40%] Meshing curve 7 order 2
Info    : [ 40%] Meshing curve 8 order 2
Info    : [ 50%] Meshing curve 9 order 2
Info    : [ 50%] Meshing curve 10 order 2
Info    : [ 60%] Meshing curve 11 order 2
Info    : [ 60%] Meshing curve 12 order 2
Info    : [ 70%] Meshing surface 1 order 2
Info    : [ 70%] Meshing surface 2 order 2
Info    : [ 80%] Meshing surface 3 order 2
Info    : [ 80%] Meshing surface 4 order 2
Info    : [ 90%] Meshing surface 5 order 2
Info    : [ 90%] Meshing surface 6 order 2
Info    : [100%] Meshing volume 1 order 2
Info    : [100%] Meshing volume 2 order 2
Info    : Surface mesh: worst distortion = 0.797589 (0 elements in ]0, 0.2]); worst gamma = 0.69003
Info    : Volume mesh: worst distortion = 0.174907 (1 elements in ]0, 0.2])
Info    : Done meshing order 2 (Wall 15.1809s, CPU 15.1445s)
Info    : Writing '/home/user/mscr-mom/현서/scripts/contact_scenarios/fea/matv2_mesh_LM25_phiN120_b0_s80.inp'...
Info    : Done writing '/home/user/mscr-mom/현서/scripts/contact_scenarios/fea/matv2_mesh_LM25_phiN120_b0_s80.inp'
  [LM25_phiN120_b0] [실패] (1032.5s)
[LM25_phiN120_b0 9/10] L_M=25.0, phi=-120.0, beta=0.0, s=90.0mm, push_depth=0.1mm ...
Info    : Meshing 1D...
Info    : [  0%] Meshing curve 1 (BSpline)
Info    : [ 10%] Meshing curve 2 (Ellipse)
Info    : [ 20%] Meshing curve 3 (Ellipse)
Info    : [ 30%] Meshing curve 4 (BSpline)
Info    : [ 40%] Meshing curve 5 (BSpline)
Info    : [ 50%] Meshing curve 6 (BSpline)
Info    : [ 60%] Meshing curve 7 (BSpline)
Info    : [ 60%] Meshing curve 8 (BSpline)
Info    : [ 70%] Meshing curve 9 (BSpline)
Info    : [ 90%] Meshing curve 11 (Circle)
Info    : Done meshing 1D (Wall 0.022079s, CPU 0.021077s)
Info    : Meshing 2D...
Info    : [  0%] Meshing surface 1 (Plane, Frontal-Delaunay)
Info    : [ 20%] Meshing surface 2 (Plane, Frontal-Delaunay)
Info    : [ 40%] Meshing surface 3 (BSpline surface, Frontal-Delaunay)
Info    : [ 60%] Meshing surface 4 (BSpline surface, Frontal-Delaunay)
Info    : [ 70%] Meshing surface 5 (Plane, Frontal-Delaunay)
Info    : [ 90%] Meshing surface 6 (Sphere, Frontal-Delaunay)
Info    : Done meshing 2D (Wall 0.792209s, CPU 0.792093s)
Info    : Meshing 3D...
Info    : 3D Meshing 2 volumes with 2 connected components
Info    : Tetrahedrizing 12481 nodes...
Info    : Done tetrahedrizing 12489 nodes (Wall 0.16064s, CPU 0.14366s)
Info    : Reconstructing mesh...
Info    :  - Creating surface mesh
Info    :  - Identifying boundary edges
Info    :  - Recovering boundary
Info    : Done reconstructing mesh (Wall 0.377449s, CPU 0.354442s)
Info    : Found volume 1
Info    : It. 0 - 0 nodes created - worst tet radius 1.1111 (nodes removed 0 0)
Info    : 3D refinement terminated (13094 nodes total):
Info    :  - 0 Delaunay cavities modified for star shapeness
Info    :  - 0 nodes could not be inserted
Info    :  - 41637 tetrahedra created in 0.028004 sec. (1486822 tets/s)
Info    : 0 node relocations
Info    : Tetrahedrizing 131 nodes...
Info    : Done tetrahedrizing 139 nodes (Wall 0.000785334s, CPU 0.000787s)
Info    : Reconstructing mesh...
Info    :  - Creating surface mesh
Info    :  - Identifying boundary edges
Info    :  - Recovering boundary
Info    : Done reconstructing mesh (Wall 0.00203147s, CPU 0.002029s)
Info    : Found volume 2
Info    : It. 0 - 0 nodes created - worst tet radius 3.14022 (nodes removed 0 0)
Info    : 3D refinement terminated (12693 nodes total):
Info    :  - 0 Delaunay cavities modified for star shapeness
Info    :  - 0 nodes could not be inserted
Info    :  - 506 tetrahedra created in 0.00742129 sec. (68182 tets/s)
Info    : 0 node relocations
Info    : Done meshing 3D (Wall 0.697894s, CPU 0.673882s)
Info    : Optimizing mesh...
Info    : Optimizing volume 1
Info    : Optimization starts (volume = 235.621) with worst = 0.00142916 / average = 0.680958:
Info    : 0.00 < quality < 0.10 :       221 elements
Info    : 0.10 < quality < 0.20 :       409 elements
Info    : 0.20 < quality < 0.30 :       639 elements
Info    : 0.30 < quality < 0.40 :       763 elements
Info    : 0.40 < quality < 0.50 :      1254 elements
Info    : 0.50 < quality < 0.60 :      4022 elements
Info    : 0.60 < quality < 0.70 :     11147 elements
Info    : 0.70 < quality < 0.80 :     19987 elements
Info    : 0.80 < quality < 0.90 :      1788 elements
Info    : 0.90 < quality < 1.00 :      1407 elements
Info    : 1214 edge swaps, 33 node relocations (volume = 235.621): worst = 0.0807571 / average = 0.698086 (Wall 0.0156949s, CPU 0.014706s)
Info    : 1281 edge swaps, 35 node relocations (volume = 235.621): worst = 0.154365 / average = 0.698819 (Wall 0.0191868s, CPU 0.018192s)
Info    : 1288 edge swaps, 36 node relocations (volume = 235.621): worst = 0.154365 / average = 0.698849 (Wall 0.0217467s, CPU 0.020753s)
Info    : No ill-shaped tets in the mesh :-)
Info    : 0.00 < quality < 0.10 :         0 elements
Info    : 0.10 < quality < 0.20 :         3 elements
Info    : 0.20 < quality < 0.30 :         7 elements
Info    : 0.30 < quality < 0.40 :       619 elements
Info    : 0.40 < quality < 0.50 :      1038 elements
Info    : 0.50 < quality < 0.60 :      3943 elements
Info    : 0.60 < quality < 0.70 :     11712 elements
Info    : 0.70 < quality < 0.80 :     19771 elements
Info    : 0.80 < quality < 0.90 :      1959 elements
Info    : 0.90 < quality < 1.00 :      1409 elements
Info    : Optimizing volume 2
Info    : Optimization starts (volume = 0.256422) with worst = 0.00650602 / average = 0.729878:
Info    : 0.00 < quality < 0.10 :         3 elements
Info    : 0.10 < quality < 0.20 :         2 elements
Info    : 0.20 < quality < 0.30 :         6 elements
Info    : 0.30 < quality < 0.40 :        12 elements
Info    : 0.40 < quality < 0.50 :        25 elements
Info    : 0.50 < quality < 0.60 :        25 elements
Info    : 0.60 < quality < 0.70 :        78 elements
Info    : 0.70 < quality < 0.80 :       184 elements
Info    : 0.80 < quality < 0.90 :       136 elements
Info    : 0.90 < quality < 1.00 :        35 elements
Info    : 11 edge swaps, 0 node relocations (volume = 0.256422): worst = 0.30484 / average = 0.745491 (Wall 0.00014336s, CPU 0.000143s)
Info    : No ill-shaped tets in the mesh :-)
Info    : 0.00 < quality < 0.10 :         0 elements
Info    : 0.10 < quality < 0.20 :         0 elements
Info    : 0.20 < quality < 0.30 :         0 elements
Info    : 0.30 < quality < 0.40 :        12 elements
Info    : 0.40 < quality < 0.50 :        22 elements
Info    : 0.50 < quality < 0.60 :        22 elements
Info    : 0.60 < quality < 0.70 :        79 elements
Info    : 0.70 < quality < 0.80 :       187 elements
Info    : 0.80 < quality < 0.90 :       138 elements
Info    : 0.90 < quality < 1.00 :        35 elements
Info    : Done optimizing mesh (Wall 0.054313s, CPU 0.053314s)
Info    : 13494 nodes 67420 elements
Info    : Meshing order 2 (curvilinear on)...
Info    : [  0%] Meshing curve 1 order 2
Info    : [ 10%] Meshing curve 2 order 2
Info    : [ 20%] Meshing curve 3 order 2
Info    : [ 20%] Meshing curve 4 order 2
Info    : [ 30%] Meshing curve 5 order 2
Info    : [ 30%] Meshing curve 6 order 2
Info    : [ 40%] Meshing curve 7 order 2
Info    : [ 40%] Meshing curve 8 order 2
Info    : [ 50%] Meshing curve 9 order 2
Info    : [ 50%] Meshing curve 10 order 2
Info    : [ 60%] Meshing curve 11 order 2
Info    : [ 60%] Meshing curve 12 order 2
Info    : [ 70%] Meshing surface 1 order 2
Info    : [ 70%] Meshing surface 2 order 2
Info    : [ 80%] Meshing surface 3 order 2
Info    : [ 80%] Meshing surface 4 order 2
Info    : [ 90%] Meshing surface 5 order 2
Info    : [ 90%] Meshing surface 6 order 2
Info    : [100%] Meshing volume 1 order 2
Info    : [100%] Meshing volume 2 order 2
Info    : Surface mesh: worst distortion = 0.797589 (0 elements in ]0, 0.2]); worst gamma = 0.69003
Info    : Volume mesh: worst distortion = 0.174907 (1 elements in ]0, 0.2])
Info    : Done meshing order 2 (Wall 14.4367s, CPU 14.4349s)
Info    : Writing '/home/user/mscr-mom/현서/scripts/contact_scenarios/fea/matv2_mesh_LM25_phiN120_b0_s90.inp'...
Info    : Done writing '/home/user/mscr-mom/현서/scripts/contact_scenarios/fea/matv2_mesh_LM25_phiN120_b0_s90.inp'
  [LM25_phiN120_b0] [실패] (909.4s)
[LM25_phiN120_b0 10/10] L_M=25.0, phi=-120.0, beta=0.0, s=100.0mm, push_depth=0.1mm ...
Info    : Meshing 1D...
Info    : [  0%] Meshing curve 1 (BSpline)
Info    : [ 10%] Meshing curve 2 (Ellipse)
Info    : [ 20%] Meshing curve 3 (Ellipse)
Info    : [ 30%] Meshing curve 4 (BSpline)
Info    : [ 40%] Meshing curve 5 (BSpline)
Info    : [ 50%] Meshing curve 6 (BSpline)
Info    : [ 60%] Meshing curve 7 (BSpline)
Info    : [ 60%] Meshing curve 8 (BSpline)
Info    : [ 70%] Meshing curve 9 (BSpline)
Info    : [ 90%] Meshing curve 11 (Circle)
Info    : Done meshing 1D (Wall 0.0220613s, CPU 0.021016s)
Info    : Meshing 2D...
Info    : [  0%] Meshing surface 1 (Plane, Frontal-Delaunay)
Info    : [ 20%] Meshing surface 2 (Plane, Frontal-Delaunay)
Info    : [ 40%] Meshing surface 3 (BSpline surface, Frontal-Delaunay)
Info    : [ 60%] Meshing surface 4 (BSpline surface, Frontal-Delaunay)
Info    : [ 70%] Meshing surface 5 (Plane, Frontal-Delaunay)
Info    : [ 90%] Meshing surface 6 (Sphere, Frontal-Delaunay)
Info    : Done meshing 2D (Wall 0.777566s, CPU 0.77647s)
Info    : Meshing 3D...
Info    : 3D Meshing 2 volumes with 2 connected components
Info    : Tetrahedrizing 12481 nodes...
Info    : Done tetrahedrizing 12489 nodes (Wall 0.153602s, CPU 0.150596s)
Info    : Reconstructing mesh...
Info    :  - Creating surface mesh
Info    :  - Identifying boundary edges
Info    :  - Recovering boundary
Info    : Done reconstructing mesh (Wall 0.395656s, CPU 0.386646s)
Info    : Found volume 1
Info    : It. 0 - 0 nodes created - worst tet radius 1.1111 (nodes removed 0 0)
Info    : 3D refinement terminated (13093 nodes total):
Info    :  - 0 Delaunay cavities modified for star shapeness
Info    :  - 0 nodes could not be inserted
Info    :  - 41637 tetrahedra created in 0.0235296 sec. (1769558 tets/s)
Info    : 0 node relocations
Info    : Tetrahedrizing 130 nodes...
Info    : Done tetrahedrizing 138 nodes (Wall 0.00068013s, CPU 0.000672s)
Info    : Reconstructing mesh...
Info    :  - Creating surface mesh
Info    :  - Identifying boundary edges
Info    :  - Recovering boundary
Info    : Done reconstructing mesh (Wall 0.00162726s, CPU 0.001619s)
Info    : Found volume 2
Info    : It. 0 - 0 nodes created - worst tet radius 3.06344 (nodes removed 0 0)
Info    : 3D refinement terminated (12691 nodes total):
Info    :  - 0 Delaunay cavities modified for star shapeness
Info    :  - 0 nodes could not be inserted
Info    :  - 487 tetrahedra created in 0.0055541 sec. (87682 tets/s)
Info    : 0 node relocations
Info    : Done meshing 3D (Wall 0.705209s, CPU 0.695137s)
Info    : Optimizing mesh...
Info    : Optimizing volume 1
Info    : Optimization starts (volume = 235.621) with worst = 0.00142916 / average = 0.680958:
Info    : 0.00 < quality < 0.10 :       221 elements
Info    : 0.10 < quality < 0.20 :       409 elements
Info    : 0.20 < quality < 0.30 :       639 elements
Info    : 0.30 < quality < 0.40 :       763 elements
Info    : 0.40 < quality < 0.50 :      1254 elements
Info    : 0.50 < quality < 0.60 :      4022 elements
Info    : 0.60 < quality < 0.70 :     11147 elements
Info    : 0.70 < quality < 0.80 :     19987 elements
Info    : 0.80 < quality < 0.90 :      1788 elements
Info    : 0.90 < quality < 1.00 :      1407 elements
Info    : 1214 edge swaps, 33 node relocations (volume = 235.621): worst = 0.0807571 / average = 0.698086 (Wall 0.0154483s, CPU 0.015448s)
Info    : 1281 edge swaps, 35 node relocations (volume = 235.621): worst = 0.154365 / average = 0.698819 (Wall 0.0190217s, CPU 0.019022s)
Info    : 1288 edge swaps, 36 node relocations (volume = 235.621): worst = 0.154365 / average = 0.698849 (Wall 0.0216545s, CPU 0.021655s)
Info    : No ill-shaped tets in the mesh :-)
Info    : 0.00 < quality < 0.10 :         0 elements
Info    : 0.10 < quality < 0.20 :         3 elements
Info    : 0.20 < quality < 0.30 :         7 elements
Info    : 0.30 < quality < 0.40 :       619 elements
Info    : 0.40 < quality < 0.50 :      1038 elements
Info    : 0.50 < quality < 0.60 :      3943 elements
Info    : 0.60 < quality < 0.70 :     11712 elements
Info    : 0.70 < quality < 0.80 :     19771 elements
Info    : 0.80 < quality < 0.90 :      1959 elements
Info    : 0.90 < quality < 1.00 :      1409 elements
Info    : Optimizing volume 2
Info    : Optimization starts (volume = 0.256435) with worst = 0.191529 / average = 0.744184:
Info    : 0.00 < quality < 0.10 :         0 elements
Info    : 0.10 < quality < 0.20 :         1 elements
Info    : 0.20 < quality < 0.30 :         5 elements
Info    : 0.30 < quality < 0.40 :         7 elements
Info    : 0.40 < quality < 0.50 :        28 elements
Info    : 0.50 < quality < 0.60 :        21 elements
Info    : 0.60 < quality < 0.70 :        72 elements
Info    : 0.70 < quality < 0.80 :       168 elements
Info    : 0.80 < quality < 0.90 :       144 elements
Info    : 0.90 < quality < 1.00 :        41 elements
Info    : 6 edge swaps, 0 node relocations (volume = 0.256435): worst = 0.347362 / average = 0.751388 (Wall 9.36836e-05s, CPU 9.6e-05s)
Info    : No ill-shaped tets in the mesh :-)
Info    : 0.00 < quality < 0.10 :         0 elements
Info    : 0.10 < quality < 0.20 :         0 elements
Info    : 0.20 < quality < 0.30 :         0 elements
Info    : 0.30 < quality < 0.40 :         7 elements
Info    : 0.40 < quality < 0.50 :        25 elements
Info    : 0.50 < quality < 0.60 :        22 elements
Info    : 0.60 < quality < 0.70 :        74 elements
Info    : 0.70 < quality < 0.80 :       170 elements
Info    : 0.80 < quality < 0.90 :       143 elements
Info    : 0.90 < quality < 1.00 :        41 elements
Info    : Done optimizing mesh (Wall 0.0526557s, CPU 0.052655s)
Info    : 13492 nodes 67405 elements
Info    : Meshing order 2 (curvilinear on)...
Info    : [  0%] Meshing curve 1 order 2
Info    : [ 10%] Meshing curve 2 order 2
Info    : [ 20%] Meshing curve 3 order 2
Info    : [ 20%] Meshing curve 4 order 2
Info    : [ 30%] Meshing curve 5 order 2
Info    : [ 30%] Meshing curve 6 order 2
Info    : [ 40%] Meshing curve 7 order 2
Info    : [ 40%] Meshing curve 8 order 2
Info    : [ 50%] Meshing curve 9 order 2
Info    : [ 50%] Meshing curve 10 order 2
Info    : [ 60%] Meshing curve 11 order 2
Info    : [ 60%] Meshing curve 12 order 2
Info    : [ 70%] Meshing surface 1 order 2
Info    : [ 70%] Meshing surface 2 order 2
Info    : [ 80%] Meshing surface 3 order 2
Info    : [ 80%] Meshing surface 4 order 2
Info    : [ 90%] Meshing surface 5 order 2
Info    : [ 90%] Meshing surface 6 order 2
Info    : [100%] Meshing volume 1 order 2
Info    : [100%] Meshing volume 2 order 2
Info    : Surface mesh: worst distortion = 0.797589 (0 elements in ]0, 0.2]); worst gamma = 0.69003
Info    : Volume mesh: worst distortion = 0.174907 (1 elements in ]0, 0.2])
Info    : Done meshing order 2 (Wall 14.3545s, CPU 14.3421s)
Info    : Writing '/home/user/mscr-mom/현서/scripts/contact_scenarios/fea/matv2_mesh_LM25_phiN120_b0_s100.inp'...
Info    : Done writing '/home/user/mscr-mom/현서/scripts/contact_scenarios/fea/matv2_mesh_LM25_phiN120_b0_s100.inp'
  [LM25_phiN120_b0] [실패] (823.2s)
[LM25_phiN120_b0] 완료: 3/10 성공
