[DEPTH125_phiN150_d150_b0 1/1] L_M=12.5, phi=-150.0, beta=0.0, s=80.0mm, push_depth=0.15mm ...
Info    : Meshing 1D...
Info    : [  0%] Meshing curve 1 (BSpline)
Info    : [ 10%] Meshing curve 2 (Ellipse)
Info    : [ 20%] Meshing curve 3 (Ellipse)
Info    : [ 30%] Meshing curve 4 (BSpline)
Info    : [ 40%] Meshing curve 5 (BSpline)
Info    : [ 50%] Meshing curve 6 (BSpline)
Info    : [ 60%] Meshing curve 7 (BSpline)
Info    : [ 60%] Meshing curve 8 (BSpline)
Info    : [ 70%] Meshing curve 9 (BSpline)
Info    : [ 90%] Meshing curve 11 (Circle)
Info    : Done meshing 1D (Wall 0.0415453s, CPU 0.041546s)
Info    : Meshing 2D...
Info    : [  0%] Meshing surface 1 (Plane, Frontal-Delaunay)
Info    : [ 20%] Meshing surface 2 (Plane, Frontal-Delaunay)
Info    : [ 40%] Meshing surface 3 (BSpline surface, Frontal-Delaunay)
Info    : [ 60%] Meshing surface 4 (BSpline surface, Frontal-Delaunay)
Info    : [ 70%] Meshing surface 5 (Plane, Frontal-Delaunay)
Info    : [ 90%] Meshing surface 6 (Sphere, Frontal-Delaunay)
Info    : Done meshing 2D (Wall 1.6226s, CPU 1.45094s)
Info    : Meshing 3D...
Info    : 3D Meshing 2 volumes with 2 connected components
Info    : Tetrahedrizing 12667 nodes...
Info    : Done tetrahedrizing 12675 nodes (Wall 0.373601s, CPU 0.216762s)
Info    : Reconstructing mesh...
Info    :  - Creating surface mesh
Info    :  - Identifying boundary edges
Info    :  - Recovering boundary
Info    : Done reconstructing mesh (Wall 0.818798s, CPU 0.55158s)
Info    : Found volume 1
Info    : It. 0 - 0 nodes created - worst tet radius 2.30858 (nodes removed 0 0)
Info    : It. 500 - 500 nodes created - worst tet radius 1.00214 (nodes removed 0 0)
Info    : 3D refinement terminated (13719 nodes total):
Info    :  - 0 Delaunay cavities modified for star shapeness
Info    :  - 0 nodes could not be inserted
Info    :  - 43212 tetrahedra created in 0.070915 sec. (609349 tets/s)
Info    : 0 node relocations
Info    : Tetrahedrizing 407 nodes...
Info    : Done tetrahedrizing 415 nodes (Wall 0.00396047s, CPU 0.003959s)
Info    : Reconstructing mesh...
Info    :  - Creating surface mesh
Info    :  - Identifying boundary edges
Info    :  - Recovering boundary
Info    : Done reconstructing mesh (Wall 0.0114042s, CPU 0.010979s)
Info    : Found volume 2
Info    : It. 0 - 0 nodes created - worst tet radius 5.60862 (nodes removed 0 0)
Info    : 3D refinement terminated (13376 nodes total):
Info    :  - 0 Delaunay cavities modified for star shapeness
Info    :  - 0 nodes could not be inserted
Info    :  - 2756 tetrahedra created in 0.0224994 sec. (122492 tets/s)
Info    : 0 node relocations
Info    : Done meshing 3D (Wall 1.54023s, CPU 1.22357s)
Info    : Optimizing mesh...
Info    : Optimizing volume 1
Info    : Optimization starts (volume = 235.639) with worst = 0.0072759 / average = 0.683733:
Info    : 0.00 < quality < 0.10 :       159 elements
Info    : 0.10 < quality < 0.20 :       400 elements
Info    : 0.20 < quality < 0.30 :       704 elements
Info    : 0.30 < quality < 0.40 :       989 elements
Info    : 0.40 < quality < 0.50 :      1596 elements
Info    : 0.50 < quality < 0.60 :      3712 elements
Info    : 0.60 < quality < 0.70 :     10790 elements
Info    : 0.70 < quality < 0.80 :     20852 elements
Info    : 0.80 < quality < 0.90 :      2359 elements
Info    : 0.90 < quality < 1.00 :      1651 elements
Info    : 1193 edge swaps, 13 node relocations (volume = 235.639): worst = 0.110359 / average = 0.699517 (Wall 0.0399943s, CPU 0.039655s)
Info    : 1243 edge swaps, 14 node relocations (volume = 235.639): worst = 0.153491 / average = 0.700087 (Wall 0.0511268s, CPU 0.05064s)
Info    : 1245 edge swaps, 14 node relocations (volume = 235.639): worst = 0.153491 / average = 0.700102 (Wall 0.0638678s, CPU 0.063241s)
Info    : No ill-shaped tets in the mesh :-)
Info    : 0.00 < quality < 0.10 :         0 elements
Info    : 0.10 < quality < 0.20 :         1 elements
Info    : 0.20 < quality < 0.30 :        19 elements
Info    : 0.30 < quality < 0.40 :       881 elements
Info    : 0.40 < quality < 0.50 :      1359 elements
Info    : 0.50 < quality < 0.60 :      3735 elements
Info    : 0.60 < quality < 0.70 :     11306 elements
Info    : 0.70 < quality < 0.80 :     20643 elements
Info    : 0.80 < quality < 0.90 :      2504 elements
Info    : 0.90 < quality < 1.00 :      1649 elements
Info    : Optimizing volume 2
Info    : Optimization starts (volume = 0.264369) with worst = 0.0339399 / average = 0.75218:
Info    : 0.00 < quality < 0.10 :         9 elements
Info    : 0.10 < quality < 0.20 :        25 elements
Info    : 0.20 < quality < 0.30 :        48 elements
Info    : 0.30 < quality < 0.40 :        64 elements
Info    : 0.40 < quality < 0.50 :        99 elements
Info    : 0.50 < quality < 0.60 :       137 elements
Info    : 0.60 < quality < 0.70 :       364 elements
Info    : 0.70 < quality < 0.80 :       710 elements
Info    : 0.80 < quality < 0.90 :       886 elements
Info    : 0.90 < quality < 1.00 :       414 elements
Info    : 80 edge swaps, 3 node relocations (volume = 0.264369): worst = 0.302638 / average = 0.771035 (Wall 0.00238608s, CPU 0.001989s)
Info    : No ill-shaped tets in the mesh :-)
Info    : 0.00 < quality < 0.10 :         0 elements
Info    : 0.10 < quality < 0.20 :         0 elements
Info    : 0.20 < quality < 0.30 :         0 elements
Info    : 0.30 < quality < 0.40 :        64 elements
Info    : 0.40 < quality < 0.50 :        92 elements
Info    : 0.50 < quality < 0.60 :       132 elements
Info    : 0.60 < quality < 0.70 :       366 elements
Info    : 0.70 < quality < 0.80 :       704 elements
Info    : 0.80 < quality < 0.90 :       906 elements
Info    : 0.90 < quality < 1.00 :       418 elements
Info    : Done optimizing mesh (Wall 0.141644s, CPU 0.138745s)
Info    : 14340 nodes 72174 elements
Info    : Meshing order 2 (curvilinear on)...
Info    : [  0%] Meshing curve 1 order 2
Info    : [ 10%] Meshing curve 2 order 2
Info    : [ 20%] Meshing curve 3 order 2
Info    : [ 20%] Meshing curve 4 order 2
Info    : [ 30%] Meshing curve 5 order 2
Info    : [ 30%] Meshing curve 6 order 2
Info    : [ 40%] Meshing curve 7 order 2
Info    : [ 40%] Meshing curve 8 order 2
Info    : [ 50%] Meshing curve 9 order 2
Info    : [ 50%] Meshing curve 10 order 2
Info    : [ 60%] Meshing curve 11 order 2
Info    : [ 60%] Meshing curve 12 order 2
Info    : [ 70%] Meshing surface 1 order 2
Info    : [ 70%] Meshing surface 2 order 2
Info    : [ 80%] Meshing surface 3 order 2
Info    : [ 80%] Meshing surface 4 order 2
Info    : [ 90%] Meshing surface 5 order 2
Info    : [ 90%] Meshing surface 6 order 2
Info    : [100%] Meshing volume 1 order 2
Info    : [100%] Meshing volume 2 order 2
Info    : Surface mesh: worst distortion = 0.797589 (0 elements in ]0, 0.2]); worst gamma = 0.435225
Info    : Volume mesh: worst distortion = 0.265737 (0 elements in ]0, 0.2])
Info    : Done meshing order 2 (Wall 27.3052s, CPU 25.6199s)
Info    : Writing '/home/user/mscr-mom/현서/scripts/contact_scenarios/fea/matv2_mesh_DEPTH125_phiN150_d150_b0_s80.inp'...
Info    : Done writing '/home/user/mscr-mom/현서/scripts/contact_scenarios/fea/matv2_mesh_DEPTH125_phiN150_d150_b0_s80.inp'
  [DEPTH125_phiN150_d150_b0] [실패] (1809.4s)
[DEPTH125_phiN150_d150_b0] 완료: 0/1 성공
