[DEPTH125_phiP120_d250_b0 1/3] L_M=12.5, phi=120.0, beta=0.0, s=15.0mm, push_depth=0.25mm ...
Info    : Meshing 1D...
Info    : [  0%] Meshing curve 1 (BSpline)
Info    : [ 10%] Meshing curve 2 (Ellipse)
Info    : [ 20%] Meshing curve 3 (Ellipse)
Info    : [ 30%] Meshing curve 4 (BSpline)
Info    : [ 40%] Meshing curve 5 (BSpline)
Info    : [ 50%] Meshing curve 6 (BSpline)
Info    : [ 60%] Meshing curve 7 (BSpline)
Info    : [ 60%] Meshing curve 8 (BSpline)
Info    : [ 70%] Meshing curve 9 (BSpline)
Info    : [ 90%] Meshing curve 11 (Circle)
Info    : Done meshing 1D (Wall 0.0348557s, CPU 0.034606s)
Info    : Meshing 2D...
Info    : [  0%] Meshing surface 1 (Plane, Frontal-Delaunay)
Info    : [ 20%] Meshing surface 2 (Plane, Frontal-Delaunay)
Info    : [ 40%] Meshing surface 3 (BSpline surface, Frontal-Delaunay)
Info    : [ 60%] Meshing surface 4 (BSpline surface, Frontal-Delaunay)
Info    : [ 70%] Meshing surface 5 (Plane, Frontal-Delaunay)
Info    : [ 90%] Meshing surface 6 (Sphere, Frontal-Delaunay)
Info    : Done meshing 2D (Wall 1.44903s, CPU 1.43774s)
Info    : Meshing 3D...
Info    : 3D Meshing 2 volumes with 2 connected components
Info    : Tetrahedrizing 12699 nodes...
Info    : Done tetrahedrizing 12707 nodes (Wall 0.242999s, CPU 0.224257s)
Info    : Reconstructing mesh...
Info    :  - Creating surface mesh
Info    :  - Identifying boundary edges
Info    :  - Recovering boundary
Info    : Done reconstructing mesh (Wall 0.624806s, CPU 0.578567s)
Info    : Found volume 1
Info    : It. 0 - 0 nodes created - worst tet radius 2.36037 (nodes removed 0 0)
Info    : It. 500 - 500 nodes created - worst tet radius 1.00171 (nodes removed 0 0)
Info    : 3D refinement terminated (13715 nodes total):
Info    :  - 0 Delaunay cavities modified for star shapeness
Info    :  - 0 nodes could not be inserted
Info    :  - 42952 tetrahedra created in 0.0569724 sec. (753909 tets/s)
Info    : 0 node relocations
Info    : Tetrahedrizing 406 nodes...
Info    : Done tetrahedrizing 414 nodes (Wall 0.00407102s, CPU 0.003083s)
Info    : Reconstructing mesh...
Info    :  - Creating surface mesh
Info    :  - Identifying boundary edges
Info    :  - Recovering boundary
Info    : Done reconstructing mesh (Wall 0.00989068s, CPU 0.008892s)
Info    : Found volume 2
Info    : It. 0 - 0 nodes created - worst tet radius 5.60964 (nodes removed 0 0)
Info    : 3D refinement terminated (13406 nodes total):
Info    :  - 0 Delaunay cavities modified for star shapeness
Info    :  - 0 nodes could not be inserted
Info    :  - 2698 tetrahedra created in 0.0204769 sec. (131758 tets/s)
Info    : 0 node relocations
Info    : Done meshing 3D (Wall 1.19103s, CPU 1.13884s)
Info    : Optimizing mesh...
Info    : Optimizing volume 1
Info    : Optimization starts (volume = 235.629) with worst = 0.00149006 / average = 0.685147:
Info    : 0.00 < quality < 0.10 :       216 elements
Info    : 0.10 < quality < 0.20 :       358 elements
Info    : 0.20 < quality < 0.30 :       608 elements
Info    : 0.30 < quality < 0.40 :       860 elements
Info    : 0.40 < quality < 0.50 :      1424 elements
Info    : 0.50 < quality < 0.60 :      3541 elements
Info    : 0.60 < quality < 0.70 :     11076 elements
Info    : 0.70 < quality < 0.80 :     21128 elements
Info    : 0.80 < quality < 0.90 :      2237 elements
Info    : 0.90 < quality < 1.00 :      1504 elements
Info    : 1123 edge swaps, 18 node relocations (volume = 235.629): worst = 0.121115 / average = 0.700316 (Wall 0.0327848s, CPU 0.032361s)
Info    : 1166 edge swaps, 20 node relocations (volume = 235.629): worst = 0.146022 / average = 0.70087 (Wall 0.0418106s, CPU 0.041386s)
Info    : 1169 edge swaps, 21 node relocations (volume = 235.629): worst = 0.146022 / average = 0.700873 (Wall 0.0500633s, CPU 0.048653s)
Info    : No ill-shaped tets in the mesh :-)
Info    : 0.00 < quality < 0.10 :         0 elements
Info    : 0.10 < quality < 0.20 :         4 elements
Info    : 0.20 < quality < 0.30 :        26 elements
Info    : 0.30 < quality < 0.40 :       761 elements
Info    : 0.40 < quality < 0.50 :      1172 elements
Info    : 0.50 < quality < 0.60 :      3504 elements
Info    : 0.60 < quality < 0.70 :     11677 elements
Info    : 0.70 < quality < 0.80 :     20865 elements
Info    : 0.80 < quality < 0.90 :      2380 elements
Info    : 0.90 < quality < 1.00 :      1505 elements
Info    : Optimizing volume 2
Info    : Optimization starts (volume = 0.264364) with worst = 0.0271805 / average = 0.766661:
Info    : 0.00 < quality < 0.10 :         6 elements
Info    : 0.10 < quality < 0.20 :        14 elements
Info    : 0.20 < quality < 0.30 :        25 elements
Info    : 0.30 < quality < 0.40 :        53 elements
Info    : 0.40 < quality < 0.50 :        67 elements
Info    : 0.50 < quality < 0.60 :       146 elements
Info    : 0.60 < quality < 0.70 :       328 elements
Info    : 0.70 < quality < 0.80 :       688 elements
Info    : 0.80 < quality < 0.90 :       972 elements
Info    : 0.90 < quality < 1.00 :       399 elements
Info    : 44 edge swaps, 3 node relocations (volume = 0.264364): worst = 0.179055 / average = 0.777569 (Wall 0.000913636s, CPU 0.000922s)
Info    : 45 edge swaps, 3 node relocations (volume = 0.264364): worst = 0.30309 / average = 0.777816 (Wall 0.00108612s, CPU 0.001094s)
Info    : No ill-shaped tets in the mesh :-)
Info    : 0.00 < quality < 0.10 :         0 elements
Info    : 0.10 < quality < 0.20 :         0 elements
Info    : 0.20 < quality < 0.30 :         0 elements
Info    : 0.30 < quality < 0.40 :        49 elements
Info    : 0.40 < quality < 0.50 :        68 elements
Info    : 0.50 < quality < 0.60 :       135 elements
Info    : 0.60 < quality < 0.70 :       338 elements
Info    : 0.70 < quality < 0.80 :       682 elements
Info    : 0.80 < quality < 0.90 :       982 elements
Info    : 0.90 < quality < 1.00 :       402 elements
Info    : Done optimizing mesh (Wall 0.119544s, CPU 0.118113s)
Info    : 14335 nodes 71989 elements
Info    : Meshing order 2 (curvilinear on)...
Info    : [  0%] Meshing curve 1 order 2
Info    : [ 10%] Meshing curve 2 order 2
Info    : [ 20%] Meshing curve 3 order 2
Info    : [ 20%] Meshing curve 4 order 2
Info    : [ 30%] Meshing curve 5 order 2
Info    : [ 30%] Meshing curve 6 order 2
Info    : [ 40%] Meshing curve 7 order 2
Info    : [ 40%] Meshing curve 8 order 2
Info    : [ 50%] Meshing curve 9 order 2
Info    : [ 50%] Meshing curve 10 order 2
Info    : [ 60%] Meshing curve 11 order 2
Info    : [ 60%] Meshing curve 12 order 2
Info    : [ 70%] Meshing surface 1 order 2
Info    : [ 70%] Meshing surface 2 order 2
Info    : [ 80%] Meshing surface 3 order 2
Info    : [ 80%] Meshing surface 4 order 2
Info    : [ 90%] Meshing surface 5 order 2
Info    : [ 90%] Meshing surface 6 order 2
Info    : [100%] Meshing volume 1 order 2
Info    : [100%] Meshing volume 2 order 2
Info    : Surface mesh: worst distortion = 0.797589 (0 elements in ]0, 0.2]); worst gamma = 0.574011
Info    : Volume mesh: worst distortion = 0.242285 (0 elements in ]0, 0.2])
Info    : Done meshing order 2 (Wall 20.9714s, CPU 20.5234s)
Info    : Writing '/home/user/mscr-mom/현서/scripts/contact_scenarios/fea/matv2_mesh_DEPTH125_phiP120_d250_b0_s15.inp'...
Info    : Done writing '/home/user/mscr-mom/현서/scripts/contact_scenarios/fea/matv2_mesh_DEPTH125_phiP120_d250_b0_s15.inp'
  [DEPTH125_phiP120_d250_b0] F_mag=0.1317mN  (568.5s)
[DEPTH125_phiP120_d250_b0 2/3] L_M=12.5, phi=120.0, beta=0.0, s=35.0mm, push_depth=0.25mm ...
Info    : Meshing 1D...
Info    : [  0%] Meshing curve 1 (BSpline)
Info    : [ 10%] Meshing curve 2 (Ellipse)
Info    : [ 20%] Meshing curve 3 (Ellipse)
Info    : [ 30%] Meshing curve 4 (BSpline)
Info    : [ 40%] Meshing curve 5 (BSpline)
Info    : [ 50%] Meshing curve 6 (BSpline)
Info    : [ 60%] Meshing curve 7 (BSpline)
Info    : [ 60%] Meshing curve 8 (BSpline)
Info    : [ 70%] Meshing curve 9 (BSpline)
Info    : [ 90%] Meshing curve 11 (Circle)
Info    : Done meshing 1D (Wall 0.0415781s, CPU 0.040648s)
Info    : Meshing 2D...
Info    : [  0%] Meshing surface 1 (Plane, Frontal-Delaunay)
Info    : [ 20%] Meshing surface 2 (Plane, Frontal-Delaunay)
Info    : [ 40%] Meshing surface 3 (BSpline surface, Frontal-Delaunay)
Info    : [ 60%] Meshing surface 4 (BSpline surface, Frontal-Delaunay)
Info    : [ 70%] Meshing surface 5 (Plane, Frontal-Delaunay)
Info    : [ 90%] Meshing surface 6 (Sphere, Frontal-Delaunay)
Info    : Done meshing 2D (Wall 1.55118s, CPU 1.48024s)
Info    : Meshing 3D...
Info    : 3D Meshing 2 volumes with 2 connected components
Info    : Tetrahedrizing 12740 nodes...
Info    : Done tetrahedrizing 12748 nodes (Wall 0.224202s, CPU 0.215031s)
Info    : Reconstructing mesh...
Info    :  - Creating surface mesh
Info    :  - Identifying boundary edges
Info    :  - Recovering boundary
Info    : Done reconstructing mesh (Wall 0.587232s, CPU 0.56717s)
Info    : Found volume 1
Info    : It. 0 - 0 nodes created - worst tet radius 2.36389 (nodes removed 0 0)
Info    : It. 500 - 500 nodes created - worst tet radius 1.00248 (nodes removed 0 0)
Info    : 3D refinement terminated (13819 nodes total):
Info    :  - 0 Delaunay cavities modified for star shapeness
Info    :  - 0 nodes could not be inserted
Info    :  - 43557 tetrahedra created in 0.0533813 sec. (815959 tets/s)
Info    : 0 node relocations
Info    : Tetrahedrizing 406 nodes...
Info    : Done tetrahedrizing 414 nodes (Wall 0.00392844s, CPU 0.003902s)
Info    : Reconstructing mesh...
Info    :  - Creating surface mesh
Info    :  - Identifying boundary edges
Info    :  - Recovering boundary
Info    : Done reconstructing mesh (Wall 0.0100923s, CPU 0.009745s)
Info    : Found volume 2
Info    : It. 0 - 0 nodes created - worst tet radius 5.48187 (nodes removed 0 0)
Info    : 3D refinement terminated (13447 nodes total):
Info    :  - 0 Delaunay cavities modified for star shapeness
Info    :  - 0 nodes could not be inserted
Info    :  - 2696 tetrahedra created in 0.0228711 sec. (117878 tets/s)
Info    : 0 node relocations
Info    : Done meshing 3D (Wall 1.17454s, CPU 1.14828s)
Info    : Optimizing mesh...
Info    : Optimizing volume 1
Info    : Optimization starts (volume = 235.664) with worst = 0.00149006 / average = 0.684746:
Info    : 0.00 < quality < 0.10 :       192 elements
Info    : 0.10 < quality < 0.20 :       421 elements
Info    : 0.20 < quality < 0.30 :       651 elements
Info    : 0.30 < quality < 0.40 :       875 elements
Info    : 0.40 < quality < 0.50 :      1486 elements
Info    : 0.50 < quality < 0.60 :      3967 elements
Info    : 0.60 < quality < 0.70 :     10747 elements
Info    : 0.70 < quality < 0.80 :     21127 elements
Info    : 0.80 < quality < 0.90 :      2440 elements
Info    : 0.90 < quality < 1.00 :      1651 elements
Info    : 1205 edge swaps, 11 node relocations (volume = 235.664): worst = 0.0726729 / average = 0.700559 (Wall 0.0363873s, CPU 0.036071s)
Info    : 1257 edge swaps, 12 node relocations (volume = 235.664): worst = 0.0765343 / average = 0.701172 (Wall 0.0503913s, CPU 0.04978s)
Info    : 1259 edge swaps, 13 node relocations (volume = 235.664): worst = 0.0765343 / average = 0.701185 (Wall 0.0616186s, CPU 0.060853s)
Info    : No ill-shaped tets in the mesh :-)
Info    : 0.00 < quality < 0.10 :         2 elements
Info    : 0.10 < quality < 0.20 :         5 elements
Info    : 0.20 < quality < 0.30 :        15 elements
Info    : 0.30 < quality < 0.40 :       782 elements
Info    : 0.40 < quality < 0.50 :      1253 elements
Info    : 0.50 < quality < 0.60 :      3894 elements
Info    : 0.60 < quality < 0.70 :     11365 elements
Info    : 0.70 < quality < 0.80 :     20891 elements
Info    : 0.80 < quality < 0.90 :      2566 elements
Info    : 0.90 < quality < 1.00 :      1654 elements
Info    : Optimizing volume 2
Info    : Optimization starts (volume = 0.264364) with worst = 0.0271805 / average = 0.767045:
Info    : 0.00 < quality < 0.10 :         7 elements
Info    : 0.10 < quality < 0.20 :        11 elements
Info    : 0.20 < quality < 0.30 :        27 elements
Info    : 0.30 < quality < 0.40 :        53 elements
Info    : 0.40 < quality < 0.50 :        62 elements
Info    : 0.50 < quality < 0.60 :       143 elements
Info    : 0.60 < quality < 0.70 :       329 elements
Info    : 0.70 < quality < 0.80 :       702 elements
Info    : 0.80 < quality < 0.90 :       963 elements
Info    : 0.90 < quality < 1.00 :       399 elements
Info    : 44 edge swaps, 3 node relocations (volume = 0.264364): worst = 0.178718 / average = 0.777662 (Wall 0.00119647s, CPU 0.001027s)
Info    : 45 edge swaps, 3 node relocations (volume = 0.264364): worst = 0.30309 / average = 0.77791 (Wall 0.00142101s, CPU 0.00125s)
Info    : No ill-shaped tets in the mesh :-)
Info    : 0.00 < quality < 0.10 :         0 elements
Info    : 0.10 < quality < 0.20 :         0 elements
Info    : 0.20 < quality < 0.30 :         0 elements
Info    : 0.30 < quality < 0.40 :        50 elements
Info    : 0.40 < quality < 0.50 :        64 elements
Info    : 0.50 < quality < 0.60 :       132 elements
Info    : 0.60 < quality < 0.70 :       342 elements
Info    : 0.70 < quality < 0.80 :       688 elements
Info    : 0.80 < quality < 0.90 :       977 elements
Info    : 0.90 < quality < 1.00 :       402 elements
Info    : Done optimizing mesh (Wall 0.139479s, CPU 0.135431s)
Info    : 14439 nodes 72602 elements
Info    : Meshing order 2 (curvilinear on)...
Info    : [  0%] Meshing curve 1 order 2
Info    : [ 10%] Meshing curve 2 order 2
Info    : [ 20%] Meshing curve 3 order 2
Info    : [ 20%] Meshing curve 4 order 2
Info    : [ 30%] Meshing curve 5 order 2
Info    : [ 30%] Meshing curve 6 order 2
Info    : [ 40%] Meshing curve 7 order 2
Info    : [ 40%] Meshing curve 8 order 2
Info    : [ 50%] Meshing curve 9 order 2
Info    : [ 50%] Meshing curve 10 order 2
Info    : [ 60%] Meshing curve 11 order 2
Info    : [ 60%] Meshing curve 12 order 2
Info    : [ 70%] Meshing surface 1 order 2
Info    : [ 70%] Meshing surface 2 order 2
Info    : [ 80%] Meshing surface 3 order 2
Info    : [ 80%] Meshing surface 4 order 2
Info    : [ 90%] Meshing surface 5 order 2
Info    : [ 90%] Meshing surface 6 order 2
Info    : [100%] Meshing volume 1 order 2
Info    : [100%] Meshing volume 2 order 2
Info    : Surface mesh: worst distortion = 0.797589 (0 elements in ]0, 0.2]); worst gamma = 0.574011
Info    : Volume mesh: worst distortion = 0.242285 (0 elements in ]0, 0.2])
Info    : Done meshing order 2 (Wall 22.9188s, CPU 20.6368s)
Info    : Writing '/home/user/mscr-mom/현서/scripts/contact_scenarios/fea/matv2_mesh_DEPTH125_phiP120_d250_b0_s35.inp'...
Info    : Done writing '/home/user/mscr-mom/현서/scripts/contact_scenarios/fea/matv2_mesh_DEPTH125_phiP120_d250_b0_s35.inp'
  [DEPTH125_phiP120_d250_b0] [실패] (1226.7s)
[DEPTH125_phiP120_d250_b0 3/3] L_M=12.5, phi=120.0, beta=0.0, s=45.0mm, push_depth=0.25mm ...
Info    : Meshing 1D...
Info    : [  0%] Meshing curve 1 (BSpline)
Info    : [ 10%] Meshing curve 2 (Ellipse)
Info    : [ 20%] Meshing curve 3 (Ellipse)
Info    : [ 30%] Meshing curve 4 (BSpline)
Info    : [ 40%] Meshing curve 5 (BSpline)
Info    : [ 50%] Meshing curve 6 (BSpline)
Info    : [ 60%] Meshing curve 7 (BSpline)
Info    : [ 60%] Meshing curve 8 (BSpline)
Info    : [ 70%] Meshing curve 9 (BSpline)
Info    : [ 90%] Meshing curve 11 (Circle)
Info    : Done meshing 1D (Wall 0.0381396s, CPU 0.037922s)
Info    : Meshing 2D...
Info    : [  0%] Meshing surface 1 (Plane, Frontal-Delaunay)
Info    : [ 20%] Meshing surface 2 (Plane, Frontal-Delaunay)
Info    : [ 40%] Meshing surface 3 (BSpline surface, Frontal-Delaunay)
Info    : [ 60%] Meshing surface 4 (BSpline surface, Frontal-Delaunay)
Info    : [ 70%] Meshing surface 5 (Plane, Frontal-Delaunay)
Info    : [ 90%] Meshing surface 6 (Sphere, Frontal-Delaunay)
Info    : Done meshing 2D (Wall 1.50797s, CPU 1.50184s)
Info    : Meshing 3D...
Info    : 3D Meshing 2 volumes with 2 connected components
Info    : Tetrahedrizing 12744 nodes...
Info    : Done tetrahedrizing 12752 nodes (Wall 0.225337s, CPU 0.217481s)
Info    : Reconstructing mesh...
Info    :  - Creating surface mesh
Info    :  - Identifying boundary edges
Info    :  - Recovering boundary
Info    : Done reconstructing mesh (Wall 0.669295s, CPU 0.660172s)
Info    : Found volume 1
Info    : It. 0 - 0 nodes created - worst tet radius 2.39754 (nodes removed 0 0)
Info    : It. 500 - 500 nodes created - worst tet radius 1.00361 (nodes removed 0 0)
Info    : 3D refinement terminated (13840 nodes total):
Info    :  - 0 Delaunay cavities modified for star shapeness
Info    :  - 0 nodes could not be inserted
Info    :  - 43798 tetrahedra created in 0.0621709 sec. (704477 tets/s)
Info    : 0 node relocations
Info    : Tetrahedrizing 406 nodes...
Info    : Done tetrahedrizing 414 nodes (Wall 0.00340679s, CPU 0.003407s)
Info    : Reconstructing mesh...
Info    :  - Creating surface mesh
Info    :  - Identifying boundary edges
Info    :  - Recovering boundary
Info    : Done reconstructing mesh (Wall 0.00811712s, CPU 0.007855s)
Info    : Found volume 2
Info    : It. 0 - 0 nodes created - worst tet radius 5.70266 (nodes removed 0 0)
Info    : 3D refinement terminated (13458 nodes total):
Info    :  - 0 Delaunay cavities modified for star shapeness
Info    :  - 0 nodes could not be inserted
Info    :  - 2767 tetrahedra created in 0.0210669 sec. (131343 tets/s)
Info    : 0 node relocations
Info    : Done meshing 3D (Wall 1.31407s, CPU 1.30328s)
Info    : Optimizing mesh...
Info    : Optimizing volume 1
Info    : Optimization starts (volume = 235.637) with worst = 0.00149006 / average = 0.683756:
Info    : 0.00 < quality < 0.10 :       191 elements
Info    : 0.10 < quality < 0.20 :       476 elements
Info    : 0.20 < quality < 0.30 :       703 elements
Info    : 0.30 < quality < 0.40 :       950 elements
Info    : 0.40 < quality < 0.50 :      1550 elements
Info    : 0.50 < quality < 0.60 :      3894 elements
Info    : 0.60 < quality < 0.70 :     10616 elements
Info    : 0.70 < quality < 0.80 :     21156 elements
Info    : 0.80 < quality < 0.90 :      2543 elements
Info    : 0.90 < quality < 1.00 :      1719 elements
Info    : 1313 edge swaps, 20 node relocations (volume = 235.637): worst = 0.121115 / average = 0.701037 (Wall 0.034335s, CPU 0.03392s)
Info    : 1369 edge swaps, 22 node relocations (volume = 235.637): worst = 0.127773 / average = 0.701537 (Wall 0.0433431s, CPU 0.042797s)
Info    : 1377 edge swaps, 23 node relocations (volume = 235.637): worst = 0.127773 / average = 0.70162 (Wall 0.0501717s, CPU 0.049503s)
Info    : No ill-shaped tets in the mesh :-)
Info    : 0.00 < quality < 0.10 :         0 elements
Info    : 0.10 < quality < 0.20 :         4 elements
Info    : 0.20 < quality < 0.30 :        24 elements
Info    : 0.30 < quality < 0.40 :       847 elements
Info    : 0.40 < quality < 0.50 :      1293 elements
Info    : 0.50 < quality < 0.60 :      3810 elements
Info    : 0.60 < quality < 0.70 :     11263 elements
Info    : 0.70 < quality < 0.80 :     20904 elements
Info    : 0.80 < quality < 0.90 :      2705 elements
Info    : 0.90 < quality < 1.00 :      1714 elements
Info    : Optimizing volume 2
Info    : Optimization starts (volume = 0.264364) with worst = 0.00736196 / average = 0.756289:
Info    : 0.00 < quality < 0.10 :         7 elements
Info    : 0.10 < quality < 0.20 :        19 elements
Info    : 0.20 < quality < 0.30 :        42 elements
Info    : 0.30 < quality < 0.40 :        57 elements
Info    : 0.40 < quality < 0.50 :        92 elements
Info    : 0.50 < quality < 0.60 :       143 elements
Info    : 0.60 < quality < 0.70 :       368 elements
Info    : 0.70 < quality < 0.80 :       702 elements
Info    : 0.80 < quality < 0.90 :       977 elements
Info    : 0.90 < quality < 1.00 :       360 elements
Info    : 68 edge swaps, 6 node relocations (volume = 0.264364): worst = 0.300179 / average = 0.770493 (Wall 0.00162235s, CPU 0.000276s)
Info    : No ill-shaped tets in the mesh :-)
Info    : 0.00 < quality < 0.10 :         0 elements
Info    : 0.10 < quality < 0.20 :         0 elements
Info    : 0.20 < quality < 0.30 :         0 elements
Info    : 0.30 < quality < 0.40 :        59 elements
Info    : 0.40 < quality < 0.50 :        95 elements
Info    : 0.50 < quality < 0.60 :       129 elements
Info    : 0.60 < quality < 0.70 :       378 elements
Info    : 0.70 < quality < 0.80 :       703 elements
Info    : 0.80 < quality < 0.90 :       982 elements
Info    : 0.90 < quality < 1.00 :       364 elements
Info    : Done optimizing mesh (Wall 0.1217s, CPU 0.118747s)
Info    : 14467 nodes 72803 elements
Info    : Meshing order 2 (curvilinear on)...
Info    : [  0%] Meshing curve 1 order 2
Info    : [ 10%] Meshing curve 2 order 2
Info    : [ 20%] Meshing curve 3 order 2
Info    : [ 20%] Meshing curve 4 order 2
Info    : [ 30%] Meshing curve 5 order 2
Info    : [ 30%] Meshing curve 6 order 2
Info    : [ 40%] Meshing curve 7 order 2
Info    : [ 40%] Meshing curve 8 order 2
Info    : [ 50%] Meshing curve 9 order 2
Info    : [ 50%] Meshing curve 10 order 2
Info    : [ 60%] Meshing curve 11 order 2
Info    : [ 60%] Meshing curve 12 order 2
Info    : [ 70%] Meshing surface 1 order 2
Info    : [ 70%] Meshing surface 2 order 2
Info    : [ 80%] Meshing surface 3 order 2
Info    : [ 80%] Meshing surface 4 order 2
Info    : [ 90%] Meshing surface 5 order 2
Info    : [ 90%] Meshing surface 6 order 2
Info    : [100%] Meshing volume 1 order 2
Info    : [100%] Meshing volume 2 order 2
Info    : Surface mesh: worst distortion = 0.797589 (0 elements in ]0, 0.2]); worst gamma = 0.573292
Info    : Volume mesh: worst distortion = 0.242285 (0 elements in ]0, 0.2])
Info    : Done meshing order 2 (Wall 22.2753s, CPU 20.5049s)
Info    : Writing '/home/user/mscr-mom/현서/scripts/contact_scenarios/fea/matv2_mesh_DEPTH125_phiP120_d250_b0_s45.inp'...
Info    : Done writing '/home/user/mscr-mom/현서/scripts/contact_scenarios/fea/matv2_mesh_DEPTH125_phiP120_d250_b0_s45.inp'
  [DEPTH125_phiP120_d250_b0] [실패] (1049.8s)
[DEPTH125_phiP120_d250_b0] 완료: 1/3 성공
