[DEPTH375_phiN150_d200_b0 1/1] L_M=37.5, phi=-150.0, beta=0.0, s=25.0mm, push_depth=0.2mm ...
Info    : Meshing 1D...
Info    : [  0%] Meshing curve 1 (BSpline)
Info    : [ 10%] Meshing curve 2 (Ellipse)
Info    : [ 20%] Meshing curve 3 (Ellipse)
Info    : [ 30%] Meshing curve 4 (BSpline)
Info    : [ 40%] Meshing curve 5 (BSpline)
Info    : [ 50%] Meshing curve 6 (BSpline)
Info    : [ 60%] Meshing curve 7 (BSpline)
Info    : [ 60%] Meshing curve 8 (BSpline)
Info    : [ 70%] Meshing curve 9 (BSpline)
Info    : [ 90%] Meshing curve 11 (Circle)
Info    : Done meshing 1D (Wall 0.0441788s, CPU 0.043668s)
Info    : Meshing 2D...
Info    : [  0%] Meshing surface 1 (Plane, Frontal-Delaunay)
Info    : [ 20%] Meshing surface 2 (Plane, Frontal-Delaunay)
Info    : [ 40%] Meshing surface 3 (BSpline surface, Frontal-Delaunay)
Info    : [ 60%] Meshing surface 4 (BSpline surface, Frontal-Delaunay)
Info    : [ 70%] Meshing surface 5 (Plane, Frontal-Delaunay)
Info    : [ 90%] Meshing surface 6 (Sphere, Frontal-Delaunay)
Info    : Done meshing 2D (Wall 1.45806s, CPU 1.45212s)
Info    : Meshing 3D...
Info    : 3D Meshing 2 volumes with 2 connected components
Info    : Tetrahedrizing 12724 nodes...
Info    : Done tetrahedrizing 12732 nodes (Wall 0.251612s, CPU 0.240509s)
Info    : Reconstructing mesh...
Info    :  - Creating surface mesh
Info    :  - Identifying boundary edges
Info    :  - Recovering boundary
Info    : Done reconstructing mesh (Wall 0.615954s, CPU 0.585735s)
Info    : Found volume 1
Info    : It. 0 - 0 nodes created - worst tet radius 2.37097 (nodes removed 0 0)
Info    : It. 500 - 500 nodes created - worst tet radius 1.00237 (nodes removed 0 0)
Info    : 3D refinement terminated (13790 nodes total):
Info    :  - 0 Delaunay cavities modified for star shapeness
Info    :  - 0 nodes could not be inserted
Info    :  - 43465 tetrahedra created in 0.0748653 sec. (580576 tets/s)
Info    : 0 node relocations
Info    : Tetrahedrizing 410 nodes...
Info    : Done tetrahedrizing 418 nodes (Wall 0.0037402s, CPU 0.002719s)
Info    : Reconstructing mesh...
Info    :  - Creating surface mesh
Info    :  - Identifying boundary edges
Info    :  - Recovering boundary
Info    : Done reconstructing mesh (Wall 0.00889696s, CPU 0.006646s)
Info    : Found volume 2
Info    : It. 0 - 0 nodes created - worst tet radius 5.65746 (nodes removed 0 0)
Info    : 3D refinement terminated (13442 nodes total):
Info    :  - 2 Delaunay cavities modified for star shapeness
Info    :  - 0 nodes could not be inserted
Info    :  - 2771 tetrahedra created in 0.0217738 sec. (127263 tets/s)
Info    : 0 node relocations
Info    : Done meshing 3D (Wall 1.28739s, CPU 1.2513s)
Info    : Optimizing mesh...
Info    : Optimizing volume 1
Info    : Optimization starts (volume = 235.65) with worst = 0.00118728 / average = 0.683082:
Info    : 0.00 < quality < 0.10 :       149 elements
Info    : 0.10 < quality < 0.20 :       386 elements
Info    : 0.20 < quality < 0.30 :       729 elements
Info    : 0.30 < quality < 0.40 :       957 elements
Info    : 0.40 < quality < 0.50 :      1574 elements
Info    : 0.50 < quality < 0.60 :      3765 elements
Info    : 0.60 < quality < 0.70 :     11122 elements
Info    : 0.70 < quality < 0.80 :     20836 elements
Info    : 0.80 < quality < 0.90 :      2255 elements
Info    : 0.90 < quality < 1.00 :      1692 elements
Info    : 1211 edge swaps, 10 node relocations (volume = 235.65): worst = 0.118963 / average = 0.699072 (Wall 0.036953s, CPU 0.03625s)
Info    : 1263 edge swaps, 11 node relocations (volume = 235.65): worst = 0.126058 / average = 0.6996 (Wall 0.0463519s, CPU 0.045515s)
Info    : 1272 edge swaps, 11 node relocations (volume = 235.65): worst = 0.126058 / average = 0.699707 (Wall 0.0549361s, CPU 0.053949s)
Info    : No ill-shaped tets in the mesh :-)
Info    : 0.00 < quality < 0.10 :         0 elements
Info    : 0.10 < quality < 0.20 :         5 elements
Info    : 0.20 < quality < 0.30 :        18 elements
Info    : 0.30 < quality < 0.40 :       825 elements
Info    : 0.40 < quality < 0.50 :      1301 elements
Info    : 0.50 < quality < 0.60 :      3777 elements
Info    : 0.60 < quality < 0.70 :     11667 elements
Info    : 0.70 < quality < 0.80 :     20623 elements
Info    : 0.80 < quality < 0.90 :      2414 elements
Info    : 0.90 < quality < 1.00 :      1695 elements
Info    : Optimizing volume 2
Info    : Optimization starts (volume = 0.264404) with worst = 0.0274962 / average = 0.757469:
Info    : 0.00 < quality < 0.10 :        11 elements
Info    : 0.10 < quality < 0.20 :        22 elements
Info    : 0.20 < quality < 0.30 :        26 elements
Info    : 0.30 < quality < 0.40 :        64 elements
Info    : 0.40 < quality < 0.50 :        92 elements
Info    : 0.50 < quality < 0.60 :       123 elements
Info    : 0.60 < quality < 0.70 :       386 elements
Info    : 0.70 < quality < 0.80 :       716 elements
Info    : 0.80 < quality < 0.90 :       946 elements
Info    : 0.90 < quality < 1.00 :       385 elements
Info    : 58 edge swaps, 2 node relocations (volume = 0.264404): worst = 0.246855 / average = 0.771164 (Wall 0.00166965s, CPU 0.001277s)
Info    : 59 edge swaps, 2 node relocations (volume = 0.264404): worst = 0.303208 / average = 0.771432 (Wall 0.00189866s, CPU 0.00151s)
Info    : No ill-shaped tets in the mesh :-)
Info    : 0.00 < quality < 0.10 :         0 elements
Info    : 0.10 < quality < 0.20 :         0 elements
Info    : 0.20 < quality < 0.30 :         0 elements
Info    : 0.30 < quality < 0.40 :        63 elements
Info    : 0.40 < quality < 0.50 :        89 elements
Info    : 0.50 < quality < 0.60 :       120 elements
Info    : 0.60 < quality < 0.70 :       387 elements
Info    : 0.70 < quality < 0.80 :       713 elements
Info    : 0.80 < quality < 0.90 :       956 elements
Info    : 0.90 < quality < 1.00 :       390 elements
Info    : Done optimizing mesh (Wall 0.123745s, CPU 0.121506s)
Info    : 14417 nodes 72560 elements
Info    : Meshing order 2 (curvilinear on)...
Info    : [  0%] Meshing curve 1 order 2
Info    : [ 10%] Meshing curve 2 order 2
Info    : [ 20%] Meshing curve 3 order 2
Info    : [ 20%] Meshing curve 4 order 2
Info    : [ 30%] Meshing curve 5 order 2
Info    : [ 30%] Meshing curve 6 order 2
Info    : [ 40%] Meshing curve 7 order 2
Info    : [ 40%] Meshing curve 8 order 2
Info    : [ 50%] Meshing curve 9 order 2
Info    : [ 50%] Meshing curve 10 order 2
Info    : [ 60%] Meshing curve 11 order 2
Info    : [ 60%] Meshing curve 12 order 2
Info    : [ 70%] Meshing surface 1 order 2
Info    : [ 70%] Meshing surface 2 order 2
Info    : [ 80%] Meshing surface 3 order 2
Info    : [ 80%] Meshing surface 4 order 2
Info    : [ 90%] Meshing surface 5 order 2
Info    : [ 90%] Meshing surface 6 order 2
Info    : [100%] Meshing volume 1 order 2
Info    : [100%] Meshing volume 2 order 2
Info    : Surface mesh: worst distortion = 0.797589 (0 elements in ]0, 0.2]); worst gamma = 0.418519
Info    : Volume mesh: worst distortion = 0.253615 (0 elements in ]0, 0.2])
Info    : Done meshing order 2 (Wall 28.2844s, CPU 26.7037s)
Info    : Writing '/home/user/mscr-mom/현서/scripts/contact_scenarios/fea/matv2_mesh_DEPTH375_phiN150_d200_b0_s25.inp'...
Info    : Done writing '/home/user/mscr-mom/현서/scripts/contact_scenarios/fea/matv2_mesh_DEPTH375_phiN150_d200_b0_s25.inp'
  [DEPTH375_phiN150_d200_b0] [실패] (1275.1s)
[DEPTH375_phiN150_d200_b0] 완료: 0/1 성공
