[DEPTH875_phiN60_d50_b0 1/2] L_M=87.5, phi=-60.0, beta=0.0, s=10.0mm, push_depth=0.05mm ...
Info    : Meshing 1D...
Info    : [  0%] Meshing curve 1 (BSpline)
Info    : [ 10%] Meshing curve 2 (Ellipse)
Info    : [ 20%] Meshing curve 3 (Ellipse)
Info    : [ 30%] Meshing curve 4 (BSpline)
Info    : [ 40%] Meshing curve 5 (BSpline)
Info    : [ 50%] Meshing curve 6 (BSpline)
Info    : [ 60%] Meshing curve 7 (BSpline)
Info    : [ 60%] Meshing curve 8 (BSpline)
Info    : [ 70%] Meshing curve 9 (BSpline)
Info    : [ 90%] Meshing curve 11 (Circle)
Info    : Done meshing 1D (Wall 0.0170782s, CPU 0.017075s)
Info    : Meshing 2D...
Info    : [  0%] Meshing surface 1 (Plane, Frontal-Delaunay)
Info    : [ 20%] Meshing surface 2 (Plane, Frontal-Delaunay)
Info    : [ 40%] Meshing surface 3 (BSpline surface, Frontal-Delaunay)
Info    : [ 60%] Meshing surface 4 (BSpline surface, Frontal-Delaunay)
Info    : [ 70%] Meshing surface 5 (Plane, Frontal-Delaunay)
Info    : [ 90%] Meshing surface 6 (Sphere, Frontal-Delaunay)
Info    : Done meshing 2D (Wall 0.79978s, CPU 0.793651s)
Info    : Meshing 3D...
Info    : 3D Meshing 2 volumes with 2 connected components
Info    : Tetrahedrizing 12479 nodes...
Info    : Done tetrahedrizing 12487 nodes (Wall 0.148781s, CPU 0.138747s)
Info    : Reconstructing mesh...
Info    :  - Creating surface mesh
Info    :  - Identifying boundary edges
Info    :  - Recovering boundary
Info    : Done reconstructing mesh (Wall 0.397529s, CPU 0.366589s)
Info    : Found volume 1
Info    : It. 0 - 0 nodes created - worst tet radius 1.09117 (nodes removed 0 0)
Info    : It. 500 - 500 nodes created - worst tet radius 1.0007 (nodes removed 0 0)
Info    : 3D refinement terminated (13209 nodes total):
Info    :  - 0 Delaunay cavities modified for star shapeness
Info    :  - 0 nodes could not be inserted
Info    :  - 42485 tetrahedra created in 0.0356296 sec. (1192405 tets/s)
Info    : 0 node relocations
Info    : Tetrahedrizing 134 nodes...
Info    : Done tetrahedrizing 142 nodes (Wall 0.000816673s, CPU 0.000807s)
Info    : Reconstructing mesh...
Info    :  - Creating surface mesh
Info    :  - Identifying boundary edges
Info    :  - Recovering boundary
Info    : Done reconstructing mesh (Wall 0.00208663s, CPU 0.002084s)
Info    : Found volume 2
Info    : It. 0 - 0 nodes created - worst tet radius 3.13588 (nodes removed 0 0)
Info    : 3D refinement terminated (12696 nodes total):
Info    :  - 0 Delaunay cavities modified for star shapeness
Info    :  - 0 nodes could not be inserted
Info    :  - 522 tetrahedra created in 0.00479021 sec. (108972 tets/s)
Info    : 0 node relocations
Info    : Done meshing 3D (Wall 0.737414s, CPU 0.705345s)
Info    : Optimizing mesh...
Info    : Optimizing volume 1
Info    : Optimization starts (volume = 235.601) with worst = 0.00378155 / average = 0.68405:
Info    : 0.00 < quality < 0.10 :       180 elements
Info    : 0.10 < quality < 0.20 :       426 elements
Info    : 0.20 < quality < 0.30 :       790 elements
Info    : 0.30 < quality < 0.40 :       830 elements
Info    : 0.40 < quality < 0.50 :      1512 elements
Info    : 0.50 < quality < 0.60 :      3788 elements
Info    : 0.60 < quality < 0.70 :     10524 elements
Info    : 0.70 < quality < 0.80 :     20272 elements
Info    : 0.80 < quality < 0.90 :      2372 elements
Info    : 0.90 < quality < 1.00 :      1791 elements
Info    : 1327 edge swaps, 15 node relocations (volume = 235.601): worst = 0.10195 / average = 0.701864 (Wall 0.0158997s, CPU 0.015889s)
Info    : 1392 edge swaps, 16 node relocations (volume = 235.601): worst = 0.125985 / average = 0.702532 (Wall 0.0187519s, CPU 0.017755s)
Info    : 1395 edge swaps, 16 node relocations (volume = 235.601): worst = 0.125985 / average = 0.702568 (Wall 0.0208285s, CPU 0.019829s)
Info    : No ill-shaped tets in the mesh :-)
Info    : 0.00 < quality < 0.10 :         0 elements
Info    : 0.10 < quality < 0.20 :         3 elements
Info    : 0.20 < quality < 0.30 :        26 elements
Info    : 0.30 < quality < 0.40 :       702 elements
Info    : 0.40 < quality < 0.50 :      1231 elements
Info    : 0.50 < quality < 0.60 :      3855 elements
Info    : 0.60 < quality < 0.70 :     11073 elements
Info    : 0.70 < quality < 0.80 :     20028 elements
Info    : 0.80 < quality < 0.90 :      2523 elements
Info    : 0.90 < quality < 1.00 :      1797 elements
Info    : Optimizing volume 2
Info    : Optimization starts (volume = 0.256681) with worst = 0.0785969 / average = 0.740192:
Info    : 0.00 < quality < 0.10 :         2 elements
Info    : 0.10 < quality < 0.20 :         3 elements
Info    : 0.20 < quality < 0.30 :         4 elements
Info    : 0.30 < quality < 0.40 :        11 elements
Info    : 0.40 < quality < 0.50 :        28 elements
Info    : 0.50 < quality < 0.60 :        18 elements
Info    : 0.60 < quality < 0.70 :        88 elements
Info    : 0.70 < quality < 0.80 :       175 elements
Info    : 0.80 < quality < 0.90 :       141 elements
Info    : 0.90 < quality < 1.00 :        52 elements
Info    : 9 edge swaps, 0 node relocations (volume = 0.256681): worst = 0.314124 / average = 0.752648 (Wall 0.000117778s, CPU 0.000118s)
Info    : No ill-shaped tets in the mesh :-)
Info    : 0.00 < quality < 0.10 :         0 elements
Info    : 0.10 < quality < 0.20 :         0 elements
Info    : 0.20 < quality < 0.30 :         0 elements
Info    : 0.30 < quality < 0.40 :        10 elements
Info    : 0.40 < quality < 0.50 :        24 elements
Info    : 0.50 < quality < 0.60 :        17 elements
Info    : 0.60 < quality < 0.70 :        90 elements
Info    : 0.70 < quality < 0.80 :       179 elements
Info    : 0.80 < quality < 0.90 :       141 elements
Info    : 0.90 < quality < 1.00 :        52 elements
Info    : Done optimizing mesh (Wall 0.0483614s, CPU 0.047361s)
Info    : 13611 nodes 68214 elements
Info    : Meshing order 2 (curvilinear on)...
Info    : [  0%] Meshing curve 1 order 2
Info    : [ 10%] Meshing curve 2 order 2
Info    : [ 20%] Meshing curve 3 order 2
Info    : [ 20%] Meshing curve 4 order 2
Info    : [ 30%] Meshing curve 5 order 2
Info    : [ 30%] Meshing curve 6 order 2
Info    : [ 40%] Meshing curve 7 order 2
Info    : [ 40%] Meshing curve 8 order 2
Info    : [ 50%] Meshing curve 9 order 2
Info    : [ 50%] Meshing curve 10 order 2
Info    : [ 60%] Meshing curve 11 order 2
Info    : [ 60%] Meshing curve 12 order 2
Info    : [ 70%] Meshing surface 1 order 2
Info    : [ 70%] Meshing surface 2 order 2
Info    : [ 80%] Meshing surface 3 order 2
Info    : [ 80%] Meshing surface 4 order 2
Info    : [ 90%] Meshing surface 5 order 2
Info    : [ 90%] Meshing surface 6 order 2
Info    : [100%] Meshing volume 1 order 2
Info    : [100%] Meshing volume 2 order 2
Info    : Surface mesh: worst distortion = 0.797589 (0 elements in ]0, 0.2]); worst gamma = 0.632317
Info    : Volume mesh: worst distortion = 0.203345 (0 elements in ]0, 0.2])
Info    : Done meshing order 2 (Wall 13.7933s, CPU 13.7667s)
Info    : Writing '/home/user/mscr-mom/현서/scripts/contact_scenarios/fea/matv2_mesh_DEPTH875_phiN60_d50_b0_s10.inp'...
Info    : Done writing '/home/user/mscr-mom/현서/scripts/contact_scenarios/fea/matv2_mesh_DEPTH875_phiN60_d50_b0_s10.inp'
  [DEPTH875_phiN60_d50_b0] F_mag=0.0256mN  (379.5s)
[DEPTH875_phiN60_d50_b0 2/2] L_M=87.5, phi=-60.0, beta=0.0, s=20.0mm, push_depth=0.05mm ...
Info    : Meshing 1D...
Info    : [  0%] Meshing curve 1 (BSpline)
Info    : [ 10%] Meshing curve 2 (Ellipse)
Info    : [ 20%] Meshing curve 3 (Ellipse)
Info    : [ 30%] Meshing curve 4 (BSpline)
Info    : [ 40%] Meshing curve 5 (BSpline)
Info    : [ 50%] Meshing curve 6 (BSpline)
Info    : [ 60%] Meshing curve 7 (BSpline)
Info    : [ 60%] Meshing curve 8 (BSpline)
Info    : [ 70%] Meshing curve 9 (BSpline)
Info    : [ 90%] Meshing curve 11 (Circle)
Info    : Done meshing 1D (Wall 0.01719s, CPU 0.017045s)
Info    : Meshing 2D...
Info    : [  0%] Meshing surface 1 (Plane, Frontal-Delaunay)
Info    : [ 20%] Meshing surface 2 (Plane, Frontal-Delaunay)
Info    : [ 40%] Meshing surface 3 (BSpline surface, Frontal-Delaunay)
Info    : [ 60%] Meshing surface 4 (BSpline surface, Frontal-Delaunay)
Info    : [ 70%] Meshing surface 5 (Plane, Frontal-Delaunay)
Info    : [ 90%] Meshing surface 6 (Sphere, Frontal-Delaunay)
Info    : Done meshing 2D (Wall 0.84808s, CPU 0.847603s)
Info    : Meshing 3D...
Info    : 3D Meshing 2 volumes with 2 connected components
Info    : Tetrahedrizing 12479 nodes...
Info    : Done tetrahedrizing 12487 nodes (Wall 0.13001s, CPU 0.126007s)
Info    : Reconstructing mesh...
Info    :  - Creating surface mesh
Info    :  - Identifying boundary edges
Info    :  - Recovering boundary
Info    : Done reconstructing mesh (Wall 0.373109s, CPU 0.366055s)
Info    : Found volume 1
Info    : It. 0 - 0 nodes created - worst tet radius 1.09117 (nodes removed 0 0)
Info    : It. 500 - 500 nodes created - worst tet radius 1.0007 (nodes removed 0 0)
Info    : 3D refinement terminated (13209 nodes total):
Info    :  - 0 Delaunay cavities modified for star shapeness
Info    :  - 0 nodes could not be inserted
Info    :  - 42485 tetrahedra created in 0.0334916 sec. (1268527 tets/s)
Info    : 0 node relocations
Info    : Tetrahedrizing 134 nodes...
Info    : Done tetrahedrizing 142 nodes (Wall 0.000789208s, CPU 0.000792s)
Info    : Reconstructing mesh...
Info    :  - Creating surface mesh
Info    :  - Identifying boundary edges
Info    :  - Recovering boundary
Info    : Done reconstructing mesh (Wall 0.00194376s, CPU 0.001947s)
Info    : Found volume 2
Info    : It. 0 - 0 nodes created - worst tet radius 3.13588 (nodes removed 0 0)
Info    : 3D refinement terminated (12696 nodes total):
Info    :  - 0 Delaunay cavities modified for star shapeness
Info    :  - 0 nodes could not be inserted
Info    :  - 522 tetrahedra created in 0.0056919 sec. (91709 tets/s)
Info    : 0 node relocations
Info    : Done meshing 3D (Wall 0.712362s, CPU 0.703927s)
Info    : Optimizing mesh...
Info    : Optimizing volume 1
Info    : Optimization starts (volume = 235.601) with worst = 0.00378155 / average = 0.68405:
Info    : 0.00 < quality < 0.10 :       180 elements
Info    : 0.10 < quality < 0.20 :       426 elements
Info    : 0.20 < quality < 0.30 :       790 elements
Info    : 0.30 < quality < 0.40 :       830 elements
Info    : 0.40 < quality < 0.50 :      1512 elements
Info    : 0.50 < quality < 0.60 :      3788 elements
Info    : 0.60 < quality < 0.70 :     10524 elements
Info    : 0.70 < quality < 0.80 :     20272 elements
Info    : 0.80 < quality < 0.90 :      2372 elements
Info    : 0.90 < quality < 1.00 :      1791 elements
Info    : 1327 edge swaps, 15 node relocations (volume = 235.601): worst = 0.10195 / average = 0.701864 (Wall 0.0165279s, CPU 0.016522s)
Info    : 1392 edge swaps, 16 node relocations (volume = 235.601): worst = 0.125985 / average = 0.702532 (Wall 0.0203944s, CPU 0.020389s)
Info    : 1395 edge swaps, 16 node relocations (volume = 235.601): worst = 0.125985 / average = 0.702568 (Wall 0.0231732s, CPU 0.023169s)
Info    : No ill-shaped tets in the mesh :-)
Info    : 0.00 < quality < 0.10 :         0 elements
Info    : 0.10 < quality < 0.20 :         3 elements
Info    : 0.20 < quality < 0.30 :        26 elements
Info    : 0.30 < quality < 0.40 :       702 elements
Info    : 0.40 < quality < 0.50 :      1231 elements
Info    : 0.50 < quality < 0.60 :      3855 elements
Info    : 0.60 < quality < 0.70 :     11073 elements
Info    : 0.70 < quality < 0.80 :     20028 elements
Info    : 0.80 < quality < 0.90 :      2523 elements
Info    : 0.90 < quality < 1.00 :      1797 elements
Info    : Optimizing volume 2
Info    : Optimization starts (volume = 0.256681) with worst = 0.0785969 / average = 0.740192:
Info    : 0.00 < quality < 0.10 :         2 elements
Info    : 0.10 < quality < 0.20 :         3 elements
Info    : 0.20 < quality < 0.30 :         4 elements
Info    : 0.30 < quality < 0.40 :        11 elements
Info    : 0.40 < quality < 0.50 :        28 elements
Info    : 0.50 < quality < 0.60 :        18 elements
Info    : 0.60 < quality < 0.70 :        88 elements
Info    : 0.70 < quality < 0.80 :       175 elements
Info    : 0.80 < quality < 0.90 :       141 elements
Info    : 0.90 < quality < 1.00 :        52 elements
Info    : 9 edge swaps, 0 node relocations (volume = 0.256681): worst = 0.314124 / average = 0.752648 (Wall 0.000122746s, CPU 0.000126s)
Info    : No ill-shaped tets in the mesh :-)
Info    : 0.00 < quality < 0.10 :         0 elements
Info    : 0.10 < quality < 0.20 :         0 elements
Info    : 0.20 < quality < 0.30 :         0 elements
Info    : 0.30 < quality < 0.40 :        10 elements
Info    : 0.40 < quality < 0.50 :        24 elements
Info    : 0.50 < quality < 0.60 :        17 elements
Info    : 0.60 < quality < 0.70 :        90 elements
Info    : 0.70 < quality < 0.80 :       179 elements
Info    : 0.80 < quality < 0.90 :       141 elements
Info    : 0.90 < quality < 1.00 :        52 elements
Info    : Done optimizing mesh (Wall 0.0508673s, CPU 0.05086s)
Info    : 13611 nodes 68214 elements
Info    : Meshing order 2 (curvilinear on)...
Info    : [  0%] Meshing curve 1 order 2
Info    : [ 10%] Meshing curve 2 order 2
Info    : [ 20%] Meshing curve 3 order 2
Info    : [ 20%] Meshing curve 4 order 2
Info    : [ 30%] Meshing curve 5 order 2
Info    : [ 30%] Meshing curve 6 order 2
Info    : [ 40%] Meshing curve 7 order 2
Info    : [ 40%] Meshing curve 8 order 2
Info    : [ 50%] Meshing curve 9 order 2
Info    : [ 50%] Meshing curve 10 order 2
Info    : [ 60%] Meshing curve 11 order 2
Info    : [ 60%] Meshing curve 12 order 2
Info    : [ 70%] Meshing surface 1 order 2
Info    : [ 70%] Meshing surface 2 order 2
Info    : [ 80%] Meshing surface 3 order 2
Info    : [ 80%] Meshing surface 4 order 2
Info    : [ 90%] Meshing surface 5 order 2
Info    : [ 90%] Meshing surface 6 order 2
Info    : [100%] Meshing volume 1 order 2
Info    : [100%] Meshing volume 2 order 2
Info    : Surface mesh: worst distortion = 0.797589 (0 elements in ]0, 0.2]); worst gamma = 0.632317
Info    : Volume mesh: worst distortion = 0.203345 (0 elements in ]0, 0.2])
Info    : Done meshing order 2 (Wall 14.0322s, CPU 14.0101s)
Info    : Writing '/home/user/mscr-mom/현서/scripts/contact_scenarios/fea/matv2_mesh_DEPTH875_phiN60_d50_b0_s20.inp'...
Info    : Done writing '/home/user/mscr-mom/현서/scripts/contact_scenarios/fea/matv2_mesh_DEPTH875_phiN60_d50_b0_s20.inp'
  [DEPTH875_phiN60_d50_b0] F_mag=0.0063mN  (155.9s)
[DEPTH875_phiN60_d50_b0] 완료: 2/2 성공
