[PST875_phiN90_b0 1/8] L_M=87.5, phi=-90.0, beta=0.0, s=62.5mm, push_depth=0.1mm ...
Info    : Meshing 1D...
Info    : [  0%] Meshing curve 1 (BSpline)
Info    : [ 10%] Meshing curve 2 (Ellipse)
Info    : [ 20%] Meshing curve 3 (Ellipse)
Info    : [ 30%] Meshing curve 4 (BSpline)
Info    : [ 40%] Meshing curve 5 (BSpline)
Info    : [ 50%] Meshing curve 6 (BSpline)
Info    : [ 60%] Meshing curve 7 (BSpline)
Info    : [ 60%] Meshing curve 8 (BSpline)
Info    : [ 70%] Meshing curve 9 (BSpline)
Info    : [ 90%] Meshing curve 11 (Circle)
Info    : Done meshing 1D (Wall 0.0201898s, CPU 0.020102s)
Info    : Meshing 2D...
Info    : [  0%] Meshing surface 1 (Plane, Frontal-Delaunay)
Info    : [ 20%] Meshing surface 2 (Plane, Frontal-Delaunay)
Info    : [ 40%] Meshing surface 3 (BSpline surface, Frontal-Delaunay)
Info    : [ 60%] Meshing surface 4 (BSpline surface, Frontal-Delaunay)
Info    : [ 70%] Meshing surface 5 (Plane, Frontal-Delaunay)
Info    : [ 90%] Meshing surface 6 (Sphere, Frontal-Delaunay)
Info    : Done meshing 2D (Wall 0.783772s, CPU 0.782721s)
Info    : Meshing 3D...
Info    : 3D Meshing 2 volumes with 2 connected components
Info    : Tetrahedrizing 12460 nodes...
Info    : Done tetrahedrizing 12468 nodes (Wall 0.150839s, CPU 0.14379s)
Info    : Reconstructing mesh...
Info    :  - Creating surface mesh
Info    :  - Identifying boundary edges
Info    :  - Recovering boundary
Info    : Done reconstructing mesh (Wall 0.395602s, CPU 0.373595s)
Info    : Found volume 1
Info    : It. 0 - 0 nodes created - worst tet radius 1.04123 (nodes removed 0 0)
Info    : 3D refinement terminated (13145 nodes total):
Info    :  - 0 Delaunay cavities modified for star shapeness
Info    :  - 0 nodes could not be inserted
Info    :  - 42300 tetrahedra created in 0.0308986 sec. (1368995 tets/s)
Info    : 0 node relocations
Info    : Tetrahedrizing 132 nodes...
Info    : Done tetrahedrizing 140 nodes (Wall 0.000734275s, CPU 0.000735s)
Info    : Reconstructing mesh...
Info    :  - Creating surface mesh
Info    :  - Identifying boundary edges
Info    :  - Recovering boundary
Info    : Done reconstructing mesh (Wall 0.00187607s, CPU 0.001869s)
Info    : Found volume 2
Info    : It. 0 - 0 nodes created - worst tet radius 3.12071 (nodes removed 0 0)
Info    : 3D refinement terminated (12673 nodes total):
Info    :  - 0 Delaunay cavities modified for star shapeness
Info    :  - 0 nodes could not be inserted
Info    :  - 501 tetrahedra created in 0.00533822 sec. (93851 tets/s)
Info    : 0 node relocations
Info    : Done meshing 3D (Wall 0.729038s, CPU 0.706976s)
Info    : Optimizing mesh...
Info    : Optimizing volume 1
Info    : Optimization starts (volume = 235.581) with worst = 0.0043538 / average = 0.679445:
Info    : 0.00 < quality < 0.10 :       173 elements
Info    : 0.10 < quality < 0.20 :       504 elements
Info    : 0.20 < quality < 0.30 :       784 elements
Info    : 0.30 < quality < 0.40 :      1101 elements
Info    : 0.40 < quality < 0.50 :      1897 elements
Info    : 0.50 < quality < 0.60 :      3599 elements
Info    : 0.60 < quality < 0.70 :      9197 elements
Info    : 0.70 < quality < 0.80 :     21347 elements
Info    : 0.80 < quality < 0.90 :      2136 elements
Info    : 0.90 < quality < 1.00 :      1562 elements
Info    : 1395 edge swaps, 21 node relocations (volume = 235.581): worst = 0.0221355 / average = 0.697699 (Wall 0.0202189s, CPU 0.02022s)
Info    : 1459 edge swaps, 21 node relocations (volume = 235.581): worst = 0.129032 / average = 0.698347 (Wall 0.024616s, CPU 0.024614s)
Info    : 1463 edge swaps, 21 node relocations (volume = 235.581): worst = 0.129032 / average = 0.698363 (Wall 0.0279973s, CPU 0.027995s)
Info    : No ill-shaped tets in the mesh :-)
Info    : 0.00 < quality < 0.10 :         0 elements
Info    : 0.10 < quality < 0.20 :         2 elements
Info    : 0.20 < quality < 0.30 :        33 elements
Info    : 0.30 < quality < 0.40 :      1041 elements
Info    : 0.40 < quality < 0.50 :      1611 elements
Info    : 0.50 < quality < 0.60 :      3601 elements
Info    : 0.60 < quality < 0.70 :      9764 elements
Info    : 0.70 < quality < 0.80 :     21118 elements
Info    : 0.80 < quality < 0.90 :      2279 elements
Info    : 0.90 < quality < 1.00 :      1573 elements
Info    : Optimizing volume 2
Info    : Optimization starts (volume = 0.256564) with worst = 0.101886 / average = 0.741258:
Info    : 0.00 < quality < 0.10 :         0 elements
Info    : 0.10 < quality < 0.20 :         4 elements
Info    : 0.20 < quality < 0.30 :         8 elements
Info    : 0.30 < quality < 0.40 :         7 elements
Info    : 0.40 < quality < 0.50 :        17 elements
Info    : 0.50 < quality < 0.60 :        28 elements
Info    : 0.60 < quality < 0.70 :        75 elements
Info    : 0.70 < quality < 0.80 :       192 elements
Info    : 0.80 < quality < 0.90 :       114 elements
Info    : 0.90 < quality < 1.00 :        56 elements
Info    : 12 edge swaps, 0 node relocations (volume = 0.256564): worst = 0.303163 / average = 0.755726 (Wall 0.000142606s, CPU 0.000146s)
Info    : No ill-shaped tets in the mesh :-)
Info    : 0.00 < quality < 0.10 :         0 elements
Info    : 0.10 < quality < 0.20 :         0 elements
Info    : 0.20 < quality < 0.30 :         0 elements
Info    : 0.30 < quality < 0.40 :         7 elements
Info    : 0.40 < quality < 0.50 :        17 elements
Info    : 0.50 < quality < 0.60 :        25 elements
Info    : 0.60 < quality < 0.70 :        78 elements
Info    : 0.70 < quality < 0.80 :       191 elements
Info    : 0.80 < quality < 0.90 :       117 elements
Info    : 0.90 < quality < 1.00 :        55 elements
Info    : Done optimizing mesh (Wall 0.0599652s, CPU 0.059958s)
Info    : 13545 nodes 67934 elements
Info    : Meshing order 2 (curvilinear on)...
Info    : [  0%] Meshing curve 1 order 2
Info    : [ 10%] Meshing curve 2 order 2
Info    : [ 20%] Meshing curve 3 order 2
Info    : [ 20%] Meshing curve 4 order 2
Info    : [ 30%] Meshing curve 5 order 2
Info    : [ 30%] Meshing curve 6 order 2
Info    : [ 40%] Meshing curve 7 order 2
Info    : [ 40%] Meshing curve 8 order 2
Info    : [ 50%] Meshing curve 9 order 2
Info    : [ 50%] Meshing curve 10 order 2
Info    : [ 60%] Meshing curve 11 order 2
Info    : [ 60%] Meshing curve 12 order 2
Info    : [ 70%] Meshing surface 1 order 2
Info    : [ 70%] Meshing surface 2 order 2
Info    : [ 80%] Meshing surface 3 order 2
Info    : [ 80%] Meshing surface 4 order 2
Info    : [ 90%] Meshing surface 5 order 2
Info    : [ 90%] Meshing surface 6 order 2
Info    : [100%] Meshing volume 1 order 2
Info    : [100%] Meshing volume 2 order 2
Info    : Surface mesh: worst distortion = 0.797589 (0 elements in ]0, 0.2]); worst gamma = 0.585747
Info    : Volume mesh: worst distortion = 0.268176 (0 elements in ]0, 0.2])
Info    : Done meshing order 2 (Wall 13.2205s, CPU 13.2152s)
Info    : Writing '/home/user/mscr-mom/현서/scripts/contact_scenarios/fea/matv2_mesh_PST875_phiN90_b0_s62.inp'...
Info    : Done writing '/home/user/mscr-mom/현서/scripts/contact_scenarios/fea/matv2_mesh_PST875_phiN90_b0_s62.inp'
  [PST875_phiN90_b0] [실패] (715.7s)
[PST875_phiN90_b0 2/8] L_M=87.5, phi=-90.0, beta=0.0, s=67.5mm, push_depth=0.1mm ...
Info    : Meshing 1D...
Info    : [  0%] Meshing curve 1 (BSpline)
Info    : [ 10%] Meshing curve 2 (Ellipse)
Info    : [ 20%] Meshing curve 3 (Ellipse)
Info    : [ 30%] Meshing curve 4 (BSpline)
Info    : [ 40%] Meshing curve 5 (BSpline)
Info    : [ 50%] Meshing curve 6 (BSpline)
Info    : [ 60%] Meshing curve 7 (BSpline)
Info    : [ 60%] Meshing curve 8 (BSpline)
Info    : [ 70%] Meshing curve 9 (BSpline)
Info    : [ 90%] Meshing curve 11 (Circle)
Info    : Done meshing 1D (Wall 0.0204956s, CPU 0.020463s)
Info    : Meshing 2D...
Info    : [  0%] Meshing surface 1 (Plane, Frontal-Delaunay)
Info    : [ 20%] Meshing surface 2 (Plane, Frontal-Delaunay)
Info    : [ 40%] Meshing surface 3 (BSpline surface, Frontal-Delaunay)
Info    : [ 60%] Meshing surface 4 (BSpline surface, Frontal-Delaunay)
Info    : [ 70%] Meshing surface 5 (Plane, Frontal-Delaunay)
Info    : [ 90%] Meshing surface 6 (Sphere, Frontal-Delaunay)
Info    : Done meshing 2D (Wall 0.784761s, CPU 0.781672s)
Info    : Meshing 3D...
Info    : 3D Meshing 2 volumes with 2 connected components
Info    : Tetrahedrizing 12460 nodes...
Info    : Done tetrahedrizing 12468 nodes (Wall 0.14773s, CPU 0.141723s)
Info    : Reconstructing mesh...
Info    :  - Creating surface mesh
Info    :  - Identifying boundary edges
Info    :  - Recovering boundary
Info    : Done reconstructing mesh (Wall 0.383851s, CPU 0.367801s)
Info    : Found volume 1
Info    : It. 0 - 0 nodes created - worst tet radius 1.04123 (nodes removed 0 0)
Info    : 3D refinement terminated (13145 nodes total):
Info    :  - 0 Delaunay cavities modified for star shapeness
Info    :  - 0 nodes could not be inserted
Info    :  - 42300 tetrahedra created in 0.0356129 sec. (1187771 tets/s)
Info    : 0 node relocations
Info    : Tetrahedrizing 132 nodes...
Info    : Done tetrahedrizing 140 nodes (Wall 0.000771015s, CPU 0.000773s)
Info    : Reconstructing mesh...
Info    :  - Creating surface mesh
Info    :  - Identifying boundary edges
Info    :  - Recovering boundary
Info    : Done reconstructing mesh (Wall 0.00184174s, CPU 0.001844s)
Info    : Found volume 2
Info    : It. 0 - 0 nodes created - worst tet radius 3.17452 (nodes removed 0 0)
Info    : 3D refinement terminated (12675 nodes total):
Info    :  - 0 Delaunay cavities modified for star shapeness
Info    :  - 0 nodes could not be inserted
Info    :  - 514 tetrahedra created in 0.00530314 sec. (96923 tets/s)
Info    : 0 node relocations
Info    : Done meshing 3D (Wall 0.701626s, CPU 0.685549s)
Info    : Optimizing mesh...
Info    : Optimizing volume 1
Info    : Optimization starts (volume = 235.581) with worst = 0.0043538 / average = 0.679445:
Info    : 0.00 < quality < 0.10 :       173 elements
Info    : 0.10 < quality < 0.20 :       504 elements
Info    : 0.20 < quality < 0.30 :       784 elements
Info    : 0.30 < quality < 0.40 :      1101 elements
Info    : 0.40 < quality < 0.50 :      1897 elements
Info    : 0.50 < quality < 0.60 :      3599 elements
Info    : 0.60 < quality < 0.70 :      9197 elements
Info    : 0.70 < quality < 0.80 :     21347 elements
Info    : 0.80 < quality < 0.90 :      2136 elements
Info    : 0.90 < quality < 1.00 :      1562 elements
Info    : 1395 edge swaps, 21 node relocations (volume = 235.581): worst = 0.0221355 / average = 0.697699 (Wall 0.0190506s, CPU 0.01905s)
Info    : 1459 edge swaps, 21 node relocations (volume = 235.581): worst = 0.129032 / average = 0.698347 (Wall 0.0230273s, CPU 0.023027s)
Info    : 1463 edge swaps, 21 node relocations (volume = 235.581): worst = 0.129032 / average = 0.698363 (Wall 0.0260941s, CPU 0.026094s)
Info    : No ill-shaped tets in the mesh :-)
Info    : 0.00 < quality < 0.10 :         0 elements
Info    : 0.10 < quality < 0.20 :         2 elements
Info    : 0.20 < quality < 0.30 :        33 elements
Info    : 0.30 < quality < 0.40 :      1041 elements
Info    : 0.40 < quality < 0.50 :      1611 elements
Info    : 0.50 < quality < 0.60 :      3601 elements
Info    : 0.60 < quality < 0.70 :      9764 elements
Info    : 0.70 < quality < 0.80 :     21118 elements
Info    : 0.80 < quality < 0.90 :      2279 elements
Info    : 0.90 < quality < 1.00 :      1573 elements
Info    : Optimizing volume 2
Info    : Optimization starts (volume = 0.256664) with worst = 0.2295 / average = 0.748984:
Info    : 0.00 < quality < 0.10 :         0 elements
Info    : 0.10 < quality < 0.20 :         0 elements
Info    : 0.20 < quality < 0.30 :         5 elements
Info    : 0.30 < quality < 0.40 :        11 elements
Info    : 0.40 < quality < 0.50 :        14 elements
Info    : 0.50 < quality < 0.60 :        33 elements
Info    : 0.60 < quality < 0.70 :        73 elements
Info    : 0.70 < quality < 0.80 :       197 elements
Info    : 0.80 < quality < 0.90 :       125 elements
Info    : 0.90 < quality < 1.00 :        56 elements
Info    : 5 edge swaps, 0 node relocations (volume = 0.256664): worst = 0.301937 / average = 0.754061 (Wall 0.000104749s, CPU 0.000107s)
Info    : No ill-shaped tets in the mesh :-)
Info    : 0.00 < quality < 0.10 :         0 elements
Info    : 0.10 < quality < 0.20 :         0 elements
Info    : 0.20 < quality < 0.30 :         0 elements
Info    : 0.30 < quality < 0.40 :        12 elements
Info    : 0.40 < quality < 0.50 :        12 elements
Info    : 0.50 < quality < 0.60 :        31 elements
Info    : 0.60 < quality < 0.70 :        77 elements
Info    : 0.70 < quality < 0.80 :       198 elements
Info    : 0.80 < quality < 0.90 :       124 elements
Info    : 0.90 < quality < 1.00 :        56 elements
Info    : Done optimizing mesh (Wall 0.0555052s, CPU 0.055504s)
Info    : 13547 nodes 67954 elements
Info    : Meshing order 2 (curvilinear on)...
Info    : [  0%] Meshing curve 1 order 2
Info    : [ 10%] Meshing curve 2 order 2
Info    : [ 20%] Meshing curve 3 order 2
Info    : [ 20%] Meshing curve 4 order 2
Info    : [ 30%] Meshing curve 5 order 2
Info    : [ 30%] Meshing curve 6 order 2
Info    : [ 40%] Meshing curve 7 order 2
Info    : [ 40%] Meshing curve 8 order 2
Info    : [ 50%] Meshing curve 9 order 2
Info    : [ 50%] Meshing curve 10 order 2
Info    : [ 60%] Meshing curve 11 order 2
Info    : [ 60%] Meshing curve 12 order 2
Info    : [ 70%] Meshing surface 1 order 2
Info    : [ 70%] Meshing surface 2 order 2
Info    : [ 80%] Meshing surface 3 order 2
Info    : [ 80%] Meshing surface 4 order 2
Info    : [ 90%] Meshing surface 5 order 2
Info    : [ 90%] Meshing surface 6 order 2
Info    : [100%] Meshing volume 1 order 2
Info    : [100%] Meshing volume 2 order 2
Info    : Surface mesh: worst distortion = 0.797589 (0 elements in ]0, 0.2]); worst gamma = 0.725635
Info    : Volume mesh: worst distortion = 0.268176 (0 elements in ]0, 0.2])
Info    : Done meshing order 2 (Wall 13.3866s, CPU 13.3791s)
Info    : Writing '/home/user/mscr-mom/현서/scripts/contact_scenarios/fea/matv2_mesh_PST875_phiN90_b0_s68.inp'...
Info    : Done writing '/home/user/mscr-mom/현서/scripts/contact_scenarios/fea/matv2_mesh_PST875_phiN90_b0_s68.inp'
  [PST875_phiN90_b0] [실패] (1396.4s)
[PST875_phiN90_b0 3/8] L_M=87.5, phi=-90.0, beta=0.0, s=72.5mm, push_depth=0.1mm ...
Info    : Meshing 1D...
Info    : [  0%] Meshing curve 1 (BSpline)
Info    : [ 10%] Meshing curve 2 (Ellipse)
Info    : [ 20%] Meshing curve 3 (Ellipse)
Info    : [ 30%] Meshing curve 4 (BSpline)
Info    : [ 40%] Meshing curve 5 (BSpline)
Info    : [ 50%] Meshing curve 6 (BSpline)
Info    : [ 60%] Meshing curve 7 (BSpline)
Info    : [ 60%] Meshing curve 8 (BSpline)
Info    : [ 70%] Meshing curve 9 (BSpline)
Info    : [ 90%] Meshing curve 11 (Circle)
Info    : Done meshing 1D (Wall 0.0198517s, CPU 0.019835s)
Info    : Meshing 2D...
Info    : [  0%] Meshing surface 1 (Plane, Frontal-Delaunay)
Info    : [ 20%] Meshing surface 2 (Plane, Frontal-Delaunay)
Info    : [ 40%] Meshing surface 3 (BSpline surface, Frontal-Delaunay)
Info    : [ 60%] Meshing surface 4 (BSpline surface, Frontal-Delaunay)
Info    : [ 70%] Meshing surface 5 (Plane, Frontal-Delaunay)
Info    : [ 90%] Meshing surface 6 (Sphere, Frontal-Delaunay)
Info    : Done meshing 2D (Wall 0.719848s, CPU 0.719644s)
Info    : Meshing 3D...
Info    : 3D Meshing 2 volumes with 2 connected components
Info    : Tetrahedrizing 12460 nodes...
Info    : Done tetrahedrizing 12468 nodes (Wall 0.152186s, CPU 0.143169s)
Info    : Reconstructing mesh...
Info    :  - Creating surface mesh
Info    :  - Identifying boundary edges
Info    :  - Recovering boundary
Info    : Done reconstructing mesh (Wall 0.384677s, CPU 0.363618s)
Info    : Found volume 1
Info    : It. 0 - 0 nodes created - worst tet radius 1.04123 (nodes removed 0 0)
Info    : 3D refinement terminated (13145 nodes total):
Info    :  - 0 Delaunay cavities modified for star shapeness
Info    :  - 0 nodes could not be inserted
Info    :  - 42300 tetrahedra created in 0.0228817 sec. (1848635 tets/s)
Info    : 0 node relocations
Info    : Tetrahedrizing 132 nodes...
Info    : Done tetrahedrizing 140 nodes (Wall 0.0007298s, CPU 0.000721s)
Info    : Reconstructing mesh...
Info    :  - Creating surface mesh
Info    :  - Identifying boundary edges
Info    :  - Recovering boundary
Info    : Done reconstructing mesh (Wall 0.00162906s, CPU 0.001623s)
Info    : Found volume 2
Info    : It. 0 - 0 nodes created - worst tet radius 3.17452 (nodes removed 0 0)
Info    : 3D refinement terminated (12675 nodes total):
Info    :  - 0 Delaunay cavities modified for star shapeness
Info    :  - 0 nodes could not be inserted
Info    :  - 514 tetrahedra created in 0.00657039 sec. (78229 tets/s)
Info    : 0 node relocations
Info    : Done meshing 3D (Wall 0.700548s, CPU 0.679474s)
Info    : Optimizing mesh...
Info    : Optimizing volume 1
Info    : Optimization starts (volume = 235.581) with worst = 0.0043538 / average = 0.679445:
Info    : 0.00 < quality < 0.10 :       173 elements
Info    : 0.10 < quality < 0.20 :       504 elements
Info    : 0.20 < quality < 0.30 :       784 elements
Info    : 0.30 < quality < 0.40 :      1101 elements
Info    : 0.40 < quality < 0.50 :      1897 elements
Info    : 0.50 < quality < 0.60 :      3599 elements
Info    : 0.60 < quality < 0.70 :      9197 elements
Info    : 0.70 < quality < 0.80 :     21347 elements
Info    : 0.80 < quality < 0.90 :      2136 elements
Info    : 0.90 < quality < 1.00 :      1562 elements
Info    : 1395 edge swaps, 21 node relocations (volume = 235.581): worst = 0.0221355 / average = 0.697699 (Wall 0.0152584s, CPU 0.015258s)
Info    : 1459 edge swaps, 21 node relocations (volume = 235.581): worst = 0.129032 / average = 0.698347 (Wall 0.0186148s, CPU 0.018616s)
Info    : 1463 edge swaps, 21 node relocations (volume = 235.581): worst = 0.129032 / average = 0.698363 (Wall 0.0210192s, CPU 0.021022s)
Info    : No ill-shaped tets in the mesh :-)
Info    : 0.00 < quality < 0.10 :         0 elements
Info    : 0.10 < quality < 0.20 :         2 elements
Info    : 0.20 < quality < 0.30 :        33 elements
Info    : 0.30 < quality < 0.40 :      1041 elements
Info    : 0.40 < quality < 0.50 :      1611 elements
Info    : 0.50 < quality < 0.60 :      3601 elements
Info    : 0.60 < quality < 0.70 :      9764 elements
Info    : 0.70 < quality < 0.80 :     21118 elements
Info    : 0.80 < quality < 0.90 :      2279 elements
Info    : 0.90 < quality < 1.00 :      1573 elements
Info    : Optimizing volume 2
Info    : Optimization starts (volume = 0.256664) with worst = 0.2295 / average = 0.748984:
Info    : 0.00 < quality < 0.10 :         0 elements
Info    : 0.10 < quality < 0.20 :         0 elements
Info    : 0.20 < quality < 0.30 :         5 elements
Info    : 0.30 < quality < 0.40 :        11 elements
Info    : 0.40 < quality < 0.50 :        14 elements
Info    : 0.50 < quality < 0.60 :        33 elements
Info    : 0.60 < quality < 0.70 :        73 elements
Info    : 0.70 < quality < 0.80 :       197 elements
Info    : 0.80 < quality < 0.90 :       125 elements
Info    : 0.90 < quality < 1.00 :        56 elements
Info    : 5 edge swaps, 0 node relocations (volume = 0.256664): worst = 0.301937 / average = 0.754061 (Wall 9.73474e-05s, CPU 9.8e-05s)
Info    : No ill-shaped tets in the mesh :-)
Info    : 0.00 < quality < 0.10 :         0 elements
Info    : 0.10 < quality < 0.20 :         0 elements
Info    : 0.20 < quality < 0.30 :         0 elements
Info    : 0.30 < quality < 0.40 :        12 elements
Info    : 0.40 < quality < 0.50 :        12 elements
Info    : 0.50 < quality < 0.60 :        31 elements
Info    : 0.60 < quality < 0.70 :        77 elements
Info    : 0.70 < quality < 0.80 :       198 elements
Info    : 0.80 < quality < 0.90 :       124 elements
Info    : 0.90 < quality < 1.00 :        56 elements
Info    : Done optimizing mesh (Wall 0.0477303s, CPU 0.047714s)
Info    : 13547 nodes 67954 elements
Info    : Meshing order 2 (curvilinear on)...
Info    : [  0%] Meshing curve 1 order 2
Info    : [ 10%] Meshing curve 2 order 2
Info    : [ 20%] Meshing curve 3 order 2
Info    : [ 20%] Meshing curve 4 order 2
Info    : [ 30%] Meshing curve 5 order 2
Info    : [ 30%] Meshing curve 6 order 2
Info    : [ 40%] Meshing curve 7 order 2
Info    : [ 40%] Meshing curve 8 order 2
Info    : [ 50%] Meshing curve 9 order 2
Info    : [ 50%] Meshing curve 10 order 2
Info    : [ 60%] Meshing curve 11 order 2
Info    : [ 60%] Meshing curve 12 order 2
Info    : [ 70%] Meshing surface 1 order 2
Info    : [ 70%] Meshing surface 2 order 2
Info    : [ 80%] Meshing surface 3 order 2
Info    : [ 80%] Meshing surface 4 order 2
Info    : [ 90%] Meshing surface 5 order 2
Info    : [ 90%] Meshing surface 6 order 2
Info    : [100%] Meshing volume 1 order 2
Info    : [100%] Meshing volume 2 order 2
Info    : Surface mesh: worst distortion = 0.797589 (0 elements in ]0, 0.2]); worst gamma = 0.725635
Info    : Volume mesh: worst distortion = 0.268176 (0 elements in ]0, 0.2])
Info    : Done meshing order 2 (Wall 13.1408s, CPU 13.1357s)
Info    : Writing '/home/user/mscr-mom/현서/scripts/contact_scenarios/fea/matv2_mesh_PST875_phiN90_b0_s72.inp'...
Info    : Done writing '/home/user/mscr-mom/현서/scripts/contact_scenarios/fea/matv2_mesh_PST875_phiN90_b0_s72.inp'
  [PST875_phiN90_b0] [실패] (177.9s)
[PST875_phiN90_b0 4/8] L_M=87.5, phi=-90.0, beta=0.0, s=77.5mm, push_depth=0.1mm ...
Info    : Meshing 1D...
Info    : [  0%] Meshing curve 1 (BSpline)
Info    : [ 10%] Meshing curve 2 (Ellipse)
Info    : [ 20%] Meshing curve 3 (Ellipse)
Info    : [ 30%] Meshing curve 4 (BSpline)
Info    : [ 40%] Meshing curve 5 (BSpline)
Info    : [ 50%] Meshing curve 6 (BSpline)
Info    : [ 60%] Meshing curve 7 (BSpline)
Info    : [ 60%] Meshing curve 8 (BSpline)
Info    : [ 70%] Meshing curve 9 (BSpline)
Info    : [ 90%] Meshing curve 11 (Circle)
Info    : Done meshing 1D (Wall 0.0200652s, CPU 0.020034s)
Info    : Meshing 2D...
Info    : [  0%] Meshing surface 1 (Plane, Frontal-Delaunay)
Info    : [ 20%] Meshing surface 2 (Plane, Frontal-Delaunay)
Info    : [ 40%] Meshing surface 3 (BSpline surface, Frontal-Delaunay)
Info    : [ 60%] Meshing surface 4 (BSpline surface, Frontal-Delaunay)
Info    : [ 70%] Meshing surface 5 (Plane, Frontal-Delaunay)
Info    : [ 90%] Meshing surface 6 (Sphere, Frontal-Delaunay)
Info    : Done meshing 2D (Wall 0.696254s, CPU 0.696197s)
Info    : Meshing 3D...
Info    : 3D Meshing 2 volumes with 2 connected components
Info    : Tetrahedrizing 12460 nodes...
Info    : Done tetrahedrizing 12468 nodes (Wall 0.1457s, CPU 0.136704s)
Info    : Reconstructing mesh...
Info    :  - Creating surface mesh
Info    :  - Identifying boundary edges
Info    :  - Recovering boundary
Info    : Done reconstructing mesh (Wall 0.355715s, CPU 0.33871s)
Info    : Found volume 1
Info    : It. 0 - 0 nodes created - worst tet radius 1.04123 (nodes removed 0 0)
Info    : 3D refinement terminated (13141 nodes total):
Info    :  - 0 Delaunay cavities modified for star shapeness
Info    :  - 0 nodes could not be inserted
Info    :  - 42300 tetrahedra created in 0.0266505 sec. (1587214 tets/s)
Info    : 0 node relocations
Info    : Tetrahedrizing 128 nodes...
Info    : Done tetrahedrizing 136 nodes (Wall 0.000704703s, CPU 0.000705s)
Info    : Reconstructing mesh...
Info    :  - Creating surface mesh
Info    :  - Identifying boundary edges
Info    :  - Recovering boundary
Info    : Done reconstructing mesh (Wall 0.0016708s, CPU 0.001674s)
Info    : Found volume 2
Info    : It. 0 - 0 nodes created - worst tet radius 2.99281 (nodes removed 0 0)
Info    : 3D refinement terminated (12668 nodes total):
Info    :  - 1 Delaunay cavities modified for star shapeness
Info    :  - 1 nodes could not be inserted
Info    :  - 469 tetrahedra created in 0.00804781 sec. (58276 tets/s)
Info    : 1 node relocations
Info    : Done meshing 3D (Wall 0.657016s, CPU 0.639983s)
Info    : Optimizing mesh...
Info    : Optimizing volume 1
Info    : Optimization starts (volume = 235.581) with worst = 0.0043538 / average = 0.679445:
Info    : 0.00 < quality < 0.10 :       173 elements
Info    : 0.10 < quality < 0.20 :       504 elements
Info    : 0.20 < quality < 0.30 :       784 elements
Info    : 0.30 < quality < 0.40 :      1101 elements
Info    : 0.40 < quality < 0.50 :      1897 elements
Info    : 0.50 < quality < 0.60 :      3599 elements
Info    : 0.60 < quality < 0.70 :      9197 elements
Info    : 0.70 < quality < 0.80 :     21347 elements
Info    : 0.80 < quality < 0.90 :      2136 elements
Info    : 0.90 < quality < 1.00 :      1562 elements
Info    : 1395 edge swaps, 21 node relocations (volume = 235.581): worst = 0.0221355 / average = 0.697699 (Wall 0.0163771s, CPU 0.016376s)
Info    : 1459 edge swaps, 21 node relocations (volume = 235.581): worst = 0.129032 / average = 0.698347 (Wall 0.0198925s, CPU 0.019893s)
Info    : 1463 edge swaps, 21 node relocations (volume = 235.581): worst = 0.129032 / average = 0.698363 (Wall 0.0223582s, CPU 0.02236s)
Info    : No ill-shaped tets in the mesh :-)
Info    : 0.00 < quality < 0.10 :         0 elements
Info    : 0.10 < quality < 0.20 :         2 elements
Info    : 0.20 < quality < 0.30 :        33 elements
Info    : 0.30 < quality < 0.40 :      1041 elements
Info    : 0.40 < quality < 0.50 :      1611 elements
Info    : 0.50 < quality < 0.60 :      3601 elements
Info    : 0.60 < quality < 0.70 :      9764 elements
Info    : 0.70 < quality < 0.80 :     21118 elements
Info    : 0.80 < quality < 0.90 :      2279 elements
Info    : 0.90 < quality < 1.00 :      1573 elements
Info    : Optimizing volume 2
Info    : Optimization starts (volume = 0.256169) with worst = 0.041137 / average = 0.76611:
Info    : 0.00 < quality < 0.10 :         1 elements
Info    : 0.10 < quality < 0.20 :         0 elements
Info    : 0.20 < quality < 0.30 :         1 elements
Info    : 0.30 < quality < 0.40 :        10 elements
Info    : 0.40 < quality < 0.50 :         7 elements
Info    : 0.50 < quality < 0.60 :        21 elements
Info    : 0.60 < quality < 0.70 :        61 elements
Info    : 0.70 < quality < 0.80 :       194 elements
Info    : 0.80 < quality < 0.90 :       117 elements
Info    : 0.90 < quality < 1.00 :        57 elements
Info    : 2 edge swaps, 1 node relocations (volume = 0.256169): worst = 0.227503 / average = 0.768937 (Wall 8.30768e-05s, CPU 8.5e-05s)
Info    : 4 edge swaps, 1 node relocations (volume = 0.256169): worst = 0.227503 / average = 0.770351 (Wall 0.000142688s, CPU 0.000144s)
Info    : No ill-shaped tets in the mesh :-)
Info    : 0.00 < quality < 0.10 :         0 elements
Info    : 0.10 < quality < 0.20 :         0 elements
Info    : 0.20 < quality < 0.30 :         1 elements
Info    : 0.30 < quality < 0.40 :         7 elements
Info    : 0.40 < quality < 0.50 :         7 elements
Info    : 0.50 < quality < 0.60 :        19 elements
Info    : 0.60 < quality < 0.70 :        60 elements
Info    : 0.70 < quality < 0.80 :       189 elements
Info    : 0.80 < quality < 0.90 :       122 elements
Info    : 0.90 < quality < 1.00 :        56 elements
Info    : Done optimizing mesh (Wall 0.0541292s, CPU 0.054129s)
Info    : 13540 nodes 67902 elements
Info    : Meshing order 2 (curvilinear on)...
Info    : [  0%] Meshing curve 1 order 2
Info    : [ 10%] Meshing curve 2 order 2
Info    : [ 20%] Meshing curve 3 order 2
Info    : [ 20%] Meshing curve 4 order 2
Info    : [ 30%] Meshing curve 5 order 2
Info    : [ 30%] Meshing curve 6 order 2
Info    : [ 40%] Meshing curve 7 order 2
Info    : [ 40%] Meshing curve 8 order 2
Info    : [ 50%] Meshing curve 9 order 2
Info    : [ 50%] Meshing curve 10 order 2
Info    : [ 60%] Meshing curve 11 order 2
Info    : [ 60%] Meshing curve 12 order 2
Info    : [ 70%] Meshing surface 1 order 2
Info    : [ 70%] Meshing surface 2 order 2
Info    : [ 80%] Meshing surface 3 order 2
Info    : [ 80%] Meshing surface 4 order 2
Info    : [ 90%] Meshing surface 5 order 2
Info    : [ 90%] Meshing surface 6 order 2
Info    : [100%] Meshing volume 1 order 2
Info    : [100%] Meshing volume 2 order 2
Info    : Surface mesh: worst distortion = 0.797589 (0 elements in ]0, 0.2]); worst gamma = 0.176434
Info    : Volume mesh: worst distortion = 0.268176 (0 elements in ]0, 0.2])
Info    : Done meshing order 2 (Wall 13.3831s, CPU 13.3784s)
Info    : Writing '/home/user/mscr-mom/현서/scripts/contact_scenarios/fea/matv2_mesh_PST875_phiN90_b0_s78.inp'...
Info    : Done writing '/home/user/mscr-mom/현서/scripts/contact_scenarios/fea/matv2_mesh_PST875_phiN90_b0_s78.inp'
  [PST875_phiN90_b0] [실패] (1079.3s)
[PST875_phiN90_b0 5/8] L_M=87.5, phi=-90.0, beta=0.0, s=82.5mm, push_depth=0.1mm ...
Info    : Meshing 1D...
Info    : [  0%] Meshing curve 1 (BSpline)
Info    : [ 10%] Meshing curve 2 (Ellipse)
Info    : [ 20%] Meshing curve 3 (Ellipse)
Info    : [ 30%] Meshing curve 4 (BSpline)
Info    : [ 40%] Meshing curve 5 (BSpline)
Info    : [ 50%] Meshing curve 6 (BSpline)
Info    : [ 60%] Meshing curve 7 (BSpline)
Info    : [ 60%] Meshing curve 8 (BSpline)
Info    : [ 70%] Meshing curve 9 (BSpline)
Info    : [ 90%] Meshing curve 11 (Circle)
Info    : Done meshing 1D (Wall 0.0181881s, CPU 0.018144s)
Info    : Meshing 2D...
Info    : [  0%] Meshing surface 1 (Plane, Frontal-Delaunay)
Info    : [ 20%] Meshing surface 2 (Plane, Frontal-Delaunay)
Info    : [ 40%] Meshing surface 3 (BSpline surface, Frontal-Delaunay)
Info    : [ 60%] Meshing surface 4 (BSpline surface, Frontal-Delaunay)
Info    : [ 70%] Meshing surface 5 (Plane, Frontal-Delaunay)
Info    : [ 90%] Meshing surface 6 (Sphere, Frontal-Delaunay)
Info    : Done meshing 2D (Wall 0.688916s, CPU 0.687863s)
Info    : Meshing 3D...
Info    : 3D Meshing 2 volumes with 2 connected components
Info    : Tetrahedrizing 12460 nodes...
Info    : Done tetrahedrizing 12468 nodes (Wall 0.15273s, CPU 0.145696s)
Info    : Reconstructing mesh...
Info    :  - Creating surface mesh
Info    :  - Identifying boundary edges
Info    :  - Recovering boundary
Info    : Done reconstructing mesh (Wall 0.366s, CPU 0.350951s)
Info    : Found volume 1
Info    : It. 0 - 0 nodes created - worst tet radius 1.04123 (nodes removed 0 0)
Info    : 3D refinement terminated (13142 nodes total):
Info    :  - 0 Delaunay cavities modified for star shapeness
Info    :  - 0 nodes could not be inserted
Info    :  - 42300 tetrahedra created in 0.0235158 sec. (1798787 tets/s)
Info    : 0 node relocations
Info    : Tetrahedrizing 129 nodes...
Info    : Done tetrahedrizing 137 nodes (Wall 0.000652594s, CPU 0.000653s)
Info    : Reconstructing mesh...
Info    :  - Creating surface mesh
Info    :  - Identifying boundary edges
Info    :  - Recovering boundary
Info    : Done reconstructing mesh (Wall 0.00152596s, CPU 0.00153s)
Info    : Found volume 2
Info    : It. 0 - 0 nodes created - worst tet radius 3.15933 (nodes removed 0 0)
Info    : 3D refinement terminated (12667 nodes total):
Info    :  - 1 Delaunay cavities modified for star shapeness
Info    :  - 0 nodes could not be inserted
Info    :  - 468 tetrahedra created in 0.00642887 sec. (72796 tets/s)
Info    : 0 node relocations
Info    : Done meshing 3D (Wall 0.679989s, CPU 0.664903s)
Info    : Optimizing mesh...
Info    : Optimizing volume 1
Info    : Optimization starts (volume = 235.581) with worst = 0.0043538 / average = 0.679445:
Info    : 0.00 < quality < 0.10 :       173 elements
Info    : 0.10 < quality < 0.20 :       504 elements
Info    : 0.20 < quality < 0.30 :       784 elements
Info    : 0.30 < quality < 0.40 :      1101 elements
Info    : 0.40 < quality < 0.50 :      1897 elements
Info    : 0.50 < quality < 0.60 :      3599 elements
Info    : 0.60 < quality < 0.70 :      9197 elements
Info    : 0.70 < quality < 0.80 :     21347 elements
Info    : 0.80 < quality < 0.90 :      2136 elements
Info    : 0.90 < quality < 1.00 :      1562 elements
Info    : 1395 edge swaps, 21 node relocations (volume = 235.581): worst = 0.0221355 / average = 0.697699 (Wall 0.0168023s, CPU 0.016802s)
Info    : 1459 edge swaps, 21 node relocations (volume = 235.581): worst = 0.129032 / average = 0.698347 (Wall 0.0204418s, CPU 0.020442s)
Info    : 1463 edge swaps, 21 node relocations (volume = 235.581): worst = 0.129032 / average = 0.698363 (Wall 0.0232186s, CPU 0.023219s)
Info    : No ill-shaped tets in the mesh :-)
Info    : 0.00 < quality < 0.10 :         0 elements
Info    : 0.10 < quality < 0.20 :         2 elements
Info    : 0.20 < quality < 0.30 :        33 elements
Info    : 0.30 < quality < 0.40 :      1041 elements
Info    : 0.40 < quality < 0.50 :      1611 elements
Info    : 0.50 < quality < 0.60 :      3601 elements
Info    : 0.60 < quality < 0.70 :      9764 elements
Info    : 0.70 < quality < 0.80 :     21118 elements
Info    : 0.80 < quality < 0.90 :      2279 elements
Info    : 0.90 < quality < 1.00 :      1573 elements
Info    : Optimizing volume 2
Info    : Optimization starts (volume = 0.256105) with worst = 0.112744 / average = 0.742619:
Info    : 0.00 < quality < 0.10 :         0 elements
Info    : 0.10 < quality < 0.20 :         3 elements
Info    : 0.20 < quality < 0.30 :         5 elements
Info    : 0.30 < quality < 0.40 :         7 elements
Info    : 0.40 < quality < 0.50 :        21 elements
Info    : 0.50 < quality < 0.60 :        19 elements
Info    : 0.60 < quality < 0.70 :        67 elements
Info    : 0.70 < quality < 0.80 :       177 elements
Info    : 0.80 < quality < 0.90 :       135 elements
Info    : 0.90 < quality < 1.00 :        34 elements
Info    : 7 edge swaps, 0 node relocations (volume = 0.256105): worst = 0.185157 / average = 0.750517 (Wall 9.97223e-05s, CPU 0.000102s)
Info    : No ill-shaped tets in the mesh :-)
Info    : 0.00 < quality < 0.10 :         0 elements
Info    : 0.10 < quality < 0.20 :         1 elements
Info    : 0.20 < quality < 0.30 :         0 elements
Info    : 0.30 < quality < 0.40 :         6 elements
Info    : 0.40 < quality < 0.50 :        23 elements
Info    : 0.50 < quality < 0.60 :        18 elements
Info    : 0.60 < quality < 0.70 :        68 elements
Info    : 0.70 < quality < 0.80 :       175 elements
Info    : 0.80 < quality < 0.90 :       138 elements
Info    : 0.90 < quality < 1.00 :        33 elements
Info    : Done optimizing mesh (Wall 0.0563837s, CPU 0.056383s)
Info    : 13539 nodes 67900 elements
Info    : Meshing order 2 (curvilinear on)...
Info    : [  0%] Meshing curve 1 order 2
Info    : [ 10%] Meshing curve 2 order 2
Info    : [ 20%] Meshing curve 3 order 2
Info    : [ 20%] Meshing curve 4 order 2
Info    : [ 30%] Meshing curve 5 order 2
Info    : [ 30%] Meshing curve 6 order 2
Info    : [ 40%] Meshing curve 7 order 2
Info    : [ 40%] Meshing curve 8 order 2
Info    : [ 50%] Meshing curve 9 order 2
Info    : [ 50%] Meshing curve 10 order 2
Info    : [ 60%] Meshing curve 11 order 2
Info    : [ 60%] Meshing curve 12 order 2
Info    : [ 70%] Meshing surface 1 order 2
Info    : [ 70%] Meshing surface 2 order 2
Info    : [ 80%] Meshing surface 3 order 2
Info    : [ 80%] Meshing surface 4 order 2
Info    : [ 90%] Meshing surface 5 order 2
Info    : [ 90%] Meshing surface 6 order 2
Info    : [100%] Meshing volume 1 order 2
Info    : [100%] Meshing volume 2 order 2
Info    : Surface mesh: worst distortion = 0.797589 (0 elements in ]0, 0.2]); worst gamma = 0.171812
Info    : Volume mesh: worst distortion = 0.268176 (0 elements in ]0, 0.2])
Info    : Done meshing order 2 (Wall 13.0272s, CPU 13.0219s)
Info    : Writing '/home/user/mscr-mom/현서/scripts/contact_scenarios/fea/matv2_mesh_PST875_phiN90_b0_s82.inp'...
Info    : Done writing '/home/user/mscr-mom/현서/scripts/contact_scenarios/fea/matv2_mesh_PST875_phiN90_b0_s82.inp'
  [PST875_phiN90_b0] [실패] (855.3s)
[PST875_phiN90_b0 6/8] L_M=87.5, phi=-90.0, beta=0.0, s=87.5mm, push_depth=0.1mm ...
Info    : Meshing 1D...
Info    : [  0%] Meshing curve 1 (BSpline)
Info    : [ 10%] Meshing curve 2 (Ellipse)
Info    : [ 20%] Meshing curve 3 (Ellipse)
Info    : [ 30%] Meshing curve 4 (BSpline)
Info    : [ 40%] Meshing curve 5 (BSpline)
Info    : [ 50%] Meshing curve 6 (BSpline)
Info    : [ 60%] Meshing curve 7 (BSpline)
Info    : [ 60%] Meshing curve 8 (BSpline)
Info    : [ 70%] Meshing curve 9 (BSpline)
Info    : [ 90%] Meshing curve 11 (Circle)
Info    : Done meshing 1D (Wall 0.0187383s, CPU 0.018708s)
Info    : Meshing 2D...
Info    : [  0%] Meshing surface 1 (Plane, Frontal-Delaunay)
Info    : [ 20%] Meshing surface 2 (Plane, Frontal-Delaunay)
Info    : [ 40%] Meshing surface 3 (BSpline surface, Frontal-Delaunay)
Info    : [ 60%] Meshing surface 4 (BSpline surface, Frontal-Delaunay)
Info    : [ 70%] Meshing surface 5 (Plane, Frontal-Delaunay)
Info    : [ 90%] Meshing surface 6 (Sphere, Frontal-Delaunay)
Info    : Done meshing 2D (Wall 0.668942s, CPU 0.668531s)
Info    : Meshing 3D...
Info    : 3D Meshing 2 volumes with 2 connected components
Info    : Tetrahedrizing 12460 nodes...
Info    : Done tetrahedrizing 12468 nodes (Wall 0.129204s, CPU 0.122096s)
Info    : Reconstructing mesh...
Info    :  - Creating surface mesh
Info    :  - Identifying boundary edges
Info    :  - Recovering boundary
Info    : Done reconstructing mesh (Wall 0.30147s, CPU 0.289319s)
Info    : Found volume 1
Info    : It. 0 - 0 nodes created - worst tet radius 1.04123 (nodes removed 0 0)
Info    : 3D refinement terminated (13142 nodes total):
Info    :  - 0 Delaunay cavities modified for star shapeness
Info    :  - 0 nodes could not be inserted
Info    :  - 42300 tetrahedra created in 0.0207258 sec. (2040930 tets/s)
Info    : 0 node relocations
Info    : Tetrahedrizing 129 nodes...
Info    : Done tetrahedrizing 137 nodes (Wall 0.000640207s, CPU 0.00064s)
Info    : Reconstructing mesh...
Info    :  - Creating surface mesh
Info    :  - Identifying boundary edges
Info    :  - Recovering boundary
Info    : Done reconstructing mesh (Wall 0.00144922s, CPU 0.001453s)
Info    : Found volume 2
Info    : It. 0 - 0 nodes created - worst tet radius 3.15933 (nodes removed 0 0)
Info    : 3D refinement terminated (12667 nodes total):
Info    :  - 1 Delaunay cavities modified for star shapeness
Info    :  - 0 nodes could not be inserted
Info    :  - 468 tetrahedra created in 0.00232513 sec. (201279 tets/s)
Info    : 0 node relocations
Info    : Done meshing 3D (Wall 0.545372s, CPU 0.533209s)
Info    : Optimizing mesh...
Info    : Optimizing volume 1
Info    : Optimization starts (volume = 235.581) with worst = 0.0043538 / average = 0.679445:
Info    : 0.00 < quality < 0.10 :       173 elements
Info    : 0.10 < quality < 0.20 :       504 elements
Info    : 0.20 < quality < 0.30 :       784 elements
Info    : 0.30 < quality < 0.40 :      1101 elements
Info    : 0.40 < quality < 0.50 :      1897 elements
Info    : 0.50 < quality < 0.60 :      3599 elements
Info    : 0.60 < quality < 0.70 :      9197 elements
Info    : 0.70 < quality < 0.80 :     21347 elements
Info    : 0.80 < quality < 0.90 :      2136 elements
Info    : 0.90 < quality < 1.00 :      1562 elements
Info    : 1395 edge swaps, 21 node relocations (volume = 235.581): worst = 0.0221355 / average = 0.697699 (Wall 0.0121135s, CPU 0.012114s)
Info    : 1459 edge swaps, 21 node relocations (volume = 235.581): worst = 0.129032 / average = 0.698347 (Wall 0.0150589s, CPU 0.015061s)
Info    : 1463 edge swaps, 21 node relocations (volume = 235.581): worst = 0.129032 / average = 0.698363 (Wall 0.0171337s, CPU 0.017136s)
Info    : No ill-shaped tets in the mesh :-)
Info    : 0.00 < quality < 0.10 :         0 elements
Info    : 0.10 < quality < 0.20 :         2 elements
Info    : 0.20 < quality < 0.30 :        33 elements
Info    : 0.30 < quality < 0.40 :      1041 elements
Info    : 0.40 < quality < 0.50 :      1611 elements
Info    : 0.50 < quality < 0.60 :      3601 elements
Info    : 0.60 < quality < 0.70 :      9764 elements
Info    : 0.70 < quality < 0.80 :     21118 elements
Info    : 0.80 < quality < 0.90 :      2279 elements
Info    : 0.90 < quality < 1.00 :      1573 elements
Info    : Optimizing volume 2
Info    : Optimization starts (volume = 0.256105) with worst = 0.112744 / average = 0.742619:
Info    : 0.00 < quality < 0.10 :         0 elements
Info    : 0.10 < quality < 0.20 :         3 elements
Info    : 0.20 < quality < 0.30 :         5 elements
Info    : 0.30 < quality < 0.40 :         7 elements
Info    : 0.40 < quality < 0.50 :        21 elements
Info    : 0.50 < quality < 0.60 :        19 elements
Info    : 0.60 < quality < 0.70 :        67 elements
Info    : 0.70 < quality < 0.80 :       177 elements
Info    : 0.80 < quality < 0.90 :       135 elements
Info    : 0.90 < quality < 1.00 :        34 elements
Info    : 7 edge swaps, 0 node relocations (volume = 0.256105): worst = 0.185157 / average = 0.750517 (Wall 0.000125892s, CPU 0.000126s)
Info    : No ill-shaped tets in the mesh :-)
Info    : 0.00 < quality < 0.10 :         0 elements
Info    : 0.10 < quality < 0.20 :         1 elements
Info    : 0.20 < quality < 0.30 :         0 elements
Info    : 0.30 < quality < 0.40 :         6 elements
Info    : 0.40 < quality < 0.50 :        23 elements
Info    : 0.50 < quality < 0.60 :        18 elements
Info    : 0.60 < quality < 0.70 :        68 elements
Info    : 0.70 < quality < 0.80 :       175 elements
Info    : 0.80 < quality < 0.90 :       138 elements
Info    : 0.90 < quality < 1.00 :        33 elements
Info    : Done optimizing mesh (Wall 0.0396025s, CPU 0.039601s)
Info    : 13539 nodes 67900 elements
Info    : Meshing order 2 (curvilinear on)...
Info    : [  0%] Meshing curve 1 order 2
Info    : [ 10%] Meshing curve 2 order 2
Info    : [ 20%] Meshing curve 3 order 2
Info    : [ 20%] Meshing curve 4 order 2
Info    : [ 30%] Meshing curve 5 order 2
Info    : [ 30%] Meshing curve 6 order 2
Info    : [ 40%] Meshing curve 7 order 2
Info    : [ 40%] Meshing curve 8 order 2
Info    : [ 50%] Meshing curve 9 order 2
Info    : [ 50%] Meshing curve 10 order 2
Info    : [ 60%] Meshing curve 11 order 2
Info    : [ 60%] Meshing curve 12 order 2
Info    : [ 70%] Meshing surface 1 order 2
Info    : [ 70%] Meshing surface 2 order 2
Info    : [ 80%] Meshing surface 3 order 2
Info    : [ 80%] Meshing surface 4 order 2
Info    : [ 90%] Meshing surface 5 order 2
Info    : [ 90%] Meshing surface 6 order 2
Info    : [100%] Meshing volume 1 order 2
Info    : [100%] Meshing volume 2 order 2
Info    : Surface mesh: worst distortion = 0.797589 (0 elements in ]0, 0.2]); worst gamma = 0.171812
Info    : Volume mesh: worst distortion = 0.268176 (0 elements in ]0, 0.2])
Info    : Done meshing order 2 (Wall 12.1185s, CPU 12.1144s)
Info    : Writing '/home/user/mscr-mom/현서/scripts/contact_scenarios/fea/matv2_mesh_PST875_phiN90_b0_s88.inp'...
Info    : Done writing '/home/user/mscr-mom/현서/scripts/contact_scenarios/fea/matv2_mesh_PST875_phiN90_b0_s88.inp'
  [PST875_phiN90_b0] [실패] (477.0s)
[PST875_phiN90_b0 7/8] L_M=87.5, phi=-90.0, beta=0.0, s=92.5mm, push_depth=0.1mm ...
Info    : Meshing 1D...
Info    : [  0%] Meshing curve 1 (BSpline)
Info    : [ 10%] Meshing curve 2 (Ellipse)
Info    : [ 20%] Meshing curve 3 (Ellipse)
Info    : [ 30%] Meshing curve 4 (BSpline)
Info    : [ 40%] Meshing curve 5 (BSpline)
Info    : [ 50%] Meshing curve 6 (BSpline)
Info    : [ 60%] Meshing curve 7 (BSpline)
Info    : [ 60%] Meshing curve 8 (BSpline)
Info    : [ 70%] Meshing curve 9 (BSpline)
Info    : [ 90%] Meshing curve 11 (Circle)
Info    : Done meshing 1D (Wall 0.0180432s, CPU 0.018045s)
Info    : Meshing 2D...
Info    : [  0%] Meshing surface 1 (Plane, Frontal-Delaunay)
Info    : [ 20%] Meshing surface 2 (Plane, Frontal-Delaunay)
Info    : [ 40%] Meshing surface 3 (BSpline surface, Frontal-Delaunay)
Info    : [ 60%] Meshing surface 4 (BSpline surface, Frontal-Delaunay)
Info    : [ 70%] Meshing surface 5 (Plane, Frontal-Delaunay)
Info    : [ 90%] Meshing surface 6 (Sphere, Frontal-Delaunay)
Info    : Done meshing 2D (Wall 0.624384s, CPU 0.624186s)
Info    : Meshing 3D...
Info    : 3D Meshing 2 volumes with 2 connected components
Info    : Tetrahedrizing 12460 nodes...
Info    : Done tetrahedrizing 12468 nodes (Wall 0.128386s, CPU 0.121383s)
Info    : Reconstructing mesh...
Info    :  - Creating surface mesh
Info    :  - Identifying boundary edges
Info    :  - Recovering boundary
Info    : Done reconstructing mesh (Wall 0.292895s, CPU 0.278882s)
Info    : Found volume 1
Info    : It. 0 - 0 nodes created - worst tet radius 1.04123 (nodes removed 0 0)
Info    : 3D refinement terminated (13142 nodes total):
Info    :  - 0 Delaunay cavities modified for star shapeness
Info    :  - 0 nodes could not be inserted
Info    :  - 42300 tetrahedra created in 0.0161747 sec. (2615190 tets/s)
Info    : 0 node relocations
Info    : Tetrahedrizing 129 nodes...
Info    : Done tetrahedrizing 137 nodes (Wall 0.000629239s, CPU 0.000626s)
Info    : Reconstructing mesh...
Info    :  - Creating surface mesh
Info    :  - Identifying boundary edges
Info    :  - Recovering boundary
Info    : Done reconstructing mesh (Wall 0.00142988s, CPU 0.001429s)
Info    : Found volume 2
Info    : It. 0 - 0 nodes created - worst tet radius 3.15933 (nodes removed 0 0)
Info    : 3D refinement terminated (12667 nodes total):
Info    :  - 1 Delaunay cavities modified for star shapeness
Info    :  - 0 nodes could not be inserted
Info    :  - 468 tetrahedra created in 0.00190497 sec. (245673 tets/s)
Info    : 0 node relocations
Info    : Done meshing 3D (Wall 0.481763s, CPU 0.46773s)
Info    : Optimizing mesh...
Info    : Optimizing volume 1
Info    : Optimization starts (volume = 235.581) with worst = 0.0043538 / average = 0.679445:
Info    : 0.00 < quality < 0.10 :       173 elements
Info    : 0.10 < quality < 0.20 :       504 elements
Info    : 0.20 < quality < 0.30 :       784 elements
Info    : 0.30 < quality < 0.40 :      1101 elements
Info    : 0.40 < quality < 0.50 :      1897 elements
Info    : 0.50 < quality < 0.60 :      3599 elements
Info    : 0.60 < quality < 0.70 :      9197 elements
Info    : 0.70 < quality < 0.80 :     21347 elements
Info    : 0.80 < quality < 0.90 :      2136 elements
Info    : 0.90 < quality < 1.00 :      1562 elements
Info    : 1395 edge swaps, 21 node relocations (volume = 235.581): worst = 0.0221355 / average = 0.697699 (Wall 0.00964992s, CPU 0.00965s)
Info    : 1459 edge swaps, 21 node relocations (volume = 235.581): worst = 0.129032 / average = 0.698347 (Wall 0.0120822s, CPU 0.012083s)
Info    : 1463 edge swaps, 21 node relocations (volume = 235.581): worst = 0.129032 / average = 0.698363 (Wall 0.0139584s, CPU 0.01396s)
Info    : No ill-shaped tets in the mesh :-)
Info    : 0.00 < quality < 0.10 :         0 elements
Info    : 0.10 < quality < 0.20 :         2 elements
Info    : 0.20 < quality < 0.30 :        33 elements
Info    : 0.30 < quality < 0.40 :      1041 elements
Info    : 0.40 < quality < 0.50 :      1611 elements
Info    : 0.50 < quality < 0.60 :      3601 elements
Info    : 0.60 < quality < 0.70 :      9764 elements
Info    : 0.70 < quality < 0.80 :     21118 elements
Info    : 0.80 < quality < 0.90 :      2279 elements
Info    : 0.90 < quality < 1.00 :      1573 elements
Info    : Optimizing volume 2
Info    : Optimization starts (volume = 0.256105) with worst = 0.112744 / average = 0.742619:
Info    : 0.00 < quality < 0.10 :         0 elements
Info    : 0.10 < quality < 0.20 :         3 elements
Info    : 0.20 < quality < 0.30 :         5 elements
Info    : 0.30 < quality < 0.40 :         7 elements
Info    : 0.40 < quality < 0.50 :        21 elements
Info    : 0.50 < quality < 0.60 :        19 elements
Info    : 0.60 < quality < 0.70 :        67 elements
Info    : 0.70 < quality < 0.80 :       177 elements
Info    : 0.80 < quality < 0.90 :       135 elements
Info    : 0.90 < quality < 1.00 :        34 elements
Info    : 7 edge swaps, 0 node relocations (volume = 0.256105): worst = 0.185157 / average = 0.750517 (Wall 9.8139e-05s, CPU 9.9e-05s)
Info    : No ill-shaped tets in the mesh :-)
Info    : 0.00 < quality < 0.10 :         0 elements
Info    : 0.10 < quality < 0.20 :         1 elements
Info    : 0.20 < quality < 0.30 :         0 elements
Info    : 0.30 < quality < 0.40 :         6 elements
Info    : 0.40 < quality < 0.50 :        23 elements
Info    : 0.50 < quality < 0.60 :        18 elements
Info    : 0.60 < quality < 0.70 :        68 elements
Info    : 0.70 < quality < 0.80 :       175 elements
Info    : 0.80 < quality < 0.90 :       138 elements
Info    : 0.90 < quality < 1.00 :        33 elements
Info    : Done optimizing mesh (Wall 0.033254s, CPU 0.033248s)
Info    : 13539 nodes 67900 elements
Info    : Meshing order 2 (curvilinear on)...
Info    : [  0%] Meshing curve 1 order 2
Info    : [ 10%] Meshing curve 2 order 2
Info    : [ 20%] Meshing curve 3 order 2
Info    : [ 20%] Meshing curve 4 order 2
Info    : [ 30%] Meshing curve 5 order 2
Info    : [ 30%] Meshing curve 6 order 2
Info    : [ 40%] Meshing curve 7 order 2
Info    : [ 40%] Meshing curve 8 order 2
Info    : [ 50%] Meshing curve 9 order 2
Info    : [ 50%] Meshing curve 10 order 2
Info    : [ 60%] Meshing curve 11 order 2
Info    : [ 60%] Meshing curve 12 order 2
Info    : [ 70%] Meshing surface 1 order 2
Info    : [ 70%] Meshing surface 2 order 2
Info    : [ 80%] Meshing surface 3 order 2
Info    : [ 80%] Meshing surface 4 order 2
Info    : [ 90%] Meshing surface 5 order 2
Info    : [ 90%] Meshing surface 6 order 2
Info    : [100%] Meshing volume 1 order 2
Info    : [100%] Meshing volume 2 order 2
Info    : Surface mesh: worst distortion = 0.797589 (0 elements in ]0, 0.2]); worst gamma = 0.171812
Info    : Volume mesh: worst distortion = 0.268176 (0 elements in ]0, 0.2])
Info    : Done meshing order 2 (Wall 11.9051s, CPU 11.9028s)
Info    : Writing '/home/user/mscr-mom/현서/scripts/contact_scenarios/fea/matv2_mesh_PST875_phiN90_b0_s92.inp'...
Info    : Done writing '/home/user/mscr-mom/현서/scripts/contact_scenarios/fea/matv2_mesh_PST875_phiN90_b0_s92.inp'
  [PST875_phiN90_b0] [실패] (624.8s)
[PST875_phiN90_b0 8/8] L_M=87.5, phi=-90.0, beta=0.0, s=97.5mm, push_depth=0.1mm ...
Info    : Meshing 1D...
Info    : [  0%] Meshing curve 1 (BSpline)
Info    : [ 10%] Meshing curve 2 (Ellipse)
Info    : [ 20%] Meshing curve 3 (Ellipse)
Info    : [ 30%] Meshing curve 4 (BSpline)
Info    : [ 40%] Meshing curve 5 (BSpline)
Info    : [ 50%] Meshing curve 6 (BSpline)
Info    : [ 60%] Meshing curve 7 (BSpline)
Info    : [ 60%] Meshing curve 8 (BSpline)
Info    : [ 70%] Meshing curve 9 (BSpline)
Info    : [ 90%] Meshing curve 11 (Circle)
Info    : Done meshing 1D (Wall 0.0183043s, CPU 0.018306s)
Info    : Meshing 2D...
Info    : [  0%] Meshing surface 1 (Plane, Frontal-Delaunay)
Info    : [ 20%] Meshing surface 2 (Plane, Frontal-Delaunay)
Info    : [ 40%] Meshing surface 3 (BSpline surface, Frontal-Delaunay)
Info    : [ 60%] Meshing surface 4 (BSpline surface, Frontal-Delaunay)
Info    : [ 70%] Meshing surface 5 (Plane, Frontal-Delaunay)
Info    : [ 90%] Meshing surface 6 (Sphere, Frontal-Delaunay)
Info    : Done meshing 2D (Wall 0.643166s, CPU 0.642816s)
Info    : Meshing 3D...
Info    : 3D Meshing 2 volumes with 2 connected components
Info    : Tetrahedrizing 12460 nodes...
Info    : Done tetrahedrizing 12468 nodes (Wall 0.130339s, CPU 0.126339s)
Info    : Reconstructing mesh...
Info    :  - Creating surface mesh
Info    :  - Identifying boundary edges
Info    :  - Recovering boundary
Info    : Done reconstructing mesh (Wall 0.295741s, CPU 0.283743s)
Info    : Found volume 1
Info    : It. 0 - 0 nodes created - worst tet radius 1.04123 (nodes removed 0 0)
Info    : 3D refinement terminated (13142 nodes total):
Info    :  - 0 Delaunay cavities modified for star shapeness
Info    :  - 0 nodes could not be inserted
Info    :  - 42300 tetrahedra created in 0.0155849 sec. (2714170 tets/s)
Info    : 0 node relocations
Info    : Tetrahedrizing 129 nodes...
Info    : Done tetrahedrizing 137 nodes (Wall 0.000635569s, CPU 0.000635s)
Info    : Reconstructing mesh...
Info    :  - Creating surface mesh
Info    :  - Identifying boundary edges
Info    :  - Recovering boundary
Info    : Done reconstructing mesh (Wall 0.00145269s, CPU 0.001456s)
Info    : Found volume 2
Info    : It. 0 - 0 nodes created - worst tet radius 3.15933 (nodes removed 0 0)
Info    : 3D refinement terminated (12667 nodes total):
Info    :  - 1 Delaunay cavities modified for star shapeness
Info    :  - 0 nodes could not be inserted
Info    :  - 468 tetrahedra created in 0.00192076 sec. (243653 tets/s)
Info    : 0 node relocations
Info    : Done meshing 3D (Wall 0.48702s, CPU 0.474968s)
Info    : Optimizing mesh...
Info    : Optimizing volume 1
Info    : Optimization starts (volume = 235.581) with worst = 0.0043538 / average = 0.679445:
Info    : 0.00 < quality < 0.10 :       173 elements
Info    : 0.10 < quality < 0.20 :       504 elements
Info    : 0.20 < quality < 0.30 :       784 elements
Info    : 0.30 < quality < 0.40 :      1101 elements
Info    : 0.40 < quality < 0.50 :      1897 elements
Info    : 0.50 < quality < 0.60 :      3599 elements
Info    : 0.60 < quality < 0.70 :      9197 elements
Info    : 0.70 < quality < 0.80 :     21347 elements
Info    : 0.80 < quality < 0.90 :      2136 elements
Info    : 0.90 < quality < 1.00 :      1562 elements
Info    : 1395 edge swaps, 21 node relocations (volume = 235.581): worst = 0.0221355 / average = 0.697699 (Wall 0.00963574s, CPU 0.009625s)
Info    : 1459 edge swaps, 21 node relocations (volume = 235.581): worst = 0.129032 / average = 0.698347 (Wall 0.0120485s, CPU 0.012039s)
Info    : 1463 edge swaps, 21 node relocations (volume = 235.581): worst = 0.129032 / average = 0.698363 (Wall 0.0140128s, CPU 0.014003s)
Info    : No ill-shaped tets in the mesh :-)
Info    : 0.00 < quality < 0.10 :         0 elements
Info    : 0.10 < quality < 0.20 :         2 elements
Info    : 0.20 < quality < 0.30 :        33 elements
Info    : 0.30 < quality < 0.40 :      1041 elements
Info    : 0.40 < quality < 0.50 :      1611 elements
Info    : 0.50 < quality < 0.60 :      3601 elements
Info    : 0.60 < quality < 0.70 :      9764 elements
Info    : 0.70 < quality < 0.80 :     21118 elements
Info    : 0.80 < quality < 0.90 :      2279 elements
Info    : 0.90 < quality < 1.00 :      1573 elements
Info    : Optimizing volume 2
Info    : Optimization starts (volume = 0.256105) with worst = 0.112744 / average = 0.742619:
Info    : 0.00 < quality < 0.10 :         0 elements
Info    : 0.10 < quality < 0.20 :         3 elements
Info    : 0.20 < quality < 0.30 :         5 elements
Info    : 0.30 < quality < 0.40 :         7 elements
Info    : 0.40 < quality < 0.50 :        21 elements
Info    : 0.50 < quality < 0.60 :        19 elements
Info    : 0.60 < quality < 0.70 :        67 elements
Info    : 0.70 < quality < 0.80 :       177 elements
Info    : 0.80 < quality < 0.90 :       135 elements
Info    : 0.90 < quality < 1.00 :        34 elements
Info    : 7 edge swaps, 0 node relocations (volume = 0.256105): worst = 0.185157 / average = 0.750517 (Wall 0.000101395s, CPU 0.000102s)
Info    : No ill-shaped tets in the mesh :-)
Info    : 0.00 < quality < 0.10 :         0 elements
Info    : 0.10 < quality < 0.20 :         1 elements
Info    : 0.20 < quality < 0.30 :         0 elements
Info    : 0.30 < quality < 0.40 :         6 elements
Info    : 0.40 < quality < 0.50 :        23 elements
Info    : 0.50 < quality < 0.60 :        18 elements
Info    : 0.60 < quality < 0.70 :        68 elements
Info    : 0.70 < quality < 0.80 :       175 elements
Info    : 0.80 < quality < 0.90 :       138 elements
Info    : 0.90 < quality < 1.00 :        33 elements
Info    : Done optimizing mesh (Wall 0.0340766s, CPU 0.034051s)
Info    : 13539 nodes 67900 elements
Info    : Meshing order 2 (curvilinear on)...
Info    : [  0%] Meshing curve 1 order 2
Info    : [ 10%] Meshing curve 2 order 2
Info    : [ 20%] Meshing curve 3 order 2
Info    : [ 20%] Meshing curve 4 order 2
Info    : [ 30%] Meshing curve 5 order 2
Info    : [ 30%] Meshing curve 6 order 2
Info    : [ 40%] Meshing curve 7 order 2
Info    : [ 40%] Meshing curve 8 order 2
Info    : [ 50%] Meshing curve 9 order 2
Info    : [ 50%] Meshing curve 10 order 2
Info    : [ 60%] Meshing curve 11 order 2
Info    : [ 60%] Meshing curve 12 order 2
Info    : [ 70%] Meshing surface 1 order 2
Info    : [ 70%] Meshing surface 2 order 2
Info    : [ 80%] Meshing surface 3 order 2
Info    : [ 80%] Meshing surface 4 order 2
Info    : [ 90%] Meshing surface 5 order 2
Info    : [ 90%] Meshing surface 6 order 2
Info    : [100%] Meshing volume 1 order 2
Info    : [100%] Meshing volume 2 order 2
Info    : Surface mesh: worst distortion = 0.797589 (0 elements in ]0, 0.2]); worst gamma = 0.171812
Info    : Volume mesh: worst distortion = 0.268176 (0 elements in ]0, 0.2])
Info    : Done meshing order 2 (Wall 12.4879s, CPU 12.4821s)
Info    : Writing '/home/user/mscr-mom/현서/scripts/contact_scenarios/fea/matv2_mesh_PST875_phiN90_b0_s98.inp'...
Info    : Done writing '/home/user/mscr-mom/현서/scripts/contact_scenarios/fea/matv2_mesh_PST875_phiN90_b0_s98.inp'
  [PST875_phiN90_b0] [실패] (1219.3s)
[PST875_phiN90_b0] 완료: 0/8 성공
