Info    : Meshing 1D...
Info    : [  0%] Meshing curve 1 (BSpline)
Info    : [ 10%] Meshing curve 2 (Ellipse)
Info    : [ 20%] Meshing curve 3 (Ellipse)
Info    : [ 30%] Meshing curve 4 (BSpline)
Info    : [ 40%] Meshing curve 5 (BSpline)
Info    : [ 50%] Meshing curve 6 (BSpline)
Info    : [ 60%] Meshing curve 7 (BSpline)
Info    : [ 60%] Meshing curve 8 (BSpline)
Info    : [ 70%] Meshing curve 9 (BSpline)
Info    : [ 90%] Meshing curve 11 (Circle)
Info    : Done meshing 1D (Wall 0.00836174s, CPU 0.008285s)
Info    : Meshing 2D...
Info    : [  0%] Meshing surface 1 (Plane, Frontal-Delaunay)
Info    : [ 20%] Meshing surface 2 (Plane, Frontal-Delaunay)
Info    : [ 40%] Meshing surface 3 (BSpline surface, Frontal-Delaunay)
Info    : [ 60%] Meshing surface 4 (BSpline surface, Frontal-Delaunay)
Info    : [ 70%] Meshing surface 5 (Plane, Frontal-Delaunay)
Info    : [ 90%] Meshing surface 6 (Sphere, Frontal-Delaunay)
Info    : Done meshing 2D (Wall 0.722032s, CPU 0.71476s)
Info    : Meshing 3D...
Info    : 3D Meshing 2 volumes with 2 connected components
Info    : Tetrahedrizing 12639 nodes...
Info    : Done tetrahedrizing 12647 nodes (Wall 0.151898s, CPU 0.142651s)
Info    : Reconstructing mesh...
Info    :  - Creating surface mesh
Info    :  - Identifying boundary edges
Info    :  - Recovering boundary
Info    : Done reconstructing mesh (Wall 0.398231s, CPU 0.365057s)
Info    : Found volume 1
Info    : It. 0 - 0 nodes created - worst tet radius 1.04678 (nodes removed 0 0)
Info    : It. 500 - 500 nodes created - worst tet radius 1.00401 (nodes removed 0 0)
Info    : 3D refinement terminated (13534 nodes total):
Info    :  - 0 Delaunay cavities modified for star shapeness
Info    :  - 0 nodes could not be inserted
Info    :  - 43942 tetrahedra created in 0.0413734 sec. (1062082 tets/s)
Info    : 0 node relocations
Info    : Tetrahedrizing 132 nodes...
Info    : Done tetrahedrizing 140 nodes (Wall 0.000729098s, CPU 0.00073s)
Info    : Reconstructing mesh...
Info    :  - Creating surface mesh
Info    :  - Identifying boundary edges
Info    :  - Recovering boundary
Info    : Done reconstructing mesh (Wall 0.00194761s, CPU 0.001886s)
Info    : Found volume 2
Info    : It. 0 - 0 nodes created - worst tet radius 3.01613 (nodes removed 0 0)
Info    : 3D refinement terminated (12854 nodes total):
Info    :  - 1 Delaunay cavities modified for star shapeness
Info    :  - 0 nodes could not be inserted
Info    :  - 511 tetrahedra created in 0.00291887 sec. (175067 tets/s)
Info    : 0 node relocations
Info    : Done meshing 3D (Wall 0.729158s, CPU 0.694782s)
Info    : Optimizing mesh...
Info    : Optimizing volume 1
Info    : Optimization starts (volume = 235.661) with worst = 0.000757904 / average = 0.684955:
Info    : 0.00 < quality < 0.10 :       269 elements
Info    : 0.10 < quality < 0.20 :       305 elements
Info    : 0.20 < quality < 0.30 :       664 elements
Info    : 0.30 < quality < 0.40 :       866 elements
Info    : 0.40 < quality < 0.50 :      1433 elements
Info    : 0.50 < quality < 0.60 :      4074 elements
Info    : 0.60 < quality < 0.70 :     12761 elements
Info    : 0.70 < quality < 0.80 :     18307 elements
Info    : 0.80 < quality < 0.90 :      2896 elements
Info    : 0.90 < quality < 1.00 :      2367 elements
Info    : 1187 edge swaps, 13 node relocations (volume = 235.661): worst = 0.0639213 / average = 0.700709 (Wall 0.0141106s, CPU 0.014111s)
Info    : 1226 edge swaps, 13 node relocations (volume = 235.661): worst = 0.138354 / average = 0.701089 (Wall 0.0167765s, CPU 0.016766s)
Info    : 1228 edge swaps, 13 node relocations (volume = 235.661): worst = 0.138354 / average = 0.701104 (Wall 0.0188131s, CPU 0.018798s)
Info    : No ill-shaped tets in the mesh :-)
Info    : 0.00 < quality < 0.10 :         0 elements
Info    : 0.10 < quality < 0.20 :         2 elements
Info    : 0.20 < quality < 0.30 :         7 elements
Info    : 0.30 < quality < 0.40 :       717 elements
Info    : 0.40 < quality < 0.50 :      1213 elements
Info    : 0.50 < quality < 0.60 :      4244 elements
Info    : 0.60 < quality < 0.70 :     13124 elements
Info    : 0.70 < quality < 0.80 :     17995 elements
Info    : 0.80 < quality < 0.90 :      3136 elements
Info    : 0.90 < quality < 1.00 :      2371 elements
Info    : Optimizing volume 2
Info    : Optimization starts (volume = 0.256468) with worst = 0.0697027 / average = 0.752922:
Info    : 0.00 < quality < 0.10 :         2 elements
Info    : 0.10 < quality < 0.20 :         3 elements
Info    : 0.20 < quality < 0.30 :         4 elements
Info    : 0.30 < quality < 0.40 :         9 elements
Info    : 0.40 < quality < 0.50 :        16 elements
Info    : 0.50 < quality < 0.60 :        19 elements
Info    : 0.60 < quality < 0.70 :        68 elements
Info    : 0.70 < quality < 0.80 :       182 elements
Info    : 0.80 < quality < 0.90 :       160 elements
Info    : 0.90 < quality < 1.00 :        48 elements
Info    : 9 edge swaps, 0 node relocations (volume = 0.256468): worst = 0.303906 / average = 0.763683 (Wall 0.000107693s, CPU 0.000108s)
Info    : No ill-shaped tets in the mesh :-)
Info    : 0.00 < quality < 0.10 :         0 elements
Info    : 0.10 < quality < 0.20 :         0 elements
Info    : 0.20 < quality < 0.30 :         0 elements
Info    : 0.30 < quality < 0.40 :        10 elements
Info    : 0.40 < quality < 0.50 :        16 elements
Info    : 0.50 < quality < 0.60 :        17 elements
Info    : 0.60 < quality < 0.70 :        70 elements
Info    : 0.70 < quality < 0.80 :       179 elements
Info    : 0.80 < quality < 0.90 :       162 elements
Info    : 0.90 < quality < 1.00 :        49 elements
Info    : Done optimizing mesh (Wall 0.0424366s, CPU 0.042418s)
Info    : 13936 nodes 70080 elements
Info    : Meshing order 2 (curvilinear on)...
Info    : [  0%] Meshing curve 1 order 2
Info    : [ 10%] Meshing curve 2 order 2
Info    : [ 20%] Meshing curve 3 order 2
Info    : [ 20%] Meshing curve 4 order 2
Info    : [ 30%] Meshing curve 5 order 2
Info    : [ 30%] Meshing curve 6 order 2
Info    : [ 40%] Meshing curve 7 order 2
Info    : [ 40%] Meshing curve 8 order 2
Info    : [ 50%] Meshing curve 9 order 2
Info    : [ 50%] Meshing curve 10 order 2
Info    : [ 60%] Meshing curve 11 order 2
Info    : [ 60%] Meshing curve 12 order 2
Info    : [ 70%] Meshing surface 1 order 2
Info    : [ 70%] Meshing surface 2 order 2
Info    : [ 80%] Meshing surface 3 order 2
Info    : [ 80%] Meshing surface 4 order 2
Info    : [ 90%] Meshing surface 5 order 2
Info    : [ 90%] Meshing surface 6 order 2
Info    : [100%] Meshing volume 1 order 2
Info    : [100%] Meshing volume 2 order 2
Info    : Surface mesh: worst distortion = 0.797589 (0 elements in ]0, 0.2]); worst gamma = 0.499267
Info    : Volume mesh: worst distortion = 0.259758 (0 elements in ]0, 0.2])
Info    : Done meshing order 2 (Wall 5.7242s, CPU 5.72015s)
Info    : Writing '/home/user/mscr-mom/현서/scripts/contact_scenarios/fea/geom_mesh_LM100_phiN120_s25.inp'...
Info    : Done writing '/home/user/mscr-mom/현서/scripts/contact_scenarios/fea/geom_mesh_LM100_phiN120_s25.inp'
[LM100_phiN120 1/9] L_M=100.0, phi=-120.0, s=25.0mm, push_depth=0.05mm ...
  [LM100_phiN120] F_mag=0.0068mN  (291.9s)
[LM100_phiN120 2/9] L_M=100.0, phi=-120.0, s=25.0mm, push_depth=0.1mm ...
  [LM100_phiN120] F_mag=0.0167mN  (260.3s)
[LM100_phiN120 3/9] L_M=100.0, phi=-120.0, s=25.0mm, push_depth=0.15mm ...
  [LM100_phiN120] [실패] (247.1s)
Info    : Meshing 1D...
Info    : [  0%] Meshing curve 1 (BSpline)
Info    : [ 10%] Meshing curve 2 (Ellipse)
Info    : [ 20%] Meshing curve 3 (Ellipse)
Info    : [ 30%] Meshing curve 4 (BSpline)
Info    : [ 40%] Meshing curve 5 (BSpline)
Info    : [ 50%] Meshing curve 6 (BSpline)
Info    : [ 60%] Meshing curve 7 (BSpline)
Info    : [ 60%] Meshing curve 8 (BSpline)
Info    : [ 70%] Meshing curve 9 (BSpline)
Info    : [ 90%] Meshing curve 11 (Circle)
Info    : Done meshing 1D (Wall 0.0080929s, CPU 0.008088s)
Info    : Meshing 2D...
Info    : [  0%] Meshing surface 1 (Plane, Frontal-Delaunay)
Info    : [ 20%] Meshing surface 2 (Plane, Frontal-Delaunay)
Info    : [ 40%] Meshing surface 3 (BSpline surface, Frontal-Delaunay)
Info    : [ 60%] Meshing surface 4 (BSpline surface, Frontal-Delaunay)
Info    : [ 70%] Meshing surface 5 (Plane, Frontal-Delaunay)
Info    : [ 90%] Meshing surface 6 (Sphere, Frontal-Delaunay)
Info    : Done meshing 2D (Wall 0.712452s, CPU 0.71238s)
Info    : Meshing 3D...
Info    : 3D Meshing 2 volumes with 2 connected components
Info    : Tetrahedrizing 12639 nodes...
Info    : Done tetrahedrizing 12647 nodes (Wall 0.141811s, CPU 0.133811s)
Info    : Reconstructing mesh...
Info    :  - Creating surface mesh
Info    :  - Identifying boundary edges
Info    :  - Recovering boundary
Info    : Done reconstructing mesh (Wall 0.403601s, CPU 0.385516s)
Info    : Found volume 1
Info    : It. 0 - 0 nodes created - worst tet radius 1.04678 (nodes removed 0 0)
Info    : It. 500 - 500 nodes created - worst tet radius 1.00401 (nodes removed 0 0)
Info    : 3D refinement terminated (13534 nodes total):
Info    :  - 0 Delaunay cavities modified for star shapeness
Info    :  - 0 nodes could not be inserted
Info    :  - 43942 tetrahedra created in 0.0347383 sec. (1264945 tets/s)
Info    : 0 node relocations
Info    : Tetrahedrizing 132 nodes...
Info    : Done tetrahedrizing 140 nodes (Wall 0.000731945s, CPU 0.000733s)
Info    : Reconstructing mesh...
Info    :  - Creating surface mesh
Info    :  - Identifying boundary edges
Info    :  - Recovering boundary
Info    : Done reconstructing mesh (Wall 0.00186081s, CPU 0.001857s)
Info    : Found volume 2
Info    : It. 0 - 0 nodes created - worst tet radius 3.01613 (nodes removed 0 0)
Info    : 3D refinement terminated (12854 nodes total):
Info    :  - 1 Delaunay cavities modified for star shapeness
Info    :  - 0 nodes could not be inserted
Info    :  - 511 tetrahedra created in 0.00594557 sec. (85946 tets/s)
Info    : 0 node relocations
Info    : Done meshing 3D (Wall 0.691294s, CPU 0.672212s)
Info    : Optimizing mesh...
Info    : Optimizing volume 1
Info    : Optimization starts (volume = 235.661) with worst = 0.000757904 / average = 0.684955:
Info    : 0.00 < quality < 0.10 :       269 elements
Info    : 0.10 < quality < 0.20 :       305 elements
Info    : 0.20 < quality < 0.30 :       664 elements
Info    : 0.30 < quality < 0.40 :       866 elements
Info    : 0.40 < quality < 0.50 :      1433 elements
Info    : 0.50 < quality < 0.60 :      4074 elements
Info    : 0.60 < quality < 0.70 :     12761 elements
Info    : 0.70 < quality < 0.80 :     18307 elements
Info    : 0.80 < quality < 0.90 :      2896 elements
Info    : 0.90 < quality < 1.00 :      2367 elements
Info    : 1187 edge swaps, 13 node relocations (volume = 235.661): worst = 0.0639213 / average = 0.700709 (Wall 0.0148602s, CPU 0.01486s)
Info    : 1226 edge swaps, 13 node relocations (volume = 235.661): worst = 0.138354 / average = 0.701089 (Wall 0.017918s, CPU 0.017919s)
Info    : 1228 edge swaps, 13 node relocations (volume = 235.661): worst = 0.138354 / average = 0.701104 (Wall 0.0207032s, CPU 0.020704s)
Info    : No ill-shaped tets in the mesh :-)
Info    : 0.00 < quality < 0.10 :         0 elements
Info    : 0.10 < quality < 0.20 :         2 elements
Info    : 0.20 < quality < 0.30 :         7 elements
Info    : 0.30 < quality < 0.40 :       717 elements
Info    : 0.40 < quality < 0.50 :      1213 elements
Info    : 0.50 < quality < 0.60 :      4244 elements
Info    : 0.60 < quality < 0.70 :     13124 elements
Info    : 0.70 < quality < 0.80 :     17995 elements
Info    : 0.80 < quality < 0.90 :      3136 elements
Info    : 0.90 < quality < 1.00 :      2371 elements
Info    : Optimizing volume 2
Info    : Optimization starts (volume = 0.256468) with worst = 0.0697027 / average = 0.752922:
Info    : 0.00 < quality < 0.10 :         2 elements
Info    : 0.10 < quality < 0.20 :         3 elements
Info    : 0.20 < quality < 0.30 :         4 elements
Info    : 0.30 < quality < 0.40 :         9 elements
Info    : 0.40 < quality < 0.50 :        16 elements
Info    : 0.50 < quality < 0.60 :        19 elements
Info    : 0.60 < quality < 0.70 :        68 elements
Info    : 0.70 < quality < 0.80 :       182 elements
Info    : 0.80 < quality < 0.90 :       160 elements
Info    : 0.90 < quality < 1.00 :        48 elements
Info    : 9 edge swaps, 0 node relocations (volume = 0.256468): worst = 0.303906 / average = 0.763683 (Wall 0.000120123s, CPU 0.000122s)
Info    : No ill-shaped tets in the mesh :-)
Info    : 0.00 < quality < 0.10 :         0 elements
Info    : 0.10 < quality < 0.20 :         0 elements
Info    : 0.20 < quality < 0.30 :         0 elements
Info    : 0.30 < quality < 0.40 :        10 elements
Info    : 0.40 < quality < 0.50 :        16 elements
Info    : 0.50 < quality < 0.60 :        17 elements
Info    : 0.60 < quality < 0.70 :        70 elements
Info    : 0.70 < quality < 0.80 :       179 elements
Info    : 0.80 < quality < 0.90 :       162 elements
Info    : 0.90 < quality < 1.00 :        49 elements
Info    : Done optimizing mesh (Wall 0.0483981s, CPU 0.048398s)
Info    : 13936 nodes 70080 elements
Info    : Meshing order 2 (curvilinear on)...
Info    : [  0%] Meshing curve 1 order 2
Info    : [ 10%] Meshing curve 2 order 2
Info    : [ 20%] Meshing curve 3 order 2
Info    : [ 20%] Meshing curve 4 order 2
Info    : [ 30%] Meshing curve 5 order 2
Info    : [ 30%] Meshing curve 6 order 2
Info    : [ 40%] Meshing curve 7 order 2
Info    : [ 40%] Meshing curve 8 order 2
Info    : [ 50%] Meshing curve 9 order 2
Info    : [ 50%] Meshing curve 10 order 2
Info    : [ 60%] Meshing curve 11 order 2
Info    : [ 60%] Meshing curve 12 order 2
Info    : [ 70%] Meshing surface 1 order 2
Info    : [ 70%] Meshing surface 2 order 2
Info    : [ 80%] Meshing surface 3 order 2
Info    : [ 80%] Meshing surface 4 order 2
Info    : [ 90%] Meshing surface 5 order 2
Info    : [ 90%] Meshing surface 6 order 2
Info    : [100%] Meshing volume 1 order 2
Info    : [100%] Meshing volume 2 order 2
Info    : Surface mesh: worst distortion = 0.797589 (0 elements in ]0, 0.2]); worst gamma = 0.499267
Info    : Volume mesh: worst distortion = 0.259758 (0 elements in ]0, 0.2])
Info    : Done meshing order 2 (Wall 5.71373s, CPU 5.70688s)
Info    : Writing '/home/user/mscr-mom/현서/scripts/contact_scenarios/fea/geom_mesh_LM100_phiN120_s50.inp'...
Info    : Done writing '/home/user/mscr-mom/현서/scripts/contact_scenarios/fea/geom_mesh_LM100_phiN120_s50.inp'
[LM100_phiN120 4/9] L_M=100.0, phi=-120.0, s=50.0mm, push_depth=0.05mm ...
  [LM100_phiN120] F_mag=0.0007mN  (444.6s)
[LM100_phiN120 5/9] L_M=100.0, phi=-120.0, s=50.0mm, push_depth=0.1mm ...
  [LM100_phiN120] F_mag=0.0019mN  (606.6s)
[LM100_phiN120 6/9] L_M=100.0, phi=-120.0, s=50.0mm, push_depth=0.15mm ...
  [LM100_phiN120] [실패] (719.2s)
Info    : Meshing 1D...
Info    : [  0%] Meshing curve 1 (BSpline)
Info    : [ 10%] Meshing curve 2 (Ellipse)
Info    : [ 20%] Meshing curve 3 (Ellipse)
Info    : [ 30%] Meshing curve 4 (BSpline)
Info    : [ 40%] Meshing curve 5 (BSpline)
Info    : [ 50%] Meshing curve 6 (BSpline)
Info    : [ 60%] Meshing curve 7 (BSpline)
Info    : [ 60%] Meshing curve 8 (BSpline)
Info    : [ 70%] Meshing curve 9 (BSpline)
Info    : [ 90%] Meshing curve 11 (Circle)
Info    : Done meshing 1D (Wall 0.00821403s, CPU 0.008198s)
Info    : Meshing 2D...
Info    : [  0%] Meshing surface 1 (Plane, Frontal-Delaunay)
Info    : [ 20%] Meshing surface 2 (Plane, Frontal-Delaunay)
Info    : [ 40%] Meshing surface 3 (BSpline surface, Frontal-Delaunay)
Info    : [ 60%] Meshing surface 4 (BSpline surface, Frontal-Delaunay)
Info    : [ 70%] Meshing surface 5 (Plane, Frontal-Delaunay)
Info    : [ 90%] Meshing surface 6 (Sphere, Frontal-Delaunay)
Info    : Done meshing 2D (Wall 0.690744s, CPU 0.690524s)
Info    : Meshing 3D...
Info    : 3D Meshing 2 volumes with 2 connected components
Info    : Tetrahedrizing 12639 nodes...
Info    : Done tetrahedrizing 12647 nodes (Wall 0.143193s, CPU 0.137656s)
Info    : Reconstructing mesh...
Info    :  - Creating surface mesh
Info    :  - Identifying boundary edges
Info    :  - Recovering boundary
Info    : Done reconstructing mesh (Wall 0.413243s, CPU 0.391624s)
Info    : Found volume 1
Info    : It. 0 - 0 nodes created - worst tet radius 1.04678 (nodes removed 0 0)
Info    : It. 500 - 500 nodes created - worst tet radius 1.00401 (nodes removed 0 0)
Info    : 3D refinement terminated (13534 nodes total):
Info    :  - 0 Delaunay cavities modified for star shapeness
Info    :  - 0 nodes could not be inserted
Info    :  - 43942 tetrahedra created in 0.0377056 sec. (1165395 tets/s)
Info    : 0 node relocations
Info    : Tetrahedrizing 132 nodes...
Info    : Done tetrahedrizing 140 nodes (Wall 0.000820466s, CPU 0.000821s)
Info    : Reconstructing mesh...
Info    :  - Creating surface mesh
Info    :  - Identifying boundary edges
Info    :  - Recovering boundary
Info    : Done reconstructing mesh (Wall 0.0020672s, CPU 0.002055s)
Info    : Found volume 2
Info    : It. 0 - 0 nodes created - worst tet radius 3.01613 (nodes removed 0 0)
Info    : 3D refinement terminated (12854 nodes total):
Info    :  - 1 Delaunay cavities modified for star shapeness
Info    :  - 0 nodes could not be inserted
Info    :  - 511 tetrahedra created in 0.00603301 sec. (84700 tets/s)
Info    : 0 node relocations
Info    : Done meshing 3D (Wall 0.769926s, CPU 0.746524s)
Info    : Optimizing mesh...
Info    : Optimizing volume 1
Info    : Optimization starts (volume = 235.661) with worst = 0.000757904 / average = 0.684955:
Info    : 0.00 < quality < 0.10 :       269 elements
Info    : 0.10 < quality < 0.20 :       305 elements
Info    : 0.20 < quality < 0.30 :       664 elements
Info    : 0.30 < quality < 0.40 :       866 elements
Info    : 0.40 < quality < 0.50 :      1433 elements
Info    : 0.50 < quality < 0.60 :      4074 elements
Info    : 0.60 < quality < 0.70 :     12761 elements
Info    : 0.70 < quality < 0.80 :     18307 elements
Info    : 0.80 < quality < 0.90 :      2896 elements
Info    : 0.90 < quality < 1.00 :      2367 elements
Info    : 1187 edge swaps, 13 node relocations (volume = 235.661): worst = 0.0639213 / average = 0.700709 (Wall 0.0148936s, CPU 0.014893s)
Info    : 1226 edge swaps, 13 node relocations (volume = 235.661): worst = 0.138354 / average = 0.701089 (Wall 0.0179432s, CPU 0.017944s)
Info    : 1228 edge swaps, 13 node relocations (volume = 235.661): worst = 0.138354 / average = 0.701104 (Wall 0.0207571s, CPU 0.020757s)
Info    : No ill-shaped tets in the mesh :-)
Info    : 0.00 < quality < 0.10 :         0 elements
Info    : 0.10 < quality < 0.20 :         2 elements
Info    : 0.20 < quality < 0.30 :         7 elements
Info    : 0.30 < quality < 0.40 :       717 elements
Info    : 0.40 < quality < 0.50 :      1213 elements
Info    : 0.50 < quality < 0.60 :      4244 elements
Info    : 0.60 < quality < 0.70 :     13124 elements
Info    : 0.70 < quality < 0.80 :     17995 elements
Info    : 0.80 < quality < 0.90 :      3136 elements
Info    : 0.90 < quality < 1.00 :      2371 elements
Info    : Optimizing volume 2
Info    : Optimization starts (volume = 0.256468) with worst = 0.0697027 / average = 0.752922:
Info    : 0.00 < quality < 0.10 :         2 elements
Info    : 0.10 < quality < 0.20 :         3 elements
Info    : 0.20 < quality < 0.30 :         4 elements
Info    : 0.30 < quality < 0.40 :         9 elements
Info    : 0.40 < quality < 0.50 :        16 elements
Info    : 0.50 < quality < 0.60 :        19 elements
Info    : 0.60 < quality < 0.70 :        68 elements
Info    : 0.70 < quality < 0.80 :       182 elements
Info    : 0.80 < quality < 0.90 :       160 elements
Info    : 0.90 < quality < 1.00 :        48 elements
Info    : 9 edge swaps, 0 node relocations (volume = 0.256468): worst = 0.303906 / average = 0.763683 (Wall 0.000110537s, CPU 0.000111s)
Info    : No ill-shaped tets in the mesh :-)
Info    : 0.00 < quality < 0.10 :         0 elements
Info    : 0.10 < quality < 0.20 :         0 elements
Info    : 0.20 < quality < 0.30 :         0 elements
Info    : 0.30 < quality < 0.40 :        10 elements
Info    : 0.40 < quality < 0.50 :        16 elements
Info    : 0.50 < quality < 0.60 :        17 elements
Info    : 0.60 < quality < 0.70 :        70 elements
Info    : 0.70 < quality < 0.80 :       179 elements
Info    : 0.80 < quality < 0.90 :       162 elements
Info    : 0.90 < quality < 1.00 :        49 elements
Info    : Done optimizing mesh (Wall 0.0498847s, CPU 0.049885s)
Info    : 13936 nodes 70080 elements
Info    : Meshing order 2 (curvilinear on)...
Info    : [  0%] Meshing curve 1 order 2
Info    : [ 10%] Meshing curve 2 order 2
Info    : [ 20%] Meshing curve 3 order 2
Info    : [ 20%] Meshing curve 4 order 2
Info    : [ 30%] Meshing curve 5 order 2
Info    : [ 30%] Meshing curve 6 order 2
Info    : [ 40%] Meshing curve 7 order 2
Info    : [ 40%] Meshing curve 8 order 2
Info    : [ 50%] Meshing curve 9 order 2
Info    : [ 50%] Meshing curve 10 order 2
Info    : [ 60%] Meshing curve 11 order 2
Info    : [ 60%] Meshing curve 12 order 2
Info    : [ 70%] Meshing surface 1 order 2
Info    : [ 70%] Meshing surface 2 order 2
Info    : [ 80%] Meshing surface 3 order 2
Info    : [ 80%] Meshing surface 4 order 2
Info    : [ 90%] Meshing surface 5 order 2
Info    : [ 90%] Meshing surface 6 order 2
Info    : [100%] Meshing volume 1 order 2
Info    : [100%] Meshing volume 2 order 2
Info    : Surface mesh: worst distortion = 0.797589 (0 elements in ]0, 0.2]); worst gamma = 0.499267
Info    : Volume mesh: worst distortion = 0.259758 (0 elements in ]0, 0.2])
Info    : Done meshing order 2 (Wall 5.92926s, CPU 5.92183s)
Info    : Writing '/home/user/mscr-mom/현서/scripts/contact_scenarios/fea/geom_mesh_LM100_phiN120_s75.inp'...
Info    : Done writing '/home/user/mscr-mom/현서/scripts/contact_scenarios/fea/geom_mesh_LM100_phiN120_s75.inp'
[LM100_phiN120 7/9] L_M=100.0, phi=-120.0, s=75.0mm, push_depth=0.05mm ...
  [LM100_phiN120] F_mag=0.0002mN  (233.9s)
[LM100_phiN120 8/9] L_M=100.0, phi=-120.0, s=75.0mm, push_depth=0.1mm ...
  [LM100_phiN120] [실패] (399.2s)
[LM100_phiN120 9/9] L_M=100.0, phi=-120.0, s=75.0mm, push_depth=0.15mm ...
  [LM100_phiN120] F_mag=0.0009mN  (603.4s)
[LM100_phiN120] 완료: 6/9 성공
