[PST0_phiN120_b0 1/8] L_M=0.0, phi=-120.0, beta=0.0, s=62.5mm, push_depth=0.1mm ...
Info    : Meshing 1D...
Info    : [  0%] Meshing curve 1 (BSpline)
Info    : [ 10%] Meshing curve 2 (Ellipse)
Info    : [ 20%] Meshing curve 3 (Ellipse)
Info    : [ 30%] Meshing curve 4 (BSpline)
Info    : [ 40%] Meshing curve 5 (BSpline)
Info    : [ 50%] Meshing curve 6 (BSpline)
Info    : [ 60%] Meshing curve 7 (BSpline)
Info    : [ 60%] Meshing curve 8 (BSpline)
Info    : [ 70%] Meshing curve 9 (BSpline)
Info    : [ 90%] Meshing curve 11 (Circle)
Info    : Done meshing 1D (Wall 0.0136666s, CPU 0.013414s)
Info    : Meshing 2D...
Info    : [  0%] Meshing surface 1 (Plane, Frontal-Delaunay)
Info    : [ 20%] Meshing surface 2 (Plane, Frontal-Delaunay)
Info    : [ 40%] Meshing surface 3 (BSpline surface, Frontal-Delaunay)
Info    : [ 60%] Meshing surface 4 (BSpline surface, Frontal-Delaunay)
Info    : [ 70%] Meshing surface 5 (Plane, Frontal-Delaunay)
Info    : [ 90%] Meshing surface 6 (Sphere, Frontal-Delaunay)
Info    : Done meshing 2D (Wall 0.735762s, CPU 0.726778s)
Info    : Meshing 3D...
Info    : 3D Meshing 2 volumes with 2 connected components
Info    : Tetrahedrizing 12436 nodes...
Info    : Done tetrahedrizing 12444 nodes (Wall 0.134022s, CPU 0.122479s)
Info    : Reconstructing mesh...
Info    :  - Creating surface mesh
Info    :  - Identifying boundary edges
Info    :  - Recovering boundary
Info    : Done reconstructing mesh (Wall 0.382191s, CPU 0.349019s)
Info    : Found volume 1
Info    : It. 0 - 0 nodes created - worst tet radius 1.06383 (nodes removed 0 0)
Info    : It. 500 - 500 nodes created - worst tet radius 1.00061 (nodes removed 0 0)
Info    : 3D refinement terminated (13156 nodes total):
Info    :  - 0 Delaunay cavities modified for star shapeness
Info    :  - 0 nodes could not be inserted
Info    :  - 42156 tetrahedra created in 0.0347187 sec. (1214214 tets/s)
Info    : 0 node relocations
Info    : Tetrahedrizing 132 nodes...
Info    : Done tetrahedrizing 140 nodes (Wall 0.000804913s, CPU 0.000806s)
Info    : Reconstructing mesh...
Info    :  - Creating surface mesh
Info    :  - Identifying boundary edges
Info    :  - Recovering boundary
Info    : Done reconstructing mesh (Wall 0.00221355s, CPU 0.002218s)
Info    : Found volume 2
Info    : It. 0 - 0 nodes created - worst tet radius 3.0935 (nodes removed 0 0)
Info    : 3D refinement terminated (12646 nodes total):
Info    :  - 0 Delaunay cavities modified for star shapeness
Info    :  - 0 nodes could not be inserted
Info    :  - 470 tetrahedra created in 0.00501993 sec. (93626 tets/s)
Info    : 0 node relocations
Info    : Done meshing 3D (Wall 0.734542s, CPU 0.699552s)
Info    : Optimizing mesh...
Info    : Optimizing volume 1
Info    : Optimization starts (volume = 235.593) with worst = 0.00548009 / average = 0.685809:
Info    : 0.00 < quality < 0.10 :       178 elements
Info    : 0.10 < quality < 0.20 :       424 elements
Info    : 0.20 < quality < 0.30 :       626 elements
Info    : 0.30 < quality < 0.40 :       861 elements
Info    : 0.40 < quality < 0.50 :      1292 elements
Info    : 0.50 < quality < 0.60 :      3739 elements
Info    : 0.60 < quality < 0.70 :     10889 elements
Info    : 0.70 < quality < 0.80 :     20103 elements
Info    : 0.80 < quality < 0.90 :      2261 elements
Info    : 0.90 < quality < 1.00 :      1783 elements
Info    : 1180 edge swaps, 27 node relocations (volume = 235.593): worst = 0.1252 / average = 0.702291 (Wall 0.0186262s, CPU 0.018583s)
Info    : 1229 edge swaps, 28 node relocations (volume = 235.593): worst = 0.127451 / average = 0.702784 (Wall 0.023559s, CPU 0.023516s)
Info    : 1231 edge swaps, 28 node relocations (volume = 235.593): worst = 0.135547 / average = 0.702801 (Wall 0.0270572s, CPU 0.027014s)
Info    : 1234 edge swaps, 28 node relocations (volume = 235.593): worst = 0.135547 / average = 0.702833 (Wall 0.0305629s, CPU 0.03052s)
Info    : No ill-shaped tets in the mesh :-)
Info    : 0.00 < quality < 0.10 :         0 elements
Info    : 0.10 < quality < 0.20 :         2 elements
Info    : 0.20 < quality < 0.30 :        17 elements
Info    : 0.30 < quality < 0.40 :       732 elements
Info    : 0.40 < quality < 0.50 :      1075 elements
Info    : 0.50 < quality < 0.60 :      3689 elements
Info    : 0.60 < quality < 0.70 :     11422 elements
Info    : 0.70 < quality < 0.80 :     19867 elements
Info    : 0.80 < quality < 0.90 :      2444 elements
Info    : 0.90 < quality < 1.00 :      1782 elements
Info    : Optimizing volume 2
Info    : Optimization starts (volume = 0.256564) with worst = 0.121727 / average = 0.746509:
Info    : 0.00 < quality < 0.10 :         0 elements
Info    : 0.10 < quality < 0.20 :         2 elements
Info    : 0.20 < quality < 0.30 :         7 elements
Info    : 0.30 < quality < 0.40 :         6 elements
Info    : 0.40 < quality < 0.50 :         4 elements
Info    : 0.50 < quality < 0.60 :        24 elements
Info    : 0.60 < quality < 0.70 :        88 elements
Info    : 0.70 < quality < 0.80 :       181 elements
Info    : 0.80 < quality < 0.90 :       116 elements
Info    : 0.90 < quality < 1.00 :        42 elements
Info    : 9 edge swaps, 0 node relocations (volume = 0.256564): worst = 0.3094 / average = 0.759434 (Wall 0.000121104s, CPU 0.000124s)
Info    : No ill-shaped tets in the mesh :-)
Info    : 0.00 < quality < 0.10 :         0 elements
Info    : 0.10 < quality < 0.20 :         0 elements
Info    : 0.20 < quality < 0.30 :         0 elements
Info    : 0.30 < quality < 0.40 :         5 elements
Info    : 0.40 < quality < 0.50 :         4 elements
Info    : 0.50 < quality < 0.60 :        19 elements
Info    : 0.60 < quality < 0.70 :        91 elements
Info    : 0.70 < quality < 0.80 :       183 elements
Info    : 0.80 < quality < 0.90 :       119 elements
Info    : 0.90 < quality < 1.00 :        40 elements
Info    : Done optimizing mesh (Wall 0.0687744s, CPU 0.067836s)
Info    : 13553 nodes 67866 elements
Info    : Meshing order 2 (curvilinear on)...
Info    : [  0%] Meshing curve 1 order 2
Info    : [ 10%] Meshing curve 2 order 2
Info    : [ 20%] Meshing curve 3 order 2
Info    : [ 20%] Meshing curve 4 order 2
Info    : [ 30%] Meshing curve 5 order 2
Info    : [ 30%] Meshing curve 6 order 2
Info    : [ 40%] Meshing curve 7 order 2
Info    : [ 40%] Meshing curve 8 order 2
Info    : [ 50%] Meshing curve 9 order 2
Info    : [ 50%] Meshing curve 10 order 2
Info    : [ 60%] Meshing curve 11 order 2
Info    : [ 60%] Meshing curve 12 order 2
Info    : [ 70%] Meshing surface 1 order 2
Info    : [ 70%] Meshing surface 2 order 2
Info    : [ 80%] Meshing surface 3 order 2
Info    : [ 80%] Meshing surface 4 order 2
Info    : [ 90%] Meshing surface 5 order 2
Info    : [ 90%] Meshing surface 6 order 2
Info    : [100%] Meshing volume 1 order 2
Info    : [100%] Meshing volume 2 order 2
Info    : Surface mesh: worst distortion = 0.797589 (0 elements in ]0, 0.2]); worst gamma = 0.585747
Info    : Volume mesh: worst distortion = 0.266638 (0 elements in ]0, 0.2])
Info    : Done meshing order 2 (Wall 10.3769s, CPU 10.3697s)
Info    : Writing '/home/user/mscr-mom/현서/scripts/contact_scenarios/fea/matv2_mesh_PST0_phiN120_b0_s62.inp'...
Info    : Done writing '/home/user/mscr-mom/현서/scripts/contact_scenarios/fea/matv2_mesh_PST0_phiN120_b0_s62.inp'
  [PST0_phiN120_b0] [실패] (851.2s)
[PST0_phiN120_b0 2/8] L_M=0.0, phi=-120.0, beta=0.0, s=67.5mm, push_depth=0.1mm ...
Info    : Meshing 1D...
Info    : [  0%] Meshing curve 1 (BSpline)
Info    : [ 10%] Meshing curve 2 (Ellipse)
Info    : [ 20%] Meshing curve 3 (Ellipse)
Info    : [ 30%] Meshing curve 4 (BSpline)
Info    : [ 40%] Meshing curve 5 (BSpline)
Info    : [ 50%] Meshing curve 6 (BSpline)
Info    : [ 60%] Meshing curve 7 (BSpline)
Info    : [ 60%] Meshing curve 8 (BSpline)
Info    : [ 70%] Meshing curve 9 (BSpline)
Info    : [ 90%] Meshing curve 11 (Circle)
Info    : Done meshing 1D (Wall 0.013254s, CPU 0.013188s)
Info    : Meshing 2D...
Info    : [  0%] Meshing surface 1 (Plane, Frontal-Delaunay)
Info    : [ 20%] Meshing surface 2 (Plane, Frontal-Delaunay)
Info    : [ 40%] Meshing surface 3 (BSpline surface, Frontal-Delaunay)
Info    : [ 60%] Meshing surface 4 (BSpline surface, Frontal-Delaunay)
Info    : [ 70%] Meshing surface 5 (Plane, Frontal-Delaunay)
Info    : [ 90%] Meshing surface 6 (Sphere, Frontal-Delaunay)
Info    : Done meshing 2D (Wall 0.750908s, CPU 0.750829s)
Info    : Meshing 3D...
Info    : 3D Meshing 2 volumes with 2 connected components
Info    : Tetrahedrizing 12436 nodes...
Info    : Done tetrahedrizing 12444 nodes (Wall 0.134716s, CPU 0.125727s)
Info    : Reconstructing mesh...
Info    :  - Creating surface mesh
Info    :  - Identifying boundary edges
Info    :  - Recovering boundary
Info    : Done reconstructing mesh (Wall 0.346253s, CPU 0.325232s)
Info    : Found volume 1
Info    : It. 0 - 0 nodes created - worst tet radius 1.06383 (nodes removed 0 0)
Info    : It. 500 - 500 nodes created - worst tet radius 1.00061 (nodes removed 0 0)
Info    : 3D refinement terminated (13152 nodes total):
Info    :  - 0 Delaunay cavities modified for star shapeness
Info    :  - 0 nodes could not be inserted
Info    :  - 42156 tetrahedra created in 0.0299322 sec. (1408380 tets/s)
Info    : 0 node relocations
Info    : Tetrahedrizing 128 nodes...
Info    : Done tetrahedrizing 136 nodes (Wall 0.000730027s, CPU 0.00073s)
Info    : Reconstructing mesh...
Info    :  - Creating surface mesh
Info    :  - Identifying boundary edges
Info    :  - Recovering boundary
Info    : Done reconstructing mesh (Wall 0.00169727s, CPU 0.001701s)
Info    : Found volume 2
Info    : It. 0 - 0 nodes created - worst tet radius 3.00607 (nodes removed 0 0)
Info    : 3D refinement terminated (12650 nodes total):
Info    :  - 1 Delaunay cavities modified for star shapeness
Info    :  - 1 nodes could not be inserted
Info    :  - 526 tetrahedra created in 0.00346178 sec. (151944 tets/s)
Info    : 1 node relocations
Info    : Done meshing 3D (Wall 0.643341s, CPU 0.622266s)
Info    : Optimizing mesh...
Info    : Optimizing volume 1
Info    : Optimization starts (volume = 235.593) with worst = 0.00548009 / average = 0.685809:
Info    : 0.00 < quality < 0.10 :       178 elements
Info    : 0.10 < quality < 0.20 :       424 elements
Info    : 0.20 < quality < 0.30 :       626 elements
Info    : 0.30 < quality < 0.40 :       861 elements
Info    : 0.40 < quality < 0.50 :      1292 elements
Info    : 0.50 < quality < 0.60 :      3739 elements
Info    : 0.60 < quality < 0.70 :     10889 elements
Info    : 0.70 < quality < 0.80 :     20103 elements
Info    : 0.80 < quality < 0.90 :      2261 elements
Info    : 0.90 < quality < 1.00 :      1783 elements
Info    : 1180 edge swaps, 27 node relocations (volume = 235.593): worst = 0.1252 / average = 0.702291 (Wall 0.0141938s, CPU 0.014194s)
Info    : 1229 edge swaps, 28 node relocations (volume = 235.593): worst = 0.127451 / average = 0.702784 (Wall 0.0172263s, CPU 0.017228s)
Info    : 1231 edge swaps, 28 node relocations (volume = 235.593): worst = 0.135547 / average = 0.702801 (Wall 0.019712s, CPU 0.019713s)
Info    : 1234 edge swaps, 28 node relocations (volume = 235.593): worst = 0.135547 / average = 0.702833 (Wall 0.0221669s, CPU 0.022168s)
Info    : No ill-shaped tets in the mesh :-)
Info    : 0.00 < quality < 0.10 :         0 elements
Info    : 0.10 < quality < 0.20 :         2 elements
Info    : 0.20 < quality < 0.30 :        17 elements
Info    : 0.30 < quality < 0.40 :       732 elements
Info    : 0.40 < quality < 0.50 :      1075 elements
Info    : 0.50 < quality < 0.60 :      3689 elements
Info    : 0.60 < quality < 0.70 :     11422 elements
Info    : 0.70 < quality < 0.80 :     19867 elements
Info    : 0.80 < quality < 0.90 :      2444 elements
Info    : 0.90 < quality < 1.00 :      1782 elements
Info    : Optimizing volume 2
Info    : Optimization starts (volume = 0.256169) with worst = 0.0459331 / average = 0.754097:
Info    : 0.00 < quality < 0.10 :         2 elements
Info    : 0.10 < quality < 0.20 :         2 elements
Info    : 0.20 < quality < 0.30 :         4 elements
Info    : 0.30 < quality < 0.40 :        11 elements
Info    : 0.40 < quality < 0.50 :        20 elements
Info    : 0.50 < quality < 0.60 :        26 elements
Info    : 0.60 < quality < 0.70 :        69 elements
Info    : 0.70 < quality < 0.80 :       171 elements
Info    : 0.80 < quality < 0.90 :       153 elements
Info    : 0.90 < quality < 1.00 :        68 elements
Info    : 8 edge swaps, 1 node relocations (volume = 0.256169): worst = 0.225599 / average = 0.762897 (Wall 0.000133056s, CPU 0.000134s)
Info    : No ill-shaped tets in the mesh :-)
Info    : 0.00 < quality < 0.10 :         0 elements
Info    : 0.10 < quality < 0.20 :         0 elements
Info    : 0.20 < quality < 0.30 :         1 elements
Info    : 0.30 < quality < 0.40 :        14 elements
Info    : 0.40 < quality < 0.50 :        17 elements
Info    : 0.50 < quality < 0.60 :        26 elements
Info    : 0.60 < quality < 0.70 :        69 elements
Info    : 0.70 < quality < 0.80 :       167 elements
Info    : 0.80 < quality < 0.90 :       156 elements
Info    : 0.90 < quality < 1.00 :        69 elements
Info    : Done optimizing mesh (Wall 0.0460027s, CPU 0.046001s)
Info    : 13557 nodes 67916 elements
Info    : Meshing order 2 (curvilinear on)...
Info    : [  0%] Meshing curve 1 order 2
Info    : [ 10%] Meshing curve 2 order 2
Info    : [ 20%] Meshing curve 3 order 2
Info    : [ 20%] Meshing curve 4 order 2
Info    : [ 30%] Meshing curve 5 order 2
Info    : [ 30%] Meshing curve 6 order 2
Info    : [ 40%] Meshing curve 7 order 2
Info    : [ 40%] Meshing curve 8 order 2
Info    : [ 50%] Meshing curve 9 order 2
Info    : [ 50%] Meshing curve 10 order 2
Info    : [ 60%] Meshing curve 11 order 2
Info    : [ 60%] Meshing curve 12 order 2
Info    : [ 70%] Meshing surface 1 order 2
Info    : [ 70%] Meshing surface 2 order 2
Info    : [ 80%] Meshing surface 3 order 2
Info    : [ 80%] Meshing surface 4 order 2
Info    : [ 90%] Meshing surface 5 order 2
Info    : [ 90%] Meshing surface 6 order 2
Info    : [100%] Meshing volume 1 order 2
Info    : [100%] Meshing volume 2 order 2
Info    : Surface mesh: worst distortion = 0.797589 (0 elements in ]0, 0.2]); worst gamma = 0.176434
Info    : Volume mesh: worst distortion = 0.266638 (0 elements in ]0, 0.2])
Info    : Done meshing order 2 (Wall 10.4565s, CPU 10.4501s)
Info    : Writing '/home/user/mscr-mom/현서/scripts/contact_scenarios/fea/matv2_mesh_PST0_phiN120_b0_s68.inp'...
Info    : Done writing '/home/user/mscr-mom/현서/scripts/contact_scenarios/fea/matv2_mesh_PST0_phiN120_b0_s68.inp'
  [PST0_phiN120_b0] [실패] (1162.9s)
[PST0_phiN120_b0 3/8] L_M=0.0, phi=-120.0, beta=0.0, s=72.5mm, push_depth=0.1mm ...
Info    : Meshing 1D...
Info    : [  0%] Meshing curve 1 (BSpline)
Info    : [ 10%] Meshing curve 2 (Ellipse)
Info    : [ 20%] Meshing curve 3 (Ellipse)
Info    : [ 30%] Meshing curve 4 (BSpline)
Info    : [ 40%] Meshing curve 5 (BSpline)
Info    : [ 50%] Meshing curve 6 (BSpline)
Info    : [ 60%] Meshing curve 7 (BSpline)
Info    : [ 60%] Meshing curve 8 (BSpline)
Info    : [ 70%] Meshing curve 9 (BSpline)
Info    : [ 90%] Meshing curve 11 (Circle)
Info    : Done meshing 1D (Wall 0.0243699s, CPU 0.024209s)
Info    : Meshing 2D...
Info    : [  0%] Meshing surface 1 (Plane, Frontal-Delaunay)
Info    : [ 20%] Meshing surface 2 (Plane, Frontal-Delaunay)
Info    : [ 40%] Meshing surface 3 (BSpline surface, Frontal-Delaunay)
Info    : [ 60%] Meshing surface 4 (BSpline surface, Frontal-Delaunay)
Info    : [ 70%] Meshing surface 5 (Plane, Frontal-Delaunay)
Info    : [ 90%] Meshing surface 6 (Sphere, Frontal-Delaunay)
Info    : Done meshing 2D (Wall 1.38157s, CPU 1.3497s)
Info    : Meshing 3D...
Info    : 3D Meshing 2 volumes with 2 connected components
Info    : Tetrahedrizing 12436 nodes...
Info    : Done tetrahedrizing 12444 nodes (Wall 0.227127s, CPU 0.178151s)
Info    : Reconstructing mesh...
Info    :  - Creating surface mesh
Info    :  - Identifying boundary edges
Info    :  - Recovering boundary
Info    : Done reconstructing mesh (Wall 0.565672s, CPU 0.500517s)
Info    : Found volume 1
Info    : It. 0 - 0 nodes created - worst tet radius 1.06383 (nodes removed 0 0)
Info    : It. 500 - 500 nodes created - worst tet radius 1.00061 (nodes removed 0 0)
Info    : 3D refinement terminated (13156 nodes total):
Info    :  - 0 Delaunay cavities modified for star shapeness
Info    :  - 0 nodes could not be inserted
Info    :  - 42156 tetrahedra created in 0.093887 sec. (449007 tets/s)
Info    : 0 node relocations
Info    : Tetrahedrizing 132 nodes...
Info    : Done tetrahedrizing 140 nodes (Wall 0.00107175s, CPU 0.001072s)
Info    : Reconstructing mesh...
Info    :  - Creating surface mesh
Info    :  - Identifying boundary edges
Info    :  - Recovering boundary
Info    : Done reconstructing mesh (Wall 0.00317011s, CPU 0.001916s)
Info    : Found volume 2
Info    : It. 0 - 0 nodes created - worst tet radius 3.0935 (nodes removed 0 0)
Info    : 3D refinement terminated (12646 nodes total):
Info    :  - 0 Delaunay cavities modified for star shapeness
Info    :  - 0 nodes could not be inserted
Info    :  - 470 tetrahedra created in 0.00892567 sec. (52657 tets/s)
Info    : 0 node relocations
Info    : Done meshing 3D (Wall 1.16434s, CPU 1.03549s)
Info    : Optimizing mesh...
Info    : Optimizing volume 1
Info    : Optimization starts (volume = 235.593) with worst = 0.00548009 / average = 0.685809:
Info    : 0.00 < quality < 0.10 :       178 elements
Info    : 0.10 < quality < 0.20 :       424 elements
Info    : 0.20 < quality < 0.30 :       626 elements
Info    : 0.30 < quality < 0.40 :       861 elements
Info    : 0.40 < quality < 0.50 :      1292 elements
Info    : 0.50 < quality < 0.60 :      3739 elements
Info    : 0.60 < quality < 0.70 :     10889 elements
Info    : 0.70 < quality < 0.80 :     20103 elements
Info    : 0.80 < quality < 0.90 :      2261 elements
Info    : 0.90 < quality < 1.00 :      1783 elements
Info    : 1180 edge swaps, 27 node relocations (volume = 235.593): worst = 0.1252 / average = 0.702291 (Wall 0.0311483s, CPU 0.029486s)
Info    : 1229 edge swaps, 28 node relocations (volume = 235.593): worst = 0.127451 / average = 0.702784 (Wall 0.039018s, CPU 0.037208s)
Info    : 1231 edge swaps, 28 node relocations (volume = 235.593): worst = 0.135547 / average = 0.702801 (Wall 0.045167s, CPU 0.043232s)
Info    : 1234 edge swaps, 28 node relocations (volume = 235.593): worst = 0.135547 / average = 0.702833 (Wall 0.0513443s, CPU 0.049291s)
Info    : No ill-shaped tets in the mesh :-)
Info    : 0.00 < quality < 0.10 :         0 elements
Info    : 0.10 < quality < 0.20 :         2 elements
Info    : 0.20 < quality < 0.30 :        17 elements
Info    : 0.30 < quality < 0.40 :       732 elements
Info    : 0.40 < quality < 0.50 :      1075 elements
Info    : 0.50 < quality < 0.60 :      3689 elements
Info    : 0.60 < quality < 0.70 :     11422 elements
Info    : 0.70 < quality < 0.80 :     19867 elements
Info    : 0.80 < quality < 0.90 :      2444 elements
Info    : 0.90 < quality < 1.00 :      1782 elements
Info    : Optimizing volume 2
Info    : Optimization starts (volume = 0.256564) with worst = 0.121727 / average = 0.746509:
Info    : 0.00 < quality < 0.10 :         0 elements
Info    : 0.10 < quality < 0.20 :         2 elements
Info    : 0.20 < quality < 0.30 :         7 elements
Info    : 0.30 < quality < 0.40 :         6 elements
Info    : 0.40 < quality < 0.50 :         4 elements
Info    : 0.50 < quality < 0.60 :        24 elements
Info    : 0.60 < quality < 0.70 :        88 elements
Info    : 0.70 < quality < 0.80 :       181 elements
Info    : 0.80 < quality < 0.90 :       116 elements
Info    : 0.90 < quality < 1.00 :        42 elements
Info    : 9 edge swaps, 0 node relocations (volume = 0.256564): worst = 0.3094 / average = 0.759434 (Wall 0.000601337s, CPU 0.000269s)
Info    : No ill-shaped tets in the mesh :-)
Info    : 0.00 < quality < 0.10 :         0 elements
Info    : 0.10 < quality < 0.20 :         0 elements
Info    : 0.20 < quality < 0.30 :         0 elements
Info    : 0.30 < quality < 0.40 :         5 elements
Info    : 0.40 < quality < 0.50 :         4 elements
Info    : 0.50 < quality < 0.60 :        19 elements
Info    : 0.60 < quality < 0.70 :        91 elements
Info    : 0.70 < quality < 0.80 :       183 elements
Info    : 0.80 < quality < 0.90 :       119 elements
Info    : 0.90 < quality < 1.00 :        40 elements
Info    : Done optimizing mesh (Wall 0.106068s, CPU 0.102706s)
Info    : 13553 nodes 67866 elements
Info    : Meshing order 2 (curvilinear on)...
Info    : [  0%] Meshing curve 1 order 2
Info    : [ 10%] Meshing curve 2 order 2
Info    : [ 20%] Meshing curve 3 order 2
Info    : [ 20%] Meshing curve 4 order 2
Info    : [ 30%] Meshing curve 5 order 2
Info    : [ 30%] Meshing curve 6 order 2
Info    : [ 40%] Meshing curve 7 order 2
Info    : [ 40%] Meshing curve 8 order 2
Info    : [ 50%] Meshing curve 9 order 2
Info    : [ 50%] Meshing curve 10 order 2
Info    : [ 60%] Meshing curve 11 order 2
Info    : [ 60%] Meshing curve 12 order 2
Info    : [ 70%] Meshing surface 1 order 2
Info    : [ 70%] Meshing surface 2 order 2
Info    : [ 80%] Meshing surface 3 order 2
Info    : [ 80%] Meshing surface 4 order 2
Info    : [ 90%] Meshing surface 5 order 2
Info    : [ 90%] Meshing surface 6 order 2
Info    : [100%] Meshing volume 1 order 2
Info    : [100%] Meshing volume 2 order 2
Info    : Surface mesh: worst distortion = 0.797589 (0 elements in ]0, 0.2]); worst gamma = 0.585747
Info    : Volume mesh: worst distortion = 0.266638 (0 elements in ]0, 0.2])
Info    : Done meshing order 2 (Wall 19.0676s, CPU 18.9155s)
Info    : Writing '/home/user/mscr-mom/현서/scripts/contact_scenarios/fea/matv2_mesh_PST0_phiN120_b0_s72.inp'...
Info    : Done writing '/home/user/mscr-mom/현서/scripts/contact_scenarios/fea/matv2_mesh_PST0_phiN120_b0_s72.inp'
  [PST0_phiN120_b0] [실패] (1735.9s)
[PST0_phiN120_b0 4/8] L_M=0.0, phi=-120.0, beta=0.0, s=77.5mm, push_depth=0.1mm ...
Info    : Meshing 1D...
Info    : [  0%] Meshing curve 1 (BSpline)
Info    : [ 10%] Meshing curve 2 (Ellipse)
Info    : [ 20%] Meshing curve 3 (Ellipse)
Info    : [ 30%] Meshing curve 4 (BSpline)
Info    : [ 40%] Meshing curve 5 (BSpline)
Info    : [ 50%] Meshing curve 6 (BSpline)
Info    : [ 60%] Meshing curve 7 (BSpline)
Info    : [ 60%] Meshing curve 8 (BSpline)
Info    : [ 70%] Meshing curve 9 (BSpline)
Info    : [ 90%] Meshing curve 11 (Circle)
Info    : Done meshing 1D (Wall 0.0250198s, CPU 0.023944s)
Info    : Meshing 2D...
Info    : [  0%] Meshing surface 1 (Plane, Frontal-Delaunay)
Info    : [ 20%] Meshing surface 2 (Plane, Frontal-Delaunay)
Info    : [ 40%] Meshing surface 3 (BSpline surface, Frontal-Delaunay)
Info    : [ 60%] Meshing surface 4 (BSpline surface, Frontal-Delaunay)
Info    : [ 70%] Meshing surface 5 (Plane, Frontal-Delaunay)
Info    : [ 90%] Meshing surface 6 (Sphere, Frontal-Delaunay)
Info    : Done meshing 2D (Wall 1.37798s, CPU 1.37488s)
Info    : Meshing 3D...
Info    : 3D Meshing 2 volumes with 2 connected components
Info    : Tetrahedrizing 12436 nodes...
Info    : Done tetrahedrizing 12444 nodes (Wall 0.197664s, CPU 0.185641s)
Info    : Reconstructing mesh...
Info    :  - Creating surface mesh
Info    :  - Identifying boundary edges
Info    :  - Recovering boundary
Info    : Done reconstructing mesh (Wall 0.551556s, CPU 0.527811s)
Info    : Found volume 1
Info    : It. 0 - 0 nodes created - worst tet radius 1.06383 (nodes removed 0 0)
Info    : It. 500 - 500 nodes created - worst tet radius 1.00061 (nodes removed 0 0)
Info    : 3D refinement terminated (13152 nodes total):
Info    :  - 0 Delaunay cavities modified for star shapeness
Info    :  - 0 nodes could not be inserted
Info    :  - 42156 tetrahedra created in 0.0492828 sec. (855389 tets/s)
Info    : 0 node relocations
Info    : Tetrahedrizing 128 nodes...
Info    : Done tetrahedrizing 136 nodes (Wall 0.00107279s, CPU 0.001074s)
Info    : Reconstructing mesh...
Info    :  - Creating surface mesh
Info    :  - Identifying boundary edges
Info    :  - Recovering boundary
Info    : Done reconstructing mesh (Wall 0.00332574s, CPU 0.003272s)
Info    : Found volume 2
Info    : It. 0 - 0 nodes created - worst tet radius 3.00607 (nodes removed 0 0)
Info    : 3D refinement terminated (12650 nodes total):
Info    :  - 1 Delaunay cavities modified for star shapeness
Info    :  - 1 nodes could not be inserted
Info    :  - 526 tetrahedra created in 0.00961738 sec. (54692 tets/s)
Info    : 1 node relocations
Info    : Done meshing 3D (Wall 1.05931s, CPU 1.03437s)
Info    : Optimizing mesh...
Info    : Optimizing volume 1
Info    : Optimization starts (volume = 235.593) with worst = 0.00548009 / average = 0.685809:
Info    : 0.00 < quality < 0.10 :       178 elements
Info    : 0.10 < quality < 0.20 :       424 elements
Info    : 0.20 < quality < 0.30 :       626 elements
Info    : 0.30 < quality < 0.40 :       861 elements
Info    : 0.40 < quality < 0.50 :      1292 elements
Info    : 0.50 < quality < 0.60 :      3739 elements
Info    : 0.60 < quality < 0.70 :     10889 elements
Info    : 0.70 < quality < 0.80 :     20103 elements
Info    : 0.80 < quality < 0.90 :      2261 elements
Info    : 0.90 < quality < 1.00 :      1783 elements
Info    : 1180 edge swaps, 27 node relocations (volume = 235.593): worst = 0.1252 / average = 0.702291 (Wall 0.0295354s, CPU 0.029285s)
Info    : 1229 edge swaps, 28 node relocations (volume = 235.593): worst = 0.127451 / average = 0.702784 (Wall 0.0370227s, CPU 0.036773s)
Info    : 1231 edge swaps, 28 node relocations (volume = 235.593): worst = 0.135547 / average = 0.702801 (Wall 0.0427325s, CPU 0.04248s)
Info    : 1234 edge swaps, 28 node relocations (volume = 235.593): worst = 0.135547 / average = 0.702833 (Wall 0.0494925s, CPU 0.049241s)
Info    : No ill-shaped tets in the mesh :-)
Info    : 0.00 < quality < 0.10 :         0 elements
Info    : 0.10 < quality < 0.20 :         2 elements
Info    : 0.20 < quality < 0.30 :        17 elements
Info    : 0.30 < quality < 0.40 :       732 elements
Info    : 0.40 < quality < 0.50 :      1075 elements
Info    : 0.50 < quality < 0.60 :      3689 elements
Info    : 0.60 < quality < 0.70 :     11422 elements
Info    : 0.70 < quality < 0.80 :     19867 elements
Info    : 0.80 < quality < 0.90 :      2444 elements
Info    : 0.90 < quality < 1.00 :      1782 elements
Info    : Optimizing volume 2
Info    : Optimization starts (volume = 0.256169) with worst = 0.0459331 / average = 0.754097:
Info    : 0.00 < quality < 0.10 :         2 elements
Info    : 0.10 < quality < 0.20 :         2 elements
Info    : 0.20 < quality < 0.30 :         4 elements
Info    : 0.30 < quality < 0.40 :        11 elements
Info    : 0.40 < quality < 0.50 :        20 elements
Info    : 0.50 < quality < 0.60 :        26 elements
Info    : 0.60 < quality < 0.70 :        69 elements
Info    : 0.70 < quality < 0.80 :       171 elements
Info    : 0.80 < quality < 0.90 :       153 elements
Info    : 0.90 < quality < 1.00 :        68 elements
Info    : 8 edge swaps, 1 node relocations (volume = 0.256169): worst = 0.225599 / average = 0.762897 (Wall 0.00023573s, CPU 0.000241s)
Info    : No ill-shaped tets in the mesh :-)
Info    : 0.00 < quality < 0.10 :         0 elements
Info    : 0.10 < quality < 0.20 :         0 elements
Info    : 0.20 < quality < 0.30 :         1 elements
Info    : 0.30 < quality < 0.40 :        14 elements
Info    : 0.40 < quality < 0.50 :        17 elements
Info    : 0.50 < quality < 0.60 :        26 elements
Info    : 0.60 < quality < 0.70 :        69 elements
Info    : 0.70 < quality < 0.80 :       167 elements
Info    : 0.80 < quality < 0.90 :       156 elements
Info    : 0.90 < quality < 1.00 :        69 elements
Info    : Done optimizing mesh (Wall 0.101261s, CPU 0.10096s)
Info    : 13557 nodes 67916 elements
Info    : Meshing order 2 (curvilinear on)...
Info    : [  0%] Meshing curve 1 order 2
Info    : [ 10%] Meshing curve 2 order 2
Info    : [ 20%] Meshing curve 3 order 2
Info    : [ 20%] Meshing curve 4 order 2
Info    : [ 30%] Meshing curve 5 order 2
Info    : [ 30%] Meshing curve 6 order 2
Info    : [ 40%] Meshing curve 7 order 2
Info    : [ 40%] Meshing curve 8 order 2
Info    : [ 50%] Meshing curve 9 order 2
Info    : [ 50%] Meshing curve 10 order 2
Info    : [ 60%] Meshing curve 11 order 2
Info    : [ 60%] Meshing curve 12 order 2
Info    : [ 70%] Meshing surface 1 order 2
Info    : [ 70%] Meshing surface 2 order 2
Info    : [ 80%] Meshing surface 3 order 2
Info    : [ 80%] Meshing surface 4 order 2
Info    : [ 90%] Meshing surface 5 order 2
Info    : [ 90%] Meshing surface 6 order 2
Info    : [100%] Meshing volume 1 order 2
Info    : [100%] Meshing volume 2 order 2
Info    : Surface mesh: worst distortion = 0.797589 (0 elements in ]0, 0.2]); worst gamma = 0.176434
Info    : Volume mesh: worst distortion = 0.266638 (0 elements in ]0, 0.2])
Info    : Done meshing order 2 (Wall 18.9998s, CPU 18.8485s)
Info    : Writing '/home/user/mscr-mom/현서/scripts/contact_scenarios/fea/matv2_mesh_PST0_phiN120_b0_s78.inp'...
Info    : Done writing '/home/user/mscr-mom/현서/scripts/contact_scenarios/fea/matv2_mesh_PST0_phiN120_b0_s78.inp'
  [PST0_phiN120_b0] 실패: Command '['ccx', 'matv2sweep_PST0_phiN120_b0_04']' timed out after 1800 seconds
  [PST0_phiN120_b0] [실패] (1822.8s)
[PST0_phiN120_b0 5/8] L_M=0.0, phi=-120.0, beta=0.0, s=82.5mm, push_depth=0.1mm ...
Info    : Meshing 1D...
Info    : [  0%] Meshing curve 1 (BSpline)
Info    : [ 10%] Meshing curve 2 (Ellipse)
Info    : [ 20%] Meshing curve 3 (Ellipse)
Info    : [ 30%] Meshing curve 4 (BSpline)
Info    : [ 40%] Meshing curve 5 (BSpline)
Info    : [ 50%] Meshing curve 6 (BSpline)
Info    : [ 60%] Meshing curve 7 (BSpline)
Info    : [ 60%] Meshing curve 8 (BSpline)
Info    : [ 70%] Meshing curve 9 (BSpline)
Info    : [ 90%] Meshing curve 11 (Circle)
Info    : Done meshing 1D (Wall 0.0269707s, CPU 0.02597s)
Info    : Meshing 2D...
Info    : [  0%] Meshing surface 1 (Plane, Frontal-Delaunay)
Info    : [ 20%] Meshing surface 2 (Plane, Frontal-Delaunay)
Info    : [ 40%] Meshing surface 3 (BSpline surface, Frontal-Delaunay)
Info    : [ 60%] Meshing surface 4 (BSpline surface, Frontal-Delaunay)
Info    : [ 70%] Meshing surface 5 (Plane, Frontal-Delaunay)
Info    : [ 90%] Meshing surface 6 (Sphere, Frontal-Delaunay)
Info    : Done meshing 2D (Wall 1.45395s, CPU 1.4252s)
Info    : Meshing 3D...
Info    : 3D Meshing 2 volumes with 2 connected components
Info    : Tetrahedrizing 12436 nodes...
Info    : Done tetrahedrizing 12444 nodes (Wall 0.194211s, CPU 0.179216s)
Info    : Reconstructing mesh...
Info    :  - Creating surface mesh
Info    :  - Identifying boundary edges
Info    :  - Recovering boundary
Info    : Done reconstructing mesh (Wall 0.527399s, CPU 0.490996s)
Info    : Found volume 1
Info    : It. 0 - 0 nodes created - worst tet radius 1.06383 (nodes removed 0 0)
Info    : It. 500 - 500 nodes created - worst tet radius 1.00061 (nodes removed 0 0)
Info    : 3D refinement terminated (13156 nodes total):
Info    :  - 0 Delaunay cavities modified for star shapeness
Info    :  - 0 nodes could not be inserted
Info    :  - 42156 tetrahedra created in 0.0494643 sec. (852250 tets/s)
Info    : 0 node relocations
Info    : Tetrahedrizing 132 nodes...
Info    : Done tetrahedrizing 140 nodes (Wall 0.00102242s, CPU 0.001023s)
Info    : Reconstructing mesh...
Info    :  - Creating surface mesh
Info    :  - Identifying boundary edges
Info    :  - Recovering boundary
Info    : Done reconstructing mesh (Wall 0.00302807s, CPU 0.003035s)
Info    : Found volume 2
Info    : It. 0 - 0 nodes created - worst tet radius 3.0935 (nodes removed 0 0)
Info    : 3D refinement terminated (12646 nodes total):
Info    :  - 0 Delaunay cavities modified for star shapeness
Info    :  - 0 nodes could not be inserted
Info    :  - 470 tetrahedra created in 0.00823946 sec. (57042 tets/s)
Info    : 0 node relocations
Info    : Done meshing 3D (Wall 1.0445s, CPU 1.00694s)
Info    : Optimizing mesh...
Info    : Optimizing volume 1
Info    : Optimization starts (volume = 235.593) with worst = 0.00548009 / average = 0.685809:
Info    : 0.00 < quality < 0.10 :       178 elements
Info    : 0.10 < quality < 0.20 :       424 elements
Info    : 0.20 < quality < 0.30 :       626 elements
Info    : 0.30 < quality < 0.40 :       861 elements
Info    : 0.40 < quality < 0.50 :      1292 elements
Info    : 0.50 < quality < 0.60 :      3739 elements
Info    : 0.60 < quality < 0.70 :     10889 elements
Info    : 0.70 < quality < 0.80 :     20103 elements
Info    : 0.80 < quality < 0.90 :      2261 elements
Info    : 0.90 < quality < 1.00 :      1783 elements
Info    : 1180 edge swaps, 27 node relocations (volume = 235.593): worst = 0.1252 / average = 0.702291 (Wall 0.0286099s, CPU 0.028513s)
Info    : 1229 edge swaps, 28 node relocations (volume = 235.593): worst = 0.127451 / average = 0.702784 (Wall 0.0352721s, CPU 0.035039s)
Info    : 1231 edge swaps, 28 node relocations (volume = 235.593): worst = 0.135547 / average = 0.702801 (Wall 0.0412674s, CPU 0.04094s)
Info    : 1234 edge swaps, 28 node relocations (volume = 235.593): worst = 0.135547 / average = 0.702833 (Wall 0.0483942s, CPU 0.047965s)
Info    : No ill-shaped tets in the mesh :-)
Info    : 0.00 < quality < 0.10 :         0 elements
Info    : 0.10 < quality < 0.20 :         2 elements
Info    : 0.20 < quality < 0.30 :        17 elements
Info    : 0.30 < quality < 0.40 :       732 elements
Info    : 0.40 < quality < 0.50 :      1075 elements
Info    : 0.50 < quality < 0.60 :      3689 elements
Info    : 0.60 < quality < 0.70 :     11422 elements
Info    : 0.70 < quality < 0.80 :     19867 elements
Info    : 0.80 < quality < 0.90 :      2444 elements
Info    : 0.90 < quality < 1.00 :      1782 elements
Info    : Optimizing volume 2
Info    : Optimization starts (volume = 0.256564) with worst = 0.121727 / average = 0.746509:
Info    : 0.00 < quality < 0.10 :         0 elements
Info    : 0.10 < quality < 0.20 :         2 elements
Info    : 0.20 < quality < 0.30 :         7 elements
Info    : 0.30 < quality < 0.40 :         6 elements
Info    : 0.40 < quality < 0.50 :         4 elements
Info    : 0.50 < quality < 0.60 :        24 elements
Info    : 0.60 < quality < 0.70 :        88 elements
Info    : 0.70 < quality < 0.80 :       181 elements
Info    : 0.80 < quality < 0.90 :       116 elements
Info    : 0.90 < quality < 1.00 :        42 elements
Info    : 9 edge swaps, 0 node relocations (volume = 0.256564): worst = 0.3094 / average = 0.759434 (Wall 0.000495318s, CPU 0.000288s)
Info    : No ill-shaped tets in the mesh :-)
Info    : 0.00 < quality < 0.10 :         0 elements
Info    : 0.10 < quality < 0.20 :         0 elements
Info    : 0.20 < quality < 0.30 :         0 elements
Info    : 0.30 < quality < 0.40 :         5 elements
Info    : 0.40 < quality < 0.50 :         4 elements
Info    : 0.50 < quality < 0.60 :        19 elements
Info    : 0.60 < quality < 0.70 :        91 elements
Info    : 0.70 < quality < 0.80 :       183 elements
Info    : 0.80 < quality < 0.90 :       119 elements
Info    : 0.90 < quality < 1.00 :        40 elements
Info    : Done optimizing mesh (Wall 0.101858s, CPU 0.100575s)
Info    : 13553 nodes 67866 elements
Info    : Meshing order 2 (curvilinear on)...
Info    : [  0%] Meshing curve 1 order 2
Info    : [ 10%] Meshing curve 2 order 2
Info    : [ 20%] Meshing curve 3 order 2
Info    : [ 20%] Meshing curve 4 order 2
Info    : [ 30%] Meshing curve 5 order 2
Info    : [ 30%] Meshing curve 6 order 2
Info    : [ 40%] Meshing curve 7 order 2
Info    : [ 40%] Meshing curve 8 order 2
Info    : [ 50%] Meshing curve 9 order 2
Info    : [ 50%] Meshing curve 10 order 2
Info    : [ 60%] Meshing curve 11 order 2
Info    : [ 60%] Meshing curve 12 order 2
Info    : [ 70%] Meshing surface 1 order 2
Info    : [ 70%] Meshing surface 2 order 2
Info    : [ 80%] Meshing surface 3 order 2
Info    : [ 80%] Meshing surface 4 order 2
Info    : [ 90%] Meshing surface 5 order 2
Info    : [ 90%] Meshing surface 6 order 2
Info    : [100%] Meshing volume 1 order 2
Info    : [100%] Meshing volume 2 order 2
Info    : Surface mesh: worst distortion = 0.797589 (0 elements in ]0, 0.2]); worst gamma = 0.585747
Info    : Volume mesh: worst distortion = 0.266638 (0 elements in ]0, 0.2])
Info    : Done meshing order 2 (Wall 20.0244s, CPU 19.843s)
Info    : Writing '/home/user/mscr-mom/현서/scripts/contact_scenarios/fea/matv2_mesh_PST0_phiN120_b0_s82.inp'...
Info    : Done writing '/home/user/mscr-mom/현서/scripts/contact_scenarios/fea/matv2_mesh_PST0_phiN120_b0_s82.inp'
  [PST0_phiN120_b0] F_mag=0.0003mN  (1562.7s)
[PST0_phiN120_b0 6/8] L_M=0.0, phi=-120.0, beta=0.0, s=87.5mm, push_depth=0.1mm ...
Info    : Meshing 1D...
Info    : [  0%] Meshing curve 1 (BSpline)
Info    : [ 10%] Meshing curve 2 (Ellipse)
Info    : [ 20%] Meshing curve 3 (Ellipse)
Info    : [ 30%] Meshing curve 4 (BSpline)
Info    : [ 40%] Meshing curve 5 (BSpline)
Info    : [ 50%] Meshing curve 6 (BSpline)
Info    : [ 60%] Meshing curve 7 (BSpline)
Info    : [ 60%] Meshing curve 8 (BSpline)
Info    : [ 70%] Meshing curve 9 (BSpline)
Info    : [ 90%] Meshing curve 11 (Circle)
Info    : Done meshing 1D (Wall 0.0135033s, CPU 0.013421s)
Info    : Meshing 2D...
Info    : [  0%] Meshing surface 1 (Plane, Frontal-Delaunay)
Info    : [ 20%] Meshing surface 2 (Plane, Frontal-Delaunay)
Info    : [ 40%] Meshing surface 3 (BSpline surface, Frontal-Delaunay)
Info    : [ 60%] Meshing surface 4 (BSpline surface, Frontal-Delaunay)
Info    : [ 70%] Meshing surface 5 (Plane, Frontal-Delaunay)
Info    : [ 90%] Meshing surface 6 (Sphere, Frontal-Delaunay)
Info    : Done meshing 2D (Wall 0.761778s, CPU 0.761604s)
Info    : Meshing 3D...
Info    : 3D Meshing 2 volumes with 2 connected components
Info    : Tetrahedrizing 12436 nodes...
Info    : Done tetrahedrizing 12444 nodes (Wall 0.131484s, CPU 0.123475s)
Info    : Reconstructing mesh...
Info    :  - Creating surface mesh
Info    :  - Identifying boundary edges
Info    :  - Recovering boundary
Info    : Done reconstructing mesh (Wall 0.374279s, CPU 0.354816s)
Info    : Found volume 1
Info    : It. 0 - 0 nodes created - worst tet radius 1.06383 (nodes removed 0 0)
Info    : It. 500 - 500 nodes created - worst tet radius 1.00061 (nodes removed 0 0)
Info    : 3D refinement terminated (13156 nodes total):
Info    :  - 0 Delaunay cavities modified for star shapeness
Info    :  - 0 nodes could not be inserted
Info    :  - 42156 tetrahedra created in 0.0284696 sec. (1480737 tets/s)
Info    : 0 node relocations
Info    : Tetrahedrizing 132 nodes...
Info    : Done tetrahedrizing 140 nodes (Wall 0.000731706s, CPU 0.000731s)
Info    : Reconstructing mesh...
Info    :  - Creating surface mesh
Info    :  - Identifying boundary edges
Info    :  - Recovering boundary
Info    : Done reconstructing mesh (Wall 0.00165837s, CPU 0.001662s)
Info    : Found volume 2
Info    : It. 0 - 0 nodes created - worst tet radius 3.0935 (nodes removed 0 0)
Info    : 3D refinement terminated (12646 nodes total):
Info    :  - 0 Delaunay cavities modified for star shapeness
Info    :  - 0 nodes could not be inserted
Info    :  - 470 tetrahedra created in 0.00245399 sec. (191524 tets/s)
Info    : 0 node relocations
Info    : Done meshing 3D (Wall 0.679473s, CPU 0.660004s)
Info    : Optimizing mesh...
Info    : Optimizing volume 1
Info    : Optimization starts (volume = 235.593) with worst = 0.00548009 / average = 0.685809:
Info    : 0.00 < quality < 0.10 :       178 elements
Info    : 0.10 < quality < 0.20 :       424 elements
Info    : 0.20 < quality < 0.30 :       626 elements
Info    : 0.30 < quality < 0.40 :       861 elements
Info    : 0.40 < quality < 0.50 :      1292 elements
Info    : 0.50 < quality < 0.60 :      3739 elements
Info    : 0.60 < quality < 0.70 :     10889 elements
Info    : 0.70 < quality < 0.80 :     20103 elements
Info    : 0.80 < quality < 0.90 :      2261 elements
Info    : 0.90 < quality < 1.00 :      1783 elements
Info    : 1180 edge swaps, 27 node relocations (volume = 235.593): worst = 0.1252 / average = 0.702291 (Wall 0.0149175s, CPU 0.014918s)
Info    : 1229 edge swaps, 28 node relocations (volume = 235.593): worst = 0.127451 / average = 0.702784 (Wall 0.0179628s, CPU 0.017964s)
Info    : 1231 edge swaps, 28 node relocations (volume = 235.593): worst = 0.135547 / average = 0.702801 (Wall 0.0213564s, CPU 0.021357s)
Info    : 1234 edge swaps, 28 node relocations (volume = 235.593): worst = 0.135547 / average = 0.702833 (Wall 0.0234701s, CPU 0.023473s)
Info    : No ill-shaped tets in the mesh :-)
Info    : 0.00 < quality < 0.10 :         0 elements
Info    : 0.10 < quality < 0.20 :         2 elements
Info    : 0.20 < quality < 0.30 :        17 elements
Info    : 0.30 < quality < 0.40 :       732 elements
Info    : 0.40 < quality < 0.50 :      1075 elements
Info    : 0.50 < quality < 0.60 :      3689 elements
Info    : 0.60 < quality < 0.70 :     11422 elements
Info    : 0.70 < quality < 0.80 :     19867 elements
Info    : 0.80 < quality < 0.90 :      2444 elements
Info    : 0.90 < quality < 1.00 :      1782 elements
Info    : Optimizing volume 2
Info    : Optimization starts (volume = 0.256564) with worst = 0.121727 / average = 0.746509:
Info    : 0.00 < quality < 0.10 :         0 elements
Info    : 0.10 < quality < 0.20 :         2 elements
Info    : 0.20 < quality < 0.30 :         7 elements
Info    : 0.30 < quality < 0.40 :         6 elements
Info    : 0.40 < quality < 0.50 :         4 elements
Info    : 0.50 < quality < 0.60 :        24 elements
Info    : 0.60 < quality < 0.70 :        88 elements
Info    : 0.70 < quality < 0.80 :       181 elements
Info    : 0.80 < quality < 0.90 :       116 elements
Info    : 0.90 < quality < 1.00 :        42 elements
Info    : 9 edge swaps, 0 node relocations (volume = 0.256564): worst = 0.3094 / average = 0.759434 (Wall 0.000119092s, CPU 0.000119s)
Info    : No ill-shaped tets in the mesh :-)
Info    : 0.00 < quality < 0.10 :         0 elements
Info    : 0.10 < quality < 0.20 :         0 elements
Info    : 0.20 < quality < 0.30 :         0 elements
Info    : 0.30 < quality < 0.40 :         5 elements
Info    : 0.40 < quality < 0.50 :         4 elements
Info    : 0.50 < quality < 0.60 :        19 elements
Info    : 0.60 < quality < 0.70 :        91 elements
Info    : 0.70 < quality < 0.80 :       183 elements
Info    : 0.80 < quality < 0.90 :       119 elements
Info    : 0.90 < quality < 1.00 :        40 elements
Info    : Done optimizing mesh (Wall 0.0459429s, CPU 0.045942s)
Info    : 13553 nodes 67866 elements
Info    : Meshing order 2 (curvilinear on)...
Info    : [  0%] Meshing curve 1 order 2
Info    : [ 10%] Meshing curve 2 order 2
Info    : [ 20%] Meshing curve 3 order 2
Info    : [ 20%] Meshing curve 4 order 2
Info    : [ 30%] Meshing curve 5 order 2
Info    : [ 30%] Meshing curve 6 order 2
Info    : [ 40%] Meshing curve 7 order 2
Info    : [ 40%] Meshing curve 8 order 2
Info    : [ 50%] Meshing curve 9 order 2
Info    : [ 50%] Meshing curve 10 order 2
Info    : [ 60%] Meshing curve 11 order 2
Info    : [ 60%] Meshing curve 12 order 2
Info    : [ 70%] Meshing surface 1 order 2
Info    : [ 70%] Meshing surface 2 order 2
Info    : [ 80%] Meshing surface 3 order 2
Info    : [ 80%] Meshing surface 4 order 2
Info    : [ 90%] Meshing surface 5 order 2
Info    : [ 90%] Meshing surface 6 order 2
Info    : [100%] Meshing volume 1 order 2
Info    : [100%] Meshing volume 2 order 2
Info    : Surface mesh: worst distortion = 0.797589 (0 elements in ]0, 0.2]); worst gamma = 0.585747
Info    : Volume mesh: worst distortion = 0.266638 (0 elements in ]0, 0.2])
Info    : Done meshing order 2 (Wall 10.4139s, CPU 10.4129s)
Info    : Writing '/home/user/mscr-mom/현서/scripts/contact_scenarios/fea/matv2_mesh_PST0_phiN120_b0_s88.inp'...
Info    : Done writing '/home/user/mscr-mom/현서/scripts/contact_scenarios/fea/matv2_mesh_PST0_phiN120_b0_s88.inp'
  [PST0_phiN120_b0] [실패] (921.7s)
[PST0_phiN120_b0 7/8] L_M=0.0, phi=-120.0, beta=0.0, s=92.5mm, push_depth=0.1mm ...
Info    : Meshing 1D...
Info    : [  0%] Meshing curve 1 (BSpline)
Info    : [ 10%] Meshing curve 2 (Ellipse)
Info    : [ 20%] Meshing curve 3 (Ellipse)
Info    : [ 30%] Meshing curve 4 (BSpline)
Info    : [ 40%] Meshing curve 5 (BSpline)
Info    : [ 50%] Meshing curve 6 (BSpline)
Info    : [ 60%] Meshing curve 7 (BSpline)
Info    : [ 60%] Meshing curve 8 (BSpline)
Info    : [ 70%] Meshing curve 9 (BSpline)
Info    : [ 90%] Meshing curve 11 (Circle)
Info    : Done meshing 1D (Wall 0.0133481s, CPU 0.01231s)
Info    : Meshing 2D...
Info    : [  0%] Meshing surface 1 (Plane, Frontal-Delaunay)
Info    : [ 20%] Meshing surface 2 (Plane, Frontal-Delaunay)
Info    : [ 40%] Meshing surface 3 (BSpline surface, Frontal-Delaunay)
Info    : [ 60%] Meshing surface 4 (BSpline surface, Frontal-Delaunay)
Info    : [ 70%] Meshing surface 5 (Plane, Frontal-Delaunay)
Info    : [ 90%] Meshing surface 6 (Sphere, Frontal-Delaunay)
Info    : Done meshing 2D (Wall 0.774034s, CPU 0.773996s)
Info    : Meshing 3D...
Info    : 3D Meshing 2 volumes with 2 connected components
Info    : Tetrahedrizing 12436 nodes...
Info    : Done tetrahedrizing 12444 nodes (Wall 0.139501s, CPU 0.133502s)
Info    : Reconstructing mesh...
Info    :  - Creating surface mesh
Info    :  - Identifying boundary edges
Info    :  - Recovering boundary
Info    : Done reconstructing mesh (Wall 0.412156s, CPU 0.401129s)
Info    : Found volume 1
Info    : It. 0 - 0 nodes created - worst tet radius 1.06383 (nodes removed 0 0)
Info    : It. 500 - 500 nodes created - worst tet radius 1.00061 (nodes removed 0 0)
Info    : 3D refinement terminated (13155 nodes total):
Info    :  - 0 Delaunay cavities modified for star shapeness
Info    :  - 0 nodes could not be inserted
Info    :  - 42156 tetrahedra created in 0.0241281 sec. (1747175 tets/s)
Info    : 0 node relocations
Info    : Tetrahedrizing 131 nodes...
Info    : Done tetrahedrizing 139 nodes (Wall 0.000670194s, CPU 0.000671s)
Info    : Reconstructing mesh...
Info    :  - Creating surface mesh
Info    :  - Identifying boundary edges
Info    :  - Recovering boundary
Info    : Done reconstructing mesh (Wall 0.00156566s, CPU 0.00157s)
Info    : Found volume 2
Info    : It. 0 - 0 nodes created - worst tet radius 3.11899 (nodes removed 0 0)
Info    : 3D refinement terminated (12647 nodes total):
Info    :  - 1 Delaunay cavities modified for star shapeness
Info    :  - 0 nodes could not be inserted
Info    :  - 488 tetrahedra created in 0.00413661 sec. (117971 tets/s)
Info    : 0 node relocations
Info    : Done meshing 3D (Wall 0.696375s, CPU 0.68428s)
Info    : Optimizing mesh...
Info    : Optimizing volume 1
Info    : Optimization starts (volume = 235.593) with worst = 0.00548009 / average = 0.685809:
Info    : 0.00 < quality < 0.10 :       178 elements
Info    : 0.10 < quality < 0.20 :       424 elements
Info    : 0.20 < quality < 0.30 :       626 elements
Info    : 0.30 < quality < 0.40 :       861 elements
Info    : 0.40 < quality < 0.50 :      1292 elements
Info    : 0.50 < quality < 0.60 :      3739 elements
Info    : 0.60 < quality < 0.70 :     10889 elements
Info    : 0.70 < quality < 0.80 :     20103 elements
Info    : 0.80 < quality < 0.90 :      2261 elements
Info    : 0.90 < quality < 1.00 :      1783 elements
Info    : 1180 edge swaps, 27 node relocations (volume = 235.593): worst = 0.1252 / average = 0.702291 (Wall 0.0133544s, CPU 0.013353s)
Info    : 1229 edge swaps, 28 node relocations (volume = 235.593): worst = 0.127451 / average = 0.702784 (Wall 0.0161363s, CPU 0.016136s)
Info    : 1231 edge swaps, 28 node relocations (volume = 235.593): worst = 0.135547 / average = 0.702801 (Wall 0.0182068s, CPU 0.018208s)
Info    : 1234 edge swaps, 28 node relocations (volume = 235.593): worst = 0.135547 / average = 0.702833 (Wall 0.0201917s, CPU 0.020193s)
Info    : No ill-shaped tets in the mesh :-)
Info    : 0.00 < quality < 0.10 :         0 elements
Info    : 0.10 < quality < 0.20 :         2 elements
Info    : 0.20 < quality < 0.30 :        17 elements
Info    : 0.30 < quality < 0.40 :       732 elements
Info    : 0.40 < quality < 0.50 :      1075 elements
Info    : 0.50 < quality < 0.60 :      3689 elements
Info    : 0.60 < quality < 0.70 :     11422 elements
Info    : 0.70 < quality < 0.80 :     19867 elements
Info    : 0.80 < quality < 0.90 :      2444 elements
Info    : 0.90 < quality < 1.00 :      1782 elements
Info    : Optimizing volume 2
Info    : Optimization starts (volume = 0.256306) with worst = 0.0703988 / average = 0.745152:
Info    : 0.00 < quality < 0.10 :         2 elements
Info    : 0.10 < quality < 0.20 :         3 elements
Info    : 0.20 < quality < 0.30 :         6 elements
Info    : 0.30 < quality < 0.40 :         6 elements
Info    : 0.40 < quality < 0.50 :        15 elements
Info    : 0.50 < quality < 0.60 :        22 elements
Info    : 0.60 < quality < 0.70 :        68 elements
Info    : 0.70 < quality < 0.80 :       183 elements
Info    : 0.80 < quality < 0.90 :       146 elements
Info    : 0.90 < quality < 1.00 :        37 elements
Info    : 11 edge swaps, 0 node relocations (volume = 0.256306): worst = 0.321546 / average = 0.757786 (Wall 0.000129587s, CPU 0.00013s)
Info    : No ill-shaped tets in the mesh :-)
Info    : 0.00 < quality < 0.10 :         0 elements
Info    : 0.10 < quality < 0.20 :         0 elements
Info    : 0.20 < quality < 0.30 :         0 elements
Info    : 0.30 < quality < 0.40 :         7 elements
Info    : 0.40 < quality < 0.50 :        15 elements
Info    : 0.50 < quality < 0.60 :        21 elements
Info    : 0.60 < quality < 0.70 :        70 elements
Info    : 0.70 < quality < 0.80 :       181 elements
Info    : 0.80 < quality < 0.90 :       148 elements
Info    : 0.90 < quality < 1.00 :        37 elements
Info    : Done optimizing mesh (Wall 0.0427619s, CPU 0.042759s)
Info    : 13554 nodes 67882 elements
Info    : Meshing order 2 (curvilinear on)...
Info    : [  0%] Meshing curve 1 order 2
Info    : [ 10%] Meshing curve 2 order 2
Info    : [ 20%] Meshing curve 3 order 2
Info    : [ 20%] Meshing curve 4 order 2
Info    : [ 30%] Meshing curve 5 order 2
Info    : [ 30%] Meshing curve 6 order 2
Info    : [ 40%] Meshing curve 7 order 2
Info    : [ 40%] Meshing curve 8 order 2
Info    : [ 50%] Meshing curve 9 order 2
Info    : [ 50%] Meshing curve 10 order 2
Info    : [ 60%] Meshing curve 11 order 2
Info    : [ 60%] Meshing curve 12 order 2
Info    : [ 70%] Meshing surface 1 order 2
Info    : [ 70%] Meshing surface 2 order 2
Info    : [ 80%] Meshing surface 3 order 2
Info    : [ 80%] Meshing surface 4 order 2
Info    : [ 90%] Meshing surface 5 order 2
Info    : [ 90%] Meshing surface 6 order 2
Info    : [100%] Meshing volume 1 order 2
Info    : [100%] Meshing volume 2 order 2
Info    : Surface mesh: worst distortion = 0.797589 (0 elements in ]0, 0.2]); worst gamma = 0.355665
Info    : Volume mesh: worst distortion = 0.266638 (0 elements in ]0, 0.2])
Info    : Done meshing order 2 (Wall 11.1865s, CPU 11.1804s)
Info    : Writing '/home/user/mscr-mom/현서/scripts/contact_scenarios/fea/matv2_mesh_PST0_phiN120_b0_s92.inp'...
Info    : Done writing '/home/user/mscr-mom/현서/scripts/contact_scenarios/fea/matv2_mesh_PST0_phiN120_b0_s92.inp'
  [PST0_phiN120_b0] [실패] (745.9s)
[PST0_phiN120_b0 8/8] L_M=0.0, phi=-120.0, beta=0.0, s=97.5mm, push_depth=0.1mm ...
Info    : Meshing 1D...
Info    : [  0%] Meshing curve 1 (BSpline)
Info    : [ 10%] Meshing curve 2 (Ellipse)
Info    : [ 20%] Meshing curve 3 (Ellipse)
Info    : [ 30%] Meshing curve 4 (BSpline)
Info    : [ 40%] Meshing curve 5 (BSpline)
Info    : [ 50%] Meshing curve 6 (BSpline)
Info    : [ 60%] Meshing curve 7 (BSpline)
Info    : [ 60%] Meshing curve 8 (BSpline)
Info    : [ 70%] Meshing curve 9 (BSpline)
Info    : [ 90%] Meshing curve 11 (Circle)
Info    : Done meshing 1D (Wall 0.0132438s, CPU 0.013171s)
Info    : Meshing 2D...
Info    : [  0%] Meshing surface 1 (Plane, Frontal-Delaunay)
Info    : [ 20%] Meshing surface 2 (Plane, Frontal-Delaunay)
Info    : [ 40%] Meshing surface 3 (BSpline surface, Frontal-Delaunay)
Info    : [ 60%] Meshing surface 4 (BSpline surface, Frontal-Delaunay)
Info    : [ 70%] Meshing surface 5 (Plane, Frontal-Delaunay)
Info    : [ 90%] Meshing surface 6 (Sphere, Frontal-Delaunay)
Info    : Done meshing 2D (Wall 0.758529s, CPU 0.758146s)
Info    : Meshing 3D...
Info    : 3D Meshing 2 volumes with 2 connected components
Info    : Tetrahedrizing 12436 nodes...
Info    : Done tetrahedrizing 12444 nodes (Wall 0.131614s, CPU 0.12732s)
Info    : Reconstructing mesh...
Info    :  - Creating surface mesh
Info    :  - Identifying boundary edges
Info    :  - Recovering boundary
Info    : Done reconstructing mesh (Wall 0.350639s, CPU 0.340941s)
Info    : Found volume 1
Info    : It. 0 - 0 nodes created - worst tet radius 1.06383 (nodes removed 0 0)
Info    : It. 500 - 500 nodes created - worst tet radius 1.00061 (nodes removed 0 0)
Info    : 3D refinement terminated (13153 nodes total):
Info    :  - 0 Delaunay cavities modified for star shapeness
Info    :  - 0 nodes could not be inserted
Info    :  - 42156 tetrahedra created in 0.0275064 sec. (1532588 tets/s)
Info    : 0 node relocations
Info    : Tetrahedrizing 129 nodes...
Info    : Done tetrahedrizing 137 nodes (Wall 0.000724026s, CPU 0.000725s)
Info    : Reconstructing mesh...
Info    :  - Creating surface mesh
Info    :  - Identifying boundary edges
Info    :  - Recovering boundary
Info    : Done reconstructing mesh (Wall 0.00165848s, CPU 0.001656s)
Info    : Found volume 2
Info    : It. 0 - 0 nodes created - worst tet radius 3.03431 (nodes removed 0 0)
Info    : 3D refinement terminated (12643 nodes total):
Info    :  - 1 Delaunay cavities modified for star shapeness
Info    :  - 0 nodes could not be inserted
Info    :  - 468 tetrahedra created in 0.00500573 sec. (93492 tets/s)
Info    : 0 node relocations
Info    : Done meshing 3D (Wall 0.639826s, CPU 0.629783s)
Info    : Optimizing mesh...
Info    : Optimizing volume 1
Info    : Optimization starts (volume = 235.593) with worst = 0.00548009 / average = 0.685809:
Info    : 0.00 < quality < 0.10 :       178 elements
Info    : 0.10 < quality < 0.20 :       424 elements
Info    : 0.20 < quality < 0.30 :       626 elements
Info    : 0.30 < quality < 0.40 :       861 elements
Info    : 0.40 < quality < 0.50 :      1292 elements
Info    : 0.50 < quality < 0.60 :      3739 elements
Info    : 0.60 < quality < 0.70 :     10889 elements
Info    : 0.70 < quality < 0.80 :     20103 elements
Info    : 0.80 < quality < 0.90 :      2261 elements
Info    : 0.90 < quality < 1.00 :      1783 elements
Info    : 1180 edge swaps, 27 node relocations (volume = 235.593): worst = 0.1252 / average = 0.702291 (Wall 0.0165169s, CPU 0.016516s)
Info    : 1229 edge swaps, 28 node relocations (volume = 235.593): worst = 0.127451 / average = 0.702784 (Wall 0.0203908s, CPU 0.020391s)
Info    : 1231 edge swaps, 28 node relocations (volume = 235.593): worst = 0.135547 / average = 0.702801 (Wall 0.0233479s, CPU 0.023348s)
Info    : 1234 edge swaps, 28 node relocations (volume = 235.593): worst = 0.135547 / average = 0.702833 (Wall 0.026097s, CPU 0.026097s)
Info    : No ill-shaped tets in the mesh :-)
Info    : 0.00 < quality < 0.10 :         0 elements
Info    : 0.10 < quality < 0.20 :         2 elements
Info    : 0.20 < quality < 0.30 :        17 elements
Info    : 0.30 < quality < 0.40 :       732 elements
Info    : 0.40 < quality < 0.50 :      1075 elements
Info    : 0.50 < quality < 0.60 :      3689 elements
Info    : 0.60 < quality < 0.70 :     11422 elements
Info    : 0.70 < quality < 0.80 :     19867 elements
Info    : 0.80 < quality < 0.90 :      2444 elements
Info    : 0.90 < quality < 1.00 :      1782 elements
Info    : Optimizing volume 2
Info    : Optimization starts (volume = 0.256105) with worst = 0.112744 / average = 0.742619:
Info    : 0.00 < quality < 0.10 :         0 elements
Info    : 0.10 < quality < 0.20 :         3 elements
Info    : 0.20 < quality < 0.30 :         5 elements
Info    : 0.30 < quality < 0.40 :         7 elements
Info    : 0.40 < quality < 0.50 :        21 elements
Info    : 0.50 < quality < 0.60 :        19 elements
Info    : 0.60 < quality < 0.70 :        67 elements
Info    : 0.70 < quality < 0.80 :       177 elements
Info    : 0.80 < quality < 0.90 :       135 elements
Info    : 0.90 < quality < 1.00 :        34 elements
Info    : 7 edge swaps, 0 node relocations (volume = 0.256105): worst = 0.185157 / average = 0.750517 (Wall 0.000115877s, CPU 0.000117s)
Info    : No ill-shaped tets in the mesh :-)
Info    : 0.00 < quality < 0.10 :         0 elements
Info    : 0.10 < quality < 0.20 :         1 elements
Info    : 0.20 < quality < 0.30 :         0 elements
Info    : 0.30 < quality < 0.40 :         6 elements
Info    : 0.40 < quality < 0.50 :        23 elements
Info    : 0.50 < quality < 0.60 :        18 elements
Info    : 0.60 < quality < 0.70 :        68 elements
Info    : 0.70 < quality < 0.80 :       175 elements
Info    : 0.80 < quality < 0.90 :       138 elements
Info    : 0.90 < quality < 1.00 :        33 elements
Info    : Done optimizing mesh (Wall 0.0570128s, CPU 0.056016s)
Info    : 13550 nodes 67861 elements
Info    : Meshing order 2 (curvilinear on)...
Info    : [  0%] Meshing curve 1 order 2
Info    : [ 10%] Meshing curve 2 order 2
Info    : [ 20%] Meshing curve 3 order 2
Info    : [ 20%] Meshing curve 4 order 2
Info    : [ 30%] Meshing curve 5 order 2
Info    : [ 30%] Meshing curve 6 order 2
Info    : [ 40%] Meshing curve 7 order 2
Info    : [ 40%] Meshing curve 8 order 2
Info    : [ 50%] Meshing curve 9 order 2
Info    : [ 50%] Meshing curve 10 order 2
Info    : [ 60%] Meshing curve 11 order 2
Info    : [ 60%] Meshing curve 12 order 2
Info    : [ 70%] Meshing surface 1 order 2
Info    : [ 70%] Meshing surface 2 order 2
Info    : [ 80%] Meshing surface 3 order 2
Info    : [ 80%] Meshing surface 4 order 2
Info    : [ 90%] Meshing surface 5 order 2
Info    : [ 90%] Meshing surface 6 order 2
Info    : [100%] Meshing volume 1 order 2
Info    : [100%] Meshing volume 2 order 2
Info    : Surface mesh: worst distortion = 0.797589 (0 elements in ]0, 0.2]); worst gamma = 0.171812
Info    : Volume mesh: worst distortion = 0.266638 (0 elements in ]0, 0.2])
Info    : Done meshing order 2 (Wall 10.5471s, CPU 10.5434s)
Info    : Writing '/home/user/mscr-mom/현서/scripts/contact_scenarios/fea/matv2_mesh_PST0_phiN120_b0_s98.inp'...
Info    : Done writing '/home/user/mscr-mom/현서/scripts/contact_scenarios/fea/matv2_mesh_PST0_phiN120_b0_s98.inp'
  [PST0_phiN120_b0] [실패] (1186.1s)
[PST0_phiN120_b0] 완료: 1/8 성공
