[STB0_phiP90_s40_v0001_b0 1/1] L_M=0.0, phi=90.0, beta=0.0, s=40.0mm, push_depth=0.1mm ...
Info    : Meshing 1D...
Info    : [  0%] Meshing curve 1 (BSpline)
Info    : [ 10%] Meshing curve 2 (Ellipse)
Info    : [ 20%] Meshing curve 3 (Ellipse)
Info    : [ 30%] Meshing curve 4 (BSpline)
Info    : [ 40%] Meshing curve 5 (BSpline)
Info    : [ 50%] Meshing curve 6 (BSpline)
Info    : [ 60%] Meshing curve 7 (BSpline)
Info    : [ 60%] Meshing curve 8 (BSpline)
Info    : [ 70%] Meshing curve 9 (BSpline)
Info    : [ 90%] Meshing curve 11 (Circle)
Info    : Done meshing 1D (Wall 0.0157164s, CPU 0.015636s)
Info    : Meshing 2D...
Info    : [  0%] Meshing surface 1 (Plane, Frontal-Delaunay)
Info    : [ 20%] Meshing surface 2 (Plane, Frontal-Delaunay)
Info    : [ 40%] Meshing surface 3 (BSpline surface, Frontal-Delaunay)
Info    : [ 60%] Meshing surface 4 (BSpline surface, Frontal-Delaunay)
Info    : [ 70%] Meshing surface 5 (Plane, Frontal-Delaunay)
Info    : [ 90%] Meshing surface 6 (Sphere, Frontal-Delaunay)
Info    : Done meshing 2D (Wall 1.21888s, CPU 1.16934s)
Info    : Meshing 3D...
Info    : 3D Meshing 2 volumes with 2 connected components
Info    : Tetrahedrizing 12479 nodes...
Info    : Done tetrahedrizing 12487 nodes (Wall 0.200885s, CPU 0.18247s)
Info    : Reconstructing mesh...
Info    :  - Creating surface mesh
Info    :  - Identifying boundary edges
Info    :  - Recovering boundary
Info    : Done reconstructing mesh (Wall 0.547317s, CPU 0.49078s)
Info    : Found volume 1
Info    : It. 0 - 0 nodes created - worst tet radius 1.07665 (nodes removed 0 0)
Info    : It. 500 - 500 nodes created - worst tet radius 0.999974 (nodes removed 0 0)
Info    : 3D refinement terminated (13165 nodes total):
Info    :  - 0 Delaunay cavities modified for star shapeness
Info    :  - 0 nodes could not be inserted
Info    :  - 41753 tetrahedra created in 0.0405086 sec. (1030719 tets/s)
Info    : 0 node relocations
Info    : Tetrahedrizing 132 nodes...
Info    : Done tetrahedrizing 140 nodes (Wall 0.000842198s, CPU 0.000842s)
Info    : Reconstructing mesh...
Info    :  - Creating surface mesh
Info    :  - Identifying boundary edges
Info    :  - Recovering boundary
Info    : Done reconstructing mesh (Wall 0.00205212s, CPU 0.002044s)
Info    : Found volume 2
Info    : It. 0 - 0 nodes created - worst tet radius 3.17744 (nodes removed 0 0)
Info    : 3D refinement terminated (12695 nodes total):
Info    :  - 0 Delaunay cavities modified for star shapeness
Info    :  - 0 nodes could not be inserted
Info    :  - 525 tetrahedra created in 0.00928591 sec. (56537 tets/s)
Info    : 0 node relocations
Info    : Done meshing 3D (Wall 0.968381s, CPU 0.911767s)
Info    : Optimizing mesh...
Info    : Optimizing volume 1
Info    : Optimization starts (volume = 235.621) with worst = 0.000828665 / average = 0.688912:
Info    : 0.00 < quality < 0.10 :       251 elements
Info    : 0.10 < quality < 0.20 :       255 elements
Info    : 0.20 < quality < 0.30 :       491 elements
Info    : 0.30 < quality < 0.40 :       608 elements
Info    : 0.40 < quality < 0.50 :       979 elements
Info    : 0.50 < quality < 0.60 :      3260 elements
Info    : 0.60 < quality < 0.70 :     12583 elements
Info    : 0.70 < quality < 0.80 :     19616 elements
Info    : 0.80 < quality < 0.90 :      2060 elements
Info    : 0.90 < quality < 1.00 :      1650 elements
Info    : 950 edge swaps, 13 node relocations (volume = 235.621): worst = 0.11034 / average = 0.702421 (Wall 0.0293199s, CPU 0.029319s)
Info    : 985 edge swaps, 14 node relocations (volume = 235.621): worst = 0.16112 / average = 0.702785 (Wall 0.0374861s, CPU 0.037486s)
Info    : 986 edge swaps, 14 node relocations (volume = 235.621): worst = 0.16112 / average = 0.702799 (Wall 0.0437618s, CPU 0.043751s)
Info    : No ill-shaped tets in the mesh :-)
Info    : 0.00 < quality < 0.10 :         0 elements
Info    : 0.10 < quality < 0.20 :         1 elements
Info    : 0.20 < quality < 0.30 :         7 elements
Info    : 0.30 < quality < 0.40 :       473 elements
Info    : 0.40 < quality < 0.50 :       835 elements
Info    : 0.50 < quality < 0.60 :      3370 elements
Info    : 0.60 < quality < 0.70 :     12922 elements
Info    : 0.70 < quality < 0.80 :     19346 elements
Info    : 0.80 < quality < 0.90 :      2240 elements
Info    : 0.90 < quality < 1.00 :      1649 elements
Info    : Optimizing volume 2
Info    : Optimization starts (volume = 0.256468) with worst = 0.0893956 / average = 0.743207:
Info    : 0.00 < quality < 0.10 :         1 elements
Info    : 0.10 < quality < 0.20 :         3 elements
Info    : 0.20 < quality < 0.30 :         5 elements
Info    : 0.30 < quality < 0.40 :        14 elements
Info    : 0.40 < quality < 0.50 :        25 elements
Info    : 0.50 < quality < 0.60 :        23 elements
Info    : 0.60 < quality < 0.70 :        77 elements
Info    : 0.70 < quality < 0.80 :       169 elements
Info    : 0.80 < quality < 0.90 :       156 elements
Info    : 0.90 < quality < 1.00 :        52 elements
Info    : 9 edge swaps, 0 node relocations (volume = 0.256468): worst = 0.319299 / average = 0.754912 (Wall 0.000121797s, CPU 0.000126s)
Info    : No ill-shaped tets in the mesh :-)
Info    : 0.00 < quality < 0.10 :         0 elements
Info    : 0.10 < quality < 0.20 :         0 elements
Info    : 0.20 < quality < 0.30 :         0 elements
Info    : 0.30 < quality < 0.40 :        14 elements
Info    : 0.40 < quality < 0.50 :        24 elements
Info    : 0.50 < quality < 0.60 :        20 elements
Info    : 0.60 < quality < 0.70 :        78 elements
Info    : 0.70 < quality < 0.80 :       168 elements
Info    : 0.80 < quality < 0.90 :       160 elements
Info    : 0.90 < quality < 1.00 :        52 elements
Info    : Done optimizing mesh (Wall 0.0934598s, CPU 0.093437s)
Info    : 13568 nodes 67800 elements
Info    : Meshing order 2 (curvilinear on)...
Info    : [  0%] Meshing curve 1 order 2
Info    : [ 10%] Meshing curve 2 order 2
Info    : [ 20%] Meshing curve 3 order 2
Info    : [ 20%] Meshing curve 4 order 2
Info    : [ 30%] Meshing curve 5 order 2
Info    : [ 30%] Meshing curve 6 order 2
Info    : [ 40%] Meshing curve 7 order 2
Info    : [ 40%] Meshing curve 8 order 2
Info    : [ 50%] Meshing curve 9 order 2
Info    : [ 50%] Meshing curve 10 order 2
Info    : [ 60%] Meshing curve 11 order 2
Info    : [ 60%] Meshing curve 12 order 2
Info    : [ 70%] Meshing surface 1 order 2
Info    : [ 70%] Meshing surface 2 order 2
Info    : [ 80%] Meshing surface 3 order 2
Info    : [ 80%] Meshing surface 4 order 2
Info    : [ 90%] Meshing surface 5 order 2
Info    : [ 90%] Meshing surface 6 order 2
Info    : [100%] Meshing volume 1 order 2
Info    : [100%] Meshing volume 2 order 2
Info    : Surface mesh: worst distortion = 0.797589 (0 elements in ]0, 0.2]); worst gamma = 0.499267
Info    : Volume mesh: worst distortion = 0.270923 (0 elements in ]0, 0.2])
Info    : Done meshing order 2 (Wall 11.3777s, CPU 11.3651s)
Info    : Writing '/home/user/mscr-mom/현서/scripts/contact_scenarios/fea/matv2_mesh_STB0_phiP90_s40_v0001_b0_s40.inp'...
Info    : Done writing '/home/user/mscr-mom/현서/scripts/contact_scenarios/fea/matv2_mesh_STB0_phiP90_s40_v0001_b0_s40.inp'
