[LM75_phiN90_b0 1/10] L_M=75.0, phi=-90.0, beta=0.0, s=10.0mm, push_depth=0.1mm ...
Info    : Meshing 1D...
Info    : [  0%] Meshing curve 1 (BSpline)
Info    : [ 10%] Meshing curve 2 (Ellipse)
Info    : [ 20%] Meshing curve 3 (Ellipse)
Info    : [ 30%] Meshing curve 4 (BSpline)
Info    : [ 40%] Meshing curve 5 (BSpline)
Info    : [ 50%] Meshing curve 6 (BSpline)
Info    : [ 60%] Meshing curve 7 (BSpline)
Info    : [ 60%] Meshing curve 8 (BSpline)
Info    : [ 70%] Meshing curve 9 (BSpline)
Info    : [ 90%] Meshing curve 11 (Circle)
Info    : Done meshing 1D (Wall 0.0203673s, CPU 0.020356s)
Info    : Meshing 2D...
Info    : [  0%] Meshing surface 1 (Plane, Frontal-Delaunay)
Info    : [ 20%] Meshing surface 2 (Plane, Frontal-Delaunay)
Info    : [ 40%] Meshing surface 3 (BSpline surface, Frontal-Delaunay)
Info    : [ 60%] Meshing surface 4 (BSpline surface, Frontal-Delaunay)
Info    : [ 70%] Meshing surface 5 (Plane, Frontal-Delaunay)
Info    : [ 90%] Meshing surface 6 (Sphere, Frontal-Delaunay)
Info    : Done meshing 2D (Wall 0.751571s, CPU 0.748988s)
Info    : Meshing 3D...
Info    : 3D Meshing 2 volumes with 2 connected components
Info    : Tetrahedrizing 12463 nodes...
Info    : Done tetrahedrizing 12471 nodes (Wall 0.1534s, CPU 0.139412s)
Info    : Reconstructing mesh...
Info    :  - Creating surface mesh
Info    :  - Identifying boundary edges
Info    :  - Recovering boundary
Info    : Done reconstructing mesh (Wall 0.389435s, CPU 0.353414s)
Info    : Found volume 1
Info    : It. 0 - 0 nodes created - worst tet radius 1.03917 (nodes removed 0 0)
Info    : 3D refinement terminated (13093 nodes total):
Info    :  - 0 Delaunay cavities modified for star shapeness
Info    :  - 0 nodes could not be inserted
Info    :  - 41688 tetrahedra created in 0.0226877 sec. (1837469 tets/s)
Info    : 0 node relocations
Info    : Tetrahedrizing 131 nodes...
Info    : Done tetrahedrizing 139 nodes (Wall 0.000686639s, CPU 0.000687s)
Info    : Reconstructing mesh...
Info    :  - Creating surface mesh
Info    :  - Identifying boundary edges
Info    :  - Recovering boundary
Info    : Done reconstructing mesh (Wall 0.00158919s, CPU 0.00159s)
Info    : Found volume 2
Info    : It. 0 - 0 nodes created - worst tet radius 3.14107 (nodes removed 0 0)
Info    : 3D refinement terminated (12674 nodes total):
Info    :  - 0 Delaunay cavities modified for star shapeness
Info    :  - 0 nodes could not be inserted
Info    :  - 501 tetrahedra created in 0.00370841 sec. (135098 tets/s)
Info    : 0 node relocations
Info    : Done meshing 3D (Wall 0.678196s, CPU 0.640109s)
Info    : Optimizing mesh...
Info    : Optimizing volume 1
Info    : Optimization starts (volume = 235.611) with worst = 0.0043381 / average = 0.681936:
Info    : 0.00 < quality < 0.10 :       193 elements
Info    : 0.10 < quality < 0.20 :       445 elements
Info    : 0.20 < quality < 0.30 :       656 elements
Info    : 0.30 < quality < 0.40 :       760 elements
Info    : 0.40 < quality < 0.50 :      1337 elements
Info    : 0.50 < quality < 0.60 :      3882 elements
Info    : 0.60 < quality < 0.70 :     10689 elements
Info    : 0.70 < quality < 0.80 :     20500 elements
Info    : 0.80 < quality < 0.90 :      1780 elements
Info    : 0.90 < quality < 1.00 :      1446 elements
Info    : 1229 edge swaps, 18 node relocations (volume = 235.611): worst = 0.124373 / average = 0.698956 (Wall 0.0128892s, CPU 0.01289s)
Info    : 1276 edge swaps, 19 node relocations (volume = 235.611): worst = 0.124373 / average = 0.699527 (Wall 0.0153669s, CPU 0.015369s)
Info    : No ill-shaped tets in the mesh :-)
Info    : 0.00 < quality < 0.10 :         0 elements
Info    : 0.10 < quality < 0.20 :         4 elements
Info    : 0.20 < quality < 0.30 :        13 elements
Info    : 0.30 < quality < 0.40 :       670 elements
Info    : 0.40 < quality < 0.50 :      1127 elements
Info    : 0.50 < quality < 0.60 :      3826 elements
Info    : 0.60 < quality < 0.70 :     11198 elements
Info    : 0.70 < quality < 0.80 :     20313 elements
Info    : 0.80 < quality < 0.90 :      1914 elements
Info    : 0.90 < quality < 1.00 :      1449 elements
Info    : Optimizing volume 2
Info    : Optimization starts (volume = 0.25645) with worst = 0.0401763 / average = 0.723163:
Info    : 0.00 < quality < 0.10 :         2 elements
Info    : 0.10 < quality < 0.20 :         5 elements
Info    : 0.20 < quality < 0.30 :         4 elements
Info    : 0.30 < quality < 0.40 :        19 elements
Info    : 0.40 < quality < 0.50 :        23 elements
Info    : 0.50 < quality < 0.60 :        30 elements
Info    : 0.60 < quality < 0.70 :        67 elements
Info    : 0.70 < quality < 0.80 :       188 elements
Info    : 0.80 < quality < 0.90 :       122 elements
Info    : 0.90 < quality < 1.00 :        41 elements
Info    : 11 edge swaps, 0 node relocations (volume = 0.25645): worst = 0.306492 / average = 0.738495 (Wall 0.000112682s, CPU 0.000113s)
Info    : No ill-shaped tets in the mesh :-)
Info    : 0.00 < quality < 0.10 :         0 elements
Info    : 0.10 < quality < 0.20 :         0 elements
Info    : 0.20 < quality < 0.30 :         0 elements
Info    : 0.30 < quality < 0.40 :        19 elements
Info    : 0.40 < quality < 0.50 :        20 elements
Info    : 0.50 < quality < 0.60 :        28 elements
Info    : 0.60 < quality < 0.70 :        68 elements
Info    : 0.70 < quality < 0.80 :       189 elements
Info    : 0.80 < quality < 0.90 :       125 elements
Info    : 0.90 < quality < 1.00 :        41 elements
Info    : Done optimizing mesh (Wall 0.0384529s, CPU 0.038451s)
Info    : 13492 nodes 67447 elements
Info    : Meshing order 2 (curvilinear on)...
Info    : [  0%] Meshing curve 1 order 2
Info    : [ 10%] Meshing curve 2 order 2
Info    : [ 20%] Meshing curve 3 order 2
Info    : [ 20%] Meshing curve 4 order 2
Info    : [ 30%] Meshing curve 5 order 2
Info    : [ 30%] Meshing curve 6 order 2
Info    : [ 40%] Meshing curve 7 order 2
Info    : [ 40%] Meshing curve 8 order 2
Info    : [ 50%] Meshing curve 9 order 2
Info    : [ 50%] Meshing curve 10 order 2
Info    : [ 60%] Meshing curve 11 order 2
Info    : [ 60%] Meshing curve 12 order 2
Info    : [ 70%] Meshing surface 1 order 2
Info    : [ 70%] Meshing surface 2 order 2
Info    : [ 80%] Meshing surface 3 order 2
Info    : [ 80%] Meshing surface 4 order 2
Info    : [ 90%] Meshing surface 5 order 2
Info    : [ 90%] Meshing surface 6 order 2
Info    : [100%] Meshing volume 1 order 2
Info    : [100%] Meshing volume 2 order 2
Info    : Surface mesh: worst distortion = 0.797589 (0 elements in ]0, 0.2]); worst gamma = 0.715849
Warning : Volume mesh: worst distortion = -0.0455084 (avg = 0.960253, 1 elements with jac. < 0)
Info    : Done meshing order 2 (Wall 12.5781s, CPU 12.5736s)
Info    : Writing '/home/user/mscr-mom/현서/scripts/contact_scenarios/fea/matv2_mesh_LM75_phiN90_b0_s10.inp'...
Info    : Done writing '/home/user/mscr-mom/현서/scripts/contact_scenarios/fea/matv2_mesh_LM75_phiN90_b0_s10.inp'
  [LM75_phiN90_b0] [실패] (17.4s)
[LM75_phiN90_b0 2/10] L_M=75.0, phi=-90.0, beta=0.0, s=20.0mm, push_depth=0.1mm ...
Info    : Meshing 1D...
Info    : [  0%] Meshing curve 1 (BSpline)
Info    : [ 10%] Meshing curve 2 (Ellipse)
Info    : [ 20%] Meshing curve 3 (Ellipse)
Info    : [ 30%] Meshing curve 4 (BSpline)
Info    : [ 40%] Meshing curve 5 (BSpline)
Info    : [ 50%] Meshing curve 6 (BSpline)
Info    : [ 60%] Meshing curve 7 (BSpline)
Info    : [ 60%] Meshing curve 8 (BSpline)
Info    : [ 70%] Meshing curve 9 (BSpline)
Info    : [ 90%] Meshing curve 11 (Circle)
Info    : Done meshing 1D (Wall 0.019674s, CPU 0.019675s)
Info    : Meshing 2D...
Info    : [  0%] Meshing surface 1 (Plane, Frontal-Delaunay)
Info    : [ 20%] Meshing surface 2 (Plane, Frontal-Delaunay)
Info    : [ 40%] Meshing surface 3 (BSpline surface, Frontal-Delaunay)
Info    : [ 60%] Meshing surface 4 (BSpline surface, Frontal-Delaunay)
Info    : [ 70%] Meshing surface 5 (Plane, Frontal-Delaunay)
Info    : [ 90%] Meshing surface 6 (Sphere, Frontal-Delaunay)
Info    : Done meshing 2D (Wall 0.719929s, CPU 0.719887s)
Info    : Meshing 3D...
Info    : 3D Meshing 2 volumes with 2 connected components
Info    : Tetrahedrizing 12463 nodes...
Info    : Done tetrahedrizing 12471 nodes (Wall 0.145856s, CPU 0.138851s)
Info    : Reconstructing mesh...
Info    :  - Creating surface mesh
Info    :  - Identifying boundary edges
Info    :  - Recovering boundary
Info    : Done reconstructing mesh (Wall 0.359257s, CPU 0.340245s)
Info    : Found volume 1
Info    : It. 0 - 0 nodes created - worst tet radius 1.03917 (nodes removed 0 0)
Info    : 3D refinement terminated (13093 nodes total):
Info    :  - 0 Delaunay cavities modified for star shapeness
Info    :  - 0 nodes could not be inserted
Info    :  - 41688 tetrahedra created in 0.0196933 sec. (2116864 tets/s)
Info    : 0 node relocations
Info    : Tetrahedrizing 131 nodes...
Info    : Done tetrahedrizing 139 nodes (Wall 0.000697155s, CPU 0.000698s)
Info    : Reconstructing mesh...
Info    :  - Creating surface mesh
Info    :  - Identifying boundary edges
Info    :  - Recovering boundary
Info    : Done reconstructing mesh (Wall 0.00161252s, CPU 0.001616s)
Info    : Found volume 2
Info    : It. 0 - 0 nodes created - worst tet radius 3.14022 (nodes removed 0 0)
Info    : 3D refinement terminated (12673 nodes total):
Info    :  - 0 Delaunay cavities modified for star shapeness
Info    :  - 0 nodes could not be inserted
Info    :  - 474 tetrahedra created in 0.00252607 sec. (187643 tets/s)
Info    : 0 node relocations
Info    : Done meshing 3D (Wall 0.617426s, CPU 0.5984s)
Info    : Optimizing mesh...
Info    : Optimizing volume 1
Info    : Optimization starts (volume = 235.611) with worst = 0.0043381 / average = 0.681936:
Info    : 0.00 < quality < 0.10 :       193 elements
Info    : 0.10 < quality < 0.20 :       445 elements
Info    : 0.20 < quality < 0.30 :       656 elements
Info    : 0.30 < quality < 0.40 :       760 elements
Info    : 0.40 < quality < 0.50 :      1337 elements
Info    : 0.50 < quality < 0.60 :      3882 elements
Info    : 0.60 < quality < 0.70 :     10689 elements
Info    : 0.70 < quality < 0.80 :     20500 elements
Info    : 0.80 < quality < 0.90 :      1780 elements
Info    : 0.90 < quality < 1.00 :      1446 elements
Info    : 1229 edge swaps, 18 node relocations (volume = 235.611): worst = 0.124373 / average = 0.698956 (Wall 0.0172174s, CPU 0.017216s)
Info    : 1276 edge swaps, 19 node relocations (volume = 235.611): worst = 0.124373 / average = 0.699527 (Wall 0.0211223s, CPU 0.021054s)
Info    : No ill-shaped tets in the mesh :-)
Info    : 0.00 < quality < 0.10 :         0 elements
Info    : 0.10 < quality < 0.20 :         4 elements
Info    : 0.20 < quality < 0.30 :        13 elements
Info    : 0.30 < quality < 0.40 :       670 elements
Info    : 0.40 < quality < 0.50 :      1127 elements
Info    : 0.50 < quality < 0.60 :      3826 elements
Info    : 0.60 < quality < 0.70 :     11198 elements
Info    : 0.70 < quality < 0.80 :     20313 elements
Info    : 0.80 < quality < 0.90 :      1914 elements
Info    : 0.90 < quality < 1.00 :      1449 elements
Info    : Optimizing volume 2
Info    : Optimization starts (volume = 0.256422) with worst = 0.0624585 / average = 0.751959:
Info    : 0.00 < quality < 0.10 :         1 elements
Info    : 0.10 < quality < 0.20 :         1 elements
Info    : 0.20 < quality < 0.30 :         4 elements
Info    : 0.30 < quality < 0.40 :         8 elements
Info    : 0.40 < quality < 0.50 :         8 elements
Info    : 0.50 < quality < 0.60 :        19 elements
Info    : 0.60 < quality < 0.70 :        80 elements
Info    : 0.70 < quality < 0.80 :       185 elements
Info    : 0.80 < quality < 0.90 :       128 elements
Info    : 0.90 < quality < 1.00 :        40 elements
Info    : 6 edge swaps, 0 node relocations (volume = 0.256422): worst = 0.301484 / average = 0.760976 (Wall 0.000184792s, CPU 0.000113s)
Info    : No ill-shaped tets in the mesh :-)
Info    : 0.00 < quality < 0.10 :         0 elements
Info    : 0.10 < quality < 0.20 :         0 elements
Info    : 0.20 < quality < 0.30 :         0 elements
Info    : 0.30 < quality < 0.40 :         8 elements
Info    : 0.40 < quality < 0.50 :         7 elements
Info    : 0.50 < quality < 0.60 :        16 elements
Info    : 0.60 < quality < 0.70 :        79 elements
Info    : 0.70 < quality < 0.80 :       189 elements
Info    : 0.80 < quality < 0.90 :       129 elements
Info    : 0.90 < quality < 1.00 :        40 elements
Info    : Done optimizing mesh (Wall 0.0476263s, CPU 0.047282s)
Info    : 13491 nodes 67425 elements
Info    : Meshing order 2 (curvilinear on)...
Info    : [  0%] Meshing curve 1 order 2
Info    : [ 10%] Meshing curve 2 order 2
Info    : [ 20%] Meshing curve 3 order 2
Info    : [ 20%] Meshing curve 4 order 2
Info    : [ 30%] Meshing curve 5 order 2
Info    : [ 30%] Meshing curve 6 order 2
Info    : [ 40%] Meshing curve 7 order 2
Info    : [ 40%] Meshing curve 8 order 2
Info    : [ 50%] Meshing curve 9 order 2
Info    : [ 50%] Meshing curve 10 order 2
Info    : [ 60%] Meshing curve 11 order 2
Info    : [ 60%] Meshing curve 12 order 2
Info    : [ 70%] Meshing surface 1 order 2
Info    : [ 70%] Meshing surface 2 order 2
Info    : [ 80%] Meshing surface 3 order 2
Info    : [ 80%] Meshing surface 4 order 2
Info    : [ 90%] Meshing surface 5 order 2
Info    : [ 90%] Meshing surface 6 order 2
Info    : [100%] Meshing volume 1 order 2
Info    : [100%] Meshing volume 2 order 2
Info    : Surface mesh: worst distortion = 0.797589 (0 elements in ]0, 0.2]); worst gamma = 0.715849
Warning : Volume mesh: worst distortion = -0.0455084 (avg = 0.960257, 1 elements with jac. < 0)
Info    : Done meshing order 2 (Wall 12.5213s, CPU 12.5166s)
Info    : Writing '/home/user/mscr-mom/현서/scripts/contact_scenarios/fea/matv2_mesh_LM75_phiN90_b0_s20.inp'...
Info    : Done writing '/home/user/mscr-mom/현서/scripts/contact_scenarios/fea/matv2_mesh_LM75_phiN90_b0_s20.inp'
  [LM75_phiN90_b0] [실패] (17.2s)
[LM75_phiN90_b0 3/10] L_M=75.0, phi=-90.0, beta=0.0, s=30.0mm, push_depth=0.1mm ...
Info    : Meshing 1D...
Info    : [  0%] Meshing curve 1 (BSpline)
Info    : [ 10%] Meshing curve 2 (Ellipse)
Info    : [ 20%] Meshing curve 3 (Ellipse)
Info    : [ 30%] Meshing curve 4 (BSpline)
Info    : [ 40%] Meshing curve 5 (BSpline)
Info    : [ 50%] Meshing curve 6 (BSpline)
Info    : [ 60%] Meshing curve 7 (BSpline)
Info    : [ 60%] Meshing curve 8 (BSpline)
Info    : [ 70%] Meshing curve 9 (BSpline)
Info    : [ 90%] Meshing curve 11 (Circle)
Info    : Done meshing 1D (Wall 0.0218313s, CPU 0.021823s)
Info    : Meshing 2D...
Info    : [  0%] Meshing surface 1 (Plane, Frontal-Delaunay)
Info    : [ 20%] Meshing surface 2 (Plane, Frontal-Delaunay)
Info    : [ 40%] Meshing surface 3 (BSpline surface, Frontal-Delaunay)
Info    : [ 60%] Meshing surface 4 (BSpline surface, Frontal-Delaunay)
Info    : [ 70%] Meshing surface 5 (Plane, Frontal-Delaunay)
Info    : [ 90%] Meshing surface 6 (Sphere, Frontal-Delaunay)
Info    : Done meshing 2D (Wall 0.730452s, CPU 0.730418s)
Info    : Meshing 3D...
Info    : 3D Meshing 2 volumes with 2 connected components
Info    : Tetrahedrizing 12463 nodes...
Info    : Done tetrahedrizing 12471 nodes (Wall 0.165208s, CPU 0.158202s)
Info    : Reconstructing mesh...
Info    :  - Creating surface mesh
Info    :  - Identifying boundary edges
Info    :  - Recovering boundary
Info    : Done reconstructing mesh (Wall 0.385315s, CPU 0.371248s)
Info    : Found volume 1
Info    : It. 0 - 0 nodes created - worst tet radius 1.03917 (nodes removed 0 0)
Info    : 3D refinement terminated (13093 nodes total):
Info    :  - 0 Delaunay cavities modified for star shapeness
Info    :  - 0 nodes could not be inserted
Info    :  - 41688 tetrahedra created in 0.0243401 sec. (1712726 tets/s)
Info    : 0 node relocations
Info    : Tetrahedrizing 131 nodes...
Info    : Done tetrahedrizing 139 nodes (Wall 0.000710476s, CPU 0.000711s)
Info    : Reconstructing mesh...
Info    :  - Creating surface mesh
Info    :  - Identifying boundary edges
Info    :  - Recovering boundary
Info    : Done reconstructing mesh (Wall 0.00162663s, CPU 0.001628s)
Info    : Found volume 2
Info    : It. 0 - 0 nodes created - worst tet radius 3.14022 (nodes removed 0 0)
Info    : 3D refinement terminated (12673 nodes total):
Info    :  - 0 Delaunay cavities modified for star shapeness
Info    :  - 0 nodes could not be inserted
Info    :  - 474 tetrahedra created in 0.00249743 sec. (189795 tets/s)
Info    : 0 node relocations
Info    : Done meshing 3D (Wall 0.675577s, CPU 0.661485s)
Info    : Optimizing mesh...
Info    : Optimizing volume 1
Info    : Optimization starts (volume = 235.611) with worst = 0.0043381 / average = 0.681936:
Info    : 0.00 < quality < 0.10 :       193 elements
Info    : 0.10 < quality < 0.20 :       445 elements
Info    : 0.20 < quality < 0.30 :       656 elements
Info    : 0.30 < quality < 0.40 :       760 elements
Info    : 0.40 < quality < 0.50 :      1337 elements
Info    : 0.50 < quality < 0.60 :      3882 elements
Info    : 0.60 < quality < 0.70 :     10689 elements
Info    : 0.70 < quality < 0.80 :     20500 elements
Info    : 0.80 < quality < 0.90 :      1780 elements
Info    : 0.90 < quality < 1.00 :      1446 elements
Info    : 1229 edge swaps, 18 node relocations (volume = 235.611): worst = 0.124373 / average = 0.698956 (Wall 0.0130286s, CPU 0.01303s)
Info    : 1276 edge swaps, 19 node relocations (volume = 235.611): worst = 0.124373 / average = 0.699527 (Wall 0.0155427s, CPU 0.015545s)
Info    : No ill-shaped tets in the mesh :-)
Info    : 0.00 < quality < 0.10 :         0 elements
Info    : 0.10 < quality < 0.20 :         4 elements
Info    : 0.20 < quality < 0.30 :        13 elements
Info    : 0.30 < quality < 0.40 :       670 elements
Info    : 0.40 < quality < 0.50 :      1127 elements
Info    : 0.50 < quality < 0.60 :      3826 elements
Info    : 0.60 < quality < 0.70 :     11198 elements
Info    : 0.70 < quality < 0.80 :     20313 elements
Info    : 0.80 < quality < 0.90 :      1914 elements
Info    : 0.90 < quality < 1.00 :      1449 elements
Info    : Optimizing volume 2
Info    : Optimization starts (volume = 0.256422) with worst = 0.0624585 / average = 0.751959:
Info    : 0.00 < quality < 0.10 :         1 elements
Info    : 0.10 < quality < 0.20 :         1 elements
Info    : 0.20 < quality < 0.30 :         4 elements
Info    : 0.30 < quality < 0.40 :         8 elements
Info    : 0.40 < quality < 0.50 :         8 elements
Info    : 0.50 < quality < 0.60 :        19 elements
Info    : 0.60 < quality < 0.70 :        80 elements
Info    : 0.70 < quality < 0.80 :       185 elements
Info    : 0.80 < quality < 0.90 :       128 elements
Info    : 0.90 < quality < 1.00 :        40 elements
Info    : 6 edge swaps, 0 node relocations (volume = 0.256422): worst = 0.301484 / average = 0.760976 (Wall 8.96873e-05s, CPU 9e-05s)
Info    : No ill-shaped tets in the mesh :-)
Info    : 0.00 < quality < 0.10 :         0 elements
Info    : 0.10 < quality < 0.20 :         0 elements
Info    : 0.20 < quality < 0.30 :         0 elements
Info    : 0.30 < quality < 0.40 :         8 elements
Info    : 0.40 < quality < 0.50 :         7 elements
Info    : 0.50 < quality < 0.60 :        16 elements
Info    : 0.60 < quality < 0.70 :        79 elements
Info    : 0.70 < quality < 0.80 :       189 elements
Info    : 0.80 < quality < 0.90 :       129 elements
Info    : 0.90 < quality < 1.00 :        40 elements
Info    : Done optimizing mesh (Wall 0.0379215s, CPU 0.03792s)
Info    : 13491 nodes 67425 elements
Info    : Meshing order 2 (curvilinear on)...
Info    : [  0%] Meshing curve 1 order 2
Info    : [ 10%] Meshing curve 2 order 2
Info    : [ 20%] Meshing curve 3 order 2
Info    : [ 20%] Meshing curve 4 order 2
Info    : [ 30%] Meshing curve 5 order 2
Info    : [ 30%] Meshing curve 6 order 2
Info    : [ 40%] Meshing curve 7 order 2
Info    : [ 40%] Meshing curve 8 order 2
Info    : [ 50%] Meshing curve 9 order 2
Info    : [ 50%] Meshing curve 10 order 2
Info    : [ 60%] Meshing curve 11 order 2
Info    : [ 60%] Meshing curve 12 order 2
Info    : [ 70%] Meshing surface 1 order 2
Info    : [ 70%] Meshing surface 2 order 2
Info    : [ 80%] Meshing surface 3 order 2
Info    : [ 80%] Meshing surface 4 order 2
Info    : [ 90%] Meshing surface 5 order 2
Info    : [ 90%] Meshing surface 6 order 2
Info    : [100%] Meshing volume 1 order 2
Info    : [100%] Meshing volume 2 order 2
Info    : Surface mesh: worst distortion = 0.797589 (0 elements in ]0, 0.2]); worst gamma = 0.715849
Warning : Volume mesh: worst distortion = -0.0455084 (avg = 0.960257, 1 elements with jac. < 0)
Info    : Done meshing order 2 (Wall 12.5499s, CPU 12.5463s)
Info    : Writing '/home/user/mscr-mom/현서/scripts/contact_scenarios/fea/matv2_mesh_LM75_phiN90_b0_s30.inp'...
Info    : Done writing '/home/user/mscr-mom/현서/scripts/contact_scenarios/fea/matv2_mesh_LM75_phiN90_b0_s30.inp'
  [LM75_phiN90_b0] [실패] (17.2s)
[LM75_phiN90_b0 4/10] L_M=75.0, phi=-90.0, beta=0.0, s=40.0mm, push_depth=0.1mm ...
Info    : Meshing 1D...
Info    : [  0%] Meshing curve 1 (BSpline)
Info    : [ 10%] Meshing curve 2 (Ellipse)
Info    : [ 20%] Meshing curve 3 (Ellipse)
Info    : [ 30%] Meshing curve 4 (BSpline)
Info    : [ 40%] Meshing curve 5 (BSpline)
Info    : [ 50%] Meshing curve 6 (BSpline)
Info    : [ 60%] Meshing curve 7 (BSpline)
Info    : [ 60%] Meshing curve 8 (BSpline)
Info    : [ 70%] Meshing curve 9 (BSpline)
Info    : [ 90%] Meshing curve 11 (Circle)
Info    : Done meshing 1D (Wall 0.0196263s, CPU 0.019627s)
Info    : Meshing 2D...
Info    : [  0%] Meshing surface 1 (Plane, Frontal-Delaunay)
Info    : [ 20%] Meshing surface 2 (Plane, Frontal-Delaunay)
Info    : [ 40%] Meshing surface 3 (BSpline surface, Frontal-Delaunay)
Info    : [ 60%] Meshing surface 4 (BSpline surface, Frontal-Delaunay)
Info    : [ 70%] Meshing surface 5 (Plane, Frontal-Delaunay)
Info    : [ 90%] Meshing surface 6 (Sphere, Frontal-Delaunay)
Info    : Done meshing 2D (Wall 0.719265s, CPU 0.719208s)
Info    : Meshing 3D...
Info    : 3D Meshing 2 volumes with 2 connected components
Info    : Tetrahedrizing 12463 nodes...
Info    : Done tetrahedrizing 12471 nodes (Wall 0.151975s, CPU 0.147066s)
Info    : Reconstructing mesh...
Info    :  - Creating surface mesh
Info    :  - Identifying boundary edges
Info    :  - Recovering boundary
Info    : Done reconstructing mesh (Wall 0.40498s, CPU 0.388047s)
Info    : Found volume 1
Info    : It. 0 - 0 nodes created - worst tet radius 1.03917 (nodes removed 0 0)
Info    : 3D refinement terminated (13093 nodes total):
Info    :  - 0 Delaunay cavities modified for star shapeness
Info    :  - 0 nodes could not be inserted
Info    :  - 41688 tetrahedra created in 0.0294681 sec. (1414683 tets/s)
Info    : 0 node relocations
Info    : Tetrahedrizing 131 nodes...
Info    : Done tetrahedrizing 139 nodes (Wall 0.000717235s, CPU 0.000718s)
Info    : Reconstructing mesh...
Info    :  - Creating surface mesh
Info    :  - Identifying boundary edges
Info    :  - Recovering boundary
Info    : Done reconstructing mesh (Wall 0.0018535s, CPU 0.001856s)
Info    : Found volume 2
Info    : It. 0 - 0 nodes created - worst tet radius 3.14022 (nodes removed 0 0)
Info    : 3D refinement terminated (12673 nodes total):
Info    :  - 0 Delaunay cavities modified for star shapeness
Info    :  - 0 nodes could not be inserted
Info    :  - 474 tetrahedra created in 0.00279183 sec. (169781 tets/s)
Info    : 0 node relocations
Info    : Done meshing 3D (Wall 0.727366s, CPU 0.708418s)
Info    : Optimizing mesh...
Info    : Optimizing volume 1
Info    : Optimization starts (volume = 235.611) with worst = 0.0043381 / average = 0.681936:
Info    : 0.00 < quality < 0.10 :       193 elements
Info    : 0.10 < quality < 0.20 :       445 elements
Info    : 0.20 < quality < 0.30 :       656 elements
Info    : 0.30 < quality < 0.40 :       760 elements
Info    : 0.40 < quality < 0.50 :      1337 elements
Info    : 0.50 < quality < 0.60 :      3882 elements
Info    : 0.60 < quality < 0.70 :     10689 elements
Info    : 0.70 < quality < 0.80 :     20500 elements
Info    : 0.80 < quality < 0.90 :      1780 elements
Info    : 0.90 < quality < 1.00 :      1446 elements
Info    : 1229 edge swaps, 18 node relocations (volume = 235.611): worst = 0.124373 / average = 0.698956 (Wall 0.0159123s, CPU 0.01591s)
Info    : 1276 edge swaps, 19 node relocations (volume = 235.611): worst = 0.124373 / average = 0.699527 (Wall 0.0193396s, CPU 0.018344s)
Info    : No ill-shaped tets in the mesh :-)
Info    : 0.00 < quality < 0.10 :         0 elements
Info    : 0.10 < quality < 0.20 :         4 elements
Info    : 0.20 < quality < 0.30 :        13 elements
Info    : 0.30 < quality < 0.40 :       670 elements
Info    : 0.40 < quality < 0.50 :      1127 elements
Info    : 0.50 < quality < 0.60 :      3826 elements
Info    : 0.60 < quality < 0.70 :     11198 elements
Info    : 0.70 < quality < 0.80 :     20313 elements
Info    : 0.80 < quality < 0.90 :      1914 elements
Info    : 0.90 < quality < 1.00 :      1449 elements
Info    : Optimizing volume 2
Info    : Optimization starts (volume = 0.256422) with worst = 0.0624585 / average = 0.751959:
Info    : 0.00 < quality < 0.10 :         1 elements
Info    : 0.10 < quality < 0.20 :         1 elements
Info    : 0.20 < quality < 0.30 :         4 elements
Info    : 0.30 < quality < 0.40 :         8 elements
Info    : 0.40 < quality < 0.50 :         8 elements
Info    : 0.50 < quality < 0.60 :        19 elements
Info    : 0.60 < quality < 0.70 :        80 elements
Info    : 0.70 < quality < 0.80 :       185 elements
Info    : 0.80 < quality < 0.90 :       128 elements
Info    : 0.90 < quality < 1.00 :        40 elements
Info    : 6 edge swaps, 0 node relocations (volume = 0.256422): worst = 0.301484 / average = 0.760976 (Wall 0.000107975s, CPU 0.00011s)
Info    : No ill-shaped tets in the mesh :-)
Info    : 0.00 < quality < 0.10 :         0 elements
Info    : 0.10 < quality < 0.20 :         0 elements
Info    : 0.20 < quality < 0.30 :         0 elements
Info    : 0.30 < quality < 0.40 :         8 elements
Info    : 0.40 < quality < 0.50 :         7 elements
Info    : 0.50 < quality < 0.60 :        16 elements
Info    : 0.60 < quality < 0.70 :        79 elements
Info    : 0.70 < quality < 0.80 :       189 elements
Info    : 0.80 < quality < 0.90 :       129 elements
Info    : 0.90 < quality < 1.00 :        40 elements
Info    : Done optimizing mesh (Wall 0.0475446s, CPU 0.046544s)
Info    : 13491 nodes 67425 elements
Info    : Meshing order 2 (curvilinear on)...
Info    : [  0%] Meshing curve 1 order 2
Info    : [ 10%] Meshing curve 2 order 2
Info    : [ 20%] Meshing curve 3 order 2
Info    : [ 20%] Meshing curve 4 order 2
Info    : [ 30%] Meshing curve 5 order 2
Info    : [ 30%] Meshing curve 6 order 2
Info    : [ 40%] Meshing curve 7 order 2
Info    : [ 40%] Meshing curve 8 order 2
Info    : [ 50%] Meshing curve 9 order 2
Info    : [ 50%] Meshing curve 10 order 2
Info    : [ 60%] Meshing curve 11 order 2
Info    : [ 60%] Meshing curve 12 order 2
Info    : [ 70%] Meshing surface 1 order 2
Info    : [ 70%] Meshing surface 2 order 2
Info    : [ 80%] Meshing surface 3 order 2
Info    : [ 80%] Meshing surface 4 order 2
Info    : [ 90%] Meshing surface 5 order 2
Info    : [ 90%] Meshing surface 6 order 2
Info    : [100%] Meshing volume 1 order 2
Info    : [100%] Meshing volume 2 order 2
Info    : Surface mesh: worst distortion = 0.797589 (0 elements in ]0, 0.2]); worst gamma = 0.715849
Warning : Volume mesh: worst distortion = -0.0455084 (avg = 0.960257, 1 elements with jac. < 0)
Info    : Done meshing order 2 (Wall 12.9609s, CPU 12.9398s)
Info    : Writing '/home/user/mscr-mom/현서/scripts/contact_scenarios/fea/matv2_mesh_LM75_phiN90_b0_s40.inp'...
Info    : Done writing '/home/user/mscr-mom/현서/scripts/contact_scenarios/fea/matv2_mesh_LM75_phiN90_b0_s40.inp'
  [LM75_phiN90_b0] [실패] (17.7s)
[LM75_phiN90_b0 5/10] L_M=75.0, phi=-90.0, beta=0.0, s=50.0mm, push_depth=0.1mm ...
Info    : Meshing 1D...
Info    : [  0%] Meshing curve 1 (BSpline)
Info    : [ 10%] Meshing curve 2 (Ellipse)
Info    : [ 20%] Meshing curve 3 (Ellipse)
Info    : [ 30%] Meshing curve 4 (BSpline)
Info    : [ 40%] Meshing curve 5 (BSpline)
Info    : [ 50%] Meshing curve 6 (BSpline)
Info    : [ 60%] Meshing curve 7 (BSpline)
Info    : [ 60%] Meshing curve 8 (BSpline)
Info    : [ 70%] Meshing curve 9 (BSpline)
Info    : [ 90%] Meshing curve 11 (Circle)
Info    : Done meshing 1D (Wall 0.0200485s, CPU 0.020048s)
Info    : Meshing 2D...
Info    : [  0%] Meshing surface 1 (Plane, Frontal-Delaunay)
Info    : [ 20%] Meshing surface 2 (Plane, Frontal-Delaunay)
Info    : [ 40%] Meshing surface 3 (BSpline surface, Frontal-Delaunay)
Info    : [ 60%] Meshing surface 4 (BSpline surface, Frontal-Delaunay)
Info    : [ 70%] Meshing surface 5 (Plane, Frontal-Delaunay)
Info    : [ 90%] Meshing surface 6 (Sphere, Frontal-Delaunay)
Info    : Done meshing 2D (Wall 0.720319s, CPU 0.719306s)
Info    : Meshing 3D...
Info    : 3D Meshing 2 volumes with 2 connected components
Info    : Tetrahedrizing 12463 nodes...
Info    : Done tetrahedrizing 12471 nodes (Wall 0.150896s, CPU 0.144892s)
Info    : Reconstructing mesh...
Info    :  - Creating surface mesh
Info    :  - Identifying boundary edges
Info    :  - Recovering boundary
Info    : Done reconstructing mesh (Wall 0.387411s, CPU 0.363406s)
Info    : Found volume 1
Info    : It. 0 - 0 nodes created - worst tet radius 1.03917 (nodes removed 0 0)
Info    : 3D refinement terminated (13091 nodes total):
Info    :  - 0 Delaunay cavities modified for star shapeness
Info    :  - 0 nodes could not be inserted
Info    :  - 41688 tetrahedra created in 0.0288665 sec. (1444166 tets/s)
Info    : 0 node relocations
Info    : Tetrahedrizing 129 nodes...
Info    : Done tetrahedrizing 137 nodes (Wall 0.000699478s, CPU 0.000701s)
Info    : Reconstructing mesh...
Info    :  - Creating surface mesh
Info    :  - Identifying boundary edges
Info    :  - Recovering boundary
Info    : Done reconstructing mesh (Wall 0.00169053s, CPU 0.001694s)
Info    : Found volume 2
Info    : It. 0 - 0 nodes created - worst tet radius 3.05651 (nodes removed 0 0)
Info    : 3D refinement terminated (12677 nodes total):
Info    :  - 0 Delaunay cavities modified for star shapeness
Info    :  - 0 nodes could not be inserted
Info    :  - 510 tetrahedra created in 0.00504395 sec. (101111 tets/s)
Info    : 0 node relocations
Info    : Done meshing 3D (Wall 0.706151s, CPU 0.682131s)
Info    : Optimizing mesh...
Info    : Optimizing volume 1
Info    : Optimization starts (volume = 235.611) with worst = 0.0043381 / average = 0.681936:
Info    : 0.00 < quality < 0.10 :       193 elements
Info    : 0.10 < quality < 0.20 :       445 elements
Info    : 0.20 < quality < 0.30 :       656 elements
Info    : 0.30 < quality < 0.40 :       760 elements
Info    : 0.40 < quality < 0.50 :      1337 elements
Info    : 0.50 < quality < 0.60 :      3882 elements
Info    : 0.60 < quality < 0.70 :     10689 elements
Info    : 0.70 < quality < 0.80 :     20500 elements
Info    : 0.80 < quality < 0.90 :      1780 elements
Info    : 0.90 < quality < 1.00 :      1446 elements
Info    : 1229 edge swaps, 18 node relocations (volume = 235.611): worst = 0.124373 / average = 0.698956 (Wall 0.01404s, CPU 0.01404s)
Info    : 1276 edge swaps, 19 node relocations (volume = 235.611): worst = 0.124373 / average = 0.699527 (Wall 0.0166758s, CPU 0.016678s)
Info    : No ill-shaped tets in the mesh :-)
Info    : 0.00 < quality < 0.10 :         0 elements
Info    : 0.10 < quality < 0.20 :         4 elements
Info    : 0.20 < quality < 0.30 :        13 elements
Info    : 0.30 < quality < 0.40 :       670 elements
Info    : 0.40 < quality < 0.50 :      1127 elements
Info    : 0.50 < quality < 0.60 :      3826 elements
Info    : 0.60 < quality < 0.70 :     11198 elements
Info    : 0.70 < quality < 0.80 :     20313 elements
Info    : 0.80 < quality < 0.90 :      1914 elements
Info    : 0.90 < quality < 1.00 :      1449 elements
Info    : Optimizing volume 2
Info    : Optimization starts (volume = 0.256296) with worst = 0.0875323 / average = 0.763469:
Info    : 0.00 < quality < 0.10 :         1 elements
Info    : 0.10 < quality < 0.20 :         2 elements
Info    : 0.20 < quality < 0.30 :         4 elements
Info    : 0.30 < quality < 0.40 :         5 elements
Info    : 0.40 < quality < 0.50 :        16 elements
Info    : 0.50 < quality < 0.60 :        14 elements
Info    : 0.60 < quality < 0.70 :        67 elements
Info    : 0.70 < quality < 0.80 :       186 elements
Info    : 0.80 < quality < 0.90 :       163 elements
Info    : 0.90 < quality < 1.00 :        52 elements
Info    : 7 edge swaps, 0 node relocations (volume = 0.256296): worst = 0.32395 / average = 0.77334 (Wall 0.00010525s, CPU 0.000106s)
Info    : No ill-shaped tets in the mesh :-)
Info    : 0.00 < quality < 0.10 :         0 elements
Info    : 0.10 < quality < 0.20 :         0 elements
Info    : 0.20 < quality < 0.30 :         0 elements
Info    : 0.30 < quality < 0.40 :         5 elements
Info    : 0.40 < quality < 0.50 :        14 elements
Info    : 0.50 < quality < 0.60 :        13 elements
Info    : 0.60 < quality < 0.70 :        67 elements
Info    : 0.70 < quality < 0.80 :       187 elements
Info    : 0.80 < quality < 0.90 :       165 elements
Info    : 0.90 < quality < 1.00 :        52 elements
Info    : Done optimizing mesh (Wall 0.0414748s, CPU 0.041478s)
Info    : 13495 nodes 67456 elements
Info    : Meshing order 2 (curvilinear on)...
Info    : [  0%] Meshing curve 1 order 2
Info    : [ 10%] Meshing curve 2 order 2
Info    : [ 20%] Meshing curve 3 order 2
Info    : [ 20%] Meshing curve 4 order 2
Info    : [ 30%] Meshing curve 5 order 2
Info    : [ 30%] Meshing curve 6 order 2
Info    : [ 40%] Meshing curve 7 order 2
Info    : [ 40%] Meshing curve 8 order 2
Info    : [ 50%] Meshing curve 9 order 2
Info    : [ 50%] Meshing curve 10 order 2
Info    : [ 60%] Meshing curve 11 order 2
Info    : [ 60%] Meshing curve 12 order 2
Info    : [ 70%] Meshing surface 1 order 2
Info    : [ 70%] Meshing surface 2 order 2
Info    : [ 80%] Meshing surface 3 order 2
Info    : [ 80%] Meshing surface 4 order 2
Info    : [ 90%] Meshing surface 5 order 2
Info    : [ 90%] Meshing surface 6 order 2
Info    : [100%] Meshing volume 1 order 2
Info    : [100%] Meshing volume 2 order 2
Info    : Surface mesh: worst distortion = 0.797589 (0 elements in ]0, 0.2]); worst gamma = 0.617848
Warning : Volume mesh: worst distortion = -0.0455084 (avg = 0.96029, 1 elements with jac. < 0)
Info    : Done meshing order 2 (Wall 12.7812s, CPU 12.7762s)
Info    : Writing '/home/user/mscr-mom/현서/scripts/contact_scenarios/fea/matv2_mesh_LM75_phiN90_b0_s50.inp'...
Info    : Done writing '/home/user/mscr-mom/현서/scripts/contact_scenarios/fea/matv2_mesh_LM75_phiN90_b0_s50.inp'
  [LM75_phiN90_b0] [실패] (17.5s)
[LM75_phiN90_b0 6/10] L_M=75.0, phi=-90.0, beta=0.0, s=60.0mm, push_depth=0.1mm ...
Info    : Meshing 1D...
Info    : [  0%] Meshing curve 1 (BSpline)
Info    : [ 10%] Meshing curve 2 (Ellipse)
Info    : [ 20%] Meshing curve 3 (Ellipse)
Info    : [ 30%] Meshing curve 4 (BSpline)
Info    : [ 40%] Meshing curve 5 (BSpline)
Info    : [ 50%] Meshing curve 6 (BSpline)
Info    : [ 60%] Meshing curve 7 (BSpline)
Info    : [ 60%] Meshing curve 8 (BSpline)
Info    : [ 70%] Meshing curve 9 (BSpline)
Info    : [ 90%] Meshing curve 11 (Circle)
Info    : Done meshing 1D (Wall 0.0200165s, CPU 0.020017s)
Info    : Meshing 2D...
Info    : [  0%] Meshing surface 1 (Plane, Frontal-Delaunay)
Info    : [ 20%] Meshing surface 2 (Plane, Frontal-Delaunay)
Info    : [ 40%] Meshing surface 3 (BSpline surface, Frontal-Delaunay)
Info    : [ 60%] Meshing surface 4 (BSpline surface, Frontal-Delaunay)
Info    : [ 70%] Meshing surface 5 (Plane, Frontal-Delaunay)
Info    : [ 90%] Meshing surface 6 (Sphere, Frontal-Delaunay)
Info    : Done meshing 2D (Wall 0.714757s, CPU 0.714723s)
Info    : Meshing 3D...
Info    : 3D Meshing 2 volumes with 2 connected components
Info    : Tetrahedrizing 12463 nodes...
Info    : Done tetrahedrizing 12471 nodes (Wall 0.149391s, CPU 0.141386s)
Info    : Reconstructing mesh...
Info    :  - Creating surface mesh
Info    :  - Identifying boundary edges
Info    :  - Recovering boundary
Info    : Done reconstructing mesh (Wall 0.353011s, CPU 0.334001s)
Info    : Found volume 1
Info    : It. 0 - 0 nodes created - worst tet radius 1.03917 (nodes removed 0 0)
Info    : 3D refinement terminated (13091 nodes total):
Info    :  - 0 Delaunay cavities modified for star shapeness
Info    :  - 0 nodes could not be inserted
Info    :  - 41688 tetrahedra created in 0.0218747 sec. (1905761 tets/s)
Info    : 0 node relocations
Info    : Tetrahedrizing 129 nodes...
Info    : Done tetrahedrizing 137 nodes (Wall 0.000650193s, CPU 0.00065s)
Info    : Reconstructing mesh...
Info    :  - Creating surface mesh
Info    :  - Identifying boundary edges
Info    :  - Recovering boundary
Info    : Done reconstructing mesh (Wall 0.00154222s, CPU 0.001546s)
Info    : Found volume 2
Info    : It. 0 - 0 nodes created - worst tet radius 3.05651 (nodes removed 0 0)
Info    : 3D refinement terminated (12677 nodes total):
Info    :  - 0 Delaunay cavities modified for star shapeness
Info    :  - 0 nodes could not be inserted
Info    :  - 510 tetrahedra created in 0.00253972 sec. (200809 tets/s)
Info    : 0 node relocations
Info    : Done meshing 3D (Wall 0.615503s, CPU 0.596477s)
Info    : Optimizing mesh...
Info    : Optimizing volume 1
Info    : Optimization starts (volume = 235.611) with worst = 0.0043381 / average = 0.681936:
Info    : 0.00 < quality < 0.10 :       193 elements
Info    : 0.10 < quality < 0.20 :       445 elements
Info    : 0.20 < quality < 0.30 :       656 elements
Info    : 0.30 < quality < 0.40 :       760 elements
Info    : 0.40 < quality < 0.50 :      1337 elements
Info    : 0.50 < quality < 0.60 :      3882 elements
Info    : 0.60 < quality < 0.70 :     10689 elements
Info    : 0.70 < quality < 0.80 :     20500 elements
Info    : 0.80 < quality < 0.90 :      1780 elements
Info    : 0.90 < quality < 1.00 :      1446 elements
Info    : 1229 edge swaps, 18 node relocations (volume = 235.611): worst = 0.124373 / average = 0.698956 (Wall 0.0159545s, CPU 0.015954s)
Info    : 1276 edge swaps, 19 node relocations (volume = 235.611): worst = 0.124373 / average = 0.699527 (Wall 0.0206222s, CPU 0.020621s)
Info    : No ill-shaped tets in the mesh :-)
Info    : 0.00 < quality < 0.10 :         0 elements
Info    : 0.10 < quality < 0.20 :         4 elements
Info    : 0.20 < quality < 0.30 :        13 elements
Info    : 0.30 < quality < 0.40 :       670 elements
Info    : 0.40 < quality < 0.50 :      1127 elements
Info    : 0.50 < quality < 0.60 :      3826 elements
Info    : 0.60 < quality < 0.70 :     11198 elements
Info    : 0.70 < quality < 0.80 :     20313 elements
Info    : 0.80 < quality < 0.90 :      1914 elements
Info    : 0.90 < quality < 1.00 :      1449 elements
Info    : Optimizing volume 2
Info    : Optimization starts (volume = 0.256296) with worst = 0.0875323 / average = 0.763469:
Info    : 0.00 < quality < 0.10 :         1 elements
Info    : 0.10 < quality < 0.20 :         2 elements
Info    : 0.20 < quality < 0.30 :         4 elements
Info    : 0.30 < quality < 0.40 :         5 elements
Info    : 0.40 < quality < 0.50 :        16 elements
Info    : 0.50 < quality < 0.60 :        14 elements
Info    : 0.60 < quality < 0.70 :        67 elements
Info    : 0.70 < quality < 0.80 :       186 elements
Info    : 0.80 < quality < 0.90 :       163 elements
Info    : 0.90 < quality < 1.00 :        52 elements
Info    : 7 edge swaps, 0 node relocations (volume = 0.256296): worst = 0.32395 / average = 0.77334 (Wall 0.000116177s, CPU 0.000119s)
Info    : No ill-shaped tets in the mesh :-)
Info    : 0.00 < quality < 0.10 :         0 elements
Info    : 0.10 < quality < 0.20 :         0 elements
Info    : 0.20 < quality < 0.30 :         0 elements
Info    : 0.30 < quality < 0.40 :         5 elements
Info    : 0.40 < quality < 0.50 :        14 elements
Info    : 0.50 < quality < 0.60 :        13 elements
Info    : 0.60 < quality < 0.70 :        67 elements
Info    : 0.70 < quality < 0.80 :       187 elements
Info    : 0.80 < quality < 0.90 :       165 elements
Info    : 0.90 < quality < 1.00 :        52 elements
Info    : Done optimizing mesh (Wall 0.0472636s, CPU 0.047258s)
Info    : 13495 nodes 67456 elements
Info    : Meshing order 2 (curvilinear on)...
Info    : [  0%] Meshing curve 1 order 2
Info    : [ 10%] Meshing curve 2 order 2
Info    : [ 20%] Meshing curve 3 order 2
Info    : [ 20%] Meshing curve 4 order 2
Info    : [ 30%] Meshing curve 5 order 2
Info    : [ 30%] Meshing curve 6 order 2
Info    : [ 40%] Meshing curve 7 order 2
Info    : [ 40%] Meshing curve 8 order 2
Info    : [ 50%] Meshing curve 9 order 2
Info    : [ 50%] Meshing curve 10 order 2
Info    : [ 60%] Meshing curve 11 order 2
Info    : [ 60%] Meshing curve 12 order 2
Info    : [ 70%] Meshing surface 1 order 2
Info    : [ 70%] Meshing surface 2 order 2
Info    : [ 80%] Meshing surface 3 order 2
Info    : [ 80%] Meshing surface 4 order 2
Info    : [ 90%] Meshing surface 5 order 2
Info    : [ 90%] Meshing surface 6 order 2
Info    : [100%] Meshing volume 1 order 2
Info    : [100%] Meshing volume 2 order 2
Info    : Surface mesh: worst distortion = 0.797589 (0 elements in ]0, 0.2]); worst gamma = 0.617848
Warning : Volume mesh: worst distortion = -0.0455084 (avg = 0.96029, 1 elements with jac. < 0)
Info    : Done meshing order 2 (Wall 12.6904s, CPU 12.6867s)
Info    : Writing '/home/user/mscr-mom/현서/scripts/contact_scenarios/fea/matv2_mesh_LM75_phiN90_b0_s60.inp'...
Info    : Done writing '/home/user/mscr-mom/현서/scripts/contact_scenarios/fea/matv2_mesh_LM75_phiN90_b0_s60.inp'
  [LM75_phiN90_b0] [실패] (17.3s)
[LM75_phiN90_b0 7/10] L_M=75.0, phi=-90.0, beta=0.0, s=70.0mm, push_depth=0.1mm ...
Info    : Meshing 1D...
Info    : [  0%] Meshing curve 1 (BSpline)
Info    : [ 10%] Meshing curve 2 (Ellipse)
Info    : [ 20%] Meshing curve 3 (Ellipse)
Info    : [ 30%] Meshing curve 4 (BSpline)
Info    : [ 40%] Meshing curve 5 (BSpline)
Info    : [ 50%] Meshing curve 6 (BSpline)
Info    : [ 60%] Meshing curve 7 (BSpline)
Info    : [ 60%] Meshing curve 8 (BSpline)
Info    : [ 70%] Meshing curve 9 (BSpline)
Info    : [ 90%] Meshing curve 11 (Circle)
Info    : Done meshing 1D (Wall 0.0199519s, CPU 0.019953s)
Info    : Meshing 2D...
Info    : [  0%] Meshing surface 1 (Plane, Frontal-Delaunay)
Info    : [ 20%] Meshing surface 2 (Plane, Frontal-Delaunay)
Info    : [ 40%] Meshing surface 3 (BSpline surface, Frontal-Delaunay)
Info    : [ 60%] Meshing surface 4 (BSpline surface, Frontal-Delaunay)
Info    : [ 70%] Meshing surface 5 (Plane, Frontal-Delaunay)
Info    : [ 90%] Meshing surface 6 (Sphere, Frontal-Delaunay)
Info    : Done meshing 2D (Wall 0.706386s, CPU 0.706349s)
Info    : Meshing 3D...
Info    : 3D Meshing 2 volumes with 2 connected components
Info    : Tetrahedrizing 12463 nodes...
Info    : Done tetrahedrizing 12471 nodes (Wall 0.17131s, CPU 0.162274s)
Info    : Reconstructing mesh...
Info    :  - Creating surface mesh
Info    :  - Identifying boundary edges
Info    :  - Recovering boundary
Info    : Done reconstructing mesh (Wall 0.395283s, CPU 0.375223s)
Info    : Found volume 1
Info    : It. 0 - 0 nodes created - worst tet radius 1.03917 (nodes removed 0 0)
Info    : 3D refinement terminated (13091 nodes total):
Info    :  - 0 Delaunay cavities modified for star shapeness
Info    :  - 0 nodes could not be inserted
Info    :  - 41688 tetrahedra created in 0.0239144 sec. (1743215 tets/s)
Info    : 0 node relocations
Info    : Tetrahedrizing 129 nodes...
Info    : Done tetrahedrizing 137 nodes (Wall 0.000669814s, CPU 0.000665s)
Info    : Reconstructing mesh...
Info    :  - Creating surface mesh
Info    :  - Identifying boundary edges
Info    :  - Recovering boundary
Info    : Done reconstructing mesh (Wall 0.00158978s, CPU 0.001588s)
Info    : Found volume 2
Info    : It. 0 - 0 nodes created - worst tet radius 3.05651 (nodes removed 0 0)
Info    : 3D refinement terminated (12677 nodes total):
Info    :  - 0 Delaunay cavities modified for star shapeness
Info    :  - 0 nodes could not be inserted
Info    :  - 510 tetrahedra created in 0.00270778 sec. (188346 tets/s)
Info    : 0 node relocations
Info    : Done meshing 3D (Wall 0.667127s, CPU 0.646052s)
Info    : Optimizing mesh...
Info    : Optimizing volume 1
Info    : Optimization starts (volume = 235.611) with worst = 0.0043381 / average = 0.681936:
Info    : 0.00 < quality < 0.10 :       193 elements
Info    : 0.10 < quality < 0.20 :       445 elements
Info    : 0.20 < quality < 0.30 :       656 elements
Info    : 0.30 < quality < 0.40 :       760 elements
Info    : 0.40 < quality < 0.50 :      1337 elements
Info    : 0.50 < quality < 0.60 :      3882 elements
Info    : 0.60 < quality < 0.70 :     10689 elements
Info    : 0.70 < quality < 0.80 :     20500 elements
Info    : 0.80 < quality < 0.90 :      1780 elements
Info    : 0.90 < quality < 1.00 :      1446 elements
Info    : 1229 edge swaps, 18 node relocations (volume = 235.611): worst = 0.124373 / average = 0.698956 (Wall 0.0137148s, CPU 0.013714s)
Info    : 1276 edge swaps, 19 node relocations (volume = 235.611): worst = 0.124373 / average = 0.699527 (Wall 0.0166902s, CPU 0.016691s)
Info    : No ill-shaped tets in the mesh :-)
Info    : 0.00 < quality < 0.10 :         0 elements
Info    : 0.10 < quality < 0.20 :         4 elements
Info    : 0.20 < quality < 0.30 :        13 elements
Info    : 0.30 < quality < 0.40 :       670 elements
Info    : 0.40 < quality < 0.50 :      1127 elements
Info    : 0.50 < quality < 0.60 :      3826 elements
Info    : 0.60 < quality < 0.70 :     11198 elements
Info    : 0.70 < quality < 0.80 :     20313 elements
Info    : 0.80 < quality < 0.90 :      1914 elements
Info    : 0.90 < quality < 1.00 :      1449 elements
Info    : Optimizing volume 2
Info    : Optimization starts (volume = 0.256296) with worst = 0.0875323 / average = 0.763469:
Info    : 0.00 < quality < 0.10 :         1 elements
Info    : 0.10 < quality < 0.20 :         2 elements
Info    : 0.20 < quality < 0.30 :         4 elements
Info    : 0.30 < quality < 0.40 :         5 elements
Info    : 0.40 < quality < 0.50 :        16 elements
Info    : 0.50 < quality < 0.60 :        14 elements
Info    : 0.60 < quality < 0.70 :        67 elements
Info    : 0.70 < quality < 0.80 :       186 elements
Info    : 0.80 < quality < 0.90 :       163 elements
Info    : 0.90 < quality < 1.00 :        52 elements
Info    : 7 edge swaps, 0 node relocations (volume = 0.256296): worst = 0.32395 / average = 0.77334 (Wall 0.00010468s, CPU 0.000106s)
Info    : No ill-shaped tets in the mesh :-)
Info    : 0.00 < quality < 0.10 :         0 elements
Info    : 0.10 < quality < 0.20 :         0 elements
Info    : 0.20 < quality < 0.30 :         0 elements
Info    : 0.30 < quality < 0.40 :         5 elements
Info    : 0.40 < quality < 0.50 :        14 elements
Info    : 0.50 < quality < 0.60 :        13 elements
Info    : 0.60 < quality < 0.70 :        67 elements
Info    : 0.70 < quality < 0.80 :       187 elements
Info    : 0.80 < quality < 0.90 :       165 elements
Info    : 0.90 < quality < 1.00 :        52 elements
Info    : Done optimizing mesh (Wall 0.0406174s, CPU 0.040615s)
Info    : 13495 nodes 67456 elements
Info    : Meshing order 2 (curvilinear on)...
Info    : [  0%] Meshing curve 1 order 2
Info    : [ 10%] Meshing curve 2 order 2
Info    : [ 20%] Meshing curve 3 order 2
Info    : [ 20%] Meshing curve 4 order 2
Info    : [ 30%] Meshing curve 5 order 2
Info    : [ 30%] Meshing curve 6 order 2
Info    : [ 40%] Meshing curve 7 order 2
Info    : [ 40%] Meshing curve 8 order 2
Info    : [ 50%] Meshing curve 9 order 2
Info    : [ 50%] Meshing curve 10 order 2
Info    : [ 60%] Meshing curve 11 order 2
Info    : [ 60%] Meshing curve 12 order 2
Info    : [ 70%] Meshing surface 1 order 2
Info    : [ 70%] Meshing surface 2 order 2
Info    : [ 80%] Meshing surface 3 order 2
Info    : [ 80%] Meshing surface 4 order 2
Info    : [ 90%] Meshing surface 5 order 2
Info    : [ 90%] Meshing surface 6 order 2
Info    : [100%] Meshing volume 1 order 2
Info    : [100%] Meshing volume 2 order 2
Info    : Surface mesh: worst distortion = 0.797589 (0 elements in ]0, 0.2]); worst gamma = 0.617848
Warning : Volume mesh: worst distortion = -0.0455084 (avg = 0.96029, 1 elements with jac. < 0)
Info    : Done meshing order 2 (Wall 12.5831s, CPU 12.5785s)
Info    : Writing '/home/user/mscr-mom/현서/scripts/contact_scenarios/fea/matv2_mesh_LM75_phiN90_b0_s70.inp'...
Info    : Done writing '/home/user/mscr-mom/현서/scripts/contact_scenarios/fea/matv2_mesh_LM75_phiN90_b0_s70.inp'
  [LM75_phiN90_b0] [실패] (17.3s)
[LM75_phiN90_b0 8/10] L_M=75.0, phi=-90.0, beta=0.0, s=80.0mm, push_depth=0.1mm ...
Info    : Meshing 1D...
Info    : [  0%] Meshing curve 1 (BSpline)
Info    : [ 10%] Meshing curve 2 (Ellipse)
Info    : [ 20%] Meshing curve 3 (Ellipse)
Info    : [ 30%] Meshing curve 4 (BSpline)
Info    : [ 40%] Meshing curve 5 (BSpline)
Info    : [ 50%] Meshing curve 6 (BSpline)
Info    : [ 60%] Meshing curve 7 (BSpline)
Info    : [ 60%] Meshing curve 8 (BSpline)
Info    : [ 70%] Meshing curve 9 (BSpline)
Info    : [ 90%] Meshing curve 11 (Circle)
Info    : Done meshing 1D (Wall 0.0198357s, CPU 0.019834s)
Info    : Meshing 2D...
Info    : [  0%] Meshing surface 1 (Plane, Frontal-Delaunay)
Info    : [ 20%] Meshing surface 2 (Plane, Frontal-Delaunay)
Info    : [ 40%] Meshing surface 3 (BSpline surface, Frontal-Delaunay)
Info    : [ 60%] Meshing surface 4 (BSpline surface, Frontal-Delaunay)
Info    : [ 70%] Meshing surface 5 (Plane, Frontal-Delaunay)
Info    : [ 90%] Meshing surface 6 (Sphere, Frontal-Delaunay)
Info    : Done meshing 2D (Wall 0.715396s, CPU 0.714347s)
Info    : Meshing 3D...
Info    : 3D Meshing 2 volumes with 2 connected components
Info    : Tetrahedrizing 12463 nodes...
Info    : Done tetrahedrizing 12471 nodes (Wall 0.151155s, CPU 0.143134s)
Info    : Reconstructing mesh...
Info    :  - Creating surface mesh
Info    :  - Identifying boundary edges
Info    :  - Recovering boundary
Info    : Done reconstructing mesh (Wall 0.377917s, CPU 0.358864s)
Info    : Found volume 1
Info    : It. 0 - 0 nodes created - worst tet radius 1.03917 (nodes removed 0 0)
Info    : 3D refinement terminated (13091 nodes total):
Info    :  - 0 Delaunay cavities modified for star shapeness
Info    :  - 0 nodes could not be inserted
Info    :  - 41688 tetrahedra created in 0.0252531 sec. (1650807 tets/s)
Info    : 0 node relocations
Info    : Tetrahedrizing 129 nodes...
Info    : Done tetrahedrizing 137 nodes (Wall 0.00066811s, CPU 0.000668s)
Info    : Reconstructing mesh...
Info    :  - Creating surface mesh
Info    :  - Identifying boundary edges
Info    :  - Recovering boundary
Info    : Done reconstructing mesh (Wall 0.00155118s, CPU 0.001555s)
Info    : Found volume 2
Info    : It. 0 - 0 nodes created - worst tet radius 3.05651 (nodes removed 0 0)
Info    : 3D refinement terminated (12677 nodes total):
Info    :  - 0 Delaunay cavities modified for star shapeness
Info    :  - 0 nodes could not be inserted
Info    :  - 510 tetrahedra created in 0.00382298 sec. (133403 tets/s)
Info    : 0 node relocations
Info    : Done meshing 3D (Wall 0.679932s, CPU 0.660865s)
Info    : Optimizing mesh...
Info    : Optimizing volume 1
Info    : Optimization starts (volume = 235.611) with worst = 0.0043381 / average = 0.681936:
Info    : 0.00 < quality < 0.10 :       193 elements
Info    : 0.10 < quality < 0.20 :       445 elements
Info    : 0.20 < quality < 0.30 :       656 elements
Info    : 0.30 < quality < 0.40 :       760 elements
Info    : 0.40 < quality < 0.50 :      1337 elements
Info    : 0.50 < quality < 0.60 :      3882 elements
Info    : 0.60 < quality < 0.70 :     10689 elements
Info    : 0.70 < quality < 0.80 :     20500 elements
Info    : 0.80 < quality < 0.90 :      1780 elements
Info    : 0.90 < quality < 1.00 :      1446 elements
Info    : 1229 edge swaps, 18 node relocations (volume = 235.611): worst = 0.124373 / average = 0.698956 (Wall 0.015553s, CPU 0.015553s)
Info    : 1276 edge swaps, 19 node relocations (volume = 235.611): worst = 0.124373 / average = 0.699527 (Wall 0.018818s, CPU 0.018819s)
Info    : No ill-shaped tets in the mesh :-)
Info    : 0.00 < quality < 0.10 :         0 elements
Info    : 0.10 < quality < 0.20 :         4 elements
Info    : 0.20 < quality < 0.30 :        13 elements
Info    : 0.30 < quality < 0.40 :       670 elements
Info    : 0.40 < quality < 0.50 :      1127 elements
Info    : 0.50 < quality < 0.60 :      3826 elements
Info    : 0.60 < quality < 0.70 :     11198 elements
Info    : 0.70 < quality < 0.80 :     20313 elements
Info    : 0.80 < quality < 0.90 :      1914 elements
Info    : 0.90 < quality < 1.00 :      1449 elements
Info    : Optimizing volume 2
Info    : Optimization starts (volume = 0.256296) with worst = 0.0875323 / average = 0.763469:
Info    : 0.00 < quality < 0.10 :         1 elements
Info    : 0.10 < quality < 0.20 :         2 elements
Info    : 0.20 < quality < 0.30 :         4 elements
Info    : 0.30 < quality < 0.40 :         5 elements
Info    : 0.40 < quality < 0.50 :        16 elements
Info    : 0.50 < quality < 0.60 :        14 elements
Info    : 0.60 < quality < 0.70 :        67 elements
Info    : 0.70 < quality < 0.80 :       186 elements
Info    : 0.80 < quality < 0.90 :       163 elements
Info    : 0.90 < quality < 1.00 :        52 elements
Info    : 7 edge swaps, 0 node relocations (volume = 0.256296): worst = 0.32395 / average = 0.77334 (Wall 0.000118952s, CPU 0.000121s)
Info    : No ill-shaped tets in the mesh :-)
Info    : 0.00 < quality < 0.10 :         0 elements
Info    : 0.10 < quality < 0.20 :         0 elements
Info    : 0.20 < quality < 0.30 :         0 elements
Info    : 0.30 < quality < 0.40 :         5 elements
Info    : 0.40 < quality < 0.50 :        14 elements
Info    : 0.50 < quality < 0.60 :        13 elements
Info    : 0.60 < quality < 0.70 :        67 elements
Info    : 0.70 < quality < 0.80 :       187 elements
Info    : 0.80 < quality < 0.90 :       165 elements
Info    : 0.90 < quality < 1.00 :        52 elements
Info    : Done optimizing mesh (Wall 0.0445158s, CPU 0.044487s)
Info    : 13495 nodes 67456 elements
Info    : Meshing order 2 (curvilinear on)...
Info    : [  0%] Meshing curve 1 order 2
Info    : [ 10%] Meshing curve 2 order 2
Info    : [ 20%] Meshing curve 3 order 2
Info    : [ 20%] Meshing curve 4 order 2
Info    : [ 30%] Meshing curve 5 order 2
Info    : [ 30%] Meshing curve 6 order 2
Info    : [ 40%] Meshing curve 7 order 2
Info    : [ 40%] Meshing curve 8 order 2
Info    : [ 50%] Meshing curve 9 order 2
Info    : [ 50%] Meshing curve 10 order 2
Info    : [ 60%] Meshing curve 11 order 2
Info    : [ 60%] Meshing curve 12 order 2
Info    : [ 70%] Meshing surface 1 order 2
Info    : [ 70%] Meshing surface 2 order 2
Info    : [ 80%] Meshing surface 3 order 2
Info    : [ 80%] Meshing surface 4 order 2
Info    : [ 90%] Meshing surface 5 order 2
Info    : [ 90%] Meshing surface 6 order 2
Info    : [100%] Meshing volume 1 order 2
Info    : [100%] Meshing volume 2 order 2
Info    : Surface mesh: worst distortion = 0.797589 (0 elements in ]0, 0.2]); worst gamma = 0.617848
Warning : Volume mesh: worst distortion = -0.0455084 (avg = 0.96029, 1 elements with jac. < 0)
Info    : Done meshing order 2 (Wall 12.5431s, CPU 12.534s)
Info    : Writing '/home/user/mscr-mom/현서/scripts/contact_scenarios/fea/matv2_mesh_LM75_phiN90_b0_s80.inp'...
Info    : Done writing '/home/user/mscr-mom/현서/scripts/contact_scenarios/fea/matv2_mesh_LM75_phiN90_b0_s80.inp'
  [LM75_phiN90_b0] [실패] (17.2s)
[LM75_phiN90_b0 9/10] L_M=75.0, phi=-90.0, beta=0.0, s=90.0mm, push_depth=0.1mm ...
Info    : Meshing 1D...
Info    : [  0%] Meshing curve 1 (BSpline)
Info    : [ 10%] Meshing curve 2 (Ellipse)
Info    : [ 20%] Meshing curve 3 (Ellipse)
Info    : [ 30%] Meshing curve 4 (BSpline)
Info    : [ 40%] Meshing curve 5 (BSpline)
Info    : [ 50%] Meshing curve 6 (BSpline)
Info    : [ 60%] Meshing curve 7 (BSpline)
Info    : [ 60%] Meshing curve 8 (BSpline)
Info    : [ 70%] Meshing curve 9 (BSpline)
Info    : [ 90%] Meshing curve 11 (Circle)
Info    : Done meshing 1D (Wall 0.0200635s, CPU 0.020063s)
Info    : Meshing 2D...
Info    : [  0%] Meshing surface 1 (Plane, Frontal-Delaunay)
Info    : [ 20%] Meshing surface 2 (Plane, Frontal-Delaunay)
Info    : [ 40%] Meshing surface 3 (BSpline surface, Frontal-Delaunay)
Info    : [ 60%] Meshing surface 4 (BSpline surface, Frontal-Delaunay)
Info    : [ 70%] Meshing surface 5 (Plane, Frontal-Delaunay)
Info    : [ 90%] Meshing surface 6 (Sphere, Frontal-Delaunay)
Info    : Done meshing 2D (Wall 0.808973s, CPU 0.808878s)
Info    : Meshing 3D...
Info    : 3D Meshing 2 volumes with 2 connected components
Info    : Tetrahedrizing 12463 nodes...
Info    : Done tetrahedrizing 12471 nodes (Wall 0.151523s, CPU 0.145524s)
Info    : Reconstructing mesh...
Info    :  - Creating surface mesh
Info    :  - Identifying boundary edges
Info    :  - Recovering boundary
Info    : Done reconstructing mesh (Wall 0.37758s, CPU 0.360531s)
Info    : Found volume 1
Info    : It. 0 - 0 nodes created - worst tet radius 1.03917 (nodes removed 0 0)
Info    : 3D refinement terminated (13096 nodes total):
Info    :  - 0 Delaunay cavities modified for star shapeness
Info    :  - 0 nodes could not be inserted
Info    :  - 41688 tetrahedra created in 0.0235022 sec. (1773789 tets/s)
Info    : 0 node relocations
Info    : Tetrahedrizing 134 nodes...
Info    : Done tetrahedrizing 142 nodes (Wall 0.000750005s, CPU 0.00075s)
Info    : Reconstructing mesh...
Info    :  - Creating surface mesh
Info    :  - Identifying boundary edges
Info    :  - Recovering boundary
Info    : Done reconstructing mesh (Wall 0.00166272s, CPU 0.001666s)
Info    : Found volume 2
Info    : It. 0 - 0 nodes created - worst tet radius 3.13143 (nodes removed 0 0)
Info    : 3D refinement terminated (12677 nodes total):
Info    :  - 0 Delaunay cavities modified for star shapeness
Info    :  - 0 nodes could not be inserted
Info    :  - 487 tetrahedra created in 0.00447224 sec. (108893 tets/s)
Info    : 0 node relocations
Info    : Done meshing 3D (Wall 0.697227s, CPU 0.677165s)
Info    : Optimizing mesh...
Info    : Optimizing volume 1
Info    : Optimization starts (volume = 235.611) with worst = 0.0043381 / average = 0.681936:
Info    : 0.00 < quality < 0.10 :       193 elements
Info    : 0.10 < quality < 0.20 :       445 elements
Info    : 0.20 < quality < 0.30 :       656 elements
Info    : 0.30 < quality < 0.40 :       760 elements
Info    : 0.40 < quality < 0.50 :      1337 elements
Info    : 0.50 < quality < 0.60 :      3882 elements
Info    : 0.60 < quality < 0.70 :     10689 elements
Info    : 0.70 < quality < 0.80 :     20500 elements
Info    : 0.80 < quality < 0.90 :      1780 elements
Info    : 0.90 < quality < 1.00 :      1446 elements
Info    : 1229 edge swaps, 18 node relocations (volume = 235.611): worst = 0.124373 / average = 0.698956 (Wall 0.0146716s, CPU 0.014671s)
Info    : 1276 edge swaps, 19 node relocations (volume = 235.611): worst = 0.124373 / average = 0.699527 (Wall 0.0175404s, CPU 0.017541s)
Info    : No ill-shaped tets in the mesh :-)
Info    : 0.00 < quality < 0.10 :         0 elements
Info    : 0.10 < quality < 0.20 :         4 elements
Info    : 0.20 < quality < 0.30 :        13 elements
Info    : 0.30 < quality < 0.40 :       670 elements
Info    : 0.40 < quality < 0.50 :      1127 elements
Info    : 0.50 < quality < 0.60 :      3826 elements
Info    : 0.60 < quality < 0.70 :     11198 elements
Info    : 0.70 < quality < 0.80 :     20313 elements
Info    : 0.80 < quality < 0.90 :      1914 elements
Info    : 0.90 < quality < 1.00 :      1449 elements
Info    : Optimizing volume 2
Info    : Optimization starts (volume = 0.256737) with worst = 0.0373192 / average = 0.75576:
Info    : 0.00 < quality < 0.10 :         1 elements
Info    : 0.10 < quality < 0.20 :         0 elements
Info    : 0.20 < quality < 0.30 :         5 elements
Info    : 0.30 < quality < 0.40 :         1 elements
Info    : 0.40 < quality < 0.50 :        16 elements
Info    : 0.50 < quality < 0.60 :        24 elements
Info    : 0.60 < quality < 0.70 :        71 elements
Info    : 0.70 < quality < 0.80 :       182 elements
Info    : 0.80 < quality < 0.90 :       145 elements
Info    : 0.90 < quality < 1.00 :        42 elements
Info    : 6 edge swaps, 1 node relocations (volume = 0.256737): worst = 0.310363 / average = 0.763221 (Wall 0.000105151s, CPU 0.000106s)
Info    : No ill-shaped tets in the mesh :-)
Info    : 0.00 < quality < 0.10 :         0 elements
Info    : 0.10 < quality < 0.20 :         0 elements
Info    : 0.20 < quality < 0.30 :         0 elements
Info    : 0.30 < quality < 0.40 :         2 elements
Info    : 0.40 < quality < 0.50 :        13 elements
Info    : 0.50 < quality < 0.60 :        24 elements
Info    : 0.60 < quality < 0.70 :        72 elements
Info    : 0.70 < quality < 0.80 :       185 elements
Info    : 0.80 < quality < 0.90 :       143 elements
Info    : 0.90 < quality < 1.00 :        43 elements
Info    : Done optimizing mesh (Wall 0.043131s, CPU 0.043131s)
Info    : 13495 nodes 67445 elements
Info    : Meshing order 2 (curvilinear on)...
Info    : [  0%] Meshing curve 1 order 2
Info    : [ 10%] Meshing curve 2 order 2
Info    : [ 20%] Meshing curve 3 order 2
Info    : [ 20%] Meshing curve 4 order 2
Info    : [ 30%] Meshing curve 5 order 2
Info    : [ 30%] Meshing curve 6 order 2
Info    : [ 40%] Meshing curve 7 order 2
Info    : [ 40%] Meshing curve 8 order 2
Info    : [ 50%] Meshing curve 9 order 2
Info    : [ 50%] Meshing curve 10 order 2
Info    : [ 60%] Meshing curve 11 order 2
Info    : [ 60%] Meshing curve 12 order 2
Info    : [ 70%] Meshing surface 1 order 2
Info    : [ 70%] Meshing surface 2 order 2
Info    : [ 80%] Meshing surface 3 order 2
Info    : [ 80%] Meshing surface 4 order 2
Info    : [ 90%] Meshing surface 5 order 2
Info    : [ 90%] Meshing surface 6 order 2
Info    : [100%] Meshing volume 1 order 2
Info    : [100%] Meshing volume 2 order 2
Info    : Surface mesh: worst distortion = 0.797589 (0 elements in ]0, 0.2]); worst gamma = 0.580117
Warning : Volume mesh: worst distortion = -0.0455084 (avg = 0.960268, 1 elements with jac. < 0)
Info    : Done meshing order 2 (Wall 12.572s, CPU 12.56s)
Info    : Writing '/home/user/mscr-mom/현서/scripts/contact_scenarios/fea/matv2_mesh_LM75_phiN90_b0_s90.inp'...
Info    : Done writing '/home/user/mscr-mom/현서/scripts/contact_scenarios/fea/matv2_mesh_LM75_phiN90_b0_s90.inp'
  [LM75_phiN90_b0] [실패] (17.3s)
[LM75_phiN90_b0 10/10] L_M=75.0, phi=-90.0, beta=0.0, s=100.0mm, push_depth=0.1mm ...
Info    : Meshing 1D...
Info    : [  0%] Meshing curve 1 (BSpline)
Info    : [ 10%] Meshing curve 2 (Ellipse)
Info    : [ 20%] Meshing curve 3 (Ellipse)
Info    : [ 30%] Meshing curve 4 (BSpline)
Info    : [ 40%] Meshing curve 5 (BSpline)
Info    : [ 50%] Meshing curve 6 (BSpline)
Info    : [ 60%] Meshing curve 7 (BSpline)
Info    : [ 60%] Meshing curve 8 (BSpline)
Info    : [ 70%] Meshing curve 9 (BSpline)
Info    : [ 90%] Meshing curve 11 (Circle)
Info    : Done meshing 1D (Wall 0.0356759s, CPU 0.035675s)
Info    : Meshing 2D...
Info    : [  0%] Meshing surface 1 (Plane, Frontal-Delaunay)
Info    : [ 20%] Meshing surface 2 (Plane, Frontal-Delaunay)
Info    : [ 40%] Meshing surface 3 (BSpline surface, Frontal-Delaunay)
Info    : [ 60%] Meshing surface 4 (BSpline surface, Frontal-Delaunay)
Info    : [ 70%] Meshing surface 5 (Plane, Frontal-Delaunay)
Info    : [ 90%] Meshing surface 6 (Sphere, Frontal-Delaunay)
Info    : Done meshing 2D (Wall 0.773332s, CPU 0.773291s)
Info    : Meshing 3D...
Info    : 3D Meshing 2 volumes with 2 connected components
Info    : Tetrahedrizing 12463 nodes...
Info    : Done tetrahedrizing 12471 nodes (Wall 0.150283s, CPU 0.145279s)
Info    : Reconstructing mesh...
Info    :  - Creating surface mesh
Info    :  - Identifying boundary edges
Info    :  - Recovering boundary
Info    : Done reconstructing mesh (Wall 0.33801s, CPU 0.322981s)
Info    : Found volume 1
Info    : It. 0 - 0 nodes created - worst tet radius 1.03917 (nodes removed 0 0)
Info    : 3D refinement terminated (13092 nodes total):
Info    :  - 0 Delaunay cavities modified for star shapeness
Info    :  - 0 nodes could not be inserted
Info    :  - 41688 tetrahedra created in 0.0236973 sec. (1759188 tets/s)
Info    : 0 node relocations
Info    : Tetrahedrizing 130 nodes...
Info    : Done tetrahedrizing 138 nodes (Wall 0.00073061s, CPU 0.00073s)
Info    : Reconstructing mesh...
Info    :  - Creating surface mesh
Info    :  - Identifying boundary edges
Info    :  - Recovering boundary
Info    : Done reconstructing mesh (Wall 0.00173245s, CPU 0.001734s)
Info    : Found volume 2
Info    : It. 0 - 0 nodes created - worst tet radius 3.14909 (nodes removed 0 0)
Info    : 3D refinement terminated (12675 nodes total):
Info    :  - 2 Delaunay cavities modified for star shapeness
Info    :  - 0 nodes could not be inserted
Info    :  - 501 tetrahedra created in 0.00469589 sec. (106688 tets/s)
Info    : 0 node relocations
Info    : Done meshing 3D (Wall 0.630936s, CPU 0.614846s)
Info    : Optimizing mesh...
Info    : Optimizing volume 1
Info    : Optimization starts (volume = 235.611) with worst = 0.0043381 / average = 0.681936:
Info    : 0.00 < quality < 0.10 :       193 elements
Info    : 0.10 < quality < 0.20 :       445 elements
Info    : 0.20 < quality < 0.30 :       656 elements
Info    : 0.30 < quality < 0.40 :       760 elements
Info    : 0.40 < quality < 0.50 :      1337 elements
Info    : 0.50 < quality < 0.60 :      3882 elements
Info    : 0.60 < quality < 0.70 :     10689 elements
Info    : 0.70 < quality < 0.80 :     20500 elements
Info    : 0.80 < quality < 0.90 :      1780 elements
Info    : 0.90 < quality < 1.00 :      1446 elements
Info    : 1229 edge swaps, 18 node relocations (volume = 235.611): worst = 0.124373 / average = 0.698956 (Wall 0.0171884s, CPU 0.01717s)
Info    : 1276 edge swaps, 19 node relocations (volume = 235.611): worst = 0.124373 / average = 0.699527 (Wall 0.0224513s, CPU 0.022433s)
Info    : No ill-shaped tets in the mesh :-)
Info    : 0.00 < quality < 0.10 :         0 elements
Info    : 0.10 < quality < 0.20 :         4 elements
Info    : 0.20 < quality < 0.30 :        13 elements
Info    : 0.30 < quality < 0.40 :       670 elements
Info    : 0.40 < quality < 0.50 :      1127 elements
Info    : 0.50 < quality < 0.60 :      3826 elements
Info    : 0.60 < quality < 0.70 :     11198 elements
Info    : 0.70 < quality < 0.80 :     20313 elements
Info    : 0.80 < quality < 0.90 :      1914 elements
Info    : 0.90 < quality < 1.00 :      1449 elements
Info    : Optimizing volume 2
Info    : Optimization starts (volume = 0.256145) with worst = 0.0362135 / average = 0.746421:
Info    : 0.00 < quality < 0.10 :         1 elements
Info    : 0.10 < quality < 0.20 :         2 elements
Info    : 0.20 < quality < 0.30 :         5 elements
Info    : 0.30 < quality < 0.40 :        14 elements
Info    : 0.40 < quality < 0.50 :        16 elements
Info    : 0.50 < quality < 0.60 :        23 elements
Info    : 0.60 < quality < 0.70 :        64 elements
Info    : 0.70 < quality < 0.80 :       192 elements
Info    : 0.80 < quality < 0.90 :       141 elements
Info    : 0.90 < quality < 1.00 :        43 elements
Info    : 7 edge swaps, 1 node relocations (volume = 0.256145): worst = 0.27939 / average = 0.755308 (Wall 0.000133194s, CPU 0.000137s)
Info    : No ill-shaped tets in the mesh :-)
Info    : 0.00 < quality < 0.10 :         0 elements
Info    : 0.10 < quality < 0.20 :         0 elements
Info    : 0.20 < quality < 0.30 :         1 elements
Info    : 0.30 < quality < 0.40 :        13 elements
Info    : 0.40 < quality < 0.50 :        14 elements
Info    : 0.50 < quality < 0.60 :        23 elements
Info    : 0.60 < quality < 0.70 :        68 elements
Info    : 0.70 < quality < 0.80 :       192 elements
Info    : 0.80 < quality < 0.90 :       140 elements
Info    : 0.90 < quality < 1.00 :        44 elements
Info    : Done optimizing mesh (Wall 0.0577903s, CPU 0.057737s)
Info    : 13493 nodes 67450 elements
Info    : Meshing order 2 (curvilinear on)...
Info    : [  0%] Meshing curve 1 order 2
Info    : [ 10%] Meshing curve 2 order 2
Info    : [ 20%] Meshing curve 3 order 2
Info    : [ 20%] Meshing curve 4 order 2
Info    : [ 30%] Meshing curve 5 order 2
Info    : [ 30%] Meshing curve 6 order 2
Info    : [ 40%] Meshing curve 7 order 2
Info    : [ 40%] Meshing curve 8 order 2
Info    : [ 50%] Meshing curve 9 order 2
Info    : [ 50%] Meshing curve 10 order 2
Info    : [ 60%] Meshing curve 11 order 2
Info    : [ 60%] Meshing curve 12 order 2
Info    : [ 70%] Meshing surface 1 order 2
Info    : [ 70%] Meshing surface 2 order 2
Info    : [ 80%] Meshing surface 3 order 2
Info    : [ 80%] Meshing surface 4 order 2
Info    : [ 90%] Meshing surface 5 order 2
Info    : [ 90%] Meshing surface 6 order 2
Info    : [100%] Meshing volume 1 order 2
Info    : [100%] Meshing volume 2 order 2
Info    : Surface mesh: worst distortion = 0.797589 (0 elements in ]0, 0.2]); worst gamma = 0.232905
Warning : Volume mesh: worst distortion = -0.0455084 (avg = 0.960282, 1 elements with jac. < 0)
Info    : Done meshing order 2 (Wall 12.6178s, CPU 12.6151s)
Info    : Writing '/home/user/mscr-mom/현서/scripts/contact_scenarios/fea/matv2_mesh_LM75_phiN90_b0_s100.inp'...
Info    : Done writing '/home/user/mscr-mom/현서/scripts/contact_scenarios/fea/matv2_mesh_LM75_phiN90_b0_s100.inp'
  [LM75_phiN90_b0] [실패] (17.3s)
[LM75_phiN90_b0] 완료: 0/10 성공
