[DEPTH625_phiP60_d50_b0 1/1] L_M=62.5, phi=60.0, beta=0.0, s=20.0mm, push_depth=0.05mm ...
Info    : Meshing 1D...
Info    : [  0%] Meshing curve 1 (BSpline)
Info    : [ 10%] Meshing curve 2 (Ellipse)
Info    : [ 20%] Meshing curve 3 (Ellipse)
Info    : [ 30%] Meshing curve 4 (BSpline)
Info    : [ 40%] Meshing curve 5 (BSpline)
Info    : [ 50%] Meshing curve 6 (BSpline)
Info    : [ 60%] Meshing curve 7 (BSpline)
Info    : [ 60%] Meshing curve 8 (BSpline)
Info    : [ 70%] Meshing curve 9 (BSpline)
Info    : [ 90%] Meshing curve 11 (Circle)
Info    : Done meshing 1D (Wall 0.0221517s, CPU 0.022143s)
Info    : Meshing 2D...
Info    : [  0%] Meshing surface 1 (Plane, Frontal-Delaunay)
Info    : [ 20%] Meshing surface 2 (Plane, Frontal-Delaunay)
Info    : [ 40%] Meshing surface 3 (BSpline surface, Frontal-Delaunay)
Info    : [ 60%] Meshing surface 4 (BSpline surface, Frontal-Delaunay)
Info    : [ 70%] Meshing surface 5 (Plane, Frontal-Delaunay)
Info    : [ 90%] Meshing surface 6 (Sphere, Frontal-Delaunay)
Info    : Done meshing 2D (Wall 0.918709s, CPU 0.915518s)
Info    : Meshing 3D...
Info    : 3D Meshing 2 volumes with 2 connected components
Info    : Tetrahedrizing 12515 nodes...
Info    : Done tetrahedrizing 12523 nodes (Wall 0.157266s, CPU 0.149264s)
Info    : Reconstructing mesh...
Info    :  - Creating surface mesh
Info    :  - Identifying boundary edges
Info    :  - Recovering boundary
Info    : Done reconstructing mesh (Wall 0.438202s, CPU 0.409044s)
Info    : Found volume 1
Info    : It. 0 - 0 nodes created - worst tet radius 1.06901 (nodes removed 0 0)
Info    : It. 500 - 500 nodes created - worst tet radius 1.00009 (nodes removed 0 0)
Info    : 3D refinement terminated (13206 nodes total):
Info    :  - 0 Delaunay cavities modified for star shapeness
Info    :  - 0 nodes could not be inserted
Info    :  - 42214 tetrahedra created in 0.0284039 sec. (1486204 tets/s)
Info    : 0 node relocations
Info    : Tetrahedrizing 132 nodes...
Info    : Done tetrahedrizing 140 nodes (Wall 0.000830855s, CPU 0.000831s)
Info    : Reconstructing mesh...
Info    :  - Creating surface mesh
Info    :  - Identifying boundary edges
Info    :  - Recovering boundary
Info    : Done reconstructing mesh (Wall 0.00203694s, CPU 0.001217s)
Info    : Found volume 2
Info    : It. 0 - 0 nodes created - worst tet radius 3.07066 (nodes removed 0 0)
Info    : 3D refinement terminated (12731 nodes total):
Info    :  - 0 Delaunay cavities modified for star shapeness
Info    :  - 0 nodes could not be inserted
Info    :  - 525 tetrahedra created in 0.00520122 sec. (100937 tets/s)
Info    : 0 node relocations
Info    : Done meshing 3D (Wall 0.768351s, CPU 0.737116s)
Info    : Optimizing mesh...
Info    : Optimizing volume 1
Info    : Optimization starts (volume = 235.603) with worst = 0.00511369 / average = 0.683118:
Info    : 0.00 < quality < 0.10 :       226 elements
Info    : 0.10 < quality < 0.20 :       390 elements
Info    : 0.20 < quality < 0.30 :       634 elements
Info    : 0.30 < quality < 0.40 :       888 elements
Info    : 0.40 < quality < 0.50 :      1177 elements
Info    : 0.50 < quality < 0.60 :      3901 elements
Info    : 0.60 < quality < 0.70 :     11251 elements
Info    : 0.70 < quality < 0.80 :     20036 elements
Info    : 0.80 < quality < 0.90 :      2100 elements
Info    : 0.90 < quality < 1.00 :      1611 elements
Info    : 1174 edge swaps, 18 node relocations (volume = 235.603): worst = 0.0655729 / average = 0.699278 (Wall 0.0181997s, CPU 0.018199s)
Info    : 1222 edge swaps, 19 node relocations (volume = 235.603): worst = 0.127176 / average = 0.699868 (Wall 0.0219067s, CPU 0.021907s)
Info    : 1226 edge swaps, 19 node relocations (volume = 235.603): worst = 0.127176 / average = 0.699923 (Wall 0.0244653s, CPU 0.024467s)
Info    : No ill-shaped tets in the mesh :-)
Info    : 0.00 < quality < 0.10 :         0 elements
Info    : 0.10 < quality < 0.20 :         4 elements
Info    : 0.20 < quality < 0.30 :        17 elements
Info    : 0.30 < quality < 0.40 :       718 elements
Info    : 0.40 < quality < 0.50 :      1021 elements
Info    : 0.50 < quality < 0.60 :      3926 elements
Info    : 0.60 < quality < 0.70 :     11770 elements
Info    : 0.70 < quality < 0.80 :     19793 elements
Info    : 0.80 < quality < 0.90 :      2244 elements
Info    : 0.90 < quality < 1.00 :      1606 elements
Info    : Optimizing volume 2
Info    : Optimization starts (volume = 0.256468) with worst = 0.0893956 / average = 0.742921:
Info    : 0.00 < quality < 0.10 :         1 elements
Info    : 0.10 < quality < 0.20 :         3 elements
Info    : 0.20 < quality < 0.30 :         6 elements
Info    : 0.30 < quality < 0.40 :        13 elements
Info    : 0.40 < quality < 0.50 :        25 elements
Info    : 0.50 < quality < 0.60 :        24 elements
Info    : 0.60 < quality < 0.70 :        75 elements
Info    : 0.70 < quality < 0.80 :       168 elements
Info    : 0.80 < quality < 0.90 :       158 elements
Info    : 0.90 < quality < 1.00 :        52 elements
Info    : 10 edge swaps, 0 node relocations (volume = 0.256468): worst = 0.319299 / average = 0.7561 (Wall 0.000120156s, CPU 0.000121s)
Info    : No ill-shaped tets in the mesh :-)
Info    : 0.00 < quality < 0.10 :         0 elements
Info    : 0.10 < quality < 0.20 :         0 elements
Info    : 0.20 < quality < 0.30 :         0 elements
Info    : 0.30 < quality < 0.40 :        13 elements
Info    : 0.40 < quality < 0.50 :        23 elements
Info    : 0.50 < quality < 0.60 :        21 elements
Info    : 0.60 < quality < 0.70 :        77 elements
Info    : 0.70 < quality < 0.80 :       167 elements
Info    : 0.80 < quality < 0.90 :       162 elements
Info    : 0.90 < quality < 1.00 :        52 elements
Info    : Done optimizing mesh (Wall 0.0624641s, CPU 0.062462s)
Info    : 13609 nodes 68129 elements
Info    : Meshing order 2 (curvilinear on)...
Info    : [  0%] Meshing curve 1 order 2
Info    : [ 10%] Meshing curve 2 order 2
Info    : [ 20%] Meshing curve 3 order 2
Info    : [ 20%] Meshing curve 4 order 2
Info    : [ 30%] Meshing curve 5 order 2
Info    : [ 30%] Meshing curve 6 order 2
Info    : [ 40%] Meshing curve 7 order 2
Info    : [ 40%] Meshing curve 8 order 2
Info    : [ 50%] Meshing curve 9 order 2
Info    : [ 50%] Meshing curve 10 order 2
Info    : [ 60%] Meshing curve 11 order 2
Info    : [ 60%] Meshing curve 12 order 2
Info    : [ 70%] Meshing surface 1 order 2
Info    : [ 70%] Meshing surface 2 order 2
Info    : [ 80%] Meshing surface 3 order 2
Info    : [ 80%] Meshing surface 4 order 2
Info    : [ 90%] Meshing surface 5 order 2
Info    : [ 90%] Meshing surface 6 order 2
Info    : [100%] Meshing volume 1 order 2
Info    : [100%] Meshing volume 2 order 2
Info    : Surface mesh: worst distortion = 0.797589 (0 elements in ]0, 0.2]); worst gamma = 0.499267
Info    : Volume mesh: worst distortion = 0.27339 (0 elements in ]0, 0.2])
Info    : Done meshing order 2 (Wall 15.1169s, CPU 15.0723s)
Info    : Writing '/home/user/mscr-mom/현서/scripts/contact_scenarios/fea/matv2_mesh_DEPTH625_phiP60_d50_b0_s20.inp'...
Info    : Done writing '/home/user/mscr-mom/현서/scripts/contact_scenarios/fea/matv2_mesh_DEPTH625_phiP60_d50_b0_s20.inp'
  [DEPTH625_phiP60_d50_b0] F_mag=0.0104mN  (299.3s)
[DEPTH625_phiP60_d50_b0] 완료: 1/1 성공
