기존 데이터 518행 (그중 depth=0.1mm: 518행)
선택된 기준 조합: 30개, 새로 돌릴 깊이: [0.05, 0.2]

총 60케이스 (48회 워커 호출), 예상 4.5시간 (동시 4개, 케이스당 18분 가정)

[실행 목록]
  L_M=  0.0, phi=  30.0, depth=0.050mm -> s=[50.0, 80.0]
  L_M=  0.0, phi=  30.0, depth=0.200mm -> s=[50.0, 80.0]
  L_M=  0.0, phi=  60.0, depth=0.050mm -> s=[10.0]
  L_M=  0.0, phi=  60.0, depth=0.200mm -> s=[10.0]
  L_M=  0.0, phi=  90.0, depth=0.050mm -> s=[20.0, 45.0]
  L_M=  0.0, phi=  90.0, depth=0.200mm -> s=[20.0, 45.0]
  L_M=  0.0, phi= 120.0, depth=0.050mm -> s=[85.0]
  L_M=  0.0, phi= 120.0, depth=0.200mm -> s=[85.0]
  L_M= 12.5, phi=-150.0, depth=0.050mm -> s=[40.0]
  L_M= 12.5, phi=-150.0, depth=0.200mm -> s=[40.0]
  L_M= 12.5, phi=-120.0, depth=0.050mm -> s=[30.0]
  L_M= 12.5, phi=-120.0, depth=0.200mm -> s=[30.0]
  L_M= 12.5, phi= -90.0, depth=0.050mm -> s=[80.0]
  L_M= 12.5, phi= -90.0, depth=0.200mm -> s=[80.0]
  L_M= 12.5, phi=   0.0, depth=0.050mm -> s=[30.0, 60.0, 80.0]
  L_M= 12.5, phi=   0.0, depth=0.200mm -> s=[30.0, 60.0, 80.0]
  L_M= 25.0, phi=-150.0, depth=0.050mm -> s=[70.0]
  L_M= 25.0, phi=-150.0, depth=0.200mm -> s=[70.0]
  L_M= 25.0, phi=-120.0, depth=0.050mm -> s=[20.0, 60.0]
  L_M= 25.0, phi=-120.0, depth=0.200mm -> s=[20.0, 60.0]
  L_M= 25.0, phi=   0.0, depth=0.050mm -> s=[100.0]
  L_M= 25.0, phi=   0.0, depth=0.200mm -> s=[100.0]
  L_M= 25.0, phi=  30.0, depth=0.050mm -> s=[50.0]
  L_M= 25.0, phi=  30.0, depth=0.200mm -> s=[50.0]
  L_M= 25.0, phi=  60.0, depth=0.050mm -> s=[20.0]
  L_M= 25.0, phi=  60.0, depth=0.200mm -> s=[20.0]
  L_M= 37.5, phi=-150.0, depth=0.050mm -> s=[40.0]
  L_M= 37.5, phi=-150.0, depth=0.200mm -> s=[40.0]
  L_M= 37.5, phi=-120.0, depth=0.050mm -> s=[15.0]
  L_M= 37.5, phi=-120.0, depth=0.200mm -> s=[15.0]
  L_M= 37.5, phi= -30.0, depth=0.050mm -> s=[30.0, 70.0]
  L_M= 37.5, phi= -30.0, depth=0.200mm -> s=[30.0, 70.0]
  L_M= 37.5, phi=   0.0, depth=0.050mm -> s=[50.0]
  L_M= 37.5, phi=   0.0, depth=0.200mm -> s=[50.0]
  L_M= 37.5, phi=  90.0, depth=0.050mm -> s=[80.0]
  L_M= 37.5, phi=  90.0, depth=0.200mm -> s=[80.0]
  L_M= 50.0, phi=-120.0, depth=0.050mm -> s=[50.0]
  L_M= 50.0, phi=-120.0, depth=0.200mm -> s=[50.0]
  L_M= 50.0, phi= -90.0, depth=0.050mm -> s=[90.0]
  L_M= 50.0, phi= -90.0, depth=0.200mm -> s=[90.0]
  L_M= 50.0, phi= -30.0, depth=0.050mm -> s=[30.0]
  L_M= 50.0, phi= -30.0, depth=0.200mm -> s=[30.0]
  L_M= 50.0, phi=   0.0, depth=0.050mm -> s=[60.0]
  L_M= 50.0, phi=   0.0, depth=0.200mm -> s=[60.0]
  L_M= 50.0, phi=  30.0, depth=0.050mm -> s=[100.0]
  L_M= 50.0, phi=  30.0, depth=0.200mm -> s=[100.0]
  L_M= 50.0, phi= 150.0, depth=0.050mm -> s=[30.0]
  L_M= 50.0, phi= 150.0, depth=0.200mm -> s=[30.0]

=== 깊이 스윕 시작 (동시 4개 x 스레드 4개) ===
[1/48] L_M=0.0, phi=60.0, depth=0.05mm (s 1개) 완료  경과 3.8분
[2/48] L_M=0.0, phi=60.0, depth=0.2mm (s 1개) 완료  경과 4.0분
[3/48] L_M=0.0, phi=30.0, depth=0.2mm (s 2개) 완료  경과 24.7분
[4/48] L_M=0.0, phi=120.0, depth=0.05mm (s 1개) 완료  경과 25.0분
[5/48] L_M=0.0, phi=120.0, depth=0.2mm (s 1개) 완료  경과 25.3분
[6/48] L_M=12.5, phi=-150.0, depth=0.05mm (s 1개) 완료  경과 28.5분
[7/48] L_M=0.0, phi=90.0, depth=0.05mm (s 2개) 완료  경과 32.6분
[8/48] L_M=0.0, phi=30.0, depth=0.05mm (s 2개) 완료  경과 33.9분
[9/48] L_M=12.5, phi=-120.0, depth=0.05mm (s 1개) 완료  경과 39.8분
[10/48] L_M=12.5, phi=-90.0, depth=0.05mm (s 1개) 완료  경과 45.1분
[11/48] L_M=0.0, phi=90.0, depth=0.2mm (s 2개) 완료  경과 46.7분
[12/48] L_M=12.5, phi=-150.0, depth=0.2mm (s 1개) 완료  경과 54.0분
[13/48] L_M=12.5, phi=-120.0, depth=0.2mm (s 1개) 완료  경과 57.6분
[14/48] L_M=25.0, phi=-150.0, depth=0.05mm (s 1개) 완료  경과 57.9분
[15/48] L_M=12.5, phi=0.0, depth=0.05mm (s 3개) 완료  경과 58.2분
[16/48] L_M=25.0, phi=-150.0, depth=0.2mm (s 1개) 완료  경과 58.3분
[17/48] L_M=12.5, phi=0.0, depth=0.2mm (s 3개) 완료  경과 66.2분
[18/48] L_M=12.5, phi=-90.0, depth=0.2mm (s 1개) 완료  경과 68.7분
[19/48] L_M=25.0, phi=-120.0, depth=0.05mm (s 2개) 완료  경과 69.6분
[20/48] L_M=25.0, phi=0.0, depth=0.05mm (s 1개) 완료  경과 70.4분
[21/48] L_M=25.0, phi=0.0, depth=0.2mm (s 1개) 완료  경과 73.0분
[22/48] L_M=25.0, phi=30.0, depth=0.05mm (s 1개) 완료  경과 73.5분
[23/48] L_M=25.0, phi=30.0, depth=0.2mm (s 1개) 완료  경과 74.2분
[24/48] L_M=25.0, phi=60.0, depth=0.05mm (s 1개) 완료  경과 77.0분
[25/48] L_M=37.5, phi=-150.0, depth=0.05mm (s 1개) 완료  경과 92.2분
[26/48] L_M=37.5, phi=-150.0, depth=0.2mm (s 1개) 완료  경과 94.6분
[27/48] L_M=37.5, phi=-120.0, depth=0.05mm (s 1개) 완료  경과 96.0분
[28/48] L_M=37.5, phi=-120.0, depth=0.2mm (s 1개) 완료  경과 100.2분
[29/48] L_M=25.0, phi=-120.0, depth=0.2mm (s 2개) 완료  경과 100.6분
[30/48] L_M=37.5, phi=-30.0, depth=0.05mm (s 2개) 완료  경과 102.3분
[31/48] L_M=37.5, phi=0.0, depth=0.05mm (s 1개) 완료  경과 103.9분
[32/48] L_M=25.0, phi=60.0, depth=0.2mm (s 1개) 완료  경과 103.9분
[33/48] L_M=37.5, phi=0.0, depth=0.2mm (s 1개) 완료  경과 105.6분
[34/48] L_M=50.0, phi=-120.0, depth=0.05mm (s 1개) 완료  경과 114.6분
[35/48] L_M=37.5, phi=90.0, depth=0.05mm (s 1개) 완료  경과 116.6분
[36/48] L_M=50.0, phi=-90.0, depth=0.05mm (s 1개) 완료  경과 120.5분
[37/48] L_M=37.5, phi=-30.0, depth=0.2mm (s 2개) 완료  경과 131.1분
[38/48] L_M=37.5, phi=90.0, depth=0.2mm (s 1개) 완료  경과 134.3분
[39/48] L_M=50.0, phi=-30.0, depth=0.05mm (s 1개) 완료  경과 135.7분
[40/48] L_M=50.0, phi=0.0, depth=0.05mm (s 1개) 완료  경과 141.7분
[41/48] L_M=50.0, phi=-90.0, depth=0.2mm (s 1개) 완료  경과 142.9분
[42/48] L_M=50.0, phi=-120.0, depth=0.2mm (s 1개) 완료  경과 144.8분
[43/48] L_M=50.0, phi=30.0, depth=0.05mm (s 1개) 완료  경과 148.2분
[44/48] L_M=50.0, phi=150.0, depth=0.05mm (s 1개) 완료  경과 152.2분
[45/48] L_M=50.0, phi=-30.0, depth=0.2mm (s 1개) 완료  경과 152.9분
[46/48] L_M=50.0, phi=0.0, depth=0.2mm (s 1개) 완료  경과 171.8분
[47/48] L_M=50.0, phi=30.0, depth=0.2mm (s 1개) 완료  경과 175.2분
[48/48] L_M=50.0, phi=150.0, depth=0.2mm (s 1개) 완료  경과 177.5분
=== 완료 (177.5분) ===
=== 기존 fea_lm_phi_pos_matv2_all.json에 병합 ===
병합 완료: 655개 -> 690개 (+35, 시도 60개 중)
