[DEPTH125_phiN90_d150_b0 1/2] L_M=12.5, phi=-90.0, beta=0.0, s=62.5mm, push_depth=0.15mm ...
Info    : Meshing 1D...
Info    : [  0%] Meshing curve 1 (BSpline)
Info    : [ 10%] Meshing curve 2 (Ellipse)
Info    : [ 20%] Meshing curve 3 (Ellipse)
Info    : [ 30%] Meshing curve 4 (BSpline)
Info    : [ 40%] Meshing curve 5 (BSpline)
Info    : [ 50%] Meshing curve 6 (BSpline)
Info    : [ 60%] Meshing curve 7 (BSpline)
Info    : [ 60%] Meshing curve 8 (BSpline)
Info    : [ 70%] Meshing curve 9 (BSpline)
Info    : [ 90%] Meshing curve 11 (Circle)
Info    : Done meshing 1D (Wall 0.0425199s, CPU 0.040985s)
Info    : Meshing 2D...
Info    : [  0%] Meshing surface 1 (Plane, Frontal-Delaunay)
Info    : [ 20%] Meshing surface 2 (Plane, Frontal-Delaunay)
Info    : [ 40%] Meshing surface 3 (BSpline surface, Frontal-Delaunay)
Info    : [ 60%] Meshing surface 4 (BSpline surface, Frontal-Delaunay)
Info    : [ 70%] Meshing surface 5 (Plane, Frontal-Delaunay)
Info    : [ 90%] Meshing surface 6 (Sphere, Frontal-Delaunay)
Info    : Done meshing 2D (Wall 1.57741s, CPU 1.5569s)
Info    : Meshing 3D...
Info    : 3D Meshing 2 volumes with 2 connected components
Info    : Tetrahedrizing 12636 nodes...
Info    : Done tetrahedrizing 12644 nodes (Wall 0.25224s, CPU 0.237856s)
Info    : Reconstructing mesh...
Info    :  - Creating surface mesh
Info    :  - Identifying boundary edges
Info    :  - Recovering boundary
Info    : Done reconstructing mesh (Wall 0.661495s, CPU 0.60898s)
Info    : Found volume 1
Info    : It. 0 - 0 nodes created - worst tet radius 2.26656 (nodes removed 0 0)
Info    : It. 500 - 500 nodes created - worst tet radius 1.00358 (nodes removed 0 0)
Info    : 3D refinement terminated (13769 nodes total):
Info    :  - 0 Delaunay cavities modified for star shapeness
Info    :  - 0 nodes could not be inserted
Info    :  - 43981 tetrahedra created in 0.0469718 sec. (936328 tets/s)
Info    : 0 node relocations
Info    : Tetrahedrizing 406 nodes...
Info    : Done tetrahedrizing 414 nodes (Wall 0.00362575s, CPU 0.00362s)
Info    : Reconstructing mesh...
Info    :  - Creating surface mesh
Info    :  - Identifying boundary edges
Info    :  - Recovering boundary
Info    : Done reconstructing mesh (Wall 0.00886415s, CPU 0.008548s)
Info    : Found volume 2
Info    : It. 0 - 0 nodes created - worst tet radius 5.47296 (nodes removed 0 0)
Info    : 3D refinement terminated (13331 nodes total):
Info    :  - 2 Delaunay cavities modified for star shapeness
Info    :  - 0 nodes could not be inserted
Info    :  - 2632 tetrahedra created in 0.0154354 sec. (170516 tets/s)
Info    : 0 node relocations
Info    : Done meshing 3D (Wall 1.20663s, CPU 1.1517s)
Info    : Optimizing mesh...
Info    : Optimizing volume 1
Info    : Optimization starts (volume = 235.582) with worst = 0.00675458 / average = 0.682323:
Info    : 0.00 < quality < 0.10 :       190 elements
Info    : 0.10 < quality < 0.20 :       560 elements
Info    : 0.20 < quality < 0.30 :       791 elements
Info    : 0.30 < quality < 0.40 :      1120 elements
Info    : 0.40 < quality < 0.50 :      1667 elements
Info    : 0.50 < quality < 0.60 :      4082 elements
Info    : 0.60 < quality < 0.70 :      9880 elements
Info    : 0.70 < quality < 0.80 :     21082 elements
Info    : 0.80 < quality < 0.90 :      2686 elements
Info    : 0.90 < quality < 1.00 :      1923 elements
Info    : 1467 edge swaps, 22 node relocations (volume = 235.582): worst = 0.0555092 / average = 0.701118 (Wall 0.0555872s, CPU 0.031193s)
Info    : 1530 edge swaps, 24 node relocations (volume = 235.582): worst = 0.173269 / average = 0.701774 (Wall 0.0598017s, CPU 0.035403s)
Info    : 1532 edge swaps, 24 node relocations (volume = 235.582): worst = 0.173269 / average = 0.70177 (Wall 0.0627771s, CPU 0.03838s)
Info    : No ill-shaped tets in the mesh :-)
Info    : 0.00 < quality < 0.10 :         0 elements
Info    : 0.10 < quality < 0.20 :         3 elements
Info    : 0.20 < quality < 0.30 :        26 elements
Info    : 0.30 < quality < 0.40 :      1017 elements
Info    : 0.40 < quality < 0.50 :      1394 elements
Info    : 0.50 < quality < 0.60 :      4113 elements
Info    : 0.60 < quality < 0.70 :     10492 elements
Info    : 0.70 < quality < 0.80 :     20789 elements
Info    : 0.80 < quality < 0.90 :      2848 elements
Info    : 0.90 < quality < 1.00 :      1936 elements
Info    : Optimizing volume 2
Info    : Optimization starts (volume = 0.264366) with worst = 0.0321547 / average = 0.758724:
Info    : 0.00 < quality < 0.10 :         6 elements
Info    : 0.10 < quality < 0.20 :        22 elements
Info    : 0.20 < quality < 0.30 :        33 elements
Info    : 0.30 < quality < 0.40 :        56 elements
Info    : 0.40 < quality < 0.50 :        67 elements
Info    : 0.50 < quality < 0.60 :       138 elements
Info    : 0.60 < quality < 0.70 :       339 elements
Info    : 0.70 < quality < 0.80 :       693 elements
Info    : 0.80 < quality < 0.90 :       948 elements
Info    : 0.90 < quality < 1.00 :       330 elements
Info    : 61 edge swaps, 4 node relocations (volume = 0.264366): worst = 0.264834 / average = 0.773184 (Wall 0.00121567s, CPU 1.6e-05s)
Info    : 62 edge swaps, 4 node relocations (volume = 0.264366): worst = 0.303461 / average = 0.773395 (Wall 0.00143963s, CPU 0.000199s)
Info    : No ill-shaped tets in the mesh :-)
Info    : 0.00 < quality < 0.10 :         0 elements
Info    : 0.10 < quality < 0.20 :         0 elements
Info    : 0.20 < quality < 0.30 :         0 elements
Info    : 0.30 < quality < 0.40 :        54 elements
Info    : 0.40 < quality < 0.50 :        63 elements
Info    : 0.50 < quality < 0.60 :       130 elements
Info    : 0.60 < quality < 0.70 :       349 elements
Info    : 0.70 < quality < 0.80 :       689 elements
Info    : 0.80 < quality < 0.90 :       958 elements
Info    : 0.90 < quality < 1.00 :       334 elements
Info    : Done optimizing mesh (Wall 0.156419s, CPU 0.085613s)
Info    : 14377 nodes 72525 elements
Info    : Meshing order 2 (curvilinear on)...
Info    : [  0%] Meshing curve 1 order 2
Info    : [ 10%] Meshing curve 2 order 2
Info    : [ 20%] Meshing curve 3 order 2
Info    : [ 20%] Meshing curve 4 order 2
Info    : [ 30%] Meshing curve 5 order 2
Info    : [ 30%] Meshing curve 6 order 2
Info    : [ 40%] Meshing curve 7 order 2
Info    : [ 40%] Meshing curve 8 order 2
Info    : [ 50%] Meshing curve 9 order 2
Info    : [ 50%] Meshing curve 10 order 2
Info    : [ 60%] Meshing curve 11 order 2
Info    : [ 60%] Meshing curve 12 order 2
Info    : [ 70%] Meshing surface 1 order 2
Info    : [ 70%] Meshing surface 2 order 2
Info    : [ 80%] Meshing surface 3 order 2
Info    : [ 80%] Meshing surface 4 order 2
Info    : [ 90%] Meshing surface 5 order 2
Info    : [ 90%] Meshing surface 6 order 2
Info    : [100%] Meshing volume 1 order 2
Info    : [100%] Meshing volume 2 order 2
Info    : Surface mesh: worst distortion = 0.797589 (0 elements in ]0, 0.2]); worst gamma = 0.287709
Info    : Volume mesh: worst distortion = 0.270886 (0 elements in ]0, 0.2])
Info    : Done meshing order 2 (Wall 29.3185s, CPU 28.4772s)
Info    : Writing '/home/user/mscr-mom/현서/scripts/contact_scenarios/fea/matv2_mesh_DEPTH125_phiN90_d150_b0_s62.inp'...
Info    : Done writing '/home/user/mscr-mom/현서/scripts/contact_scenarios/fea/matv2_mesh_DEPTH125_phiN90_d150_b0_s62.inp'
  [DEPTH125_phiN90_d150_b0] [실패] (1753.5s)
[DEPTH125_phiN90_d150_b0 2/2] L_M=12.5, phi=-90.0, beta=0.0, s=80.0mm, push_depth=0.15mm ...
Info    : Meshing 1D...
Info    : [  0%] Meshing curve 1 (BSpline)
Info    : [ 10%] Meshing curve 2 (Ellipse)
Info    : [ 20%] Meshing curve 3 (Ellipse)
Info    : [ 30%] Meshing curve 4 (BSpline)
Info    : [ 40%] Meshing curve 5 (BSpline)
Info    : [ 50%] Meshing curve 6 (BSpline)
Info    : [ 60%] Meshing curve 7 (BSpline)
Info    : [ 60%] Meshing curve 8 (BSpline)
Info    : [ 70%] Meshing curve 9 (BSpline)
Info    : [ 90%] Meshing curve 11 (Circle)
Info    : Done meshing 1D (Wall 0.0443174s, CPU 0.042452s)
Info    : Meshing 2D...
Info    : [  0%] Meshing surface 1 (Plane, Frontal-Delaunay)
Info    : [ 20%] Meshing surface 2 (Plane, Frontal-Delaunay)
Info    : [ 40%] Meshing surface 3 (BSpline surface, Frontal-Delaunay)
Info    : [ 60%] Meshing surface 4 (BSpline surface, Frontal-Delaunay)
Info    : [ 70%] Meshing surface 5 (Plane, Frontal-Delaunay)
Info    : [ 90%] Meshing surface 6 (Sphere, Frontal-Delaunay)
Info    : Done meshing 2D (Wall 1.56229s, CPU 1.55832s)
Info    : Meshing 3D...
Info    : 3D Meshing 2 volumes with 2 connected components
Info    : Tetrahedrizing 12674 nodes...
Info    : Done tetrahedrizing 12682 nodes (Wall 0.245727s, CPU 0.241319s)
Info    : Reconstructing mesh...
Info    :  - Creating surface mesh
Info    :  - Identifying boundary edges
Info    :  - Recovering boundary
Info    : Done reconstructing mesh (Wall 0.603835s, CPU 0.588616s)
Info    : Found volume 1
Info    : It. 0 - 0 nodes created - worst tet radius 2.31923 (nodes removed 0 0)
Info    : It. 500 - 500 nodes created - worst tet radius 1.00372 (nodes removed 0 0)
Info    : 3D refinement terminated (13823 nodes total):
Info    :  - 0 Delaunay cavities modified for star shapeness
Info    :  - 0 nodes could not be inserted
Info    :  - 44133 tetrahedra created in 0.069622 sec. (633894 tets/s)
Info    : 0 node relocations
Info    : Tetrahedrizing 401 nodes...
Info    : Done tetrahedrizing 409 nodes (Wall 0.00360844s, CPU 0.003607s)
Info    : Reconstructing mesh...
Info    :  - Creating surface mesh
Info    :  - Identifying boundary edges
Info    :  - Recovering boundary
Info    : Done reconstructing mesh (Wall 0.00958942s, CPU 0.009257s)
Info    : Found volume 2
Info    : It. 0 - 0 nodes created - worst tet radius 5.42515 (nodes removed 0 0)
Info    : 3D refinement terminated (13374 nodes total):
Info    :  - 3 Delaunay cavities modified for star shapeness
Info    :  - 1 nodes could not be inserted
Info    :  - 2699 tetrahedra created in 0.0278475 sec. (96920 tets/s)
Info    : 0 node relocations
Info    : Done meshing 3D (Wall 1.14213s, CPU 1.12567s)
Info    : Optimizing mesh...
Info    : Optimizing volume 1
Info    : Optimization starts (volume = 235.598) with worst = 0.00679222 / average = 0.683573:
Info    : 0.00 < quality < 0.10 :       197 elements
Info    : 0.10 < quality < 0.20 :       515 elements
Info    : 0.20 < quality < 0.30 :       697 elements
Info    : 0.30 < quality < 0.40 :      1150 elements
Info    : 0.40 < quality < 0.50 :      1530 elements
Info    : 0.50 < quality < 0.60 :      4048 elements
Info    : 0.60 < quality < 0.70 :     10448 elements
Info    : 0.70 < quality < 0.80 :     20849 elements
Info    : 0.80 < quality < 0.90 :      2704 elements
Info    : 0.90 < quality < 1.00 :      1995 elements
Info    : 1345 edge swaps, 22 node relocations (volume = 235.598): worst = 0.0487929 / average = 0.700738 (Wall 0.0374366s, CPU 0.037033s)
Info    : 1401 edge swaps, 25 node relocations (volume = 235.598): worst = 0.169335 / average = 0.701253 (Wall 0.0509316s, CPU 0.050366s)
Info    : 1405 edge swaps, 25 node relocations (volume = 235.598): worst = 0.176355 / average = 0.701271 (Wall 0.0624367s, CPU 0.061737s)
Info    : No ill-shaped tets in the mesh :-)
Info    : 0.00 < quality < 0.10 :         0 elements
Info    : 0.10 < quality < 0.20 :         3 elements
Info    : 0.20 < quality < 0.30 :        17 elements
Info    : 0.30 < quality < 0.40 :      1016 elements
Info    : 0.40 < quality < 0.50 :      1339 elements
Info    : 0.50 < quality < 0.60 :      4125 elements
Info    : 0.60 < quality < 0.70 :     10967 elements
Info    : 0.70 < quality < 0.80 :     20561 elements
Info    : 0.80 < quality < 0.90 :      2860 elements
Info    : 0.90 < quality < 1.00 :      1998 elements
Info    : Optimizing volume 2
Info    : Optimization starts (volume = 0.264333) with worst = 0.0511577 / average = 0.757278:
Info    : 0.00 < quality < 0.10 :         5 elements
Info    : 0.10 < quality < 0.20 :        22 elements
Info    : 0.20 < quality < 0.30 :        37 elements
Info    : 0.30 < quality < 0.40 :        61 elements
Info    : 0.40 < quality < 0.50 :        82 elements
Info    : 0.50 < quality < 0.60 :       143 elements
Info    : 0.60 < quality < 0.70 :       336 elements
Info    : 0.70 < quality < 0.80 :       721 elements
Info    : 0.80 < quality < 0.90 :       933 elements
Info    : 0.90 < quality < 1.00 :       359 elements
Info    : 63 edge swaps, 5 node relocations (volume = 0.264333): worst = 0.200407 / average = 0.772028 (Wall 0.00140243s, CPU 0.000296s)
Info    : 65 edge swaps, 5 node relocations (volume = 0.264333): worst = 0.300114 / average = 0.772532 (Wall 0.00162029s, CPU 0.000513s)
Info    : No ill-shaped tets in the mesh :-)
Info    : 0.00 < quality < 0.10 :         0 elements
Info    : 0.10 < quality < 0.20 :         0 elements
Info    : 0.20 < quality < 0.30 :         0 elements
Info    : 0.30 < quality < 0.40 :        60 elements
Info    : 0.40 < quality < 0.50 :        71 elements
Info    : 0.50 < quality < 0.60 :       135 elements
Info    : 0.60 < quality < 0.70 :       345 elements
Info    : 0.70 < quality < 0.80 :       723 elements
Info    : 0.80 < quality < 0.90 :       949 elements
Info    : 0.90 < quality < 1.00 :       358 elements
Info    : Done optimizing mesh (Wall 0.142884s, CPU 0.139303s)
Info    : 14441 nodes 72918 elements
Info    : Meshing order 2 (curvilinear on)...
Info    : [  0%] Meshing curve 1 order 2
Info    : [ 10%] Meshing curve 2 order 2
Info    : [ 20%] Meshing curve 3 order 2
Info    : [ 20%] Meshing curve 4 order 2
Info    : [ 30%] Meshing curve 5 order 2
Info    : [ 30%] Meshing curve 6 order 2
Info    : [ 40%] Meshing curve 7 order 2
Info    : [ 40%] Meshing curve 8 order 2
Info    : [ 50%] Meshing curve 9 order 2
Info    : [ 50%] Meshing curve 10 order 2
Info    : [ 60%] Meshing curve 11 order 2
Info    : [ 60%] Meshing curve 12 order 2
Info    : [ 70%] Meshing surface 1 order 2
Info    : [ 70%] Meshing surface 2 order 2
Info    : [ 80%] Meshing surface 3 order 2
Info    : [ 80%] Meshing surface 4 order 2
Info    : [ 90%] Meshing surface 5 order 2
Info    : [ 90%] Meshing surface 6 order 2
Info    : [100%] Meshing volume 1 order 2
Info    : [100%] Meshing volume 2 order 2
Info    : Surface mesh: worst distortion = 0.797589 (0 elements in ]0, 0.2]); worst gamma = 0.417862
Info    : Volume mesh: worst distortion = 0.270886 (0 elements in ]0, 0.2])
Info    : Done meshing order 2 (Wall 30.1122s, CPU 28.0166s)
Info    : Writing '/home/user/mscr-mom/현서/scripts/contact_scenarios/fea/matv2_mesh_DEPTH125_phiN90_d150_b0_s80.inp'...
Info    : Done writing '/home/user/mscr-mom/현서/scripts/contact_scenarios/fea/matv2_mesh_DEPTH125_phiN90_d150_b0_s80.inp'
  [DEPTH125_phiN90_d150_b0] [실패] (1612.9s)
[DEPTH125_phiN90_d150_b0] 완료: 0/2 성공
