[DEPTH125_phiP150_d50_b0 1/1] L_M=12.5, phi=150.0, beta=0.0, s=10.0mm, push_depth=0.05mm ...
Info    : Meshing 1D...
Info    : [  0%] Meshing curve 1 (BSpline)
Info    : [ 10%] Meshing curve 2 (Ellipse)
Info    : [ 20%] Meshing curve 3 (Ellipse)
Info    : [ 30%] Meshing curve 4 (BSpline)
Info    : [ 40%] Meshing curve 5 (BSpline)
Info    : [ 50%] Meshing curve 6 (BSpline)
Info    : [ 60%] Meshing curve 7 (BSpline)
Info    : [ 60%] Meshing curve 8 (BSpline)
Info    : [ 70%] Meshing curve 9 (BSpline)
Info    : [ 90%] Meshing curve 11 (Circle)
Info    : Done meshing 1D (Wall 0.0207171s, CPU 0.019735s)
Info    : Meshing 2D...
Info    : [  0%] Meshing surface 1 (Plane, Frontal-Delaunay)
Info    : [ 20%] Meshing surface 2 (Plane, Frontal-Delaunay)
Info    : [ 40%] Meshing surface 3 (BSpline surface, Frontal-Delaunay)
Info    : [ 60%] Meshing surface 4 (BSpline surface, Frontal-Delaunay)
Info    : [ 70%] Meshing surface 5 (Plane, Frontal-Delaunay)
Info    : [ 90%] Meshing surface 6 (Sphere, Frontal-Delaunay)
Info    : Done meshing 2D (Wall 0.764736s, CPU 0.760487s)
Info    : Meshing 3D...
Info    : 3D Meshing 2 volumes with 2 connected components
Info    : Tetrahedrizing 12716 nodes...
Info    : Done tetrahedrizing 12724 nodes (Wall 0.153962s, CPU 0.147949s)
Info    : Reconstructing mesh...
Info    :  - Creating surface mesh
Info    :  - Identifying boundary edges
Info    :  - Recovering boundary
Info    : Done reconstructing mesh (Wall 0.407358s, CPU 0.385417s)
Info    : Found volume 1
Info    : It. 0 - 0 nodes created - worst tet radius 1.05452 (nodes removed 0 0)
Info    : It. 500 - 500 nodes created - worst tet radius 1.00087 (nodes removed 0 0)
Info    : 3D refinement terminated (13439 nodes total):
Info    :  - 0 Delaunay cavities modified for star shapeness
Info    :  - 0 nodes could not be inserted
Info    :  - 43465 tetrahedra created in 0.0328954 sec. (1321308 tets/s)
Info    : 0 node relocations
Info    : Tetrahedrizing 132 nodes...
Info    : Done tetrahedrizing 140 nodes (Wall 0.000713746s, CPU 0.000714s)
Info    : Reconstructing mesh...
Info    :  - Creating surface mesh
Info    :  - Identifying boundary edges
Info    :  - Recovering boundary
Info    : Done reconstructing mesh (Wall 0.00167616s, CPU 0.001642s)
Info    : Found volume 2
Info    : It. 0 - 0 nodes created - worst tet radius 3.19034 (nodes removed 0 0)
Info    : 3D refinement terminated (12932 nodes total):
Info    :  - 0 Delaunay cavities modified for star shapeness
Info    :  - 0 nodes could not be inserted
Info    :  - 525 tetrahedra created in 0.00573985 sec. (91465 tets/s)
Info    : 0 node relocations
Info    : Done meshing 3D (Wall 0.737261s, CPU 0.713253s)
Info    : Optimizing mesh...
Info    : Optimizing volume 1
Info    : Optimization starts (volume = 235.455) with worst = 0.00553743 / average = 0.675512:
Info    : 0.00 < quality < 0.10 :       223 elements
Info    : 0.10 < quality < 0.20 :       512 elements
Info    : 0.20 < quality < 0.30 :       775 elements
Info    : 0.30 < quality < 0.40 :      1343 elements
Info    : 0.40 < quality < 0.50 :      1878 elements
Info    : 0.50 < quality < 0.60 :      3721 elements
Info    : 0.60 < quality < 0.70 :     10634 elements
Info    : 0.70 < quality < 0.80 :     20569 elements
Info    : 0.80 < quality < 0.90 :      2153 elements
Info    : 0.90 < quality < 1.00 :      1657 elements
Info    : 1441 edge swaps, 22 node relocations (volume = 235.455): worst = 0.0762423 / average = 0.693768 (Wall 0.0170769s, CPU 0.017076s)
Info    : 1509 edge swaps, 22 node relocations (volume = 235.455): worst = 0.144522 / average = 0.694387 (Wall 0.020816s, CPU 0.020816s)
Info    : 1511 edge swaps, 22 node relocations (volume = 235.455): worst = 0.144522 / average = 0.694403 (Wall 0.0235088s, CPU 0.023493s)
Info    : No ill-shaped tets in the mesh :-)
Info    : 0.00 < quality < 0.10 :         0 elements
Info    : 0.10 < quality < 0.20 :         1 elements
Info    : 0.20 < quality < 0.30 :        20 elements
Info    : 0.30 < quality < 0.40 :      1269 elements
Info    : 0.40 < quality < 0.50 :      1602 elements
Info    : 0.50 < quality < 0.60 :      3789 elements
Info    : 0.60 < quality < 0.70 :     11225 elements
Info    : 0.70 < quality < 0.80 :     20258 elements
Info    : 0.80 < quality < 0.90 :      2314 elements
Info    : 0.90 < quality < 1.00 :      1669 elements
Info    : Optimizing volume 2
Info    : Optimization starts (volume = 0.256468) with worst = 0.0893956 / average = 0.742921:
Info    : 0.00 < quality < 0.10 :         1 elements
Info    : 0.10 < quality < 0.20 :         3 elements
Info    : 0.20 < quality < 0.30 :         6 elements
Info    : 0.30 < quality < 0.40 :        13 elements
Info    : 0.40 < quality < 0.50 :        25 elements
Info    : 0.50 < quality < 0.60 :        24 elements
Info    : 0.60 < quality < 0.70 :        75 elements
Info    : 0.70 < quality < 0.80 :       168 elements
Info    : 0.80 < quality < 0.90 :       158 elements
Info    : 0.90 < quality < 1.00 :        52 elements
Info    : 10 edge swaps, 0 node relocations (volume = 0.256468): worst = 0.319299 / average = 0.7561 (Wall 0.000122936s, CPU 0.000124s)
Info    : No ill-shaped tets in the mesh :-)
Info    : 0.00 < quality < 0.10 :         0 elements
Info    : 0.10 < quality < 0.20 :         0 elements
Info    : 0.20 < quality < 0.30 :         0 elements
Info    : 0.30 < quality < 0.40 :        13 elements
Info    : 0.40 < quality < 0.50 :        23 elements
Info    : 0.50 < quality < 0.60 :        21 elements
Info    : 0.60 < quality < 0.70 :        77 elements
Info    : 0.70 < quality < 0.80 :       167 elements
Info    : 0.80 < quality < 0.90 :       162 elements
Info    : 0.90 < quality < 1.00 :        52 elements
Info    : Done optimizing mesh (Wall 0.0525168s, CPU 0.0525s)
Info    : 13842 nodes 69574 elements
Info    : Meshing order 2 (curvilinear on)...
Info    : [  0%] Meshing curve 1 order 2
Info    : [ 10%] Meshing curve 2 order 2
Info    : [ 20%] Meshing curve 3 order 2
Info    : [ 20%] Meshing curve 4 order 2
Info    : [ 30%] Meshing curve 5 order 2
Info    : [ 30%] Meshing curve 6 order 2
Info    : [ 40%] Meshing curve 7 order 2
Info    : [ 40%] Meshing curve 8 order 2
Info    : [ 50%] Meshing curve 9 order 2
Info    : [ 50%] Meshing curve 10 order 2
Info    : [ 60%] Meshing curve 11 order 2
Info    : [ 60%] Meshing curve 12 order 2
Info    : [ 70%] Meshing surface 1 order 2
Info    : [ 70%] Meshing surface 2 order 2
Info    : [ 80%] Meshing surface 3 order 2
Info    : [ 80%] Meshing surface 4 order 2
Info    : [ 90%] Meshing surface 5 order 2
Info    : [ 90%] Meshing surface 6 order 2
Info    : [100%] Meshing volume 1 order 2
Info    : [100%] Meshing volume 2 order 2
Info    : Surface mesh: worst distortion = 0.797589 (0 elements in ]0, 0.2]); worst gamma = 0.499267
Info    : Volume mesh: worst distortion = 0.0555963 (1 elements in ]0, 0.2])
Info    : Done meshing order 2 (Wall 12.2523s, CPU 12.2476s)
Info    : Writing '/home/user/mscr-mom/현서/scripts/contact_scenarios/fea/matv2_mesh_DEPTH125_phiP150_d50_b0_s10.inp'...
Info    : Done writing '/home/user/mscr-mom/현서/scripts/contact_scenarios/fea/matv2_mesh_DEPTH125_phiP150_d50_b0_s10.inp'
  [DEPTH125_phiP150_d50_b0] F_mag=0.0537mN  (363.7s)
[DEPTH125_phiP150_d50_b0] 완료: 1/1 성공
