[LM50_phiP150 1/10] L_M=50.0, phi=150.0, s=10.0mm, push_depth=0.1mm ...
Info    : Meshing 1D...
Info    : [  0%] Meshing curve 1 (BSpline)
Info    : [ 10%] Meshing curve 2 (Ellipse)
Info    : [ 20%] Meshing curve 3 (Ellipse)
Info    : [ 30%] Meshing curve 4 (BSpline)
Info    : [ 40%] Meshing curve 5 (BSpline)
Info    : [ 50%] Meshing curve 6 (BSpline)
Info    : [ 60%] Meshing curve 7 (BSpline)
Info    : [ 60%] Meshing curve 8 (BSpline)
Info    : [ 70%] Meshing curve 9 (BSpline)
Info    : [ 90%] Meshing curve 11 (Circle)
Info    : Done meshing 1D (Wall 0.0202045s, CPU 0.020194s)
Info    : Meshing 2D...
Info    : [  0%] Meshing surface 1 (Plane, Frontal-Delaunay)
Info    : [ 20%] Meshing surface 2 (Plane, Frontal-Delaunay)
Info    : [ 40%] Meshing surface 3 (BSpline surface, Frontal-Delaunay)
Info    : [ 60%] Meshing surface 4 (BSpline surface, Frontal-Delaunay)
Info    : [ 70%] Meshing surface 5 (Plane, Frontal-Delaunay)
Info    : [ 90%] Meshing surface 6 (Sphere, Frontal-Delaunay)
Info    : Done meshing 2D (Wall 0.68954s, CPU 0.686471s)
Info    : Meshing 3D...
Info    : 3D Meshing 2 volumes with 2 connected components
Info    : Tetrahedrizing 12543 nodes...
Info    : Done tetrahedrizing 12551 nodes (Wall 0.14642s, CPU 0.131426s)
Info    : Reconstructing mesh...
Info    :  - Creating surface mesh
Info    :  - Identifying boundary edges
Info    :  - Recovering boundary
Info    : Done reconstructing mesh (Wall 0.415301s, CPU 0.379313s)
Info    : Found volume 1
Info    : It. 0 - 0 nodes created - worst tet radius 1.0544 (nodes removed 0 0)
Info    : 3D refinement terminated (13222 nodes total):
Info    :  - 0 Delaunay cavities modified for star shapeness
Info    :  - 0 nodes could not be inserted
Info    :  - 42035 tetrahedra created in 0.0325798 sec. (1290216 tets/s)
Info    : 0 node relocations
Info    : Tetrahedrizing 131 nodes...
Info    : Done tetrahedrizing 139 nodes (Wall 0.000699506s, CPU 0.0007s)
Info    : Reconstructing mesh...
Info    :  - Creating surface mesh
Info    :  - Identifying boundary edges
Info    :  - Recovering boundary
Info    : Done reconstructing mesh (Wall 0.00168323s, CPU 0.001686s)
Info    : Found volume 2
Info    : It. 0 - 0 nodes created - worst tet radius 3.0789 (nodes removed 0 0)
Info    : 3D refinement terminated (12757 nodes total):
Info    :  - 0 Delaunay cavities modified for star shapeness
Info    :  - 0 nodes could not be inserted
Info    :  - 501 tetrahedra created in 0.00451815 sec. (110886 tets/s)
Info    : 0 node relocations
Info    : Done meshing 3D (Wall 0.759141s, CPU 0.715809s)
Info    : Optimizing mesh...
Info    : Optimizing volume 1
Info    : Optimization starts (volume = 235.652) with worst = 0.00264732 / average = 0.686042:
Info    : 0.00 < quality < 0.10 :       212 elements
Info    : 0.10 < quality < 0.20 :       305 elements
Info    : 0.20 < quality < 0.30 :       568 elements
Info    : 0.30 < quality < 0.40 :       658 elements
Info    : 0.40 < quality < 0.50 :      1016 elements
Info    : 0.50 < quality < 0.60 :      3616 elements
Info    : 0.60 < quality < 0.70 :     12462 elements
Info    : 0.70 < quality < 0.80 :     19559 elements
Info    : 0.80 < quality < 0.90 :      1930 elements
Info    : 0.90 < quality < 1.00 :      1709 elements
Info    : 1050 edge swaps, 11 node relocations (volume = 235.652): worst = 0.118748 / average = 0.701087 (Wall 0.0150353s, CPU 0.015035s)
Info    : 1075 edge swaps, 12 node relocations (volume = 235.652): worst = 0.118748 / average = 0.701288 (Wall 0.0191054s, CPU 0.018221s)
Info    : No ill-shaped tets in the mesh :-)
Info    : 0.00 < quality < 0.10 :         0 elements
Info    : 0.10 < quality < 0.20 :         3 elements
Info    : 0.20 < quality < 0.30 :         9 elements
Info    : 0.30 < quality < 0.40 :       463 elements
Info    : 0.40 < quality < 0.50 :       871 elements
Info    : 0.50 < quality < 0.60 :      3671 elements
Info    : 0.60 < quality < 0.70 :     12806 elements
Info    : 0.70 < quality < 0.80 :     19364 elements
Info    : 0.80 < quality < 0.90 :      2106 elements
Info    : 0.90 < quality < 1.00 :      1710 elements
Info    : Optimizing volume 2
Info    : Optimization starts (volume = 0.25645) with worst = 0.0761099 / average = 0.760637:
Info    : 0.00 < quality < 0.10 :         1 elements
Info    : 0.10 < quality < 0.20 :         2 elements
Info    : 0.20 < quality < 0.30 :         5 elements
Info    : 0.30 < quality < 0.40 :         6 elements
Info    : 0.40 < quality < 0.50 :        12 elements
Info    : 0.50 < quality < 0.60 :        14 elements
Info    : 0.60 < quality < 0.70 :        72 elements
Info    : 0.70 < quality < 0.80 :       187 elements
Info    : 0.80 < quality < 0.90 :       154 elements
Info    : 0.90 < quality < 1.00 :        48 elements
Info    : 8 edge swaps, 0 node relocations (volume = 0.25645): worst = 0.328825 / average = 0.772122 (Wall 0.000114935s, CPU 0.000117s)
Info    : No ill-shaped tets in the mesh :-)
Info    : 0.00 < quality < 0.10 :         0 elements
Info    : 0.10 < quality < 0.20 :         0 elements
Info    : 0.20 < quality < 0.30 :         0 elements
Info    : 0.30 < quality < 0.40 :         6 elements
Info    : 0.40 < quality < 0.50 :         9 elements
Info    : 0.50 < quality < 0.60 :        11 elements
Info    : 0.60 < quality < 0.70 :        78 elements
Info    : 0.70 < quality < 0.80 :       186 elements
Info    : 0.80 < quality < 0.90 :       155 elements
Info    : 0.90 < quality < 1.00 :        48 elements
Info    : Done optimizing mesh (Wall 0.0461129s, CPU 0.045123s)
Info    : 13624 nodes 68089 elements
Info    : Meshing order 2 (curvilinear on)...
Info    : [  0%] Meshing curve 1 order 2
Info    : [ 10%] Meshing curve 2 order 2
Info    : [ 20%] Meshing curve 3 order 2
Info    : [ 20%] Meshing curve 4 order 2
Info    : [ 30%] Meshing curve 5 order 2
Info    : [ 30%] Meshing curve 6 order 2
Info    : [ 40%] Meshing curve 7 order 2
Info    : [ 40%] Meshing curve 8 order 2
Info    : [ 50%] Meshing curve 9 order 2
Info    : [ 50%] Meshing curve 10 order 2
Info    : [ 60%] Meshing curve 11 order 2
Info    : [ 60%] Meshing curve 12 order 2
Info    : [ 70%] Meshing surface 1 order 2
Info    : [ 70%] Meshing surface 2 order 2
Info    : [ 80%] Meshing surface 3 order 2
Info    : [ 80%] Meshing surface 4 order 2
Info    : [ 90%] Meshing surface 5 order 2
Info    : [ 90%] Meshing surface 6 order 2
Info    : [100%] Meshing volume 1 order 2
Info    : [100%] Meshing volume 2 order 2
Info    : Surface mesh: worst distortion = 0.797589 (0 elements in ]0, 0.2]); worst gamma = 0.706284
Info    : Volume mesh: worst distortion = 0.270507 (0 elements in ]0, 0.2])
Info    : Done meshing order 2 (Wall 12.7928s, CPU 12.7819s)
Info    : Writing '/home/user/mscr-mom/현서/scripts/contact_scenarios/fea/lmphi_mesh_LM50_phiP150_s10.inp'...
Info    : Done writing '/home/user/mscr-mom/현서/scripts/contact_scenarios/fea/lmphi_mesh_LM50_phiP150_s10.inp'
  [LM50_phiP150] F_mag=0.2376mN  (212.6s)
[LM50_phiP150 2/10] L_M=50.0, phi=150.0, s=20.0mm, push_depth=0.1mm ...
Info    : Meshing 1D...
Info    : [  0%] Meshing curve 1 (BSpline)
Info    : [ 10%] Meshing curve 2 (Ellipse)
Info    : [ 20%] Meshing curve 3 (Ellipse)
Info    : [ 30%] Meshing curve 4 (BSpline)
Info    : [ 40%] Meshing curve 5 (BSpline)
Info    : [ 50%] Meshing curve 6 (BSpline)
Info    : [ 60%] Meshing curve 7 (BSpline)
Info    : [ 60%] Meshing curve 8 (BSpline)
Info    : [ 70%] Meshing curve 9 (BSpline)
Info    : [ 90%] Meshing curve 11 (Circle)
Info    : Done meshing 1D (Wall 0.0199069s, CPU 0.018872s)
Info    : Meshing 2D...
Info    : [  0%] Meshing surface 1 (Plane, Frontal-Delaunay)
Info    : [ 20%] Meshing surface 2 (Plane, Frontal-Delaunay)
Info    : [ 40%] Meshing surface 3 (BSpline surface, Frontal-Delaunay)
Info    : [ 60%] Meshing surface 4 (BSpline surface, Frontal-Delaunay)
Info    : [ 70%] Meshing surface 5 (Plane, Frontal-Delaunay)
Info    : [ 90%] Meshing surface 6 (Sphere, Frontal-Delaunay)
Info    : Done meshing 2D (Wall 0.707809s, CPU 0.706367s)
Info    : Meshing 3D...
Info    : 3D Meshing 2 volumes with 2 connected components
Info    : Tetrahedrizing 12543 nodes...
Info    : Done tetrahedrizing 12551 nodes (Wall 0.142517s, CPU 0.138529s)
Info    : Reconstructing mesh...
Info    :  - Creating surface mesh
Info    :  - Identifying boundary edges
Info    :  - Recovering boundary
Info    : Done reconstructing mesh (Wall 0.378584s, CPU 0.367549s)
Info    : Found volume 1
Info    : It. 0 - 0 nodes created - worst tet radius 1.0544 (nodes removed 0 0)
Info    : 3D refinement terminated (13221 nodes total):
Info    :  - 0 Delaunay cavities modified for star shapeness
Info    :  - 0 nodes could not be inserted
Info    :  - 42035 tetrahedra created in 0.0311514 sec. (1349377 tets/s)
Info    : 0 node relocations
Info    : Tetrahedrizing 130 nodes...
Info    : Done tetrahedrizing 138 nodes (Wall 0.000762222s, CPU 0.000762s)
Info    : Reconstructing mesh...
Info    :  - Creating surface mesh
Info    :  - Identifying boundary edges
Info    :  - Recovering boundary
Info    : Done reconstructing mesh (Wall 0.0018065s, CPU 0.001795s)
Info    : Found volume 2
Info    : It. 0 - 0 nodes created - worst tet radius 3.13058 (nodes removed 0 0)
Info    : 3D refinement terminated (12754 nodes total):
Info    :  - 0 Delaunay cavities modified for star shapeness
Info    :  - 0 nodes could not be inserted
Info    :  - 491 tetrahedra created in 0.00434236 sec. (113072 tets/s)
Info    : 0 node relocations
Info    : Done meshing 3D (Wall 0.730183s, CPU 0.719104s)
Info    : Optimizing mesh...
Info    : Optimizing volume 1
Info    : Optimization starts (volume = 235.652) with worst = 0.00264732 / average = 0.686042:
Info    : 0.00 < quality < 0.10 :       212 elements
Info    : 0.10 < quality < 0.20 :       305 elements
Info    : 0.20 < quality < 0.30 :       568 elements
Info    : 0.30 < quality < 0.40 :       658 elements
Info    : 0.40 < quality < 0.50 :      1016 elements
Info    : 0.50 < quality < 0.60 :      3616 elements
Info    : 0.60 < quality < 0.70 :     12462 elements
Info    : 0.70 < quality < 0.80 :     19559 elements
Info    : 0.80 < quality < 0.90 :      1930 elements
Info    : 0.90 < quality < 1.00 :      1709 elements
Info    : 1050 edge swaps, 11 node relocations (volume = 235.652): worst = 0.118748 / average = 0.701087 (Wall 0.0135994s, CPU 0.0136s)
Info    : 1075 edge swaps, 12 node relocations (volume = 235.652): worst = 0.118748 / average = 0.701288 (Wall 0.0165231s, CPU 0.016524s)
Info    : No ill-shaped tets in the mesh :-)
Info    : 0.00 < quality < 0.10 :         0 elements
Info    : 0.10 < quality < 0.20 :         3 elements
Info    : 0.20 < quality < 0.30 :         9 elements
Info    : 0.30 < quality < 0.40 :       463 elements
Info    : 0.40 < quality < 0.50 :       871 elements
Info    : 0.50 < quality < 0.60 :      3671 elements
Info    : 0.60 < quality < 0.70 :     12806 elements
Info    : 0.70 < quality < 0.80 :     19364 elements
Info    : 0.80 < quality < 0.90 :      2106 elements
Info    : 0.90 < quality < 1.00 :      1710 elements
Info    : Optimizing volume 2
Info    : Optimization starts (volume = 0.256435) with worst = 0.0657345 / average = 0.749591:
Info    : 0.00 < quality < 0.10 :         1 elements
Info    : 0.10 < quality < 0.20 :         2 elements
Info    : 0.20 < quality < 0.30 :         6 elements
Info    : 0.30 < quality < 0.40 :        11 elements
Info    : 0.40 < quality < 0.50 :        16 elements
Info    : 0.50 < quality < 0.60 :        17 elements
Info    : 0.60 < quality < 0.70 :        62 elements
Info    : 0.70 < quality < 0.80 :       187 elements
Info    : 0.80 < quality < 0.90 :       151 elements
Info    : 0.90 < quality < 1.00 :        38 elements
Info    : 9 edge swaps, 0 node relocations (volume = 0.256435): worst = 0.31774 / average = 0.76115 (Wall 0.000121626s, CPU 0.000122s)
Info    : No ill-shaped tets in the mesh :-)
Info    : 0.00 < quality < 0.10 :         0 elements
Info    : 0.10 < quality < 0.20 :         0 elements
Info    : 0.20 < quality < 0.30 :         0 elements
Info    : 0.30 < quality < 0.40 :        11 elements
Info    : 0.40 < quality < 0.50 :        14 elements
Info    : 0.50 < quality < 0.60 :        15 elements
Info    : 0.60 < quality < 0.70 :        65 elements
Info    : 0.70 < quality < 0.80 :       188 elements
Info    : 0.80 < quality < 0.90 :       152 elements
Info    : 0.90 < quality < 1.00 :        38 elements
Info    : Done optimizing mesh (Wall 0.0417659s, CPU 0.041764s)
Info    : 13621 nodes 68077 elements
Info    : Meshing order 2 (curvilinear on)...
Info    : [  0%] Meshing curve 1 order 2
Info    : [ 10%] Meshing curve 2 order 2
Info    : [ 20%] Meshing curve 3 order 2
Info    : [ 20%] Meshing curve 4 order 2
Info    : [ 30%] Meshing curve 5 order 2
Info    : [ 30%] Meshing curve 6 order 2
Info    : [ 40%] Meshing curve 7 order 2
Info    : [ 40%] Meshing curve 8 order 2
Info    : [ 50%] Meshing curve 9 order 2
Info    : [ 50%] Meshing curve 10 order 2
Info    : [ 60%] Meshing curve 11 order 2
Info    : [ 60%] Meshing curve 12 order 2
Info    : [ 70%] Meshing surface 1 order 2
Info    : [ 70%] Meshing surface 2 order 2
Info    : [ 80%] Meshing surface 3 order 2
Info    : [ 80%] Meshing surface 4 order 2
Info    : [ 90%] Meshing surface 5 order 2
Info    : [ 90%] Meshing surface 6 order 2
Info    : [100%] Meshing volume 1 order 2
Info    : [100%] Meshing volume 2 order 2
Info    : Surface mesh: worst distortion = 0.797589 (0 elements in ]0, 0.2]); worst gamma = 0.706284
Info    : Volume mesh: worst distortion = 0.270507 (0 elements in ]0, 0.2])
Info    : Done meshing order 2 (Wall 12.6521s, CPU 12.6479s)
Info    : Writing '/home/user/mscr-mom/현서/scripts/contact_scenarios/fea/lmphi_mesh_LM50_phiP150_s20.inp'...
Info    : Done writing '/home/user/mscr-mom/현서/scripts/contact_scenarios/fea/lmphi_mesh_LM50_phiP150_s20.inp'
  [LM50_phiP150] F_mag=0.0263mN  (455.8s)
[LM50_phiP150 3/10] L_M=50.0, phi=150.0, s=30.0mm, push_depth=0.1mm ...
Info    : Meshing 1D...
Info    : [  0%] Meshing curve 1 (BSpline)
Info    : [ 10%] Meshing curve 2 (Ellipse)
Info    : [ 20%] Meshing curve 3 (Ellipse)
Info    : [ 30%] Meshing curve 4 (BSpline)
Info    : [ 40%] Meshing curve 5 (BSpline)
Info    : [ 50%] Meshing curve 6 (BSpline)
Info    : [ 60%] Meshing curve 7 (BSpline)
Info    : [ 60%] Meshing curve 8 (BSpline)
Info    : [ 70%] Meshing curve 9 (BSpline)
Info    : [ 90%] Meshing curve 11 (Circle)
Info    : Done meshing 1D (Wall 0.0199228s, CPU 0.01886s)
Info    : Meshing 2D...
Info    : [  0%] Meshing surface 1 (Plane, Frontal-Delaunay)
Info    : [ 20%] Meshing surface 2 (Plane, Frontal-Delaunay)
Info    : [ 40%] Meshing surface 3 (BSpline surface, Frontal-Delaunay)
Info    : [ 60%] Meshing surface 4 (BSpline surface, Frontal-Delaunay)
Info    : [ 70%] Meshing surface 5 (Plane, Frontal-Delaunay)
Info    : [ 90%] Meshing surface 6 (Sphere, Frontal-Delaunay)
Info    : Done meshing 2D (Wall 0.710435s, CPU 0.71029s)
Info    : Meshing 3D...
Info    : 3D Meshing 2 volumes with 2 connected components
Info    : Tetrahedrizing 12543 nodes...
Info    : Done tetrahedrizing 12551 nodes (Wall 0.141338s, CPU 0.134352s)
Info    : Reconstructing mesh...
Info    :  - Creating surface mesh
Info    :  - Identifying boundary edges
Info    :  - Recovering boundary
Info    : Done reconstructing mesh (Wall 0.364414s, CPU 0.340298s)
Info    : Found volume 1
Info    : It. 0 - 0 nodes created - worst tet radius 1.0544 (nodes removed 0 0)
Info    : 3D refinement terminated (13222 nodes total):
Info    :  - 0 Delaunay cavities modified for star shapeness
Info    :  - 0 nodes could not be inserted
Info    :  - 42035 tetrahedra created in 0.0285194 sec. (1473908 tets/s)
Info    : 0 node relocations
Info    : Tetrahedrizing 131 nodes...
Info    : Done tetrahedrizing 139 nodes (Wall 0.00070471s, CPU 0.000705s)
Info    : Reconstructing mesh...
Info    :  - Creating surface mesh
Info    :  - Identifying boundary edges
Info    :  - Recovering boundary
Info    : Done reconstructing mesh (Wall 0.00161904s, CPU 0.001621s)
Info    : Found volume 2
Info    : It. 0 - 0 nodes created - worst tet radius 3.06748 (nodes removed 0 0)
Info    : 3D refinement terminated (12751 nodes total):
Info    :  - 0 Delaunay cavities modified for star shapeness
Info    :  - 0 nodes could not be inserted
Info    :  - 464 tetrahedra created in 0.00606876 sec. (76457 tets/s)
Info    : 0 node relocations
Info    : Done meshing 3D (Wall 0.676479s, CPU 0.65127s)
Info    : Optimizing mesh...
Info    : Optimizing volume 1
Info    : Optimization starts (volume = 235.652) with worst = 0.00264732 / average = 0.686042:
Info    : 0.00 < quality < 0.10 :       212 elements
Info    : 0.10 < quality < 0.20 :       305 elements
Info    : 0.20 < quality < 0.30 :       568 elements
Info    : 0.30 < quality < 0.40 :       658 elements
Info    : 0.40 < quality < 0.50 :      1016 elements
Info    : 0.50 < quality < 0.60 :      3616 elements
Info    : 0.60 < quality < 0.70 :     12462 elements
Info    : 0.70 < quality < 0.80 :     19559 elements
Info    : 0.80 < quality < 0.90 :      1930 elements
Info    : 0.90 < quality < 1.00 :      1709 elements
Info    : 1050 edge swaps, 11 node relocations (volume = 235.652): worst = 0.118748 / average = 0.701087 (Wall 0.018081s, CPU 0.018079s)
Info    : 1075 edge swaps, 12 node relocations (volume = 235.652): worst = 0.118748 / average = 0.701288 (Wall 0.0233851s, CPU 0.023385s)
Info    : No ill-shaped tets in the mesh :-)
Info    : 0.00 < quality < 0.10 :         0 elements
Info    : 0.10 < quality < 0.20 :         3 elements
Info    : 0.20 < quality < 0.30 :         9 elements
Info    : 0.30 < quality < 0.40 :       463 elements
Info    : 0.40 < quality < 0.50 :       871 elements
Info    : 0.50 < quality < 0.60 :      3671 elements
Info    : 0.60 < quality < 0.70 :     12806 elements
Info    : 0.70 < quality < 0.80 :     19364 elements
Info    : 0.80 < quality < 0.90 :      2106 elements
Info    : 0.90 < quality < 1.00 :      1710 elements
Info    : Optimizing volume 2
Info    : Optimization starts (volume = 0.256422) with worst = 0.0624585 / average = 0.737806:
Info    : 0.00 < quality < 0.10 :         1 elements
Info    : 0.10 < quality < 0.20 :         3 elements
Info    : 0.20 < quality < 0.30 :         2 elements
Info    : 0.30 < quality < 0.40 :         9 elements
Info    : 0.40 < quality < 0.50 :        13 elements
Info    : 0.50 < quality < 0.60 :        26 elements
Info    : 0.60 < quality < 0.70 :        83 elements
Info    : 0.70 < quality < 0.80 :       176 elements
Info    : 0.80 < quality < 0.90 :       118 elements
Info    : 0.90 < quality < 1.00 :        33 elements
Info    : 6 edge swaps, 0 node relocations (volume = 0.256422): worst = 0.307806 / average = 0.746802 (Wall 0.000114045s, CPU 0.000116s)
Info    : No ill-shaped tets in the mesh :-)
Info    : 0.00 < quality < 0.10 :         0 elements
Info    : 0.10 < quality < 0.20 :         0 elements
Info    : 0.20 < quality < 0.30 :         0 elements
Info    : 0.30 < quality < 0.40 :         9 elements
Info    : 0.40 < quality < 0.50 :        13 elements
Info    : 0.50 < quality < 0.60 :        23 elements
Info    : 0.60 < quality < 0.70 :        82 elements
Info    : 0.70 < quality < 0.80 :       179 elements
Info    : 0.80 < quality < 0.90 :       120 elements
Info    : 0.90 < quality < 1.00 :        32 elements
Info    : Done optimizing mesh (Wall 0.0564728s, CPU 0.056447s)
Info    : 13618 nodes 68054 elements
Info    : Meshing order 2 (curvilinear on)...
Info    : [  0%] Meshing curve 1 order 2
Info    : [ 10%] Meshing curve 2 order 2
Info    : [ 20%] Meshing curve 3 order 2
Info    : [ 20%] Meshing curve 4 order 2
Info    : [ 30%] Meshing curve 5 order 2
Info    : [ 30%] Meshing curve 6 order 2
Info    : [ 40%] Meshing curve 7 order 2
Info    : [ 40%] Meshing curve 8 order 2
Info    : [ 50%] Meshing curve 9 order 2
Info    : [ 50%] Meshing curve 10 order 2
Info    : [ 60%] Meshing curve 11 order 2
Info    : [ 60%] Meshing curve 12 order 2
Info    : [ 70%] Meshing surface 1 order 2
Info    : [ 70%] Meshing surface 2 order 2
Info    : [ 80%] Meshing surface 3 order 2
Info    : [ 80%] Meshing surface 4 order 2
Info    : [ 90%] Meshing surface 5 order 2
Info    : [ 90%] Meshing surface 6 order 2
Info    : [100%] Meshing volume 1 order 2
Info    : [100%] Meshing volume 2 order 2
Info    : Surface mesh: worst distortion = 0.797589 (0 elements in ]0, 0.2]); worst gamma = 0.706284
Info    : Volume mesh: worst distortion = 0.270507 (0 elements in ]0, 0.2])
Info    : Done meshing order 2 (Wall 12.6026s, CPU 12.6018s)
Info    : Writing '/home/user/mscr-mom/현서/scripts/contact_scenarios/fea/lmphi_mesh_LM50_phiP150_s30.inp'...
Info    : Done writing '/home/user/mscr-mom/현서/scripts/contact_scenarios/fea/lmphi_mesh_LM50_phiP150_s30.inp'
  [LM50_phiP150] F_mag=0.0091mN  (245.8s)
[LM50_phiP150 4/10] L_M=50.0, phi=150.0, s=40.0mm, push_depth=0.1mm ...
Info    : Meshing 1D...
Info    : [  0%] Meshing curve 1 (BSpline)
Info    : [ 10%] Meshing curve 2 (Ellipse)
Info    : [ 20%] Meshing curve 3 (Ellipse)
Info    : [ 30%] Meshing curve 4 (BSpline)
Info    : [ 40%] Meshing curve 5 (BSpline)
Info    : [ 50%] Meshing curve 6 (BSpline)
Info    : [ 60%] Meshing curve 7 (BSpline)
Info    : [ 60%] Meshing curve 8 (BSpline)
Info    : [ 70%] Meshing curve 9 (BSpline)
Info    : [ 90%] Meshing curve 11 (Circle)
Info    : Done meshing 1D (Wall 0.0202279s, CPU 0.020167s)
Info    : Meshing 2D...
Info    : [  0%] Meshing surface 1 (Plane, Frontal-Delaunay)
Info    : [ 20%] Meshing surface 2 (Plane, Frontal-Delaunay)
Info    : [ 40%] Meshing surface 3 (BSpline surface, Frontal-Delaunay)
Info    : [ 60%] Meshing surface 4 (BSpline surface, Frontal-Delaunay)
Info    : [ 70%] Meshing surface 5 (Plane, Frontal-Delaunay)
Info    : [ 90%] Meshing surface 6 (Sphere, Frontal-Delaunay)
Info    : Done meshing 2D (Wall 0.771078s, CPU 0.768967s)
Info    : Meshing 3D...
Info    : 3D Meshing 2 volumes with 2 connected components
Info    : Tetrahedrizing 12543 nodes...
Info    : Done tetrahedrizing 12551 nodes (Wall 0.146371s, CPU 0.142001s)
Info    : Reconstructing mesh...
Info    :  - Creating surface mesh
Info    :  - Identifying boundary edges
Info    :  - Recovering boundary
Info    : Done reconstructing mesh (Wall 0.398325s, CPU 0.387961s)
Info    : Found volume 1
Info    : It. 0 - 0 nodes created - worst tet radius 1.0544 (nodes removed 0 0)
Info    : 3D refinement terminated (13222 nodes total):
Info    :  - 0 Delaunay cavities modified for star shapeness
Info    :  - 0 nodes could not be inserted
Info    :  - 42035 tetrahedra created in 0.0237156 sec. (1772461 tets/s)
Info    : 0 node relocations
Info    : Tetrahedrizing 131 nodes...
Info    : Done tetrahedrizing 139 nodes (Wall 0.000722385s, CPU 0s)
Info    : Reconstructing mesh...
Info    :  - Creating surface mesh
Info    :  - Identifying boundary edges
Info    :  - Recovering boundary
Info    : Done reconstructing mesh (Wall 0.00170177s, CPU 0.000705s)
Info    : Found volume 2
Info    : It. 0 - 0 nodes created - worst tet radius 3.06748 (nodes removed 0 0)
Info    : 3D refinement terminated (12751 nodes total):
Info    :  - 0 Delaunay cavities modified for star shapeness
Info    :  - 0 nodes could not be inserted
Info    :  - 464 tetrahedra created in 0.00246999 sec. (187854 tets/s)
Info    : 0 node relocations
Info    : Done meshing 3D (Wall 0.728183s, CPU 0.715759s)
Info    : Optimizing mesh...
Info    : Optimizing volume 1
Info    : Optimization starts (volume = 235.652) with worst = 0.00264732 / average = 0.686042:
Info    : 0.00 < quality < 0.10 :       212 elements
Info    : 0.10 < quality < 0.20 :       305 elements
Info    : 0.20 < quality < 0.30 :       568 elements
Info    : 0.30 < quality < 0.40 :       658 elements
Info    : 0.40 < quality < 0.50 :      1016 elements
Info    : 0.50 < quality < 0.60 :      3616 elements
Info    : 0.60 < quality < 0.70 :     12462 elements
Info    : 0.70 < quality < 0.80 :     19559 elements
Info    : 0.80 < quality < 0.90 :      1930 elements
Info    : 0.90 < quality < 1.00 :      1709 elements
Info    : 1050 edge swaps, 11 node relocations (volume = 235.652): worst = 0.118748 / average = 0.701087 (Wall 0.0150214s, CPU 0.014021s)
Info    : 1075 edge swaps, 12 node relocations (volume = 235.652): worst = 0.118748 / average = 0.701288 (Wall 0.017484s, CPU 0.016486s)
Info    : No ill-shaped tets in the mesh :-)
Info    : 0.00 < quality < 0.10 :         0 elements
Info    : 0.10 < quality < 0.20 :         3 elements
Info    : 0.20 < quality < 0.30 :         9 elements
Info    : 0.30 < quality < 0.40 :       463 elements
Info    : 0.40 < quality < 0.50 :       871 elements
Info    : 0.50 < quality < 0.60 :      3671 elements
Info    : 0.60 < quality < 0.70 :     12806 elements
Info    : 0.70 < quality < 0.80 :     19364 elements
Info    : 0.80 < quality < 0.90 :      2106 elements
Info    : 0.90 < quality < 1.00 :      1710 elements
Info    : Optimizing volume 2
Info    : Optimization starts (volume = 0.256422) with worst = 0.0624585 / average = 0.737806:
Info    : 0.00 < quality < 0.10 :         1 elements
Info    : 0.10 < quality < 0.20 :         3 elements
Info    : 0.20 < quality < 0.30 :         2 elements
Info    : 0.30 < quality < 0.40 :         9 elements
Info    : 0.40 < quality < 0.50 :        13 elements
Info    : 0.50 < quality < 0.60 :        26 elements
Info    : 0.60 < quality < 0.70 :        83 elements
Info    : 0.70 < quality < 0.80 :       176 elements
Info    : 0.80 < quality < 0.90 :       118 elements
Info    : 0.90 < quality < 1.00 :        33 elements
Info    : 6 edge swaps, 0 node relocations (volume = 0.256422): worst = 0.307806 / average = 0.746802 (Wall 0.000100083s, CPU 9.8e-05s)
Info    : No ill-shaped tets in the mesh :-)
Info    : 0.00 < quality < 0.10 :         0 elements
Info    : 0.10 < quality < 0.20 :         0 elements
Info    : 0.20 < quality < 0.30 :         0 elements
Info    : 0.30 < quality < 0.40 :         9 elements
Info    : 0.40 < quality < 0.50 :        13 elements
Info    : 0.50 < quality < 0.60 :        23 elements
Info    : 0.60 < quality < 0.70 :        82 elements
Info    : 0.70 < quality < 0.80 :       179 elements
Info    : 0.80 < quality < 0.90 :       120 elements
Info    : 0.90 < quality < 1.00 :        32 elements
Info    : Done optimizing mesh (Wall 0.0403776s, CPU 0.038682s)
Info    : 13618 nodes 68054 elements
Info    : Meshing order 2 (curvilinear on)...
Info    : [  0%] Meshing curve 1 order 2
Info    : [ 10%] Meshing curve 2 order 2
Info    : [ 20%] Meshing curve 3 order 2
Info    : [ 20%] Meshing curve 4 order 2
Info    : [ 30%] Meshing curve 5 order 2
Info    : [ 30%] Meshing curve 6 order 2
Info    : [ 40%] Meshing curve 7 order 2
Info    : [ 40%] Meshing curve 8 order 2
Info    : [ 50%] Meshing curve 9 order 2
Info    : [ 50%] Meshing curve 10 order 2
Info    : [ 60%] Meshing curve 11 order 2
Info    : [ 60%] Meshing curve 12 order 2
Info    : [ 70%] Meshing surface 1 order 2
Info    : [ 70%] Meshing surface 2 order 2
Info    : [ 80%] Meshing surface 3 order 2
Info    : [ 80%] Meshing surface 4 order 2
Info    : [ 90%] Meshing surface 5 order 2
Info    : [ 90%] Meshing surface 6 order 2
Info    : [100%] Meshing volume 1 order 2
Info    : [100%] Meshing volume 2 order 2
Info    : Surface mesh: worst distortion = 0.797589 (0 elements in ]0, 0.2]); worst gamma = 0.706284
Info    : Volume mesh: worst distortion = 0.270507 (0 elements in ]0, 0.2])
Info    : Done meshing order 2 (Wall 12.6173s, CPU 12.6062s)
Info    : Writing '/home/user/mscr-mom/현서/scripts/contact_scenarios/fea/lmphi_mesh_LM50_phiP150_s40.inp'...
Info    : Done writing '/home/user/mscr-mom/현서/scripts/contact_scenarios/fea/lmphi_mesh_LM50_phiP150_s40.inp'
  [LM50_phiP150] [실패] (711.2s)
[LM50_phiP150 5/10] L_M=50.0, phi=150.0, s=50.0mm, push_depth=0.1mm ...
Info    : Meshing 1D...
Info    : [  0%] Meshing curve 1 (BSpline)
Info    : [ 10%] Meshing curve 2 (Ellipse)
Info    : [ 20%] Meshing curve 3 (Ellipse)
Info    : [ 30%] Meshing curve 4 (BSpline)
Info    : [ 40%] Meshing curve 5 (BSpline)
Info    : [ 50%] Meshing curve 6 (BSpline)
Info    : [ 60%] Meshing curve 7 (BSpline)
Info    : [ 60%] Meshing curve 8 (BSpline)
Info    : [ 70%] Meshing curve 9 (BSpline)
Info    : [ 90%] Meshing curve 11 (Circle)
Info    : Done meshing 1D (Wall 0.0198978s, CPU 0.019831s)
Info    : Meshing 2D...
Info    : [  0%] Meshing surface 1 (Plane, Frontal-Delaunay)
Info    : [ 20%] Meshing surface 2 (Plane, Frontal-Delaunay)
Info    : [ 40%] Meshing surface 3 (BSpline surface, Frontal-Delaunay)
Info    : [ 60%] Meshing surface 4 (BSpline surface, Frontal-Delaunay)
Info    : [ 70%] Meshing surface 5 (Plane, Frontal-Delaunay)
Info    : [ 90%] Meshing surface 6 (Sphere, Frontal-Delaunay)
Info    : Done meshing 2D (Wall 0.750613s, CPU 0.747023s)
Info    : Meshing 3D...
Info    : 3D Meshing 2 volumes with 2 connected components
Info    : Tetrahedrizing 12543 nodes...
Info    : Done tetrahedrizing 12551 nodes (Wall 0.141136s, CPU 0.134128s)
Info    : Reconstructing mesh...
Info    :  - Creating surface mesh
Info    :  - Identifying boundary edges
Info    :  - Recovering boundary
Info    : Done reconstructing mesh (Wall 0.337708s, CPU 0.319678s)
Info    : Found volume 1
Info    : It. 0 - 0 nodes created - worst tet radius 1.0544 (nodes removed 0 0)
Info    : 3D refinement terminated (13221 nodes total):
Info    :  - 0 Delaunay cavities modified for star shapeness
Info    :  - 0 nodes could not be inserted
Info    :  - 42035 tetrahedra created in 0.0237713 sec. (1768306 tets/s)
Info    : 0 node relocations
Info    : Tetrahedrizing 130 nodes...
Info    : Done tetrahedrizing 138 nodes (Wall 0.000707791s, CPU 0.000708s)
Info    : Reconstructing mesh...
Info    :  - Creating surface mesh
Info    :  - Identifying boundary edges
Info    :  - Recovering boundary
Info    : Done reconstructing mesh (Wall 0.00165204s, CPU 0.001654s)
Info    : Found volume 2
Info    : It. 0 - 0 nodes created - worst tet radius 3.15405 (nodes removed 0 0)
Info    : 3D refinement terminated (12754 nodes total):
Info    :  - 0 Delaunay cavities modified for star shapeness
Info    :  - 0 nodes could not be inserted
Info    :  - 491 tetrahedra created in 0.00451628 sec. (108717 tets/s)
Info    : 0 node relocations
Info    : Done meshing 3D (Wall 0.62236s, CPU 0.604294s)
Info    : Optimizing mesh...
Info    : Optimizing volume 1
Info    : Optimization starts (volume = 235.652) with worst = 0.00264732 / average = 0.686042:
Info    : 0.00 < quality < 0.10 :       212 elements
Info    : 0.10 < quality < 0.20 :       305 elements
Info    : 0.20 < quality < 0.30 :       568 elements
Info    : 0.30 < quality < 0.40 :       658 elements
Info    : 0.40 < quality < 0.50 :      1016 elements
Info    : 0.50 < quality < 0.60 :      3616 elements
Info    : 0.60 < quality < 0.70 :     12462 elements
Info    : 0.70 < quality < 0.80 :     19559 elements
Info    : 0.80 < quality < 0.90 :      1930 elements
Info    : 0.90 < quality < 1.00 :      1709 elements
Info    : 1050 edge swaps, 11 node relocations (volume = 235.652): worst = 0.118748 / average = 0.701087 (Wall 0.0164494s, CPU 0.016456s)
Info    : 1075 edge swaps, 12 node relocations (volume = 235.652): worst = 0.118748 / average = 0.701288 (Wall 0.0205357s, CPU 0.020543s)
Info    : No ill-shaped tets in the mesh :-)
Info    : 0.00 < quality < 0.10 :         0 elements
Info    : 0.10 < quality < 0.20 :         3 elements
Info    : 0.20 < quality < 0.30 :         9 elements
Info    : 0.30 < quality < 0.40 :       463 elements
Info    : 0.40 < quality < 0.50 :       871 elements
Info    : 0.50 < quality < 0.60 :      3671 elements
Info    : 0.60 < quality < 0.70 :     12806 elements
Info    : 0.70 < quality < 0.80 :     19364 elements
Info    : 0.80 < quality < 0.90 :      2106 elements
Info    : 0.90 < quality < 1.00 :      1710 elements
Info    : Optimizing volume 2
Info    : Optimization starts (volume = 0.256435) with worst = 0.0657345 / average = 0.749591:
Info    : 0.00 < quality < 0.10 :         1 elements
Info    : 0.10 < quality < 0.20 :         2 elements
Info    : 0.20 < quality < 0.30 :         6 elements
Info    : 0.30 < quality < 0.40 :        11 elements
Info    : 0.40 < quality < 0.50 :        16 elements
Info    : 0.50 < quality < 0.60 :        17 elements
Info    : 0.60 < quality < 0.70 :        62 elements
Info    : 0.70 < quality < 0.80 :       187 elements
Info    : 0.80 < quality < 0.90 :       151 elements
Info    : 0.90 < quality < 1.00 :        38 elements
Info    : 9 edge swaps, 0 node relocations (volume = 0.256435): worst = 0.31774 / average = 0.76115 (Wall 0.000123569s, CPU 0.000126s)
Info    : No ill-shaped tets in the mesh :-)
Info    : 0.00 < quality < 0.10 :         0 elements
Info    : 0.10 < quality < 0.20 :         0 elements
Info    : 0.20 < quality < 0.30 :         0 elements
Info    : 0.30 < quality < 0.40 :        11 elements
Info    : 0.40 < quality < 0.50 :        14 elements
Info    : 0.50 < quality < 0.60 :        15 elements
Info    : 0.60 < quality < 0.70 :        65 elements
Info    : 0.70 < quality < 0.80 :       188 elements
Info    : 0.80 < quality < 0.90 :       152 elements
Info    : 0.90 < quality < 1.00 :        38 elements
Info    : Done optimizing mesh (Wall 0.046706s, CPU 0.04669s)
Info    : 13621 nodes 68077 elements
Info    : Meshing order 2 (curvilinear on)...
Info    : [  0%] Meshing curve 1 order 2
Info    : [ 10%] Meshing curve 2 order 2
Info    : [ 20%] Meshing curve 3 order 2
Info    : [ 20%] Meshing curve 4 order 2
Info    : [ 30%] Meshing curve 5 order 2
Info    : [ 30%] Meshing curve 6 order 2
Info    : [ 40%] Meshing curve 7 order 2
Info    : [ 40%] Meshing curve 8 order 2
Info    : [ 50%] Meshing curve 9 order 2
Info    : [ 50%] Meshing curve 10 order 2
Info    : [ 60%] Meshing curve 11 order 2
Info    : [ 60%] Meshing curve 12 order 2
Info    : [ 70%] Meshing surface 1 order 2
Info    : [ 70%] Meshing surface 2 order 2
Info    : [ 80%] Meshing surface 3 order 2
Info    : [ 80%] Meshing surface 4 order 2
Info    : [ 90%] Meshing surface 5 order 2
Info    : [ 90%] Meshing surface 6 order 2
Info    : [100%] Meshing volume 1 order 2
Info    : [100%] Meshing volume 2 order 2
Info    : Surface mesh: worst distortion = 0.797589 (0 elements in ]0, 0.2]); worst gamma = 0.706284
Info    : Volume mesh: worst distortion = 0.270507 (0 elements in ]0, 0.2])
Info    : Done meshing order 2 (Wall 12.7703s, CPU 12.7583s)
Info    : Writing '/home/user/mscr-mom/현서/scripts/contact_scenarios/fea/lmphi_mesh_LM50_phiP150_s50.inp'...
Info    : Done writing '/home/user/mscr-mom/현서/scripts/contact_scenarios/fea/lmphi_mesh_LM50_phiP150_s50.inp'
  [LM50_phiP150] F_mag=0.0019mN  (204.0s)
[LM50_phiP150 6/10] L_M=50.0, phi=150.0, s=60.0mm, push_depth=0.1mm ...
Info    : Meshing 1D...
Info    : [  0%] Meshing curve 1 (BSpline)
Info    : [ 10%] Meshing curve 2 (Ellipse)
Info    : [ 20%] Meshing curve 3 (Ellipse)
Info    : [ 30%] Meshing curve 4 (BSpline)
Info    : [ 40%] Meshing curve 5 (BSpline)
Info    : [ 50%] Meshing curve 6 (BSpline)
Info    : [ 60%] Meshing curve 7 (BSpline)
Info    : [ 60%] Meshing curve 8 (BSpline)
Info    : [ 70%] Meshing curve 9 (BSpline)
Info    : [ 90%] Meshing curve 11 (Circle)
Info    : Done meshing 1D (Wall 0.0198923s, CPU 0.019881s)
Info    : Meshing 2D...
Info    : [  0%] Meshing surface 1 (Plane, Frontal-Delaunay)
Info    : [ 20%] Meshing surface 2 (Plane, Frontal-Delaunay)
Info    : [ 40%] Meshing surface 3 (BSpline surface, Frontal-Delaunay)
Info    : [ 60%] Meshing surface 4 (BSpline surface, Frontal-Delaunay)
Info    : [ 70%] Meshing surface 5 (Plane, Frontal-Delaunay)
Info    : [ 90%] Meshing surface 6 (Sphere, Frontal-Delaunay)
Info    : Done meshing 2D (Wall 0.693955s, CPU 0.69279s)
Info    : Meshing 3D...
Info    : 3D Meshing 2 volumes with 2 connected components
Info    : Tetrahedrizing 12543 nodes...
Info    : Done tetrahedrizing 12551 nodes (Wall 0.1369s, CPU 0.131906s)
Info    : Reconstructing mesh...
Info    :  - Creating surface mesh
Info    :  - Identifying boundary edges
Info    :  - Recovering boundary
Info    : Done reconstructing mesh (Wall 0.328951s, CPU 0.314915s)
Info    : Found volume 1
Info    : It. 0 - 0 nodes created - worst tet radius 1.0544 (nodes removed 0 0)
Info    : 3D refinement terminated (13222 nodes total):
Info    :  - 0 Delaunay cavities modified for star shapeness
Info    :  - 0 nodes could not be inserted
Info    :  - 42035 tetrahedra created in 0.0202319 sec. (2077663 tets/s)
Info    : 0 node relocations
Info    : Tetrahedrizing 131 nodes...
Info    : Done tetrahedrizing 139 nodes (Wall 0.000699918s, CPU 0.0007s)
Info    : Reconstructing mesh...
Info    :  - Creating surface mesh
Info    :  - Identifying boundary edges
Info    :  - Recovering boundary
Info    : Done reconstructing mesh (Wall 0.00162086s, CPU 0.001623s)
Info    : Found volume 2
Info    : It. 0 - 0 nodes created - worst tet radius 3.06748 (nodes removed 0 0)
Info    : 3D refinement terminated (12751 nodes total):
Info    :  - 0 Delaunay cavities modified for star shapeness
Info    :  - 0 nodes could not be inserted
Info    :  - 464 tetrahedra created in 0.00216872 sec. (213951 tets/s)
Info    : 0 node relocations
Info    : Done meshing 3D (Wall 0.549099s, CPU 0.535055s)
Info    : Optimizing mesh...
Info    : Optimizing volume 1
Info    : Optimization starts (volume = 235.652) with worst = 0.00264732 / average = 0.686042:
Info    : 0.00 < quality < 0.10 :       212 elements
Info    : 0.10 < quality < 0.20 :       305 elements
Info    : 0.20 < quality < 0.30 :       568 elements
Info    : 0.30 < quality < 0.40 :       658 elements
Info    : 0.40 < quality < 0.50 :      1016 elements
Info    : 0.50 < quality < 0.60 :      3616 elements
Info    : 0.60 < quality < 0.70 :     12462 elements
Info    : 0.70 < quality < 0.80 :     19559 elements
Info    : 0.80 < quality < 0.90 :      1930 elements
Info    : 0.90 < quality < 1.00 :      1709 elements
Info    : 1050 edge swaps, 11 node relocations (volume = 235.652): worst = 0.118748 / average = 0.701087 (Wall 0.0107791s, CPU 0.010779s)
Info    : 1075 edge swaps, 12 node relocations (volume = 235.652): worst = 0.118748 / average = 0.701288 (Wall 0.0129734s, CPU 0.012975s)
Info    : No ill-shaped tets in the mesh :-)
Info    : 0.00 < quality < 0.10 :         0 elements
Info    : 0.10 < quality < 0.20 :         3 elements
Info    : 0.20 < quality < 0.30 :         9 elements
Info    : 0.30 < quality < 0.40 :       463 elements
Info    : 0.40 < quality < 0.50 :       871 elements
Info    : 0.50 < quality < 0.60 :      3671 elements
Info    : 0.60 < quality < 0.70 :     12806 elements
Info    : 0.70 < quality < 0.80 :     19364 elements
Info    : 0.80 < quality < 0.90 :      2106 elements
Info    : 0.90 < quality < 1.00 :      1710 elements
Info    : Optimizing volume 2
Info    : Optimization starts (volume = 0.256422) with worst = 0.0624585 / average = 0.737806:
Info    : 0.00 < quality < 0.10 :         1 elements
Info    : 0.10 < quality < 0.20 :         3 elements
Info    : 0.20 < quality < 0.30 :         2 elements
Info    : 0.30 < quality < 0.40 :         9 elements
Info    : 0.40 < quality < 0.50 :        13 elements
Info    : 0.50 < quality < 0.60 :        26 elements
Info    : 0.60 < quality < 0.70 :        83 elements
Info    : 0.70 < quality < 0.80 :       176 elements
Info    : 0.80 < quality < 0.90 :       118 elements
Info    : 0.90 < quality < 1.00 :        33 elements
Info    : 6 edge swaps, 0 node relocations (volume = 0.256422): worst = 0.307806 / average = 0.746802 (Wall 0.000100434s, CPU 0.000101s)
Info    : No ill-shaped tets in the mesh :-)
Info    : 0.00 < quality < 0.10 :         0 elements
Info    : 0.10 < quality < 0.20 :         0 elements
Info    : 0.20 < quality < 0.30 :         0 elements
Info    : 0.30 < quality < 0.40 :         9 elements
Info    : 0.40 < quality < 0.50 :        13 elements
Info    : 0.50 < quality < 0.60 :        23 elements
Info    : 0.60 < quality < 0.70 :        82 elements
Info    : 0.70 < quality < 0.80 :       179 elements
Info    : 0.80 < quality < 0.90 :       120 elements
Info    : 0.90 < quality < 1.00 :        32 elements
Info    : Done optimizing mesh (Wall 0.0344574s, CPU 0.034456s)
Info    : 13618 nodes 68054 elements
Info    : Meshing order 2 (curvilinear on)...
Info    : [  0%] Meshing curve 1 order 2
Info    : [ 10%] Meshing curve 2 order 2
Info    : [ 20%] Meshing curve 3 order 2
Info    : [ 20%] Meshing curve 4 order 2
Info    : [ 30%] Meshing curve 5 order 2
Info    : [ 30%] Meshing curve 6 order 2
Info    : [ 40%] Meshing curve 7 order 2
Info    : [ 40%] Meshing curve 8 order 2
Info    : [ 50%] Meshing curve 9 order 2
Info    : [ 50%] Meshing curve 10 order 2
Info    : [ 60%] Meshing curve 11 order 2
Info    : [ 60%] Meshing curve 12 order 2
Info    : [ 70%] Meshing surface 1 order 2
Info    : [ 70%] Meshing surface 2 order 2
Info    : [ 80%] Meshing surface 3 order 2
Info    : [ 80%] Meshing surface 4 order 2
Info    : [ 90%] Meshing surface 5 order 2
Info    : [ 90%] Meshing surface 6 order 2
Info    : [100%] Meshing volume 1 order 2
Info    : [100%] Meshing volume 2 order 2
Info    : Surface mesh: worst distortion = 0.797589 (0 elements in ]0, 0.2]); worst gamma = 0.706284
Info    : Volume mesh: worst distortion = 0.270507 (0 elements in ]0, 0.2])
Info    : Done meshing order 2 (Wall 12.7912s, CPU 12.7814s)
Info    : Writing '/home/user/mscr-mom/현서/scripts/contact_scenarios/fea/lmphi_mesh_LM50_phiP150_s60.inp'...
Info    : Done writing '/home/user/mscr-mom/현서/scripts/contact_scenarios/fea/lmphi_mesh_LM50_phiP150_s60.inp'
  [LM50_phiP150] [실패] (325.0s)
[LM50_phiP150 7/10] L_M=50.0, phi=150.0, s=70.0mm, push_depth=0.1mm ...
Info    : Meshing 1D...
Info    : [  0%] Meshing curve 1 (BSpline)
Info    : [ 10%] Meshing curve 2 (Ellipse)
Info    : [ 20%] Meshing curve 3 (Ellipse)
Info    : [ 30%] Meshing curve 4 (BSpline)
Info    : [ 40%] Meshing curve 5 (BSpline)
Info    : [ 50%] Meshing curve 6 (BSpline)
Info    : [ 60%] Meshing curve 7 (BSpline)
Info    : [ 60%] Meshing curve 8 (BSpline)
Info    : [ 70%] Meshing curve 9 (BSpline)
Info    : [ 90%] Meshing curve 11 (Circle)
Info    : Done meshing 1D (Wall 0.019882s, CPU 0.019882s)
Info    : Meshing 2D...
Info    : [  0%] Meshing surface 1 (Plane, Frontal-Delaunay)
Info    : [ 20%] Meshing surface 2 (Plane, Frontal-Delaunay)
Info    : [ 40%] Meshing surface 3 (BSpline surface, Frontal-Delaunay)
Info    : [ 60%] Meshing surface 4 (BSpline surface, Frontal-Delaunay)
Info    : [ 70%] Meshing surface 5 (Plane, Frontal-Delaunay)
Info    : [ 90%] Meshing surface 6 (Sphere, Frontal-Delaunay)
Info    : Done meshing 2D (Wall 0.700624s, CPU 0.700353s)
Info    : Meshing 3D...
Info    : 3D Meshing 2 volumes with 2 connected components
Info    : Tetrahedrizing 12543 nodes...
Info    : Done tetrahedrizing 12551 nodes (Wall 0.141499s, CPU 0.140501s)
Info    : Reconstructing mesh...
Info    :  - Creating surface mesh
Info    :  - Identifying boundary edges
Info    :  - Recovering boundary
Info    : Done reconstructing mesh (Wall 0.354143s, CPU 0.340138s)
Info    : Found volume 1
Info    : It. 0 - 0 nodes created - worst tet radius 1.0544 (nodes removed 0 0)
Info    : 3D refinement terminated (13221 nodes total):
Info    :  - 0 Delaunay cavities modified for star shapeness
Info    :  - 0 nodes could not be inserted
Info    :  - 42035 tetrahedra created in 0.0244147 sec. (1721706 tets/s)
Info    : 0 node relocations
Info    : Tetrahedrizing 130 nodes...
Info    : Done tetrahedrizing 138 nodes (Wall 0.00074022s, CPU 0.000741s)
Info    : Reconstructing mesh...
Info    :  - Creating surface mesh
Info    :  - Identifying boundary edges
Info    :  - Recovering boundary
Info    : Done reconstructing mesh (Wall 0.00168524s, CPU 0.001688s)
Info    : Found volume 2
Info    : It. 0 - 0 nodes created - worst tet radius 3.13058 (nodes removed 0 0)
Info    : 3D refinement terminated (12754 nodes total):
Info    :  - 0 Delaunay cavities modified for star shapeness
Info    :  - 0 nodes could not be inserted
Info    :  - 491 tetrahedra created in 0.00225427 sec. (217808 tets/s)
Info    : 0 node relocations
Info    : Done meshing 3D (Wall 0.64464s, CPU 0.630612s)
Info    : Optimizing mesh...
Info    : Optimizing volume 1
Info    : Optimization starts (volume = 235.652) with worst = 0.00264732 / average = 0.686042:
Info    : 0.00 < quality < 0.10 :       212 elements
Info    : 0.10 < quality < 0.20 :       305 elements
Info    : 0.20 < quality < 0.30 :       568 elements
Info    : 0.30 < quality < 0.40 :       658 elements
Info    : 0.40 < quality < 0.50 :      1016 elements
Info    : 0.50 < quality < 0.60 :      3616 elements
Info    : 0.60 < quality < 0.70 :     12462 elements
Info    : 0.70 < quality < 0.80 :     19559 elements
Info    : 0.80 < quality < 0.90 :      1930 elements
Info    : 0.90 < quality < 1.00 :      1709 elements
Info    : 1050 edge swaps, 11 node relocations (volume = 235.652): worst = 0.118748 / average = 0.701087 (Wall 0.0117928s, CPU 0.011793s)
Info    : 1075 edge swaps, 12 node relocations (volume = 235.652): worst = 0.118748 / average = 0.701288 (Wall 0.0141096s, CPU 0.014112s)
Info    : No ill-shaped tets in the mesh :-)
Info    : 0.00 < quality < 0.10 :         0 elements
Info    : 0.10 < quality < 0.20 :         3 elements
Info    : 0.20 < quality < 0.30 :         9 elements
Info    : 0.30 < quality < 0.40 :       463 elements
Info    : 0.40 < quality < 0.50 :       871 elements
Info    : 0.50 < quality < 0.60 :      3671 elements
Info    : 0.60 < quality < 0.70 :     12806 elements
Info    : 0.70 < quality < 0.80 :     19364 elements
Info    : 0.80 < quality < 0.90 :      2106 elements
Info    : 0.90 < quality < 1.00 :      1710 elements
Info    : Optimizing volume 2
Info    : Optimization starts (volume = 0.256435) with worst = 0.0657345 / average = 0.749591:
Info    : 0.00 < quality < 0.10 :         1 elements
Info    : 0.10 < quality < 0.20 :         2 elements
Info    : 0.20 < quality < 0.30 :         6 elements
Info    : 0.30 < quality < 0.40 :        11 elements
Info    : 0.40 < quality < 0.50 :        16 elements
Info    : 0.50 < quality < 0.60 :        17 elements
Info    : 0.60 < quality < 0.70 :        62 elements
Info    : 0.70 < quality < 0.80 :       187 elements
Info    : 0.80 < quality < 0.90 :       151 elements
Info    : 0.90 < quality < 1.00 :        38 elements
Info    : 9 edge swaps, 0 node relocations (volume = 0.256435): worst = 0.31774 / average = 0.76115 (Wall 0.000122717s, CPU 0.000122s)
Info    : No ill-shaped tets in the mesh :-)
Info    : 0.00 < quality < 0.10 :         0 elements
Info    : 0.10 < quality < 0.20 :         0 elements
Info    : 0.20 < quality < 0.30 :         0 elements
Info    : 0.30 < quality < 0.40 :        11 elements
Info    : 0.40 < quality < 0.50 :        14 elements
Info    : 0.50 < quality < 0.60 :        15 elements
Info    : 0.60 < quality < 0.70 :        65 elements
Info    : 0.70 < quality < 0.80 :       188 elements
Info    : 0.80 < quality < 0.90 :       152 elements
Info    : 0.90 < quality < 1.00 :        38 elements
Info    : Done optimizing mesh (Wall 0.0360343s, CPU 0.036032s)
Info    : 13621 nodes 68077 elements
Info    : Meshing order 2 (curvilinear on)...
Info    : [  0%] Meshing curve 1 order 2
Info    : [ 10%] Meshing curve 2 order 2
Info    : [ 20%] Meshing curve 3 order 2
Info    : [ 20%] Meshing curve 4 order 2
Info    : [ 30%] Meshing curve 5 order 2
Info    : [ 30%] Meshing curve 6 order 2
Info    : [ 40%] Meshing curve 7 order 2
Info    : [ 40%] Meshing curve 8 order 2
Info    : [ 50%] Meshing curve 9 order 2
Info    : [ 50%] Meshing curve 10 order 2
Info    : [ 60%] Meshing curve 11 order 2
Info    : [ 60%] Meshing curve 12 order 2
Info    : [ 70%] Meshing surface 1 order 2
Info    : [ 70%] Meshing surface 2 order 2
Info    : [ 80%] Meshing surface 3 order 2
Info    : [ 80%] Meshing surface 4 order 2
Info    : [ 90%] Meshing surface 5 order 2
Info    : [ 90%] Meshing surface 6 order 2
Info    : [100%] Meshing volume 1 order 2
Info    : [100%] Meshing volume 2 order 2
Info    : Surface mesh: worst distortion = 0.797589 (0 elements in ]0, 0.2]); worst gamma = 0.706284
Info    : Volume mesh: worst distortion = 0.270507 (0 elements in ]0, 0.2])
Info    : Done meshing order 2 (Wall 12.6193s, CPU 12.6138s)
Info    : Writing '/home/user/mscr-mom/현서/scripts/contact_scenarios/fea/lmphi_mesh_LM50_phiP150_s70.inp'...
Info    : Done writing '/home/user/mscr-mom/현서/scripts/contact_scenarios/fea/lmphi_mesh_LM50_phiP150_s70.inp'
  [LM50_phiP150] [실패] (494.6s)
[LM50_phiP150 8/10] L_M=50.0, phi=150.0, s=80.0mm, push_depth=0.1mm ...
Info    : Meshing 1D...
Info    : [  0%] Meshing curve 1 (BSpline)
Info    : [ 10%] Meshing curve 2 (Ellipse)
Info    : [ 20%] Meshing curve 3 (Ellipse)
Info    : [ 30%] Meshing curve 4 (BSpline)
Info    : [ 40%] Meshing curve 5 (BSpline)
Info    : [ 50%] Meshing curve 6 (BSpline)
Info    : [ 60%] Meshing curve 7 (BSpline)
Info    : [ 60%] Meshing curve 8 (BSpline)
Info    : [ 70%] Meshing curve 9 (BSpline)
Info    : [ 90%] Meshing curve 11 (Circle)
Info    : Done meshing 1D (Wall 0.0200524s, CPU 0.020053s)
Info    : Meshing 2D...
Info    : [  0%] Meshing surface 1 (Plane, Frontal-Delaunay)
Info    : [ 20%] Meshing surface 2 (Plane, Frontal-Delaunay)
Info    : [ 40%] Meshing surface 3 (BSpline surface, Frontal-Delaunay)
Info    : [ 60%] Meshing surface 4 (BSpline surface, Frontal-Delaunay)
Info    : [ 70%] Meshing surface 5 (Plane, Frontal-Delaunay)
Info    : [ 90%] Meshing surface 6 (Sphere, Frontal-Delaunay)
Info    : Done meshing 2D (Wall 0.723496s, CPU 0.723462s)
Info    : Meshing 3D...
Info    : 3D Meshing 2 volumes with 2 connected components
Info    : Tetrahedrizing 12543 nodes...
Info    : Done tetrahedrizing 12551 nodes (Wall 0.139262s, CPU 0.133256s)
Info    : Reconstructing mesh...
Info    :  - Creating surface mesh
Info    :  - Identifying boundary edges
Info    :  - Recovering boundary
Info    : Done reconstructing mesh (Wall 0.338226s, CPU 0.322171s)
Info    : Found volume 1
Info    : It. 0 - 0 nodes created - worst tet radius 1.0544 (nodes removed 0 0)
Info    : 3D refinement terminated (13222 nodes total):
Info    :  - 0 Delaunay cavities modified for star shapeness
Info    :  - 0 nodes could not be inserted
Info    :  - 42035 tetrahedra created in 0.0256473 sec. (1638961 tets/s)
Info    : 0 node relocations
Info    : Tetrahedrizing 131 nodes...
Info    : Done tetrahedrizing 139 nodes (Wall 0.000816139s, CPU 0.000812s)
Info    : Reconstructing mesh...
Info    :  - Creating surface mesh
Info    :  - Identifying boundary edges
Info    :  - Recovering boundary
Info    : Done reconstructing mesh (Wall 0.00203969s, CPU 0.001873s)
Info    : Found volume 2
Info    : It. 0 - 0 nodes created - worst tet radius 3.06748 (nodes removed 0 0)
Info    : 3D refinement terminated (12751 nodes total):
Info    :  - 0 Delaunay cavities modified for star shapeness
Info    :  - 0 nodes could not be inserted
Info    :  - 464 tetrahedra created in 0.00220358 sec. (210566 tets/s)
Info    : 0 node relocations
Info    : Done meshing 3D (Wall 0.60941s, CPU 0.592606s)
Info    : Optimizing mesh...
Info    : Optimizing volume 1
Info    : Optimization starts (volume = 235.652) with worst = 0.00264732 / average = 0.686042:
Info    : 0.00 < quality < 0.10 :       212 elements
Info    : 0.10 < quality < 0.20 :       305 elements
Info    : 0.20 < quality < 0.30 :       568 elements
Info    : 0.30 < quality < 0.40 :       658 elements
Info    : 0.40 < quality < 0.50 :      1016 elements
Info    : 0.50 < quality < 0.60 :      3616 elements
Info    : 0.60 < quality < 0.70 :     12462 elements
Info    : 0.70 < quality < 0.80 :     19559 elements
Info    : 0.80 < quality < 0.90 :      1930 elements
Info    : 0.90 < quality < 1.00 :      1709 elements
Info    : 1050 edge swaps, 11 node relocations (volume = 235.652): worst = 0.118748 / average = 0.701087 (Wall 0.0110836s, CPU 0.011083s)
Info    : 1075 edge swaps, 12 node relocations (volume = 235.652): worst = 0.118748 / average = 0.701288 (Wall 0.0133609s, CPU 0.013362s)
Info    : No ill-shaped tets in the mesh :-)
Info    : 0.00 < quality < 0.10 :         0 elements
Info    : 0.10 < quality < 0.20 :         3 elements
Info    : 0.20 < quality < 0.30 :         9 elements
Info    : 0.30 < quality < 0.40 :       463 elements
Info    : 0.40 < quality < 0.50 :       871 elements
Info    : 0.50 < quality < 0.60 :      3671 elements
Info    : 0.60 < quality < 0.70 :     12806 elements
Info    : 0.70 < quality < 0.80 :     19364 elements
Info    : 0.80 < quality < 0.90 :      2106 elements
Info    : 0.90 < quality < 1.00 :      1710 elements
Info    : Optimizing volume 2
Info    : Optimization starts (volume = 0.256422) with worst = 0.0624585 / average = 0.737806:
Info    : 0.00 < quality < 0.10 :         1 elements
Info    : 0.10 < quality < 0.20 :         3 elements
Info    : 0.20 < quality < 0.30 :         2 elements
Info    : 0.30 < quality < 0.40 :         9 elements
Info    : 0.40 < quality < 0.50 :        13 elements
Info    : 0.50 < quality < 0.60 :        26 elements
Info    : 0.60 < quality < 0.70 :        83 elements
Info    : 0.70 < quality < 0.80 :       176 elements
Info    : 0.80 < quality < 0.90 :       118 elements
Info    : 0.90 < quality < 1.00 :        33 elements
Info    : 6 edge swaps, 0 node relocations (volume = 0.256422): worst = 0.307806 / average = 0.746802 (Wall 0.000119553s, CPU 0.00012s)
Info    : No ill-shaped tets in the mesh :-)
Info    : 0.00 < quality < 0.10 :         0 elements
Info    : 0.10 < quality < 0.20 :         0 elements
Info    : 0.20 < quality < 0.30 :         0 elements
Info    : 0.30 < quality < 0.40 :         9 elements
Info    : 0.40 < quality < 0.50 :        13 elements
Info    : 0.50 < quality < 0.60 :        23 elements
Info    : 0.60 < quality < 0.70 :        82 elements
Info    : 0.70 < quality < 0.80 :       179 elements
Info    : 0.80 < quality < 0.90 :       120 elements
Info    : 0.90 < quality < 1.00 :        32 elements
Info    : Done optimizing mesh (Wall 0.0352288s, CPU 0.035193s)
Info    : 13618 nodes 68054 elements
Info    : Meshing order 2 (curvilinear on)...
Info    : [  0%] Meshing curve 1 order 2
Info    : [ 10%] Meshing curve 2 order 2
Info    : [ 20%] Meshing curve 3 order 2
Info    : [ 20%] Meshing curve 4 order 2
Info    : [ 30%] Meshing curve 5 order 2
Info    : [ 30%] Meshing curve 6 order 2
Info    : [ 40%] Meshing curve 7 order 2
Info    : [ 40%] Meshing curve 8 order 2
Info    : [ 50%] Meshing curve 9 order 2
Info    : [ 50%] Meshing curve 10 order 2
Info    : [ 60%] Meshing curve 11 order 2
Info    : [ 60%] Meshing curve 12 order 2
Info    : [ 70%] Meshing surface 1 order 2
Info    : [ 70%] Meshing surface 2 order 2
Info    : [ 80%] Meshing surface 3 order 2
Info    : [ 80%] Meshing surface 4 order 2
Info    : [ 90%] Meshing surface 5 order 2
Info    : [ 90%] Meshing surface 6 order 2
Info    : [100%] Meshing volume 1 order 2
Info    : [100%] Meshing volume 2 order 2
Info    : Surface mesh: worst distortion = 0.797589 (0 elements in ]0, 0.2]); worst gamma = 0.706284
Info    : Volume mesh: worst distortion = 0.270507 (0 elements in ]0, 0.2])
Info    : Done meshing order 2 (Wall 12.739s, CPU 12.7382s)
Info    : Writing '/home/user/mscr-mom/현서/scripts/contact_scenarios/fea/lmphi_mesh_LM50_phiP150_s80.inp'...
Info    : Done writing '/home/user/mscr-mom/현서/scripts/contact_scenarios/fea/lmphi_mesh_LM50_phiP150_s80.inp'
  [LM50_phiP150] [실패] (556.6s)
[LM50_phiP150 9/10] L_M=50.0, phi=150.0, s=90.0mm, push_depth=0.1mm ...
Info    : Meshing 1D...
Info    : [  0%] Meshing curve 1 (BSpline)
Info    : [ 10%] Meshing curve 2 (Ellipse)
Info    : [ 20%] Meshing curve 3 (Ellipse)
Info    : [ 30%] Meshing curve 4 (BSpline)
Info    : [ 40%] Meshing curve 5 (BSpline)
Info    : [ 50%] Meshing curve 6 (BSpline)
Info    : [ 60%] Meshing curve 7 (BSpline)
Info    : [ 60%] Meshing curve 8 (BSpline)
Info    : [ 70%] Meshing curve 9 (BSpline)
Info    : [ 90%] Meshing curve 11 (Circle)
Info    : Done meshing 1D (Wall 0.0199391s, CPU 0.01994s)
Info    : Meshing 2D...
Info    : [  0%] Meshing surface 1 (Plane, Frontal-Delaunay)
Info    : [ 20%] Meshing surface 2 (Plane, Frontal-Delaunay)
Info    : [ 40%] Meshing surface 3 (BSpline surface, Frontal-Delaunay)
Info    : [ 60%] Meshing surface 4 (BSpline surface, Frontal-Delaunay)
Info    : [ 70%] Meshing surface 5 (Plane, Frontal-Delaunay)
Info    : [ 90%] Meshing surface 6 (Sphere, Frontal-Delaunay)
Info    : Done meshing 2D (Wall 0.711277s, CPU 0.711148s)
Info    : Meshing 3D...
Info    : 3D Meshing 2 volumes with 2 connected components
Info    : Tetrahedrizing 12543 nodes...
Info    : Done tetrahedrizing 12551 nodes (Wall 0.146265s, CPU 0.143252s)
Info    : Reconstructing mesh...
Info    :  - Creating surface mesh
Info    :  - Identifying boundary edges
Info    :  - Recovering boundary
Info    : Done reconstructing mesh (Wall 0.362078s, CPU 0.35206s)
Info    : Found volume 1
Info    : It. 0 - 0 nodes created - worst tet radius 1.0544 (nodes removed 0 0)
Info    : 3D refinement terminated (13222 nodes total):
Info    :  - 0 Delaunay cavities modified for star shapeness
Info    :  - 0 nodes could not be inserted
Info    :  - 42035 tetrahedra created in 0.0196747 sec. (2136501 tets/s)
Info    : 0 node relocations
Info    : Tetrahedrizing 131 nodes...
Info    : Done tetrahedrizing 139 nodes (Wall 0.000707481s, CPU 0.000708s)
Info    : Reconstructing mesh...
Info    :  - Creating surface mesh
Info    :  - Identifying boundary edges
Info    :  - Recovering boundary
Info    : Done reconstructing mesh (Wall 0.00161558s, CPU 0.001616s)
Info    : Found volume 2
Info    : It. 0 - 0 nodes created - worst tet radius 3.07792 (nodes removed 0 0)
Info    : 3D refinement terminated (12757 nodes total):
Info    :  - 0 Delaunay cavities modified for star shapeness
Info    :  - 0 nodes could not be inserted
Info    :  - 501 tetrahedra created in 0.00237679 sec. (210788 tets/s)
Info    : 0 node relocations
Info    : Done meshing 3D (Wall 0.622616s, CPU 0.612505s)
Info    : Optimizing mesh...
Info    : Optimizing volume 1
Info    : Optimization starts (volume = 235.652) with worst = 0.00264732 / average = 0.686042:
Info    : 0.00 < quality < 0.10 :       212 elements
Info    : 0.10 < quality < 0.20 :       305 elements
Info    : 0.20 < quality < 0.30 :       568 elements
Info    : 0.30 < quality < 0.40 :       658 elements
Info    : 0.40 < quality < 0.50 :      1016 elements
Info    : 0.50 < quality < 0.60 :      3616 elements
Info    : 0.60 < quality < 0.70 :     12462 elements
Info    : 0.70 < quality < 0.80 :     19559 elements
Info    : 0.80 < quality < 0.90 :      1930 elements
Info    : 0.90 < quality < 1.00 :      1709 elements
Info    : 1050 edge swaps, 11 node relocations (volume = 235.652): worst = 0.118748 / average = 0.701087 (Wall 0.0114503s, CPU 0.011451s)
Info    : 1075 edge swaps, 12 node relocations (volume = 235.652): worst = 0.118748 / average = 0.701288 (Wall 0.013633s, CPU 0.013635s)
Info    : No ill-shaped tets in the mesh :-)
Info    : 0.00 < quality < 0.10 :         0 elements
Info    : 0.10 < quality < 0.20 :         3 elements
Info    : 0.20 < quality < 0.30 :         9 elements
Info    : 0.30 < quality < 0.40 :       463 elements
Info    : 0.40 < quality < 0.50 :       871 elements
Info    : 0.50 < quality < 0.60 :      3671 elements
Info    : 0.60 < quality < 0.70 :     12806 elements
Info    : 0.70 < quality < 0.80 :     19364 elements
Info    : 0.80 < quality < 0.90 :      2106 elements
Info    : 0.90 < quality < 1.00 :      1710 elements
Info    : Optimizing volume 2
Info    : Optimization starts (volume = 0.25645) with worst = 0.0761099 / average = 0.760637:
Info    : 0.00 < quality < 0.10 :         1 elements
Info    : 0.10 < quality < 0.20 :         2 elements
Info    : 0.20 < quality < 0.30 :         5 elements
Info    : 0.30 < quality < 0.40 :         6 elements
Info    : 0.40 < quality < 0.50 :        12 elements
Info    : 0.50 < quality < 0.60 :        14 elements
Info    : 0.60 < quality < 0.70 :        72 elements
Info    : 0.70 < quality < 0.80 :       187 elements
Info    : 0.80 < quality < 0.90 :       154 elements
Info    : 0.90 < quality < 1.00 :        48 elements
Info    : 8 edge swaps, 0 node relocations (volume = 0.25645): worst = 0.328825 / average = 0.772122 (Wall 0.000109448s, CPU 0.000109s)
Info    : No ill-shaped tets in the mesh :-)
Info    : 0.00 < quality < 0.10 :         0 elements
Info    : 0.10 < quality < 0.20 :         0 elements
Info    : 0.20 < quality < 0.30 :         0 elements
Info    : 0.30 < quality < 0.40 :         6 elements
Info    : 0.40 < quality < 0.50 :         9 elements
Info    : 0.50 < quality < 0.60 :        11 elements
Info    : 0.60 < quality < 0.70 :        78 elements
Info    : 0.70 < quality < 0.80 :       186 elements
Info    : 0.80 < quality < 0.90 :       155 elements
Info    : 0.90 < quality < 1.00 :        48 elements
Info    : Done optimizing mesh (Wall 0.0356575s, CPU 0.035656s)
Info    : 13624 nodes 68089 elements
Info    : Meshing order 2 (curvilinear on)...
Info    : [  0%] Meshing curve 1 order 2
Info    : [ 10%] Meshing curve 2 order 2
Info    : [ 20%] Meshing curve 3 order 2
Info    : [ 20%] Meshing curve 4 order 2
Info    : [ 30%] Meshing curve 5 order 2
Info    : [ 30%] Meshing curve 6 order 2
Info    : [ 40%] Meshing curve 7 order 2
Info    : [ 40%] Meshing curve 8 order 2
Info    : [ 50%] Meshing curve 9 order 2
Info    : [ 50%] Meshing curve 10 order 2
Info    : [ 60%] Meshing curve 11 order 2
Info    : [ 60%] Meshing curve 12 order 2
Info    : [ 70%] Meshing surface 1 order 2
Info    : [ 70%] Meshing surface 2 order 2
Info    : [ 80%] Meshing surface 3 order 2
Info    : [ 80%] Meshing surface 4 order 2
Info    : [ 90%] Meshing surface 5 order 2
Info    : [ 90%] Meshing surface 6 order 2
Info    : [100%] Meshing volume 1 order 2
Info    : [100%] Meshing volume 2 order 2
Info    : Surface mesh: worst distortion = 0.797589 (0 elements in ]0, 0.2]); worst gamma = 0.706284
Info    : Volume mesh: worst distortion = 0.270507 (0 elements in ]0, 0.2])
Info    : Done meshing order 2 (Wall 12.7397s, CPU 12.735s)
Info    : Writing '/home/user/mscr-mom/현서/scripts/contact_scenarios/fea/lmphi_mesh_LM50_phiP150_s90.inp'...
Info    : Done writing '/home/user/mscr-mom/현서/scripts/contact_scenarios/fea/lmphi_mesh_LM50_phiP150_s90.inp'
  [LM50_phiP150] [실패] (629.9s)
[LM50_phiP150 10/10] L_M=50.0, phi=150.0, s=100.0mm, push_depth=0.1mm ...
Info    : Meshing 1D...
Info    : [  0%] Meshing curve 1 (BSpline)
Info    : [ 10%] Meshing curve 2 (Ellipse)
Info    : [ 20%] Meshing curve 3 (Ellipse)
Info    : [ 30%] Meshing curve 4 (BSpline)
Info    : [ 40%] Meshing curve 5 (BSpline)
Info    : [ 50%] Meshing curve 6 (BSpline)
Info    : [ 60%] Meshing curve 7 (BSpline)
Info    : [ 60%] Meshing curve 8 (BSpline)
Info    : [ 70%] Meshing curve 9 (BSpline)
Info    : [ 90%] Meshing curve 11 (Circle)
Info    : Done meshing 1D (Wall 0.0198187s, CPU 0.019794s)
Info    : Meshing 2D...
Info    : [  0%] Meshing surface 1 (Plane, Frontal-Delaunay)
Info    : [ 20%] Meshing surface 2 (Plane, Frontal-Delaunay)
Info    : [ 40%] Meshing surface 3 (BSpline surface, Frontal-Delaunay)
Info    : [ 60%] Meshing surface 4 (BSpline surface, Frontal-Delaunay)
Info    : [ 70%] Meshing surface 5 (Plane, Frontal-Delaunay)
Info    : [ 90%] Meshing surface 6 (Sphere, Frontal-Delaunay)
Info    : Done meshing 2D (Wall 0.706905s, CPU 0.706563s)
Info    : Meshing 3D...
Info    : 3D Meshing 2 volumes with 2 connected components
Info    : Tetrahedrizing 12543 nodes...
Info    : Done tetrahedrizing 12551 nodes (Wall 0.139541s, CPU 0.136545s)
Info    : Reconstructing mesh...
Info    :  - Creating surface mesh
Info    :  - Identifying boundary edges
Info    :  - Recovering boundary
Info    : Done reconstructing mesh (Wall 0.335695s, CPU 0.330605s)
Info    : Found volume 1
Info    : It. 0 - 0 nodes created - worst tet radius 1.0544 (nodes removed 0 0)
Info    : 3D refinement terminated (13221 nodes total):
Info    :  - 0 Delaunay cavities modified for star shapeness
Info    :  - 0 nodes could not be inserted
Info    :  - 42035 tetrahedra created in 0.0260085 sec. (1616199 tets/s)
Info    : 0 node relocations
Info    : Tetrahedrizing 130 nodes...
Info    : Done tetrahedrizing 138 nodes (Wall 0.00074018s, CPU 0.00074s)
Info    : Reconstructing mesh...
Info    :  - Creating surface mesh
Info    :  - Identifying boundary edges
Info    :  - Recovering boundary
Info    : Done reconstructing mesh (Wall 0.00170963s, CPU 0.001712s)
Info    : Found volume 2
Info    : It. 0 - 0 nodes created - worst tet radius 3.13058 (nodes removed 0 0)
Info    : 3D refinement terminated (12754 nodes total):
Info    :  - 0 Delaunay cavities modified for star shapeness
Info    :  - 0 nodes could not be inserted
Info    :  - 491 tetrahedra created in 0.00283747 sec. (173041 tets/s)
Info    : 0 node relocations
Info    : Done meshing 3D (Wall 0.604149s, CPU 0.597993s)
Info    : Optimizing mesh...
Info    : Optimizing volume 1
Info    : Optimization starts (volume = 235.652) with worst = 0.00264732 / average = 0.686042:
Info    : 0.00 < quality < 0.10 :       212 elements
Info    : 0.10 < quality < 0.20 :       305 elements
Info    : 0.20 < quality < 0.30 :       568 elements
Info    : 0.30 < quality < 0.40 :       658 elements
Info    : 0.40 < quality < 0.50 :      1016 elements
Info    : 0.50 < quality < 0.60 :      3616 elements
Info    : 0.60 < quality < 0.70 :     12462 elements
Info    : 0.70 < quality < 0.80 :     19559 elements
Info    : 0.80 < quality < 0.90 :      1930 elements
Info    : 0.90 < quality < 1.00 :      1709 elements
Info    : 1050 edge swaps, 11 node relocations (volume = 235.652): worst = 0.118748 / average = 0.701087 (Wall 0.0150378s, CPU 0.015035s)
Info    : 1075 edge swaps, 12 node relocations (volume = 235.652): worst = 0.118748 / average = 0.701288 (Wall 0.0186797s, CPU 0.018679s)
Info    : No ill-shaped tets in the mesh :-)
Info    : 0.00 < quality < 0.10 :         0 elements
Info    : 0.10 < quality < 0.20 :         3 elements
Info    : 0.20 < quality < 0.30 :         9 elements
Info    : 0.30 < quality < 0.40 :       463 elements
Info    : 0.40 < quality < 0.50 :       871 elements
Info    : 0.50 < quality < 0.60 :      3671 elements
Info    : 0.60 < quality < 0.70 :     12806 elements
Info    : 0.70 < quality < 0.80 :     19364 elements
Info    : 0.80 < quality < 0.90 :      2106 elements
Info    : 0.90 < quality < 1.00 :      1710 elements
Info    : Optimizing volume 2
Info    : Optimization starts (volume = 0.256435) with worst = 0.0657345 / average = 0.749591:
Info    : 0.00 < quality < 0.10 :         1 elements
Info    : 0.10 < quality < 0.20 :         2 elements
Info    : 0.20 < quality < 0.30 :         6 elements
Info    : 0.30 < quality < 0.40 :        11 elements
Info    : 0.40 < quality < 0.50 :        16 elements
Info    : 0.50 < quality < 0.60 :        17 elements
Info    : 0.60 < quality < 0.70 :        62 elements
Info    : 0.70 < quality < 0.80 :       187 elements
Info    : 0.80 < quality < 0.90 :       151 elements
Info    : 0.90 < quality < 1.00 :        38 elements
Info    : 9 edge swaps, 0 node relocations (volume = 0.256435): worst = 0.31774 / average = 0.76115 (Wall 0.00013089s, CPU 0.000133s)
Info    : No ill-shaped tets in the mesh :-)
Info    : 0.00 < quality < 0.10 :         0 elements
Info    : 0.10 < quality < 0.20 :         0 elements
Info    : 0.20 < quality < 0.30 :         0 elements
Info    : 0.30 < quality < 0.40 :        11 elements
Info    : 0.40 < quality < 0.50 :        14 elements
Info    : 0.50 < quality < 0.60 :        15 elements
Info    : 0.60 < quality < 0.70 :        65 elements
Info    : 0.70 < quality < 0.80 :       188 elements
Info    : 0.80 < quality < 0.90 :       152 elements
Info    : 0.90 < quality < 1.00 :        38 elements
Info    : Done optimizing mesh (Wall 0.0442868s, CPU 0.043279s)
Info    : 13621 nodes 68077 elements
Info    : Meshing order 2 (curvilinear on)...
Info    : [  0%] Meshing curve 1 order 2
Info    : [ 10%] Meshing curve 2 order 2
Info    : [ 20%] Meshing curve 3 order 2
Info    : [ 20%] Meshing curve 4 order 2
Info    : [ 30%] Meshing curve 5 order 2
Info    : [ 30%] Meshing curve 6 order 2
Info    : [ 40%] Meshing curve 7 order 2
Info    : [ 40%] Meshing curve 8 order 2
Info    : [ 50%] Meshing curve 9 order 2
Info    : [ 50%] Meshing curve 10 order 2
Info    : [ 60%] Meshing curve 11 order 2
Info    : [ 60%] Meshing curve 12 order 2
Info    : [ 70%] Meshing surface 1 order 2
Info    : [ 70%] Meshing surface 2 order 2
Info    : [ 80%] Meshing surface 3 order 2
Info    : [ 80%] Meshing surface 4 order 2
Info    : [ 90%] Meshing surface 5 order 2
Info    : [ 90%] Meshing surface 6 order 2
Info    : [100%] Meshing volume 1 order 2
Info    : [100%] Meshing volume 2 order 2
Info    : Surface mesh: worst distortion = 0.797589 (0 elements in ]0, 0.2]); worst gamma = 0.706284
Info    : Volume mesh: worst distortion = 0.270507 (0 elements in ]0, 0.2])
Info    : Done meshing order 2 (Wall 12.972s, CPU 12.945s)
Info    : Writing '/home/user/mscr-mom/현서/scripts/contact_scenarios/fea/lmphi_mesh_LM50_phiP150_s100.inp'...
Info    : Done writing '/home/user/mscr-mom/현서/scripts/contact_scenarios/fea/lmphi_mesh_LM50_phiP150_s100.inp'
  [LM50_phiP150] [실패] (865.0s)
[LM50_phiP150] 완료: 4/10 성공
