[PHS250_phiP150_b0 1/9] L_M=25.0, phi=150.0, beta=0.0, s=15.0mm, push_depth=0.1mm ...
Info    : Meshing 1D...
Info    : [  0%] Meshing curve 1 (BSpline)
Info    : [ 10%] Meshing curve 2 (Ellipse)
Info    : [ 20%] Meshing curve 3 (Ellipse)
Info    : [ 30%] Meshing curve 4 (BSpline)
Info    : [ 40%] Meshing curve 5 (BSpline)
Info    : [ 50%] Meshing curve 6 (BSpline)
Info    : [ 60%] Meshing curve 7 (BSpline)
Info    : [ 60%] Meshing curve 8 (BSpline)
Info    : [ 70%] Meshing curve 9 (BSpline)
Info    : [ 90%] Meshing curve 11 (Circle)
Info    : Done meshing 1D (Wall 0.0330727s, CPU 0.032056s)
Info    : Meshing 2D...
Info    : [  0%] Meshing surface 1 (Plane, Frontal-Delaunay)
Info    : [ 20%] Meshing surface 2 (Plane, Frontal-Delaunay)
Info    : [ 40%] Meshing surface 3 (BSpline surface, Frontal-Delaunay)
Info    : [ 60%] Meshing surface 4 (BSpline surface, Frontal-Delaunay)
Info    : [ 70%] Meshing surface 5 (Plane, Frontal-Delaunay)
Info    : [ 90%] Meshing surface 6 (Sphere, Frontal-Delaunay)
Info    : Done meshing 2D (Wall 0.827999s, CPU 0.817749s)
Info    : Meshing 3D...
Info    : 3D Meshing 2 volumes with 2 connected components
Info    : Tetrahedrizing 12539 nodes...
Info    : Done tetrahedrizing 12547 nodes (Wall 0.163503s, CPU 0.149542s)
Info    : Reconstructing mesh...
Info    :  - Creating surface mesh
Info    :  - Identifying boundary edges
Info    :  - Recovering boundary
Info    : Done reconstructing mesh (Wall 0.417595s, CPU 0.382521s)
Info    : Found volume 1
Info    : It. 0 - 0 nodes created - worst tet radius 1.04079 (nodes removed 0 0)
Info    : 3D refinement terminated (13181 nodes total):
Info    :  - 0 Delaunay cavities modified for star shapeness
Info    :  - 0 nodes could not be inserted
Info    :  - 41982 tetrahedra created in 0.038231 sec. (1098114 tets/s)
Info    : 0 node relocations
Info    : Tetrahedrizing 132 nodes...
Info    : Done tetrahedrizing 140 nodes (Wall 0.000808293s, CPU 0.000797s)
Info    : Reconstructing mesh...
Info    :  - Creating surface mesh
Info    :  - Identifying boundary edges
Info    :  - Recovering boundary
Info    : Done reconstructing mesh (Wall 0.00197636s, CPU 0.00197s)
Info    : Found volume 2
Info    : It. 0 - 0 nodes created - worst tet radius 2.97893 (nodes removed 0 0)
Info    : 3D refinement terminated (12755 nodes total):
Info    :  - 0 Delaunay cavities modified for star shapeness
Info    :  - 0 nodes could not be inserted
Info    :  - 525 tetrahedra created in 0.00666416 sec. (78779 tets/s)
Info    : 0 node relocations
Info    : Done meshing 3D (Wall 0.798075s, CPU 0.761935s)
Info    : Optimizing mesh...
Info    : Optimizing volume 1
Info    : Optimization starts (volume = 235.629) with worst = 0.00448299 / average = 0.681023:
Info    : 0.00 < quality < 0.10 :       193 elements
Info    : 0.10 < quality < 0.20 :       419 elements
Info    : 0.20 < quality < 0.30 :       645 elements
Info    : 0.30 < quality < 0.40 :       899 elements
Info    : 0.40 < quality < 0.50 :      1341 elements
Info    : 0.50 < quality < 0.60 :      3709 elements
Info    : 0.60 < quality < 0.70 :     11138 elements
Info    : 0.70 < quality < 0.80 :     20292 elements
Info    : 0.80 < quality < 0.90 :      1908 elements
Info    : 0.90 < quality < 1.00 :      1438 elements
Info    : 1207 edge swaps, 19 node relocations (volume = 235.629): worst = 0.0645571 / average = 0.69717 (Wall 0.0171404s, CPU 0.017125s)
Info    : 1269 edge swaps, 20 node relocations (volume = 235.629): worst = 0.126819 / average = 0.697831 (Wall 0.0210765s, CPU 0.021062s)
Info    : 1271 edge swaps, 21 node relocations (volume = 235.629): worst = 0.126819 / average = 0.697864 (Wall 0.0239591s, CPU 0.022962s)
Info    : No ill-shaped tets in the mesh :-)
Info    : 0.00 < quality < 0.10 :         0 elements
Info    : 0.10 < quality < 0.20 :         7 elements
Info    : 0.20 < quality < 0.30 :        14 elements
Info    : 0.30 < quality < 0.40 :       763 elements
Info    : 0.40 < quality < 0.50 :      1140 elements
Info    : 0.50 < quality < 0.60 :      3762 elements
Info    : 0.60 < quality < 0.70 :     11671 elements
Info    : 0.70 < quality < 0.80 :     20011 elements
Info    : 0.80 < quality < 0.90 :      2056 elements
Info    : 0.90 < quality < 1.00 :      1443 elements
Info    : Optimizing volume 2
Info    : Optimization starts (volume = 0.256468) with worst = 0.0893956 / average = 0.743207:
Info    : 0.00 < quality < 0.10 :         1 elements
Info    : 0.10 < quality < 0.20 :         3 elements
Info    : 0.20 < quality < 0.30 :         5 elements
Info    : 0.30 < quality < 0.40 :        14 elements
Info    : 0.40 < quality < 0.50 :        25 elements
Info    : 0.50 < quality < 0.60 :        23 elements
Info    : 0.60 < quality < 0.70 :        77 elements
Info    : 0.70 < quality < 0.80 :       169 elements
Info    : 0.80 < quality < 0.90 :       156 elements
Info    : 0.90 < quality < 1.00 :        52 elements
Info    : 9 edge swaps, 0 node relocations (volume = 0.256468): worst = 0.319299 / average = 0.754912 (Wall 0.00011786s, CPU 0.00011s)
Info    : No ill-shaped tets in the mesh :-)
Info    : 0.00 < quality < 0.10 :         0 elements
Info    : 0.10 < quality < 0.20 :         0 elements
Info    : 0.20 < quality < 0.30 :         0 elements
Info    : 0.30 < quality < 0.40 :        14 elements
Info    : 0.40 < quality < 0.50 :        24 elements
Info    : 0.50 < quality < 0.60 :        20 elements
Info    : 0.60 < quality < 0.70 :        78 elements
Info    : 0.70 < quality < 0.80 :       168 elements
Info    : 0.80 < quality < 0.90 :       160 elements
Info    : 0.90 < quality < 1.00 :        52 elements
Info    : Done optimizing mesh (Wall 0.0554883s, CPU 0.053485s)
Info    : 13584 nodes 67942 elements
Info    : Meshing order 2 (curvilinear on)...
Info    : [  0%] Meshing curve 1 order 2
Info    : [ 10%] Meshing curve 2 order 2
Info    : [ 20%] Meshing curve 3 order 2
Info    : [ 20%] Meshing curve 4 order 2
Info    : [ 30%] Meshing curve 5 order 2
Info    : [ 30%] Meshing curve 6 order 2
Info    : [ 40%] Meshing curve 7 order 2
Info    : [ 40%] Meshing curve 8 order 2
Info    : [ 50%] Meshing curve 9 order 2
Info    : [ 50%] Meshing curve 10 order 2
Info    : [ 60%] Meshing curve 11 order 2
Info    : [ 60%] Meshing curve 12 order 2
Info    : [ 70%] Meshing surface 1 order 2
Info    : [ 70%] Meshing surface 2 order 2
Info    : [ 80%] Meshing surface 3 order 2
Info    : [ 80%] Meshing surface 4 order 2
Info    : [ 90%] Meshing surface 5 order 2
Info    : [ 90%] Meshing surface 6 order 2
Info    : [100%] Meshing volume 1 order 2
Info    : [100%] Meshing volume 2 order 2
Info    : Surface mesh: worst distortion = 0.797589 (0 elements in ]0, 0.2]); worst gamma = 0.499267
Info    : Volume mesh: worst distortion = 0.247746 (0 elements in ]0, 0.2])
Info    : Done meshing order 2 (Wall 12.8687s, CPU 12.8355s)
Info    : Writing '/home/user/mscr-mom/현서/scripts/contact_scenarios/fea/matv2_mesh_PHS250_phiP150_b0_s15.inp'...
Info    : Done writing '/home/user/mscr-mom/현서/scripts/contact_scenarios/fea/matv2_mesh_PHS250_phiP150_b0_s15.inp'
  [PHS250_phiP150_b0] F_mag=0.0447mN  (336.9s)
[PHS250_phiP150_b0 2/9] L_M=25.0, phi=150.0, beta=0.0, s=25.0mm, push_depth=0.1mm ...
Info    : Meshing 1D...
Info    : [  0%] Meshing curve 1 (BSpline)
Info    : [ 10%] Meshing curve 2 (Ellipse)
Info    : [ 20%] Meshing curve 3 (Ellipse)
Info    : [ 30%] Meshing curve 4 (BSpline)
Info    : [ 40%] Meshing curve 5 (BSpline)
Info    : [ 50%] Meshing curve 6 (BSpline)
Info    : [ 60%] Meshing curve 7 (BSpline)
Info    : [ 60%] Meshing curve 8 (BSpline)
Info    : [ 70%] Meshing curve 9 (BSpline)
Info    : [ 90%] Meshing curve 11 (Circle)
Info    : Done meshing 1D (Wall 0.0187898s, CPU 0.018749s)
Info    : Meshing 2D...
Info    : [  0%] Meshing surface 1 (Plane, Frontal-Delaunay)
Info    : [ 20%] Meshing surface 2 (Plane, Frontal-Delaunay)
Info    : [ 40%] Meshing surface 3 (BSpline surface, Frontal-Delaunay)
Info    : [ 60%] Meshing surface 4 (BSpline surface, Frontal-Delaunay)
Info    : [ 70%] Meshing surface 5 (Plane, Frontal-Delaunay)
Info    : [ 90%] Meshing surface 6 (Sphere, Frontal-Delaunay)
Info    : Done meshing 2D (Wall 0.749849s, CPU 0.748544s)
Info    : Meshing 3D...
Info    : 3D Meshing 2 volumes with 2 connected components
Info    : Tetrahedrizing 12539 nodes...
Info    : Done tetrahedrizing 12547 nodes (Wall 0.155527s, CPU 0.149515s)
Info    : Reconstructing mesh...
Info    :  - Creating surface mesh
Info    :  - Identifying boundary edges
Info    :  - Recovering boundary
Info    : Done reconstructing mesh (Wall 0.410639s, CPU 0.397605s)
Info    : Found volume 1
Info    : It. 0 - 0 nodes created - worst tet radius 1.04079 (nodes removed 0 0)
Info    : 3D refinement terminated (13181 nodes total):
Info    :  - 0 Delaunay cavities modified for star shapeness
Info    :  - 0 nodes could not be inserted
Info    :  - 41982 tetrahedra created in 0.0354076 sec. (1185677 tets/s)
Info    : 0 node relocations
Info    : Tetrahedrizing 132 nodes...
Info    : Done tetrahedrizing 140 nodes (Wall 0.000822855s, CPU 0.000113s)
Info    : Reconstructing mesh...
Info    :  - Creating surface mesh
Info    :  - Identifying boundary edges
Info    :  - Recovering boundary
Info    : Done reconstructing mesh (Wall 0.00192726s, CPU 0.000937s)
Info    : Found volume 2
Info    : It. 0 - 0 nodes created - worst tet radius 2.97893 (nodes removed 0 0)
Info    : 3D refinement terminated (12755 nodes total):
Info    :  - 0 Delaunay cavities modified for star shapeness
Info    :  - 0 nodes could not be inserted
Info    :  - 525 tetrahedra created in 0.00496185 sec. (105807 tets/s)
Info    : 0 node relocations
Info    : Done meshing 3D (Wall 0.758859s, CPU 0.744727s)
Info    : Optimizing mesh...
Info    : Optimizing volume 1
Info    : Optimization starts (volume = 235.629) with worst = 0.00448299 / average = 0.681023:
Info    : 0.00 < quality < 0.10 :       193 elements
Info    : 0.10 < quality < 0.20 :       419 elements
Info    : 0.20 < quality < 0.30 :       645 elements
Info    : 0.30 < quality < 0.40 :       899 elements
Info    : 0.40 < quality < 0.50 :      1341 elements
Info    : 0.50 < quality < 0.60 :      3709 elements
Info    : 0.60 < quality < 0.70 :     11138 elements
Info    : 0.70 < quality < 0.80 :     20292 elements
Info    : 0.80 < quality < 0.90 :      1908 elements
Info    : 0.90 < quality < 1.00 :      1438 elements
Info    : 1207 edge swaps, 19 node relocations (volume = 235.629): worst = 0.0645571 / average = 0.69717 (Wall 0.0144261s, CPU 0.014425s)
Info    : 1269 edge swaps, 20 node relocations (volume = 235.629): worst = 0.126819 / average = 0.697831 (Wall 0.0174443s, CPU 0.017447s)
Info    : 1271 edge swaps, 21 node relocations (volume = 235.629): worst = 0.126819 / average = 0.697864 (Wall 0.0195832s, CPU 0.019586s)
Info    : No ill-shaped tets in the mesh :-)
Info    : 0.00 < quality < 0.10 :         0 elements
Info    : 0.10 < quality < 0.20 :         7 elements
Info    : 0.20 < quality < 0.30 :        14 elements
Info    : 0.30 < quality < 0.40 :       763 elements
Info    : 0.40 < quality < 0.50 :      1140 elements
Info    : 0.50 < quality < 0.60 :      3762 elements
Info    : 0.60 < quality < 0.70 :     11671 elements
Info    : 0.70 < quality < 0.80 :     20011 elements
Info    : 0.80 < quality < 0.90 :      2056 elements
Info    : 0.90 < quality < 1.00 :      1443 elements
Info    : Optimizing volume 2
Info    : Optimization starts (volume = 0.256468) with worst = 0.0893956 / average = 0.743207:
Info    : 0.00 < quality < 0.10 :         1 elements
Info    : 0.10 < quality < 0.20 :         3 elements
Info    : 0.20 < quality < 0.30 :         5 elements
Info    : 0.30 < quality < 0.40 :        14 elements
Info    : 0.40 < quality < 0.50 :        25 elements
Info    : 0.50 < quality < 0.60 :        23 elements
Info    : 0.60 < quality < 0.70 :        77 elements
Info    : 0.70 < quality < 0.80 :       169 elements
Info    : 0.80 < quality < 0.90 :       156 elements
Info    : 0.90 < quality < 1.00 :        52 elements
Info    : 9 edge swaps, 0 node relocations (volume = 0.256468): worst = 0.319299 / average = 0.754912 (Wall 0.000130379s, CPU 0.000126s)
Info    : No ill-shaped tets in the mesh :-)
Info    : 0.00 < quality < 0.10 :         0 elements
Info    : 0.10 < quality < 0.20 :         0 elements
Info    : 0.20 < quality < 0.30 :         0 elements
Info    : 0.30 < quality < 0.40 :        14 elements
Info    : 0.40 < quality < 0.50 :        24 elements
Info    : 0.50 < quality < 0.60 :        20 elements
Info    : 0.60 < quality < 0.70 :        78 elements
Info    : 0.70 < quality < 0.80 :       168 elements
Info    : 0.80 < quality < 0.90 :       160 elements
Info    : 0.90 < quality < 1.00 :        52 elements
Info    : Done optimizing mesh (Wall 0.0448588s, CPU 0.043869s)
Info    : 13584 nodes 67942 elements
Info    : Meshing order 2 (curvilinear on)...
Info    : [  0%] Meshing curve 1 order 2
Info    : [ 10%] Meshing curve 2 order 2
Info    : [ 20%] Meshing curve 3 order 2
Info    : [ 20%] Meshing curve 4 order 2
Info    : [ 30%] Meshing curve 5 order 2
Info    : [ 30%] Meshing curve 6 order 2
Info    : [ 40%] Meshing curve 7 order 2
Info    : [ 40%] Meshing curve 8 order 2
Info    : [ 50%] Meshing curve 9 order 2
Info    : [ 50%] Meshing curve 10 order 2
Info    : [ 60%] Meshing curve 11 order 2
Info    : [ 60%] Meshing curve 12 order 2
Info    : [ 70%] Meshing surface 1 order 2
Info    : [ 70%] Meshing surface 2 order 2
Info    : [ 80%] Meshing surface 3 order 2
Info    : [ 80%] Meshing surface 4 order 2
Info    : [ 90%] Meshing surface 5 order 2
Info    : [ 90%] Meshing surface 6 order 2
Info    : [100%] Meshing volume 1 order 2
Info    : [100%] Meshing volume 2 order 2
Info    : Surface mesh: worst distortion = 0.797589 (0 elements in ]0, 0.2]); worst gamma = 0.499267
Info    : Volume mesh: worst distortion = 0.247746 (0 elements in ]0, 0.2])
Info    : Done meshing order 2 (Wall 12.7923s, CPU 12.7824s)
Info    : Writing '/home/user/mscr-mom/현서/scripts/contact_scenarios/fea/matv2_mesh_PHS250_phiP150_b0_s25.inp'...
Info    : Done writing '/home/user/mscr-mom/현서/scripts/contact_scenarios/fea/matv2_mesh_PHS250_phiP150_b0_s25.inp'
  [PHS250_phiP150_b0] F_mag=0.0100mN  (237.5s)
[PHS250_phiP150_b0 3/9] L_M=25.0, phi=150.0, beta=0.0, s=35.0mm, push_depth=0.1mm ...
Info    : Meshing 1D...
Info    : [  0%] Meshing curve 1 (BSpline)
Info    : [ 10%] Meshing curve 2 (Ellipse)
Info    : [ 20%] Meshing curve 3 (Ellipse)
Info    : [ 30%] Meshing curve 4 (BSpline)
Info    : [ 40%] Meshing curve 5 (BSpline)
Info    : [ 50%] Meshing curve 6 (BSpline)
Info    : [ 60%] Meshing curve 7 (BSpline)
Info    : [ 60%] Meshing curve 8 (BSpline)
Info    : [ 70%] Meshing curve 9 (BSpline)
Info    : [ 90%] Meshing curve 11 (Circle)
Info    : Done meshing 1D (Wall 0.0194469s, CPU 0.019418s)
Info    : Meshing 2D...
Info    : [  0%] Meshing surface 1 (Plane, Frontal-Delaunay)
Info    : [ 20%] Meshing surface 2 (Plane, Frontal-Delaunay)
Info    : [ 40%] Meshing surface 3 (BSpline surface, Frontal-Delaunay)
Info    : [ 60%] Meshing surface 4 (BSpline surface, Frontal-Delaunay)
Info    : [ 70%] Meshing surface 5 (Plane, Frontal-Delaunay)
Info    : [ 90%] Meshing surface 6 (Sphere, Frontal-Delaunay)
Info    : Done meshing 2D (Wall 0.720665s, CPU 0.719626s)
Info    : Meshing 3D...
Info    : 3D Meshing 2 volumes with 2 connected components
Info    : Tetrahedrizing 12539 nodes...
Info    : Done tetrahedrizing 12547 nodes (Wall 0.169159s, CPU 0.162151s)
Info    : Reconstructing mesh...
Info    :  - Creating surface mesh
Info    :  - Identifying boundary edges
Info    :  - Recovering boundary
Info    : Done reconstructing mesh (Wall 0.400263s, CPU 0.380244s)
Info    : Found volume 1
Info    : It. 0 - 0 nodes created - worst tet radius 1.04079 (nodes removed 0 0)
Info    : 3D refinement terminated (13181 nodes total):
Info    :  - 0 Delaunay cavities modified for star shapeness
Info    :  - 0 nodes could not be inserted
Info    :  - 41982 tetrahedra created in 0.0267554 sec. (1569104 tets/s)
Info    : 0 node relocations
Info    : Tetrahedrizing 132 nodes...
Info    : Done tetrahedrizing 140 nodes (Wall 0.000791037s, CPU 0.000791s)
Info    : Reconstructing mesh...
Info    :  - Creating surface mesh
Info    :  - Identifying boundary edges
Info    :  - Recovering boundary
Info    : Done reconstructing mesh (Wall 0.00180464s, CPU 0.001807s)
Info    : Found volume 2
Info    : It. 0 - 0 nodes created - worst tet radius 2.97893 (nodes removed 0 0)
Info    : 3D refinement terminated (12755 nodes total):
Info    :  - 0 Delaunay cavities modified for star shapeness
Info    :  - 0 nodes could not be inserted
Info    :  - 525 tetrahedra created in 0.00333229 sec. (157549 tets/s)
Info    : 0 node relocations
Info    : Done meshing 3D (Wall 0.735179s, CPU 0.715149s)
Info    : Optimizing mesh...
Info    : Optimizing volume 1
Info    : Optimization starts (volume = 235.629) with worst = 0.00448299 / average = 0.681023:
Info    : 0.00 < quality < 0.10 :       193 elements
Info    : 0.10 < quality < 0.20 :       419 elements
Info    : 0.20 < quality < 0.30 :       645 elements
Info    : 0.30 < quality < 0.40 :       899 elements
Info    : 0.40 < quality < 0.50 :      1341 elements
Info    : 0.50 < quality < 0.60 :      3709 elements
Info    : 0.60 < quality < 0.70 :     11138 elements
Info    : 0.70 < quality < 0.80 :     20292 elements
Info    : 0.80 < quality < 0.90 :      1908 elements
Info    : 0.90 < quality < 1.00 :      1438 elements
Info    : 1207 edge swaps, 19 node relocations (volume = 235.629): worst = 0.0645571 / average = 0.69717 (Wall 0.0160547s, CPU 0.016053s)
Info    : 1269 edge swaps, 20 node relocations (volume = 235.629): worst = 0.126819 / average = 0.697831 (Wall 0.0195721s, CPU 0.01956s)
Info    : 1271 edge swaps, 21 node relocations (volume = 235.629): worst = 0.126819 / average = 0.697864 (Wall 0.0220208s, CPU 0.022008s)
Info    : No ill-shaped tets in the mesh :-)
Info    : 0.00 < quality < 0.10 :         0 elements
Info    : 0.10 < quality < 0.20 :         7 elements
Info    : 0.20 < quality < 0.30 :        14 elements
Info    : 0.30 < quality < 0.40 :       763 elements
Info    : 0.40 < quality < 0.50 :      1140 elements
Info    : 0.50 < quality < 0.60 :      3762 elements
Info    : 0.60 < quality < 0.70 :     11671 elements
Info    : 0.70 < quality < 0.80 :     20011 elements
Info    : 0.80 < quality < 0.90 :      2056 elements
Info    : 0.90 < quality < 1.00 :      1443 elements
Info    : Optimizing volume 2
Info    : Optimization starts (volume = 0.256468) with worst = 0.0893956 / average = 0.743207:
Info    : 0.00 < quality < 0.10 :         1 elements
Info    : 0.10 < quality < 0.20 :         3 elements
Info    : 0.20 < quality < 0.30 :         5 elements
Info    : 0.30 < quality < 0.40 :        14 elements
Info    : 0.40 < quality < 0.50 :        25 elements
Info    : 0.50 < quality < 0.60 :        23 elements
Info    : 0.60 < quality < 0.70 :        77 elements
Info    : 0.70 < quality < 0.80 :       169 elements
Info    : 0.80 < quality < 0.90 :       156 elements
Info    : 0.90 < quality < 1.00 :        52 elements
Info    : 9 edge swaps, 0 node relocations (volume = 0.256468): worst = 0.319299 / average = 0.754912 (Wall 0.000119903s, CPU 0.000121s)
Info    : No ill-shaped tets in the mesh :-)
Info    : 0.00 < quality < 0.10 :         0 elements
Info    : 0.10 < quality < 0.20 :         0 elements
Info    : 0.20 < quality < 0.30 :         0 elements
Info    : 0.30 < quality < 0.40 :        14 elements
Info    : 0.40 < quality < 0.50 :        24 elements
Info    : 0.50 < quality < 0.60 :        20 elements
Info    : 0.60 < quality < 0.70 :        78 elements
Info    : 0.70 < quality < 0.80 :       168 elements
Info    : 0.80 < quality < 0.90 :       160 elements
Info    : 0.90 < quality < 1.00 :        52 elements
Info    : Done optimizing mesh (Wall 0.0524939s, CPU 0.051887s)
Info    : 13584 nodes 67942 elements
Info    : Meshing order 2 (curvilinear on)...
Info    : [  0%] Meshing curve 1 order 2
Info    : [ 10%] Meshing curve 2 order 2
Info    : [ 20%] Meshing curve 3 order 2
Info    : [ 20%] Meshing curve 4 order 2
Info    : [ 30%] Meshing curve 5 order 2
Info    : [ 30%] Meshing curve 6 order 2
Info    : [ 40%] Meshing curve 7 order 2
Info    : [ 40%] Meshing curve 8 order 2
Info    : [ 50%] Meshing curve 9 order 2
Info    : [ 50%] Meshing curve 10 order 2
Info    : [ 60%] Meshing curve 11 order 2
Info    : [ 60%] Meshing curve 12 order 2
Info    : [ 70%] Meshing surface 1 order 2
Info    : [ 70%] Meshing surface 2 order 2
Info    : [ 80%] Meshing surface 3 order 2
Info    : [ 80%] Meshing surface 4 order 2
Info    : [ 90%] Meshing surface 5 order 2
Info    : [ 90%] Meshing surface 6 order 2
Info    : [100%] Meshing volume 1 order 2
Info    : [100%] Meshing volume 2 order 2
Info    : Surface mesh: worst distortion = 0.797589 (0 elements in ]0, 0.2]); worst gamma = 0.499267
Info    : Volume mesh: worst distortion = 0.247746 (0 elements in ]0, 0.2])
Info    : Done meshing order 2 (Wall 12.5606s, CPU 12.5582s)
Info    : Writing '/home/user/mscr-mom/현서/scripts/contact_scenarios/fea/matv2_mesh_PHS250_phiP150_b0_s35.inp'...
Info    : Done writing '/home/user/mscr-mom/현서/scripts/contact_scenarios/fea/matv2_mesh_PHS250_phiP150_b0_s35.inp'
  [PHS250_phiP150_b0] F_mag=0.0046mN  (921.8s)
[PHS250_phiP150_b0 4/9] L_M=25.0, phi=150.0, beta=0.0, s=45.0mm, push_depth=0.1mm ...
Info    : Meshing 1D...
Info    : [  0%] Meshing curve 1 (BSpline)
Info    : [ 10%] Meshing curve 2 (Ellipse)
Info    : [ 20%] Meshing curve 3 (Ellipse)
Info    : [ 30%] Meshing curve 4 (BSpline)
Info    : [ 40%] Meshing curve 5 (BSpline)
Info    : [ 50%] Meshing curve 6 (BSpline)
Info    : [ 60%] Meshing curve 7 (BSpline)
Info    : [ 60%] Meshing curve 8 (BSpline)
Info    : [ 70%] Meshing curve 9 (BSpline)
Info    : [ 90%] Meshing curve 11 (Circle)
Info    : Done meshing 1D (Wall 0.0189419s, CPU 0.018902s)
Info    : Meshing 2D...
Info    : [  0%] Meshing surface 1 (Plane, Frontal-Delaunay)
Info    : [ 20%] Meshing surface 2 (Plane, Frontal-Delaunay)
Info    : [ 40%] Meshing surface 3 (BSpline surface, Frontal-Delaunay)
Info    : [ 60%] Meshing surface 4 (BSpline surface, Frontal-Delaunay)
Info    : [ 70%] Meshing surface 5 (Plane, Frontal-Delaunay)
Info    : [ 90%] Meshing surface 6 (Sphere, Frontal-Delaunay)
Info    : Done meshing 2D (Wall 0.72389s, CPU 0.72383s)
Info    : Meshing 3D...
Info    : 3D Meshing 2 volumes with 2 connected components
Info    : Tetrahedrizing 12539 nodes...
Info    : Done tetrahedrizing 12547 nodes (Wall 0.162748s, CPU 0.149474s)
Info    : Reconstructing mesh...
Info    :  - Creating surface mesh
Info    :  - Identifying boundary edges
Info    :  - Recovering boundary
Info    : Done reconstructing mesh (Wall 0.408902s, CPU 0.384611s)
Info    : Found volume 1
Info    : It. 0 - 0 nodes created - worst tet radius 1.04079 (nodes removed 0 0)
Info    : 3D refinement terminated (13181 nodes total):
Info    :  - 0 Delaunay cavities modified for star shapeness
Info    :  - 0 nodes could not be inserted
Info    :  - 41982 tetrahedra created in 0.0481942 sec. (871101 tets/s)
Info    : 0 node relocations
Info    : Tetrahedrizing 132 nodes...
Info    : Done tetrahedrizing 140 nodes (Wall 0.00105341s, CPU 0.001053s)
Info    : Reconstructing mesh...
Info    :  - Creating surface mesh
Info    :  - Identifying boundary edges
Info    :  - Recovering boundary
Info    : Done reconstructing mesh (Wall 0.00269854s, CPU 0.002701s)
Info    : Found volume 2
Info    : It. 0 - 0 nodes created - worst tet radius 2.97893 (nodes removed 0 0)
Info    : 3D refinement terminated (12755 nodes total):
Info    :  - 0 Delaunay cavities modified for star shapeness
Info    :  - 0 nodes could not be inserted
Info    :  - 525 tetrahedra created in 0.00967978 sec. (54236 tets/s)
Info    : 0 node relocations
Info    : Done meshing 3D (Wall 0.854339s, CPU 0.828944s)
Info    : Optimizing mesh...
Info    : Optimizing volume 1
Info    : Optimization starts (volume = 235.629) with worst = 0.00448299 / average = 0.681023:
Info    : 0.00 < quality < 0.10 :       193 elements
Info    : 0.10 < quality < 0.20 :       419 elements
Info    : 0.20 < quality < 0.30 :       645 elements
Info    : 0.30 < quality < 0.40 :       899 elements
Info    : 0.40 < quality < 0.50 :      1341 elements
Info    : 0.50 < quality < 0.60 :      3709 elements
Info    : 0.60 < quality < 0.70 :     11138 elements
Info    : 0.70 < quality < 0.80 :     20292 elements
Info    : 0.80 < quality < 0.90 :      1908 elements
Info    : 0.90 < quality < 1.00 :      1438 elements
Info    : 1207 edge swaps, 19 node relocations (volume = 235.629): worst = 0.0645571 / average = 0.69717 (Wall 0.0307595s, CPU 0.030746s)
Info    : 1269 edge swaps, 20 node relocations (volume = 235.629): worst = 0.126819 / average = 0.697831 (Wall 0.0367266s, CPU 0.036717s)
Info    : 1271 edge swaps, 21 node relocations (volume = 235.629): worst = 0.126819 / average = 0.697864 (Wall 0.0409723s, CPU 0.040962s)
Info    : No ill-shaped tets in the mesh :-)
Info    : 0.00 < quality < 0.10 :         0 elements
Info    : 0.10 < quality < 0.20 :         7 elements
Info    : 0.20 < quality < 0.30 :        14 elements
Info    : 0.30 < quality < 0.40 :       763 elements
Info    : 0.40 < quality < 0.50 :      1140 elements
Info    : 0.50 < quality < 0.60 :      3762 elements
Info    : 0.60 < quality < 0.70 :     11671 elements
Info    : 0.70 < quality < 0.80 :     20011 elements
Info    : 0.80 < quality < 0.90 :      2056 elements
Info    : 0.90 < quality < 1.00 :      1443 elements
Info    : Optimizing volume 2
Info    : Optimization starts (volume = 0.256468) with worst = 0.0893956 / average = 0.743207:
Info    : 0.00 < quality < 0.10 :         1 elements
Info    : 0.10 < quality < 0.20 :         3 elements
Info    : 0.20 < quality < 0.30 :         5 elements
Info    : 0.30 < quality < 0.40 :        14 elements
Info    : 0.40 < quality < 0.50 :        25 elements
Info    : 0.50 < quality < 0.60 :        23 elements
Info    : 0.60 < quality < 0.70 :        77 elements
Info    : 0.70 < quality < 0.80 :       169 elements
Info    : 0.80 < quality < 0.90 :       156 elements
Info    : 0.90 < quality < 1.00 :        52 elements
Info    : 9 edge swaps, 0 node relocations (volume = 0.256468): worst = 0.319299 / average = 0.754912 (Wall 0.000165075s, CPU 0s)
Info    : No ill-shaped tets in the mesh :-)
Info    : 0.00 < quality < 0.10 :         0 elements
Info    : 0.10 < quality < 0.20 :         0 elements
Info    : 0.20 < quality < 0.30 :         0 elements
Info    : 0.30 < quality < 0.40 :        14 elements
Info    : 0.40 < quality < 0.50 :        24 elements
Info    : 0.50 < quality < 0.60 :        20 elements
Info    : 0.60 < quality < 0.70 :        78 elements
Info    : 0.70 < quality < 0.80 :       168 elements
Info    : 0.80 < quality < 0.90 :       160 elements
Info    : 0.90 < quality < 1.00 :        52 elements
Info    : Done optimizing mesh (Wall 0.0830546s, CPU 0.082053s)
Info    : 13584 nodes 67942 elements
Info    : Meshing order 2 (curvilinear on)...
Info    : [  0%] Meshing curve 1 order 2
Info    : [ 10%] Meshing curve 2 order 2
Info    : [ 20%] Meshing curve 3 order 2
Info    : [ 20%] Meshing curve 4 order 2
Info    : [ 30%] Meshing curve 5 order 2
Info    : [ 30%] Meshing curve 6 order 2
Info    : [ 40%] Meshing curve 7 order 2
Info    : [ 40%] Meshing curve 8 order 2
Info    : [ 50%] Meshing curve 9 order 2
Info    : [ 50%] Meshing curve 10 order 2
Info    : [ 60%] Meshing curve 11 order 2
Info    : [ 60%] Meshing curve 12 order 2
Info    : [ 70%] Meshing surface 1 order 2
Info    : [ 70%] Meshing surface 2 order 2
Info    : [ 80%] Meshing surface 3 order 2
Info    : [ 80%] Meshing surface 4 order 2
Info    : [ 90%] Meshing surface 5 order 2
Info    : [ 90%] Meshing surface 6 order 2
Info    : [100%] Meshing volume 1 order 2
Info    : [100%] Meshing volume 2 order 2
Info    : Surface mesh: worst distortion = 0.797589 (0 elements in ]0, 0.2]); worst gamma = 0.499267
Info    : Volume mesh: worst distortion = 0.247746 (0 elements in ]0, 0.2])
Info    : Done meshing order 2 (Wall 12.1167s, CPU 12.0769s)
Info    : Writing '/home/user/mscr-mom/현서/scripts/contact_scenarios/fea/matv2_mesh_PHS250_phiP150_b0_s45.inp'...
Info    : Done writing '/home/user/mscr-mom/현서/scripts/contact_scenarios/fea/matv2_mesh_PHS250_phiP150_b0_s45.inp'
  [PHS250_phiP150_b0] [실패] (622.7s)
[PHS250_phiP150_b0 5/9] L_M=25.0, phi=150.0, beta=0.0, s=55.0mm, push_depth=0.1mm ...
Info    : Meshing 1D...
Info    : [  0%] Meshing curve 1 (BSpline)
Info    : [ 10%] Meshing curve 2 (Ellipse)
Info    : [ 20%] Meshing curve 3 (Ellipse)
Info    : [ 30%] Meshing curve 4 (BSpline)
Info    : [ 40%] Meshing curve 5 (BSpline)
Info    : [ 50%] Meshing curve 6 (BSpline)
Info    : [ 60%] Meshing curve 7 (BSpline)
Info    : [ 60%] Meshing curve 8 (BSpline)
Info    : [ 70%] Meshing curve 9 (BSpline)
Info    : [ 90%] Meshing curve 11 (Circle)
Info    : Done meshing 1D (Wall 0.019494s, CPU 0.019482s)
Info    : Meshing 2D...
Info    : [  0%] Meshing surface 1 (Plane, Frontal-Delaunay)
Info    : [ 20%] Meshing surface 2 (Plane, Frontal-Delaunay)
Info    : [ 40%] Meshing surface 3 (BSpline surface, Frontal-Delaunay)
Info    : [ 60%] Meshing surface 4 (BSpline surface, Frontal-Delaunay)
Info    : [ 70%] Meshing surface 5 (Plane, Frontal-Delaunay)
Info    : [ 90%] Meshing surface 6 (Sphere, Frontal-Delaunay)
Info    : Done meshing 2D (Wall 0.69477s, CPU 0.694388s)
Info    : Meshing 3D...
Info    : 3D Meshing 2 volumes with 2 connected components
Info    : Tetrahedrizing 12539 nodes...
Info    : Done tetrahedrizing 12547 nodes (Wall 0.157056s, CPU 0.147057s)
Info    : Reconstructing mesh...
Info    :  - Creating surface mesh
Info    :  - Identifying boundary edges
Info    :  - Recovering boundary
Info    : Done reconstructing mesh (Wall 0.400595s, CPU 0.381583s)
Info    : Found volume 1
Info    : It. 0 - 0 nodes created - worst tet radius 1.04079 (nodes removed 0 0)
Info    : 3D refinement terminated (13181 nodes total):
Info    :  - 0 Delaunay cavities modified for star shapeness
Info    :  - 0 nodes could not be inserted
Info    :  - 41982 tetrahedra created in 0.0277444 sec. (1513168 tets/s)
Info    : 0 node relocations
Info    : Tetrahedrizing 132 nodes...
Info    : Done tetrahedrizing 140 nodes (Wall 0.000742571s, CPU 0.000743s)
Info    : Reconstructing mesh...
Info    :  - Creating surface mesh
Info    :  - Identifying boundary edges
Info    :  - Recovering boundary
Info    : Done reconstructing mesh (Wall 0.00173069s, CPU 0.001734s)
Info    : Found volume 2
Info    : It. 0 - 0 nodes created - worst tet radius 2.97893 (nodes removed 0 0)
Info    : 3D refinement terminated (12755 nodes total):
Info    :  - 0 Delaunay cavities modified for star shapeness
Info    :  - 0 nodes could not be inserted
Info    :  - 525 tetrahedra created in 0.00730299 sec. (71888 tets/s)
Info    : 0 node relocations
Info    : Done meshing 3D (Wall 0.768049s, CPU 0.748008s)
Info    : Optimizing mesh...
Info    : Optimizing volume 1
Info    : Optimization starts (volume = 235.629) with worst = 0.00448299 / average = 0.681023:
Info    : 0.00 < quality < 0.10 :       193 elements
Info    : 0.10 < quality < 0.20 :       419 elements
Info    : 0.20 < quality < 0.30 :       645 elements
Info    : 0.30 < quality < 0.40 :       899 elements
Info    : 0.40 < quality < 0.50 :      1341 elements
Info    : 0.50 < quality < 0.60 :      3709 elements
Info    : 0.60 < quality < 0.70 :     11138 elements
Info    : 0.70 < quality < 0.80 :     20292 elements
Info    : 0.80 < quality < 0.90 :      1908 elements
Info    : 0.90 < quality < 1.00 :      1438 elements
Info    : 1207 edge swaps, 19 node relocations (volume = 235.629): worst = 0.0645571 / average = 0.69717 (Wall 0.0200318s, CPU 0.020029s)
Info    : 1269 edge swaps, 20 node relocations (volume = 235.629): worst = 0.126819 / average = 0.697831 (Wall 0.0256836s, CPU 0.02561s)
Info    : 1271 edge swaps, 21 node relocations (volume = 235.629): worst = 0.126819 / average = 0.697864 (Wall 0.0297137s, CPU 0.029561s)
Info    : No ill-shaped tets in the mesh :-)
Info    : 0.00 < quality < 0.10 :         0 elements
Info    : 0.10 < quality < 0.20 :         7 elements
Info    : 0.20 < quality < 0.30 :        14 elements
Info    : 0.30 < quality < 0.40 :       763 elements
Info    : 0.40 < quality < 0.50 :      1140 elements
Info    : 0.50 < quality < 0.60 :      3762 elements
Info    : 0.60 < quality < 0.70 :     11671 elements
Info    : 0.70 < quality < 0.80 :     20011 elements
Info    : 0.80 < quality < 0.90 :      2056 elements
Info    : 0.90 < quality < 1.00 :      1443 elements
Info    : Optimizing volume 2
Info    : Optimization starts (volume = 0.256468) with worst = 0.0893956 / average = 0.743207:
Info    : 0.00 < quality < 0.10 :         1 elements
Info    : 0.10 < quality < 0.20 :         3 elements
Info    : 0.20 < quality < 0.30 :         5 elements
Info    : 0.30 < quality < 0.40 :        14 elements
Info    : 0.40 < quality < 0.50 :        25 elements
Info    : 0.50 < quality < 0.60 :        23 elements
Info    : 0.60 < quality < 0.70 :        77 elements
Info    : 0.70 < quality < 0.80 :       169 elements
Info    : 0.80 < quality < 0.90 :       156 elements
Info    : 0.90 < quality < 1.00 :        52 elements
Info    : 9 edge swaps, 0 node relocations (volume = 0.256468): worst = 0.319299 / average = 0.754912 (Wall 0.000378542s, CPU 0.000185s)
Info    : No ill-shaped tets in the mesh :-)
Info    : 0.00 < quality < 0.10 :         0 elements
Info    : 0.10 < quality < 0.20 :         0 elements
Info    : 0.20 < quality < 0.30 :         0 elements
Info    : 0.30 < quality < 0.40 :        14 elements
Info    : 0.40 < quality < 0.50 :        24 elements
Info    : 0.50 < quality < 0.60 :        20 elements
Info    : 0.60 < quality < 0.70 :        78 elements
Info    : 0.70 < quality < 0.80 :       168 elements
Info    : 0.80 < quality < 0.90 :       160 elements
Info    : 0.90 < quality < 1.00 :        52 elements
Info    : Done optimizing mesh (Wall 0.0657161s, CPU 0.063899s)
Info    : 13584 nodes 67942 elements
Info    : Meshing order 2 (curvilinear on)...
Info    : [  0%] Meshing curve 1 order 2
Info    : [ 10%] Meshing curve 2 order 2
Info    : [ 20%] Meshing curve 3 order 2
Info    : [ 20%] Meshing curve 4 order 2
Info    : [ 30%] Meshing curve 5 order 2
Info    : [ 30%] Meshing curve 6 order 2
Info    : [ 40%] Meshing curve 7 order 2
Info    : [ 40%] Meshing curve 8 order 2
Info    : [ 50%] Meshing curve 9 order 2
Info    : [ 50%] Meshing curve 10 order 2
Info    : [ 60%] Meshing curve 11 order 2
Info    : [ 60%] Meshing curve 12 order 2
Info    : [ 70%] Meshing surface 1 order 2
Info    : [ 70%] Meshing surface 2 order 2
Info    : [ 80%] Meshing surface 3 order 2
Info    : [ 80%] Meshing surface 4 order 2
Info    : [ 90%] Meshing surface 5 order 2
Info    : [ 90%] Meshing surface 6 order 2
Info    : [100%] Meshing volume 1 order 2
Info    : [100%] Meshing volume 2 order 2
Info    : Surface mesh: worst distortion = 0.797589 (0 elements in ]0, 0.2]); worst gamma = 0.499267
Info    : Volume mesh: worst distortion = 0.247746 (0 elements in ]0, 0.2])
Info    : Done meshing order 2 (Wall 12.8413s, CPU 12.7865s)
Info    : Writing '/home/user/mscr-mom/현서/scripts/contact_scenarios/fea/matv2_mesh_PHS250_phiP150_b0_s55.inp'...
Info    : Done writing '/home/user/mscr-mom/현서/scripts/contact_scenarios/fea/matv2_mesh_PHS250_phiP150_b0_s55.inp'
  [PHS250_phiP150_b0] [실패] (889.7s)
[PHS250_phiP150_b0 6/9] L_M=25.0, phi=150.0, beta=0.0, s=65.0mm, push_depth=0.1mm ...
Info    : Meshing 1D...
Info    : [  0%] Meshing curve 1 (BSpline)
Info    : [ 10%] Meshing curve 2 (Ellipse)
Info    : [ 20%] Meshing curve 3 (Ellipse)
Info    : [ 30%] Meshing curve 4 (BSpline)
Info    : [ 40%] Meshing curve 5 (BSpline)
Info    : [ 50%] Meshing curve 6 (BSpline)
Info    : [ 60%] Meshing curve 7 (BSpline)
Info    : [ 60%] Meshing curve 8 (BSpline)
Info    : [ 70%] Meshing curve 9 (BSpline)
Info    : [ 90%] Meshing curve 11 (Circle)
Info    : Done meshing 1D (Wall 0.0194694s, CPU 0.019442s)
Info    : Meshing 2D...
Info    : [  0%] Meshing surface 1 (Plane, Frontal-Delaunay)
Info    : [ 20%] Meshing surface 2 (Plane, Frontal-Delaunay)
Info    : [ 40%] Meshing surface 3 (BSpline surface, Frontal-Delaunay)
Info    : [ 60%] Meshing surface 4 (BSpline surface, Frontal-Delaunay)
Info    : [ 70%] Meshing surface 5 (Plane, Frontal-Delaunay)
Info    : [ 90%] Meshing surface 6 (Sphere, Frontal-Delaunay)
Info    : Done meshing 2D (Wall 0.680532s, CPU 0.680304s)
Info    : Meshing 3D...
Info    : 3D Meshing 2 volumes with 2 connected components
Info    : Tetrahedrizing 12539 nodes...
Info    : Done tetrahedrizing 12547 nodes (Wall 0.158129s, CPU 0.150125s)
Info    : Reconstructing mesh...
Info    :  - Creating surface mesh
Info    :  - Identifying boundary edges
Info    :  - Recovering boundary
Info    : Done reconstructing mesh (Wall 0.43555s, CPU 0.418525s)
Info    : Found volume 1
Info    : It. 0 - 0 nodes created - worst tet radius 1.04079 (nodes removed 0 0)
Info    : 3D refinement terminated (13181 nodes total):
Info    :  - 0 Delaunay cavities modified for star shapeness
Info    :  - 0 nodes could not be inserted
Info    :  - 41982 tetrahedra created in 0.0228827 sec. (1834663 tets/s)
Info    : 0 node relocations
Info    : Tetrahedrizing 132 nodes...
Info    : Done tetrahedrizing 140 nodes (Wall 0.000758413s, CPU 0.000759s)
Info    : Reconstructing mesh...
Info    :  - Creating surface mesh
Info    :  - Identifying boundary edges
Info    :  - Recovering boundary
Info    : Done reconstructing mesh (Wall 0.00170728s, CPU 0.001709s)
Info    : Found volume 2
Info    : It. 0 - 0 nodes created - worst tet radius 2.97893 (nodes removed 0 0)
Info    : 3D refinement terminated (12755 nodes total):
Info    :  - 0 Delaunay cavities modified for star shapeness
Info    :  - 0 nodes could not be inserted
Info    :  - 525 tetrahedra created in 0.00242997 sec. (216052 tets/s)
Info    : 0 node relocations
Info    : Done meshing 3D (Wall 0.753715s, CPU 0.736652s)
Info    : Optimizing mesh...
Info    : Optimizing volume 1
Info    : Optimization starts (volume = 235.629) with worst = 0.00448299 / average = 0.681023:
Info    : 0.00 < quality < 0.10 :       193 elements
Info    : 0.10 < quality < 0.20 :       419 elements
Info    : 0.20 < quality < 0.30 :       645 elements
Info    : 0.30 < quality < 0.40 :       899 elements
Info    : 0.40 < quality < 0.50 :      1341 elements
Info    : 0.50 < quality < 0.60 :      3709 elements
Info    : 0.60 < quality < 0.70 :     11138 elements
Info    : 0.70 < quality < 0.80 :     20292 elements
Info    : 0.80 < quality < 0.90 :      1908 elements
Info    : 0.90 < quality < 1.00 :      1438 elements
Info    : 1207 edge swaps, 19 node relocations (volume = 235.629): worst = 0.0645571 / average = 0.69717 (Wall 0.0134242s, CPU 0.013425s)
Info    : 1269 edge swaps, 20 node relocations (volume = 235.629): worst = 0.126819 / average = 0.697831 (Wall 0.0162689s, CPU 0.016271s)
Info    : 1271 edge swaps, 21 node relocations (volume = 235.629): worst = 0.126819 / average = 0.697864 (Wall 0.0182953s, CPU 0.018299s)
Info    : No ill-shaped tets in the mesh :-)
Info    : 0.00 < quality < 0.10 :         0 elements
Info    : 0.10 < quality < 0.20 :         7 elements
Info    : 0.20 < quality < 0.30 :        14 elements
Info    : 0.30 < quality < 0.40 :       763 elements
Info    : 0.40 < quality < 0.50 :      1140 elements
Info    : 0.50 < quality < 0.60 :      3762 elements
Info    : 0.60 < quality < 0.70 :     11671 elements
Info    : 0.70 < quality < 0.80 :     20011 elements
Info    : 0.80 < quality < 0.90 :      2056 elements
Info    : 0.90 < quality < 1.00 :      1443 elements
Info    : Optimizing volume 2
Info    : Optimization starts (volume = 0.256468) with worst = 0.0893956 / average = 0.743207:
Info    : 0.00 < quality < 0.10 :         1 elements
Info    : 0.10 < quality < 0.20 :         3 elements
Info    : 0.20 < quality < 0.30 :         5 elements
Info    : 0.30 < quality < 0.40 :        14 elements
Info    : 0.40 < quality < 0.50 :        25 elements
Info    : 0.50 < quality < 0.60 :        23 elements
Info    : 0.60 < quality < 0.70 :        77 elements
Info    : 0.70 < quality < 0.80 :       169 elements
Info    : 0.80 < quality < 0.90 :       156 elements
Info    : 0.90 < quality < 1.00 :        52 elements
Info    : 9 edge swaps, 0 node relocations (volume = 0.256468): worst = 0.319299 / average = 0.754912 (Wall 0.000116619s, CPU 0.000117s)
Info    : No ill-shaped tets in the mesh :-)
Info    : 0.00 < quality < 0.10 :         0 elements
Info    : 0.10 < quality < 0.20 :         0 elements
Info    : 0.20 < quality < 0.30 :         0 elements
Info    : 0.30 < quality < 0.40 :        14 elements
Info    : 0.40 < quality < 0.50 :        24 elements
Info    : 0.50 < quality < 0.60 :        20 elements
Info    : 0.60 < quality < 0.70 :        78 elements
Info    : 0.70 < quality < 0.80 :       168 elements
Info    : 0.80 < quality < 0.90 :       160 elements
Info    : 0.90 < quality < 1.00 :        52 elements
Info    : Done optimizing mesh (Wall 0.0412938s, CPU 0.041269s)
Info    : 13584 nodes 67942 elements
Info    : Meshing order 2 (curvilinear on)...
Info    : [  0%] Meshing curve 1 order 2
Info    : [ 10%] Meshing curve 2 order 2
Info    : [ 20%] Meshing curve 3 order 2
Info    : [ 20%] Meshing curve 4 order 2
Info    : [ 30%] Meshing curve 5 order 2
Info    : [ 30%] Meshing curve 6 order 2
Info    : [ 40%] Meshing curve 7 order 2
Info    : [ 40%] Meshing curve 8 order 2
Info    : [ 50%] Meshing curve 9 order 2
Info    : [ 50%] Meshing curve 10 order 2
Info    : [ 60%] Meshing curve 11 order 2
Info    : [ 60%] Meshing curve 12 order 2
Info    : [ 70%] Meshing surface 1 order 2
Info    : [ 70%] Meshing surface 2 order 2
Info    : [ 80%] Meshing surface 3 order 2
Info    : [ 80%] Meshing surface 4 order 2
Info    : [ 90%] Meshing surface 5 order 2
Info    : [ 90%] Meshing surface 6 order 2
Info    : [100%] Meshing volume 1 order 2
Info    : [100%] Meshing volume 2 order 2
Info    : Surface mesh: worst distortion = 0.797589 (0 elements in ]0, 0.2]); worst gamma = 0.499267
Info    : Volume mesh: worst distortion = 0.247746 (0 elements in ]0, 0.2])
Info    : Done meshing order 2 (Wall 12.4979s, CPU 12.4946s)
Info    : Writing '/home/user/mscr-mom/현서/scripts/contact_scenarios/fea/matv2_mesh_PHS250_phiP150_b0_s65.inp'...
Info    : Done writing '/home/user/mscr-mom/현서/scripts/contact_scenarios/fea/matv2_mesh_PHS250_phiP150_b0_s65.inp'
  [PHS250_phiP150_b0] [실패] (757.5s)
[PHS250_phiP150_b0 7/9] L_M=25.0, phi=150.0, beta=0.0, s=75.0mm, push_depth=0.1mm ...
Info    : Meshing 1D...
Info    : [  0%] Meshing curve 1 (BSpline)
Info    : [ 10%] Meshing curve 2 (Ellipse)
Info    : [ 20%] Meshing curve 3 (Ellipse)
Info    : [ 30%] Meshing curve 4 (BSpline)
Info    : [ 40%] Meshing curve 5 (BSpline)
Info    : [ 50%] Meshing curve 6 (BSpline)
Info    : [ 60%] Meshing curve 7 (BSpline)
Info    : [ 60%] Meshing curve 8 (BSpline)
Info    : [ 70%] Meshing curve 9 (BSpline)
Info    : [ 90%] Meshing curve 11 (Circle)
Info    : Done meshing 1D (Wall 0.0363205s, CPU 0.036319s)
Info    : Meshing 2D...
Info    : [  0%] Meshing surface 1 (Plane, Frontal-Delaunay)
Info    : [ 20%] Meshing surface 2 (Plane, Frontal-Delaunay)
Info    : [ 40%] Meshing surface 3 (BSpline surface, Frontal-Delaunay)
Info    : [ 60%] Meshing surface 4 (BSpline surface, Frontal-Delaunay)
Info    : [ 70%] Meshing surface 5 (Plane, Frontal-Delaunay)
Info    : [ 90%] Meshing surface 6 (Sphere, Frontal-Delaunay)
Info    : Done meshing 2D (Wall 1.30933s, CPU 1.3088s)
Info    : Meshing 3D...
Info    : 3D Meshing 2 volumes with 2 connected components
Info    : Tetrahedrizing 12539 nodes...
Info    : Done tetrahedrizing 12547 nodes (Wall 0.207279s, CPU 0.198274s)
Info    : Reconstructing mesh...
Info    :  - Creating surface mesh
Info    :  - Identifying boundary edges
Info    :  - Recovering boundary
Info    : Done reconstructing mesh (Wall 0.550738s, CPU 0.528697s)
Info    : Found volume 1
Info    : It. 0 - 0 nodes created - worst tet radius 1.04079 (nodes removed 0 0)
Info    : 3D refinement terminated (13181 nodes total):
Info    :  - 0 Delaunay cavities modified for star shapeness
Info    :  - 0 nodes could not be inserted
Info    :  - 41982 tetrahedra created in 0.0484386 sec. (866704 tets/s)
Info    : 0 node relocations
Info    : Tetrahedrizing 132 nodes...
Info    : Done tetrahedrizing 140 nodes (Wall 0.00104334s, CPU 0.001043s)
Info    : Reconstructing mesh...
Info    :  - Creating surface mesh
Info    :  - Identifying boundary edges
Info    :  - Recovering boundary
Info    : Done reconstructing mesh (Wall 0.002507s, CPU 0.002507s)
Info    : Found volume 2
Info    : It. 0 - 0 nodes created - worst tet radius 2.97893 (nodes removed 0 0)
Info    : 3D refinement terminated (12755 nodes total):
Info    :  - 0 Delaunay cavities modified for star shapeness
Info    :  - 0 nodes could not be inserted
Info    :  - 525 tetrahedra created in 0.00482182 sec. (108880 tets/s)
Info    : 0 node relocations
Info    : Done meshing 3D (Wall 1.09535s, CPU 1.07328s)
Info    : Optimizing mesh...
Info    : Optimizing volume 1
Info    : Optimization starts (volume = 235.629) with worst = 0.00448299 / average = 0.681023:
Info    : 0.00 < quality < 0.10 :       193 elements
Info    : 0.10 < quality < 0.20 :       419 elements
Info    : 0.20 < quality < 0.30 :       645 elements
Info    : 0.30 < quality < 0.40 :       899 elements
Info    : 0.40 < quality < 0.50 :      1341 elements
Info    : 0.50 < quality < 0.60 :      3709 elements
Info    : 0.60 < quality < 0.70 :     11138 elements
Info    : 0.70 < quality < 0.80 :     20292 elements
Info    : 0.80 < quality < 0.90 :      1908 elements
Info    : 0.90 < quality < 1.00 :      1438 elements
Info    : 1207 edge swaps, 19 node relocations (volume = 235.629): worst = 0.0645571 / average = 0.69717 (Wall 0.0316618s, CPU 0.03166s)
Info    : 1269 edge swaps, 20 node relocations (volume = 235.629): worst = 0.126819 / average = 0.697831 (Wall 0.0374902s, CPU 0.037491s)
Info    : 1271 edge swaps, 21 node relocations (volume = 235.629): worst = 0.126819 / average = 0.697864 (Wall 0.0409581s, CPU 0.040959s)
Info    : No ill-shaped tets in the mesh :-)
Info    : 0.00 < quality < 0.10 :         0 elements
Info    : 0.10 < quality < 0.20 :         7 elements
Info    : 0.20 < quality < 0.30 :        14 elements
Info    : 0.30 < quality < 0.40 :       763 elements
Info    : 0.40 < quality < 0.50 :      1140 elements
Info    : 0.50 < quality < 0.60 :      3762 elements
Info    : 0.60 < quality < 0.70 :     11671 elements
Info    : 0.70 < quality < 0.80 :     20011 elements
Info    : 0.80 < quality < 0.90 :      2056 elements
Info    : 0.90 < quality < 1.00 :      1443 elements
Info    : Optimizing volume 2
Info    : Optimization starts (volume = 0.256468) with worst = 0.0893956 / average = 0.743207:
Info    : 0.00 < quality < 0.10 :         1 elements
Info    : 0.10 < quality < 0.20 :         3 elements
Info    : 0.20 < quality < 0.30 :         5 elements
Info    : 0.30 < quality < 0.40 :        14 elements
Info    : 0.40 < quality < 0.50 :        25 elements
Info    : 0.50 < quality < 0.60 :        23 elements
Info    : 0.60 < quality < 0.70 :        77 elements
Info    : 0.70 < quality < 0.80 :       169 elements
Info    : 0.80 < quality < 0.90 :       156 elements
Info    : 0.90 < quality < 1.00 :        52 elements
Info    : 9 edge swaps, 0 node relocations (volume = 0.256468): worst = 0.319299 / average = 0.754912 (Wall 0.000160346s, CPU 0.000162s)
Info    : No ill-shaped tets in the mesh :-)
Info    : 0.00 < quality < 0.10 :         0 elements
Info    : 0.10 < quality < 0.20 :         0 elements
Info    : 0.20 < quality < 0.30 :         0 elements
Info    : 0.30 < quality < 0.40 :        14 elements
Info    : 0.40 < quality < 0.50 :        24 elements
Info    : 0.50 < quality < 0.60 :        20 elements
Info    : 0.60 < quality < 0.70 :        78 elements
Info    : 0.70 < quality < 0.80 :       168 elements
Info    : 0.80 < quality < 0.90 :       160 elements
Info    : 0.90 < quality < 1.00 :        52 elements
Info    : Done optimizing mesh (Wall 0.0905094s, CPU 0.090506s)
Info    : 13584 nodes 67942 elements
Info    : Meshing order 2 (curvilinear on)...
Info    : [  0%] Meshing curve 1 order 2
Info    : [ 10%] Meshing curve 2 order 2
Info    : [ 20%] Meshing curve 3 order 2
Info    : [ 20%] Meshing curve 4 order 2
Info    : [ 30%] Meshing curve 5 order 2
Info    : [ 30%] Meshing curve 6 order 2
Info    : [ 40%] Meshing curve 7 order 2
Info    : [ 40%] Meshing curve 8 order 2
Info    : [ 50%] Meshing curve 9 order 2
Info    : [ 50%] Meshing curve 10 order 2
Info    : [ 60%] Meshing curve 11 order 2
Info    : [ 60%] Meshing curve 12 order 2
Info    : [ 70%] Meshing surface 1 order 2
Info    : [ 70%] Meshing surface 2 order 2
Info    : [ 80%] Meshing surface 3 order 2
Info    : [ 80%] Meshing surface 4 order 2
Info    : [ 90%] Meshing surface 5 order 2
Info    : [ 90%] Meshing surface 6 order 2
Info    : [100%] Meshing volume 1 order 2
Info    : [100%] Meshing volume 2 order 2
Info    : Surface mesh: worst distortion = 0.797589 (0 elements in ]0, 0.2]); worst gamma = 0.499267
Info    : Volume mesh: worst distortion = 0.247746 (0 elements in ]0, 0.2])
Info    : Done meshing order 2 (Wall 18.5702s, CPU 18.5619s)
Info    : Writing '/home/user/mscr-mom/현서/scripts/contact_scenarios/fea/matv2_mesh_PHS250_phiP150_b0_s75.inp'...
Info    : Done writing '/home/user/mscr-mom/현서/scripts/contact_scenarios/fea/matv2_mesh_PHS250_phiP150_b0_s75.inp'
  [PHS250_phiP150_b0] [실패] (1290.9s)
[PHS250_phiP150_b0 8/9] L_M=25.0, phi=150.0, beta=0.0, s=85.0mm, push_depth=0.1mm ...
Info    : Meshing 1D...
Info    : [  0%] Meshing curve 1 (BSpline)
Info    : [ 10%] Meshing curve 2 (Ellipse)
Info    : [ 20%] Meshing curve 3 (Ellipse)
Info    : [ 30%] Meshing curve 4 (BSpline)
Info    : [ 40%] Meshing curve 5 (BSpline)
Info    : [ 50%] Meshing curve 6 (BSpline)
Info    : [ 60%] Meshing curve 7 (BSpline)
Info    : [ 60%] Meshing curve 8 (BSpline)
Info    : [ 70%] Meshing curve 9 (BSpline)
Info    : [ 90%] Meshing curve 11 (Circle)
Info    : Done meshing 1D (Wall 0.019019s, CPU 0.019018s)
Info    : Meshing 2D...
Info    : [  0%] Meshing surface 1 (Plane, Frontal-Delaunay)
Info    : [ 20%] Meshing surface 2 (Plane, Frontal-Delaunay)
Info    : [ 40%] Meshing surface 3 (BSpline surface, Frontal-Delaunay)
Info    : [ 60%] Meshing surface 4 (BSpline surface, Frontal-Delaunay)
Info    : [ 70%] Meshing surface 5 (Plane, Frontal-Delaunay)
Info    : [ 90%] Meshing surface 6 (Sphere, Frontal-Delaunay)
Info    : Done meshing 2D (Wall 0.683204s, CPU 0.683171s)
Info    : Meshing 3D...
Info    : 3D Meshing 2 volumes with 2 connected components
Info    : Tetrahedrizing 12539 nodes...
Info    : Done tetrahedrizing 12547 nodes (Wall 0.173824s, CPU 0.163328s)
Info    : Reconstructing mesh...
Info    :  - Creating surface mesh
Info    :  - Identifying boundary edges
Info    :  - Recovering boundary
Info    : Done reconstructing mesh (Wall 0.43686s, CPU 0.412332s)
Info    : Found volume 1
Info    : It. 0 - 0 nodes created - worst tet radius 1.04079 (nodes removed 0 0)
Info    : 3D refinement terminated (13181 nodes total):
Info    :  - 0 Delaunay cavities modified for star shapeness
Info    :  - 0 nodes could not be inserted
Info    :  - 41982 tetrahedra created in 0.0291809 sec. (1438679 tets/s)
Info    : 0 node relocations
Info    : Tetrahedrizing 132 nodes...
Info    : Done tetrahedrizing 140 nodes (Wall 0.000817181s, CPU 0.000817s)
Info    : Reconstructing mesh...
Info    :  - Creating surface mesh
Info    :  - Identifying boundary edges
Info    :  - Recovering boundary
Info    : Done reconstructing mesh (Wall 0.00201183s, CPU 0.002015s)
Info    : Found volume 2
Info    : It. 0 - 0 nodes created - worst tet radius 2.97893 (nodes removed 0 0)
Info    : 3D refinement terminated (12755 nodes total):
Info    :  - 0 Delaunay cavities modified for star shapeness
Info    :  - 0 nodes could not be inserted
Info    :  - 525 tetrahedra created in 0.00631582 sec. (83124 tets/s)
Info    : 0 node relocations
Info    : Done meshing 3D (Wall 0.807139s, CPU 0.775369s)
Info    : Optimizing mesh...
Info    : Optimizing volume 1
Info    : Optimization starts (volume = 235.629) with worst = 0.00448299 / average = 0.681023:
Info    : 0.00 < quality < 0.10 :       193 elements
Info    : 0.10 < quality < 0.20 :       419 elements
Info    : 0.20 < quality < 0.30 :       645 elements
Info    : 0.30 < quality < 0.40 :       899 elements
Info    : 0.40 < quality < 0.50 :      1341 elements
Info    : 0.50 < quality < 0.60 :      3709 elements
Info    : 0.60 < quality < 0.70 :     11138 elements
Info    : 0.70 < quality < 0.80 :     20292 elements
Info    : 0.80 < quality < 0.90 :      1908 elements
Info    : 0.90 < quality < 1.00 :      1438 elements
Info    : 1207 edge swaps, 19 node relocations (volume = 235.629): worst = 0.0645571 / average = 0.69717 (Wall 0.0195124s, CPU 0.019514s)
Info    : 1269 edge swaps, 20 node relocations (volume = 235.629): worst = 0.126819 / average = 0.697831 (Wall 0.0245178s, CPU 0.02452s)
Info    : 1271 edge swaps, 21 node relocations (volume = 235.629): worst = 0.126819 / average = 0.697864 (Wall 0.0280612s, CPU 0.028064s)
Info    : No ill-shaped tets in the mesh :-)
Info    : 0.00 < quality < 0.10 :         0 elements
Info    : 0.10 < quality < 0.20 :         7 elements
Info    : 0.20 < quality < 0.30 :        14 elements
Info    : 0.30 < quality < 0.40 :       763 elements
Info    : 0.40 < quality < 0.50 :      1140 elements
Info    : 0.50 < quality < 0.60 :      3762 elements
Info    : 0.60 < quality < 0.70 :     11671 elements
Info    : 0.70 < quality < 0.80 :     20011 elements
Info    : 0.80 < quality < 0.90 :      2056 elements
Info    : 0.90 < quality < 1.00 :      1443 elements
Info    : Optimizing volume 2
Info    : Optimization starts (volume = 0.256468) with worst = 0.0893956 / average = 0.743207:
Info    : 0.00 < quality < 0.10 :         1 elements
Info    : 0.10 < quality < 0.20 :         3 elements
Info    : 0.20 < quality < 0.30 :         5 elements
Info    : 0.30 < quality < 0.40 :        14 elements
Info    : 0.40 < quality < 0.50 :        25 elements
Info    : 0.50 < quality < 0.60 :        23 elements
Info    : 0.60 < quality < 0.70 :        77 elements
Info    : 0.70 < quality < 0.80 :       169 elements
Info    : 0.80 < quality < 0.90 :       156 elements
Info    : 0.90 < quality < 1.00 :        52 elements
Info    : 9 edge swaps, 0 node relocations (volume = 0.256468): worst = 0.319299 / average = 0.754912 (Wall 0.000141337s, CPU 0.000145s)
Info    : No ill-shaped tets in the mesh :-)
Info    : 0.00 < quality < 0.10 :         0 elements
Info    : 0.10 < quality < 0.20 :         0 elements
Info    : 0.20 < quality < 0.30 :         0 elements
Info    : 0.30 < quality < 0.40 :        14 elements
Info    : 0.40 < quality < 0.50 :        24 elements
Info    : 0.50 < quality < 0.60 :        20 elements
Info    : 0.60 < quality < 0.70 :        78 elements
Info    : 0.70 < quality < 0.80 :       168 elements
Info    : 0.80 < quality < 0.90 :       160 elements
Info    : 0.90 < quality < 1.00 :        52 elements
Info    : Done optimizing mesh (Wall 0.062228s, CPU 0.06222s)
Info    : 13584 nodes 67942 elements
Info    : Meshing order 2 (curvilinear on)...
Info    : [  0%] Meshing curve 1 order 2
Info    : [ 10%] Meshing curve 2 order 2
Info    : [ 20%] Meshing curve 3 order 2
Info    : [ 20%] Meshing curve 4 order 2
Info    : [ 30%] Meshing curve 5 order 2
Info    : [ 30%] Meshing curve 6 order 2
Info    : [ 40%] Meshing curve 7 order 2
Info    : [ 40%] Meshing curve 8 order 2
Info    : [ 50%] Meshing curve 9 order 2
Info    : [ 50%] Meshing curve 10 order 2
Info    : [ 60%] Meshing curve 11 order 2
Info    : [ 60%] Meshing curve 12 order 2
Info    : [ 70%] Meshing surface 1 order 2
Info    : [ 70%] Meshing surface 2 order 2
Info    : [ 80%] Meshing surface 3 order 2
Info    : [ 80%] Meshing surface 4 order 2
Info    : [ 90%] Meshing surface 5 order 2
Info    : [ 90%] Meshing surface 6 order 2
Info    : [100%] Meshing volume 1 order 2
Info    : [100%] Meshing volume 2 order 2
Info    : Surface mesh: worst distortion = 0.797589 (0 elements in ]0, 0.2]); worst gamma = 0.499267
Info    : Volume mesh: worst distortion = 0.247746 (0 elements in ]0, 0.2])
Info    : Done meshing order 2 (Wall 13.1636s, CPU 13.0626s)
Info    : Writing '/home/user/mscr-mom/현서/scripts/contact_scenarios/fea/matv2_mesh_PHS250_phiP150_b0_s85.inp'...
Info    : Done writing '/home/user/mscr-mom/현서/scripts/contact_scenarios/fea/matv2_mesh_PHS250_phiP150_b0_s85.inp'
  [PHS250_phiP150_b0] [실패] (1115.2s)
[PHS250_phiP150_b0 9/9] L_M=25.0, phi=150.0, beta=0.0, s=95.0mm, push_depth=0.1mm ...
Info    : Meshing 1D...
Info    : [  0%] Meshing curve 1 (BSpline)
Info    : [ 10%] Meshing curve 2 (Ellipse)
Info    : [ 20%] Meshing curve 3 (Ellipse)
Info    : [ 30%] Meshing curve 4 (BSpline)
Info    : [ 40%] Meshing curve 5 (BSpline)
Info    : [ 50%] Meshing curve 6 (BSpline)
Info    : [ 60%] Meshing curve 7 (BSpline)
Info    : [ 60%] Meshing curve 8 (BSpline)
Info    : [ 70%] Meshing curve 9 (BSpline)
Info    : [ 90%] Meshing curve 11 (Circle)
Info    : Done meshing 1D (Wall 0.0194907s, CPU 0.019469s)
Info    : Meshing 2D...
Info    : [  0%] Meshing surface 1 (Plane, Frontal-Delaunay)
Info    : [ 20%] Meshing surface 2 (Plane, Frontal-Delaunay)
Info    : [ 40%] Meshing surface 3 (BSpline surface, Frontal-Delaunay)
Info    : [ 60%] Meshing surface 4 (BSpline surface, Frontal-Delaunay)
Info    : [ 70%] Meshing surface 5 (Plane, Frontal-Delaunay)
Info    : [ 90%] Meshing surface 6 (Sphere, Frontal-Delaunay)
Info    : Done meshing 2D (Wall 0.722851s, CPU 0.722769s)
Info    : Meshing 3D...
Info    : 3D Meshing 2 volumes with 2 connected components
Info    : Tetrahedrizing 12539 nodes...
Info    : Done tetrahedrizing 12547 nodes (Wall 0.163149s, CPU 0.156154s)
Info    : Reconstructing mesh...
Info    :  - Creating surface mesh
Info    :  - Identifying boundary edges
Info    :  - Recovering boundary
Info    : Done reconstructing mesh (Wall 0.415403s, CPU 0.400328s)
Info    : Found volume 1
Info    : It. 0 - 0 nodes created - worst tet radius 1.04079 (nodes removed 0 0)
Info    : 3D refinement terminated (13181 nodes total):
Info    :  - 0 Delaunay cavities modified for star shapeness
Info    :  - 0 nodes could not be inserted
Info    :  - 41982 tetrahedra created in 0.0282203 sec. (1487654 tets/s)
Info    : 0 node relocations
Info    : Tetrahedrizing 132 nodes...
Info    : Done tetrahedrizing 140 nodes (Wall 0.000818693s, CPU 0.000819s)
Info    : Reconstructing mesh...
Info    :  - Creating surface mesh
Info    :  - Identifying boundary edges
Info    :  - Recovering boundary
Info    : Done reconstructing mesh (Wall 0.00193294s, CPU 0.001938s)
Info    : Found volume 2
Info    : It. 0 - 0 nodes created - worst tet radius 3.0678 (nodes removed 0 0)
Info    : 3D refinement terminated (12752 nodes total):
Info    :  - 1 Delaunay cavities modified for star shapeness
Info    :  - 0 nodes could not be inserted
Info    :  - 499 tetrahedra created in 0.00300516 sec. (166047 tets/s)
Info    : 0 node relocations
Info    : Done meshing 3D (Wall 0.765537s, CPU 0.738822s)
Info    : Optimizing mesh...
Info    : Optimizing volume 1
Info    : Optimization starts (volume = 235.629) with worst = 0.00448299 / average = 0.681023:
Info    : 0.00 < quality < 0.10 :       193 elements
Info    : 0.10 < quality < 0.20 :       419 elements
Info    : 0.20 < quality < 0.30 :       645 elements
Info    : 0.30 < quality < 0.40 :       899 elements
Info    : 0.40 < quality < 0.50 :      1341 elements
Info    : 0.50 < quality < 0.60 :      3709 elements
Info    : 0.60 < quality < 0.70 :     11138 elements
Info    : 0.70 < quality < 0.80 :     20292 elements
Info    : 0.80 < quality < 0.90 :      1908 elements
Info    : 0.90 < quality < 1.00 :      1438 elements
Info    : 1207 edge swaps, 19 node relocations (volume = 235.629): worst = 0.0645571 / average = 0.69717 (Wall 0.0219251s, CPU 0.021014s)
Info    : 1269 edge swaps, 20 node relocations (volume = 235.629): worst = 0.126819 / average = 0.697831 (Wall 0.0271763s, CPU 0.026264s)
Info    : 1271 edge swaps, 21 node relocations (volume = 235.629): worst = 0.126819 / average = 0.697864 (Wall 0.0302079s, CPU 0.029297s)
Info    : No ill-shaped tets in the mesh :-)
Info    : 0.00 < quality < 0.10 :         0 elements
Info    : 0.10 < quality < 0.20 :         7 elements
Info    : 0.20 < quality < 0.30 :        14 elements
Info    : 0.30 < quality < 0.40 :       763 elements
Info    : 0.40 < quality < 0.50 :      1140 elements
Info    : 0.50 < quality < 0.60 :      3762 elements
Info    : 0.60 < quality < 0.70 :     11671 elements
Info    : 0.70 < quality < 0.80 :     20011 elements
Info    : 0.80 < quality < 0.90 :      2056 elements
Info    : 0.90 < quality < 1.00 :      1443 elements
Info    : Optimizing volume 2
Info    : Optimization starts (volume = 0.256478) with worst = 0.0922496 / average = 0.745071:
Info    : 0.00 < quality < 0.10 :         1 elements
Info    : 0.10 < quality < 0.20 :         3 elements
Info    : 0.20 < quality < 0.30 :         5 elements
Info    : 0.30 < quality < 0.40 :         7 elements
Info    : 0.40 < quality < 0.50 :        17 elements
Info    : 0.50 < quality < 0.60 :        22 elements
Info    : 0.60 < quality < 0.70 :        75 elements
Info    : 0.70 < quality < 0.80 :       181 elements
Info    : 0.80 < quality < 0.90 :       150 elements
Info    : 0.90 < quality < 1.00 :        38 elements
Info    : 9 edge swaps, 0 node relocations (volume = 0.256478): worst = 0.315398 / average = 0.754015 (Wall 0.000171351s, CPU 0.000172s)
Info    : No ill-shaped tets in the mesh :-)
Info    : 0.00 < quality < 0.10 :         0 elements
Info    : 0.10 < quality < 0.20 :         0 elements
Info    : 0.20 < quality < 0.30 :         0 elements
Info    : 0.30 < quality < 0.40 :         9 elements
Info    : 0.40 < quality < 0.50 :        16 elements
Info    : 0.50 < quality < 0.60 :        21 elements
Info    : 0.60 < quality < 0.70 :        78 elements
Info    : 0.70 < quality < 0.80 :       179 elements
Info    : 0.80 < quality < 0.90 :       151 elements
Info    : 0.90 < quality < 1.00 :        38 elements
Info    : Done optimizing mesh (Wall 0.0562012s, CPU 0.055275s)
Info    : 13581 nodes 67918 elements
Info    : Meshing order 2 (curvilinear on)...
Info    : [  0%] Meshing curve 1 order 2
Info    : [ 10%] Meshing curve 2 order 2
Info    : [ 20%] Meshing curve 3 order 2
Info    : [ 20%] Meshing curve 4 order 2
Info    : [ 30%] Meshing curve 5 order 2
Info    : [ 30%] Meshing curve 6 order 2
Info    : [ 40%] Meshing curve 7 order 2
Info    : [ 40%] Meshing curve 8 order 2
Info    : [ 50%] Meshing curve 9 order 2
Info    : [ 50%] Meshing curve 10 order 2
Info    : [ 60%] Meshing curve 11 order 2
Info    : [ 60%] Meshing curve 12 order 2
Info    : [ 70%] Meshing surface 1 order 2
Info    : [ 70%] Meshing surface 2 order 2
Info    : [ 80%] Meshing surface 3 order 2
Info    : [ 80%] Meshing surface 4 order 2
Info    : [ 90%] Meshing surface 5 order 2
Info    : [ 90%] Meshing surface 6 order 2
Info    : [100%] Meshing volume 1 order 2
Info    : [100%] Meshing volume 2 order 2
Info    : Surface mesh: worst distortion = 0.797589 (0 elements in ]0, 0.2]); worst gamma = 0.562417
Info    : Volume mesh: worst distortion = 0.247746 (0 elements in ]0, 0.2])
Info    : Done meshing order 2 (Wall 12.2366s, CPU 12.2191s)
Info    : Writing '/home/user/mscr-mom/현서/scripts/contact_scenarios/fea/matv2_mesh_PHS250_phiP150_b0_s95.inp'...
Info    : Done writing '/home/user/mscr-mom/현서/scripts/contact_scenarios/fea/matv2_mesh_PHS250_phiP150_b0_s95.inp'
  [PHS250_phiP150_b0] 실패: Command '['ccx', 'matv2sweep_PHS250_phiP150_b0_09']' timed out after 1800 seconds
  [PHS250_phiP150_b0] [실패] (1814.4s)
[PHS250_phiP150_b0] 완료: 3/9 성공
