[STB750_phiP150_s80_v0005_b0 1/1] L_M=75.0, phi=150.0, beta=0.0, s=80.0mm, push_depth=0.1mm ...
Info    : Meshing 1D...
Info    : [  0%] Meshing curve 1 (BSpline)
Info    : [ 10%] Meshing curve 2 (Ellipse)
Info    : [ 20%] Meshing curve 3 (Ellipse)
Info    : [ 30%] Meshing curve 4 (BSpline)
Info    : [ 40%] Meshing curve 5 (BSpline)
Info    : [ 50%] Meshing curve 6 (BSpline)
Info    : [ 60%] Meshing curve 7 (BSpline)
Info    : [ 60%] Meshing curve 8 (BSpline)
Info    : [ 70%] Meshing curve 9 (BSpline)
Info    : [ 90%] Meshing curve 11 (Circle)
Info    : Done meshing 1D (Wall 0.0401332s, CPU 0.037786s)
Info    : Meshing 2D...
Info    : [  0%] Meshing surface 1 (Plane, Frontal-Delaunay)
Info    : [ 20%] Meshing surface 2 (Plane, Frontal-Delaunay)
Info    : [ 40%] Meshing surface 3 (BSpline surface, Frontal-Delaunay)
Info    : [ 60%] Meshing surface 4 (BSpline surface, Frontal-Delaunay)
Info    : [ 70%] Meshing surface 5 (Plane, Frontal-Delaunay)
Info    : [ 90%] Meshing surface 6 (Sphere, Frontal-Delaunay)
Info    : Done meshing 2D (Wall 1.34619s, CPU 1.32542s)
Info    : Meshing 3D...
Info    : 3D Meshing 2 volumes with 2 connected components
Info    : Tetrahedrizing 12466 nodes...
Info    : Done tetrahedrizing 12474 nodes (Wall 0.218887s, CPU 0.203984s)
Info    : Reconstructing mesh...
Info    :  - Creating surface mesh
Info    :  - Identifying boundary edges
Info    :  - Recovering boundary
Info    : Done reconstructing mesh (Wall 0.545973s, CPU 0.508109s)
Info    : Found volume 1
Info    : It. 0 - 0 nodes created - worst tet radius 1.0564 (nodes removed 0 0)
Info    : It. 500 - 500 nodes created - worst tet radius 1.00049 (nodes removed 0 0)
Info    : 3D refinement terminated (13189 nodes total):
Info    :  - 0 Delaunay cavities modified for star shapeness
Info    :  - 0 nodes could not be inserted
Info    :  - 42288 tetrahedra created in 0.0438432 sec. (964527 tets/s)
Info    : 0 node relocations
Info    : Tetrahedrizing 130 nodes...
Info    : Done tetrahedrizing 138 nodes (Wall 0.00100302s, CPU 0.001004s)
Info    : Reconstructing mesh...
Info    :  - Creating surface mesh
Info    :  - Identifying boundary edges
Info    :  - Recovering boundary
Info    : Done reconstructing mesh (Wall 0.00310586s, CPU 0.00311s)
Info    : Found volume 2
Info    : It. 0 - 0 nodes created - worst tet radius 3.16451 (nodes removed 0 0)
Info    : 3D refinement terminated (12677 nodes total):
Info    :  - 0 Delaunay cavities modified for star shapeness
Info    :  - 0 nodes could not be inserted
Info    :  - 489 tetrahedra created in 0.0123064 sec. (39735 tets/s)
Info    : 0 node relocations
Info    : Done meshing 3D (Wall 0.994573s, CPU 0.953369s)
Info    : Optimizing mesh...
Info    : Optimizing volume 1
Info    : Optimization starts (volume = 235.66) with worst = 0.00125497 / average = 0.685159:
Info    : 0.00 < quality < 0.10 :       250 elements
Info    : 0.10 < quality < 0.20 :       280 elements
Info    : 0.20 < quality < 0.30 :       627 elements
Info    : 0.30 < quality < 0.40 :       826 elements
Info    : 0.40 < quality < 0.50 :      1100 elements
Info    : 0.50 < quality < 0.60 :      3611 elements
Info    : 0.60 < quality < 0.70 :     11932 elements
Info    : 0.70 < quality < 0.80 :     19848 elements
Info    : 0.80 < quality < 0.90 :      2048 elements
Info    : 0.90 < quality < 1.00 :      1766 elements
Info    : 1079 edge swaps, 17 node relocations (volume = 235.66): worst = 0.0995841 / average = 0.70039 (Wall 0.0308321s, CPU 0.030834s)
Info    : 1127 edge swaps, 17 node relocations (volume = 235.66): worst = 0.122473 / average = 0.700963 (Wall 0.0367953s, CPU 0.036797s)
Info    : 1129 edge swaps, 17 node relocations (volume = 235.66): worst = 0.122473 / average = 0.700994 (Wall 0.0409921s, CPU 0.040992s)
Info    : No ill-shaped tets in the mesh :-)
Info    : 0.00 < quality < 0.10 :         0 elements
Info    : 0.10 < quality < 0.20 :         3 elements
Info    : 0.20 < quality < 0.30 :         4 elements
Info    : 0.30 < quality < 0.40 :       652 elements
Info    : 0.40 < quality < 0.50 :       929 elements
Info    : 0.50 < quality < 0.60 :      3772 elements
Info    : 0.60 < quality < 0.70 :     12264 elements
Info    : 0.70 < quality < 0.80 :     19611 elements
Info    : 0.80 < quality < 0.90 :      2236 elements
Info    : 0.90 < quality < 1.00 :      1772 elements
Info    : Optimizing volume 2
Info    : Optimization starts (volume = 0.256435) with worst = 0.0657345 / average = 0.754941:
Info    : 0.00 < quality < 0.10 :         1 elements
Info    : 0.10 < quality < 0.20 :         1 elements
Info    : 0.20 < quality < 0.30 :         1 elements
Info    : 0.30 < quality < 0.40 :        13 elements
Info    : 0.40 < quality < 0.50 :        12 elements
Info    : 0.50 < quality < 0.60 :        22 elements
Info    : 0.60 < quality < 0.70 :        59 elements
Info    : 0.70 < quality < 0.80 :       197 elements
Info    : 0.80 < quality < 0.90 :       141 elements
Info    : 0.90 < quality < 1.00 :        42 elements
Info    : 3 edge swaps, 0 node relocations (volume = 0.256435): worst = 0.303227 / average = 0.759444 (Wall 0.000123288s, CPU 0.000128s)
Info    : No ill-shaped tets in the mesh :-)
Info    : 0.00 < quality < 0.10 :         0 elements
Info    : 0.10 < quality < 0.20 :         0 elements
Info    : 0.20 < quality < 0.30 :         0 elements
Info    : 0.30 < quality < 0.40 :        13 elements
Info    : 0.40 < quality < 0.50 :        12 elements
Info    : 0.50 < quality < 0.60 :        20 elements
Info    : 0.60 < quality < 0.70 :        60 elements
Info    : 0.70 < quality < 0.80 :       197 elements
Info    : 0.80 < quality < 0.90 :       142 elements
Info    : 0.90 < quality < 1.00 :        42 elements
Info    : Done optimizing mesh (Wall 0.102207s, CPU 0.099529s)
Info    : 13589 nodes 68137 elements
Info    : Meshing order 2 (curvilinear on)...
Info    : [  0%] Meshing curve 1 order 2
Info    : [ 10%] Meshing curve 2 order 2
Info    : [ 20%] Meshing curve 3 order 2
Info    : [ 20%] Meshing curve 4 order 2
Info    : [ 30%] Meshing curve 5 order 2
Info    : [ 30%] Meshing curve 6 order 2
Info    : [ 40%] Meshing curve 7 order 2
Info    : [ 40%] Meshing curve 8 order 2
Info    : [ 50%] Meshing curve 9 order 2
Info    : [ 50%] Meshing curve 10 order 2
Info    : [ 60%] Meshing curve 11 order 2
Info    : [ 60%] Meshing curve 12 order 2
Info    : [ 70%] Meshing surface 1 order 2
Info    : [ 70%] Meshing surface 2 order 2
Info    : [ 80%] Meshing surface 3 order 2
Info    : [ 80%] Meshing surface 4 order 2
Info    : [ 90%] Meshing surface 5 order 2
Info    : [ 90%] Meshing surface 6 order 2
Info    : [100%] Meshing volume 1 order 2
Info    : [100%] Meshing volume 2 order 2
Info    : Surface mesh: worst distortion = 0.797589 (0 elements in ]0, 0.2]); worst gamma = 0.697329
Info    : Volume mesh: worst distortion = 0.199206 (1 elements in ]0, 0.2])
Info    : Done meshing order 2 (Wall 25.4187s, CPU 24.984s)
Info    : Writing '/home/user/mscr-mom/현서/scripts/contact_scenarios/fea/matv2_mesh_STB750_phiP150_s80_v0005_b0_s80.inp'...
Info    : Done writing '/home/user/mscr-mom/현서/scripts/contact_scenarios/fea/matv2_mesh_STB750_phiP150_s80_v0005_b0_s80.inp'
  [STB750_phiP150_s80_v0005_b0] [실패] (581.9s)
[STB750_phiP150_s80_v0005_b0] 완료: 0/1 성공
