[LM10_phiP120 1/3] L_M=10.0, phi=120.0, s=20.0mm, push_depth=0.1mm ...
Info    : Meshing 1D...
Info    : [  0%] Meshing curve 1 (BSpline)
Info    : [ 10%] Meshing curve 2 (Ellipse)
Info    : [ 20%] Meshing curve 3 (Ellipse)
Info    : [ 30%] Meshing curve 4 (BSpline)
Info    : [ 40%] Meshing curve 5 (BSpline)
Info    : [ 50%] Meshing curve 6 (BSpline)
Info    : [ 60%] Meshing curve 7 (BSpline)
Info    : [ 60%] Meshing curve 8 (BSpline)
Info    : [ 70%] Meshing curve 9 (BSpline)
Info    : [ 90%] Meshing curve 11 (Circle)
Info    : Done meshing 1D (Wall 0.0162219s, CPU 0.016222s)
Info    : Meshing 2D...
Info    : [  0%] Meshing surface 1 (Plane, Frontal-Delaunay)
Info    : [ 20%] Meshing surface 2 (Plane, Frontal-Delaunay)
Info    : [ 40%] Meshing surface 3 (BSpline surface, Frontal-Delaunay)
Info    : [ 60%] Meshing surface 4 (BSpline surface, Frontal-Delaunay)
Info    : [ 70%] Meshing surface 5 (Plane, Frontal-Delaunay)
Info    : [ 90%] Meshing surface 6 (Sphere, Frontal-Delaunay)
Info    : Done meshing 2D (Wall 0.689163s, CPU 0.680042s)
Info    : Meshing 3D...
Info    : 3D Meshing 2 volumes with 2 connected components
Info    : Tetrahedrizing 12532 nodes...
Info    : Done tetrahedrizing 12540 nodes (Wall 0.141403s, CPU 0.131235s)
Info    : Reconstructing mesh...
Info    :  - Creating surface mesh
Info    :  - Identifying boundary edges
Info    :  - Recovering boundary
Info    : Done reconstructing mesh (Wall 0.384008s, CPU 0.350716s)
Info    : Found volume 1
Info    : It. 0 - 0 nodes created - worst tet radius 1.0426 (nodes removed 0 0)
Info    : 3D refinement terminated (13187 nodes total):
Info    :  - 0 Delaunay cavities modified for star shapeness
Info    :  - 0 nodes could not be inserted
Info    :  - 41647 tetrahedra created in 0.0283484 sec. (1469112 tets/s)
Info    : 0 node relocations
Info    : Tetrahedrizing 131 nodes...
Info    : Done tetrahedrizing 139 nodes (Wall 0.000728877s, CPU 0.000729s)
Info    : Reconstructing mesh...
Info    :  - Creating surface mesh
Info    :  - Identifying boundary edges
Info    :  - Recovering boundary
Info    : Done reconstructing mesh (Wall 0.00167182s, CPU 0.001589s)
Info    : Found volume 2
Info    : It. 0 - 0 nodes created - worst tet radius 3.11224 (nodes removed 0 0)
Info    : 3D refinement terminated (12744 nodes total):
Info    :  - 0 Delaunay cavities modified for star shapeness
Info    :  - 0 nodes could not be inserted
Info    :  - 492 tetrahedra created in 0.00371912 sec. (132289 tets/s)
Info    : 0 node relocations
Info    : Done meshing 3D (Wall 0.713926s, CPU 0.679215s)
Info    : Optimizing mesh...
Info    : Optimizing volume 1
Info    : Optimization starts (volume = 235.646) with worst = 0.00138735 / average = 0.689277:
Info    : 0.00 < quality < 0.10 :       206 elements
Info    : 0.10 < quality < 0.20 :       255 elements
Info    : 0.20 < quality < 0.30 :       469 elements
Info    : 0.30 < quality < 0.40 :       574 elements
Info    : 0.40 < quality < 0.50 :       979 elements
Info    : 0.50 < quality < 0.60 :      3327 elements
Info    : 0.60 < quality < 0.70 :     12369 elements
Info    : 0.70 < quality < 0.80 :     19989 elements
Info    : 0.80 < quality < 0.90 :      1907 elements
Info    : 0.90 < quality < 1.00 :      1572 elements
Info    : 895 edge swaps, 8 node relocations (volume = 235.646): worst = 0.131866 / average = 0.702026 (Wall 0.0130174s, CPU 0.013017s)
Info    : 919 edge swaps, 9 node relocations (volume = 235.646): worst = 0.131866 / average = 0.702245 (Wall 0.0159431s, CPU 0.015943s)
Info    : No ill-shaped tets in the mesh :-)
Info    : 0.00 < quality < 0.10 :         0 elements
Info    : 0.10 < quality < 0.20 :         3 elements
Info    : 0.20 < quality < 0.30 :         5 elements
Info    : 0.30 < quality < 0.40 :       476 elements
Info    : 0.40 < quality < 0.50 :       820 elements
Info    : 0.50 < quality < 0.60 :      3350 elements
Info    : 0.60 < quality < 0.70 :     12720 elements
Info    : 0.70 < quality < 0.80 :     19777 elements
Info    : 0.80 < quality < 0.90 :      2055 elements
Info    : 0.90 < quality < 1.00 :      1572 elements
Info    : Optimizing volume 2
Info    : Optimization starts (volume = 0.256422) with worst = 0.0624585 / average = 0.752931:
Info    : 0.00 < quality < 0.10 :         1 elements
Info    : 0.10 < quality < 0.20 :         1 elements
Info    : 0.20 < quality < 0.30 :         3 elements
Info    : 0.30 < quality < 0.40 :        11 elements
Info    : 0.40 < quality < 0.50 :         8 elements
Info    : 0.50 < quality < 0.60 :        22 elements
Info    : 0.60 < quality < 0.70 :        75 elements
Info    : 0.70 < quality < 0.80 :       194 elements
Info    : 0.80 < quality < 0.90 :       134 elements
Info    : 0.90 < quality < 1.00 :        43 elements
Info    : 5 edge swaps, 0 node relocations (volume = 0.256422): worst = 0.301484 / average = 0.760163 (Wall 9.48738e-05s, CPU 8.4e-05s)
Info    : No ill-shaped tets in the mesh :-)
Info    : 0.00 < quality < 0.10 :         0 elements
Info    : 0.10 < quality < 0.20 :         0 elements
Info    : 0.20 < quality < 0.30 :         0 elements
Info    : 0.30 < quality < 0.40 :        11 elements
Info    : 0.40 < quality < 0.50 :         8 elements
Info    : 0.50 < quality < 0.60 :        19 elements
Info    : 0.60 < quality < 0.70 :        74 elements
Info    : 0.70 < quality < 0.80 :       197 elements
Info    : 0.80 < quality < 0.90 :       135 elements
Info    : 0.90 < quality < 1.00 :        43 elements
Info    : Done optimizing mesh (Wall 0.0405133s, CPU 0.040467s)
Info    : 13587 nodes 67831 elements
Info    : Meshing order 2 (curvilinear on)...
Info    : [  0%] Meshing curve 1 order 2
Info    : [ 10%] Meshing curve 2 order 2
Info    : [ 20%] Meshing curve 3 order 2
Info    : [ 20%] Meshing curve 4 order 2
Info    : [ 30%] Meshing curve 5 order 2
Info    : [ 30%] Meshing curve 6 order 2
Info    : [ 40%] Meshing curve 7 order 2
Info    : [ 40%] Meshing curve 8 order 2
Info    : [ 50%] Meshing curve 9 order 2
Info    : [ 50%] Meshing curve 10 order 2
Info    : [ 60%] Meshing curve 11 order 2
Info    : [ 60%] Meshing curve 12 order 2
Info    : [ 70%] Meshing surface 1 order 2
Info    : [ 70%] Meshing surface 2 order 2
Info    : [ 80%] Meshing surface 3 order 2
Info    : [ 80%] Meshing surface 4 order 2
Info    : [ 90%] Meshing surface 5 order 2
Info    : [ 90%] Meshing surface 6 order 2
Info    : [100%] Meshing volume 1 order 2
Info    : [100%] Meshing volume 2 order 2
Info    : Surface mesh: worst distortion = 0.797589 (0 elements in ]0, 0.2]); worst gamma = 0.689555
Info    : Volume mesh: worst distortion = 0.254407 (0 elements in ]0, 0.2])
Info    : Done meshing order 2 (Wall 8.24233s, CPU 8.23728s)
Info    : Writing '/home/user/mscr-mom/현서/scripts/contact_scenarios/fea/lm10gap_mesh_LM10_phiP120_s20.inp'...
Info    : Done writing '/home/user/mscr-mom/현서/scripts/contact_scenarios/fea/lm10gap_mesh_LM10_phiP120_s20.inp'
  [LM10_phiP120] F_mag=0.0364mN  (260.0s)
[LM10_phiP120 2/3] L_M=10.0, phi=120.0, s=50.0mm, push_depth=0.1mm ...
Info    : Meshing 1D...
Info    : [  0%] Meshing curve 1 (BSpline)
Info    : [ 10%] Meshing curve 2 (Ellipse)
Info    : [ 20%] Meshing curve 3 (Ellipse)
Info    : [ 30%] Meshing curve 4 (BSpline)
Info    : [ 40%] Meshing curve 5 (BSpline)
Info    : [ 50%] Meshing curve 6 (BSpline)
Info    : [ 60%] Meshing curve 7 (BSpline)
Info    : [ 60%] Meshing curve 8 (BSpline)
Info    : [ 70%] Meshing curve 9 (BSpline)
Info    : [ 90%] Meshing curve 11 (Circle)
Info    : Done meshing 1D (Wall 0.0173828s, CPU 0.017369s)
Info    : Meshing 2D...
Info    : [  0%] Meshing surface 1 (Plane, Frontal-Delaunay)
Info    : [ 20%] Meshing surface 2 (Plane, Frontal-Delaunay)
Info    : [ 40%] Meshing surface 3 (BSpline surface, Frontal-Delaunay)
Info    : [ 60%] Meshing surface 4 (BSpline surface, Frontal-Delaunay)
Info    : [ 70%] Meshing surface 5 (Plane, Frontal-Delaunay)
Info    : [ 90%] Meshing surface 6 (Sphere, Frontal-Delaunay)
Info    : Done meshing 2D (Wall 0.681534s, CPU 0.681491s)
Info    : Meshing 3D...
Info    : 3D Meshing 2 volumes with 2 connected components
Info    : Tetrahedrizing 12532 nodes...
Info    : Done tetrahedrizing 12540 nodes (Wall 0.13234s, CPU 0.127327s)
Info    : Reconstructing mesh...
Info    :  - Creating surface mesh
Info    :  - Identifying boundary edges
Info    :  - Recovering boundary
Info    : Done reconstructing mesh (Wall 0.350258s, CPU 0.335761s)
Info    : Found volume 1
Info    : It. 0 - 0 nodes created - worst tet radius 1.0426 (nodes removed 0 0)
Info    : 3D refinement terminated (13187 nodes total):
Info    :  - 0 Delaunay cavities modified for star shapeness
Info    :  - 0 nodes could not be inserted
Info    :  - 41647 tetrahedra created in 0.0272693 sec. (1527246 tets/s)
Info    : 0 node relocations
Info    : Tetrahedrizing 131 nodes...
Info    : Done tetrahedrizing 139 nodes (Wall 0.000730822s, CPU 0.00073s)
Info    : Reconstructing mesh...
Info    :  - Creating surface mesh
Info    :  - Identifying boundary edges
Info    :  - Recovering boundary
Info    : Done reconstructing mesh (Wall 0.00172171s, CPU 0.001719s)
Info    : Found volume 2
Info    : It. 0 - 0 nodes created - worst tet radius 3.11224 (nodes removed 0 0)
Info    : 3D refinement terminated (12744 nodes total):
Info    :  - 0 Delaunay cavities modified for star shapeness
Info    :  - 0 nodes could not be inserted
Info    :  - 492 tetrahedra created in 0.00421405 sec. (116752 tets/s)
Info    : 0 node relocations
Info    : Done meshing 3D (Wall 0.657299s, CPU 0.642774s)
Info    : Optimizing mesh...
Info    : Optimizing volume 1
Info    : Optimization starts (volume = 235.646) with worst = 0.00138735 / average = 0.689277:
Info    : 0.00 < quality < 0.10 :       206 elements
Info    : 0.10 < quality < 0.20 :       255 elements
Info    : 0.20 < quality < 0.30 :       469 elements
Info    : 0.30 < quality < 0.40 :       574 elements
Info    : 0.40 < quality < 0.50 :       979 elements
Info    : 0.50 < quality < 0.60 :      3327 elements
Info    : 0.60 < quality < 0.70 :     12369 elements
Info    : 0.70 < quality < 0.80 :     19989 elements
Info    : 0.80 < quality < 0.90 :      1907 elements
Info    : 0.90 < quality < 1.00 :      1572 elements
Info    : 895 edge swaps, 8 node relocations (volume = 235.646): worst = 0.131866 / average = 0.702026 (Wall 0.01322s, CPU 0.013219s)
Info    : 919 edge swaps, 9 node relocations (volume = 235.646): worst = 0.131866 / average = 0.702245 (Wall 0.0161439s, CPU 0.016144s)
Info    : No ill-shaped tets in the mesh :-)
Info    : 0.00 < quality < 0.10 :         0 elements
Info    : 0.10 < quality < 0.20 :         3 elements
Info    : 0.20 < quality < 0.30 :         5 elements
Info    : 0.30 < quality < 0.40 :       476 elements
Info    : 0.40 < quality < 0.50 :       820 elements
Info    : 0.50 < quality < 0.60 :      3350 elements
Info    : 0.60 < quality < 0.70 :     12720 elements
Info    : 0.70 < quality < 0.80 :     19777 elements
Info    : 0.80 < quality < 0.90 :      2055 elements
Info    : 0.90 < quality < 1.00 :      1572 elements
Info    : Optimizing volume 2
Info    : Optimization starts (volume = 0.256422) with worst = 0.0624585 / average = 0.752931:
Info    : 0.00 < quality < 0.10 :         1 elements
Info    : 0.10 < quality < 0.20 :         1 elements
Info    : 0.20 < quality < 0.30 :         3 elements
Info    : 0.30 < quality < 0.40 :        11 elements
Info    : 0.40 < quality < 0.50 :         8 elements
Info    : 0.50 < quality < 0.60 :        22 elements
Info    : 0.60 < quality < 0.70 :        75 elements
Info    : 0.70 < quality < 0.80 :       194 elements
Info    : 0.80 < quality < 0.90 :       134 elements
Info    : 0.90 < quality < 1.00 :        43 elements
Info    : 5 edge swaps, 0 node relocations (volume = 0.256422): worst = 0.301484 / average = 0.760163 (Wall 0.000105921s, CPU 0.000108s)
Info    : No ill-shaped tets in the mesh :-)
Info    : 0.00 < quality < 0.10 :         0 elements
Info    : 0.10 < quality < 0.20 :         0 elements
Info    : 0.20 < quality < 0.30 :         0 elements
Info    : 0.30 < quality < 0.40 :        11 elements
Info    : 0.40 < quality < 0.50 :         8 elements
Info    : 0.50 < quality < 0.60 :        19 elements
Info    : 0.60 < quality < 0.70 :        74 elements
Info    : 0.70 < quality < 0.80 :       197 elements
Info    : 0.80 < quality < 0.90 :       135 elements
Info    : 0.90 < quality < 1.00 :        43 elements
Info    : Done optimizing mesh (Wall 0.0426729s, CPU 0.042669s)
Info    : 13587 nodes 67831 elements
Info    : Meshing order 2 (curvilinear on)...
Info    : [  0%] Meshing curve 1 order 2
Info    : [ 10%] Meshing curve 2 order 2
Info    : [ 20%] Meshing curve 3 order 2
Info    : [ 20%] Meshing curve 4 order 2
Info    : [ 30%] Meshing curve 5 order 2
Info    : [ 30%] Meshing curve 6 order 2
Info    : [ 40%] Meshing curve 7 order 2
Info    : [ 40%] Meshing curve 8 order 2
Info    : [ 50%] Meshing curve 9 order 2
Info    : [ 50%] Meshing curve 10 order 2
Info    : [ 60%] Meshing curve 11 order 2
Info    : [ 60%] Meshing curve 12 order 2
Info    : [ 70%] Meshing surface 1 order 2
Info    : [ 70%] Meshing surface 2 order 2
Info    : [ 80%] Meshing surface 3 order 2
Info    : [ 80%] Meshing surface 4 order 2
Info    : [ 90%] Meshing surface 5 order 2
Info    : [ 90%] Meshing surface 6 order 2
Info    : [100%] Meshing volume 1 order 2
Info    : [100%] Meshing volume 2 order 2
Info    : Surface mesh: worst distortion = 0.797589 (0 elements in ]0, 0.2]); worst gamma = 0.689555
Info    : Volume mesh: worst distortion = 0.254407 (0 elements in ]0, 0.2])
Info    : Done meshing order 2 (Wall 8.21985s, CPU 8.21537s)
Info    : Writing '/home/user/mscr-mom/현서/scripts/contact_scenarios/fea/lm10gap_mesh_LM10_phiP120_s50.inp'...
Info    : Done writing '/home/user/mscr-mom/현서/scripts/contact_scenarios/fea/lm10gap_mesh_LM10_phiP120_s50.inp'
  [LM10_phiP120] [실패] (689.0s)
[LM10_phiP120 3/3] L_M=10.0, phi=120.0, s=80.0mm, push_depth=0.1mm ...
Info    : Meshing 1D...
Info    : [  0%] Meshing curve 1 (BSpline)
Info    : [ 10%] Meshing curve 2 (Ellipse)
Info    : [ 20%] Meshing curve 3 (Ellipse)
Info    : [ 30%] Meshing curve 4 (BSpline)
Info    : [ 40%] Meshing curve 5 (BSpline)
Info    : [ 50%] Meshing curve 6 (BSpline)
Info    : [ 60%] Meshing curve 7 (BSpline)
Info    : [ 60%] Meshing curve 8 (BSpline)
Info    : [ 70%] Meshing curve 9 (BSpline)
Info    : [ 90%] Meshing curve 11 (Circle)
Info    : Done meshing 1D (Wall 0.0182622s, CPU 0.018254s)
Info    : Meshing 2D...
Info    : [  0%] Meshing surface 1 (Plane, Frontal-Delaunay)
Info    : [ 20%] Meshing surface 2 (Plane, Frontal-Delaunay)
Info    : [ 40%] Meshing surface 3 (BSpline surface, Frontal-Delaunay)
Info    : [ 60%] Meshing surface 4 (BSpline surface, Frontal-Delaunay)
Info    : [ 70%] Meshing surface 5 (Plane, Frontal-Delaunay)
Info    : [ 90%] Meshing surface 6 (Sphere, Frontal-Delaunay)
Info    : Done meshing 2D (Wall 0.675284s, CPU 0.674115s)
Info    : Meshing 3D...
Info    : 3D Meshing 2 volumes with 2 connected components
Info    : Tetrahedrizing 12532 nodes...
Info    : Done tetrahedrizing 12540 nodes (Wall 0.133407s, CPU 0.1324s)
Info    : Reconstructing mesh...
Info    :  - Creating surface mesh
Info    :  - Identifying boundary edges
Info    :  - Recovering boundary
Info    : Done reconstructing mesh (Wall 0.356906s, CPU 0.346891s)
Info    : Found volume 1
Info    : It. 0 - 0 nodes created - worst tet radius 1.0426 (nodes removed 0 0)
Info    : 3D refinement terminated (13186 nodes total):
Info    :  - 0 Delaunay cavities modified for star shapeness
Info    :  - 0 nodes could not be inserted
Info    :  - 41647 tetrahedra created in 0.0245937 sec. (1693404 tets/s)
Info    : 0 node relocations
Info    : Tetrahedrizing 130 nodes...
Info    : Done tetrahedrizing 138 nodes (Wall 0.000696191s, CPU 0.000682s)
Info    : Reconstructing mesh...
Info    :  - Creating surface mesh
Info    :  - Identifying boundary edges
Info    :  - Recovering boundary
Info    : Done reconstructing mesh (Wall 0.00159988s, CPU 0.000863s)
Info    : Found volume 2
Info    : It. 0 - 0 nodes created - worst tet radius 3.13764 (nodes removed 0 0)
Info    : 3D refinement terminated (12737 nodes total):
Info    :  - 0 Delaunay cavities modified for star shapeness
Info    :  - 0 nodes could not be inserted
Info    :  - 435 tetrahedra created in 0.0047934 sec. (90749 tets/s)
Info    : 0 node relocations
Info    : Done meshing 3D (Wall 0.642952s, CPU 0.630926s)
Info    : Optimizing mesh...
Info    : Optimizing volume 1
Info    : Optimization starts (volume = 235.646) with worst = 0.00138735 / average = 0.689277:
Info    : 0.00 < quality < 0.10 :       206 elements
Info    : 0.10 < quality < 0.20 :       255 elements
Info    : 0.20 < quality < 0.30 :       469 elements
Info    : 0.30 < quality < 0.40 :       574 elements
Info    : 0.40 < quality < 0.50 :       979 elements
Info    : 0.50 < quality < 0.60 :      3327 elements
Info    : 0.60 < quality < 0.70 :     12369 elements
Info    : 0.70 < quality < 0.80 :     19989 elements
Info    : 0.80 < quality < 0.90 :      1907 elements
Info    : 0.90 < quality < 1.00 :      1572 elements
Info    : 895 edge swaps, 8 node relocations (volume = 235.646): worst = 0.131866 / average = 0.702026 (Wall 0.0156893s, CPU 0.015681s)
Info    : 919 edge swaps, 9 node relocations (volume = 235.646): worst = 0.131866 / average = 0.702245 (Wall 0.0189371s, CPU 0.018929s)
Info    : No ill-shaped tets in the mesh :-)
Info    : 0.00 < quality < 0.10 :         0 elements
Info    : 0.10 < quality < 0.20 :         3 elements
Info    : 0.20 < quality < 0.30 :         5 elements
Info    : 0.30 < quality < 0.40 :       476 elements
Info    : 0.40 < quality < 0.50 :       820 elements
Info    : 0.50 < quality < 0.60 :      3350 elements
Info    : 0.60 < quality < 0.70 :     12720 elements
Info    : 0.70 < quality < 0.80 :     19777 elements
Info    : 0.80 < quality < 0.90 :      2055 elements
Info    : 0.90 < quality < 1.00 :      1572 elements
Info    : Optimizing volume 2
Info    : Optimization starts (volume = 0.256435) with worst = 0.0813934 / average = 0.759319:
Info    : 0.00 < quality < 0.10 :         2 elements
Info    : 0.10 < quality < 0.20 :         0 elements
Info    : 0.20 < quality < 0.30 :         2 elements
Info    : 0.30 < quality < 0.40 :         2 elements
Info    : 0.40 < quality < 0.50 :         8 elements
Info    : 0.50 < quality < 0.60 :        12 elements
Info    : 0.60 < quality < 0.70 :        77 elements
Info    : 0.70 < quality < 0.80 :       180 elements
Info    : 0.80 < quality < 0.90 :       116 elements
Info    : 0.90 < quality < 1.00 :        36 elements
Info    : 4 edge swaps, 0 node relocations (volume = 0.256435): worst = 0.319139 / average = 0.765786 (Wall 0.000105611s, CPU 0s)
Info    : No ill-shaped tets in the mesh :-)
Info    : 0.00 < quality < 0.10 :         0 elements
Info    : 0.10 < quality < 0.20 :         0 elements
Info    : 0.20 < quality < 0.30 :         0 elements
Info    : 0.30 < quality < 0.40 :         2 elements
Info    : 0.40 < quality < 0.50 :         7 elements
Info    : 0.50 < quality < 0.60 :        13 elements
Info    : 0.60 < quality < 0.70 :        76 elements
Info    : 0.70 < quality < 0.80 :       180 elements
Info    : 0.80 < quality < 0.90 :       117 elements
Info    : 0.90 < quality < 1.00 :        36 elements
Info    : Done optimizing mesh (Wall 0.0455151s, CPU 0.04451s)
Info    : 13580 nodes 67773 elements
Info    : Meshing order 2 (curvilinear on)...
Info    : [  0%] Meshing curve 1 order 2
Info    : [ 10%] Meshing curve 2 order 2
Info    : [ 20%] Meshing curve 3 order 2
Info    : [ 20%] Meshing curve 4 order 2
Info    : [ 30%] Meshing curve 5 order 2
Info    : [ 30%] Meshing curve 6 order 2
Info    : [ 40%] Meshing curve 7 order 2
Info    : [ 40%] Meshing curve 8 order 2
Info    : [ 50%] Meshing curve 9 order 2
Info    : [ 50%] Meshing curve 10 order 2
Info    : [ 60%] Meshing curve 11 order 2
Info    : [ 60%] Meshing curve 12 order 2
Info    : [ 70%] Meshing surface 1 order 2
Info    : [ 70%] Meshing surface 2 order 2
Info    : [ 80%] Meshing surface 3 order 2
Info    : [ 80%] Meshing surface 4 order 2
Info    : [ 90%] Meshing surface 5 order 2
Info    : [ 90%] Meshing surface 6 order 2
Info    : [100%] Meshing volume 1 order 2
Info    : [100%] Meshing volume 2 order 2
Info    : Surface mesh: worst distortion = 0.797589 (0 elements in ]0, 0.2]); worst gamma = 0.689555
Info    : Volume mesh: worst distortion = 0.254407 (0 elements in ]0, 0.2])
Info    : Done meshing order 2 (Wall 8.49868s, CPU 8.4739s)
Info    : Writing '/home/user/mscr-mom/현서/scripts/contact_scenarios/fea/lm10gap_mesh_LM10_phiP120_s80.inp'...
Info    : Done writing '/home/user/mscr-mom/현서/scripts/contact_scenarios/fea/lm10gap_mesh_LM10_phiP120_s80.inp'
  [LM10_phiP120] [실패] (751.7s)
[LM10_phiP120] 완료: 1/3 성공
