[STB0_phiN120_s80_v0005_b0 1/1] L_M=0.0, phi=-120.0, beta=0.0, s=80.0mm, push_depth=0.1mm ...
Info    : Meshing 1D...
Info    : [  0%] Meshing curve 1 (BSpline)
Info    : [ 10%] Meshing curve 2 (Ellipse)
Info    : [ 20%] Meshing curve 3 (Ellipse)
Info    : [ 30%] Meshing curve 4 (BSpline)
Info    : [ 40%] Meshing curve 5 (BSpline)
Info    : [ 50%] Meshing curve 6 (BSpline)
Info    : [ 60%] Meshing curve 7 (BSpline)
Info    : [ 60%] Meshing curve 8 (BSpline)
Info    : [ 70%] Meshing curve 9 (BSpline)
Info    : [ 90%] Meshing curve 11 (Circle)
Info    : Done meshing 1D (Wall 0.0246441s, CPU 0.02353s)
Info    : Meshing 2D...
Info    : [  0%] Meshing surface 1 (Plane, Frontal-Delaunay)
Info    : [ 20%] Meshing surface 2 (Plane, Frontal-Delaunay)
Info    : [ 40%] Meshing surface 3 (BSpline surface, Frontal-Delaunay)
Info    : [ 60%] Meshing surface 4 (BSpline surface, Frontal-Delaunay)
Info    : [ 70%] Meshing surface 5 (Plane, Frontal-Delaunay)
Info    : [ 90%] Meshing surface 6 (Sphere, Frontal-Delaunay)
Info    : Done meshing 2D (Wall 1.68065s, CPU 1.51435s)
Info    : Meshing 3D...
Info    : 3D Meshing 2 volumes with 2 connected components
Info    : Tetrahedrizing 12436 nodes...
Info    : Done tetrahedrizing 12444 nodes (Wall 0.198744s, CPU 0.185406s)
Info    : Reconstructing mesh...
Info    :  - Creating surface mesh
Info    :  - Identifying boundary edges
Info    :  - Recovering boundary
Info    : Done reconstructing mesh (Wall 0.548859s, CPU 0.50988s)
Info    : Found volume 1
Info    : It. 0 - 0 nodes created - worst tet radius 1.06383 (nodes removed 0 0)
Info    : It. 500 - 500 nodes created - worst tet radius 1.00061 (nodes removed 0 0)
Info    : 3D refinement terminated (13156 nodes total):
Info    :  - 0 Delaunay cavities modified for star shapeness
Info    :  - 0 nodes could not be inserted
Info    :  - 42156 tetrahedra created in 0.0401011 sec. (1051243 tets/s)
Info    : 0 node relocations
Info    : Tetrahedrizing 132 nodes...
Info    : Done tetrahedrizing 140 nodes (Wall 0.00100696s, CPU 0.001007s)
Info    : Reconstructing mesh...
Info    :  - Creating surface mesh
Info    :  - Identifying boundary edges
Info    :  - Recovering boundary
Info    : Done reconstructing mesh (Wall 0.00270442s, CPU 0.002461s)
Info    : Found volume 2
Info    : It. 0 - 0 nodes created - worst tet radius 3.0935 (nodes removed 0 0)
Info    : 3D refinement terminated (12646 nodes total):
Info    :  - 0 Delaunay cavities modified for star shapeness
Info    :  - 0 nodes could not be inserted
Info    :  - 470 tetrahedra created in 0.0048766 sec. (96378 tets/s)
Info    : 0 node relocations
Info    : Done meshing 3D (Wall 1.05791s, CPU 1.01219s)
Info    : Optimizing mesh...
Info    : Optimizing volume 1
Info    : Optimization starts (volume = 235.593) with worst = 0.00548009 / average = 0.685809:
Info    : 0.00 < quality < 0.10 :       178 elements
Info    : 0.10 < quality < 0.20 :       424 elements
Info    : 0.20 < quality < 0.30 :       626 elements
Info    : 0.30 < quality < 0.40 :       861 elements
Info    : 0.40 < quality < 0.50 :      1292 elements
Info    : 0.50 < quality < 0.60 :      3739 elements
Info    : 0.60 < quality < 0.70 :     10889 elements
Info    : 0.70 < quality < 0.80 :     20103 elements
Info    : 0.80 < quality < 0.90 :      2261 elements
Info    : 0.90 < quality < 1.00 :      1783 elements
Info    : 1180 edge swaps, 27 node relocations (volume = 235.593): worst = 0.1252 / average = 0.702291 (Wall 0.0353125s, CPU 0.035309s)
Info    : 1229 edge swaps, 28 node relocations (volume = 235.593): worst = 0.127451 / average = 0.702784 (Wall 0.047771s, CPU 0.047652s)
Info    : 1231 edge swaps, 28 node relocations (volume = 235.593): worst = 0.135547 / average = 0.702801 (Wall 0.0576876s, CPU 0.057453s)
Info    : 1234 edge swaps, 28 node relocations (volume = 235.593): worst = 0.135547 / average = 0.702833 (Wall 0.0655466s, CPU 0.065211s)
Info    : No ill-shaped tets in the mesh :-)
Info    : 0.00 < quality < 0.10 :         0 elements
Info    : 0.10 < quality < 0.20 :         2 elements
Info    : 0.20 < quality < 0.30 :        17 elements
Info    : 0.30 < quality < 0.40 :       732 elements
Info    : 0.40 < quality < 0.50 :      1075 elements
Info    : 0.50 < quality < 0.60 :      3689 elements
Info    : 0.60 < quality < 0.70 :     11422 elements
Info    : 0.70 < quality < 0.80 :     19867 elements
Info    : 0.80 < quality < 0.90 :      2444 elements
Info    : 0.90 < quality < 1.00 :      1782 elements
Info    : Optimizing volume 2
Info    : Optimization starts (volume = 0.256564) with worst = 0.121727 / average = 0.746509:
Info    : 0.00 < quality < 0.10 :         0 elements
Info    : 0.10 < quality < 0.20 :         2 elements
Info    : 0.20 < quality < 0.30 :         7 elements
Info    : 0.30 < quality < 0.40 :         6 elements
Info    : 0.40 < quality < 0.50 :         4 elements
Info    : 0.50 < quality < 0.60 :        24 elements
Info    : 0.60 < quality < 0.70 :        88 elements
Info    : 0.70 < quality < 0.80 :       181 elements
Info    : 0.80 < quality < 0.90 :       116 elements
Info    : 0.90 < quality < 1.00 :        42 elements
Info    : 9 edge swaps, 0 node relocations (volume = 0.256564): worst = 0.3094 / average = 0.759434 (Wall 0.0004364s, CPU 0.00023s)
Info    : No ill-shaped tets in the mesh :-)
Info    : 0.00 < quality < 0.10 :         0 elements
Info    : 0.10 < quality < 0.20 :         0 elements
Info    : 0.20 < quality < 0.30 :         0 elements
Info    : 0.30 < quality < 0.40 :         5 elements
Info    : 0.40 < quality < 0.50 :         4 elements
Info    : 0.50 < quality < 0.60 :        19 elements
Info    : 0.60 < quality < 0.70 :        91 elements
Info    : 0.70 < quality < 0.80 :       183 elements
Info    : 0.80 < quality < 0.90 :       119 elements
Info    : 0.90 < quality < 1.00 :        40 elements
Info    : Done optimizing mesh (Wall 0.108642s, CPU 0.107472s)
Info    : 13553 nodes 67866 elements
Info    : Meshing order 2 (curvilinear on)...
Info    : [  0%] Meshing curve 1 order 2
Info    : [ 10%] Meshing curve 2 order 2
Info    : [ 20%] Meshing curve 3 order 2
Info    : [ 20%] Meshing curve 4 order 2
Info    : [ 30%] Meshing curve 5 order 2
Info    : [ 30%] Meshing curve 6 order 2
Info    : [ 40%] Meshing curve 7 order 2
Info    : [ 40%] Meshing curve 8 order 2
Info    : [ 50%] Meshing curve 9 order 2
Info    : [ 50%] Meshing curve 10 order 2
Info    : [ 60%] Meshing curve 11 order 2
Info    : [ 60%] Meshing curve 12 order 2
Info    : [ 70%] Meshing surface 1 order 2
Info    : [ 70%] Meshing surface 2 order 2
Info    : [ 80%] Meshing surface 3 order 2
Info    : [ 80%] Meshing surface 4 order 2
Info    : [ 90%] Meshing surface 5 order 2
Info    : [ 90%] Meshing surface 6 order 2
Info    : [100%] Meshing volume 1 order 2
Info    : [100%] Meshing volume 2 order 2
Info    : Surface mesh: worst distortion = 0.797589 (0 elements in ]0, 0.2]); worst gamma = 0.585747
Info    : Volume mesh: worst distortion = 0.266638 (0 elements in ]0, 0.2])
Info    : Done meshing order 2 (Wall 21.0582s, CPU 20.3998s)
Info    : Writing '/home/user/mscr-mom/현서/scripts/contact_scenarios/fea/matv2_mesh_STB0_phiN120_s80_v0005_b0_s80.inp'...
Info    : Done writing '/home/user/mscr-mom/현서/scripts/contact_scenarios/fea/matv2_mesh_STB0_phiN120_s80_v0005_b0_s80.inp'
  [STB0_phiN120_s80_v0005_b0] [실패] (804.4s)
[STB0_phiN120_s80_v0005_b0] 완료: 0/1 성공
