[LPT750_phiN60_b0 1/4] L_M=75.0, phi=-60.0, beta=0.0, s=65.0mm, push_depth=0.1mm ...
Info    : Meshing 1D...
Info    : [  0%] Meshing curve 1 (BSpline)
Info    : [ 10%] Meshing curve 2 (Ellipse)
Info    : [ 20%] Meshing curve 3 (Ellipse)
Info    : [ 30%] Meshing curve 4 (BSpline)
Info    : [ 40%] Meshing curve 5 (BSpline)
Info    : [ 50%] Meshing curve 6 (BSpline)
Info    : [ 60%] Meshing curve 7 (BSpline)
Info    : [ 60%] Meshing curve 8 (BSpline)
Info    : [ 70%] Meshing curve 9 (BSpline)
Info    : [ 90%] Meshing curve 11 (Circle)
Info    : Done meshing 1D (Wall 0.0293013s, CPU 0.027956s)
Info    : Meshing 2D...
Info    : [  0%] Meshing surface 1 (Plane, Frontal-Delaunay)
Info    : [ 20%] Meshing surface 2 (Plane, Frontal-Delaunay)
Info    : [ 40%] Meshing surface 3 (BSpline surface, Frontal-Delaunay)
Info    : [ 60%] Meshing surface 4 (BSpline surface, Frontal-Delaunay)
Info    : [ 70%] Meshing surface 5 (Plane, Frontal-Delaunay)
Info    : [ 90%] Meshing surface 6 (Sphere, Frontal-Delaunay)
Info    : Done meshing 2D (Wall 0.838819s, CPU 0.833008s)
Info    : Meshing 3D...
Info    : 3D Meshing 2 volumes with 2 connected components
Info    : Tetrahedrizing 12476 nodes...
Info    : Done tetrahedrizing 12484 nodes (Wall 0.178904s, CPU 0.167847s)
Info    : Reconstructing mesh...
Info    :  - Creating surface mesh
Info    :  - Identifying boundary edges
Info    :  - Recovering boundary
Info    : Done reconstructing mesh (Wall 0.467484s, CPU 0.434338s)
Info    : Found volume 1
Info    : It. 0 - 0 nodes created - worst tet radius 1.07421 (nodes removed 0 0)
Info    : It. 500 - 500 nodes created - worst tet radius 1.00126 (nodes removed 0 0)
Info    : 3D refinement terminated (13239 nodes total):
Info    :  - 0 Delaunay cavities modified for star shapeness
Info    :  - 0 nodes could not be inserted
Info    :  - 42765 tetrahedra created in 0.0356248 sec. (1200429 tets/s)
Info    : 0 node relocations
Info    : Tetrahedrizing 132 nodes...
Info    : Done tetrahedrizing 140 nodes (Wall 0.00105875s, CPU 9.3e-05s)
Info    : Reconstructing mesh...
Info    :  - Creating surface mesh
Info    :  - Identifying boundary edges
Info    :  - Recovering boundary
Info    : Done reconstructing mesh (Wall 0.00259475s, CPU 0.001632s)
Info    : Found volume 2
Info    : It. 0 - 0 nodes created - worst tet radius 3.0595 (nodes removed 0 0)
Info    : 3D refinement terminated (12688 nodes total):
Info    :  - 0 Delaunay cavities modified for star shapeness
Info    :  - 0 nodes could not be inserted
Info    :  - 482 tetrahedra created in 0.00787678 sec. (61192 tets/s)
Info    : 0 node relocations
Info    : Done meshing 3D (Wall 0.829384s, CPU 0.793956s)
Info    : Optimizing mesh...
Info    : Optimizing volume 1
Info    : Optimization starts (volume = 235.631) with worst = 0.00224129 / average = 0.68319:
Info    : 0.00 < quality < 0.10 :       199 elements
Info    : 0.10 < quality < 0.20 :       467 elements
Info    : 0.20 < quality < 0.30 :       776 elements
Info    : 0.30 < quality < 0.40 :       914 elements
Info    : 0.40 < quality < 0.50 :      1502 elements
Info    : 0.50 < quality < 0.60 :      3876 elements
Info    : 0.60 < quality < 0.70 :     10436 elements
Info    : 0.70 < quality < 0.80 :     20225 elements
Info    : 0.80 < quality < 0.90 :      2502 elements
Info    : 0.90 < quality < 1.00 :      1868 elements
Info    : 1366 edge swaps, 24 node relocations (volume = 235.631): worst = 0.0859691 / average = 0.701574 (Wall 0.0269371s, CPU 0.02597s)
Info    : 1426 edge swaps, 24 node relocations (volume = 235.631): worst = 0.173038 / average = 0.702215 (Wall 0.0317138s, CPU 0.030692s)
Info    : 1428 edge swaps, 24 node relocations (volume = 235.631): worst = 0.173038 / average = 0.702246 (Wall 0.0349531s, CPU 0.033934s)
Info    : No ill-shaped tets in the mesh :-)
Info    : 0.00 < quality < 0.10 :         0 elements
Info    : 0.10 < quality < 0.20 :         2 elements
Info    : 0.20 < quality < 0.30 :        23 elements
Info    : 0.30 < quality < 0.40 :       799 elements
Info    : 0.40 < quality < 0.50 :      1216 elements
Info    : 0.50 < quality < 0.60 :      3918 elements
Info    : 0.60 < quality < 0.70 :     11016 elements
Info    : 0.70 < quality < 0.80 :     19975 elements
Info    : 0.80 < quality < 0.90 :      2652 elements
Info    : 0.90 < quality < 1.00 :      1876 elements
Info    : Optimizing volume 2
Info    : Optimization starts (volume = 0.256592) with worst = 0.0158359 / average = 0.75685:
Info    : 0.00 < quality < 0.10 :         2 elements
Info    : 0.10 < quality < 0.20 :         3 elements
Info    : 0.20 < quality < 0.30 :         3 elements
Info    : 0.30 < quality < 0.40 :         6 elements
Info    : 0.40 < quality < 0.50 :        16 elements
Info    : 0.50 < quality < 0.60 :        12 elements
Info    : 0.60 < quality < 0.70 :        50 elements
Info    : 0.70 < quality < 0.80 :       201 elements
Info    : 0.80 < quality < 0.90 :       141 elements
Info    : 0.90 < quality < 1.00 :        48 elements
Info    : 8 edge swaps, 1 node relocations (volume = 0.256592): worst = 0.29693 / average = 0.766958 (Wall 0.00016338s, CPU 0.000165s)
Info    : 9 edge swaps, 1 node relocations (volume = 0.256592): worst = 0.321259 / average = 0.768376 (Wall 0.00022292s, CPU 0.000224s)
Info    : No ill-shaped tets in the mesh :-)
Info    : 0.00 < quality < 0.10 :         0 elements
Info    : 0.10 < quality < 0.20 :         0 elements
Info    : 0.20 < quality < 0.30 :         0 elements
Info    : 0.30 < quality < 0.40 :         5 elements
Info    : 0.40 < quality < 0.50 :        14 elements
Info    : 0.50 < quality < 0.60 :        13 elements
Info    : 0.60 < quality < 0.70 :        55 elements
Info    : 0.70 < quality < 0.80 :       197 elements
Info    : 0.80 < quality < 0.90 :       142 elements
Info    : 0.90 < quality < 1.00 :        48 elements
Info    : Done optimizing mesh (Wall 0.0757182s, CPU 0.074699s)
Info    : 13638 nodes 68402 elements
Info    : Meshing order 2 (curvilinear on)...
Info    : [  0%] Meshing curve 1 order 2
Info    : [ 10%] Meshing curve 2 order 2
Info    : [ 20%] Meshing curve 3 order 2
Info    : [ 20%] Meshing curve 4 order 2
Info    : [ 30%] Meshing curve 5 order 2
Info    : [ 30%] Meshing curve 6 order 2
Info    : [ 40%] Meshing curve 7 order 2
Info    : [ 40%] Meshing curve 8 order 2
Info    : [ 50%] Meshing curve 9 order 2
Info    : [ 50%] Meshing curve 10 order 2
Info    : [ 60%] Meshing curve 11 order 2
Info    : [ 60%] Meshing curve 12 order 2
Info    : [ 70%] Meshing surface 1 order 2
Info    : [ 70%] Meshing surface 2 order 2
Info    : [ 80%] Meshing surface 3 order 2
Info    : [ 80%] Meshing surface 4 order 2
Info    : [ 90%] Meshing surface 5 order 2
Info    : [ 90%] Meshing surface 6 order 2
Info    : [100%] Meshing volume 1 order 2
Info    : [100%] Meshing volume 2 order 2
Info    : Surface mesh: worst distortion = 0.797589 (0 elements in ]0, 0.2]); worst gamma = 0.466426
Info    : Volume mesh: worst distortion = 0.245215 (0 elements in ]0, 0.2])
Info    : Done meshing order 2 (Wall 18.5142s, CPU 18.4943s)
Info    : Writing '/home/user/mscr-mom/현서/scripts/contact_scenarios/fea/matv2_mesh_LPT750_phiN60_b0_s65.inp'...
Info    : Done writing '/home/user/mscr-mom/현서/scripts/contact_scenarios/fea/matv2_mesh_LPT750_phiN60_b0_s65.inp'
  [LPT750_phiN60_b0] F_mag=0.0006mN  (606.3s)
[LPT750_phiN60_b0 2/4] L_M=75.0, phi=-60.0, beta=0.0, s=75.0mm, push_depth=0.1mm ...
Info    : Meshing 1D...
Info    : [  0%] Meshing curve 1 (BSpline)
Info    : [ 10%] Meshing curve 2 (Ellipse)
Info    : [ 20%] Meshing curve 3 (Ellipse)
Info    : [ 30%] Meshing curve 4 (BSpline)
Info    : [ 40%] Meshing curve 5 (BSpline)
Info    : [ 50%] Meshing curve 6 (BSpline)
Info    : [ 60%] Meshing curve 7 (BSpline)
Info    : [ 60%] Meshing curve 8 (BSpline)
Info    : [ 70%] Meshing curve 9 (BSpline)
Info    : [ 90%] Meshing curve 11 (Circle)
Info    : Done meshing 1D (Wall 0.0395704s, CPU 0.038105s)
Info    : Meshing 2D...
Info    : [  0%] Meshing surface 1 (Plane, Frontal-Delaunay)
Info    : [ 20%] Meshing surface 2 (Plane, Frontal-Delaunay)
Info    : [ 40%] Meshing surface 3 (BSpline surface, Frontal-Delaunay)
Info    : [ 60%] Meshing surface 4 (BSpline surface, Frontal-Delaunay)
Info    : [ 70%] Meshing surface 5 (Plane, Frontal-Delaunay)
Info    : [ 90%] Meshing surface 6 (Sphere, Frontal-Delaunay)
Info    : Done meshing 2D (Wall 1.38463s, CPU 1.38327s)
Info    : Meshing 3D...
Info    : 3D Meshing 2 volumes with 2 connected components
Info    : Tetrahedrizing 12476 nodes...
Info    : Done tetrahedrizing 12484 nodes (Wall 0.195682s, CPU 0.186704s)
Info    : Reconstructing mesh...
Info    :  - Creating surface mesh
Info    :  - Identifying boundary edges
Info    :  - Recovering boundary
Info    : Done reconstructing mesh (Wall 0.447065s, CPU 0.423079s)
Info    : Found volume 1
Info    : It. 0 - 0 nodes created - worst tet radius 1.07421 (nodes removed 0 0)
Info    : It. 500 - 500 nodes created - worst tet radius 1.00126 (nodes removed 0 0)
Info    : 3D refinement terminated (13238 nodes total):
Info    :  - 0 Delaunay cavities modified for star shapeness
Info    :  - 0 nodes could not be inserted
Info    :  - 42765 tetrahedra created in 0.0432556 sec. (988659 tets/s)
Info    : 0 node relocations
Info    : Tetrahedrizing 131 nodes...
Info    : Done tetrahedrizing 139 nodes (Wall 0.00100412s, CPU 0.001004s)
Info    : Reconstructing mesh...
Info    :  - Creating surface mesh
Info    :  - Identifying boundary edges
Info    :  - Recovering boundary
Info    : Done reconstructing mesh (Wall 0.00242694s, CPU 0.002422s)
Info    : Found volume 2
Info    : It. 0 - 0 nodes created - worst tet radius 3.14743 (nodes removed 0 0)
Info    : 3D refinement terminated (12688 nodes total):
Info    :  - 1 Delaunay cavities modified for star shapeness
Info    :  - 0 nodes could not be inserted
Info    :  - 501 tetrahedra created in 0.00334128 sec. (149942 tets/s)
Info    : 0 node relocations
Info    : Done meshing 3D (Wall 0.895054s, CPU 0.867425s)
Info    : Optimizing mesh...
Info    : Optimizing volume 1
Info    : Optimization starts (volume = 235.631) with worst = 0.00224129 / average = 0.68319:
Info    : 0.00 < quality < 0.10 :       199 elements
Info    : 0.10 < quality < 0.20 :       467 elements
Info    : 0.20 < quality < 0.30 :       776 elements
Info    : 0.30 < quality < 0.40 :       914 elements
Info    : 0.40 < quality < 0.50 :      1502 elements
Info    : 0.50 < quality < 0.60 :      3876 elements
Info    : 0.60 < quality < 0.70 :     10436 elements
Info    : 0.70 < quality < 0.80 :     20225 elements
Info    : 0.80 < quality < 0.90 :      2502 elements
Info    : 0.90 < quality < 1.00 :      1868 elements
Info    : 1366 edge swaps, 24 node relocations (volume = 235.631): worst = 0.0859691 / average = 0.701574 (Wall 0.0240393s, CPU 0.024039s)
Info    : 1426 edge swaps, 24 node relocations (volume = 235.631): worst = 0.173038 / average = 0.702215 (Wall 0.0278131s, CPU 0.027817s)
Info    : 1428 edge swaps, 24 node relocations (volume = 235.631): worst = 0.173038 / average = 0.702246 (Wall 0.0304723s, CPU 0.030478s)
Info    : No ill-shaped tets in the mesh :-)
Info    : 0.00 < quality < 0.10 :         0 elements
Info    : 0.10 < quality < 0.20 :         2 elements
Info    : 0.20 < quality < 0.30 :        23 elements
Info    : 0.30 < quality < 0.40 :       799 elements
Info    : 0.40 < quality < 0.50 :      1216 elements
Info    : 0.50 < quality < 0.60 :      3918 elements
Info    : 0.60 < quality < 0.70 :     11016 elements
Info    : 0.70 < quality < 0.80 :     19975 elements
Info    : 0.80 < quality < 0.90 :      2652 elements
Info    : 0.90 < quality < 1.00 :      1876 elements
Info    : Optimizing volume 2
Info    : Optimization starts (volume = 0.25632) with worst = 0.0384905 / average = 0.73642:
Info    : 0.00 < quality < 0.10 :         1 elements
Info    : 0.10 < quality < 0.20 :         6 elements
Info    : 0.20 < quality < 0.30 :         5 elements
Info    : 0.30 < quality < 0.40 :        15 elements
Info    : 0.40 < quality < 0.50 :        12 elements
Info    : 0.50 < quality < 0.60 :        26 elements
Info    : 0.60 < quality < 0.70 :        90 elements
Info    : 0.70 < quality < 0.80 :       175 elements
Info    : 0.80 < quality < 0.90 :       119 elements
Info    : 0.90 < quality < 1.00 :        52 elements
Info    : 12 edge swaps, 0 node relocations (volume = 0.25632): worst = 0.3193 / average = 0.751185 (Wall 0.000221018s, CPU 0.000221s)
Info    : No ill-shaped tets in the mesh :-)
Info    : 0.00 < quality < 0.10 :         0 elements
Info    : 0.10 < quality < 0.20 :         0 elements
Info    : 0.20 < quality < 0.30 :         0 elements
Info    : 0.30 < quality < 0.40 :        17 elements
Info    : 0.40 < quality < 0.50 :         9 elements
Info    : 0.50 < quality < 0.60 :        23 elements
Info    : 0.60 < quality < 0.70 :        95 elements
Info    : 0.70 < quality < 0.80 :       172 elements
Info    : 0.80 < quality < 0.90 :       122 elements
Info    : 0.90 < quality < 1.00 :        52 elements
Info    : Done optimizing mesh (Wall 0.0661389s, CPU 0.066136s)
Info    : 13638 nodes 68416 elements
Info    : Meshing order 2 (curvilinear on)...
Info    : [  0%] Meshing curve 1 order 2
Info    : [ 10%] Meshing curve 2 order 2
Info    : [ 20%] Meshing curve 3 order 2
Info    : [ 20%] Meshing curve 4 order 2
Info    : [ 30%] Meshing curve 5 order 2
Info    : [ 30%] Meshing curve 6 order 2
Info    : [ 40%] Meshing curve 7 order 2
Info    : [ 40%] Meshing curve 8 order 2
Info    : [ 50%] Meshing curve 9 order 2
Info    : [ 50%] Meshing curve 10 order 2
Info    : [ 60%] Meshing curve 11 order 2
Info    : [ 60%] Meshing curve 12 order 2
Info    : [ 70%] Meshing surface 1 order 2
Info    : [ 70%] Meshing surface 2 order 2
Info    : [ 80%] Meshing surface 3 order 2
Info    : [ 80%] Meshing surface 4 order 2
Info    : [ 90%] Meshing surface 5 order 2
Info    : [ 90%] Meshing surface 6 order 2
Info    : [100%] Meshing volume 1 order 2
Info    : [100%] Meshing volume 2 order 2
Info    : Surface mesh: worst distortion = 0.797589 (0 elements in ]0, 0.2]); worst gamma = 0.354265
Info    : Volume mesh: worst distortion = 0.245215 (0 elements in ]0, 0.2])
Info    : Done meshing order 2 (Wall 14.8853s, CPU 14.8554s)
Info    : Writing '/home/user/mscr-mom/현서/scripts/contact_scenarios/fea/matv2_mesh_LPT750_phiN60_b0_s75.inp'...
Info    : Done writing '/home/user/mscr-mom/현서/scripts/contact_scenarios/fea/matv2_mesh_LPT750_phiN60_b0_s75.inp'
  [LPT750_phiN60_b0] [실패] (1219.7s)
[LPT750_phiN60_b0 3/4] L_M=75.0, phi=-60.0, beta=0.0, s=85.0mm, push_depth=0.1mm ...
Info    : Meshing 1D...
Info    : [  0%] Meshing curve 1 (BSpline)
Info    : [ 10%] Meshing curve 2 (Ellipse)
Info    : [ 20%] Meshing curve 3 (Ellipse)
Info    : [ 30%] Meshing curve 4 (BSpline)
Info    : [ 40%] Meshing curve 5 (BSpline)
Info    : [ 50%] Meshing curve 6 (BSpline)
Info    : [ 60%] Meshing curve 7 (BSpline)
Info    : [ 60%] Meshing curve 8 (BSpline)
Info    : [ 70%] Meshing curve 9 (BSpline)
Info    : [ 90%] Meshing curve 11 (Circle)
Info    : Done meshing 1D (Wall 0.0185198s, CPU 0.018503s)
Info    : Meshing 2D...
Info    : [  0%] Meshing surface 1 (Plane, Frontal-Delaunay)
Info    : [ 20%] Meshing surface 2 (Plane, Frontal-Delaunay)
Info    : [ 40%] Meshing surface 3 (BSpline surface, Frontal-Delaunay)
Info    : [ 60%] Meshing surface 4 (BSpline surface, Frontal-Delaunay)
Info    : [ 70%] Meshing surface 5 (Plane, Frontal-Delaunay)
Info    : [ 90%] Meshing surface 6 (Sphere, Frontal-Delaunay)
Info    : Done meshing 2D (Wall 0.731882s, CPU 0.731349s)
Info    : Meshing 3D...
Info    : 3D Meshing 2 volumes with 2 connected components
Info    : Tetrahedrizing 12476 nodes...
Info    : Done tetrahedrizing 12484 nodes (Wall 0.128825s, CPU 0.126651s)
Info    : Reconstructing mesh...
Info    :  - Creating surface mesh
Info    :  - Identifying boundary edges
Info    :  - Recovering boundary
Info    : Done reconstructing mesh (Wall 0.313592s, CPU 0.311403s)
Info    : Found volume 1
Info    : It. 0 - 0 nodes created - worst tet radius 1.07421 (nodes removed 0 0)
Info    : It. 500 - 500 nodes created - worst tet radius 1.00126 (nodes removed 0 0)
Info    : 3D refinement terminated (13238 nodes total):
Info    :  - 0 Delaunay cavities modified for star shapeness
Info    :  - 0 nodes could not be inserted
Info    :  - 42765 tetrahedra created in 0.0321566 sec. (1329898 tets/s)
Info    : 0 node relocations
Info    : Tetrahedrizing 131 nodes...
Info    : Done tetrahedrizing 139 nodes (Wall 0.000728684s, CPU 0.000729s)
Info    : Reconstructing mesh...
Info    :  - Creating surface mesh
Info    :  - Identifying boundary edges
Info    :  - Recovering boundary
Info    : Done reconstructing mesh (Wall 0.00186156s, CPU 0.001866s)
Info    : Found volume 2
Info    : It. 0 - 0 nodes created - worst tet radius 3.14743 (nodes removed 0 0)
Info    : 3D refinement terminated (12688 nodes total):
Info    :  - 1 Delaunay cavities modified for star shapeness
Info    :  - 0 nodes could not be inserted
Info    :  - 501 tetrahedra created in 0.00502155 sec. (99770 tets/s)
Info    : 0 node relocations
Info    : Done meshing 3D (Wall 0.619737s, CPU 0.616271s)
Info    : Optimizing mesh...
Info    : Optimizing volume 1
Info    : Optimization starts (volume = 235.631) with worst = 0.00224129 / average = 0.68319:
Info    : 0.00 < quality < 0.10 :       199 elements
Info    : 0.10 < quality < 0.20 :       467 elements
Info    : 0.20 < quality < 0.30 :       776 elements
Info    : 0.30 < quality < 0.40 :       914 elements
Info    : 0.40 < quality < 0.50 :      1502 elements
Info    : 0.50 < quality < 0.60 :      3876 elements
Info    : 0.60 < quality < 0.70 :     10436 elements
Info    : 0.70 < quality < 0.80 :     20225 elements
Info    : 0.80 < quality < 0.90 :      2502 elements
Info    : 0.90 < quality < 1.00 :      1868 elements
Info    : 1366 edge swaps, 24 node relocations (volume = 235.631): worst = 0.0859691 / average = 0.701574 (Wall 0.0164871s, CPU 0.016486s)
Info    : 1426 edge swaps, 24 node relocations (volume = 235.631): worst = 0.173038 / average = 0.702215 (Wall 0.019269s, CPU 0.019271s)
Info    : 1428 edge swaps, 24 node relocations (volume = 235.631): worst = 0.173038 / average = 0.702246 (Wall 0.0213195s, CPU 0.021323s)
Info    : No ill-shaped tets in the mesh :-)
Info    : 0.00 < quality < 0.10 :         0 elements
Info    : 0.10 < quality < 0.20 :         2 elements
Info    : 0.20 < quality < 0.30 :        23 elements
Info    : 0.30 < quality < 0.40 :       799 elements
Info    : 0.40 < quality < 0.50 :      1216 elements
Info    : 0.50 < quality < 0.60 :      3918 elements
Info    : 0.60 < quality < 0.70 :     11016 elements
Info    : 0.70 < quality < 0.80 :     19975 elements
Info    : 0.80 < quality < 0.90 :      2652 elements
Info    : 0.90 < quality < 1.00 :      1876 elements
Info    : Optimizing volume 2
Info    : Optimization starts (volume = 0.25632) with worst = 0.0384905 / average = 0.73642:
Info    : 0.00 < quality < 0.10 :         1 elements
Info    : 0.10 < quality < 0.20 :         6 elements
Info    : 0.20 < quality < 0.30 :         5 elements
Info    : 0.30 < quality < 0.40 :        15 elements
Info    : 0.40 < quality < 0.50 :        12 elements
Info    : 0.50 < quality < 0.60 :        26 elements
Info    : 0.60 < quality < 0.70 :        90 elements
Info    : 0.70 < quality < 0.80 :       175 elements
Info    : 0.80 < quality < 0.90 :       119 elements
Info    : 0.90 < quality < 1.00 :        52 elements
Info    : 12 edge swaps, 0 node relocations (volume = 0.25632): worst = 0.3193 / average = 0.751185 (Wall 0.000143649s, CPU 0.000144s)
Info    : No ill-shaped tets in the mesh :-)
Info    : 0.00 < quality < 0.10 :         0 elements
Info    : 0.10 < quality < 0.20 :         0 elements
Info    : 0.20 < quality < 0.30 :         0 elements
Info    : 0.30 < quality < 0.40 :        17 elements
Info    : 0.40 < quality < 0.50 :         9 elements
Info    : 0.50 < quality < 0.60 :        23 elements
Info    : 0.60 < quality < 0.70 :        95 elements
Info    : 0.70 < quality < 0.80 :       172 elements
Info    : 0.80 < quality < 0.90 :       122 elements
Info    : 0.90 < quality < 1.00 :        52 elements
Info    : Done optimizing mesh (Wall 0.05105s, CPU 0.051048s)
Info    : 13638 nodes 68416 elements
Info    : Meshing order 2 (curvilinear on)...
Info    : [  0%] Meshing curve 1 order 2
Info    : [ 10%] Meshing curve 2 order 2
Info    : [ 20%] Meshing curve 3 order 2
Info    : [ 20%] Meshing curve 4 order 2
Info    : [ 30%] Meshing curve 5 order 2
Info    : [ 30%] Meshing curve 6 order 2
Info    : [ 40%] Meshing curve 7 order 2
Info    : [ 40%] Meshing curve 8 order 2
Info    : [ 50%] Meshing curve 9 order 2
Info    : [ 50%] Meshing curve 10 order 2
Info    : [ 60%] Meshing curve 11 order 2
Info    : [ 60%] Meshing curve 12 order 2
Info    : [ 70%] Meshing surface 1 order 2
Info    : [ 70%] Meshing surface 2 order 2
Info    : [ 80%] Meshing surface 3 order 2
Info    : [ 80%] Meshing surface 4 order 2
Info    : [ 90%] Meshing surface 5 order 2
Info    : [ 90%] Meshing surface 6 order 2
Info    : [100%] Meshing volume 1 order 2
Info    : [100%] Meshing volume 2 order 2
Info    : Surface mesh: worst distortion = 0.797589 (0 elements in ]0, 0.2]); worst gamma = 0.354265
Info    : Volume mesh: worst distortion = 0.245215 (0 elements in ]0, 0.2])
Info    : Done meshing order 2 (Wall 11.2931s, CPU 11.2668s)
Info    : Writing '/home/user/mscr-mom/현서/scripts/contact_scenarios/fea/matv2_mesh_LPT750_phiN60_b0_s85.inp'...
Info    : Done writing '/home/user/mscr-mom/현서/scripts/contact_scenarios/fea/matv2_mesh_LPT750_phiN60_b0_s85.inp'
  [LPT750_phiN60_b0] F_mag=0.0003mN  (387.0s)
[LPT750_phiN60_b0 4/4] L_M=75.0, phi=-60.0, beta=0.0, s=95.0mm, push_depth=0.1mm ...
Info    : Meshing 1D...
Info    : [  0%] Meshing curve 1 (BSpline)
Info    : [ 10%] Meshing curve 2 (Ellipse)
Info    : [ 20%] Meshing curve 3 (Ellipse)
Info    : [ 30%] Meshing curve 4 (BSpline)
Info    : [ 40%] Meshing curve 5 (BSpline)
Info    : [ 50%] Meshing curve 6 (BSpline)
Info    : [ 60%] Meshing curve 7 (BSpline)
Info    : [ 60%] Meshing curve 8 (BSpline)
Info    : [ 70%] Meshing curve 9 (BSpline)
Info    : [ 90%] Meshing curve 11 (Circle)
Info    : Done meshing 1D (Wall 0.0173685s, CPU 0.017363s)
Info    : Meshing 2D...
Info    : [  0%] Meshing surface 1 (Plane, Frontal-Delaunay)
Info    : [ 20%] Meshing surface 2 (Plane, Frontal-Delaunay)
Info    : [ 40%] Meshing surface 3 (BSpline surface, Frontal-Delaunay)
Info    : [ 60%] Meshing surface 4 (BSpline surface, Frontal-Delaunay)
Info    : [ 70%] Meshing surface 5 (Plane, Frontal-Delaunay)
Info    : [ 90%] Meshing surface 6 (Sphere, Frontal-Delaunay)
Info    : Done meshing 2D (Wall 0.67931s, CPU 0.67925s)
Info    : Meshing 3D...
Info    : 3D Meshing 2 volumes with 2 connected components
Info    : Tetrahedrizing 12476 nodes...
Info    : Done tetrahedrizing 12484 nodes (Wall 0.12942s, CPU 0.125426s)
Info    : Reconstructing mesh...
Info    :  - Creating surface mesh
Info    :  - Identifying boundary edges
Info    :  - Recovering boundary
Info    : Done reconstructing mesh (Wall 0.326568s, CPU 0.322558s)
Info    : Found volume 1
Info    : It. 0 - 0 nodes created - worst tet radius 1.07421 (nodes removed 0 0)
Info    : It. 500 - 500 nodes created - worst tet radius 1.00126 (nodes removed 0 0)
Info    : 3D refinement terminated (13241 nodes total):
Info    :  - 0 Delaunay cavities modified for star shapeness
Info    :  - 0 nodes could not be inserted
Info    :  - 42765 tetrahedra created in 0.0331016 sec. (1291929 tets/s)
Info    : 0 node relocations
Info    : Tetrahedrizing 134 nodes...
Info    : Done tetrahedrizing 142 nodes (Wall 0.000860685s, CPU 0.000861s)
Info    : Reconstructing mesh...
Info    :  - Creating surface mesh
Info    :  - Identifying boundary edges
Info    :  - Recovering boundary
Info    : Done reconstructing mesh (Wall 0.00206164s, CPU 0.001991s)
Info    : Found volume 2
Info    : It. 0 - 0 nodes created - worst tet radius 3.11686 (nodes removed 0 0)
Info    : 3D refinement terminated (12696 nodes total):
Info    :  - 0 Delaunay cavities modified for star shapeness
Info    :  - 0 nodes could not be inserted
Info    :  - 544 tetrahedra created in 0.00540159 sec. (100711 tets/s)
Info    : 0 node relocations
Info    : Done meshing 3D (Wall 0.693452s, CPU 0.682821s)
Info    : Optimizing mesh...
Info    : Optimizing volume 1
Info    : Optimization starts (volume = 235.631) with worst = 0.00224129 / average = 0.68319:
Info    : 0.00 < quality < 0.10 :       199 elements
Info    : 0.10 < quality < 0.20 :       467 elements
Info    : 0.20 < quality < 0.30 :       776 elements
Info    : 0.30 < quality < 0.40 :       914 elements
Info    : 0.40 < quality < 0.50 :      1502 elements
Info    : 0.50 < quality < 0.60 :      3876 elements
Info    : 0.60 < quality < 0.70 :     10436 elements
Info    : 0.70 < quality < 0.80 :     20225 elements
Info    : 0.80 < quality < 0.90 :      2502 elements
Info    : 0.90 < quality < 1.00 :      1868 elements
Info    : 1366 edge swaps, 24 node relocations (volume = 235.631): worst = 0.0859691 / average = 0.701574 (Wall 0.0264173s, CPU 0.026327s)
Info    : 1426 edge swaps, 24 node relocations (volume = 235.631): worst = 0.173038 / average = 0.702215 (Wall 0.032038s, CPU 0.031847s)
Info    : 1428 edge swaps, 24 node relocations (volume = 235.631): worst = 0.173038 / average = 0.702246 (Wall 0.0358639s, CPU 0.035588s)
Info    : No ill-shaped tets in the mesh :-)
Info    : 0.00 < quality < 0.10 :         0 elements
Info    : 0.10 < quality < 0.20 :         2 elements
Info    : 0.20 < quality < 0.30 :        23 elements
Info    : 0.30 < quality < 0.40 :       799 elements
Info    : 0.40 < quality < 0.50 :      1216 elements
Info    : 0.50 < quality < 0.60 :      3918 elements
Info    : 0.60 < quality < 0.70 :     11016 elements
Info    : 0.70 < quality < 0.80 :     19975 elements
Info    : 0.80 < quality < 0.90 :      2652 elements
Info    : 0.90 < quality < 1.00 :      1876 elements
Info    : Optimizing volume 2
Info    : Optimization starts (volume = 0.256538) with worst = 0.101893 / average = 0.741311:
Info    : 0.00 < quality < 0.10 :         0 elements
Info    : 0.10 < quality < 0.20 :         1 elements
Info    : 0.20 < quality < 0.30 :        10 elements
Info    : 0.30 < quality < 0.40 :        15 elements
Info    : 0.40 < quality < 0.50 :        19 elements
Info    : 0.50 < quality < 0.60 :        37 elements
Info    : 0.60 < quality < 0.70 :        71 elements
Info    : 0.70 < quality < 0.80 :       175 elements
Info    : 0.80 < quality < 0.90 :       159 elements
Info    : 0.90 < quality < 1.00 :        57 elements
Info    : 10 edge swaps, 1 node relocations (volume = 0.256538): worst = 0.274738 / average = 0.754775 (Wall 0.000518543s, CPU 0s)
Info    : No ill-shaped tets in the mesh :-)
Info    : 0.00 < quality < 0.10 :         0 elements
Info    : 0.10 < quality < 0.20 :         0 elements
Info    : 0.20 < quality < 0.30 :         1 elements
Info    : 0.30 < quality < 0.40 :        15 elements
Info    : 0.40 < quality < 0.50 :        16 elements
Info    : 0.50 < quality < 0.60 :        33 elements
Info    : 0.60 < quality < 0.70 :        72 elements
Info    : 0.70 < quality < 0.80 :       177 elements
Info    : 0.80 < quality < 0.90 :       163 elements
Info    : 0.90 < quality < 1.00 :        57 elements
Info    : Done optimizing mesh (Wall 0.0684474s, CPU 0.066737s)
Info    : 13646 nodes 68466 elements
Info    : Meshing order 2 (curvilinear on)...
Info    : [  0%] Meshing curve 1 order 2
Info    : [ 10%] Meshing curve 2 order 2
Info    : [ 20%] Meshing curve 3 order 2
Info    : [ 20%] Meshing curve 4 order 2
Info    : [ 30%] Meshing curve 5 order 2
Info    : [ 30%] Meshing curve 6 order 2
Info    : [ 40%] Meshing curve 7 order 2
Info    : [ 40%] Meshing curve 8 order 2
Info    : [ 50%] Meshing curve 9 order 2
Info    : [ 50%] Meshing curve 10 order 2
Info    : [ 60%] Meshing curve 11 order 2
Info    : [ 60%] Meshing curve 12 order 2
Info    : [ 70%] Meshing surface 1 order 2
Info    : [ 70%] Meshing surface 2 order 2
Info    : [ 80%] Meshing surface 3 order 2
Info    : [ 80%] Meshing surface 4 order 2
Info    : [ 90%] Meshing surface 5 order 2
Info    : [ 90%] Meshing surface 6 order 2
Info    : [100%] Meshing volume 1 order 2
Info    : [100%] Meshing volume 2 order 2
Info    : Surface mesh: worst distortion = 0.797589 (0 elements in ]0, 0.2]); worst gamma = 0.229008
Info    : Volume mesh: worst distortion = 0.245215 (0 elements in ]0, 0.2])
Info    : Done meshing order 2 (Wall 11.362s, CPU 11.3575s)
Info    : Writing '/home/user/mscr-mom/현서/scripts/contact_scenarios/fea/matv2_mesh_LPT750_phiN60_b0_s95.inp'...
Info    : Done writing '/home/user/mscr-mom/현서/scripts/contact_scenarios/fea/matv2_mesh_LPT750_phiN60_b0_s95.inp'
  [LPT750_phiN60_b0] F_mag=0.0002mN  (253.0s)
[LPT750_phiN60_b0] 완료: 3/4 성공
