[DEPTH875_phiN60_d200_b0 1/2] L_M=87.5, phi=-60.0, beta=0.0, s=10.0mm, push_depth=0.2mm ...
Info    : Meshing 1D...
Info    : [  0%] Meshing curve 1 (BSpline)
Info    : [ 10%] Meshing curve 2 (Ellipse)
Info    : [ 20%] Meshing curve 3 (Ellipse)
Info    : [ 30%] Meshing curve 4 (BSpline)
Info    : [ 40%] Meshing curve 5 (BSpline)
Info    : [ 50%] Meshing curve 6 (BSpline)
Info    : [ 60%] Meshing curve 7 (BSpline)
Info    : [ 60%] Meshing curve 8 (BSpline)
Info    : [ 70%] Meshing curve 9 (BSpline)
Info    : [ 90%] Meshing curve 11 (Circle)
Info    : Done meshing 1D (Wall 0.0171682s, CPU 0.01712s)
Info    : Meshing 2D...
Info    : [  0%] Meshing surface 1 (Plane, Frontal-Delaunay)
Info    : [ 20%] Meshing surface 2 (Plane, Frontal-Delaunay)
Info    : [ 40%] Meshing surface 3 (BSpline surface, Frontal-Delaunay)
Info    : [ 60%] Meshing surface 4 (BSpline surface, Frontal-Delaunay)
Info    : [ 70%] Meshing surface 5 (Plane, Frontal-Delaunay)
Info    : [ 90%] Meshing surface 6 (Sphere, Frontal-Delaunay)
Info    : Done meshing 2D (Wall 0.764759s, CPU 0.755114s)
Info    : Meshing 3D...
Info    : 3D Meshing 2 volumes with 2 connected components
Info    : Tetrahedrizing 12479 nodes...
Info    : Done tetrahedrizing 12487 nodes (Wall 0.133323s, CPU 0.123361s)
Info    : Reconstructing mesh...
Info    :  - Creating surface mesh
Info    :  - Identifying boundary edges
Info    :  - Recovering boundary
Info    : Done reconstructing mesh (Wall 0.367778s, CPU 0.338795s)
Info    : Found volume 1
Info    : It. 0 - 0 nodes created - worst tet radius 1.09117 (nodes removed 0 0)
Info    : It. 500 - 500 nodes created - worst tet radius 1.0007 (nodes removed 0 0)
Info    : 3D refinement terminated (13209 nodes total):
Info    :  - 0 Delaunay cavities modified for star shapeness
Info    :  - 0 nodes could not be inserted
Info    :  - 42485 tetrahedra created in 0.0285932 sec. (1485840 tets/s)
Info    : 0 node relocations
Info    : Tetrahedrizing 134 nodes...
Info    : Done tetrahedrizing 142 nodes (Wall 0.00075459s, CPU 0.000755s)
Info    : Reconstructing mesh...
Info    :  - Creating surface mesh
Info    :  - Identifying boundary edges
Info    :  - Recovering boundary
Info    : Done reconstructing mesh (Wall 0.00175199s, CPU 0.001755s)
Info    : Found volume 2
Info    : It. 0 - 0 nodes created - worst tet radius 3.13588 (nodes removed 0 0)
Info    : 3D refinement terminated (12696 nodes total):
Info    :  - 0 Delaunay cavities modified for star shapeness
Info    :  - 0 nodes could not be inserted
Info    :  - 522 tetrahedra created in 0.00298523 sec. (174861 tets/s)
Info    : 0 node relocations
Info    : Done meshing 3D (Wall 0.647877s, CPU 0.61883s)
Info    : Optimizing mesh...
Info    : Optimizing volume 1
Info    : Optimization starts (volume = 235.601) with worst = 0.00378155 / average = 0.68405:
Info    : 0.00 < quality < 0.10 :       180 elements
Info    : 0.10 < quality < 0.20 :       426 elements
Info    : 0.20 < quality < 0.30 :       790 elements
Info    : 0.30 < quality < 0.40 :       830 elements
Info    : 0.40 < quality < 0.50 :      1512 elements
Info    : 0.50 < quality < 0.60 :      3788 elements
Info    : 0.60 < quality < 0.70 :     10524 elements
Info    : 0.70 < quality < 0.80 :     20272 elements
Info    : 0.80 < quality < 0.90 :      2372 elements
Info    : 0.90 < quality < 1.00 :      1791 elements
Info    : 1327 edge swaps, 15 node relocations (volume = 235.601): worst = 0.10195 / average = 0.701864 (Wall 0.0147271s, CPU 0.014728s)
Info    : 1392 edge swaps, 16 node relocations (volume = 235.601): worst = 0.125985 / average = 0.702532 (Wall 0.0176865s, CPU 0.017689s)
Info    : 1395 edge swaps, 16 node relocations (volume = 235.601): worst = 0.125985 / average = 0.702568 (Wall 0.0198216s, CPU 0.019824s)
Info    : No ill-shaped tets in the mesh :-)
Info    : 0.00 < quality < 0.10 :         0 elements
Info    : 0.10 < quality < 0.20 :         3 elements
Info    : 0.20 < quality < 0.30 :        26 elements
Info    : 0.30 < quality < 0.40 :       702 elements
Info    : 0.40 < quality < 0.50 :      1231 elements
Info    : 0.50 < quality < 0.60 :      3855 elements
Info    : 0.60 < quality < 0.70 :     11073 elements
Info    : 0.70 < quality < 0.80 :     20028 elements
Info    : 0.80 < quality < 0.90 :      2523 elements
Info    : 0.90 < quality < 1.00 :      1797 elements
Info    : Optimizing volume 2
Info    : Optimization starts (volume = 0.256681) with worst = 0.0785969 / average = 0.740192:
Info    : 0.00 < quality < 0.10 :         2 elements
Info    : 0.10 < quality < 0.20 :         3 elements
Info    : 0.20 < quality < 0.30 :         4 elements
Info    : 0.30 < quality < 0.40 :        11 elements
Info    : 0.40 < quality < 0.50 :        28 elements
Info    : 0.50 < quality < 0.60 :        18 elements
Info    : 0.60 < quality < 0.70 :        88 elements
Info    : 0.70 < quality < 0.80 :       175 elements
Info    : 0.80 < quality < 0.90 :       141 elements
Info    : 0.90 < quality < 1.00 :        52 elements
Info    : 9 edge swaps, 0 node relocations (volume = 0.256681): worst = 0.314124 / average = 0.752648 (Wall 0.0001194s, CPU 0.00012s)
Info    : No ill-shaped tets in the mesh :-)
Info    : 0.00 < quality < 0.10 :         0 elements
Info    : 0.10 < quality < 0.20 :         0 elements
Info    : 0.20 < quality < 0.30 :         0 elements
Info    : 0.30 < quality < 0.40 :        10 elements
Info    : 0.40 < quality < 0.50 :        24 elements
Info    : 0.50 < quality < 0.60 :        17 elements
Info    : 0.60 < quality < 0.70 :        90 elements
Info    : 0.70 < quality < 0.80 :       179 elements
Info    : 0.80 < quality < 0.90 :       141 elements
Info    : 0.90 < quality < 1.00 :        52 elements
Info    : Done optimizing mesh (Wall 0.0426834s, CPU 0.042683s)
Info    : 13611 nodes 68214 elements
Info    : Meshing order 2 (curvilinear on)...
Info    : [  0%] Meshing curve 1 order 2
Info    : [ 10%] Meshing curve 2 order 2
Info    : [ 20%] Meshing curve 3 order 2
Info    : [ 20%] Meshing curve 4 order 2
Info    : [ 30%] Meshing curve 5 order 2
Info    : [ 30%] Meshing curve 6 order 2
Info    : [ 40%] Meshing curve 7 order 2
Info    : [ 40%] Meshing curve 8 order 2
Info    : [ 50%] Meshing curve 9 order 2
Info    : [ 50%] Meshing curve 10 order 2
Info    : [ 60%] Meshing curve 11 order 2
Info    : [ 60%] Meshing curve 12 order 2
Info    : [ 70%] Meshing surface 1 order 2
Info    : [ 70%] Meshing surface 2 order 2
Info    : [ 80%] Meshing surface 3 order 2
Info    : [ 80%] Meshing surface 4 order 2
Info    : [ 90%] Meshing surface 5 order 2
Info    : [ 90%] Meshing surface 6 order 2
Info    : [100%] Meshing volume 1 order 2
Info    : [100%] Meshing volume 2 order 2
Info    : Surface mesh: worst distortion = 0.797589 (0 elements in ]0, 0.2]); worst gamma = 0.632317
Info    : Volume mesh: worst distortion = 0.203345 (0 elements in ]0, 0.2])
Info    : Done meshing order 2 (Wall 13.8069s, CPU 13.7619s)
Info    : Writing '/home/user/mscr-mom/현서/scripts/contact_scenarios/fea/matv2_mesh_DEPTH875_phiN60_d200_b0_s10.inp'...
Info    : Done writing '/home/user/mscr-mom/현서/scripts/contact_scenarios/fea/matv2_mesh_DEPTH875_phiN60_d200_b0_s10.inp'
  [DEPTH875_phiN60_d200_b0] F_mag=0.3164mN  (643.9s)
[DEPTH875_phiN60_d200_b0 2/2] L_M=87.5, phi=-60.0, beta=0.0, s=20.0mm, push_depth=0.2mm ...
Info    : Meshing 1D...
Info    : [  0%] Meshing curve 1 (BSpline)
Info    : [ 10%] Meshing curve 2 (Ellipse)
Info    : [ 20%] Meshing curve 3 (Ellipse)
Info    : [ 30%] Meshing curve 4 (BSpline)
Info    : [ 40%] Meshing curve 5 (BSpline)
Info    : [ 50%] Meshing curve 6 (BSpline)
Info    : [ 60%] Meshing curve 7 (BSpline)
Info    : [ 60%] Meshing curve 8 (BSpline)
Info    : [ 70%] Meshing curve 9 (BSpline)
Info    : [ 90%] Meshing curve 11 (Circle)
Info    : Done meshing 1D (Wall 0.0173098s, CPU 0.017245s)
Info    : Meshing 2D...
Info    : [  0%] Meshing surface 1 (Plane, Frontal-Delaunay)
Info    : [ 20%] Meshing surface 2 (Plane, Frontal-Delaunay)
Info    : [ 40%] Meshing surface 3 (BSpline surface, Frontal-Delaunay)
Info    : [ 60%] Meshing surface 4 (BSpline surface, Frontal-Delaunay)
Info    : [ 70%] Meshing surface 5 (Plane, Frontal-Delaunay)
Info    : [ 90%] Meshing surface 6 (Sphere, Frontal-Delaunay)
Info    : Done meshing 2D (Wall 0.750469s, CPU 0.750381s)
Info    : Meshing 3D...
Info    : 3D Meshing 2 volumes with 2 connected components
Info    : Tetrahedrizing 12479 nodes...
Info    : Done tetrahedrizing 12487 nodes (Wall 0.128905s, CPU 0.124904s)
Info    : Reconstructing mesh...
Info    :  - Creating surface mesh
Info    :  - Identifying boundary edges
Info    :  - Recovering boundary
Info    : Done reconstructing mesh (Wall 0.354069s, CPU 0.344056s)
Info    : Found volume 1
Info    : It. 0 - 0 nodes created - worst tet radius 1.09117 (nodes removed 0 0)
Info    : It. 500 - 500 nodes created - worst tet radius 1.0007 (nodes removed 0 0)
Info    : 3D refinement terminated (13209 nodes total):
Info    :  - 0 Delaunay cavities modified for star shapeness
Info    :  - 0 nodes could not be inserted
Info    :  - 42485 tetrahedra created in 0.0310634 sec. (1367687 tets/s)
Info    : 0 node relocations
Info    : Tetrahedrizing 134 nodes...
Info    : Done tetrahedrizing 142 nodes (Wall 0.000770002s, CPU 0.000771s)
Info    : Reconstructing mesh...
Info    :  - Creating surface mesh
Info    :  - Identifying boundary edges
Info    :  - Recovering boundary
Info    : Done reconstructing mesh (Wall 0.00184846s, CPU 0.001844s)
Info    : Found volume 2
Info    : It. 0 - 0 nodes created - worst tet radius 3.13588 (nodes removed 0 0)
Info    : 3D refinement terminated (12696 nodes total):
Info    :  - 0 Delaunay cavities modified for star shapeness
Info    :  - 0 nodes could not be inserted
Info    :  - 522 tetrahedra created in 0.00649369 sec. (80385 tets/s)
Info    : 0 node relocations
Info    : Done meshing 3D (Wall 0.690629s, CPU 0.680578s)
Info    : Optimizing mesh...
Info    : Optimizing volume 1
Info    : Optimization starts (volume = 235.601) with worst = 0.00378155 / average = 0.68405:
Info    : 0.00 < quality < 0.10 :       180 elements
Info    : 0.10 < quality < 0.20 :       426 elements
Info    : 0.20 < quality < 0.30 :       790 elements
Info    : 0.30 < quality < 0.40 :       830 elements
Info    : 0.40 < quality < 0.50 :      1512 elements
Info    : 0.50 < quality < 0.60 :      3788 elements
Info    : 0.60 < quality < 0.70 :     10524 elements
Info    : 0.70 < quality < 0.80 :     20272 elements
Info    : 0.80 < quality < 0.90 :      2372 elements
Info    : 0.90 < quality < 1.00 :      1791 elements
Info    : 1327 edge swaps, 15 node relocations (volume = 235.601): worst = 0.10195 / average = 0.701864 (Wall 0.0200342s, CPU 0.020033s)
Info    : 1392 edge swaps, 16 node relocations (volume = 235.601): worst = 0.125985 / average = 0.702532 (Wall 0.0276098s, CPU 0.027608s)
Info    : 1395 edge swaps, 16 node relocations (volume = 235.601): worst = 0.125985 / average = 0.702568 (Wall 0.0335691s, CPU 0.033567s)
Info    : No ill-shaped tets in the mesh :-)
Info    : 0.00 < quality < 0.10 :         0 elements
Info    : 0.10 < quality < 0.20 :         3 elements
Info    : 0.20 < quality < 0.30 :        26 elements
Info    : 0.30 < quality < 0.40 :       702 elements
Info    : 0.40 < quality < 0.50 :      1231 elements
Info    : 0.50 < quality < 0.60 :      3855 elements
Info    : 0.60 < quality < 0.70 :     11073 elements
Info    : 0.70 < quality < 0.80 :     20028 elements
Info    : 0.80 < quality < 0.90 :      2523 elements
Info    : 0.90 < quality < 1.00 :      1797 elements
Info    : Optimizing volume 2
Info    : Optimization starts (volume = 0.256681) with worst = 0.0785969 / average = 0.740192:
Info    : 0.00 < quality < 0.10 :         2 elements
Info    : 0.10 < quality < 0.20 :         3 elements
Info    : 0.20 < quality < 0.30 :         4 elements
Info    : 0.30 < quality < 0.40 :        11 elements
Info    : 0.40 < quality < 0.50 :        28 elements
Info    : 0.50 < quality < 0.60 :        18 elements
Info    : 0.60 < quality < 0.70 :        88 elements
Info    : 0.70 < quality < 0.80 :       175 elements
Info    : 0.80 < quality < 0.90 :       141 elements
Info    : 0.90 < quality < 1.00 :        52 elements
Info    : 9 edge swaps, 0 node relocations (volume = 0.256681): worst = 0.314124 / average = 0.752648 (Wall 0.000129217s, CPU 0.000133s)
Info    : No ill-shaped tets in the mesh :-)
Info    : 0.00 < quality < 0.10 :         0 elements
Info    : 0.10 < quality < 0.20 :         0 elements
Info    : 0.20 < quality < 0.30 :         0 elements
Info    : 0.30 < quality < 0.40 :        10 elements
Info    : 0.40 < quality < 0.50 :        24 elements
Info    : 0.50 < quality < 0.60 :        17 elements
Info    : 0.60 < quality < 0.70 :        90 elements
Info    : 0.70 < quality < 0.80 :       179 elements
Info    : 0.80 < quality < 0.90 :       141 elements
Info    : 0.90 < quality < 1.00 :        52 elements
Info    : Done optimizing mesh (Wall 0.0693584s, CPU 0.069355s)
Info    : 13611 nodes 68214 elements
Info    : Meshing order 2 (curvilinear on)...
Info    : [  0%] Meshing curve 1 order 2
Info    : [ 10%] Meshing curve 2 order 2
Info    : [ 20%] Meshing curve 3 order 2
Info    : [ 20%] Meshing curve 4 order 2
Info    : [ 30%] Meshing curve 5 order 2
Info    : [ 30%] Meshing curve 6 order 2
Info    : [ 40%] Meshing curve 7 order 2
Info    : [ 40%] Meshing curve 8 order 2
Info    : [ 50%] Meshing curve 9 order 2
Info    : [ 50%] Meshing curve 10 order 2
Info    : [ 60%] Meshing curve 11 order 2
Info    : [ 60%] Meshing curve 12 order 2
Info    : [ 70%] Meshing surface 1 order 2
Info    : [ 70%] Meshing surface 2 order 2
Info    : [ 80%] Meshing surface 3 order 2
Info    : [ 80%] Meshing surface 4 order 2
Info    : [ 90%] Meshing surface 5 order 2
Info    : [ 90%] Meshing surface 6 order 2
Info    : [100%] Meshing volume 1 order 2
Info    : [100%] Meshing volume 2 order 2
Info    : Surface mesh: worst distortion = 0.797589 (0 elements in ]0, 0.2]); worst gamma = 0.632317
Info    : Volume mesh: worst distortion = 0.203345 (0 elements in ]0, 0.2])
Info    : Done meshing order 2 (Wall 13.9827s, CPU 13.9706s)
Info    : Writing '/home/user/mscr-mom/현서/scripts/contact_scenarios/fea/matv2_mesh_DEPTH875_phiN60_d200_b0_s20.inp'...
Info    : Done writing '/home/user/mscr-mom/현서/scripts/contact_scenarios/fea/matv2_mesh_DEPTH875_phiN60_d200_b0_s20.inp'
  [DEPTH875_phiN60_d200_b0] F_mag=0.0427mN  (219.6s)
[DEPTH875_phiN60_d200_b0] 완료: 2/2 성공
