[LMD125_phiN90_b0 1/10] L_M=12.5, phi=-90.0, beta=0.0, s=10.0mm, push_depth=0.1mm ...
Info    : Meshing 1D...
Info    : [  0%] Meshing curve 1 (BSpline)
Info    : [ 10%] Meshing curve 2 (Ellipse)
Info    : [ 20%] Meshing curve 3 (Ellipse)
Info    : [ 30%] Meshing curve 4 (BSpline)
Info    : [ 40%] Meshing curve 5 (BSpline)
Info    : [ 50%] Meshing curve 6 (BSpline)
Info    : [ 60%] Meshing curve 7 (BSpline)
Info    : [ 60%] Meshing curve 8 (BSpline)
Info    : [ 70%] Meshing curve 9 (BSpline)
Info    : [ 90%] Meshing curve 11 (Circle)
Info    : Done meshing 1D (Wall 0.0201093s, CPU 0.018961s)
Info    : Meshing 2D...
Info    : [  0%] Meshing surface 1 (Plane, Frontal-Delaunay)
Info    : [ 20%] Meshing surface 2 (Plane, Frontal-Delaunay)
Info    : [ 40%] Meshing surface 3 (BSpline surface, Frontal-Delaunay)
Info    : [ 60%] Meshing surface 4 (BSpline surface, Frontal-Delaunay)
Info    : [ 70%] Meshing surface 5 (Plane, Frontal-Delaunay)
Info    : [ 90%] Meshing surface 6 (Sphere, Frontal-Delaunay)
Info    : Done meshing 2D (Wall 0.774935s, CPU 0.769467s)
Info    : Meshing 3D...
Info    : 3D Meshing 2 volumes with 2 connected components
Info    : Tetrahedrizing 12458 nodes...
Info    : Done tetrahedrizing 12466 nodes (Wall 0.154034s, CPU 0.143021s)
Info    : Reconstructing mesh...
Info    :  - Creating surface mesh
Info    :  - Identifying boundary edges
Info    :  - Recovering boundary
Info    : Done reconstructing mesh (Wall 0.417154s, CPU 0.382103s)
Info    : Found volume 1
Info    : It. 0 - 0 nodes created - worst tet radius 1.04363 (nodes removed 0 0)
Info    : It. 500 - 500 nodes created - worst tet radius 1.00157 (nodes removed 0 0)
Info    : 3D refinement terminated (13217 nodes total):
Info    :  - 0 Delaunay cavities modified for star shapeness
Info    :  - 0 nodes could not be inserted
Info    :  - 42840 tetrahedra created in 0.035887 sec. (1193747 tets/s)
Info    : 0 node relocations
Info    : Tetrahedrizing 132 nodes...
Info    : Done tetrahedrizing 140 nodes (Wall 0.00071702s, CPU 0.000701s)
Info    : Reconstructing mesh...
Info    :  - Creating surface mesh
Info    :  - Identifying boundary edges
Info    :  - Recovering boundary
Info    : Done reconstructing mesh (Wall 0.00197089s, CPU 0.001957s)
Info    : Found volume 2
Info    : It. 0 - 0 nodes created - worst tet radius 3.15285 (nodes removed 0 0)
Info    : 3D refinement terminated (12674 nodes total):
Info    :  - 0 Delaunay cavities modified for star shapeness
Info    :  - 0 nodes could not be inserted
Info    :  - 517 tetrahedra created in 0.00433695 sec. (119208 tets/s)
Info    : 0 node relocations
Info    : Done meshing 3D (Wall 0.762577s, CPU 0.727428s)
Info    : Optimizing mesh...
Info    : Optimizing volume 1
Info    : Optimization starts (volume = 235.583) with worst = 0.00679222 / average = 0.681049:
Info    : 0.00 < quality < 0.10 :       197 elements
Info    : 0.10 < quality < 0.20 :       543 elements
Info    : 0.20 < quality < 0.30 :       768 elements
Info    : 0.30 < quality < 0.40 :      1143 elements
Info    : 0.40 < quality < 0.50 :      1583 elements
Info    : 0.50 < quality < 0.60 :      4058 elements
Info    : 0.60 < quality < 0.70 :      9600 elements
Info    : 0.70 < quality < 0.80 :     20671 elements
Info    : 0.80 < quality < 0.90 :      2427 elements
Info    : 0.90 < quality < 1.00 :      1850 elements
Info    : 1427 edge swaps, 26 node relocations (volume = 235.583): worst = 0.0487929 / average = 0.699719 (Wall 0.0187167s, CPU 0.018715s)
Info    : 1494 edge swaps, 29 node relocations (volume = 235.583): worst = 0.169335 / average = 0.70045 (Wall 0.0226379s, CPU 0.022638s)
Info    : 1498 edge swaps, 29 node relocations (volume = 235.583): worst = 0.177975 / average = 0.700464 (Wall 0.025454s, CPU 0.025447s)
Info    : No ill-shaped tets in the mesh :-)
Info    : 0.00 < quality < 0.10 :         0 elements
Info    : 0.10 < quality < 0.20 :         3 elements
Info    : 0.20 < quality < 0.30 :        24 elements
Info    : 0.30 < quality < 0.40 :      1011 elements
Info    : 0.40 < quality < 0.50 :      1361 elements
Info    : 0.50 < quality < 0.60 :      4118 elements
Info    : 0.60 < quality < 0.70 :     10218 elements
Info    : 0.70 < quality < 0.80 :     20342 elements
Info    : 0.80 < quality < 0.90 :      2582 elements
Info    : 0.90 < quality < 1.00 :      1856 elements
Info    : Optimizing volume 2
Info    : Optimization starts (volume = 0.256431) with worst = 0.0479947 / average = 0.748251:
Info    : 0.00 < quality < 0.10 :         1 elements
Info    : 0.10 < quality < 0.20 :         1 elements
Info    : 0.20 < quality < 0.30 :         8 elements
Info    : 0.30 < quality < 0.40 :        10 elements
Info    : 0.40 < quality < 0.50 :        16 elements
Info    : 0.50 < quality < 0.60 :        23 elements
Info    : 0.60 < quality < 0.70 :        84 elements
Info    : 0.70 < quality < 0.80 :       164 elements
Info    : 0.80 < quality < 0.90 :       165 elements
Info    : 0.90 < quality < 1.00 :        45 elements
Info    : 10 edge swaps, 0 node relocations (volume = 0.256431): worst = 0.309274 / average = 0.761218 (Wall 0.000142046s, CPU 0.000141s)
Info    : No ill-shaped tets in the mesh :-)
Info    : 0.00 < quality < 0.10 :         0 elements
Info    : 0.10 < quality < 0.20 :         0 elements
Info    : 0.20 < quality < 0.30 :         0 elements
Info    : 0.30 < quality < 0.40 :         9 elements
Info    : 0.40 < quality < 0.50 :        14 elements
Info    : 0.50 < quality < 0.60 :        23 elements
Info    : 0.60 < quality < 0.70 :        84 elements
Info    : 0.70 < quality < 0.80 :       165 elements
Info    : 0.80 < quality < 0.90 :       169 elements
Info    : 0.90 < quality < 1.00 :        43 elements
Info    : Done optimizing mesh (Wall 0.0558569s, CPU 0.054921s)
Info    : 13620 nodes 68436 elements
Info    : Meshing order 2 (curvilinear on)...
Info    : [  0%] Meshing curve 1 order 2
Info    : [ 10%] Meshing curve 2 order 2
Info    : [ 20%] Meshing curve 3 order 2
Info    : [ 20%] Meshing curve 4 order 2
Info    : [ 30%] Meshing curve 5 order 2
Info    : [ 30%] Meshing curve 6 order 2
Info    : [ 40%] Meshing curve 7 order 2
Info    : [ 40%] Meshing curve 8 order 2
Info    : [ 50%] Meshing curve 9 order 2
Info    : [ 50%] Meshing curve 10 order 2
Info    : [ 60%] Meshing curve 11 order 2
Info    : [ 60%] Meshing curve 12 order 2
Info    : [ 70%] Meshing surface 1 order 2
Info    : [ 70%] Meshing surface 2 order 2
Info    : [ 80%] Meshing surface 3 order 2
Info    : [ 80%] Meshing surface 4 order 2
Info    : [ 90%] Meshing surface 5 order 2
Info    : [ 90%] Meshing surface 6 order 2
Info    : [100%] Meshing volume 1 order 2
Info    : [100%] Meshing volume 2 order 2
Info    : Surface mesh: worst distortion = 0.797589 (0 elements in ]0, 0.2]); worst gamma = 0.688723
Info    : Volume mesh: worst distortion = 0.270886 (0 elements in ]0, 0.2])
Info    : Done meshing order 2 (Wall 14.0471s, CPU 14.0448s)
Info    : Writing '/home/user/mscr-mom/현서/scripts/contact_scenarios/fea/matv2_mesh_LMD125_phiN90_b0_s10.inp'...
Info    : Done writing '/home/user/mscr-mom/현서/scripts/contact_scenarios/fea/matv2_mesh_LMD125_phiN90_b0_s10.inp'
  [LMD125_phiN90_b0] F_mag=0.1750mN  (471.4s)
[LMD125_phiN90_b0 2/10] L_M=12.5, phi=-90.0, beta=0.0, s=20.0mm, push_depth=0.1mm ...
Info    : Meshing 1D...
Info    : [  0%] Meshing curve 1 (BSpline)
Info    : [ 10%] Meshing curve 2 (Ellipse)
Info    : [ 20%] Meshing curve 3 (Ellipse)
Info    : [ 30%] Meshing curve 4 (BSpline)
Info    : [ 40%] Meshing curve 5 (BSpline)
Info    : [ 50%] Meshing curve 6 (BSpline)
Info    : [ 60%] Meshing curve 7 (BSpline)
Info    : [ 60%] Meshing curve 8 (BSpline)
Info    : [ 70%] Meshing curve 9 (BSpline)
Info    : [ 90%] Meshing curve 11 (Circle)
Info    : Done meshing 1D (Wall 0.0195996s, CPU 0.019575s)
Info    : Meshing 2D...
Info    : [  0%] Meshing surface 1 (Plane, Frontal-Delaunay)
Info    : [ 20%] Meshing surface 2 (Plane, Frontal-Delaunay)
Info    : [ 40%] Meshing surface 3 (BSpline surface, Frontal-Delaunay)
Info    : [ 60%] Meshing surface 4 (BSpline surface, Frontal-Delaunay)
Info    : [ 70%] Meshing surface 5 (Plane, Frontal-Delaunay)
Info    : [ 90%] Meshing surface 6 (Sphere, Frontal-Delaunay)
Info    : Done meshing 2D (Wall 0.755159s, CPU 0.754008s)
Info    : Meshing 3D...
Info    : 3D Meshing 2 volumes with 2 connected components
Info    : Tetrahedrizing 12458 nodes...
Info    : Done tetrahedrizing 12466 nodes (Wall 0.177032s, CPU 0.155478s)
Info    : Reconstructing mesh...
Info    :  - Creating surface mesh
Info    :  - Identifying boundary edges
Info    :  - Recovering boundary
Info    : Done reconstructing mesh (Wall 0.391926s, CPU 0.356326s)
Info    : Found volume 1
Info    : It. 0 - 0 nodes created - worst tet radius 1.04363 (nodes removed 0 0)
Info    : It. 500 - 500 nodes created - worst tet radius 1.00157 (nodes removed 0 0)
Info    : 3D refinement terminated (13216 nodes total):
Info    :  - 0 Delaunay cavities modified for star shapeness
Info    :  - 0 nodes could not be inserted
Info    :  - 42840 tetrahedra created in 0.0257358 sec. (1664606 tets/s)
Info    : 0 node relocations
Info    : Tetrahedrizing 131 nodes...
Info    : Done tetrahedrizing 139 nodes (Wall 0.000672601s, CPU 0.000672s)
Info    : Reconstructing mesh...
Info    :  - Creating surface mesh
Info    :  - Identifying boundary edges
Info    :  - Recovering boundary
Info    : Done reconstructing mesh (Wall 0.00163503s, CPU 0.001636s)
Info    : Found volume 2
Info    : It. 0 - 0 nodes created - worst tet radius 3.0164 (nodes removed 0 0)
Info    : 3D refinement terminated (12666 nodes total):
Info    :  - 0 Delaunay cavities modified for star shapeness
Info    :  - 0 nodes could not be inserted
Info    :  - 467 tetrahedra created in 0.00281244 sec. (166047 tets/s)
Info    : 0 node relocations
Info    : Done meshing 3D (Wall 0.674514s, CPU 0.638866s)
Info    : Optimizing mesh...
Info    : Optimizing volume 1
Info    : Optimization starts (volume = 235.583) with worst = 0.00679222 / average = 0.681049:
Info    : 0.00 < quality < 0.10 :       197 elements
Info    : 0.10 < quality < 0.20 :       543 elements
Info    : 0.20 < quality < 0.30 :       768 elements
Info    : 0.30 < quality < 0.40 :      1143 elements
Info    : 0.40 < quality < 0.50 :      1583 elements
Info    : 0.50 < quality < 0.60 :      4058 elements
Info    : 0.60 < quality < 0.70 :      9600 elements
Info    : 0.70 < quality < 0.80 :     20671 elements
Info    : 0.80 < quality < 0.90 :      2427 elements
Info    : 0.90 < quality < 1.00 :      1850 elements
Info    : 1427 edge swaps, 26 node relocations (volume = 235.583): worst = 0.0487929 / average = 0.699719 (Wall 0.016658s, CPU 0.016657s)
Info    : 1494 edge swaps, 29 node relocations (volume = 235.583): worst = 0.169335 / average = 0.70045 (Wall 0.0202484s, CPU 0.020249s)
Info    : 1498 edge swaps, 29 node relocations (volume = 235.583): worst = 0.177975 / average = 0.700464 (Wall 0.0228941s, CPU 0.022895s)
Info    : No ill-shaped tets in the mesh :-)
Info    : 0.00 < quality < 0.10 :         0 elements
Info    : 0.10 < quality < 0.20 :         3 elements
Info    : 0.20 < quality < 0.30 :        24 elements
Info    : 0.30 < quality < 0.40 :      1011 elements
Info    : 0.40 < quality < 0.50 :      1361 elements
Info    : 0.50 < quality < 0.60 :      4118 elements
Info    : 0.60 < quality < 0.70 :     10218 elements
Info    : 0.70 < quality < 0.80 :     20342 elements
Info    : 0.80 < quality < 0.90 :      2582 elements
Info    : 0.90 < quality < 1.00 :      1856 elements
Info    : Optimizing volume 2
Info    : Optimization starts (volume = 0.256396) with worst = 0.0838869 / average = 0.73502:
Info    : 0.00 < quality < 0.10 :         1 elements
Info    : 0.10 < quality < 0.20 :         1 elements
Info    : 0.20 < quality < 0.30 :         8 elements
Info    : 0.30 < quality < 0.40 :        12 elements
Info    : 0.40 < quality < 0.50 :        13 elements
Info    : 0.50 < quality < 0.60 :        27 elements
Info    : 0.60 < quality < 0.70 :        85 elements
Info    : 0.70 < quality < 0.80 :       170 elements
Info    : 0.80 < quality < 0.90 :       108 elements
Info    : 0.90 < quality < 1.00 :        42 elements
Info    : 9 edge swaps, 0 node relocations (volume = 0.256396): worst = 0.226849 / average = 0.746527 (Wall 0.00013722s, CPU 0.000139s)
Info    : 10 edge swaps, 0 node relocations (volume = 0.256396): worst = 0.305805 / average = 0.747934 (Wall 0.000186335s, CPU 0.000188s)
Info    : No ill-shaped tets in the mesh :-)
Info    : 0.00 < quality < 0.10 :         0 elements
Info    : 0.10 < quality < 0.20 :         0 elements
Info    : 0.20 < quality < 0.30 :         0 elements
Info    : 0.30 < quality < 0.40 :        12 elements
Info    : 0.40 < quality < 0.50 :        10 elements
Info    : 0.50 < quality < 0.60 :        27 elements
Info    : 0.60 < quality < 0.70 :        84 elements
Info    : 0.70 < quality < 0.80 :       174 elements
Info    : 0.80 < quality < 0.90 :       109 elements
Info    : 0.90 < quality < 1.00 :        42 elements
Info    : Done optimizing mesh (Wall 0.0475854s, CPU 0.047583s)
Info    : 13612 nodes 68385 elements
Info    : Meshing order 2 (curvilinear on)...
Info    : [  0%] Meshing curve 1 order 2
Info    : [ 10%] Meshing curve 2 order 2
Info    : [ 20%] Meshing curve 3 order 2
Info    : [ 20%] Meshing curve 4 order 2
Info    : [ 30%] Meshing curve 5 order 2
Info    : [ 30%] Meshing curve 6 order 2
Info    : [ 40%] Meshing curve 7 order 2
Info    : [ 40%] Meshing curve 8 order 2
Info    : [ 50%] Meshing curve 9 order 2
Info    : [ 50%] Meshing curve 10 order 2
Info    : [ 60%] Meshing curve 11 order 2
Info    : [ 60%] Meshing curve 12 order 2
Info    : [ 70%] Meshing surface 1 order 2
Info    : [ 70%] Meshing surface 2 order 2
Info    : [ 80%] Meshing surface 3 order 2
Info    : [ 80%] Meshing surface 4 order 2
Info    : [ 90%] Meshing surface 5 order 2
Info    : [ 90%] Meshing surface 6 order 2
Info    : [100%] Meshing volume 1 order 2
Info    : [100%] Meshing volume 2 order 2
Info    : Surface mesh: worst distortion = 0.797589 (0 elements in ]0, 0.2]); worst gamma = 0.632589
Info    : Volume mesh: worst distortion = 0.270886 (0 elements in ]0, 0.2])
Info    : Done meshing order 2 (Wall 14.1005s, CPU 14.0881s)
Info    : Writing '/home/user/mscr-mom/현서/scripts/contact_scenarios/fea/matv2_mesh_LMD125_phiN90_b0_s20.inp'...
Info    : Done writing '/home/user/mscr-mom/현서/scripts/contact_scenarios/fea/matv2_mesh_LMD125_phiN90_b0_s20.inp'
  [LMD125_phiN90_b0] F_mag=0.0160mN  (354.3s)
[LMD125_phiN90_b0 3/10] L_M=12.5, phi=-90.0, beta=0.0, s=30.0mm, push_depth=0.1mm ...
Info    : Meshing 1D...
Info    : [  0%] Meshing curve 1 (BSpline)
Info    : [ 10%] Meshing curve 2 (Ellipse)
Info    : [ 20%] Meshing curve 3 (Ellipse)
Info    : [ 30%] Meshing curve 4 (BSpline)
Info    : [ 40%] Meshing curve 5 (BSpline)
Info    : [ 50%] Meshing curve 6 (BSpline)
Info    : [ 60%] Meshing curve 7 (BSpline)
Info    : [ 60%] Meshing curve 8 (BSpline)
Info    : [ 70%] Meshing curve 9 (BSpline)
Info    : [ 90%] Meshing curve 11 (Circle)
Info    : Done meshing 1D (Wall 0.0197072s, CPU 0.019671s)
Info    : Meshing 2D...
Info    : [  0%] Meshing surface 1 (Plane, Frontal-Delaunay)
Info    : [ 20%] Meshing surface 2 (Plane, Frontal-Delaunay)
Info    : [ 40%] Meshing surface 3 (BSpline surface, Frontal-Delaunay)
Info    : [ 60%] Meshing surface 4 (BSpline surface, Frontal-Delaunay)
Info    : [ 70%] Meshing surface 5 (Plane, Frontal-Delaunay)
Info    : [ 90%] Meshing surface 6 (Sphere, Frontal-Delaunay)
Info    : Done meshing 2D (Wall 0.786752s, CPU 0.786189s)
Info    : Meshing 3D...
Info    : 3D Meshing 2 volumes with 2 connected components
Info    : Tetrahedrizing 12458 nodes...
Info    : Done tetrahedrizing 12466 nodes (Wall 0.149178s, CPU 0.146188s)
Info    : Reconstructing mesh...
Info    :  - Creating surface mesh
Info    :  - Identifying boundary edges
Info    :  - Recovering boundary
Info    : Done reconstructing mesh (Wall 0.391762s, CPU 0.377807s)
Info    : Found volume 1
Info    : It. 0 - 0 nodes created - worst tet radius 1.04363 (nodes removed 0 0)
Info    : It. 500 - 500 nodes created - worst tet radius 1.00157 (nodes removed 0 0)
Info    : 3D refinement terminated (13216 nodes total):
Info    :  - 0 Delaunay cavities modified for star shapeness
Info    :  - 0 nodes could not be inserted
Info    :  - 42840 tetrahedra created in 0.0322803 sec. (1327123 tets/s)
Info    : 0 node relocations
Info    : Tetrahedrizing 131 nodes...
Info    : Done tetrahedrizing 139 nodes (Wall 0.000688983s, CPU 0.000689s)
Info    : Reconstructing mesh...
Info    :  - Creating surface mesh
Info    :  - Identifying boundary edges
Info    :  - Recovering boundary
Info    : Done reconstructing mesh (Wall 0.00169426s, CPU 0.001694s)
Info    : Found volume 2
Info    : It. 0 - 0 nodes created - worst tet radius 3.0164 (nodes removed 0 0)
Info    : 3D refinement terminated (12666 nodes total):
Info    :  - 0 Delaunay cavities modified for star shapeness
Info    :  - 0 nodes could not be inserted
Info    :  - 467 tetrahedra created in 0.00408253 sec. (114389 tets/s)
Info    : 0 node relocations
Info    : Done meshing 3D (Wall 0.71082s, CPU 0.694761s)
Info    : Optimizing mesh...
Info    : Optimizing volume 1
Info    : Optimization starts (volume = 235.583) with worst = 0.00679222 / average = 0.681049:
Info    : 0.00 < quality < 0.10 :       197 elements
Info    : 0.10 < quality < 0.20 :       543 elements
Info    : 0.20 < quality < 0.30 :       768 elements
Info    : 0.30 < quality < 0.40 :      1143 elements
Info    : 0.40 < quality < 0.50 :      1583 elements
Info    : 0.50 < quality < 0.60 :      4058 elements
Info    : 0.60 < quality < 0.70 :      9600 elements
Info    : 0.70 < quality < 0.80 :     20671 elements
Info    : 0.80 < quality < 0.90 :      2427 elements
Info    : 0.90 < quality < 1.00 :      1850 elements
Info    : 1427 edge swaps, 26 node relocations (volume = 235.583): worst = 0.0487929 / average = 0.699719 (Wall 0.0158647s, CPU 0.015863s)
Info    : 1494 edge swaps, 29 node relocations (volume = 235.583): worst = 0.169335 / average = 0.70045 (Wall 0.0193154s, CPU 0.019315s)
Info    : 1498 edge swaps, 29 node relocations (volume = 235.583): worst = 0.177975 / average = 0.700464 (Wall 0.0216641s, CPU 0.021664s)
Info    : No ill-shaped tets in the mesh :-)
Info    : 0.00 < quality < 0.10 :         0 elements
Info    : 0.10 < quality < 0.20 :         3 elements
Info    : 0.20 < quality < 0.30 :        24 elements
Info    : 0.30 < quality < 0.40 :      1011 elements
Info    : 0.40 < quality < 0.50 :      1361 elements
Info    : 0.50 < quality < 0.60 :      4118 elements
Info    : 0.60 < quality < 0.70 :     10218 elements
Info    : 0.70 < quality < 0.80 :     20342 elements
Info    : 0.80 < quality < 0.90 :      2582 elements
Info    : 0.90 < quality < 1.00 :      1856 elements
Info    : Optimizing volume 2
Info    : Optimization starts (volume = 0.256396) with worst = 0.0838869 / average = 0.73502:
Info    : 0.00 < quality < 0.10 :         1 elements
Info    : 0.10 < quality < 0.20 :         1 elements
Info    : 0.20 < quality < 0.30 :         8 elements
Info    : 0.30 < quality < 0.40 :        12 elements
Info    : 0.40 < quality < 0.50 :        13 elements
Info    : 0.50 < quality < 0.60 :        27 elements
Info    : 0.60 < quality < 0.70 :        85 elements
Info    : 0.70 < quality < 0.80 :       170 elements
Info    : 0.80 < quality < 0.90 :       108 elements
Info    : 0.90 < quality < 1.00 :        42 elements
Info    : 9 edge swaps, 0 node relocations (volume = 0.256396): worst = 0.226849 / average = 0.746527 (Wall 0.000141015s, CPU 0.000143s)
Info    : 10 edge swaps, 0 node relocations (volume = 0.256396): worst = 0.305805 / average = 0.747934 (Wall 0.000181888s, CPU 0.000183s)
Info    : No ill-shaped tets in the mesh :-)
Info    : 0.00 < quality < 0.10 :         0 elements
Info    : 0.10 < quality < 0.20 :         0 elements
Info    : 0.20 < quality < 0.30 :         0 elements
Info    : 0.30 < quality < 0.40 :        12 elements
Info    : 0.40 < quality < 0.50 :        10 elements
Info    : 0.50 < quality < 0.60 :        27 elements
Info    : 0.60 < quality < 0.70 :        84 elements
Info    : 0.70 < quality < 0.80 :       174 elements
Info    : 0.80 < quality < 0.90 :       109 elements
Info    : 0.90 < quality < 1.00 :        42 elements
Info    : Done optimizing mesh (Wall 0.0475881s, CPU 0.047587s)
Info    : 13612 nodes 68385 elements
Info    : Meshing order 2 (curvilinear on)...
Info    : [  0%] Meshing curve 1 order 2
Info    : [ 10%] Meshing curve 2 order 2
Info    : [ 20%] Meshing curve 3 order 2
Info    : [ 20%] Meshing curve 4 order 2
Info    : [ 30%] Meshing curve 5 order 2
Info    : [ 30%] Meshing curve 6 order 2
Info    : [ 40%] Meshing curve 7 order 2
Info    : [ 40%] Meshing curve 8 order 2
Info    : [ 50%] Meshing curve 9 order 2
Info    : [ 50%] Meshing curve 10 order 2
Info    : [ 60%] Meshing curve 11 order 2
Info    : [ 60%] Meshing curve 12 order 2
Info    : [ 70%] Meshing surface 1 order 2
Info    : [ 70%] Meshing surface 2 order 2
Info    : [ 80%] Meshing surface 3 order 2
Info    : [ 80%] Meshing surface 4 order 2
Info    : [ 90%] Meshing surface 5 order 2
Info    : [ 90%] Meshing surface 6 order 2
Info    : [100%] Meshing volume 1 order 2
Info    : [100%] Meshing volume 2 order 2
Info    : Surface mesh: worst distortion = 0.797589 (0 elements in ]0, 0.2]); worst gamma = 0.632589
Info    : Volume mesh: worst distortion = 0.270886 (0 elements in ]0, 0.2])
Info    : Done meshing order 2 (Wall 14.1015s, CPU 14.0982s)
Info    : Writing '/home/user/mscr-mom/현서/scripts/contact_scenarios/fea/matv2_mesh_LMD125_phiN90_b0_s30.inp'...
Info    : Done writing '/home/user/mscr-mom/현서/scripts/contact_scenarios/fea/matv2_mesh_LMD125_phiN90_b0_s30.inp'
  [LMD125_phiN90_b0] [실패] (467.8s)
[LMD125_phiN90_b0 4/10] L_M=12.5, phi=-90.0, beta=0.0, s=40.0mm, push_depth=0.1mm ...
Info    : Meshing 1D...
Info    : [  0%] Meshing curve 1 (BSpline)
Info    : [ 10%] Meshing curve 2 (Ellipse)
Info    : [ 20%] Meshing curve 3 (Ellipse)
Info    : [ 30%] Meshing curve 4 (BSpline)
Info    : [ 40%] Meshing curve 5 (BSpline)
Info    : [ 50%] Meshing curve 6 (BSpline)
Info    : [ 60%] Meshing curve 7 (BSpline)
Info    : [ 60%] Meshing curve 8 (BSpline)
Info    : [ 70%] Meshing curve 9 (BSpline)
Info    : [ 90%] Meshing curve 11 (Circle)
Info    : Done meshing 1D (Wall 0.0197073s, CPU 0.019708s)
Info    : Meshing 2D...
Info    : [  0%] Meshing surface 1 (Plane, Frontal-Delaunay)
Info    : [ 20%] Meshing surface 2 (Plane, Frontal-Delaunay)
Info    : [ 40%] Meshing surface 3 (BSpline surface, Frontal-Delaunay)
Info    : [ 60%] Meshing surface 4 (BSpline surface, Frontal-Delaunay)
Info    : [ 70%] Meshing surface 5 (Plane, Frontal-Delaunay)
Info    : [ 90%] Meshing surface 6 (Sphere, Frontal-Delaunay)
Info    : Done meshing 2D (Wall 0.848247s, CPU 0.83944s)
Info    : Meshing 3D...
Info    : 3D Meshing 2 volumes with 2 connected components
Info    : Tetrahedrizing 12458 nodes...
Info    : Done tetrahedrizing 12466 nodes (Wall 0.149207s, CPU 0.142213s)
Info    : Reconstructing mesh...
Info    :  - Creating surface mesh
Info    :  - Identifying boundary edges
Info    :  - Recovering boundary
Info    : Done reconstructing mesh (Wall 0.363998s, CPU 0.349924s)
Info    : Found volume 1
Info    : It. 0 - 0 nodes created - worst tet radius 1.04363 (nodes removed 0 0)
Info    : It. 500 - 500 nodes created - worst tet radius 1.00157 (nodes removed 0 0)
Info    : 3D refinement terminated (13217 nodes total):
Info    :  - 0 Delaunay cavities modified for star shapeness
Info    :  - 0 nodes could not be inserted
Info    :  - 42840 tetrahedra created in 0.0240432 sec. (1781793 tets/s)
Info    : 0 node relocations
Info    : Tetrahedrizing 132 nodes...
Info    : Done tetrahedrizing 140 nodes (Wall 0.000700929s, CPU 0s)
Info    : Reconstructing mesh...
Info    :  - Creating surface mesh
Info    :  - Identifying boundary edges
Info    :  - Recovering boundary
Info    : Done reconstructing mesh (Wall 0.0016758s, CPU 0.000685s)
Info    : Found volume 2
Info    : It. 0 - 0 nodes created - worst tet radius 3.12912 (nodes removed 0 0)
Info    : 3D refinement terminated (12671 nodes total):
Info    :  - 0 Delaunay cavities modified for star shapeness
Info    :  - 0 nodes could not be inserted
Info    :  - 484 tetrahedra created in 0.00229288 sec. (211088 tets/s)
Info    : 0 node relocations
Info    : Done meshing 3D (Wall 0.6563s, CPU 0.641202s)
Info    : Optimizing mesh...
Info    : Optimizing volume 1
Info    : Optimization starts (volume = 235.583) with worst = 0.00679222 / average = 0.681049:
Info    : 0.00 < quality < 0.10 :       197 elements
Info    : 0.10 < quality < 0.20 :       543 elements
Info    : 0.20 < quality < 0.30 :       768 elements
Info    : 0.30 < quality < 0.40 :      1143 elements
Info    : 0.40 < quality < 0.50 :      1583 elements
Info    : 0.50 < quality < 0.60 :      4058 elements
Info    : 0.60 < quality < 0.70 :      9600 elements
Info    : 0.70 < quality < 0.80 :     20671 elements
Info    : 0.80 < quality < 0.90 :      2427 elements
Info    : 0.90 < quality < 1.00 :      1850 elements
Info    : 1427 edge swaps, 26 node relocations (volume = 235.583): worst = 0.0487929 / average = 0.699719 (Wall 0.0169889s, CPU 0.016996s)
Info    : 1494 edge swaps, 29 node relocations (volume = 235.583): worst = 0.169335 / average = 0.70045 (Wall 0.0201668s, CPU 0.020176s)
Info    : 1498 edge swaps, 29 node relocations (volume = 235.583): worst = 0.177975 / average = 0.700464 (Wall 0.0223647s, CPU 0.022374s)
Info    : No ill-shaped tets in the mesh :-)
Info    : 0.00 < quality < 0.10 :         0 elements
Info    : 0.10 < quality < 0.20 :         3 elements
Info    : 0.20 < quality < 0.30 :        24 elements
Info    : 0.30 < quality < 0.40 :      1011 elements
Info    : 0.40 < quality < 0.50 :      1361 elements
Info    : 0.50 < quality < 0.60 :      4118 elements
Info    : 0.60 < quality < 0.70 :     10218 elements
Info    : 0.70 < quality < 0.80 :     20342 elements
Info    : 0.80 < quality < 0.90 :      2582 elements
Info    : 0.90 < quality < 1.00 :      1856 elements
Info    : Optimizing volume 2
Info    : Optimization starts (volume = 0.256432) with worst = 0.0653347 / average = 0.76556:
Info    : 0.00 < quality < 0.10 :         2 elements
Info    : 0.10 < quality < 0.20 :         1 elements
Info    : 0.20 < quality < 0.30 :         4 elements
Info    : 0.30 < quality < 0.40 :         3 elements
Info    : 0.40 < quality < 0.50 :        10 elements
Info    : 0.50 < quality < 0.60 :        13 elements
Info    : 0.60 < quality < 0.70 :        66 elements
Info    : 0.70 < quality < 0.80 :       188 elements
Info    : 0.80 < quality < 0.90 :       142 elements
Info    : 0.90 < quality < 1.00 :        55 elements
Info    : 7 edge swaps, 2 node relocations (volume = 0.256432): worst = 0.305723 / average = 0.772649 (Wall 0.000132902s, CPU 0.000133s)
Info    : No ill-shaped tets in the mesh :-)
Info    : 0.00 < quality < 0.10 :         0 elements
Info    : 0.10 < quality < 0.20 :         0 elements
Info    : 0.20 < quality < 0.30 :         0 elements
Info    : 0.30 < quality < 0.40 :         4 elements
Info    : 0.40 < quality < 0.50 :        11 elements
Info    : 0.50 < quality < 0.60 :        12 elements
Info    : 0.60 < quality < 0.70 :        66 elements
Info    : 0.70 < quality < 0.80 :       186 elements
Info    : 0.80 < quality < 0.90 :       144 elements
Info    : 0.90 < quality < 1.00 :        56 elements
Info    : Done optimizing mesh (Wall 0.0466133s, CPU 0.04573s)
Info    : 13617 nodes 68408 elements
Info    : Meshing order 2 (curvilinear on)...
Info    : [  0%] Meshing curve 1 order 2
Info    : [ 10%] Meshing curve 2 order 2
Info    : [ 20%] Meshing curve 3 order 2
Info    : [ 20%] Meshing curve 4 order 2
Info    : [ 30%] Meshing curve 5 order 2
Info    : [ 30%] Meshing curve 6 order 2
Info    : [ 40%] Meshing curve 7 order 2
Info    : [ 40%] Meshing curve 8 order 2
Info    : [ 50%] Meshing curve 9 order 2
Info    : [ 50%] Meshing curve 10 order 2
Info    : [ 60%] Meshing curve 11 order 2
Info    : [ 60%] Meshing curve 12 order 2
Info    : [ 70%] Meshing surface 1 order 2
Info    : [ 70%] Meshing surface 2 order 2
Info    : [ 80%] Meshing surface 3 order 2
Info    : [ 80%] Meshing surface 4 order 2
Info    : [ 90%] Meshing surface 5 order 2
Info    : [ 90%] Meshing surface 6 order 2
Info    : [100%] Meshing volume 1 order 2
Info    : [100%] Meshing volume 2 order 2
Info    : Surface mesh: worst distortion = 0.797589 (0 elements in ]0, 0.2]); worst gamma = 0.50915
Info    : Volume mesh: worst distortion = 0.270886 (0 elements in ]0, 0.2])
Info    : Done meshing order 2 (Wall 14.0085s, CPU 14.0003s)
Info    : Writing '/home/user/mscr-mom/현서/scripts/contact_scenarios/fea/matv2_mesh_LMD125_phiN90_b0_s40.inp'...
Info    : Done writing '/home/user/mscr-mom/현서/scripts/contact_scenarios/fea/matv2_mesh_LMD125_phiN90_b0_s40.inp'
  [LMD125_phiN90_b0] [실패] (593.4s)
[LMD125_phiN90_b0 5/10] L_M=12.5, phi=-90.0, beta=0.0, s=50.0mm, push_depth=0.1mm ...
Info    : Meshing 1D...
Info    : [  0%] Meshing curve 1 (BSpline)
Info    : [ 10%] Meshing curve 2 (Ellipse)
Info    : [ 20%] Meshing curve 3 (Ellipse)
Info    : [ 30%] Meshing curve 4 (BSpline)
Info    : [ 40%] Meshing curve 5 (BSpline)
Info    : [ 50%] Meshing curve 6 (BSpline)
Info    : [ 60%] Meshing curve 7 (BSpline)
Info    : [ 60%] Meshing curve 8 (BSpline)
Info    : [ 70%] Meshing curve 9 (BSpline)
Info    : [ 90%] Meshing curve 11 (Circle)
Info    : Done meshing 1D (Wall 0.0197544s, CPU 0.019712s)
Info    : Meshing 2D...
Info    : [  0%] Meshing surface 1 (Plane, Frontal-Delaunay)
Info    : [ 20%] Meshing surface 2 (Plane, Frontal-Delaunay)
Info    : [ 40%] Meshing surface 3 (BSpline surface, Frontal-Delaunay)
Info    : [ 60%] Meshing surface 4 (BSpline surface, Frontal-Delaunay)
Info    : [ 70%] Meshing surface 5 (Plane, Frontal-Delaunay)
Info    : [ 90%] Meshing surface 6 (Sphere, Frontal-Delaunay)
Info    : Done meshing 2D (Wall 0.776024s, CPU 0.775714s)
Info    : Meshing 3D...
Info    : 3D Meshing 2 volumes with 2 connected components
Info    : Tetrahedrizing 12458 nodes...
Info    : Done tetrahedrizing 12466 nodes (Wall 0.150275s, CPU 0.141276s)
Info    : Reconstructing mesh...
Info    :  - Creating surface mesh
Info    :  - Identifying boundary edges
Info    :  - Recovering boundary
Info    : Done reconstructing mesh (Wall 0.390307s, CPU 0.376294s)
Info    : Found volume 1
Info    : It. 0 - 0 nodes created - worst tet radius 1.04363 (nodes removed 0 0)
Info    : It. 500 - 500 nodes created - worst tet radius 1.00157 (nodes removed 0 0)
Info    : 3D refinement terminated (13217 nodes total):
Info    :  - 0 Delaunay cavities modified for star shapeness
Info    :  - 0 nodes could not be inserted
Info    :  - 42840 tetrahedra created in 0.0323976 sec. (1322320 tets/s)
Info    : 0 node relocations
Info    : Tetrahedrizing 132 nodes...
Info    : Done tetrahedrizing 140 nodes (Wall 0.000732746s, CPU 0.000735s)
Info    : Reconstructing mesh...
Info    :  - Creating surface mesh
Info    :  - Identifying boundary edges
Info    :  - Recovering boundary
Info    : Done reconstructing mesh (Wall 0.00181575s, CPU 0.001819s)
Info    : Found volume 2
Info    : It. 0 - 0 nodes created - worst tet radius 3.12912 (nodes removed 0 0)
Info    : 3D refinement terminated (12671 nodes total):
Info    :  - 0 Delaunay cavities modified for star shapeness
Info    :  - 0 nodes could not be inserted
Info    :  - 484 tetrahedra created in 0.00550041 sec. (87993 tets/s)
Info    : 0 node relocations
Info    : Done meshing 3D (Wall 0.724266s, CPU 0.710235s)
Info    : Optimizing mesh...
Info    : Optimizing volume 1
Info    : Optimization starts (volume = 235.583) with worst = 0.00679222 / average = 0.681049:
Info    : 0.00 < quality < 0.10 :       197 elements
Info    : 0.10 < quality < 0.20 :       543 elements
Info    : 0.20 < quality < 0.30 :       768 elements
Info    : 0.30 < quality < 0.40 :      1143 elements
Info    : 0.40 < quality < 0.50 :      1583 elements
Info    : 0.50 < quality < 0.60 :      4058 elements
Info    : 0.60 < quality < 0.70 :      9600 elements
Info    : 0.70 < quality < 0.80 :     20671 elements
Info    : 0.80 < quality < 0.90 :      2427 elements
Info    : 0.90 < quality < 1.00 :      1850 elements
Info    : 1427 edge swaps, 26 node relocations (volume = 235.583): worst = 0.0487929 / average = 0.699719 (Wall 0.0181748s, CPU 0.018175s)
Info    : 1494 edge swaps, 29 node relocations (volume = 235.583): worst = 0.169335 / average = 0.70045 (Wall 0.0224807s, CPU 0.022482s)
Info    : 1498 edge swaps, 29 node relocations (volume = 235.583): worst = 0.177975 / average = 0.700464 (Wall 0.0256135s, CPU 0.025615s)
Info    : No ill-shaped tets in the mesh :-)
Info    : 0.00 < quality < 0.10 :         0 elements
Info    : 0.10 < quality < 0.20 :         3 elements
Info    : 0.20 < quality < 0.30 :        24 elements
Info    : 0.30 < quality < 0.40 :      1011 elements
Info    : 0.40 < quality < 0.50 :      1361 elements
Info    : 0.50 < quality < 0.60 :      4118 elements
Info    : 0.60 < quality < 0.70 :     10218 elements
Info    : 0.70 < quality < 0.80 :     20342 elements
Info    : 0.80 < quality < 0.90 :      2582 elements
Info    : 0.90 < quality < 1.00 :      1856 elements
Info    : Optimizing volume 2
Info    : Optimization starts (volume = 0.256432) with worst = 0.0653347 / average = 0.76556:
Info    : 0.00 < quality < 0.10 :         2 elements
Info    : 0.10 < quality < 0.20 :         1 elements
Info    : 0.20 < quality < 0.30 :         4 elements
Info    : 0.30 < quality < 0.40 :         3 elements
Info    : 0.40 < quality < 0.50 :        10 elements
Info    : 0.50 < quality < 0.60 :        13 elements
Info    : 0.60 < quality < 0.70 :        66 elements
Info    : 0.70 < quality < 0.80 :       188 elements
Info    : 0.80 < quality < 0.90 :       142 elements
Info    : 0.90 < quality < 1.00 :        55 elements
Info    : 7 edge swaps, 2 node relocations (volume = 0.256432): worst = 0.305723 / average = 0.772649 (Wall 0.000136649s, CPU 0.000139s)
Info    : No ill-shaped tets in the mesh :-)
Info    : 0.00 < quality < 0.10 :         0 elements
Info    : 0.10 < quality < 0.20 :         0 elements
Info    : 0.20 < quality < 0.30 :         0 elements
Info    : 0.30 < quality < 0.40 :         4 elements
Info    : 0.40 < quality < 0.50 :        11 elements
Info    : 0.50 < quality < 0.60 :        12 elements
Info    : 0.60 < quality < 0.70 :        66 elements
Info    : 0.70 < quality < 0.80 :       186 elements
Info    : 0.80 < quality < 0.90 :       144 elements
Info    : 0.90 < quality < 1.00 :        56 elements
Info    : Done optimizing mesh (Wall 0.0563446s, CPU 0.056344s)
Info    : 13617 nodes 68408 elements
Info    : Meshing order 2 (curvilinear on)...
Info    : [  0%] Meshing curve 1 order 2
Info    : [ 10%] Meshing curve 2 order 2
Info    : [ 20%] Meshing curve 3 order 2
Info    : [ 20%] Meshing curve 4 order 2
Info    : [ 30%] Meshing curve 5 order 2
Info    : [ 30%] Meshing curve 6 order 2
Info    : [ 40%] Meshing curve 7 order 2
Info    : [ 40%] Meshing curve 8 order 2
Info    : [ 50%] Meshing curve 9 order 2
Info    : [ 50%] Meshing curve 10 order 2
Info    : [ 60%] Meshing curve 11 order 2
Info    : [ 60%] Meshing curve 12 order 2
Info    : [ 70%] Meshing surface 1 order 2
Info    : [ 70%] Meshing surface 2 order 2
Info    : [ 80%] Meshing surface 3 order 2
Info    : [ 80%] Meshing surface 4 order 2
Info    : [ 90%] Meshing surface 5 order 2
Info    : [ 90%] Meshing surface 6 order 2
Info    : [100%] Meshing volume 1 order 2
Info    : [100%] Meshing volume 2 order 2
Info    : Surface mesh: worst distortion = 0.797589 (0 elements in ]0, 0.2]); worst gamma = 0.50915
Info    : Volume mesh: worst distortion = 0.270886 (0 elements in ]0, 0.2])
Info    : Done meshing order 2 (Wall 14.1641s, CPU 14.1535s)
Info    : Writing '/home/user/mscr-mom/현서/scripts/contact_scenarios/fea/matv2_mesh_LMD125_phiN90_b0_s50.inp'...
Info    : Done writing '/home/user/mscr-mom/현서/scripts/contact_scenarios/fea/matv2_mesh_LMD125_phiN90_b0_s50.inp'
  [LMD125_phiN90_b0] [실패] (288.5s)
[LMD125_phiN90_b0 6/10] L_M=12.5, phi=-90.0, beta=0.0, s=60.0mm, push_depth=0.1mm ...
Info    : Meshing 1D...
Info    : [  0%] Meshing curve 1 (BSpline)
Info    : [ 10%] Meshing curve 2 (Ellipse)
Info    : [ 20%] Meshing curve 3 (Ellipse)
Info    : [ 30%] Meshing curve 4 (BSpline)
Info    : [ 40%] Meshing curve 5 (BSpline)
Info    : [ 50%] Meshing curve 6 (BSpline)
Info    : [ 60%] Meshing curve 7 (BSpline)
Info    : [ 60%] Meshing curve 8 (BSpline)
Info    : [ 70%] Meshing curve 9 (BSpline)
Info    : [ 90%] Meshing curve 11 (Circle)
Info    : Done meshing 1D (Wall 0.0196566s, CPU 0.019657s)
Info    : Meshing 2D...
Info    : [  0%] Meshing surface 1 (Plane, Frontal-Delaunay)
Info    : [ 20%] Meshing surface 2 (Plane, Frontal-Delaunay)
Info    : [ 40%] Meshing surface 3 (BSpline surface, Frontal-Delaunay)
Info    : [ 60%] Meshing surface 4 (BSpline surface, Frontal-Delaunay)
Info    : [ 70%] Meshing surface 5 (Plane, Frontal-Delaunay)
Info    : [ 90%] Meshing surface 6 (Sphere, Frontal-Delaunay)
Info    : Done meshing 2D (Wall 0.772951s, CPU 0.771868s)
Info    : Meshing 3D...
Info    : 3D Meshing 2 volumes with 2 connected components
Info    : Tetrahedrizing 12458 nodes...
Info    : Done tetrahedrizing 12466 nodes (Wall 0.155186s, CPU 0.142164s)
Info    : Reconstructing mesh...
Info    :  - Creating surface mesh
Info    :  - Identifying boundary edges
Info    :  - Recovering boundary
Info    : Done reconstructing mesh (Wall 0.39807s, CPU 0.372976s)
Info    : Found volume 1
Info    : It. 0 - 0 nodes created - worst tet radius 1.04363 (nodes removed 0 0)
Info    : It. 500 - 500 nodes created - worst tet radius 1.00157 (nodes removed 0 0)
Info    : 3D refinement terminated (13217 nodes total):
Info    :  - 0 Delaunay cavities modified for star shapeness
Info    :  - 0 nodes could not be inserted
Info    :  - 42840 tetrahedra created in 0.037887 sec. (1130731 tets/s)
Info    : 0 node relocations
Info    : Tetrahedrizing 132 nodes...
Info    : Done tetrahedrizing 140 nodes (Wall 0.00073489s, CPU 0.000737s)
Info    : Reconstructing mesh...
Info    :  - Creating surface mesh
Info    :  - Identifying boundary edges
Info    :  - Recovering boundary
Info    : Done reconstructing mesh (Wall 0.00183131s, CPU 0.001835s)
Info    : Found volume 2
Info    : It. 0 - 0 nodes created - worst tet radius 3.12912 (nodes removed 0 0)
Info    : 3D refinement terminated (12671 nodes total):
Info    :  - 0 Delaunay cavities modified for star shapeness
Info    :  - 0 nodes could not be inserted
Info    :  - 484 tetrahedra created in 0.00473055 sec. (102313 tets/s)
Info    : 0 node relocations
Info    : Done meshing 3D (Wall 0.738774s, CPU 0.713656s)
Info    : Optimizing mesh...
Info    : Optimizing volume 1
Info    : Optimization starts (volume = 235.583) with worst = 0.00679222 / average = 0.681049:
Info    : 0.00 < quality < 0.10 :       197 elements
Info    : 0.10 < quality < 0.20 :       543 elements
Info    : 0.20 < quality < 0.30 :       768 elements
Info    : 0.30 < quality < 0.40 :      1143 elements
Info    : 0.40 < quality < 0.50 :      1583 elements
Info    : 0.50 < quality < 0.60 :      4058 elements
Info    : 0.60 < quality < 0.70 :      9600 elements
Info    : 0.70 < quality < 0.80 :     20671 elements
Info    : 0.80 < quality < 0.90 :      2427 elements
Info    : 0.90 < quality < 1.00 :      1850 elements
Info    : 1427 edge swaps, 26 node relocations (volume = 235.583): worst = 0.0487929 / average = 0.699719 (Wall 0.016699s, CPU 0.016698s)
Info    : 1494 edge swaps, 29 node relocations (volume = 235.583): worst = 0.169335 / average = 0.70045 (Wall 0.0199732s, CPU 0.019973s)
Info    : 1498 edge swaps, 29 node relocations (volume = 235.583): worst = 0.177975 / average = 0.700464 (Wall 0.0222994s, CPU 0.022285s)
Info    : No ill-shaped tets in the mesh :-)
Info    : 0.00 < quality < 0.10 :         0 elements
Info    : 0.10 < quality < 0.20 :         3 elements
Info    : 0.20 < quality < 0.30 :        24 elements
Info    : 0.30 < quality < 0.40 :      1011 elements
Info    : 0.40 < quality < 0.50 :      1361 elements
Info    : 0.50 < quality < 0.60 :      4118 elements
Info    : 0.60 < quality < 0.70 :     10218 elements
Info    : 0.70 < quality < 0.80 :     20342 elements
Info    : 0.80 < quality < 0.90 :      2582 elements
Info    : 0.90 < quality < 1.00 :      1856 elements
Info    : Optimizing volume 2
Info    : Optimization starts (volume = 0.256432) with worst = 0.0653347 / average = 0.76556:
Info    : 0.00 < quality < 0.10 :         2 elements
Info    : 0.10 < quality < 0.20 :         1 elements
Info    : 0.20 < quality < 0.30 :         4 elements
Info    : 0.30 < quality < 0.40 :         3 elements
Info    : 0.40 < quality < 0.50 :        10 elements
Info    : 0.50 < quality < 0.60 :        13 elements
Info    : 0.60 < quality < 0.70 :        66 elements
Info    : 0.70 < quality < 0.80 :       188 elements
Info    : 0.80 < quality < 0.90 :       142 elements
Info    : 0.90 < quality < 1.00 :        55 elements
Info    : 7 edge swaps, 2 node relocations (volume = 0.256432): worst = 0.305723 / average = 0.772649 (Wall 0.000158691s, CPU 0.000161s)
Info    : No ill-shaped tets in the mesh :-)
Info    : 0.00 < quality < 0.10 :         0 elements
Info    : 0.10 < quality < 0.20 :         0 elements
Info    : 0.20 < quality < 0.30 :         0 elements
Info    : 0.30 < quality < 0.40 :         4 elements
Info    : 0.40 < quality < 0.50 :        11 elements
Info    : 0.50 < quality < 0.60 :        12 elements
Info    : 0.60 < quality < 0.70 :        66 elements
Info    : 0.70 < quality < 0.80 :       186 elements
Info    : 0.80 < quality < 0.90 :       144 elements
Info    : 0.90 < quality < 1.00 :        56 elements
Info    : Done optimizing mesh (Wall 0.0524695s, CPU 0.052456s)
Info    : 13617 nodes 68408 elements
Info    : Meshing order 2 (curvilinear on)...
Info    : [  0%] Meshing curve 1 order 2
Info    : [ 10%] Meshing curve 2 order 2
Info    : [ 20%] Meshing curve 3 order 2
Info    : [ 20%] Meshing curve 4 order 2
Info    : [ 30%] Meshing curve 5 order 2
Info    : [ 30%] Meshing curve 6 order 2
Info    : [ 40%] Meshing curve 7 order 2
Info    : [ 40%] Meshing curve 8 order 2
Info    : [ 50%] Meshing curve 9 order 2
Info    : [ 50%] Meshing curve 10 order 2
Info    : [ 60%] Meshing curve 11 order 2
Info    : [ 60%] Meshing curve 12 order 2
Info    : [ 70%] Meshing surface 1 order 2
Info    : [ 70%] Meshing surface 2 order 2
Info    : [ 80%] Meshing surface 3 order 2
Info    : [ 80%] Meshing surface 4 order 2
Info    : [ 90%] Meshing surface 5 order 2
Info    : [ 90%] Meshing surface 6 order 2
Info    : [100%] Meshing volume 1 order 2
Info    : [100%] Meshing volume 2 order 2
Info    : Surface mesh: worst distortion = 0.797589 (0 elements in ]0, 0.2]); worst gamma = 0.50915
Info    : Volume mesh: worst distortion = 0.270886 (0 elements in ]0, 0.2])
Info    : Done meshing order 2 (Wall 14.0236s, CPU 14.0174s)
Info    : Writing '/home/user/mscr-mom/현서/scripts/contact_scenarios/fea/matv2_mesh_LMD125_phiN90_b0_s60.inp'...
Info    : Done writing '/home/user/mscr-mom/현서/scripts/contact_scenarios/fea/matv2_mesh_LMD125_phiN90_b0_s60.inp'
  [LMD125_phiN90_b0] [실패] (874.6s)
[LMD125_phiN90_b0 7/10] L_M=12.5, phi=-90.0, beta=0.0, s=70.0mm, push_depth=0.1mm ...
Info    : Meshing 1D...
Info    : [  0%] Meshing curve 1 (BSpline)
Info    : [ 10%] Meshing curve 2 (Ellipse)
Info    : [ 20%] Meshing curve 3 (Ellipse)
Info    : [ 30%] Meshing curve 4 (BSpline)
Info    : [ 40%] Meshing curve 5 (BSpline)
Info    : [ 50%] Meshing curve 6 (BSpline)
Info    : [ 60%] Meshing curve 7 (BSpline)
Info    : [ 60%] Meshing curve 8 (BSpline)
Info    : [ 70%] Meshing curve 9 (BSpline)
Info    : [ 90%] Meshing curve 11 (Circle)
Info    : Done meshing 1D (Wall 0.0196493s, CPU 0.019641s)
Info    : Meshing 2D...
Info    : [  0%] Meshing surface 1 (Plane, Frontal-Delaunay)
Info    : [ 20%] Meshing surface 2 (Plane, Frontal-Delaunay)
Info    : [ 40%] Meshing surface 3 (BSpline surface, Frontal-Delaunay)
Info    : [ 60%] Meshing surface 4 (BSpline surface, Frontal-Delaunay)
Info    : [ 70%] Meshing surface 5 (Plane, Frontal-Delaunay)
Info    : [ 90%] Meshing surface 6 (Sphere, Frontal-Delaunay)
Info    : Done meshing 2D (Wall 0.774509s, CPU 0.773332s)
Info    : Meshing 3D...
Info    : 3D Meshing 2 volumes with 2 connected components
Info    : Tetrahedrizing 12458 nodes...
Info    : Done tetrahedrizing 12466 nodes (Wall 0.149244s, CPU 0.143166s)
Info    : Reconstructing mesh...
Info    :  - Creating surface mesh
Info    :  - Identifying boundary edges
Info    :  - Recovering boundary
Info    : Done reconstructing mesh (Wall 0.342612s, CPU 0.325507s)
Info    : Found volume 1
Info    : It. 0 - 0 nodes created - worst tet radius 1.04363 (nodes removed 0 0)
Info    : It. 500 - 500 nodes created - worst tet radius 1.00157 (nodes removed 0 0)
Info    : 3D refinement terminated (13216 nodes total):
Info    :  - 0 Delaunay cavities modified for star shapeness
Info    :  - 0 nodes could not be inserted
Info    :  - 42840 tetrahedra created in 0.0255092 sec. (1679392 tets/s)
Info    : 0 node relocations
Info    : Tetrahedrizing 131 nodes...
Info    : Done tetrahedrizing 139 nodes (Wall 0.000685623s, CPU 0.000685s)
Info    : Reconstructing mesh...
Info    :  - Creating surface mesh
Info    :  - Identifying boundary edges
Info    :  - Recovering boundary
Info    : Done reconstructing mesh (Wall 0.0016465s, CPU 0.001647s)
Info    : Found volume 2
Info    : It. 0 - 0 nodes created - worst tet radius 3.0164 (nodes removed 0 0)
Info    : 3D refinement terminated (12666 nodes total):
Info    :  - 0 Delaunay cavities modified for star shapeness
Info    :  - 0 nodes could not be inserted
Info    :  - 467 tetrahedra created in 0.00223745 sec. (208719 tets/s)
Info    : 0 node relocations
Info    : Done meshing 3D (Wall 0.60296s, CPU 0.585813s)
Info    : Optimizing mesh...
Info    : Optimizing volume 1
Info    : Optimization starts (volume = 235.583) with worst = 0.00679222 / average = 0.681049:
Info    : 0.00 < quality < 0.10 :       197 elements
Info    : 0.10 < quality < 0.20 :       543 elements
Info    : 0.20 < quality < 0.30 :       768 elements
Info    : 0.30 < quality < 0.40 :      1143 elements
Info    : 0.40 < quality < 0.50 :      1583 elements
Info    : 0.50 < quality < 0.60 :      4058 elements
Info    : 0.60 < quality < 0.70 :      9600 elements
Info    : 0.70 < quality < 0.80 :     20671 elements
Info    : 0.80 < quality < 0.90 :      2427 elements
Info    : 0.90 < quality < 1.00 :      1850 elements
Info    : 1427 edge swaps, 26 node relocations (volume = 235.583): worst = 0.0487929 / average = 0.699719 (Wall 0.0157833s, CPU 0.015784s)
Info    : 1494 edge swaps, 29 node relocations (volume = 235.583): worst = 0.169335 / average = 0.70045 (Wall 0.0189194s, CPU 0.018921s)
Info    : 1498 edge swaps, 29 node relocations (volume = 235.583): worst = 0.177975 / average = 0.700464 (Wall 0.0211051s, CPU 0.021108s)
Info    : No ill-shaped tets in the mesh :-)
Info    : 0.00 < quality < 0.10 :         0 elements
Info    : 0.10 < quality < 0.20 :         3 elements
Info    : 0.20 < quality < 0.30 :        24 elements
Info    : 0.30 < quality < 0.40 :      1011 elements
Info    : 0.40 < quality < 0.50 :      1361 elements
Info    : 0.50 < quality < 0.60 :      4118 elements
Info    : 0.60 < quality < 0.70 :     10218 elements
Info    : 0.70 < quality < 0.80 :     20342 elements
Info    : 0.80 < quality < 0.90 :      2582 elements
Info    : 0.90 < quality < 1.00 :      1856 elements
Info    : Optimizing volume 2
Info    : Optimization starts (volume = 0.256396) with worst = 0.0838869 / average = 0.73502:
Info    : 0.00 < quality < 0.10 :         1 elements
Info    : 0.10 < quality < 0.20 :         1 elements
Info    : 0.20 < quality < 0.30 :         8 elements
Info    : 0.30 < quality < 0.40 :        12 elements
Info    : 0.40 < quality < 0.50 :        13 elements
Info    : 0.50 < quality < 0.60 :        27 elements
Info    : 0.60 < quality < 0.70 :        85 elements
Info    : 0.70 < quality < 0.80 :       170 elements
Info    : 0.80 < quality < 0.90 :       108 elements
Info    : 0.90 < quality < 1.00 :        42 elements
Info    : 9 edge swaps, 0 node relocations (volume = 0.256396): worst = 0.226849 / average = 0.746527 (Wall 0.000141425s, CPU 0.000142s)
Info    : 10 edge swaps, 0 node relocations (volume = 0.256396): worst = 0.305805 / average = 0.747934 (Wall 0.000181846s, CPU 0.000183s)
Info    : No ill-shaped tets in the mesh :-)
Info    : 0.00 < quality < 0.10 :         0 elements
Info    : 0.10 < quality < 0.20 :         0 elements
Info    : 0.20 < quality < 0.30 :         0 elements
Info    : 0.30 < quality < 0.40 :        12 elements
Info    : 0.40 < quality < 0.50 :        10 elements
Info    : 0.50 < quality < 0.60 :        27 elements
Info    : 0.60 < quality < 0.70 :        84 elements
Info    : 0.70 < quality < 0.80 :       174 elements
Info    : 0.80 < quality < 0.90 :       109 elements
Info    : 0.90 < quality < 1.00 :        42 elements
Info    : Done optimizing mesh (Wall 0.0450096s, CPU 0.045008s)
Info    : 13612 nodes 68385 elements
Info    : Meshing order 2 (curvilinear on)...
Info    : [  0%] Meshing curve 1 order 2
Info    : [ 10%] Meshing curve 2 order 2
Info    : [ 20%] Meshing curve 3 order 2
Info    : [ 20%] Meshing curve 4 order 2
Info    : [ 30%] Meshing curve 5 order 2
Info    : [ 30%] Meshing curve 6 order 2
Info    : [ 40%] Meshing curve 7 order 2
Info    : [ 40%] Meshing curve 8 order 2
Info    : [ 50%] Meshing curve 9 order 2
Info    : [ 50%] Meshing curve 10 order 2
Info    : [ 60%] Meshing curve 11 order 2
Info    : [ 60%] Meshing curve 12 order 2
Info    : [ 70%] Meshing surface 1 order 2
Info    : [ 70%] Meshing surface 2 order 2
Info    : [ 80%] Meshing surface 3 order 2
Info    : [ 80%] Meshing surface 4 order 2
Info    : [ 90%] Meshing surface 5 order 2
Info    : [ 90%] Meshing surface 6 order 2
Info    : [100%] Meshing volume 1 order 2
Info    : [100%] Meshing volume 2 order 2
Info    : Surface mesh: worst distortion = 0.797589 (0 elements in ]0, 0.2]); worst gamma = 0.632589
Info    : Volume mesh: worst distortion = 0.270886 (0 elements in ]0, 0.2])
Info    : Done meshing order 2 (Wall 14.0937s, CPU 14.0836s)
Info    : Writing '/home/user/mscr-mom/현서/scripts/contact_scenarios/fea/matv2_mesh_LMD125_phiN90_b0_s70.inp'...
Info    : Done writing '/home/user/mscr-mom/현서/scripts/contact_scenarios/fea/matv2_mesh_LMD125_phiN90_b0_s70.inp'
  [LMD125_phiN90_b0] [실패] (742.9s)
[LMD125_phiN90_b0 8/10] L_M=12.5, phi=-90.0, beta=0.0, s=80.0mm, push_depth=0.1mm ...
Info    : Meshing 1D...
Info    : [  0%] Meshing curve 1 (BSpline)
Info    : [ 10%] Meshing curve 2 (Ellipse)
Info    : [ 20%] Meshing curve 3 (Ellipse)
Info    : [ 30%] Meshing curve 4 (BSpline)
Info    : [ 40%] Meshing curve 5 (BSpline)
Info    : [ 50%] Meshing curve 6 (BSpline)
Info    : [ 60%] Meshing curve 7 (BSpline)
Info    : [ 60%] Meshing curve 8 (BSpline)
Info    : [ 70%] Meshing curve 9 (BSpline)
Info    : [ 90%] Meshing curve 11 (Circle)
Info    : Done meshing 1D (Wall 0.0197552s, CPU 0.018699s)
Info    : Meshing 2D...
Info    : [  0%] Meshing surface 1 (Plane, Frontal-Delaunay)
Info    : [ 20%] Meshing surface 2 (Plane, Frontal-Delaunay)
Info    : [ 40%] Meshing surface 3 (BSpline surface, Frontal-Delaunay)
Info    : [ 60%] Meshing surface 4 (BSpline surface, Frontal-Delaunay)
Info    : [ 70%] Meshing surface 5 (Plane, Frontal-Delaunay)
Info    : [ 90%] Meshing surface 6 (Sphere, Frontal-Delaunay)
Info    : Done meshing 2D (Wall 0.792351s, CPU 0.791306s)
Info    : Meshing 3D...
Info    : 3D Meshing 2 volumes with 2 connected components
Info    : Tetrahedrizing 12458 nodes...
Info    : Done tetrahedrizing 12466 nodes (Wall 0.151541s, CPU 0.145533s)
Info    : Reconstructing mesh...
Info    :  - Creating surface mesh
Info    :  - Identifying boundary edges
Info    :  - Recovering boundary
Info    : Done reconstructing mesh (Wall 0.364984s, CPU 0.349958s)
Info    : Found volume 1
Info    : It. 0 - 0 nodes created - worst tet radius 1.04363 (nodes removed 0 0)
Info    : It. 500 - 500 nodes created - worst tet radius 1.00157 (nodes removed 0 0)
Info    : 3D refinement terminated (13216 nodes total):
Info    :  - 0 Delaunay cavities modified for star shapeness
Info    :  - 0 nodes could not be inserted
Info    :  - 42840 tetrahedra created in 0.0312539 sec. (1370710 tets/s)
Info    : 0 node relocations
Info    : Tetrahedrizing 131 nodes...
Info    : Done tetrahedrizing 139 nodes (Wall 0.000793639s, CPU 0.000793s)
Info    : Reconstructing mesh...
Info    :  - Creating surface mesh
Info    :  - Identifying boundary edges
Info    :  - Recovering boundary
Info    : Done reconstructing mesh (Wall 0.00194259s, CPU 0.001945s)
Info    : Found volume 2
Info    : It. 0 - 0 nodes created - worst tet radius 3.0164 (nodes removed 0 0)
Info    : 3D refinement terminated (12666 nodes total):
Info    :  - 0 Delaunay cavities modified for star shapeness
Info    :  - 0 nodes could not be inserted
Info    :  - 467 tetrahedra created in 0.00492568 sec. (94809 tets/s)
Info    : 0 node relocations
Info    : Done meshing 3D (Wall 0.655476s, CPU 0.64043s)
Info    : Optimizing mesh...
Info    : Optimizing volume 1
Info    : Optimization starts (volume = 235.583) with worst = 0.00679222 / average = 0.681049:
Info    : 0.00 < quality < 0.10 :       197 elements
Info    : 0.10 < quality < 0.20 :       543 elements
Info    : 0.20 < quality < 0.30 :       768 elements
Info    : 0.30 < quality < 0.40 :      1143 elements
Info    : 0.40 < quality < 0.50 :      1583 elements
Info    : 0.50 < quality < 0.60 :      4058 elements
Info    : 0.60 < quality < 0.70 :      9600 elements
Info    : 0.70 < quality < 0.80 :     20671 elements
Info    : 0.80 < quality < 0.90 :      2427 elements
Info    : 0.90 < quality < 1.00 :      1850 elements
Info    : 1427 edge swaps, 26 node relocations (volume = 235.583): worst = 0.0487929 / average = 0.699719 (Wall 0.0157928s, CPU 0.015792s)
Info    : 1494 edge swaps, 29 node relocations (volume = 235.583): worst = 0.169335 / average = 0.70045 (Wall 0.0188828s, CPU 0.018884s)
Info    : 1498 edge swaps, 29 node relocations (volume = 235.583): worst = 0.177975 / average = 0.700464 (Wall 0.0211807s, CPU 0.02117s)
Info    : No ill-shaped tets in the mesh :-)
Info    : 0.00 < quality < 0.10 :         0 elements
Info    : 0.10 < quality < 0.20 :         3 elements
Info    : 0.20 < quality < 0.30 :        24 elements
Info    : 0.30 < quality < 0.40 :      1011 elements
Info    : 0.40 < quality < 0.50 :      1361 elements
Info    : 0.50 < quality < 0.60 :      4118 elements
Info    : 0.60 < quality < 0.70 :     10218 elements
Info    : 0.70 < quality < 0.80 :     20342 elements
Info    : 0.80 < quality < 0.90 :      2582 elements
Info    : 0.90 < quality < 1.00 :      1856 elements
Info    : Optimizing volume 2
Info    : Optimization starts (volume = 0.256396) with worst = 0.0838869 / average = 0.73502:
Info    : 0.00 < quality < 0.10 :         1 elements
Info    : 0.10 < quality < 0.20 :         1 elements
Info    : 0.20 < quality < 0.30 :         8 elements
Info    : 0.30 < quality < 0.40 :        12 elements
Info    : 0.40 < quality < 0.50 :        13 elements
Info    : 0.50 < quality < 0.60 :        27 elements
Info    : 0.60 < quality < 0.70 :        85 elements
Info    : 0.70 < quality < 0.80 :       170 elements
Info    : 0.80 < quality < 0.90 :       108 elements
Info    : 0.90 < quality < 1.00 :        42 elements
Info    : 9 edge swaps, 0 node relocations (volume = 0.256396): worst = 0.226849 / average = 0.746527 (Wall 0.000143549s, CPU 0.000145s)
Info    : 10 edge swaps, 0 node relocations (volume = 0.256396): worst = 0.305805 / average = 0.747934 (Wall 0.000182638s, CPU 0.000184s)
Info    : No ill-shaped tets in the mesh :-)
Info    : 0.00 < quality < 0.10 :         0 elements
Info    : 0.10 < quality < 0.20 :         0 elements
Info    : 0.20 < quality < 0.30 :         0 elements
Info    : 0.30 < quality < 0.40 :        12 elements
Info    : 0.40 < quality < 0.50 :        10 elements
Info    : 0.50 < quality < 0.60 :        27 elements
Info    : 0.60 < quality < 0.70 :        84 elements
Info    : 0.70 < quality < 0.80 :       174 elements
Info    : 0.80 < quality < 0.90 :       109 elements
Info    : 0.90 < quality < 1.00 :        42 elements
Info    : Done optimizing mesh (Wall 0.0484213s, CPU 0.048412s)
Info    : 13612 nodes 68385 elements
Info    : Meshing order 2 (curvilinear on)...
Info    : [  0%] Meshing curve 1 order 2
Info    : [ 10%] Meshing curve 2 order 2
Info    : [ 20%] Meshing curve 3 order 2
Info    : [ 20%] Meshing curve 4 order 2
Info    : [ 30%] Meshing curve 5 order 2
Info    : [ 30%] Meshing curve 6 order 2
Info    : [ 40%] Meshing curve 7 order 2
Info    : [ 40%] Meshing curve 8 order 2
Info    : [ 50%] Meshing curve 9 order 2
Info    : [ 50%] Meshing curve 10 order 2
Info    : [ 60%] Meshing curve 11 order 2
Info    : [ 60%] Meshing curve 12 order 2
Info    : [ 70%] Meshing surface 1 order 2
Info    : [ 70%] Meshing surface 2 order 2
Info    : [ 80%] Meshing surface 3 order 2
Info    : [ 80%] Meshing surface 4 order 2
Info    : [ 90%] Meshing surface 5 order 2
Info    : [ 90%] Meshing surface 6 order 2
Info    : [100%] Meshing volume 1 order 2
Info    : [100%] Meshing volume 2 order 2
Info    : Surface mesh: worst distortion = 0.797589 (0 elements in ]0, 0.2]); worst gamma = 0.632589
Info    : Volume mesh: worst distortion = 0.270886 (0 elements in ]0, 0.2])
Info    : Done meshing order 2 (Wall 14.0769s, CPU 14.0628s)
Info    : Writing '/home/user/mscr-mom/현서/scripts/contact_scenarios/fea/matv2_mesh_LMD125_phiN90_b0_s80.inp'...
Info    : Done writing '/home/user/mscr-mom/현서/scripts/contact_scenarios/fea/matv2_mesh_LMD125_phiN90_b0_s80.inp'
  [LMD125_phiN90_b0] F_mag=0.0005mN  (565.5s)
[LMD125_phiN90_b0 9/10] L_M=12.5, phi=-90.0, beta=0.0, s=90.0mm, push_depth=0.1mm ...
Info    : Meshing 1D...
Info    : [  0%] Meshing curve 1 (BSpline)
Info    : [ 10%] Meshing curve 2 (Ellipse)
Info    : [ 20%] Meshing curve 3 (Ellipse)
Info    : [ 30%] Meshing curve 4 (BSpline)
Info    : [ 40%] Meshing curve 5 (BSpline)
Info    : [ 50%] Meshing curve 6 (BSpline)
Info    : [ 60%] Meshing curve 7 (BSpline)
Info    : [ 60%] Meshing curve 8 (BSpline)
Info    : [ 70%] Meshing curve 9 (BSpline)
Info    : [ 90%] Meshing curve 11 (Circle)
Info    : Done meshing 1D (Wall 0.0197079s, CPU 0.019708s)
Info    : Meshing 2D...
Info    : [  0%] Meshing surface 1 (Plane, Frontal-Delaunay)
Info    : [ 20%] Meshing surface 2 (Plane, Frontal-Delaunay)
Info    : [ 40%] Meshing surface 3 (BSpline surface, Frontal-Delaunay)
Info    : [ 60%] Meshing surface 4 (BSpline surface, Frontal-Delaunay)
Info    : [ 70%] Meshing surface 5 (Plane, Frontal-Delaunay)
Info    : [ 90%] Meshing surface 6 (Sphere, Frontal-Delaunay)
Info    : Done meshing 2D (Wall 0.804552s, CPU 0.803943s)
Info    : Meshing 3D...
Info    : 3D Meshing 2 volumes with 2 connected components
Info    : Tetrahedrizing 12458 nodes...
Info    : Done tetrahedrizing 12466 nodes (Wall 0.154905s, CPU 0.148912s)
Info    : Reconstructing mesh...
Info    :  - Creating surface mesh
Info    :  - Identifying boundary edges
Info    :  - Recovering boundary
Info    : Done reconstructing mesh (Wall 0.390853s, CPU 0.374801s)
Info    : Found volume 1
Info    : It. 0 - 0 nodes created - worst tet radius 1.04363 (nodes removed 0 0)
Info    : It. 500 - 500 nodes created - worst tet radius 1.00157 (nodes removed 0 0)
Info    : 3D refinement terminated (13217 nodes total):
Info    :  - 0 Delaunay cavities modified for star shapeness
Info    :  - 0 nodes could not be inserted
Info    :  - 42840 tetrahedra created in 0.0341537 sec. (1254329 tets/s)
Info    : 0 node relocations
Info    : Tetrahedrizing 132 nodes...
Info    : Done tetrahedrizing 140 nodes (Wall 0.000721288s, CPU 0.000722s)
Info    : Reconstructing mesh...
Info    :  - Creating surface mesh
Info    :  - Identifying boundary edges
Info    :  - Recovering boundary
Info    : Done reconstructing mesh (Wall 0.00174151s, CPU 0.001743s)
Info    : Found volume 2
Info    : It. 0 - 0 nodes created - worst tet radius 3.12912 (nodes removed 0 0)
Info    : 3D refinement terminated (12671 nodes total):
Info    :  - 0 Delaunay cavities modified for star shapeness
Info    :  - 0 nodes could not be inserted
Info    :  - 484 tetrahedra created in 0.00252898 sec. (191381 tets/s)
Info    : 0 node relocations
Info    : Done meshing 3D (Wall 0.679997s, CPU 0.663938s)
Info    : Optimizing mesh...
Info    : Optimizing volume 1
Info    : Optimization starts (volume = 235.583) with worst = 0.00679222 / average = 0.681049:
Info    : 0.00 < quality < 0.10 :       197 elements
Info    : 0.10 < quality < 0.20 :       543 elements
Info    : 0.20 < quality < 0.30 :       768 elements
Info    : 0.30 < quality < 0.40 :      1143 elements
Info    : 0.40 < quality < 0.50 :      1583 elements
Info    : 0.50 < quality < 0.60 :      4058 elements
Info    : 0.60 < quality < 0.70 :      9600 elements
Info    : 0.70 < quality < 0.80 :     20671 elements
Info    : 0.80 < quality < 0.90 :      2427 elements
Info    : 0.90 < quality < 1.00 :      1850 elements
Info    : 1427 edge swaps, 26 node relocations (volume = 235.583): worst = 0.0487929 / average = 0.699719 (Wall 0.0138037s, CPU 0.013804s)
Info    : 1494 edge swaps, 29 node relocations (volume = 235.583): worst = 0.169335 / average = 0.70045 (Wall 0.0165067s, CPU 0.01651s)
Info    : 1498 edge swaps, 29 node relocations (volume = 235.583): worst = 0.177975 / average = 0.700464 (Wall 0.0185799s, CPU 0.018583s)
Info    : No ill-shaped tets in the mesh :-)
Info    : 0.00 < quality < 0.10 :         0 elements
Info    : 0.10 < quality < 0.20 :         3 elements
Info    : 0.20 < quality < 0.30 :        24 elements
Info    : 0.30 < quality < 0.40 :      1011 elements
Info    : 0.40 < quality < 0.50 :      1361 elements
Info    : 0.50 < quality < 0.60 :      4118 elements
Info    : 0.60 < quality < 0.70 :     10218 elements
Info    : 0.70 < quality < 0.80 :     20342 elements
Info    : 0.80 < quality < 0.90 :      2582 elements
Info    : 0.90 < quality < 1.00 :      1856 elements
Info    : Optimizing volume 2
Info    : Optimization starts (volume = 0.256432) with worst = 0.0653347 / average = 0.76556:
Info    : 0.00 < quality < 0.10 :         2 elements
Info    : 0.10 < quality < 0.20 :         1 elements
Info    : 0.20 < quality < 0.30 :         4 elements
Info    : 0.30 < quality < 0.40 :         3 elements
Info    : 0.40 < quality < 0.50 :        10 elements
Info    : 0.50 < quality < 0.60 :        13 elements
Info    : 0.60 < quality < 0.70 :        66 elements
Info    : 0.70 < quality < 0.80 :       188 elements
Info    : 0.80 < quality < 0.90 :       142 elements
Info    : 0.90 < quality < 1.00 :        55 elements
Info    : 7 edge swaps, 2 node relocations (volume = 0.256432): worst = 0.305723 / average = 0.772649 (Wall 0.000132251s, CPU 0.000132s)
Info    : No ill-shaped tets in the mesh :-)
Info    : 0.00 < quality < 0.10 :         0 elements
Info    : 0.10 < quality < 0.20 :         0 elements
Info    : 0.20 < quality < 0.30 :         0 elements
Info    : 0.30 < quality < 0.40 :         4 elements
Info    : 0.40 < quality < 0.50 :        11 elements
Info    : 0.50 < quality < 0.60 :        12 elements
Info    : 0.60 < quality < 0.70 :        66 elements
Info    : 0.70 < quality < 0.80 :       186 elements
Info    : 0.80 < quality < 0.90 :       144 elements
Info    : 0.90 < quality < 1.00 :        56 elements
Info    : Done optimizing mesh (Wall 0.0421059s, CPU 0.042105s)
Info    : 13617 nodes 68408 elements
Info    : Meshing order 2 (curvilinear on)...
Info    : [  0%] Meshing curve 1 order 2
Info    : [ 10%] Meshing curve 2 order 2
Info    : [ 20%] Meshing curve 3 order 2
Info    : [ 20%] Meshing curve 4 order 2
Info    : [ 30%] Meshing curve 5 order 2
Info    : [ 30%] Meshing curve 6 order 2
Info    : [ 40%] Meshing curve 7 order 2
Info    : [ 40%] Meshing curve 8 order 2
Info    : [ 50%] Meshing curve 9 order 2
Info    : [ 50%] Meshing curve 10 order 2
Info    : [ 60%] Meshing curve 11 order 2
Info    : [ 60%] Meshing curve 12 order 2
Info    : [ 70%] Meshing surface 1 order 2
Info    : [ 70%] Meshing surface 2 order 2
Info    : [ 80%] Meshing surface 3 order 2
Info    : [ 80%] Meshing surface 4 order 2
Info    : [ 90%] Meshing surface 5 order 2
Info    : [ 90%] Meshing surface 6 order 2
Info    : [100%] Meshing volume 1 order 2
Info    : [100%] Meshing volume 2 order 2
Info    : Surface mesh: worst distortion = 0.797589 (0 elements in ]0, 0.2]); worst gamma = 0.50915
Info    : Volume mesh: worst distortion = 0.270886 (0 elements in ]0, 0.2])
Info    : Done meshing order 2 (Wall 14.0143s, CPU 14.0095s)
Info    : Writing '/home/user/mscr-mom/현서/scripts/contact_scenarios/fea/matv2_mesh_LMD125_phiN90_b0_s90.inp'...
Info    : Done writing '/home/user/mscr-mom/현서/scripts/contact_scenarios/fea/matv2_mesh_LMD125_phiN90_b0_s90.inp'
  [LMD125_phiN90_b0] [실패] (1119.4s)
[LMD125_phiN90_b0 10/10] L_M=12.5, phi=-90.0, beta=0.0, s=100.0mm, push_depth=0.1mm ...
Info    : Meshing 1D...
Info    : [  0%] Meshing curve 1 (BSpline)
Info    : [ 10%] Meshing curve 2 (Ellipse)
Info    : [ 20%] Meshing curve 3 (Ellipse)
Info    : [ 30%] Meshing curve 4 (BSpline)
Info    : [ 40%] Meshing curve 5 (BSpline)
Info    : [ 50%] Meshing curve 6 (BSpline)
Info    : [ 60%] Meshing curve 7 (BSpline)
Info    : [ 60%] Meshing curve 8 (BSpline)
Info    : [ 70%] Meshing curve 9 (BSpline)
Info    : [ 90%] Meshing curve 11 (Circle)
Info    : Done meshing 1D (Wall 0.0203173s, CPU 0.019299s)
Info    : Meshing 2D...
Info    : [  0%] Meshing surface 1 (Plane, Frontal-Delaunay)
Info    : [ 20%] Meshing surface 2 (Plane, Frontal-Delaunay)
Info    : [ 40%] Meshing surface 3 (BSpline surface, Frontal-Delaunay)
Info    : [ 60%] Meshing surface 4 (BSpline surface, Frontal-Delaunay)
Info    : [ 70%] Meshing surface 5 (Plane, Frontal-Delaunay)
Info    : [ 90%] Meshing surface 6 (Sphere, Frontal-Delaunay)
Info    : Done meshing 2D (Wall 0.820052s, CPU 0.817241s)
Info    : Meshing 3D...
Info    : 3D Meshing 2 volumes with 2 connected components
Info    : Tetrahedrizing 12458 nodes...
Info    : Done tetrahedrizing 12466 nodes (Wall 0.154195s, CPU 0.143201s)
Info    : Reconstructing mesh...
Info    :  - Creating surface mesh
Info    :  - Identifying boundary edges
Info    :  - Recovering boundary
Info    : Done reconstructing mesh (Wall 0.404896s, CPU 0.378839s)
Info    : Found volume 1
Info    : It. 0 - 0 nodes created - worst tet radius 1.04363 (nodes removed 0 0)
Info    : It. 500 - 500 nodes created - worst tet radius 1.00157 (nodes removed 0 0)
Info    : 3D refinement terminated (13217 nodes total):
Info    :  - 0 Delaunay cavities modified for star shapeness
Info    :  - 0 nodes could not be inserted
Info    :  - 42840 tetrahedra created in 0.0255713 sec. (1675318 tets/s)
Info    : 0 node relocations
Info    : Tetrahedrizing 132 nodes...
Info    : Done tetrahedrizing 140 nodes (Wall 0.000696209s, CPU 0.000691s)
Info    : Reconstructing mesh...
Info    :  - Creating surface mesh
Info    :  - Identifying boundary edges
Info    :  - Recovering boundary
Info    : Done reconstructing mesh (Wall 0.00169122s, CPU 0.001689s)
Info    : Found volume 2
Info    : It. 0 - 0 nodes created - worst tet radius 3.12912 (nodes removed 0 0)
Info    : 3D refinement terminated (12671 nodes total):
Info    :  - 0 Delaunay cavities modified for star shapeness
Info    :  - 0 nodes could not be inserted
Info    :  - 484 tetrahedra created in 0.00256411 sec. (188759 tets/s)
Info    : 0 node relocations
Info    : Done meshing 3D (Wall 0.67707s, CPU 0.65095s)
Info    : Optimizing mesh...
Info    : Optimizing volume 1
Info    : Optimization starts (volume = 235.583) with worst = 0.00679222 / average = 0.681049:
Info    : 0.00 < quality < 0.10 :       197 elements
Info    : 0.10 < quality < 0.20 :       543 elements
Info    : 0.20 < quality < 0.30 :       768 elements
Info    : 0.30 < quality < 0.40 :      1143 elements
Info    : 0.40 < quality < 0.50 :      1583 elements
Info    : 0.50 < quality < 0.60 :      4058 elements
Info    : 0.60 < quality < 0.70 :      9600 elements
Info    : 0.70 < quality < 0.80 :     20671 elements
Info    : 0.80 < quality < 0.90 :      2427 elements
Info    : 0.90 < quality < 1.00 :      1850 elements
Info    : 1427 edge swaps, 26 node relocations (volume = 235.583): worst = 0.0487929 / average = 0.699719 (Wall 0.0167561s, CPU 0.016755s)
Info    : 1494 edge swaps, 29 node relocations (volume = 235.583): worst = 0.169335 / average = 0.70045 (Wall 0.0199727s, CPU 0.019974s)
Info    : 1498 edge swaps, 29 node relocations (volume = 235.583): worst = 0.177975 / average = 0.700464 (Wall 0.0223042s, CPU 0.022307s)
Info    : No ill-shaped tets in the mesh :-)
Info    : 0.00 < quality < 0.10 :         0 elements
Info    : 0.10 < quality < 0.20 :         3 elements
Info    : 0.20 < quality < 0.30 :        24 elements
Info    : 0.30 < quality < 0.40 :      1011 elements
Info    : 0.40 < quality < 0.50 :      1361 elements
Info    : 0.50 < quality < 0.60 :      4118 elements
Info    : 0.60 < quality < 0.70 :     10218 elements
Info    : 0.70 < quality < 0.80 :     20342 elements
Info    : 0.80 < quality < 0.90 :      2582 elements
Info    : 0.90 < quality < 1.00 :      1856 elements
Info    : Optimizing volume 2
Info    : Optimization starts (volume = 0.256432) with worst = 0.0653347 / average = 0.76556:
Info    : 0.00 < quality < 0.10 :         2 elements
Info    : 0.10 < quality < 0.20 :         1 elements
Info    : 0.20 < quality < 0.30 :         4 elements
Info    : 0.30 < quality < 0.40 :         3 elements
Info    : 0.40 < quality < 0.50 :        10 elements
Info    : 0.50 < quality < 0.60 :        13 elements
Info    : 0.60 < quality < 0.70 :        66 elements
Info    : 0.70 < quality < 0.80 :       188 elements
Info    : 0.80 < quality < 0.90 :       142 elements
Info    : 0.90 < quality < 1.00 :        55 elements
Info    : 7 edge swaps, 2 node relocations (volume = 0.256432): worst = 0.305723 / average = 0.772649 (Wall 0.000135779s, CPU 0.000136s)
Info    : No ill-shaped tets in the mesh :-)
Info    : 0.00 < quality < 0.10 :         0 elements
Info    : 0.10 < quality < 0.20 :         0 elements
Info    : 0.20 < quality < 0.30 :         0 elements
Info    : 0.30 < quality < 0.40 :         4 elements
Info    : 0.40 < quality < 0.50 :        11 elements
Info    : 0.50 < quality < 0.60 :        12 elements
Info    : 0.60 < quality < 0.70 :        66 elements
Info    : 0.70 < quality < 0.80 :       186 elements
Info    : 0.80 < quality < 0.90 :       144 elements
Info    : 0.90 < quality < 1.00 :        56 elements
Info    : Done optimizing mesh (Wall 0.0468164s, CPU 0.046815s)
Info    : 13617 nodes 68408 elements
Info    : Meshing order 2 (curvilinear on)...
Info    : [  0%] Meshing curve 1 order 2
Info    : [ 10%] Meshing curve 2 order 2
Info    : [ 20%] Meshing curve 3 order 2
Info    : [ 20%] Meshing curve 4 order 2
Info    : [ 30%] Meshing curve 5 order 2
Info    : [ 30%] Meshing curve 6 order 2
Info    : [ 40%] Meshing curve 7 order 2
Info    : [ 40%] Meshing curve 8 order 2
Info    : [ 50%] Meshing curve 9 order 2
Info    : [ 50%] Meshing curve 10 order 2
Info    : [ 60%] Meshing curve 11 order 2
Info    : [ 60%] Meshing curve 12 order 2
Info    : [ 70%] Meshing surface 1 order 2
Info    : [ 70%] Meshing surface 2 order 2
Info    : [ 80%] Meshing surface 3 order 2
Info    : [ 80%] Meshing surface 4 order 2
Info    : [ 90%] Meshing surface 5 order 2
Info    : [ 90%] Meshing surface 6 order 2
Info    : [100%] Meshing volume 1 order 2
Info    : [100%] Meshing volume 2 order 2
Info    : Surface mesh: worst distortion = 0.797589 (0 elements in ]0, 0.2]); worst gamma = 0.50915
Info    : Volume mesh: worst distortion = 0.270886 (0 elements in ]0, 0.2])
Info    : Done meshing order 2 (Wall 14.2085s, CPU 14.1979s)
Info    : Writing '/home/user/mscr-mom/현서/scripts/contact_scenarios/fea/matv2_mesh_LMD125_phiN90_b0_s100.inp'...
Info    : Done writing '/home/user/mscr-mom/현서/scripts/contact_scenarios/fea/matv2_mesh_LMD125_phiN90_b0_s100.inp'
  [LMD125_phiN90_b0] [실패] (687.4s)
[LMD125_phiN90_b0] 완료: 3/10 성공
