[PST375_phiP120_b0 1/8] L_M=37.5, phi=120.0, beta=0.0, s=62.5mm, push_depth=0.1mm ...
Info    : Meshing 1D...
Info    : [  0%] Meshing curve 1 (BSpline)
Info    : [ 10%] Meshing curve 2 (Ellipse)
Info    : [ 20%] Meshing curve 3 (Ellipse)
Info    : [ 30%] Meshing curve 4 (BSpline)
Info    : [ 40%] Meshing curve 5 (BSpline)
Info    : [ 50%] Meshing curve 6 (BSpline)
Info    : [ 60%] Meshing curve 7 (BSpline)
Info    : [ 60%] Meshing curve 8 (BSpline)
Info    : [ 70%] Meshing curve 9 (BSpline)
Info    : [ 90%] Meshing curve 11 (Circle)
Info    : Done meshing 1D (Wall 0.0234874s, CPU 0.023452s)
Info    : Meshing 2D...
Info    : [  0%] Meshing surface 1 (Plane, Frontal-Delaunay)
Info    : [ 20%] Meshing surface 2 (Plane, Frontal-Delaunay)
Info    : [ 40%] Meshing surface 3 (BSpline surface, Frontal-Delaunay)
Info    : [ 60%] Meshing surface 4 (BSpline surface, Frontal-Delaunay)
Info    : [ 70%] Meshing surface 5 (Plane, Frontal-Delaunay)
Info    : [ 90%] Meshing surface 6 (Sphere, Frontal-Delaunay)
Info    : Done meshing 2D (Wall 0.733388s, CPU 0.726305s)
Info    : Meshing 3D...
Info    : 3D Meshing 2 volumes with 2 connected components
Info    : Tetrahedrizing 12545 nodes...
Info    : Done tetrahedrizing 12553 nodes (Wall 0.14823s, CPU 0.140212s)
Info    : Reconstructing mesh...
Info    :  - Creating surface mesh
Info    :  - Identifying boundary edges
Info    :  - Recovering boundary
Info    : Done reconstructing mesh (Wall 0.380566s, CPU 0.352627s)
Info    : Found volume 1
Info    : It. 0 - 0 nodes created - worst tet radius 1.06811 (nodes removed 0 0)
Info    : It. 500 - 500 nodes created - worst tet radius 1.00005 (nodes removed 0 0)
Info    : 3D refinement terminated (13234 nodes total):
Info    :  - 0 Delaunay cavities modified for star shapeness
Info    :  - 0 nodes could not be inserted
Info    :  - 42466 tetrahedra created in 0.0246806 sec. (1720626 tets/s)
Info    : 0 node relocations
Info    : Tetrahedrizing 130 nodes...
Info    : Done tetrahedrizing 138 nodes (Wall 0.000730175s, CPU 0.000732s)
Info    : Reconstructing mesh...
Info    :  - Creating surface mesh
Info    :  - Identifying boundary edges
Info    :  - Recovering boundary
Info    : Done reconstructing mesh (Wall 0.00173914s, CPU 0.001728s)
Info    : Found volume 2
Info    : It. 0 - 0 nodes created - worst tet radius 3.06344 (nodes removed 0 0)
Info    : 3D refinement terminated (12754 nodes total):
Info    :  - 0 Delaunay cavities modified for star shapeness
Info    :  - 0 nodes could not be inserted
Info    :  - 483 tetrahedra created in 0.00385324 sec. (125348 tets/s)
Info    : 0 node relocations
Info    : Done meshing 3D (Wall 0.678196s, CPU 0.649164s)
Info    : Optimizing mesh...
Info    : Optimizing volume 1
Info    : Optimization starts (volume = 235.621) with worst = 0.0020907 / average = 0.679792:
Info    : 0.00 < quality < 0.10 :       219 elements
Info    : 0.10 < quality < 0.20 :       404 elements
Info    : 0.20 < quality < 0.30 :       736 elements
Info    : 0.30 < quality < 0.40 :       930 elements
Info    : 0.40 < quality < 0.50 :      1348 elements
Info    : 0.50 < quality < 0.60 :      4008 elements
Info    : 0.60 < quality < 0.70 :     11243 elements
Info    : 0.70 < quality < 0.80 :     19988 elements
Info    : 0.80 < quality < 0.90 :      1986 elements
Info    : 0.90 < quality < 1.00 :      1604 elements
Info    : 1290 edge swaps, 14 node relocations (volume = 235.621): worst = 0.118555 / average = 0.697031 (Wall 0.0144585s, CPU 0.014459s)
Info    : 1353 edge swaps, 14 node relocations (volume = 235.621): worst = 0.120931 / average = 0.697709 (Wall 0.0179325s, CPU 0.017934s)
Info    : 1354 edge swaps, 14 node relocations (volume = 235.621): worst = 0.120931 / average = 0.69772 (Wall 0.0203364s, CPU 0.020339s)
Info    : No ill-shaped tets in the mesh :-)
Info    : 0.00 < quality < 0.10 :         0 elements
Info    : 0.10 < quality < 0.20 :         5 elements
Info    : 0.20 < quality < 0.30 :        24 elements
Info    : 0.30 < quality < 0.40 :       789 elements
Info    : 0.40 < quality < 0.50 :      1128 elements
Info    : 0.50 < quality < 0.60 :      4077 elements
Info    : 0.60 < quality < 0.70 :     11728 elements
Info    : 0.70 < quality < 0.80 :     19717 elements
Info    : 0.80 < quality < 0.90 :      2173 elements
Info    : 0.90 < quality < 1.00 :      1616 elements
Info    : Optimizing volume 2
Info    : Optimization starts (volume = 0.256435) with worst = 0.112735 / average = 0.738339:
Info    : 0.00 < quality < 0.10 :         0 elements
Info    : 0.10 < quality < 0.20 :         1 elements
Info    : 0.20 < quality < 0.30 :         4 elements
Info    : 0.30 < quality < 0.40 :        10 elements
Info    : 0.40 < quality < 0.50 :        24 elements
Info    : 0.50 < quality < 0.60 :        30 elements
Info    : 0.60 < quality < 0.70 :        64 elements
Info    : 0.70 < quality < 0.80 :       182 elements
Info    : 0.80 < quality < 0.90 :       128 elements
Info    : 0.90 < quality < 1.00 :        40 elements
Info    : 5 edge swaps, 0 node relocations (volume = 0.256435): worst = 0.307193 / average = 0.743854 (Wall 0.000100904s, CPU 0.000102s)
Info    : No ill-shaped tets in the mesh :-)
Info    : 0.00 < quality < 0.10 :         0 elements
Info    : 0.10 < quality < 0.20 :         0 elements
Info    : 0.20 < quality < 0.30 :         0 elements
Info    : 0.30 < quality < 0.40 :        11 elements
Info    : 0.40 < quality < 0.50 :        22 elements
Info    : 0.50 < quality < 0.60 :        31 elements
Info    : 0.60 < quality < 0.70 :        63 elements
Info    : 0.70 < quality < 0.80 :       183 elements
Info    : 0.80 < quality < 0.90 :       129 elements
Info    : 0.90 < quality < 1.00 :        40 elements
Info    : Done optimizing mesh (Wall 0.0442505s, CPU 0.044251s)
Info    : 13632 nodes 68304 elements
Info    : Meshing order 2 (curvilinear on)...
Info    : [  0%] Meshing curve 1 order 2
Info    : [ 10%] Meshing curve 2 order 2
Info    : [ 20%] Meshing curve 3 order 2
Info    : [ 20%] Meshing curve 4 order 2
Info    : [ 30%] Meshing curve 5 order 2
Info    : [ 30%] Meshing curve 6 order 2
Info    : [ 40%] Meshing curve 7 order 2
Info    : [ 40%] Meshing curve 8 order 2
Info    : [ 50%] Meshing curve 9 order 2
Info    : [ 50%] Meshing curve 10 order 2
Info    : [ 60%] Meshing curve 11 order 2
Info    : [ 60%] Meshing curve 12 order 2
Info    : [ 70%] Meshing surface 1 order 2
Info    : [ 70%] Meshing surface 2 order 2
Info    : [ 80%] Meshing surface 3 order 2
Info    : [ 80%] Meshing surface 4 order 2
Info    : [ 90%] Meshing surface 5 order 2
Info    : [ 90%] Meshing surface 6 order 2
Info    : [100%] Meshing volume 1 order 2
Info    : [100%] Meshing volume 2 order 2
Info    : Surface mesh: worst distortion = 0.797589 (0 elements in ]0, 0.2]); worst gamma = 0.669654
Warning : Volume mesh: worst distortion = -0.0378042 (avg = 0.960104, 1 elements with jac. < 0)
Info    : Done meshing order 2 (Wall 16.2782s, CPU 16.2612s)
Info    : Writing '/home/user/mscr-mom/현서/scripts/contact_scenarios/fea/matv2_mesh_PST375_phiP120_b0_s62.inp'...
Info    : Done writing '/home/user/mscr-mom/현서/scripts/contact_scenarios/fea/matv2_mesh_PST375_phiP120_b0_s62.inp'
  [PST375_phiP120_b0] [실패] (21.1s)
[PST375_phiP120_b0 2/8] L_M=37.5, phi=120.0, beta=0.0, s=67.5mm, push_depth=0.1mm ...
Info    : Meshing 1D...
Info    : [  0%] Meshing curve 1 (BSpline)
Info    : [ 10%] Meshing curve 2 (Ellipse)
Info    : [ 20%] Meshing curve 3 (Ellipse)
Info    : [ 30%] Meshing curve 4 (BSpline)
Info    : [ 40%] Meshing curve 5 (BSpline)
Info    : [ 50%] Meshing curve 6 (BSpline)
Info    : [ 60%] Meshing curve 7 (BSpline)
Info    : [ 60%] Meshing curve 8 (BSpline)
Info    : [ 70%] Meshing curve 9 (BSpline)
Info    : [ 90%] Meshing curve 11 (Circle)
Info    : Done meshing 1D (Wall 0.0236149s, CPU 0.023598s)
Info    : Meshing 2D...
Info    : [  0%] Meshing surface 1 (Plane, Frontal-Delaunay)
Info    : [ 20%] Meshing surface 2 (Plane, Frontal-Delaunay)
Info    : [ 40%] Meshing surface 3 (BSpline surface, Frontal-Delaunay)
Info    : [ 60%] Meshing surface 4 (BSpline surface, Frontal-Delaunay)
Info    : [ 70%] Meshing surface 5 (Plane, Frontal-Delaunay)
Info    : [ 90%] Meshing surface 6 (Sphere, Frontal-Delaunay)
Info    : Done meshing 2D (Wall 0.820609s, CPU 0.820558s)
Info    : Meshing 3D...
Info    : 3D Meshing 2 volumes with 2 connected components
Info    : Tetrahedrizing 12545 nodes...
Info    : Done tetrahedrizing 12553 nodes (Wall 0.141235s, CPU 0.136225s)
Info    : Reconstructing mesh...
Info    :  - Creating surface mesh
Info    :  - Identifying boundary edges
Info    :  - Recovering boundary
Info    : Done reconstructing mesh (Wall 0.333275s, CPU 0.323251s)
Info    : Found volume 1
Info    : It. 0 - 0 nodes created - worst tet radius 1.06811 (nodes removed 0 0)
Info    : It. 500 - 500 nodes created - worst tet radius 1.00005 (nodes removed 0 0)
Info    : 3D refinement terminated (13234 nodes total):
Info    :  - 0 Delaunay cavities modified for star shapeness
Info    :  - 0 nodes could not be inserted
Info    :  - 42466 tetrahedra created in 0.0278062 sec. (1527213 tets/s)
Info    : 0 node relocations
Info    : Tetrahedrizing 130 nodes...
Info    : Done tetrahedrizing 138 nodes (Wall 0.000713188s, CPU 0.000713s)
Info    : Reconstructing mesh...
Info    :  - Creating surface mesh
Info    :  - Identifying boundary edges
Info    :  - Recovering boundary
Info    : Done reconstructing mesh (Wall 0.00172519s, CPU 0.001728s)
Info    : Found volume 2
Info    : It. 0 - 0 nodes created - worst tet radius 3.06344 (nodes removed 0 0)
Info    : 3D refinement terminated (12756 nodes total):
Info    :  - 0 Delaunay cavities modified for star shapeness
Info    :  - 0 nodes could not be inserted
Info    :  - 492 tetrahedra created in 0.00546453 sec. (90035 tets/s)
Info    : 0 node relocations
Info    : Done meshing 3D (Wall 0.628427s, CPU 0.618381s)
Info    : Optimizing mesh...
Info    : Optimizing volume 1
Info    : Optimization starts (volume = 235.621) with worst = 0.0020907 / average = 0.679792:
Info    : 0.00 < quality < 0.10 :       219 elements
Info    : 0.10 < quality < 0.20 :       404 elements
Info    : 0.20 < quality < 0.30 :       736 elements
Info    : 0.30 < quality < 0.40 :       930 elements
Info    : 0.40 < quality < 0.50 :      1348 elements
Info    : 0.50 < quality < 0.60 :      4008 elements
Info    : 0.60 < quality < 0.70 :     11243 elements
Info    : 0.70 < quality < 0.80 :     19988 elements
Info    : 0.80 < quality < 0.90 :      1986 elements
Info    : 0.90 < quality < 1.00 :      1604 elements
Info    : 1290 edge swaps, 14 node relocations (volume = 235.621): worst = 0.118555 / average = 0.697031 (Wall 0.0154305s, CPU 0.015438s)
Info    : 1353 edge swaps, 14 node relocations (volume = 235.621): worst = 0.120931 / average = 0.697709 (Wall 0.0190875s, CPU 0.019095s)
Info    : 1354 edge swaps, 14 node relocations (volume = 235.621): worst = 0.120931 / average = 0.69772 (Wall 0.0216865s, CPU 0.021695s)
Info    : No ill-shaped tets in the mesh :-)
Info    : 0.00 < quality < 0.10 :         0 elements
Info    : 0.10 < quality < 0.20 :         5 elements
Info    : 0.20 < quality < 0.30 :        24 elements
Info    : 0.30 < quality < 0.40 :       789 elements
Info    : 0.40 < quality < 0.50 :      1128 elements
Info    : 0.50 < quality < 0.60 :      4077 elements
Info    : 0.60 < quality < 0.70 :     11728 elements
Info    : 0.70 < quality < 0.80 :     19717 elements
Info    : 0.80 < quality < 0.90 :      2173 elements
Info    : 0.90 < quality < 1.00 :      1616 elements
Info    : Optimizing volume 2
Info    : Optimization starts (volume = 0.256435) with worst = 0.0657345 / average = 0.748343:
Info    : 0.00 < quality < 0.10 :         1 elements
Info    : 0.10 < quality < 0.20 :         3 elements
Info    : 0.20 < quality < 0.30 :         6 elements
Info    : 0.30 < quality < 0.40 :        10 elements
Info    : 0.40 < quality < 0.50 :        17 elements
Info    : 0.50 < quality < 0.60 :        17 elements
Info    : 0.60 < quality < 0.70 :        62 elements
Info    : 0.70 < quality < 0.80 :       188 elements
Info    : 0.80 < quality < 0.90 :       151 elements
Info    : 0.90 < quality < 1.00 :        37 elements
Info    : 10 edge swaps, 0 node relocations (volume = 0.256435): worst = 0.31774 / average = 0.761248 (Wall 0.000126983s, CPU 0.00013s)
Info    : No ill-shaped tets in the mesh :-)
Info    : 0.00 < quality < 0.10 :         0 elements
Info    : 0.10 < quality < 0.20 :         0 elements
Info    : 0.20 < quality < 0.30 :         0 elements
Info    : 0.30 < quality < 0.40 :        10 elements
Info    : 0.40 < quality < 0.50 :        15 elements
Info    : 0.50 < quality < 0.60 :        15 elements
Info    : 0.60 < quality < 0.70 :        66 elements
Info    : 0.70 < quality < 0.80 :       188 elements
Info    : 0.80 < quality < 0.90 :       152 elements
Info    : 0.90 < quality < 1.00 :        37 elements
Info    : Done optimizing mesh (Wall 0.0492505s, CPU 0.049249s)
Info    : 13634 nodes 68308 elements
Info    : Meshing order 2 (curvilinear on)...
Info    : [  0%] Meshing curve 1 order 2
Info    : [ 10%] Meshing curve 2 order 2
Info    : [ 20%] Meshing curve 3 order 2
Info    : [ 20%] Meshing curve 4 order 2
Info    : [ 30%] Meshing curve 5 order 2
Info    : [ 30%] Meshing curve 6 order 2
Info    : [ 40%] Meshing curve 7 order 2
Info    : [ 40%] Meshing curve 8 order 2
Info    : [ 50%] Meshing curve 9 order 2
Info    : [ 50%] Meshing curve 10 order 2
Info    : [ 60%] Meshing curve 11 order 2
Info    : [ 60%] Meshing curve 12 order 2
Info    : [ 70%] Meshing surface 1 order 2
Info    : [ 70%] Meshing surface 2 order 2
Info    : [ 80%] Meshing surface 3 order 2
Info    : [ 80%] Meshing surface 4 order 2
Info    : [ 90%] Meshing surface 5 order 2
Info    : [ 90%] Meshing surface 6 order 2
Info    : [100%] Meshing volume 1 order 2
Info    : [100%] Meshing volume 2 order 2
Info    : Surface mesh: worst distortion = 0.797589 (0 elements in ]0, 0.2]); worst gamma = 0.669654
Warning : Volume mesh: worst distortion = -0.0378042 (avg = 0.960112, 1 elements with jac. < 0)
Info    : Done meshing order 2 (Wall 16.3706s, CPU 16.3633s)
Info    : Writing '/home/user/mscr-mom/현서/scripts/contact_scenarios/fea/matv2_mesh_PST375_phiP120_b0_s68.inp'...
Info    : Done writing '/home/user/mscr-mom/현서/scripts/contact_scenarios/fea/matv2_mesh_PST375_phiP120_b0_s68.inp'
  [PST375_phiP120_b0] [실패] (21.3s)
[PST375_phiP120_b0 3/8] L_M=37.5, phi=120.0, beta=0.0, s=72.5mm, push_depth=0.1mm ...
Info    : Meshing 1D...
Info    : [  0%] Meshing curve 1 (BSpline)
Info    : [ 10%] Meshing curve 2 (Ellipse)
Info    : [ 20%] Meshing curve 3 (Ellipse)
Info    : [ 30%] Meshing curve 4 (BSpline)
Info    : [ 40%] Meshing curve 5 (BSpline)
Info    : [ 50%] Meshing curve 6 (BSpline)
Info    : [ 60%] Meshing curve 7 (BSpline)
Info    : [ 60%] Meshing curve 8 (BSpline)
Info    : [ 70%] Meshing curve 9 (BSpline)
Info    : [ 90%] Meshing curve 11 (Circle)
Info    : Done meshing 1D (Wall 0.0239842s, CPU 0.023973s)
Info    : Meshing 2D...
Info    : [  0%] Meshing surface 1 (Plane, Frontal-Delaunay)
Info    : [ 20%] Meshing surface 2 (Plane, Frontal-Delaunay)
Info    : [ 40%] Meshing surface 3 (BSpline surface, Frontal-Delaunay)
Info    : [ 60%] Meshing surface 4 (BSpline surface, Frontal-Delaunay)
Info    : [ 70%] Meshing surface 5 (Plane, Frontal-Delaunay)
Info    : [ 90%] Meshing surface 6 (Sphere, Frontal-Delaunay)
Info    : Done meshing 2D (Wall 0.762841s, CPU 0.762799s)
Info    : Meshing 3D...
Info    : 3D Meshing 2 volumes with 2 connected components
Info    : Tetrahedrizing 12545 nodes...
Info    : Done tetrahedrizing 12553 nodes (Wall 0.143814s, CPU 0.138801s)
Info    : Reconstructing mesh...
Info    :  - Creating surface mesh
Info    :  - Identifying boundary edges
Info    :  - Recovering boundary
Info    : Done reconstructing mesh (Wall 0.365942s, CPU 0.359919s)
Info    : Found volume 1
Info    : It. 0 - 0 nodes created - worst tet radius 1.06811 (nodes removed 0 0)
Info    : It. 500 - 500 nodes created - worst tet radius 1.00005 (nodes removed 0 0)
Info    : 3D refinement terminated (13234 nodes total):
Info    :  - 0 Delaunay cavities modified for star shapeness
Info    :  - 0 nodes could not be inserted
Info    :  - 42466 tetrahedra created in 0.0274764 sec. (1545545 tets/s)
Info    : 0 node relocations
Info    : Tetrahedrizing 130 nodes...
Info    : Done tetrahedrizing 138 nodes (Wall 0.000711665s, CPU 0.000712s)
Info    : Reconstructing mesh...
Info    :  - Creating surface mesh
Info    :  - Identifying boundary edges
Info    :  - Recovering boundary
Info    : Done reconstructing mesh (Wall 0.0017448s, CPU 0.001746s)
Info    : Found volume 2
Info    : It. 0 - 0 nodes created - worst tet radius 3.06344 (nodes removed 0 0)
Info    : 3D refinement terminated (12756 nodes total):
Info    :  - 0 Delaunay cavities modified for star shapeness
Info    :  - 0 nodes could not be inserted
Info    :  - 492 tetrahedra created in 0.00424355 sec. (115940 tets/s)
Info    : 0 node relocations
Info    : Done meshing 3D (Wall 0.697231s, CPU 0.688096s)
Info    : Optimizing mesh...
Info    : Optimizing volume 1
Info    : Optimization starts (volume = 235.621) with worst = 0.0020907 / average = 0.679792:
Info    : 0.00 < quality < 0.10 :       219 elements
Info    : 0.10 < quality < 0.20 :       404 elements
Info    : 0.20 < quality < 0.30 :       736 elements
Info    : 0.30 < quality < 0.40 :       930 elements
Info    : 0.40 < quality < 0.50 :      1348 elements
Info    : 0.50 < quality < 0.60 :      4008 elements
Info    : 0.60 < quality < 0.70 :     11243 elements
Info    : 0.70 < quality < 0.80 :     19988 elements
Info    : 0.80 < quality < 0.90 :      1986 elements
Info    : 0.90 < quality < 1.00 :      1604 elements
Info    : 1290 edge swaps, 14 node relocations (volume = 235.621): worst = 0.118555 / average = 0.697031 (Wall 0.0156579s, CPU 0.015658s)
Info    : 1353 edge swaps, 14 node relocations (volume = 235.621): worst = 0.120931 / average = 0.697709 (Wall 0.0191123s, CPU 0.019113s)
Info    : 1354 edge swaps, 14 node relocations (volume = 235.621): worst = 0.120931 / average = 0.69772 (Wall 0.0217627s, CPU 0.021765s)
Info    : No ill-shaped tets in the mesh :-)
Info    : 0.00 < quality < 0.10 :         0 elements
Info    : 0.10 < quality < 0.20 :         5 elements
Info    : 0.20 < quality < 0.30 :        24 elements
Info    : 0.30 < quality < 0.40 :       789 elements
Info    : 0.40 < quality < 0.50 :      1128 elements
Info    : 0.50 < quality < 0.60 :      4077 elements
Info    : 0.60 < quality < 0.70 :     11728 elements
Info    : 0.70 < quality < 0.80 :     19717 elements
Info    : 0.80 < quality < 0.90 :      2173 elements
Info    : 0.90 < quality < 1.00 :      1616 elements
Info    : Optimizing volume 2
Info    : Optimization starts (volume = 0.256435) with worst = 0.0657345 / average = 0.748343:
Info    : 0.00 < quality < 0.10 :         1 elements
Info    : 0.10 < quality < 0.20 :         3 elements
Info    : 0.20 < quality < 0.30 :         6 elements
Info    : 0.30 < quality < 0.40 :        10 elements
Info    : 0.40 < quality < 0.50 :        17 elements
Info    : 0.50 < quality < 0.60 :        17 elements
Info    : 0.60 < quality < 0.70 :        62 elements
Info    : 0.70 < quality < 0.80 :       188 elements
Info    : 0.80 < quality < 0.90 :       151 elements
Info    : 0.90 < quality < 1.00 :        37 elements
Info    : 10 edge swaps, 0 node relocations (volume = 0.256435): worst = 0.31774 / average = 0.761248 (Wall 0.000129477s, CPU 0.000131s)
Info    : No ill-shaped tets in the mesh :-)
Info    : 0.00 < quality < 0.10 :         0 elements
Info    : 0.10 < quality < 0.20 :         0 elements
Info    : 0.20 < quality < 0.30 :         0 elements
Info    : 0.30 < quality < 0.40 :        10 elements
Info    : 0.40 < quality < 0.50 :        15 elements
Info    : 0.50 < quality < 0.60 :        15 elements
Info    : 0.60 < quality < 0.70 :        66 elements
Info    : 0.70 < quality < 0.80 :       188 elements
Info    : 0.80 < quality < 0.90 :       152 elements
Info    : 0.90 < quality < 1.00 :        37 elements
Info    : Done optimizing mesh (Wall 0.0454423s, CPU 0.045441s)
Info    : 13634 nodes 68308 elements
Info    : Meshing order 2 (curvilinear on)...
Info    : [  0%] Meshing curve 1 order 2
Info    : [ 10%] Meshing curve 2 order 2
Info    : [ 20%] Meshing curve 3 order 2
Info    : [ 20%] Meshing curve 4 order 2
Info    : [ 30%] Meshing curve 5 order 2
Info    : [ 30%] Meshing curve 6 order 2
Info    : [ 40%] Meshing curve 7 order 2
Info    : [ 40%] Meshing curve 8 order 2
Info    : [ 50%] Meshing curve 9 order 2
Info    : [ 50%] Meshing curve 10 order 2
Info    : [ 60%] Meshing curve 11 order 2
Info    : [ 60%] Meshing curve 12 order 2
Info    : [ 70%] Meshing surface 1 order 2
Info    : [ 70%] Meshing surface 2 order 2
Info    : [ 80%] Meshing surface 3 order 2
Info    : [ 80%] Meshing surface 4 order 2
Info    : [ 90%] Meshing surface 5 order 2
Info    : [ 90%] Meshing surface 6 order 2
Info    : [100%] Meshing volume 1 order 2
Info    : [100%] Meshing volume 2 order 2
Info    : Surface mesh: worst distortion = 0.797589 (0 elements in ]0, 0.2]); worst gamma = 0.669654
Warning : Volume mesh: worst distortion = -0.0378042 (avg = 0.960112, 1 elements with jac. < 0)
Info    : Done meshing order 2 (Wall 16.1017s, CPU 16.1001s)
Info    : Writing '/home/user/mscr-mom/현서/scripts/contact_scenarios/fea/matv2_mesh_PST375_phiP120_b0_s72.inp'...
Info    : Done writing '/home/user/mscr-mom/현서/scripts/contact_scenarios/fea/matv2_mesh_PST375_phiP120_b0_s72.inp'
  [PST375_phiP120_b0] [실패] (21.0s)
[PST375_phiP120_b0 4/8] L_M=37.5, phi=120.0, beta=0.0, s=77.5mm, push_depth=0.1mm ...
Info    : Meshing 1D...
Info    : [  0%] Meshing curve 1 (BSpline)
Info    : [ 10%] Meshing curve 2 (Ellipse)
Info    : [ 20%] Meshing curve 3 (Ellipse)
Info    : [ 30%] Meshing curve 4 (BSpline)
Info    : [ 40%] Meshing curve 5 (BSpline)
Info    : [ 50%] Meshing curve 6 (BSpline)
Info    : [ 60%] Meshing curve 7 (BSpline)
Info    : [ 60%] Meshing curve 8 (BSpline)
Info    : [ 70%] Meshing curve 9 (BSpline)
Info    : [ 90%] Meshing curve 11 (Circle)
Info    : Done meshing 1D (Wall 0.0234462s, CPU 0.023442s)
Info    : Meshing 2D...
Info    : [  0%] Meshing surface 1 (Plane, Frontal-Delaunay)
Info    : [ 20%] Meshing surface 2 (Plane, Frontal-Delaunay)
Info    : [ 40%] Meshing surface 3 (BSpline surface, Frontal-Delaunay)
Info    : [ 60%] Meshing surface 4 (BSpline surface, Frontal-Delaunay)
Info    : [ 70%] Meshing surface 5 (Plane, Frontal-Delaunay)
Info    : [ 90%] Meshing surface 6 (Sphere, Frontal-Delaunay)
Info    : Done meshing 2D (Wall 0.729001s, CPU 0.728944s)
Info    : Meshing 3D...
Info    : 3D Meshing 2 volumes with 2 connected components
Info    : Tetrahedrizing 12545 nodes...
Info    : Done tetrahedrizing 12553 nodes (Wall 0.141444s, CPU 0.137438s)
Info    : Reconstructing mesh...
Info    :  - Creating surface mesh
Info    :  - Identifying boundary edges
Info    :  - Recovering boundary
Info    : Done reconstructing mesh (Wall 0.305658s, CPU 0.301632s)
Info    : Found volume 1
Info    : It. 0 - 0 nodes created - worst tet radius 1.06811 (nodes removed 0 0)
Info    : It. 500 - 500 nodes created - worst tet radius 1.00005 (nodes removed 0 0)
Info    : 3D refinement terminated (13234 nodes total):
Info    :  - 0 Delaunay cavities modified for star shapeness
Info    :  - 0 nodes could not be inserted
Info    :  - 42466 tetrahedra created in 0.0189484 sec. (2241138 tets/s)
Info    : 0 node relocations
Info    : Tetrahedrizing 130 nodes...
Info    : Done tetrahedrizing 138 nodes (Wall 0.000700338s, CPU 0.0007s)
Info    : Reconstructing mesh...
Info    :  - Creating surface mesh
Info    :  - Identifying boundary edges
Info    :  - Recovering boundary
Info    : Done reconstructing mesh (Wall 0.00162979s, CPU 0.001634s)
Info    : Found volume 2
Info    : It. 0 - 0 nodes created - worst tet radius 3.06344 (nodes removed 0 0)
Info    : 3D refinement terminated (12756 nodes total):
Info    :  - 0 Delaunay cavities modified for star shapeness
Info    :  - 0 nodes could not be inserted
Info    :  - 492 tetrahedra created in 0.00224848 sec. (218814 tets/s)
Info    : 0 node relocations
Info    : Done meshing 3D (Wall 0.546492s, CPU 0.542462s)
Info    : Optimizing mesh...
Info    : Optimizing volume 1
Info    : Optimization starts (volume = 235.621) with worst = 0.0020907 / average = 0.679792:
Info    : 0.00 < quality < 0.10 :       219 elements
Info    : 0.10 < quality < 0.20 :       404 elements
Info    : 0.20 < quality < 0.30 :       736 elements
Info    : 0.30 < quality < 0.40 :       930 elements
Info    : 0.40 < quality < 0.50 :      1348 elements
Info    : 0.50 < quality < 0.60 :      4008 elements
Info    : 0.60 < quality < 0.70 :     11243 elements
Info    : 0.70 < quality < 0.80 :     19988 elements
Info    : 0.80 < quality < 0.90 :      1986 elements
Info    : 0.90 < quality < 1.00 :      1604 elements
Info    : 1290 edge swaps, 14 node relocations (volume = 235.621): worst = 0.118555 / average = 0.697031 (Wall 0.0150604s, CPU 0.01506s)
Info    : 1353 edge swaps, 14 node relocations (volume = 235.621): worst = 0.120931 / average = 0.697709 (Wall 0.0179551s, CPU 0.017958s)
Info    : 1354 edge swaps, 14 node relocations (volume = 235.621): worst = 0.120931 / average = 0.69772 (Wall 0.0200349s, CPU 0.020039s)
Info    : No ill-shaped tets in the mesh :-)
Info    : 0.00 < quality < 0.10 :         0 elements
Info    : 0.10 < quality < 0.20 :         5 elements
Info    : 0.20 < quality < 0.30 :        24 elements
Info    : 0.30 < quality < 0.40 :       789 elements
Info    : 0.40 < quality < 0.50 :      1128 elements
Info    : 0.50 < quality < 0.60 :      4077 elements
Info    : 0.60 < quality < 0.70 :     11728 elements
Info    : 0.70 < quality < 0.80 :     19717 elements
Info    : 0.80 < quality < 0.90 :      2173 elements
Info    : 0.90 < quality < 1.00 :      1616 elements
Info    : Optimizing volume 2
Info    : Optimization starts (volume = 0.256435) with worst = 0.0657345 / average = 0.748343:
Info    : 0.00 < quality < 0.10 :         1 elements
Info    : 0.10 < quality < 0.20 :         3 elements
Info    : 0.20 < quality < 0.30 :         6 elements
Info    : 0.30 < quality < 0.40 :        10 elements
Info    : 0.40 < quality < 0.50 :        17 elements
Info    : 0.50 < quality < 0.60 :        17 elements
Info    : 0.60 < quality < 0.70 :        62 elements
Info    : 0.70 < quality < 0.80 :       188 elements
Info    : 0.80 < quality < 0.90 :       151 elements
Info    : 0.90 < quality < 1.00 :        37 elements
Info    : 10 edge swaps, 0 node relocations (volume = 0.256435): worst = 0.31774 / average = 0.761248 (Wall 0.00012417s, CPU 0.000125s)
Info    : No ill-shaped tets in the mesh :-)
Info    : 0.00 < quality < 0.10 :         0 elements
Info    : 0.10 < quality < 0.20 :         0 elements
Info    : 0.20 < quality < 0.30 :         0 elements
Info    : 0.30 < quality < 0.40 :        10 elements
Info    : 0.40 < quality < 0.50 :        15 elements
Info    : 0.50 < quality < 0.60 :        15 elements
Info    : 0.60 < quality < 0.70 :        66 elements
Info    : 0.70 < quality < 0.80 :       188 elements
Info    : 0.80 < quality < 0.90 :       152 elements
Info    : 0.90 < quality < 1.00 :        37 elements
Info    : Done optimizing mesh (Wall 0.0441574s, CPU 0.044156s)
Info    : 13634 nodes 68308 elements
Info    : Meshing order 2 (curvilinear on)...
Info    : [  0%] Meshing curve 1 order 2
Info    : [ 10%] Meshing curve 2 order 2
Info    : [ 20%] Meshing curve 3 order 2
Info    : [ 20%] Meshing curve 4 order 2
Info    : [ 30%] Meshing curve 5 order 2
Info    : [ 30%] Meshing curve 6 order 2
Info    : [ 40%] Meshing curve 7 order 2
Info    : [ 40%] Meshing curve 8 order 2
Info    : [ 50%] Meshing curve 9 order 2
Info    : [ 50%] Meshing curve 10 order 2
Info    : [ 60%] Meshing curve 11 order 2
Info    : [ 60%] Meshing curve 12 order 2
Info    : [ 70%] Meshing surface 1 order 2
Info    : [ 70%] Meshing surface 2 order 2
Info    : [ 80%] Meshing surface 3 order 2
Info    : [ 80%] Meshing surface 4 order 2
Info    : [ 90%] Meshing surface 5 order 2
Info    : [ 90%] Meshing surface 6 order 2
Info    : [100%] Meshing volume 1 order 2
Info    : [100%] Meshing volume 2 order 2
Info    : Surface mesh: worst distortion = 0.797589 (0 elements in ]0, 0.2]); worst gamma = 0.669654
Warning : Volume mesh: worst distortion = -0.0378042 (avg = 0.960112, 1 elements with jac. < 0)
Info    : Done meshing order 2 (Wall 16.4255s, CPU 16.4086s)
Info    : Writing '/home/user/mscr-mom/현서/scripts/contact_scenarios/fea/matv2_mesh_PST375_phiP120_b0_s78.inp'...
Info    : Done writing '/home/user/mscr-mom/현서/scripts/contact_scenarios/fea/matv2_mesh_PST375_phiP120_b0_s78.inp'
  [PST375_phiP120_b0] [실패] (21.1s)
[PST375_phiP120_b0 5/8] L_M=37.5, phi=120.0, beta=0.0, s=82.5mm, push_depth=0.1mm ...
Info    : Meshing 1D...
Info    : [  0%] Meshing curve 1 (BSpline)
Info    : [ 10%] Meshing curve 2 (Ellipse)
Info    : [ 20%] Meshing curve 3 (Ellipse)
Info    : [ 30%] Meshing curve 4 (BSpline)
Info    : [ 40%] Meshing curve 5 (BSpline)
Info    : [ 50%] Meshing curve 6 (BSpline)
Info    : [ 60%] Meshing curve 7 (BSpline)
Info    : [ 60%] Meshing curve 8 (BSpline)
Info    : [ 70%] Meshing curve 9 (BSpline)
Info    : [ 90%] Meshing curve 11 (Circle)
Info    : Done meshing 1D (Wall 0.0234405s, CPU 0.023428s)
Info    : Meshing 2D...
Info    : [  0%] Meshing surface 1 (Plane, Frontal-Delaunay)
Info    : [ 20%] Meshing surface 2 (Plane, Frontal-Delaunay)
Info    : [ 40%] Meshing surface 3 (BSpline surface, Frontal-Delaunay)
Info    : [ 60%] Meshing surface 4 (BSpline surface, Frontal-Delaunay)
Info    : [ 70%] Meshing surface 5 (Plane, Frontal-Delaunay)
Info    : [ 90%] Meshing surface 6 (Sphere, Frontal-Delaunay)
Info    : Done meshing 2D (Wall 0.739482s, CPU 0.739391s)
Info    : Meshing 3D...
Info    : 3D Meshing 2 volumes with 2 connected components
Info    : Tetrahedrizing 12545 nodes...
Info    : Done tetrahedrizing 12553 nodes (Wall 0.140804s, CPU 0.138793s)
Info    : Reconstructing mesh...
Info    :  - Creating surface mesh
Info    :  - Identifying boundary edges
Info    :  - Recovering boundary
Info    : Done reconstructing mesh (Wall 0.33739s, CPU 0.335336s)
Info    : Found volume 1
Info    : It. 0 - 0 nodes created - worst tet radius 1.06811 (nodes removed 0 0)
Info    : It. 500 - 500 nodes created - worst tet radius 1.00005 (nodes removed 0 0)
Info    : 3D refinement terminated (13235 nodes total):
Info    :  - 0 Delaunay cavities modified for star shapeness
Info    :  - 0 nodes could not be inserted
Info    :  - 42466 tetrahedra created in 0.0194494 sec. (2183411 tets/s)
Info    : 0 node relocations
Info    : Tetrahedrizing 131 nodes...
Info    : Done tetrahedrizing 139 nodes (Wall 0.000720649s, CPU 0.00072s)
Info    : Reconstructing mesh...
Info    :  - Creating surface mesh
Info    :  - Identifying boundary edges
Info    :  - Recovering boundary
Info    : Done reconstructing mesh (Wall 0.00163802s, CPU 0.001641s)
Info    : Found volume 2
Info    : It. 0 - 0 nodes created - worst tet radius 3.10188 (nodes removed 0 0)
Info    : 3D refinement terminated (12756 nodes total):
Info    :  - 0 Delaunay cavities modified for star shapeness
Info    :  - 0 nodes could not be inserted
Info    :  - 501 tetrahedra created in 0.00220417 sec. (227296 tets/s)
Info    : 0 node relocations
Info    : Done meshing 3D (Wall 0.589948s, CPU 0.587849s)
Info    : Optimizing mesh...
Info    : Optimizing volume 1
Info    : Optimization starts (volume = 235.621) with worst = 0.0020907 / average = 0.679792:
Info    : 0.00 < quality < 0.10 :       219 elements
Info    : 0.10 < quality < 0.20 :       404 elements
Info    : 0.20 < quality < 0.30 :       736 elements
Info    : 0.30 < quality < 0.40 :       930 elements
Info    : 0.40 < quality < 0.50 :      1348 elements
Info    : 0.50 < quality < 0.60 :      4008 elements
Info    : 0.60 < quality < 0.70 :     11243 elements
Info    : 0.70 < quality < 0.80 :     19988 elements
Info    : 0.80 < quality < 0.90 :      1986 elements
Info    : 0.90 < quality < 1.00 :      1604 elements
Info    : 1290 edge swaps, 14 node relocations (volume = 235.621): worst = 0.118555 / average = 0.697031 (Wall 0.020965s, CPU 0.020965s)
Info    : 1353 edge swaps, 14 node relocations (volume = 235.621): worst = 0.120931 / average = 0.697709 (Wall 0.0260468s, CPU 0.026049s)
Info    : 1354 edge swaps, 14 node relocations (volume = 235.621): worst = 0.120931 / average = 0.69772 (Wall 0.0285164s, CPU 0.028519s)
Info    : No ill-shaped tets in the mesh :-)
Info    : 0.00 < quality < 0.10 :         0 elements
Info    : 0.10 < quality < 0.20 :         5 elements
Info    : 0.20 < quality < 0.30 :        24 elements
Info    : 0.30 < quality < 0.40 :       789 elements
Info    : 0.40 < quality < 0.50 :      1128 elements
Info    : 0.50 < quality < 0.60 :      4077 elements
Info    : 0.60 < quality < 0.70 :     11728 elements
Info    : 0.70 < quality < 0.80 :     19717 elements
Info    : 0.80 < quality < 0.90 :      2173 elements
Info    : 0.90 < quality < 1.00 :      1616 elements
Info    : Optimizing volume 2
Info    : Optimization starts (volume = 0.25645) with worst = 0.0401763 / average = 0.72318:
Info    : 0.00 < quality < 0.10 :         2 elements
Info    : 0.10 < quality < 0.20 :         5 elements
Info    : 0.20 < quality < 0.30 :         4 elements
Info    : 0.30 < quality < 0.40 :        19 elements
Info    : 0.40 < quality < 0.50 :        23 elements
Info    : 0.50 < quality < 0.60 :        29 elements
Info    : 0.60 < quality < 0.70 :        68 elements
Info    : 0.70 < quality < 0.80 :       188 elements
Info    : 0.80 < quality < 0.90 :       122 elements
Info    : 0.90 < quality < 1.00 :        41 elements
Info    : 11 edge swaps, 0 node relocations (volume = 0.25645): worst = 0.306492 / average = 0.738542 (Wall 0.000112361s, CPU 0.000114s)
Info    : No ill-shaped tets in the mesh :-)
Info    : 0.00 < quality < 0.10 :         0 elements
Info    : 0.10 < quality < 0.20 :         0 elements
Info    : 0.20 < quality < 0.30 :         0 elements
Info    : 0.30 < quality < 0.40 :        19 elements
Info    : 0.40 < quality < 0.50 :        20 elements
Info    : 0.50 < quality < 0.60 :        27 elements
Info    : 0.60 < quality < 0.70 :        69 elements
Info    : 0.70 < quality < 0.80 :       189 elements
Info    : 0.80 < quality < 0.90 :       125 elements
Info    : 0.90 < quality < 1.00 :        41 elements
Info    : Done optimizing mesh (Wall 0.0549351s, CPU 0.054883s)
Info    : 13634 nodes 68317 elements
Info    : Meshing order 2 (curvilinear on)...
Info    : [  0%] Meshing curve 1 order 2
Info    : [ 10%] Meshing curve 2 order 2
Info    : [ 20%] Meshing curve 3 order 2
Info    : [ 20%] Meshing curve 4 order 2
Info    : [ 30%] Meshing curve 5 order 2
Info    : [ 30%] Meshing curve 6 order 2
Info    : [ 40%] Meshing curve 7 order 2
Info    : [ 40%] Meshing curve 8 order 2
Info    : [ 50%] Meshing curve 9 order 2
Info    : [ 50%] Meshing curve 10 order 2
Info    : [ 60%] Meshing curve 11 order 2
Info    : [ 60%] Meshing curve 12 order 2
Info    : [ 70%] Meshing surface 1 order 2
Info    : [ 70%] Meshing surface 2 order 2
Info    : [ 80%] Meshing surface 3 order 2
Info    : [ 80%] Meshing surface 4 order 2
Info    : [ 90%] Meshing surface 5 order 2
Info    : [ 90%] Meshing surface 6 order 2
Info    : [100%] Meshing volume 1 order 2
Info    : [100%] Meshing volume 2 order 2
Info    : Surface mesh: worst distortion = 0.797589 (0 elements in ]0, 0.2]); worst gamma = 0.669654
Warning : Volume mesh: worst distortion = -0.0378042 (avg = 0.960103, 1 elements with jac. < 0)
Info    : Done meshing order 2 (Wall 17.1563s, CPU 17.1513s)
Info    : Writing '/home/user/mscr-mom/현서/scripts/contact_scenarios/fea/matv2_mesh_PST375_phiP120_b0_s82.inp'...
Info    : Done writing '/home/user/mscr-mom/현서/scripts/contact_scenarios/fea/matv2_mesh_PST375_phiP120_b0_s82.inp'
  [PST375_phiP120_b0] [실패] (22.0s)
[PST375_phiP120_b0 6/8] L_M=37.5, phi=120.0, beta=0.0, s=87.5mm, push_depth=0.1mm ...
Info    : Meshing 1D...
Info    : [  0%] Meshing curve 1 (BSpline)
Info    : [ 10%] Meshing curve 2 (Ellipse)
Info    : [ 20%] Meshing curve 3 (Ellipse)
Info    : [ 30%] Meshing curve 4 (BSpline)
Info    : [ 40%] Meshing curve 5 (BSpline)
Info    : [ 50%] Meshing curve 6 (BSpline)
Info    : [ 60%] Meshing curve 7 (BSpline)
Info    : [ 60%] Meshing curve 8 (BSpline)
Info    : [ 70%] Meshing curve 9 (BSpline)
Info    : [ 90%] Meshing curve 11 (Circle)
Info    : Done meshing 1D (Wall 0.0239217s, CPU 0.023922s)
Info    : Meshing 2D...
Info    : [  0%] Meshing surface 1 (Plane, Frontal-Delaunay)
Info    : [ 20%] Meshing surface 2 (Plane, Frontal-Delaunay)
Info    : [ 40%] Meshing surface 3 (BSpline surface, Frontal-Delaunay)
Info    : [ 60%] Meshing surface 4 (BSpline surface, Frontal-Delaunay)
Info    : [ 70%] Meshing surface 5 (Plane, Frontal-Delaunay)
Info    : [ 90%] Meshing surface 6 (Sphere, Frontal-Delaunay)
Info    : Done meshing 2D (Wall 0.763886s, CPU 0.761565s)
Info    : Meshing 3D...
Info    : 3D Meshing 2 volumes with 2 connected components
Info    : Tetrahedrizing 12545 nodes...
Info    : Done tetrahedrizing 12553 nodes (Wall 0.142467s, CPU 0.136463s)
Info    : Reconstructing mesh...
Info    :  - Creating surface mesh
Info    :  - Identifying boundary edges
Info    :  - Recovering boundary
Info    : Done reconstructing mesh (Wall 0.351547s, CPU 0.344531s)
Info    : Found volume 1
Info    : It. 0 - 0 nodes created - worst tet radius 1.06811 (nodes removed 0 0)
Info    : It. 500 - 500 nodes created - worst tet radius 1.00005 (nodes removed 0 0)
Info    : 3D refinement terminated (13235 nodes total):
Info    :  - 0 Delaunay cavities modified for star shapeness
Info    :  - 0 nodes could not be inserted
Info    :  - 42466 tetrahedra created in 0.0239288 sec. (1774683 tets/s)
Info    : 0 node relocations
Info    : Tetrahedrizing 131 nodes...
Info    : Done tetrahedrizing 139 nodes (Wall 0.000699947s, CPU 0.000701s)
Info    : Reconstructing mesh...
Info    :  - Creating surface mesh
Info    :  - Identifying boundary edges
Info    :  - Recovering boundary
Info    : Done reconstructing mesh (Wall 0.0016642s, CPU 0.001669s)
Info    : Found volume 2
Info    : It. 0 - 0 nodes created - worst tet radius 3.11281 (nodes removed 0 0)
Info    : 3D refinement terminated (12755 nodes total):
Info    :  - 0 Delaunay cavities modified for star shapeness
Info    :  - 0 nodes could not be inserted
Info    :  - 474 tetrahedra created in 0.002632 sec. (180090 tets/s)
Info    : 0 node relocations
Info    : Done meshing 3D (Wall 0.619995s, CPU 0.612973s)
Info    : Optimizing mesh...
Info    : Optimizing volume 1
Info    : Optimization starts (volume = 235.621) with worst = 0.0020907 / average = 0.679792:
Info    : 0.00 < quality < 0.10 :       219 elements
Info    : 0.10 < quality < 0.20 :       404 elements
Info    : 0.20 < quality < 0.30 :       736 elements
Info    : 0.30 < quality < 0.40 :       930 elements
Info    : 0.40 < quality < 0.50 :      1348 elements
Info    : 0.50 < quality < 0.60 :      4008 elements
Info    : 0.60 < quality < 0.70 :     11243 elements
Info    : 0.70 < quality < 0.80 :     19988 elements
Info    : 0.80 < quality < 0.90 :      1986 elements
Info    : 0.90 < quality < 1.00 :      1604 elements
Info    : 1290 edge swaps, 14 node relocations (volume = 235.621): worst = 0.118555 / average = 0.697031 (Wall 0.0136607s, CPU 0.01366s)
Info    : 1353 edge swaps, 14 node relocations (volume = 235.621): worst = 0.120931 / average = 0.697709 (Wall 0.0168913s, CPU 0.016892s)
Info    : 1354 edge swaps, 14 node relocations (volume = 235.621): worst = 0.120931 / average = 0.69772 (Wall 0.0191973s, CPU 0.019199s)
Info    : No ill-shaped tets in the mesh :-)
Info    : 0.00 < quality < 0.10 :         0 elements
Info    : 0.10 < quality < 0.20 :         5 elements
Info    : 0.20 < quality < 0.30 :        24 elements
Info    : 0.30 < quality < 0.40 :       789 elements
Info    : 0.40 < quality < 0.50 :      1128 elements
Info    : 0.50 < quality < 0.60 :      4077 elements
Info    : 0.60 < quality < 0.70 :     11728 elements
Info    : 0.70 < quality < 0.80 :     19717 elements
Info    : 0.80 < quality < 0.90 :      2173 elements
Info    : 0.90 < quality < 1.00 :      1616 elements
Info    : Optimizing volume 2
Info    : Optimization starts (volume = 0.256422) with worst = 0.0814445 / average = 0.751893:
Info    : 0.00 < quality < 0.10 :         1 elements
Info    : 0.10 < quality < 0.20 :         3 elements
Info    : 0.20 < quality < 0.30 :         4 elements
Info    : 0.30 < quality < 0.40 :         7 elements
Info    : 0.40 < quality < 0.50 :         6 elements
Info    : 0.50 < quality < 0.60 :        17 elements
Info    : 0.60 < quality < 0.70 :        81 elements
Info    : 0.70 < quality < 0.80 :       184 elements
Info    : 0.80 < quality < 0.90 :       128 elements
Info    : 0.90 < quality < 1.00 :        43 elements
Info    : 8 edge swaps, 0 node relocations (volume = 0.256422): worst = 0.307806 / average = 0.76375 (Wall 0.000119853s, CPU 0.000121s)
Info    : No ill-shaped tets in the mesh :-)
Info    : 0.00 < quality < 0.10 :         0 elements
Info    : 0.10 < quality < 0.20 :         0 elements
Info    : 0.20 < quality < 0.30 :         0 elements
Info    : 0.30 < quality < 0.40 :         7 elements
Info    : 0.40 < quality < 0.50 :         6 elements
Info    : 0.50 < quality < 0.60 :        14 elements
Info    : 0.60 < quality < 0.70 :        78 elements
Info    : 0.70 < quality < 0.80 :       187 elements
Info    : 0.80 < quality < 0.90 :       132 elements
Info    : 0.90 < quality < 1.00 :        42 elements
Info    : Done optimizing mesh (Wall 0.0422168s, CPU 0.042215s)
Info    : 13633 nodes 68293 elements
Info    : Meshing order 2 (curvilinear on)...
Info    : [  0%] Meshing curve 1 order 2
Info    : [ 10%] Meshing curve 2 order 2
Info    : [ 20%] Meshing curve 3 order 2
Info    : [ 20%] Meshing curve 4 order 2
Info    : [ 30%] Meshing curve 5 order 2
Info    : [ 30%] Meshing curve 6 order 2
Info    : [ 40%] Meshing curve 7 order 2
Info    : [ 40%] Meshing curve 8 order 2
Info    : [ 50%] Meshing curve 9 order 2
Info    : [ 50%] Meshing curve 10 order 2
Info    : [ 60%] Meshing curve 11 order 2
Info    : [ 60%] Meshing curve 12 order 2
Info    : [ 70%] Meshing surface 1 order 2
Info    : [ 70%] Meshing surface 2 order 2
Info    : [ 80%] Meshing surface 3 order 2
Info    : [ 80%] Meshing surface 4 order 2
Info    : [ 90%] Meshing surface 5 order 2
Info    : [ 90%] Meshing surface 6 order 2
Info    : [100%] Meshing volume 1 order 2
Info    : [100%] Meshing volume 2 order 2
Info    : Surface mesh: worst distortion = 0.797589 (0 elements in ]0, 0.2]); worst gamma = 0.669654
Warning : Volume mesh: worst distortion = -0.0378042 (avg = 0.960107, 1 elements with jac. < 0)
Info    : Done meshing order 2 (Wall 15.9915s, CPU 15.9847s)
Info    : Writing '/home/user/mscr-mom/현서/scripts/contact_scenarios/fea/matv2_mesh_PST375_phiP120_b0_s88.inp'...
Info    : Done writing '/home/user/mscr-mom/현서/scripts/contact_scenarios/fea/matv2_mesh_PST375_phiP120_b0_s88.inp'
  [PST375_phiP120_b0] [실패] (20.8s)
[PST375_phiP120_b0 7/8] L_M=37.5, phi=120.0, beta=0.0, s=92.5mm, push_depth=0.1mm ...
Info    : Meshing 1D...
Info    : [  0%] Meshing curve 1 (BSpline)
Info    : [ 10%] Meshing curve 2 (Ellipse)
Info    : [ 20%] Meshing curve 3 (Ellipse)
Info    : [ 30%] Meshing curve 4 (BSpline)
Info    : [ 40%] Meshing curve 5 (BSpline)
Info    : [ 50%] Meshing curve 6 (BSpline)
Info    : [ 60%] Meshing curve 7 (BSpline)
Info    : [ 60%] Meshing curve 8 (BSpline)
Info    : [ 70%] Meshing curve 9 (BSpline)
Info    : [ 90%] Meshing curve 11 (Circle)
Info    : Done meshing 1D (Wall 0.023648s, CPU 0.023638s)
Info    : Meshing 2D...
Info    : [  0%] Meshing surface 1 (Plane, Frontal-Delaunay)
Info    : [ 20%] Meshing surface 2 (Plane, Frontal-Delaunay)
Info    : [ 40%] Meshing surface 3 (BSpline surface, Frontal-Delaunay)
Info    : [ 60%] Meshing surface 4 (BSpline surface, Frontal-Delaunay)
Info    : [ 70%] Meshing surface 5 (Plane, Frontal-Delaunay)
Info    : [ 90%] Meshing surface 6 (Sphere, Frontal-Delaunay)
Info    : Done meshing 2D (Wall 0.802073s, CPU 0.801972s)
Info    : Meshing 3D...
Info    : 3D Meshing 2 volumes with 2 connected components
Info    : Tetrahedrizing 12545 nodes...
Info    : Done tetrahedrizing 12553 nodes (Wall 0.14421s, CPU 0.138203s)
Info    : Reconstructing mesh...
Info    :  - Creating surface mesh
Info    :  - Identifying boundary edges
Info    :  - Recovering boundary
Info    : Done reconstructing mesh (Wall 0.359154s, CPU 0.353087s)
Info    : Found volume 1
Info    : It. 0 - 0 nodes created - worst tet radius 1.06811 (nodes removed 0 0)
Info    : It. 500 - 500 nodes created - worst tet radius 1.00005 (nodes removed 0 0)
Info    : 3D refinement terminated (13234 nodes total):
Info    :  - 0 Delaunay cavities modified for star shapeness
Info    :  - 0 nodes could not be inserted
Info    :  - 42466 tetrahedra created in 0.0279174 sec. (1521132 tets/s)
Info    : 0 node relocations
Info    : Tetrahedrizing 130 nodes...
Info    : Done tetrahedrizing 138 nodes (Wall 0.000703353s, CPU 0.000704s)
Info    : Reconstructing mesh...
Info    :  - Creating surface mesh
Info    :  - Identifying boundary edges
Info    :  - Recovering boundary
Info    : Done reconstructing mesh (Wall 0.00166789s, CPU 0.001669s)
Info    : Found volume 2
Info    : It. 0 - 0 nodes created - worst tet radius 3.06344 (nodes removed 0 0)
Info    : 3D refinement terminated (12756 nodes total):
Info    :  - 0 Delaunay cavities modified for star shapeness
Info    :  - 0 nodes could not be inserted
Info    :  - 492 tetrahedra created in 0.00350249 sec. (140471 tets/s)
Info    : 0 node relocations
Info    : Done meshing 3D (Wall 0.683018s, CPU 0.676909s)
Info    : Optimizing mesh...
Info    : Optimizing volume 1
Info    : Optimization starts (volume = 235.621) with worst = 0.0020907 / average = 0.679792:
Info    : 0.00 < quality < 0.10 :       219 elements
Info    : 0.10 < quality < 0.20 :       404 elements
Info    : 0.20 < quality < 0.30 :       736 elements
Info    : 0.30 < quality < 0.40 :       930 elements
Info    : 0.40 < quality < 0.50 :      1348 elements
Info    : 0.50 < quality < 0.60 :      4008 elements
Info    : 0.60 < quality < 0.70 :     11243 elements
Info    : 0.70 < quality < 0.80 :     19988 elements
Info    : 0.80 < quality < 0.90 :      1986 elements
Info    : 0.90 < quality < 1.00 :      1604 elements
Info    : 1290 edge swaps, 14 node relocations (volume = 235.621): worst = 0.118555 / average = 0.697031 (Wall 0.0186196s, CPU 0.018622s)
Info    : 1353 edge swaps, 14 node relocations (volume = 235.621): worst = 0.120931 / average = 0.697709 (Wall 0.0226677s, CPU 0.022669s)
Info    : 1354 edge swaps, 14 node relocations (volume = 235.621): worst = 0.120931 / average = 0.69772 (Wall 0.0287509s, CPU 0.028752s)
Info    : No ill-shaped tets in the mesh :-)
Info    : 0.00 < quality < 0.10 :         0 elements
Info    : 0.10 < quality < 0.20 :         5 elements
Info    : 0.20 < quality < 0.30 :        24 elements
Info    : 0.30 < quality < 0.40 :       789 elements
Info    : 0.40 < quality < 0.50 :      1128 elements
Info    : 0.50 < quality < 0.60 :      4077 elements
Info    : 0.60 < quality < 0.70 :     11728 elements
Info    : 0.70 < quality < 0.80 :     19717 elements
Info    : 0.80 < quality < 0.90 :      2173 elements
Info    : 0.90 < quality < 1.00 :      1616 elements
Info    : Optimizing volume 2
Info    : Optimization starts (volume = 0.256435) with worst = 0.0657345 / average = 0.748343:
Info    : 0.00 < quality < 0.10 :         1 elements
Info    : 0.10 < quality < 0.20 :         3 elements
Info    : 0.20 < quality < 0.30 :         6 elements
Info    : 0.30 < quality < 0.40 :        10 elements
Info    : 0.40 < quality < 0.50 :        17 elements
Info    : 0.50 < quality < 0.60 :        17 elements
Info    : 0.60 < quality < 0.70 :        62 elements
Info    : 0.70 < quality < 0.80 :       188 elements
Info    : 0.80 < quality < 0.90 :       151 elements
Info    : 0.90 < quality < 1.00 :        37 elements
Info    : 10 edge swaps, 0 node relocations (volume = 0.256435): worst = 0.31774 / average = 0.761248 (Wall 0.000158232s, CPU 0.000162s)
Info    : No ill-shaped tets in the mesh :-)
Info    : 0.00 < quality < 0.10 :         0 elements
Info    : 0.10 < quality < 0.20 :         0 elements
Info    : 0.20 < quality < 0.30 :         0 elements
Info    : 0.30 < quality < 0.40 :        10 elements
Info    : 0.40 < quality < 0.50 :        15 elements
Info    : 0.50 < quality < 0.60 :        15 elements
Info    : 0.60 < quality < 0.70 :        66 elements
Info    : 0.70 < quality < 0.80 :       188 elements
Info    : 0.80 < quality < 0.90 :       152 elements
Info    : 0.90 < quality < 1.00 :        37 elements
Info    : Done optimizing mesh (Wall 0.0673207s, CPU 0.067308s)
Info    : 13634 nodes 68308 elements
Info    : Meshing order 2 (curvilinear on)...
Info    : [  0%] Meshing curve 1 order 2
Info    : [ 10%] Meshing curve 2 order 2
Info    : [ 20%] Meshing curve 3 order 2
Info    : [ 20%] Meshing curve 4 order 2
Info    : [ 30%] Meshing curve 5 order 2
Info    : [ 30%] Meshing curve 6 order 2
Info    : [ 40%] Meshing curve 7 order 2
Info    : [ 40%] Meshing curve 8 order 2
Info    : [ 50%] Meshing curve 9 order 2
Info    : [ 50%] Meshing curve 10 order 2
Info    : [ 60%] Meshing curve 11 order 2
Info    : [ 60%] Meshing curve 12 order 2
Info    : [ 70%] Meshing surface 1 order 2
Info    : [ 70%] Meshing surface 2 order 2
Info    : [ 80%] Meshing surface 3 order 2
Info    : [ 80%] Meshing surface 4 order 2
Info    : [ 90%] Meshing surface 5 order 2
Info    : [ 90%] Meshing surface 6 order 2
Info    : [100%] Meshing volume 1 order 2
Info    : [100%] Meshing volume 2 order 2
Info    : Surface mesh: worst distortion = 0.797589 (0 elements in ]0, 0.2]); worst gamma = 0.669654
Warning : Volume mesh: worst distortion = -0.0378042 (avg = 0.960112, 1 elements with jac. < 0)
Info    : Done meshing order 2 (Wall 16.338s, CPU 16.3328s)
Info    : Writing '/home/user/mscr-mom/현서/scripts/contact_scenarios/fea/matv2_mesh_PST375_phiP120_b0_s92.inp'...
Info    : Done writing '/home/user/mscr-mom/현서/scripts/contact_scenarios/fea/matv2_mesh_PST375_phiP120_b0_s92.inp'
  [PST375_phiP120_b0] [실패] (21.4s)
[PST375_phiP120_b0 8/8] L_M=37.5, phi=120.0, beta=0.0, s=97.5mm, push_depth=0.1mm ...
Info    : Meshing 1D...
Info    : [  0%] Meshing curve 1 (BSpline)
Info    : [ 10%] Meshing curve 2 (Ellipse)
Info    : [ 20%] Meshing curve 3 (Ellipse)
Info    : [ 30%] Meshing curve 4 (BSpline)
Info    : [ 40%] Meshing curve 5 (BSpline)
Info    : [ 50%] Meshing curve 6 (BSpline)
Info    : [ 60%] Meshing curve 7 (BSpline)
Info    : [ 60%] Meshing curve 8 (BSpline)
Info    : [ 70%] Meshing curve 9 (BSpline)
Info    : [ 90%] Meshing curve 11 (Circle)
Info    : Done meshing 1D (Wall 0.0232911s, CPU 0.023292s)
Info    : Meshing 2D...
Info    : [  0%] Meshing surface 1 (Plane, Frontal-Delaunay)
Info    : [ 20%] Meshing surface 2 (Plane, Frontal-Delaunay)
Info    : [ 40%] Meshing surface 3 (BSpline surface, Frontal-Delaunay)
Info    : [ 60%] Meshing surface 4 (BSpline surface, Frontal-Delaunay)
Info    : [ 70%] Meshing surface 5 (Plane, Frontal-Delaunay)
Info    : [ 90%] Meshing surface 6 (Sphere, Frontal-Delaunay)
Info    : Done meshing 2D (Wall 0.775703s, CPU 0.774507s)
Info    : Meshing 3D...
Info    : 3D Meshing 2 volumes with 2 connected components
Info    : Tetrahedrizing 12545 nodes...
Info    : Done tetrahedrizing 12553 nodes (Wall 0.150852s, CPU 0.143836s)
Info    : Reconstructing mesh...
Info    :  - Creating surface mesh
Info    :  - Identifying boundary edges
Info    :  - Recovering boundary
Info    : Done reconstructing mesh (Wall 0.339279s, CPU 0.332228s)
Info    : Found volume 1
Info    : It. 0 - 0 nodes created - worst tet radius 1.06811 (nodes removed 0 0)
Info    : It. 500 - 500 nodes created - worst tet radius 1.00005 (nodes removed 0 0)
Info    : 3D refinement terminated (13234 nodes total):
Info    :  - 0 Delaunay cavities modified for star shapeness
Info    :  - 0 nodes could not be inserted
Info    :  - 42466 tetrahedra created in 0.032342 sec. (1313027 tets/s)
Info    : 0 node relocations
Info    : Tetrahedrizing 130 nodes...
Info    : Done tetrahedrizing 138 nodes (Wall 0.000772588s, CPU 0.000774s)
Info    : Reconstructing mesh...
Info    :  - Creating surface mesh
Info    :  - Identifying boundary edges
Info    :  - Recovering boundary
Info    : Done reconstructing mesh (Wall 0.00209762s, CPU 0.002096s)
Info    : Found volume 2
Info    : It. 0 - 0 nodes created - worst tet radius 3.06344 (nodes removed 0 0)
Info    : 3D refinement terminated (12756 nodes total):
Info    :  - 0 Delaunay cavities modified for star shapeness
Info    :  - 0 nodes could not be inserted
Info    :  - 492 tetrahedra created in 0.00695744 sec. (70715 tets/s)
Info    : 0 node relocations
Info    : Done meshing 3D (Wall 0.66201s, CPU 0.653941s)
Info    : Optimizing mesh...
Info    : Optimizing volume 1
Info    : Optimization starts (volume = 235.621) with worst = 0.0020907 / average = 0.679792:
Info    : 0.00 < quality < 0.10 :       219 elements
Info    : 0.10 < quality < 0.20 :       404 elements
Info    : 0.20 < quality < 0.30 :       736 elements
Info    : 0.30 < quality < 0.40 :       930 elements
Info    : 0.40 < quality < 0.50 :      1348 elements
Info    : 0.50 < quality < 0.60 :      4008 elements
Info    : 0.60 < quality < 0.70 :     11243 elements
Info    : 0.70 < quality < 0.80 :     19988 elements
Info    : 0.80 < quality < 0.90 :      1986 elements
Info    : 0.90 < quality < 1.00 :      1604 elements
Info    : 1290 edge swaps, 14 node relocations (volume = 235.621): worst = 0.118555 / average = 0.697031 (Wall 0.0154605s, CPU 0.01546s)
Info    : 1353 edge swaps, 14 node relocations (volume = 235.621): worst = 0.120931 / average = 0.697709 (Wall 0.0189411s, CPU 0.018942s)
Info    : 1354 edge swaps, 14 node relocations (volume = 235.621): worst = 0.120931 / average = 0.69772 (Wall 0.0216622s, CPU 0.021663s)
Info    : No ill-shaped tets in the mesh :-)
Info    : 0.00 < quality < 0.10 :         0 elements
Info    : 0.10 < quality < 0.20 :         5 elements
Info    : 0.20 < quality < 0.30 :        24 elements
Info    : 0.30 < quality < 0.40 :       789 elements
Info    : 0.40 < quality < 0.50 :      1128 elements
Info    : 0.50 < quality < 0.60 :      4077 elements
Info    : 0.60 < quality < 0.70 :     11728 elements
Info    : 0.70 < quality < 0.80 :     19717 elements
Info    : 0.80 < quality < 0.90 :      2173 elements
Info    : 0.90 < quality < 1.00 :      1616 elements
Info    : Optimizing volume 2
Info    : Optimization starts (volume = 0.256435) with worst = 0.0657345 / average = 0.748343:
Info    : 0.00 < quality < 0.10 :         1 elements
Info    : 0.10 < quality < 0.20 :         3 elements
Info    : 0.20 < quality < 0.30 :         6 elements
Info    : 0.30 < quality < 0.40 :        10 elements
Info    : 0.40 < quality < 0.50 :        17 elements
Info    : 0.50 < quality < 0.60 :        17 elements
Info    : 0.60 < quality < 0.70 :        62 elements
Info    : 0.70 < quality < 0.80 :       188 elements
Info    : 0.80 < quality < 0.90 :       151 elements
Info    : 0.90 < quality < 1.00 :        37 elements
Info    : 10 edge swaps, 0 node relocations (volume = 0.256435): worst = 0.31774 / average = 0.761248 (Wall 0.000127865s, CPU 0.00013s)
Info    : No ill-shaped tets in the mesh :-)
Info    : 0.00 < quality < 0.10 :         0 elements
Info    : 0.10 < quality < 0.20 :         0 elements
Info    : 0.20 < quality < 0.30 :         0 elements
Info    : 0.30 < quality < 0.40 :        10 elements
Info    : 0.40 < quality < 0.50 :        15 elements
Info    : 0.50 < quality < 0.60 :        15 elements
Info    : 0.60 < quality < 0.70 :        66 elements
Info    : 0.70 < quality < 0.80 :       188 elements
Info    : 0.80 < quality < 0.90 :       152 elements
Info    : 0.90 < quality < 1.00 :        37 elements
Info    : Done optimizing mesh (Wall 0.0518289s, CPU 0.051829s)
Info    : 13634 nodes 68308 elements
Info    : Meshing order 2 (curvilinear on)...
Info    : [  0%] Meshing curve 1 order 2
Info    : [ 10%] Meshing curve 2 order 2
Info    : [ 20%] Meshing curve 3 order 2
Info    : [ 20%] Meshing curve 4 order 2
Info    : [ 30%] Meshing curve 5 order 2
Info    : [ 30%] Meshing curve 6 order 2
Info    : [ 40%] Meshing curve 7 order 2
Info    : [ 40%] Meshing curve 8 order 2
Info    : [ 50%] Meshing curve 9 order 2
Info    : [ 50%] Meshing curve 10 order 2
Info    : [ 60%] Meshing curve 11 order 2
Info    : [ 60%] Meshing curve 12 order 2
Info    : [ 70%] Meshing surface 1 order 2
Info    : [ 70%] Meshing surface 2 order 2
Info    : [ 80%] Meshing surface 3 order 2
Info    : [ 80%] Meshing surface 4 order 2
Info    : [ 90%] Meshing surface 5 order 2
Info    : [ 90%] Meshing surface 6 order 2
Info    : [100%] Meshing volume 1 order 2
Info    : [100%] Meshing volume 2 order 2
Info    : Surface mesh: worst distortion = 0.797589 (0 elements in ]0, 0.2]); worst gamma = 0.669654
Warning : Volume mesh: worst distortion = -0.0378042 (avg = 0.960112, 1 elements with jac. < 0)
Info    : Done meshing order 2 (Wall 16.3775s, CPU 16.361s)
Info    : Writing '/home/user/mscr-mom/현서/scripts/contact_scenarios/fea/matv2_mesh_PST375_phiP120_b0_s98.inp'...
Info    : Done writing '/home/user/mscr-mom/현서/scripts/contact_scenarios/fea/matv2_mesh_PST375_phiP120_b0_s98.inp'
  [PST375_phiP120_b0] [실패] (21.3s)
[PST375_phiP120_b0] 완료: 0/8 성공
