[DEPTH750_phiN30_d50_b0 1/3] L_M=75.0, phi=-30.0, beta=0.0, s=10.0mm, push_depth=0.05mm ...
Info    : Meshing 1D...
Info    : [  0%] Meshing curve 1 (BSpline)
Info    : [ 10%] Meshing curve 2 (Ellipse)
Info    : [ 20%] Meshing curve 3 (Ellipse)
Info    : [ 30%] Meshing curve 4 (BSpline)
Info    : [ 40%] Meshing curve 5 (BSpline)
Info    : [ 50%] Meshing curve 6 (BSpline)
Info    : [ 60%] Meshing curve 7 (BSpline)
Info    : [ 60%] Meshing curve 8 (BSpline)
Info    : [ 70%] Meshing curve 9 (BSpline)
Info    : [ 90%] Meshing curve 11 (Circle)
Info    : Done meshing 1D (Wall 0.0157594s, CPU 0.015759s)
Info    : Meshing 2D...
Info    : [  0%] Meshing surface 1 (Plane, Frontal-Delaunay)
Info    : [ 20%] Meshing surface 2 (Plane, Frontal-Delaunay)
Info    : [ 40%] Meshing surface 3 (BSpline surface, Frontal-Delaunay)
Info    : [ 60%] Meshing surface 4 (BSpline surface, Frontal-Delaunay)
Info    : [ 70%] Meshing surface 5 (Plane, Frontal-Delaunay)
Info    : [ 90%] Meshing surface 6 (Sphere, Frontal-Delaunay)
Info    : Done meshing 2D (Wall 0.74727s, CPU 0.738209s)
Info    : Meshing 3D...
Info    : 3D Meshing 2 volumes with 2 connected components
Info    : Tetrahedrizing 12489 nodes...
Info    : Done tetrahedrizing 12497 nodes (Wall 0.136082s, CPU 0.126836s)
Info    : Reconstructing mesh...
Info    :  - Creating surface mesh
Info    :  - Identifying boundary edges
Info    :  - Recovering boundary
Info    : Done reconstructing mesh (Wall 0.370427s, CPU 0.337191s)
Info    : Found volume 1
Info    : It. 0 - 0 nodes created - worst tet radius 1.07178 (nodes removed 0 0)
Info    : It. 500 - 500 nodes created - worst tet radius 1.00264 (nodes removed 0 0)
Info    : 3D refinement terminated (13301 nodes total):
Info    :  - 0 Delaunay cavities modified for star shapeness
Info    :  - 0 nodes could not be inserted
Info    :  - 43158 tetrahedra created in 0.0261724 sec. (1648989 tets/s)
Info    : 0 node relocations
Info    : Tetrahedrizing 131 nodes...
Info    : Done tetrahedrizing 139 nodes (Wall 0.000697151s, CPU 0.000697s)
Info    : Reconstructing mesh...
Info    :  - Creating surface mesh
Info    :  - Identifying boundary edges
Info    :  - Recovering boundary
Info    : Done reconstructing mesh (Wall 0.00169192s, CPU 0.001695s)
Info    : Found volume 2
Info    : It. 0 - 0 nodes created - worst tet radius 3.14107 (nodes removed 0 0)
Info    : 3D refinement terminated (12701 nodes total):
Info    :  - 0 Delaunay cavities modified for star shapeness
Info    :  - 0 nodes could not be inserted
Info    :  - 495 tetrahedra created in 0.00237904 sec. (208066 tets/s)
Info    : 0 node relocations
Info    : Done meshing 3D (Wall 0.64944s, CPU 0.614169s)
Info    : Optimizing mesh...
Info    : Optimizing volume 1
Info    : Optimization starts (volume = 235.586) with worst = 0.00303157 / average = 0.684055:
Info    : 0.00 < quality < 0.10 :       248 elements
Info    : 0.10 < quality < 0.20 :       465 elements
Info    : 0.20 < quality < 0.30 :       750 elements
Info    : 0.30 < quality < 0.40 :       860 elements
Info    : 0.40 < quality < 0.50 :      1230 elements
Info    : 0.50 < quality < 0.60 :      4154 elements
Info    : 0.60 < quality < 0.70 :     11120 elements
Info    : 0.70 < quality < 0.80 :     19615 elements
Info    : 0.80 < quality < 0.90 :      2659 elements
Info    : 0.90 < quality < 1.00 :      2057 elements
Info    : 1376 edge swaps, 30 node relocations (volume = 235.586): worst = 0.0637785 / average = 0.702621 (Wall 0.0153843s, CPU 0.015383s)
Info    : 1449 edge swaps, 30 node relocations (volume = 235.586): worst = 0.180761 / average = 0.703524 (Wall 0.018864s, CPU 0.018865s)
Info    : 1454 edge swaps, 30 node relocations (volume = 235.586): worst = 0.180761 / average = 0.703581 (Wall 0.0212522s, CPU 0.021254s)
Info    : No ill-shaped tets in the mesh :-)
Info    : 0.00 < quality < 0.10 :         0 elements
Info    : 0.10 < quality < 0.20 :         2 elements
Info    : 0.20 < quality < 0.30 :        19 elements
Info    : 0.30 < quality < 0.40 :       699 elements
Info    : 0.40 < quality < 0.50 :      1031 elements
Info    : 0.50 < quality < 0.60 :      4220 elements
Info    : 0.60 < quality < 0.70 :     11540 elements
Info    : 0.70 < quality < 0.80 :     19367 elements
Info    : 0.80 < quality < 0.90 :      2890 elements
Info    : 0.90 < quality < 1.00 :      2067 elements
Info    : Optimizing volume 2
Info    : Optimization starts (volume = 0.25645) with worst = 0.0360455 / average = 0.74711:
Info    : 0.00 < quality < 0.10 :         1 elements
Info    : 0.10 < quality < 0.20 :         3 elements
Info    : 0.20 < quality < 0.30 :         1 elements
Info    : 0.30 < quality < 0.40 :        14 elements
Info    : 0.40 < quality < 0.50 :        10 elements
Info    : 0.50 < quality < 0.60 :        23 elements
Info    : 0.60 < quality < 0.70 :        73 elements
Info    : 0.70 < quality < 0.80 :       197 elements
Info    : 0.80 < quality < 0.90 :       129 elements
Info    : 0.90 < quality < 1.00 :        44 elements
Info    : 5 edge swaps, 0 node relocations (volume = 0.25645): worst = 0.301484 / average = 0.752598 (Wall 9.17716e-05s, CPU 9.2e-05s)
Info    : No ill-shaped tets in the mesh :-)
Info    : 0.00 < quality < 0.10 :         0 elements
Info    : 0.10 < quality < 0.20 :         0 elements
Info    : 0.20 < quality < 0.30 :         0 elements
Info    : 0.30 < quality < 0.40 :        14 elements
Info    : 0.40 < quality < 0.50 :        11 elements
Info    : 0.50 < quality < 0.60 :        21 elements
Info    : 0.60 < quality < 0.70 :        76 elements
Info    : 0.70 < quality < 0.80 :       195 elements
Info    : 0.80 < quality < 0.90 :       130 elements
Info    : 0.90 < quality < 1.00 :        44 elements
Info    : Done optimizing mesh (Wall 0.0443124s, CPU 0.044311s)
Info    : 13701 nodes 68799 elements
Info    : Meshing order 2 (curvilinear on)...
Info    : [  0%] Meshing curve 1 order 2
Info    : [ 10%] Meshing curve 2 order 2
Info    : [ 20%] Meshing curve 3 order 2
Info    : [ 20%] Meshing curve 4 order 2
Info    : [ 30%] Meshing curve 5 order 2
Info    : [ 30%] Meshing curve 6 order 2
Info    : [ 40%] Meshing curve 7 order 2
Info    : [ 40%] Meshing curve 8 order 2
Info    : [ 50%] Meshing curve 9 order 2
Info    : [ 50%] Meshing curve 10 order 2
Info    : [ 60%] Meshing curve 11 order 2
Info    : [ 60%] Meshing curve 12 order 2
Info    : [ 70%] Meshing surface 1 order 2
Info    : [ 70%] Meshing surface 2 order 2
Info    : [ 80%] Meshing surface 3 order 2
Info    : [ 80%] Meshing surface 4 order 2
Info    : [ 90%] Meshing surface 5 order 2
Info    : [ 90%] Meshing surface 6 order 2
Info    : [100%] Meshing volume 1 order 2
Info    : [100%] Meshing volume 2 order 2
Info    : Surface mesh: worst distortion = 0.797589 (0 elements in ]0, 0.2]); worst gamma = 0.718546
Info    : Volume mesh: worst distortion = 0.275046 (0 elements in ]0, 0.2])
Info    : Done meshing order 2 (Wall 14.5168s, CPU 14.4763s)
Info    : Writing '/home/user/mscr-mom/현서/scripts/contact_scenarios/fea/matv2_mesh_DEPTH750_phiN30_d50_b0_s10.inp'...
Info    : Done writing '/home/user/mscr-mom/현서/scripts/contact_scenarios/fea/matv2_mesh_DEPTH750_phiN30_d50_b0_s10.inp'
  [DEPTH750_phiN30_d50_b0] F_mag=0.0545mN  (278.1s)
[DEPTH750_phiN30_d50_b0 2/3] L_M=75.0, phi=-30.0, beta=0.0, s=40.0mm, push_depth=0.05mm ...
Info    : Meshing 1D...
Info    : [  0%] Meshing curve 1 (BSpline)
Info    : [ 10%] Meshing curve 2 (Ellipse)
Info    : [ 20%] Meshing curve 3 (Ellipse)
Info    : [ 30%] Meshing curve 4 (BSpline)
Info    : [ 40%] Meshing curve 5 (BSpline)
Info    : [ 50%] Meshing curve 6 (BSpline)
Info    : [ 60%] Meshing curve 7 (BSpline)
Info    : [ 60%] Meshing curve 8 (BSpline)
Info    : [ 70%] Meshing curve 9 (BSpline)
Info    : [ 90%] Meshing curve 11 (Circle)
Info    : Done meshing 1D (Wall 0.016471s, CPU 0.016409s)
Info    : Meshing 2D...
Info    : [  0%] Meshing surface 1 (Plane, Frontal-Delaunay)
Info    : [ 20%] Meshing surface 2 (Plane, Frontal-Delaunay)
Info    : [ 40%] Meshing surface 3 (BSpline surface, Frontal-Delaunay)
Info    : [ 60%] Meshing surface 4 (BSpline surface, Frontal-Delaunay)
Info    : [ 70%] Meshing surface 5 (Plane, Frontal-Delaunay)
Info    : [ 90%] Meshing surface 6 (Sphere, Frontal-Delaunay)
Info    : Done meshing 2D (Wall 0.772272s, CPU 0.77151s)
Info    : Meshing 3D...
Info    : 3D Meshing 2 volumes with 2 connected components
Info    : Tetrahedrizing 12489 nodes...
Info    : Done tetrahedrizing 12497 nodes (Wall 0.135173s, CPU 0.129178s)
Info    : Reconstructing mesh...
Info    :  - Creating surface mesh
Info    :  - Identifying boundary edges
Info    :  - Recovering boundary
Info    : Done reconstructing mesh (Wall 0.381932s, CPU 0.371921s)
Info    : Found volume 1
Info    : It. 0 - 0 nodes created - worst tet radius 1.07178 (nodes removed 0 0)
Info    : It. 500 - 500 nodes created - worst tet radius 1.00264 (nodes removed 0 0)
Info    : 3D refinement terminated (13300 nodes total):
Info    :  - 0 Delaunay cavities modified for star shapeness
Info    :  - 0 nodes could not be inserted
Info    :  - 43158 tetrahedra created in 0.0351272 sec. (1228620 tets/s)
Info    : 0 node relocations
Info    : Tetrahedrizing 130 nodes...
Info    : Done tetrahedrizing 138 nodes (Wall 0.000738624s, CPU 0.000261s)
Info    : Reconstructing mesh...
Info    :  - Creating surface mesh
Info    :  - Identifying boundary edges
Info    :  - Recovering boundary
Info    : Done reconstructing mesh (Wall 0.00207595s, CPU 0.001081s)
Info    : Found volume 2
Info    : It. 0 - 0 nodes created - worst tet radius 3.06344 (nodes removed 0 0)
Info    : 3D refinement terminated (12699 nodes total):
Info    :  - 0 Delaunay cavities modified for star shapeness
Info    :  - 0 nodes could not be inserted
Info    :  - 487 tetrahedra created in 0.00643902 sec. (75632 tets/s)
Info    : 0 node relocations
Info    : Done meshing 3D (Wall 0.743234s, CPU 0.732111s)
Info    : Optimizing mesh...
Info    : Optimizing volume 1
Info    : Optimization starts (volume = 235.586) with worst = 0.00303157 / average = 0.684055:
Info    : 0.00 < quality < 0.10 :       248 elements
Info    : 0.10 < quality < 0.20 :       465 elements
Info    : 0.20 < quality < 0.30 :       750 elements
Info    : 0.30 < quality < 0.40 :       860 elements
Info    : 0.40 < quality < 0.50 :      1230 elements
Info    : 0.50 < quality < 0.60 :      4154 elements
Info    : 0.60 < quality < 0.70 :     11120 elements
Info    : 0.70 < quality < 0.80 :     19615 elements
Info    : 0.80 < quality < 0.90 :      2659 elements
Info    : 0.90 < quality < 1.00 :      2057 elements
Info    : 1376 edge swaps, 30 node relocations (volume = 235.586): worst = 0.0637785 / average = 0.702621 (Wall 0.0175436s, CPU 0.017543s)
Info    : 1449 edge swaps, 30 node relocations (volume = 235.586): worst = 0.180761 / average = 0.703524 (Wall 0.0215118s, CPU 0.021512s)
Info    : 1454 edge swaps, 30 node relocations (volume = 235.586): worst = 0.180761 / average = 0.703581 (Wall 0.0247948s, CPU 0.024795s)
Info    : No ill-shaped tets in the mesh :-)
Info    : 0.00 < quality < 0.10 :         0 elements
Info    : 0.10 < quality < 0.20 :         2 elements
Info    : 0.20 < quality < 0.30 :        19 elements
Info    : 0.30 < quality < 0.40 :       699 elements
Info    : 0.40 < quality < 0.50 :      1031 elements
Info    : 0.50 < quality < 0.60 :      4220 elements
Info    : 0.60 < quality < 0.70 :     11540 elements
Info    : 0.70 < quality < 0.80 :     19367 elements
Info    : 0.80 < quality < 0.90 :      2890 elements
Info    : 0.90 < quality < 1.00 :      2067 elements
Info    : Optimizing volume 2
Info    : Optimization starts (volume = 0.256435) with worst = 0.191529 / average = 0.744184:
Info    : 0.00 < quality < 0.10 :         0 elements
Info    : 0.10 < quality < 0.20 :         1 elements
Info    : 0.20 < quality < 0.30 :         5 elements
Info    : 0.30 < quality < 0.40 :         7 elements
Info    : 0.40 < quality < 0.50 :        28 elements
Info    : 0.50 < quality < 0.60 :        21 elements
Info    : 0.60 < quality < 0.70 :        72 elements
Info    : 0.70 < quality < 0.80 :       168 elements
Info    : 0.80 < quality < 0.90 :       144 elements
Info    : 0.90 < quality < 1.00 :        41 elements
Info    : 6 edge swaps, 0 node relocations (volume = 0.256435): worst = 0.347362 / average = 0.751388 (Wall 0.00011768s, CPU 0.000121s)
Info    : No ill-shaped tets in the mesh :-)
Info    : 0.00 < quality < 0.10 :         0 elements
Info    : 0.10 < quality < 0.20 :         0 elements
Info    : 0.20 < quality < 0.30 :         0 elements
Info    : 0.30 < quality < 0.40 :         7 elements
Info    : 0.40 < quality < 0.50 :        25 elements
Info    : 0.50 < quality < 0.60 :        22 elements
Info    : 0.60 < quality < 0.70 :        74 elements
Info    : 0.70 < quality < 0.80 :       170 elements
Info    : 0.80 < quality < 0.90 :       143 elements
Info    : 0.90 < quality < 1.00 :        41 elements
Info    : Done optimizing mesh (Wall 0.057359s, CPU 0.057353s)
Info    : 13699 nodes 68788 elements
Info    : Meshing order 2 (curvilinear on)...
Info    : [  0%] Meshing curve 1 order 2
Info    : [ 10%] Meshing curve 2 order 2
Info    : [ 20%] Meshing curve 3 order 2
Info    : [ 20%] Meshing curve 4 order 2
Info    : [ 30%] Meshing curve 5 order 2
Info    : [ 30%] Meshing curve 6 order 2
Info    : [ 40%] Meshing curve 7 order 2
Info    : [ 40%] Meshing curve 8 order 2
Info    : [ 50%] Meshing curve 9 order 2
Info    : [ 50%] Meshing curve 10 order 2
Info    : [ 60%] Meshing curve 11 order 2
Info    : [ 60%] Meshing curve 12 order 2
Info    : [ 70%] Meshing surface 1 order 2
Info    : [ 70%] Meshing surface 2 order 2
Info    : [ 80%] Meshing surface 3 order 2
Info    : [ 80%] Meshing surface 4 order 2
Info    : [ 90%] Meshing surface 5 order 2
Info    : [ 90%] Meshing surface 6 order 2
Info    : [100%] Meshing volume 1 order 2
Info    : [100%] Meshing volume 2 order 2
Info    : Surface mesh: worst distortion = 0.797589 (0 elements in ]0, 0.2]); worst gamma = 0.718546
Info    : Volume mesh: worst distortion = 0.275046 (0 elements in ]0, 0.2])
Info    : Done meshing order 2 (Wall 14.1535s, CPU 14.1434s)
Info    : Writing '/home/user/mscr-mom/현서/scripts/contact_scenarios/fea/matv2_mesh_DEPTH750_phiN30_d50_b0_s40.inp'...
Info    : Done writing '/home/user/mscr-mom/현서/scripts/contact_scenarios/fea/matv2_mesh_DEPTH750_phiN30_d50_b0_s40.inp'
  [DEPTH750_phiN30_d50_b0] F_mag=0.0008mN  (236.9s)
[DEPTH750_phiN30_d50_b0 3/3] L_M=75.0, phi=-30.0, beta=0.0, s=80.0mm, push_depth=0.05mm ...
Info    : Meshing 1D...
Info    : [  0%] Meshing curve 1 (BSpline)
Info    : [ 10%] Meshing curve 2 (Ellipse)
Info    : [ 20%] Meshing curve 3 (Ellipse)
Info    : [ 30%] Meshing curve 4 (BSpline)
Info    : [ 40%] Meshing curve 5 (BSpline)
Info    : [ 50%] Meshing curve 6 (BSpline)
Info    : [ 60%] Meshing curve 7 (BSpline)
Info    : [ 60%] Meshing curve 8 (BSpline)
Info    : [ 70%] Meshing curve 9 (BSpline)
Info    : [ 90%] Meshing curve 11 (Circle)
Info    : Done meshing 1D (Wall 0.0155695s, CPU 0.015556s)
Info    : Meshing 2D...
Info    : [  0%] Meshing surface 1 (Plane, Frontal-Delaunay)
Info    : [ 20%] Meshing surface 2 (Plane, Frontal-Delaunay)
Info    : [ 40%] Meshing surface 3 (BSpline surface, Frontal-Delaunay)
Info    : [ 60%] Meshing surface 4 (BSpline surface, Frontal-Delaunay)
Info    : [ 70%] Meshing surface 5 (Plane, Frontal-Delaunay)
Info    : [ 90%] Meshing surface 6 (Sphere, Frontal-Delaunay)
Info    : Done meshing 2D (Wall 0.768407s, CPU 0.767235s)
Info    : Meshing 3D...
Info    : 3D Meshing 2 volumes with 2 connected components
Info    : Tetrahedrizing 12489 nodes...
Info    : Done tetrahedrizing 12497 nodes (Wall 0.130731s, CPU 0.127836s)
Info    : Reconstructing mesh...
Info    :  - Creating surface mesh
Info    :  - Identifying boundary edges
Info    :  - Recovering boundary
Info    : Done reconstructing mesh (Wall 0.36406s, CPU 0.361153s)
Info    : Found volume 1
Info    : It. 0 - 0 nodes created - worst tet radius 1.07178 (nodes removed 0 0)
Info    : It. 500 - 500 nodes created - worst tet radius 1.00264 (nodes removed 0 0)
Info    : 3D refinement terminated (13301 nodes total):
Info    :  - 0 Delaunay cavities modified for star shapeness
Info    :  - 0 nodes could not be inserted
Info    :  - 43158 tetrahedra created in 0.0336291 sec. (1283351 tets/s)
Info    : 0 node relocations
Info    : Tetrahedrizing 131 nodes...
Info    : Done tetrahedrizing 139 nodes (Wall 0.000715315s, CPU 0s)
Info    : Reconstructing mesh...
Info    :  - Creating surface mesh
Info    :  - Identifying boundary edges
Info    :  - Recovering boundary
Info    : Done reconstructing mesh (Wall 0.00182282s, CPU 0.000835s)
Info    : Found volume 2
Info    : It. 0 - 0 nodes created - worst tet radius 3.05475 (nodes removed 0 0)
Info    : 3D refinement terminated (12700 nodes total):
Info    :  - 1 Delaunay cavities modified for star shapeness
Info    :  - 0 nodes could not be inserted
Info    :  - 493 tetrahedra created in 0.00586578 sec. (84046 tets/s)
Info    : 0 node relocations
Info    : Done meshing 3D (Wall 0.718833s, CPU 0.714908s)
Info    : Optimizing mesh...
Info    : Optimizing volume 1
Info    : Optimization starts (volume = 235.586) with worst = 0.00303157 / average = 0.684055:
Info    : 0.00 < quality < 0.10 :       248 elements
Info    : 0.10 < quality < 0.20 :       465 elements
Info    : 0.20 < quality < 0.30 :       750 elements
Info    : 0.30 < quality < 0.40 :       860 elements
Info    : 0.40 < quality < 0.50 :      1230 elements
Info    : 0.50 < quality < 0.60 :      4154 elements
Info    : 0.60 < quality < 0.70 :     11120 elements
Info    : 0.70 < quality < 0.80 :     19615 elements
Info    : 0.80 < quality < 0.90 :      2659 elements
Info    : 0.90 < quality < 1.00 :      2057 elements
Info    : 1376 edge swaps, 30 node relocations (volume = 235.586): worst = 0.0637785 / average = 0.702621 (Wall 0.0215485s, CPU 0.02154s)
Info    : 1449 edge swaps, 30 node relocations (volume = 235.586): worst = 0.180761 / average = 0.703524 (Wall 0.0257507s, CPU 0.025742s)
Info    : 1454 edge swaps, 30 node relocations (volume = 235.586): worst = 0.180761 / average = 0.703581 (Wall 0.0285437s, CPU 0.028537s)
Info    : No ill-shaped tets in the mesh :-)
Info    : 0.00 < quality < 0.10 :         0 elements
Info    : 0.10 < quality < 0.20 :         2 elements
Info    : 0.20 < quality < 0.30 :        19 elements
Info    : 0.30 < quality < 0.40 :       699 elements
Info    : 0.40 < quality < 0.50 :      1031 elements
Info    : 0.50 < quality < 0.60 :      4220 elements
Info    : 0.60 < quality < 0.70 :     11540 elements
Info    : 0.70 < quality < 0.80 :     19367 elements
Info    : 0.80 < quality < 0.90 :      2890 elements
Info    : 0.90 < quality < 1.00 :      2067 elements
Info    : Optimizing volume 2
Info    : Optimization starts (volume = 0.25632) with worst = 0.116927 / average = 0.734617:
Info    : 0.00 < quality < 0.10 :         0 elements
Info    : 0.10 < quality < 0.20 :         4 elements
Info    : 0.20 < quality < 0.30 :         6 elements
Info    : 0.30 < quality < 0.40 :        17 elements
Info    : 0.40 < quality < 0.50 :        14 elements
Info    : 0.50 < quality < 0.60 :        21 elements
Info    : 0.60 < quality < 0.70 :        93 elements
Info    : 0.70 < quality < 0.80 :       178 elements
Info    : 0.80 < quality < 0.90 :       113 elements
Info    : 0.90 < quality < 1.00 :        47 elements
Info    : 10 edge swaps, 0 node relocations (volume = 0.25632): worst = 0.303051 / average = 0.748627 (Wall 0.000153976s, CPU 0.000155s)
Info    : No ill-shaped tets in the mesh :-)
Info    : 0.00 < quality < 0.10 :         0 elements
Info    : 0.10 < quality < 0.20 :         0 elements
Info    : 0.20 < quality < 0.30 :         0 elements
Info    : 0.30 < quality < 0.40 :        15 elements
Info    : 0.40 < quality < 0.50 :        12 elements
Info    : 0.50 < quality < 0.60 :        21 elements
Info    : 0.60 < quality < 0.70 :        94 elements
Info    : 0.70 < quality < 0.80 :       178 elements
Info    : 0.80 < quality < 0.90 :       116 elements
Info    : 0.90 < quality < 1.00 :        47 elements
Info    : Done optimizing mesh (Wall 0.0581602s, CPU 0.057169s)
Info    : 13700 nodes 68791 elements
Info    : Meshing order 2 (curvilinear on)...
Info    : [  0%] Meshing curve 1 order 2
Info    : [ 10%] Meshing curve 2 order 2
Info    : [ 20%] Meshing curve 3 order 2
Info    : [ 20%] Meshing curve 4 order 2
Info    : [ 30%] Meshing curve 5 order 2
Info    : [ 30%] Meshing curve 6 order 2
Info    : [ 40%] Meshing curve 7 order 2
Info    : [ 40%] Meshing curve 8 order 2
Info    : [ 50%] Meshing curve 9 order 2
Info    : [ 50%] Meshing curve 10 order 2
Info    : [ 60%] Meshing curve 11 order 2
Info    : [ 60%] Meshing curve 12 order 2
Info    : [ 70%] Meshing surface 1 order 2
Info    : [ 70%] Meshing surface 2 order 2
Info    : [ 80%] Meshing surface 3 order 2
Info    : [ 80%] Meshing surface 4 order 2
Info    : [ 90%] Meshing surface 5 order 2
Info    : [ 90%] Meshing surface 6 order 2
Info    : [100%] Meshing volume 1 order 2
Info    : [100%] Meshing volume 2 order 2
Info    : Surface mesh: worst distortion = 0.797589 (0 elements in ]0, 0.2]); worst gamma = 0.354265
Info    : Volume mesh: worst distortion = 0.275046 (0 elements in ]0, 0.2])
Info    : Done meshing order 2 (Wall 14.0901s, CPU 14.0848s)
Info    : Writing '/home/user/mscr-mom/현서/scripts/contact_scenarios/fea/matv2_mesh_DEPTH750_phiN30_d50_b0_s80.inp'...
Info    : Done writing '/home/user/mscr-mom/현서/scripts/contact_scenarios/fea/matv2_mesh_DEPTH750_phiN30_d50_b0_s80.inp'
  [DEPTH750_phiN30_d50_b0] F_mag=0.0001mN  (281.2s)
[DEPTH750_phiN30_d50_b0] 완료: 3/3 성공
