[MOMREFETCH125_phiN30_b0 1/4] L_M=12.5, phi=-30.0, beta=0.0, s=10.0mm, push_depth=0.1mm ...
Info    : Meshing 1D...
Info    : [  0%] Meshing curve 1 (BSpline)
Info    : [ 10%] Meshing curve 2 (Ellipse)
Info    : [ 20%] Meshing curve 3 (Ellipse)
Info    : [ 30%] Meshing curve 4 (BSpline)
Info    : [ 40%] Meshing curve 5 (BSpline)
Info    : [ 50%] Meshing curve 6 (BSpline)
Info    : [ 60%] Meshing curve 7 (BSpline)
Info    : [ 60%] Meshing curve 8 (BSpline)
Info    : [ 70%] Meshing curve 9 (BSpline)
Info    : [ 90%] Meshing curve 11 (Circle)
Info    : Done meshing 1D (Wall 0.0175302s, CPU 0.016472s)
Info    : Meshing 2D...
Info    : [  0%] Meshing surface 1 (Plane, Frontal-Delaunay)
Info    : [ 20%] Meshing surface 2 (Plane, Frontal-Delaunay)
Info    : [ 40%] Meshing surface 3 (BSpline surface, Frontal-Delaunay)
Info    : [ 60%] Meshing surface 4 (BSpline surface, Frontal-Delaunay)
Info    : [ 70%] Meshing surface 5 (Plane, Frontal-Delaunay)
Info    : [ 90%] Meshing surface 6 (Sphere, Frontal-Delaunay)
Info    : Done meshing 2D (Wall 0.704464s, CPU 0.696129s)
Info    : Meshing 3D...
Info    : 3D Meshing 2 volumes with 2 connected components
Info    : Tetrahedrizing 12378 nodes...
Info    : Done tetrahedrizing 12386 nodes (Wall 0.142891s, CPU 0.128893s)
Info    : Reconstructing mesh...
Info    :  - Creating surface mesh
Info    :  - Identifying boundary edges
Info    :  - Recovering boundary
Info    : Done reconstructing mesh (Wall 0.380072s, CPU 0.341981s)
Info    : Found volume 1
Info    : It. 0 - 0 nodes created - worst tet radius 1.06614 (nodes removed 0 0)
Info    : It. 500 - 500 nodes created - worst tet radius 1.00202 (nodes removed 0 0)
Info    : 3D refinement terminated (13170 nodes total):
Info    :  - 0 Delaunay cavities modified for star shapeness
Info    :  - 0 nodes could not be inserted
Info    :  - 42682 tetrahedra created in 0.0316251 sec. (1349625 tets/s)
Info    : 0 node relocations
Info    : Tetrahedrizing 132 nodes...
Info    : Done tetrahedrizing 140 nodes (Wall 0.000733018s, CPU 0.000733s)
Info    : Reconstructing mesh...
Info    :  - Creating surface mesh
Info    :  - Identifying boundary edges
Info    :  - Recovering boundary
Info    : Done reconstructing mesh (Wall 0.0017087s, CPU 0.00168s)
Info    : Found volume 2
Info    : It. 0 - 0 nodes created - worst tet radius 3.12912 (nodes removed 0 0)
Info    : 3D refinement terminated (12590 nodes total):
Info    :  - 0 Delaunay cavities modified for star shapeness
Info    :  - 0 nodes could not be inserted
Info    :  - 479 tetrahedra created in 0.00610172 sec. (78502 tets/s)
Info    : 0 node relocations
Info    : Done meshing 3D (Wall 0.697967s, CPU 0.658824s)
Info    : Optimizing mesh...
Info    : Optimizing volume 1
Info    : Optimization starts (volume = 235.581) with worst = 0.00128679 / average = 0.685937:
Info    : 0.00 < quality < 0.10 :       172 elements
Info    : 0.10 < quality < 0.20 :       581 elements
Info    : 0.20 < quality < 0.30 :       735 elements
Info    : 0.30 < quality < 0.40 :       731 elements
Info    : 0.40 < quality < 0.50 :      1232 elements
Info    : 0.50 < quality < 0.60 :      4560 elements
Info    : 0.60 < quality < 0.70 :      9793 elements
Info    : 0.70 < quality < 0.80 :     20301 elements
Info    : 0.80 < quality < 0.90 :      2602 elements
Info    : 0.90 < quality < 1.00 :      1975 elements
Info    : 1412 edge swaps, 34 node relocations (volume = 235.581): worst = 0.0997565 / average = 0.704969 (Wall 0.0173898s, CPU 0.017387s)
Info    : 1492 edge swaps, 36 node relocations (volume = 235.581): worst = 0.121387 / average = 0.705897 (Wall 0.0222425s, CPU 0.022241s)
Info    : 1499 edge swaps, 36 node relocations (volume = 235.581): worst = 0.125438 / average = 0.706001 (Wall 0.0258465s, CPU 0.025844s)
Info    : No ill-shaped tets in the mesh :-)
Info    : 0.00 < quality < 0.10 :         0 elements
Info    : 0.10 < quality < 0.20 :         9 elements
Info    : 0.20 < quality < 0.30 :        19 elements
Info    : 0.30 < quality < 0.40 :       581 elements
Info    : 0.40 < quality < 0.50 :      1031 elements
Info    : 0.50 < quality < 0.60 :      4482 elements
Info    : 0.60 < quality < 0.70 :     10377 elements
Info    : 0.70 < quality < 0.80 :     20101 elements
Info    : 0.80 < quality < 0.90 :      2754 elements
Info    : 0.90 < quality < 1.00 :      1987 elements
Info    : Optimizing volume 2
Info    : Optimization starts (volume = 0.256432) with worst = 0.0650776 / average = 0.759962:
Info    : 0.00 < quality < 0.10 :         2 elements
Info    : 0.10 < quality < 0.20 :         1 elements
Info    : 0.20 < quality < 0.30 :         4 elements
Info    : 0.30 < quality < 0.40 :         5 elements
Info    : 0.40 < quality < 0.50 :        14 elements
Info    : 0.50 < quality < 0.60 :        14 elements
Info    : 0.60 < quality < 0.70 :        63 elements
Info    : 0.70 < quality < 0.80 :       183 elements
Info    : 0.80 < quality < 0.90 :       143 elements
Info    : 0.90 < quality < 1.00 :        50 elements
Info    : 7 edge swaps, 2 node relocations (volume = 0.256432): worst = 0.305723 / average = 0.768925 (Wall 0.000136979s, CPU 0.00014s)
Info    : No ill-shaped tets in the mesh :-)
Info    : 0.00 < quality < 0.10 :         0 elements
Info    : 0.10 < quality < 0.20 :         0 elements
Info    : 0.20 < quality < 0.30 :         0 elements
Info    : 0.30 < quality < 0.40 :         6 elements
Info    : 0.40 < quality < 0.50 :        14 elements
Info    : 0.50 < quality < 0.60 :        13 elements
Info    : 0.60 < quality < 0.70 :        60 elements
Info    : 0.70 < quality < 0.80 :       182 elements
Info    : 0.80 < quality < 0.90 :       146 elements
Info    : 0.90 < quality < 1.00 :        52 elements
Info    : Done optimizing mesh (Wall 0.0572343s, CPU 0.057231s)
Info    : 13569 nodes 68063 elements
Info    : Meshing order 2 (curvilinear on)...
Info    : [  0%] Meshing curve 1 order 2
Info    : [ 10%] Meshing curve 2 order 2
Info    : [ 20%] Meshing curve 3 order 2
Info    : [ 20%] Meshing curve 4 order 2
Info    : [ 30%] Meshing curve 5 order 2
Info    : [ 30%] Meshing curve 6 order 2
Info    : [ 40%] Meshing curve 7 order 2
Info    : [ 40%] Meshing curve 8 order 2
Info    : [ 50%] Meshing curve 9 order 2
Info    : [ 50%] Meshing curve 10 order 2
Info    : [ 60%] Meshing curve 11 order 2
Info    : [ 60%] Meshing curve 12 order 2
Info    : [ 70%] Meshing surface 1 order 2
Info    : [ 70%] Meshing surface 2 order 2
Info    : [ 80%] Meshing surface 3 order 2
Info    : [ 80%] Meshing surface 4 order 2
Info    : [ 90%] Meshing surface 5 order 2
Info    : [ 90%] Meshing surface 6 order 2
Info    : [100%] Meshing volume 1 order 2
Info    : [100%] Meshing volume 2 order 2
Info    : Surface mesh: worst distortion = 0.797589 (0 elements in ]0, 0.2]); worst gamma = 0.50915
Info    : Volume mesh: worst distortion = 0.187668 (1 elements in ]0, 0.2])
Info    : Done meshing order 2 (Wall 12.0267s, CPU 12.0223s)
Info    : Writing '/home/user/mscr-mom/현서/scripts/contact_scenarios/fea/matv2_mesh_MOMREFETCH125_phiN30_b0_s10.inp'...
Info    : Done writing '/home/user/mscr-mom/현서/scripts/contact_scenarios/fea/matv2_mesh_MOMREFETCH125_phiN30_b0_s10.inp'
  [MOMREFETCH125_phiN30_b0] F_mag=0.1569mN  (259.4s)
[MOMREFETCH125_phiN30_b0 2/4] L_M=12.5, phi=-30.0, beta=0.0, s=20.0mm, push_depth=0.1mm ...
Info    : Meshing 1D...
Info    : [  0%] Meshing curve 1 (BSpline)
Info    : [ 10%] Meshing curve 2 (Ellipse)
Info    : [ 20%] Meshing curve 3 (Ellipse)
Info    : [ 30%] Meshing curve 4 (BSpline)
Info    : [ 40%] Meshing curve 5 (BSpline)
Info    : [ 50%] Meshing curve 6 (BSpline)
Info    : [ 60%] Meshing curve 7 (BSpline)
Info    : [ 60%] Meshing curve 8 (BSpline)
Info    : [ 70%] Meshing curve 9 (BSpline)
Info    : [ 90%] Meshing curve 11 (Circle)
Info    : Done meshing 1D (Wall 0.01735s, CPU 0.017351s)
Info    : Meshing 2D...
Info    : [  0%] Meshing surface 1 (Plane, Frontal-Delaunay)
Info    : [ 20%] Meshing surface 2 (Plane, Frontal-Delaunay)
Info    : [ 40%] Meshing surface 3 (BSpline surface, Frontal-Delaunay)
Info    : [ 60%] Meshing surface 4 (BSpline surface, Frontal-Delaunay)
Info    : [ 70%] Meshing surface 5 (Plane, Frontal-Delaunay)
Info    : [ 90%] Meshing surface 6 (Sphere, Frontal-Delaunay)
Info    : Done meshing 2D (Wall 0.710257s, CPU 0.710234s)
Info    : Meshing 3D...
Info    : 3D Meshing 2 volumes with 2 connected components
Info    : Tetrahedrizing 12378 nodes...
Info    : Done tetrahedrizing 12386 nodes (Wall 0.138006s, CPU 0.131983s)
Info    : Reconstructing mesh...
Info    :  - Creating surface mesh
Info    :  - Identifying boundary edges
Info    :  - Recovering boundary
Info    : Done reconstructing mesh (Wall 0.360731s, CPU 0.350705s)
Info    : Found volume 1
Info    : It. 0 - 0 nodes created - worst tet radius 1.06614 (nodes removed 0 0)
Info    : It. 500 - 500 nodes created - worst tet radius 1.00202 (nodes removed 0 0)
Info    : 3D refinement terminated (13170 nodes total):
Info    :  - 0 Delaunay cavities modified for star shapeness
Info    :  - 0 nodes could not be inserted
Info    :  - 42682 tetrahedra created in 0.0245206 sec. (1740660 tets/s)
Info    : 0 node relocations
Info    : Tetrahedrizing 132 nodes...
Info    : Done tetrahedrizing 140 nodes (Wall 0.00071461s, CPU 0.000715s)
Info    : Reconstructing mesh...
Info    :  - Creating surface mesh
Info    :  - Identifying boundary edges
Info    :  - Recovering boundary
Info    : Done reconstructing mesh (Wall 0.00164685s, CPU 0.001651s)
Info    : Found volume 2
Info    : It. 0 - 0 nodes created - worst tet radius 3.12912 (nodes removed 0 0)
Info    : 3D refinement terminated (12590 nodes total):
Info    :  - 0 Delaunay cavities modified for star shapeness
Info    :  - 0 nodes could not be inserted
Info    :  - 479 tetrahedra created in 0.00220036 sec. (217691 tets/s)
Info    : 0 node relocations
Info    : Done meshing 3D (Wall 0.634178s, CPU 0.622157s)
Info    : Optimizing mesh...
Info    : Optimizing volume 1
Info    : Optimization starts (volume = 235.581) with worst = 0.00128679 / average = 0.685937:
Info    : 0.00 < quality < 0.10 :       172 elements
Info    : 0.10 < quality < 0.20 :       581 elements
Info    : 0.20 < quality < 0.30 :       735 elements
Info    : 0.30 < quality < 0.40 :       731 elements
Info    : 0.40 < quality < 0.50 :      1232 elements
Info    : 0.50 < quality < 0.60 :      4560 elements
Info    : 0.60 < quality < 0.70 :      9793 elements
Info    : 0.70 < quality < 0.80 :     20301 elements
Info    : 0.80 < quality < 0.90 :      2602 elements
Info    : 0.90 < quality < 1.00 :      1975 elements
Info    : 1412 edge swaps, 34 node relocations (volume = 235.581): worst = 0.0997565 / average = 0.704969 (Wall 0.0147249s, CPU 0.014725s)
Info    : 1492 edge swaps, 36 node relocations (volume = 235.581): worst = 0.121387 / average = 0.705897 (Wall 0.0177236s, CPU 0.017726s)
Info    : 1499 edge swaps, 36 node relocations (volume = 235.581): worst = 0.125438 / average = 0.706001 (Wall 0.0198981s, CPU 0.019901s)
Info    : No ill-shaped tets in the mesh :-)
Info    : 0.00 < quality < 0.10 :         0 elements
Info    : 0.10 < quality < 0.20 :         9 elements
Info    : 0.20 < quality < 0.30 :        19 elements
Info    : 0.30 < quality < 0.40 :       581 elements
Info    : 0.40 < quality < 0.50 :      1031 elements
Info    : 0.50 < quality < 0.60 :      4482 elements
Info    : 0.60 < quality < 0.70 :     10377 elements
Info    : 0.70 < quality < 0.80 :     20101 elements
Info    : 0.80 < quality < 0.90 :      2754 elements
Info    : 0.90 < quality < 1.00 :      1987 elements
Info    : Optimizing volume 2
Info    : Optimization starts (volume = 0.256432) with worst = 0.0650776 / average = 0.759962:
Info    : 0.00 < quality < 0.10 :         2 elements
Info    : 0.10 < quality < 0.20 :         1 elements
Info    : 0.20 < quality < 0.30 :         4 elements
Info    : 0.30 < quality < 0.40 :         5 elements
Info    : 0.40 < quality < 0.50 :        14 elements
Info    : 0.50 < quality < 0.60 :        14 elements
Info    : 0.60 < quality < 0.70 :        63 elements
Info    : 0.70 < quality < 0.80 :       183 elements
Info    : 0.80 < quality < 0.90 :       143 elements
Info    : 0.90 < quality < 1.00 :        50 elements
Info    : 7 edge swaps, 2 node relocations (volume = 0.256432): worst = 0.305723 / average = 0.768925 (Wall 0.000132103s, CPU 0.000133s)
Info    : No ill-shaped tets in the mesh :-)
Info    : 0.00 < quality < 0.10 :         0 elements
Info    : 0.10 < quality < 0.20 :         0 elements
Info    : 0.20 < quality < 0.30 :         0 elements
Info    : 0.30 < quality < 0.40 :         6 elements
Info    : 0.40 < quality < 0.50 :        14 elements
Info    : 0.50 < quality < 0.60 :        13 elements
Info    : 0.60 < quality < 0.70 :        60 elements
Info    : 0.70 < quality < 0.80 :       182 elements
Info    : 0.80 < quality < 0.90 :       146 elements
Info    : 0.90 < quality < 1.00 :        52 elements
Info    : Done optimizing mesh (Wall 0.0435335s, CPU 0.043532s)
Info    : 13569 nodes 68063 elements
Info    : Meshing order 2 (curvilinear on)...
Info    : [  0%] Meshing curve 1 order 2
Info    : [ 10%] Meshing curve 2 order 2
Info    : [ 20%] Meshing curve 3 order 2
Info    : [ 20%] Meshing curve 4 order 2
Info    : [ 30%] Meshing curve 5 order 2
Info    : [ 30%] Meshing curve 6 order 2
Info    : [ 40%] Meshing curve 7 order 2
Info    : [ 40%] Meshing curve 8 order 2
Info    : [ 50%] Meshing curve 9 order 2
Info    : [ 50%] Meshing curve 10 order 2
Info    : [ 60%] Meshing curve 11 order 2
Info    : [ 60%] Meshing curve 12 order 2
Info    : [ 70%] Meshing surface 1 order 2
Info    : [ 70%] Meshing surface 2 order 2
Info    : [ 80%] Meshing surface 3 order 2
Info    : [ 80%] Meshing surface 4 order 2
Info    : [ 90%] Meshing surface 5 order 2
Info    : [ 90%] Meshing surface 6 order 2
Info    : [100%] Meshing volume 1 order 2
Info    : [100%] Meshing volume 2 order 2
Info    : Surface mesh: worst distortion = 0.797589 (0 elements in ]0, 0.2]); worst gamma = 0.50915
Info    : Volume mesh: worst distortion = 0.187668 (1 elements in ]0, 0.2])
Info    : Done meshing order 2 (Wall 11.8964s, CPU 11.8894s)
Info    : Writing '/home/user/mscr-mom/현서/scripts/contact_scenarios/fea/matv2_mesh_MOMREFETCH125_phiN30_b0_s20.inp'...
Info    : Done writing '/home/user/mscr-mom/현서/scripts/contact_scenarios/fea/matv2_mesh_MOMREFETCH125_phiN30_b0_s20.inp'
  [MOMREFETCH125_phiN30_b0] F_mag=0.0156mN  (419.3s)
[MOMREFETCH125_phiN30_b0 3/4] L_M=12.5, phi=-30.0, beta=0.0, s=50.0mm, push_depth=0.1mm ...
Info    : Meshing 1D...
Info    : [  0%] Meshing curve 1 (BSpline)
Info    : [ 10%] Meshing curve 2 (Ellipse)
Info    : [ 20%] Meshing curve 3 (Ellipse)
Info    : [ 30%] Meshing curve 4 (BSpline)
Info    : [ 40%] Meshing curve 5 (BSpline)
Info    : [ 50%] Meshing curve 6 (BSpline)
Info    : [ 60%] Meshing curve 7 (BSpline)
Info    : [ 60%] Meshing curve 8 (BSpline)
Info    : [ 70%] Meshing curve 9 (BSpline)
Info    : [ 90%] Meshing curve 11 (Circle)
Info    : Done meshing 1D (Wall 0.0186806s, CPU 0.018649s)
Info    : Meshing 2D...
Info    : [  0%] Meshing surface 1 (Plane, Frontal-Delaunay)
Info    : [ 20%] Meshing surface 2 (Plane, Frontal-Delaunay)
Info    : [ 40%] Meshing surface 3 (BSpline surface, Frontal-Delaunay)
Info    : [ 60%] Meshing surface 4 (BSpline surface, Frontal-Delaunay)
Info    : [ 70%] Meshing surface 5 (Plane, Frontal-Delaunay)
Info    : [ 90%] Meshing surface 6 (Sphere, Frontal-Delaunay)
Info    : Done meshing 2D (Wall 0.825592s, CPU 0.825221s)
Info    : Meshing 3D...
Info    : 3D Meshing 2 volumes with 2 connected components
Info    : Tetrahedrizing 12378 nodes...
Info    : Done tetrahedrizing 12386 nodes (Wall 0.163085s, CPU 0.157682s)
Info    : Reconstructing mesh...
Info    :  - Creating surface mesh
Info    :  - Identifying boundary edges
Info    :  - Recovering boundary
Info    : Done reconstructing mesh (Wall 0.345046s, CPU 0.338631s)
Info    : Found volume 1
Info    : It. 0 - 0 nodes created - worst tet radius 1.06614 (nodes removed 0 0)
Info    : It. 500 - 500 nodes created - worst tet radius 1.00202 (nodes removed 0 0)
Info    : 3D refinement terminated (13170 nodes total):
Info    :  - 0 Delaunay cavities modified for star shapeness
Info    :  - 0 nodes could not be inserted
Info    :  - 42682 tetrahedra created in 0.0337894 sec. (1263176 tets/s)
Info    : 0 node relocations
Info    : Tetrahedrizing 132 nodes...
Info    : Done tetrahedrizing 140 nodes (Wall 0.000714221s, CPU 0.000715s)
Info    : Reconstructing mesh...
Info    :  - Creating surface mesh
Info    :  - Identifying boundary edges
Info    :  - Recovering boundary
Info    : Done reconstructing mesh (Wall 0.00172137s, CPU 0.001726s)
Info    : Found volume 2
Info    : It. 0 - 0 nodes created - worst tet radius 3.12912 (nodes removed 0 0)
Info    : 3D refinement terminated (12590 nodes total):
Info    :  - 0 Delaunay cavities modified for star shapeness
Info    :  - 0 nodes could not be inserted
Info    :  - 479 tetrahedra created in 0.00497886 sec. (96206 tets/s)
Info    : 0 node relocations
Info    : Done meshing 3D (Wall 0.637462s, CPU 0.628987s)
Info    : Optimizing mesh...
Info    : Optimizing volume 1
Info    : Optimization starts (volume = 235.581) with worst = 0.00128679 / average = 0.685937:
Info    : 0.00 < quality < 0.10 :       172 elements
Info    : 0.10 < quality < 0.20 :       581 elements
Info    : 0.20 < quality < 0.30 :       735 elements
Info    : 0.30 < quality < 0.40 :       731 elements
Info    : 0.40 < quality < 0.50 :      1232 elements
Info    : 0.50 < quality < 0.60 :      4560 elements
Info    : 0.60 < quality < 0.70 :      9793 elements
Info    : 0.70 < quality < 0.80 :     20301 elements
Info    : 0.80 < quality < 0.90 :      2602 elements
Info    : 0.90 < quality < 1.00 :      1975 elements
Info    : 1412 edge swaps, 34 node relocations (volume = 235.581): worst = 0.0997565 / average = 0.704969 (Wall 0.0252134s, CPU 0.023198s)
Info    : 1492 edge swaps, 36 node relocations (volume = 235.581): worst = 0.121387 / average = 0.705897 (Wall 0.0294516s, CPU 0.027435s)
Info    : 1499 edge swaps, 36 node relocations (volume = 235.581): worst = 0.125438 / average = 0.706001 (Wall 0.0336419s, CPU 0.031625s)
Info    : No ill-shaped tets in the mesh :-)
Info    : 0.00 < quality < 0.10 :         0 elements
Info    : 0.10 < quality < 0.20 :         9 elements
Info    : 0.20 < quality < 0.30 :        19 elements
Info    : 0.30 < quality < 0.40 :       581 elements
Info    : 0.40 < quality < 0.50 :      1031 elements
Info    : 0.50 < quality < 0.60 :      4482 elements
Info    : 0.60 < quality < 0.70 :     10377 elements
Info    : 0.70 < quality < 0.80 :     20101 elements
Info    : 0.80 < quality < 0.90 :      2754 elements
Info    : 0.90 < quality < 1.00 :      1987 elements
Info    : Optimizing volume 2
Info    : Optimization starts (volume = 0.256432) with worst = 0.0650776 / average = 0.759962:
Info    : 0.00 < quality < 0.10 :         2 elements
Info    : 0.10 < quality < 0.20 :         1 elements
Info    : 0.20 < quality < 0.30 :         4 elements
Info    : 0.30 < quality < 0.40 :         5 elements
Info    : 0.40 < quality < 0.50 :        14 elements
Info    : 0.50 < quality < 0.60 :        14 elements
Info    : 0.60 < quality < 0.70 :        63 elements
Info    : 0.70 < quality < 0.80 :       183 elements
Info    : 0.80 < quality < 0.90 :       143 elements
Info    : 0.90 < quality < 1.00 :        50 elements
Info    : 7 edge swaps, 2 node relocations (volume = 0.256432): worst = 0.305723 / average = 0.768925 (Wall 0.000194146s, CPU 0.000199s)
Info    : No ill-shaped tets in the mesh :-)
Info    : 0.00 < quality < 0.10 :         0 elements
Info    : 0.10 < quality < 0.20 :         0 elements
Info    : 0.20 < quality < 0.30 :         0 elements
Info    : 0.30 < quality < 0.40 :         6 elements
Info    : 0.40 < quality < 0.50 :        14 elements
Info    : 0.50 < quality < 0.60 :        13 elements
Info    : 0.60 < quality < 0.70 :        60 elements
Info    : 0.70 < quality < 0.80 :       182 elements
Info    : 0.80 < quality < 0.90 :       146 elements
Info    : 0.90 < quality < 1.00 :        52 elements
Info    : Done optimizing mesh (Wall 0.0729174s, CPU 0.070882s)
Info    : 13569 nodes 68063 elements
Info    : Meshing order 2 (curvilinear on)...
Info    : [  0%] Meshing curve 1 order 2
Info    : [ 10%] Meshing curve 2 order 2
Info    : [ 20%] Meshing curve 3 order 2
Info    : [ 20%] Meshing curve 4 order 2
Info    : [ 30%] Meshing curve 5 order 2
Info    : [ 30%] Meshing curve 6 order 2
Info    : [ 40%] Meshing curve 7 order 2
Info    : [ 40%] Meshing curve 8 order 2
Info    : [ 50%] Meshing curve 9 order 2
Info    : [ 50%] Meshing curve 10 order 2
Info    : [ 60%] Meshing curve 11 order 2
Info    : [ 60%] Meshing curve 12 order 2
Info    : [ 70%] Meshing surface 1 order 2
Info    : [ 70%] Meshing surface 2 order 2
Info    : [ 80%] Meshing surface 3 order 2
Info    : [ 80%] Meshing surface 4 order 2
Info    : [ 90%] Meshing surface 5 order 2
Info    : [ 90%] Meshing surface 6 order 2
Info    : [100%] Meshing volume 1 order 2
Info    : [100%] Meshing volume 2 order 2
Info    : Surface mesh: worst distortion = 0.797589 (0 elements in ]0, 0.2]); worst gamma = 0.50915
Info    : Volume mesh: worst distortion = 0.187668 (1 elements in ]0, 0.2])
Info    : Done meshing order 2 (Wall 11.9644s, CPU 11.96s)
Info    : Writing '/home/user/mscr-mom/현서/scripts/contact_scenarios/fea/matv2_mesh_MOMREFETCH125_phiN30_b0_s50.inp'...
Info    : Done writing '/home/user/mscr-mom/현서/scripts/contact_scenarios/fea/matv2_mesh_MOMREFETCH125_phiN30_b0_s50.inp'
  [MOMREFETCH125_phiN30_b0] F_mag=0.0012mN  (1062.9s)
[MOMREFETCH125_phiN30_b0 4/4] L_M=12.5, phi=-30.0, beta=0.0, s=60.0mm, push_depth=0.1mm ...
Info    : Meshing 1D...
Info    : [  0%] Meshing curve 1 (BSpline)
Info    : [ 10%] Meshing curve 2 (Ellipse)
Info    : [ 20%] Meshing curve 3 (Ellipse)
Info    : [ 30%] Meshing curve 4 (BSpline)
Info    : [ 40%] Meshing curve 5 (BSpline)
Info    : [ 50%] Meshing curve 6 (BSpline)
Info    : [ 60%] Meshing curve 7 (BSpline)
Info    : [ 60%] Meshing curve 8 (BSpline)
Info    : [ 70%] Meshing curve 9 (BSpline)
Info    : [ 90%] Meshing curve 11 (Circle)
Info    : Done meshing 1D (Wall 0.0174372s, CPU 0.017382s)
Info    : Meshing 2D...
Info    : [  0%] Meshing surface 1 (Plane, Frontal-Delaunay)
Info    : [ 20%] Meshing surface 2 (Plane, Frontal-Delaunay)
Info    : [ 40%] Meshing surface 3 (BSpline surface, Frontal-Delaunay)
Info    : [ 60%] Meshing surface 4 (BSpline surface, Frontal-Delaunay)
Info    : [ 70%] Meshing surface 5 (Plane, Frontal-Delaunay)
Info    : [ 90%] Meshing surface 6 (Sphere, Frontal-Delaunay)
Info    : Done meshing 2D (Wall 0.683153s, CPU 0.683026s)
Info    : Meshing 3D...
Info    : 3D Meshing 2 volumes with 2 connected components
Info    : Tetrahedrizing 12378 nodes...
Info    : Done tetrahedrizing 12386 nodes (Wall 0.152683s, CPU 0.146138s)
Info    : Reconstructing mesh...
Info    :  - Creating surface mesh
Info    :  - Identifying boundary edges
Info    :  - Recovering boundary
Info    : Done reconstructing mesh (Wall 0.334811s, CPU 0.32618s)
Info    : Found volume 1
Info    : It. 0 - 0 nodes created - worst tet radius 1.06614 (nodes removed 0 0)
Info    : It. 500 - 500 nodes created - worst tet radius 1.00202 (nodes removed 0 0)
Info    : 3D refinement terminated (13170 nodes total):
Info    :  - 0 Delaunay cavities modified for star shapeness
Info    :  - 0 nodes could not be inserted
Info    :  - 42682 tetrahedra created in 0.0268139 sec. (1591783 tets/s)
Info    : 0 node relocations
Info    : Tetrahedrizing 132 nodes...
Info    : Done tetrahedrizing 140 nodes (Wall 0.000735021s, CPU 0s)
Info    : Reconstructing mesh...
Info    :  - Creating surface mesh
Info    :  - Identifying boundary edges
Info    :  - Recovering boundary
Info    : Done reconstructing mesh (Wall 0.00170365s, CPU 0.000704s)
Info    : Found volume 2
Info    : It. 0 - 0 nodes created - worst tet radius 3.12912 (nodes removed 0 0)
Info    : 3D refinement terminated (12590 nodes total):
Info    :  - 0 Delaunay cavities modified for star shapeness
Info    :  - 0 nodes could not be inserted
Info    :  - 479 tetrahedra created in 0.00243905 sec. (196387 tets/s)
Info    : 0 node relocations
Info    : Done meshing 3D (Wall 0.591339s, CPU 0.581648s)
Info    : Optimizing mesh...
Info    : Optimizing volume 1
Info    : Optimization starts (volume = 235.581) with worst = 0.00128679 / average = 0.685937:
Info    : 0.00 < quality < 0.10 :       172 elements
Info    : 0.10 < quality < 0.20 :       581 elements
Info    : 0.20 < quality < 0.30 :       735 elements
Info    : 0.30 < quality < 0.40 :       731 elements
Info    : 0.40 < quality < 0.50 :      1232 elements
Info    : 0.50 < quality < 0.60 :      4560 elements
Info    : 0.60 < quality < 0.70 :      9793 elements
Info    : 0.70 < quality < 0.80 :     20301 elements
Info    : 0.80 < quality < 0.90 :      2602 elements
Info    : 0.90 < quality < 1.00 :      1975 elements
Info    : 1412 edge swaps, 34 node relocations (volume = 235.581): worst = 0.0997565 / average = 0.704969 (Wall 0.0143136s, CPU 0.014306s)
Info    : 1492 edge swaps, 36 node relocations (volume = 235.581): worst = 0.121387 / average = 0.705897 (Wall 0.0173477s, CPU 0.017342s)
Info    : 1499 edge swaps, 36 node relocations (volume = 235.581): worst = 0.125438 / average = 0.706001 (Wall 0.0195538s, CPU 0.019544s)
Info    : No ill-shaped tets in the mesh :-)
Info    : 0.00 < quality < 0.10 :         0 elements
Info    : 0.10 < quality < 0.20 :         9 elements
Info    : 0.20 < quality < 0.30 :        19 elements
Info    : 0.30 < quality < 0.40 :       581 elements
Info    : 0.40 < quality < 0.50 :      1031 elements
Info    : 0.50 < quality < 0.60 :      4482 elements
Info    : 0.60 < quality < 0.70 :     10377 elements
Info    : 0.70 < quality < 0.80 :     20101 elements
Info    : 0.80 < quality < 0.90 :      2754 elements
Info    : 0.90 < quality < 1.00 :      1987 elements
Info    : Optimizing volume 2
Info    : Optimization starts (volume = 0.256432) with worst = 0.0650776 / average = 0.759962:
Info    : 0.00 < quality < 0.10 :         2 elements
Info    : 0.10 < quality < 0.20 :         1 elements
Info    : 0.20 < quality < 0.30 :         4 elements
Info    : 0.30 < quality < 0.40 :         5 elements
Info    : 0.40 < quality < 0.50 :        14 elements
Info    : 0.50 < quality < 0.60 :        14 elements
Info    : 0.60 < quality < 0.70 :        63 elements
Info    : 0.70 < quality < 0.80 :       183 elements
Info    : 0.80 < quality < 0.90 :       143 elements
Info    : 0.90 < quality < 1.00 :        50 elements
Info    : 7 edge swaps, 2 node relocations (volume = 0.256432): worst = 0.305723 / average = 0.768925 (Wall 0.000158281s, CPU 0.000157s)
Info    : No ill-shaped tets in the mesh :-)
Info    : 0.00 < quality < 0.10 :         0 elements
Info    : 0.10 < quality < 0.20 :         0 elements
Info    : 0.20 < quality < 0.30 :         0 elements
Info    : 0.30 < quality < 0.40 :         6 elements
Info    : 0.40 < quality < 0.50 :        14 elements
Info    : 0.50 < quality < 0.60 :        13 elements
Info    : 0.60 < quality < 0.70 :        60 elements
Info    : 0.70 < quality < 0.80 :       182 elements
Info    : 0.80 < quality < 0.90 :       146 elements
Info    : 0.90 < quality < 1.00 :        52 elements
Info    : Done optimizing mesh (Wall 0.0447321s, CPU 0.043735s)
Info    : 13569 nodes 68063 elements
Info    : Meshing order 2 (curvilinear on)...
Info    : [  0%] Meshing curve 1 order 2
Info    : [ 10%] Meshing curve 2 order 2
Info    : [ 20%] Meshing curve 3 order 2
Info    : [ 20%] Meshing curve 4 order 2
Info    : [ 30%] Meshing curve 5 order 2
Info    : [ 30%] Meshing curve 6 order 2
Info    : [ 40%] Meshing curve 7 order 2
Info    : [ 40%] Meshing curve 8 order 2
Info    : [ 50%] Meshing curve 9 order 2
Info    : [ 50%] Meshing curve 10 order 2
Info    : [ 60%] Meshing curve 11 order 2
Info    : [ 60%] Meshing curve 12 order 2
Info    : [ 70%] Meshing surface 1 order 2
Info    : [ 70%] Meshing surface 2 order 2
Info    : [ 80%] Meshing surface 3 order 2
Info    : [ 80%] Meshing surface 4 order 2
Info    : [ 90%] Meshing surface 5 order 2
Info    : [ 90%] Meshing surface 6 order 2
Info    : [100%] Meshing volume 1 order 2
Info    : [100%] Meshing volume 2 order 2
Info    : Surface mesh: worst distortion = 0.797589 (0 elements in ]0, 0.2]); worst gamma = 0.50915
Info    : Volume mesh: worst distortion = 0.187668 (1 elements in ]0, 0.2])
Info    : Done meshing order 2 (Wall 11.8964s, CPU 11.8841s)
Info    : Writing '/home/user/mscr-mom/현서/scripts/contact_scenarios/fea/matv2_mesh_MOMREFETCH125_phiN30_b0_s60.inp'...
Info    : Done writing '/home/user/mscr-mom/현서/scripts/contact_scenarios/fea/matv2_mesh_MOMREFETCH125_phiN30_b0_s60.inp'
  [MOMREFETCH125_phiN30_b0] F_mag=0.0007mN  (148.9s)
[MOMREFETCH125_phiN30_b0] 완료: 4/4 성공
