[DEPTH0_phiP150_d150_b0 1/1] L_M=0.0, phi=150.0, beta=0.0, s=35.0mm, push_depth=0.15mm ...
Info    : Meshing 1D...
Info    : [  0%] Meshing curve 1 (BSpline)
Info    : [ 10%] Meshing curve 2 (Ellipse)
Info    : [ 20%] Meshing curve 3 (Ellipse)
Info    : [ 30%] Meshing curve 4 (BSpline)
Info    : [ 40%] Meshing curve 5 (BSpline)
Info    : [ 50%] Meshing curve 6 (BSpline)
Info    : [ 60%] Meshing curve 7 (BSpline)
Info    : [ 60%] Meshing curve 8 (BSpline)
Info    : [ 70%] Meshing curve 9 (BSpline)
Info    : [ 90%] Meshing curve 11 (Circle)
Info    : Done meshing 1D (Wall 0.0276204s, CPU 0.026124s)
Info    : Meshing 2D...
Info    : [  0%] Meshing surface 1 (Plane, Frontal-Delaunay)
Info    : [ 20%] Meshing surface 2 (Plane, Frontal-Delaunay)
Info    : [ 40%] Meshing surface 3 (BSpline surface, Frontal-Delaunay)
Info    : [ 60%] Meshing surface 4 (BSpline surface, Frontal-Delaunay)
Info    : [ 70%] Meshing surface 5 (Plane, Frontal-Delaunay)
Info    : [ 90%] Meshing surface 6 (Sphere, Frontal-Delaunay)
Info    : Done meshing 2D (Wall 1.42811s, CPU 1.35524s)
Info    : Meshing 3D...
Info    : 3D Meshing 2 volumes with 2 connected components
Info    : Tetrahedrizing 12743 nodes...
Info    : Done tetrahedrizing 12751 nodes (Wall 0.237669s, CPU 0.228169s)
Info    : Reconstructing mesh...
Info    :  - Creating surface mesh
Info    :  - Identifying boundary edges
Info    :  - Recovering boundary
Info    : Done reconstructing mesh (Wall 0.700909s, CPU 0.636954s)
Info    : Found volume 1
Info    : It. 0 - 0 nodes created - worst tet radius 2.37459 (nodes removed 0 0)
Info    : It. 500 - 500 nodes created - worst tet radius 1.0036 (nodes removed 0 0)
Info    : 3D refinement terminated (13852 nodes total):
Info    :  - 0 Delaunay cavities modified for star shapeness
Info    :  - 0 nodes could not be inserted
Info    :  - 43544 tetrahedra created in 0.0718166 sec. (606321 tets/s)
Info    : 0 node relocations
Info    : Tetrahedrizing 404 nodes...
Info    : Done tetrahedrizing 412 nodes (Wall 0.00371519s, CPU 0.003716s)
Info    : Reconstructing mesh...
Info    :  - Creating surface mesh
Info    :  - Identifying boundary edges
Info    :  - Recovering boundary
Info    : Done reconstructing mesh (Wall 0.00951087s, CPU 0.008242s)
Info    : Found volume 2
Info    : It. 0 - 0 nodes created - worst tet radius 5.55402 (nodes removed 0 0)
Info    : 3D refinement terminated (13453 nodes total):
Info    :  - 2 Delaunay cavities modified for star shapeness
Info    :  - 0 nodes could not be inserted
Info    :  - 2748 tetrahedra created in 0.0154005 sec. (178435 tets/s)
Info    : 0 node relocations
Info    : Done meshing 3D (Wall 1.34946s, CPU 1.27838s)
Info    : Optimizing mesh...
Info    : Optimizing volume 1
Info    : Optimization starts (volume = 235.592) with worst = 0.00377231 / average = 0.68951:
Info    : 0.00 < quality < 0.10 :       261 elements
Info    : 0.10 < quality < 0.20 :       321 elements
Info    : 0.20 < quality < 0.30 :       533 elements
Info    : 0.30 < quality < 0.40 :       604 elements
Info    : 0.40 < quality < 0.50 :      1111 elements
Info    : 0.50 < quality < 0.60 :      3745 elements
Info    : 0.60 < quality < 0.70 :     12407 elements
Info    : 0.70 < quality < 0.80 :     20301 elements
Info    : 0.80 < quality < 0.90 :      2425 elements
Info    : 0.90 < quality < 1.00 :      1836 elements
Info    : 1078 edge swaps, 14 node relocations (volume = 235.592): worst = 0.112955 / average = 0.704485 (Wall 0.0317609s, CPU 0.031128s)
Info    : 1105 edge swaps, 14 node relocations (volume = 235.592): worst = 0.184248 / average = 0.704753 (Wall 0.0406293s, CPU 0.039873s)
Info    : No ill-shaped tets in the mesh :-)
Info    : 0.00 < quality < 0.10 :         0 elements
Info    : 0.10 < quality < 0.20 :         3 elements
Info    : 0.20 < quality < 0.30 :        10 elements
Info    : 0.30 < quality < 0.40 :       481 elements
Info    : 0.40 < quality < 0.50 :       904 elements
Info    : 0.50 < quality < 0.60 :      3760 elements
Info    : 0.60 < quality < 0.70 :     12846 elements
Info    : 0.70 < quality < 0.80 :     20070 elements
Info    : 0.80 < quality < 0.90 :      2600 elements
Info    : 0.90 < quality < 1.00 :      1840 elements
Info    : Optimizing volume 2
Info    : Optimization starts (volume = 0.264346) with worst = 0.0552866 / average = 0.760316:
Info    : 0.00 < quality < 0.10 :        11 elements
Info    : 0.10 < quality < 0.20 :        29 elements
Info    : 0.20 < quality < 0.30 :        26 elements
Info    : 0.30 < quality < 0.40 :        45 elements
Info    : 0.40 < quality < 0.50 :        84 elements
Info    : 0.50 < quality < 0.60 :       143 elements
Info    : 0.60 < quality < 0.70 :       337 elements
Info    : 0.70 < quality < 0.80 :       725 elements
Info    : 0.80 < quality < 0.90 :       960 elements
Info    : 0.90 < quality < 1.00 :       388 elements
Info    : 66 edge swaps, 0 node relocations (volume = 0.264346): worst = 0.301609 / average = 0.775673 (Wall 0.00145476s, CPU 0.001088s)
Info    : No ill-shaped tets in the mesh :-)
Info    : 0.00 < quality < 0.10 :         0 elements
Info    : 0.10 < quality < 0.20 :         0 elements
Info    : 0.20 < quality < 0.30 :         0 elements
Info    : 0.30 < quality < 0.40 :        46 elements
Info    : 0.40 < quality < 0.50 :        81 elements
Info    : 0.50 < quality < 0.60 :       130 elements
Info    : 0.60 < quality < 0.70 :       352 elements
Info    : 0.70 < quality < 0.80 :       716 elements
Info    : 0.80 < quality < 0.90 :       976 elements
Info    : 0.90 < quality < 1.00 :       387 elements
Info    : Done optimizing mesh (Wall 0.104485s, CPU 0.099815s)
Info    : 14477 nodes 72718 elements
Info    : Meshing order 2 (curvilinear on)...
Info    : [  0%] Meshing curve 1 order 2
Info    : [ 10%] Meshing curve 2 order 2
Info    : [ 20%] Meshing curve 3 order 2
Info    : [ 20%] Meshing curve 4 order 2
Info    : [ 30%] Meshing curve 5 order 2
Info    : [ 30%] Meshing curve 6 order 2
Info    : [ 40%] Meshing curve 7 order 2
Info    : [ 40%] Meshing curve 8 order 2
Info    : [ 50%] Meshing curve 9 order 2
Info    : [ 50%] Meshing curve 10 order 2
Info    : [ 60%] Meshing curve 11 order 2
Info    : [ 60%] Meshing curve 12 order 2
Info    : [ 70%] Meshing surface 1 order 2
Info    : [ 70%] Meshing surface 2 order 2
Info    : [ 80%] Meshing surface 3 order 2
Info    : [ 80%] Meshing surface 4 order 2
Info    : [ 90%] Meshing surface 5 order 2
Info    : [ 90%] Meshing surface 6 order 2
Info    : [100%] Meshing volume 1 order 2
Info    : [100%] Meshing volume 2 order 2
Info    : Surface mesh: worst distortion = 0.797589 (0 elements in ]0, 0.2]); worst gamma = 0.410273
Info    : Volume mesh: worst distortion = 0.261145 (0 elements in ]0, 0.2])
Info    : Done meshing order 2 (Wall 13.8304s, CPU 13.2603s)
Info    : Writing '/home/user/mscr-mom/현서/scripts/contact_scenarios/fea/matv2_mesh_DEPTH0_phiP150_d150_b0_s35.inp'...
Info    : Done writing '/home/user/mscr-mom/현서/scripts/contact_scenarios/fea/matv2_mesh_DEPTH0_phiP150_d150_b0_s35.inp'
  [DEPTH0_phiP150_d150_b0] [실패] (715.4s)
[DEPTH0_phiP150_d150_b0] 완료: 0/1 성공
