[LPT125_phiN30_b0 1/4] L_M=12.5, phi=-30.0, beta=0.0, s=65.0mm, push_depth=0.1mm ...
Info    : Meshing 1D...
Info    : [  0%] Meshing curve 1 (BSpline)
Info    : [ 10%] Meshing curve 2 (Ellipse)
Info    : [ 20%] Meshing curve 3 (Ellipse)
Info    : [ 30%] Meshing curve 4 (BSpline)
Info    : [ 40%] Meshing curve 5 (BSpline)
Info    : [ 50%] Meshing curve 6 (BSpline)
Info    : [ 60%] Meshing curve 7 (BSpline)
Info    : [ 60%] Meshing curve 8 (BSpline)
Info    : [ 70%] Meshing curve 9 (BSpline)
Info    : [ 90%] Meshing curve 11 (Circle)
Info    : Done meshing 1D (Wall 0.0174525s, CPU 0.017454s)
Info    : Meshing 2D...
Info    : [  0%] Meshing surface 1 (Plane, Frontal-Delaunay)
Info    : [ 20%] Meshing surface 2 (Plane, Frontal-Delaunay)
Info    : [ 40%] Meshing surface 3 (BSpline surface, Frontal-Delaunay)
Info    : [ 60%] Meshing surface 4 (BSpline surface, Frontal-Delaunay)
Info    : [ 70%] Meshing surface 5 (Plane, Frontal-Delaunay)
Info    : [ 90%] Meshing surface 6 (Sphere, Frontal-Delaunay)
Info    : Done meshing 2D (Wall 0.669067s, CPU 0.668005s)
Info    : Meshing 3D...
Info    : 3D Meshing 2 volumes with 2 connected components
Info    : Tetrahedrizing 12378 nodes...
Info    : Done tetrahedrizing 12386 nodes (Wall 0.136491s, CPU 0.127462s)
Info    : Reconstructing mesh...
Info    :  - Creating surface mesh
Info    :  - Identifying boundary edges
Info    :  - Recovering boundary
Info    : Done reconstructing mesh (Wall 0.319005s, CPU 0.286976s)
Info    : Found volume 1
Info    : It. 0 - 0 nodes created - worst tet radius 1.06614 (nodes removed 0 0)
Info    : It. 500 - 500 nodes created - worst tet radius 1.00202 (nodes removed 0 0)
Info    : 3D refinement terminated (13170 nodes total):
Info    :  - 0 Delaunay cavities modified for star shapeness
Info    :  - 0 nodes could not be inserted
Info    :  - 42682 tetrahedra created in 0.0184973 sec. (2307466 tets/s)
Info    : 0 node relocations
Info    : Tetrahedrizing 132 nodes...
Info    : Done tetrahedrizing 140 nodes (Wall 0.000716204s, CPU 0.000716s)
Info    : Reconstructing mesh...
Info    :  - Creating surface mesh
Info    :  - Identifying boundary edges
Info    :  - Recovering boundary
Info    : Done reconstructing mesh (Wall 0.0016582s, CPU 0.001661s)
Info    : Found volume 2
Info    : It. 0 - 0 nodes created - worst tet radius 3.12912 (nodes removed 0 0)
Info    : 3D refinement terminated (12590 nodes total):
Info    :  - 0 Delaunay cavities modified for star shapeness
Info    :  - 0 nodes could not be inserted
Info    :  - 479 tetrahedra created in 0.00220463 sec. (217270 tets/s)
Info    : 0 node relocations
Info    : Done meshing 3D (Wall 0.52381s, CPU 0.49074s)
Info    : Optimizing mesh...
Info    : Optimizing volume 1
Info    : Optimization starts (volume = 235.581) with worst = 0.00128679 / average = 0.685937:
Info    : 0.00 < quality < 0.10 :       172 elements
Info    : 0.10 < quality < 0.20 :       581 elements
Info    : 0.20 < quality < 0.30 :       735 elements
Info    : 0.30 < quality < 0.40 :       731 elements
Info    : 0.40 < quality < 0.50 :      1232 elements
Info    : 0.50 < quality < 0.60 :      4560 elements
Info    : 0.60 < quality < 0.70 :      9793 elements
Info    : 0.70 < quality < 0.80 :     20301 elements
Info    : 0.80 < quality < 0.90 :      2602 elements
Info    : 0.90 < quality < 1.00 :      1975 elements
Info    : 1412 edge swaps, 34 node relocations (volume = 235.581): worst = 0.0997565 / average = 0.704969 (Wall 0.0118119s, CPU 0.011812s)
Info    : 1492 edge swaps, 36 node relocations (volume = 235.581): worst = 0.121387 / average = 0.705897 (Wall 0.0146133s, CPU 0.014614s)
Info    : 1499 edge swaps, 36 node relocations (volume = 235.581): worst = 0.125438 / average = 0.706001 (Wall 0.0167136s, CPU 0.016714s)
Info    : No ill-shaped tets in the mesh :-)
Info    : 0.00 < quality < 0.10 :         0 elements
Info    : 0.10 < quality < 0.20 :         9 elements
Info    : 0.20 < quality < 0.30 :        19 elements
Info    : 0.30 < quality < 0.40 :       581 elements
Info    : 0.40 < quality < 0.50 :      1031 elements
Info    : 0.50 < quality < 0.60 :      4482 elements
Info    : 0.60 < quality < 0.70 :     10377 elements
Info    : 0.70 < quality < 0.80 :     20101 elements
Info    : 0.80 < quality < 0.90 :      2754 elements
Info    : 0.90 < quality < 1.00 :      1987 elements
Info    : Optimizing volume 2
Info    : Optimization starts (volume = 0.256432) with worst = 0.0650776 / average = 0.759962:
Info    : 0.00 < quality < 0.10 :         2 elements
Info    : 0.10 < quality < 0.20 :         1 elements
Info    : 0.20 < quality < 0.30 :         4 elements
Info    : 0.30 < quality < 0.40 :         5 elements
Info    : 0.40 < quality < 0.50 :        14 elements
Info    : 0.50 < quality < 0.60 :        14 elements
Info    : 0.60 < quality < 0.70 :        63 elements
Info    : 0.70 < quality < 0.80 :       183 elements
Info    : 0.80 < quality < 0.90 :       143 elements
Info    : 0.90 < quality < 1.00 :        50 elements
Info    : 7 edge swaps, 2 node relocations (volume = 0.256432): worst = 0.305723 / average = 0.768925 (Wall 0.000129548s, CPU 0.00013s)
Info    : No ill-shaped tets in the mesh :-)
Info    : 0.00 < quality < 0.10 :         0 elements
Info    : 0.10 < quality < 0.20 :         0 elements
Info    : 0.20 < quality < 0.30 :         0 elements
Info    : 0.30 < quality < 0.40 :         6 elements
Info    : 0.40 < quality < 0.50 :        14 elements
Info    : 0.50 < quality < 0.60 :        13 elements
Info    : 0.60 < quality < 0.70 :        60 elements
Info    : 0.70 < quality < 0.80 :       182 elements
Info    : 0.80 < quality < 0.90 :       146 elements
Info    : 0.90 < quality < 1.00 :        52 elements
Info    : Done optimizing mesh (Wall 0.0399293s, CPU 0.039928s)
Info    : 13569 nodes 68063 elements
Info    : Meshing order 2 (curvilinear on)...
Info    : [  0%] Meshing curve 1 order 2
Info    : [ 10%] Meshing curve 2 order 2
Info    : [ 20%] Meshing curve 3 order 2
Info    : [ 20%] Meshing curve 4 order 2
Info    : [ 30%] Meshing curve 5 order 2
Info    : [ 30%] Meshing curve 6 order 2
Info    : [ 40%] Meshing curve 7 order 2
Info    : [ 40%] Meshing curve 8 order 2
Info    : [ 50%] Meshing curve 9 order 2
Info    : [ 50%] Meshing curve 10 order 2
Info    : [ 60%] Meshing curve 11 order 2
Info    : [ 60%] Meshing curve 12 order 2
Info    : [ 70%] Meshing surface 1 order 2
Info    : [ 70%] Meshing surface 2 order 2
Info    : [ 80%] Meshing surface 3 order 2
Info    : [ 80%] Meshing surface 4 order 2
Info    : [ 90%] Meshing surface 5 order 2
Info    : [ 90%] Meshing surface 6 order 2
Info    : [100%] Meshing volume 1 order 2
Info    : [100%] Meshing volume 2 order 2
Info    : Surface mesh: worst distortion = 0.797589 (0 elements in ]0, 0.2]); worst gamma = 0.50915
Info    : Volume mesh: worst distortion = 0.187668 (1 elements in ]0, 0.2])
Info    : Done meshing order 2 (Wall 12.0189s, CPU 12.0182s)
Info    : Writing '/home/user/mscr-mom/현서/scripts/contact_scenarios/fea/matv2_mesh_LPT125_phiN30_b0_s65.inp'...
Info    : Done writing '/home/user/mscr-mom/현서/scripts/contact_scenarios/fea/matv2_mesh_LPT125_phiN30_b0_s65.inp'
  [LPT125_phiN30_b0] F_mag=0.0005mN  (290.4s)
[LPT125_phiN30_b0 2/4] L_M=12.5, phi=-30.0, beta=0.0, s=75.0mm, push_depth=0.1mm ...
Info    : Meshing 1D...
Info    : [  0%] Meshing curve 1 (BSpline)
Info    : [ 10%] Meshing curve 2 (Ellipse)
Info    : [ 20%] Meshing curve 3 (Ellipse)
Info    : [ 30%] Meshing curve 4 (BSpline)
Info    : [ 40%] Meshing curve 5 (BSpline)
Info    : [ 50%] Meshing curve 6 (BSpline)
Info    : [ 60%] Meshing curve 7 (BSpline)
Info    : [ 60%] Meshing curve 8 (BSpline)
Info    : [ 70%] Meshing curve 9 (BSpline)
Info    : [ 90%] Meshing curve 11 (Circle)
Info    : Done meshing 1D (Wall 0.0173152s, CPU 0.017287s)
Info    : Meshing 2D...
Info    : [  0%] Meshing surface 1 (Plane, Frontal-Delaunay)
Info    : [ 20%] Meshing surface 2 (Plane, Frontal-Delaunay)
Info    : [ 40%] Meshing surface 3 (BSpline surface, Frontal-Delaunay)
Info    : [ 60%] Meshing surface 4 (BSpline surface, Frontal-Delaunay)
Info    : [ 70%] Meshing surface 5 (Plane, Frontal-Delaunay)
Info    : [ 90%] Meshing surface 6 (Sphere, Frontal-Delaunay)
Info    : Done meshing 2D (Wall 0.719159s, CPU 0.719131s)
Info    : Meshing 3D...
Info    : 3D Meshing 2 volumes with 2 connected components
Info    : Tetrahedrizing 12378 nodes...
Info    : Done tetrahedrizing 12386 nodes (Wall 0.135208s, CPU 0.127147s)
Info    : Reconstructing mesh...
Info    :  - Creating surface mesh
Info    :  - Identifying boundary edges
Info    :  - Recovering boundary
Info    : Done reconstructing mesh (Wall 0.363951s, CPU 0.349641s)
Info    : Found volume 1
Info    : It. 0 - 0 nodes created - worst tet radius 1.06614 (nodes removed 0 0)
Info    : It. 500 - 500 nodes created - worst tet radius 1.00202 (nodes removed 0 0)
Info    : 3D refinement terminated (13169 nodes total):
Info    :  - 0 Delaunay cavities modified for star shapeness
Info    :  - 0 nodes could not be inserted
Info    :  - 42682 tetrahedra created in 0.0265016 sec. (1610545 tets/s)
Info    : 0 node relocations
Info    : Tetrahedrizing 131 nodes...
Info    : Done tetrahedrizing 139 nodes (Wall 0.000728811s, CPU 0.00073s)
Info    : Reconstructing mesh...
Info    :  - Creating surface mesh
Info    :  - Identifying boundary edges
Info    :  - Recovering boundary
Info    : Done reconstructing mesh (Wall 0.00178483s, CPU 0.001787s)
Info    : Found volume 2
Info    : It. 0 - 0 nodes created - worst tet radius 3.16976 (nodes removed 0 0)
Info    : 3D refinement terminated (12586 nodes total):
Info    :  - 0 Delaunay cavities modified for star shapeness
Info    :  - 0 nodes could not be inserted
Info    :  - 465 tetrahedra created in 0.00704561 sec. (65998 tets/s)
Info    : 0 node relocations
Info    : Done meshing 3D (Wall 0.67145s, CPU 0.657088s)
Info    : Optimizing mesh...
Info    : Optimizing volume 1
Info    : Optimization starts (volume = 235.581) with worst = 0.00128679 / average = 0.685937:
Info    : 0.00 < quality < 0.10 :       172 elements
Info    : 0.10 < quality < 0.20 :       581 elements
Info    : 0.20 < quality < 0.30 :       735 elements
Info    : 0.30 < quality < 0.40 :       731 elements
Info    : 0.40 < quality < 0.50 :      1232 elements
Info    : 0.50 < quality < 0.60 :      4560 elements
Info    : 0.60 < quality < 0.70 :      9793 elements
Info    : 0.70 < quality < 0.80 :     20301 elements
Info    : 0.80 < quality < 0.90 :      2602 elements
Info    : 0.90 < quality < 1.00 :      1975 elements
Info    : 1412 edge swaps, 34 node relocations (volume = 235.581): worst = 0.0997565 / average = 0.704969 (Wall 0.019136s, CPU 0.019136s)
Info    : 1492 edge swaps, 36 node relocations (volume = 235.581): worst = 0.121387 / average = 0.705897 (Wall 0.023879s, CPU 0.023879s)
Info    : 1499 edge swaps, 36 node relocations (volume = 235.581): worst = 0.125438 / average = 0.706001 (Wall 0.0272957s, CPU 0.027295s)
Info    : No ill-shaped tets in the mesh :-)
Info    : 0.00 < quality < 0.10 :         0 elements
Info    : 0.10 < quality < 0.20 :         9 elements
Info    : 0.20 < quality < 0.30 :        19 elements
Info    : 0.30 < quality < 0.40 :       581 elements
Info    : 0.40 < quality < 0.50 :      1031 elements
Info    : 0.50 < quality < 0.60 :      4482 elements
Info    : 0.60 < quality < 0.70 :     10377 elements
Info    : 0.70 < quality < 0.80 :     20101 elements
Info    : 0.80 < quality < 0.90 :      2754 elements
Info    : 0.90 < quality < 1.00 :      1987 elements
Info    : Optimizing volume 2
Info    : Optimization starts (volume = 0.256396) with worst = 0.162014 / average = 0.738862:
Info    : 0.00 < quality < 0.10 :         0 elements
Info    : 0.10 < quality < 0.20 :         2 elements
Info    : 0.20 < quality < 0.30 :         5 elements
Info    : 0.30 < quality < 0.40 :        10 elements
Info    : 0.40 < quality < 0.50 :        15 elements
Info    : 0.50 < quality < 0.60 :        27 elements
Info    : 0.60 < quality < 0.70 :        84 elements
Info    : 0.70 < quality < 0.80 :       171 elements
Info    : 0.80 < quality < 0.90 :       112 elements
Info    : 0.90 < quality < 1.00 :        39 elements
Info    : 6 edge swaps, 0 node relocations (volume = 0.256396): worst = 0.306201 / average = 0.747868 (Wall 0.000102947s, CPU 0.000104s)
Info    : No ill-shaped tets in the mesh :-)
Info    : 0.00 < quality < 0.10 :         0 elements
Info    : 0.10 < quality < 0.20 :         0 elements
Info    : 0.20 < quality < 0.30 :         0 elements
Info    : 0.30 < quality < 0.40 :        10 elements
Info    : 0.40 < quality < 0.50 :        13 elements
Info    : 0.50 < quality < 0.60 :        27 elements
Info    : 0.60 < quality < 0.70 :        84 elements
Info    : 0.70 < quality < 0.80 :       173 elements
Info    : 0.80 < quality < 0.90 :       113 elements
Info    : 0.90 < quality < 1.00 :        39 elements
Info    : Done optimizing mesh (Wall 0.0662915s, CPU 0.0653s)
Info    : 13565 nodes 68047 elements
Info    : Meshing order 2 (curvilinear on)...
Info    : [  0%] Meshing curve 1 order 2
Info    : [ 10%] Meshing curve 2 order 2
Info    : [ 20%] Meshing curve 3 order 2
Info    : [ 20%] Meshing curve 4 order 2
Info    : [ 30%] Meshing curve 5 order 2
Info    : [ 30%] Meshing curve 6 order 2
Info    : [ 40%] Meshing curve 7 order 2
Info    : [ 40%] Meshing curve 8 order 2
Info    : [ 50%] Meshing curve 9 order 2
Info    : [ 50%] Meshing curve 10 order 2
Info    : [ 60%] Meshing curve 11 order 2
Info    : [ 60%] Meshing curve 12 order 2
Info    : [ 70%] Meshing surface 1 order 2
Info    : [ 70%] Meshing surface 2 order 2
Info    : [ 80%] Meshing surface 3 order 2
Info    : [ 80%] Meshing surface 4 order 2
Info    : [ 90%] Meshing surface 5 order 2
Info    : [ 90%] Meshing surface 6 order 2
Info    : [100%] Meshing volume 1 order 2
Info    : [100%] Meshing volume 2 order 2
Info    : Surface mesh: worst distortion = 0.797589 (0 elements in ]0, 0.2]); worst gamma = 0.632589
Info    : Volume mesh: worst distortion = 0.187668 (1 elements in ]0, 0.2])
Info    : Done meshing order 2 (Wall 11.948s, CPU 11.9431s)
Info    : Writing '/home/user/mscr-mom/현서/scripts/contact_scenarios/fea/matv2_mesh_LPT125_phiN30_b0_s75.inp'...
Info    : Done writing '/home/user/mscr-mom/현서/scripts/contact_scenarios/fea/matv2_mesh_LPT125_phiN30_b0_s75.inp'
  [LPT125_phiN30_b0] [실패] (806.1s)
[LPT125_phiN30_b0 3/4] L_M=12.5, phi=-30.0, beta=0.0, s=85.0mm, push_depth=0.1mm ...
Info    : Meshing 1D...
Info    : [  0%] Meshing curve 1 (BSpline)
Info    : [ 10%] Meshing curve 2 (Ellipse)
Info    : [ 20%] Meshing curve 3 (Ellipse)
Info    : [ 30%] Meshing curve 4 (BSpline)
Info    : [ 40%] Meshing curve 5 (BSpline)
Info    : [ 50%] Meshing curve 6 (BSpline)
Info    : [ 60%] Meshing curve 7 (BSpline)
Info    : [ 60%] Meshing curve 8 (BSpline)
Info    : [ 70%] Meshing curve 9 (BSpline)
Info    : [ 90%] Meshing curve 11 (Circle)
Info    : Done meshing 1D (Wall 0.0181s, CPU 0.018033s)
Info    : Meshing 2D...
Info    : [  0%] Meshing surface 1 (Plane, Frontal-Delaunay)
Info    : [ 20%] Meshing surface 2 (Plane, Frontal-Delaunay)
Info    : [ 40%] Meshing surface 3 (BSpline surface, Frontal-Delaunay)
Info    : [ 60%] Meshing surface 4 (BSpline surface, Frontal-Delaunay)
Info    : [ 70%] Meshing surface 5 (Plane, Frontal-Delaunay)
Info    : [ 90%] Meshing surface 6 (Sphere, Frontal-Delaunay)
Info    : Done meshing 2D (Wall 0.715626s, CPU 0.714534s)
Info    : Meshing 3D...
Info    : 3D Meshing 2 volumes with 2 connected components
Info    : Tetrahedrizing 12378 nodes...
Info    : Done tetrahedrizing 12386 nodes (Wall 0.136078s, CPU 0.135054s)
Info    : Reconstructing mesh...
Info    :  - Creating surface mesh
Info    :  - Identifying boundary edges
Info    :  - Recovering boundary
Info    : Done reconstructing mesh (Wall 0.344011s, CPU 0.342972s)
Info    : Found volume 1
Info    : It. 0 - 0 nodes created - worst tet radius 1.06614 (nodes removed 0 0)
Info    : It. 500 - 500 nodes created - worst tet radius 1.00202 (nodes removed 0 0)
Info    : 3D refinement terminated (13170 nodes total):
Info    :  - 0 Delaunay cavities modified for star shapeness
Info    :  - 0 nodes could not be inserted
Info    :  - 42682 tetrahedra created in 0.0384201 sec. (1110929 tets/s)
Info    : 0 node relocations
Info    : Tetrahedrizing 132 nodes...
Info    : Done tetrahedrizing 140 nodes (Wall 0.000757323s, CPU 0.000758s)
Info    : Reconstructing mesh...
Info    :  - Creating surface mesh
Info    :  - Identifying boundary edges
Info    :  - Recovering boundary
Info    : Done reconstructing mesh (Wall 0.00212621s, CPU 0.002133s)
Info    : Found volume 2
Info    : It. 0 - 0 nodes created - worst tet radius 3.12912 (nodes removed 0 0)
Info    : 3D refinement terminated (12590 nodes total):
Info    :  - 0 Delaunay cavities modified for star shapeness
Info    :  - 0 nodes could not be inserted
Info    :  - 479 tetrahedra created in 0.0058963 sec. (81237 tets/s)
Info    : 0 node relocations
Info    : Done meshing 3D (Wall 0.691903s, CPU 0.690849s)
Info    : Optimizing mesh...
Info    : Optimizing volume 1
Info    : Optimization starts (volume = 235.581) with worst = 0.00128679 / average = 0.685937:
Info    : 0.00 < quality < 0.10 :       172 elements
Info    : 0.10 < quality < 0.20 :       581 elements
Info    : 0.20 < quality < 0.30 :       735 elements
Info    : 0.30 < quality < 0.40 :       731 elements
Info    : 0.40 < quality < 0.50 :      1232 elements
Info    : 0.50 < quality < 0.60 :      4560 elements
Info    : 0.60 < quality < 0.70 :      9793 elements
Info    : 0.70 < quality < 0.80 :     20301 elements
Info    : 0.80 < quality < 0.90 :      2602 elements
Info    : 0.90 < quality < 1.00 :      1975 elements
Info    : 1412 edge swaps, 34 node relocations (volume = 235.581): worst = 0.0997565 / average = 0.704969 (Wall 0.0213653s, CPU 0.021366s)
Info    : 1492 edge swaps, 36 node relocations (volume = 235.581): worst = 0.121387 / average = 0.705897 (Wall 0.0291448s, CPU 0.029141s)
Info    : 1499 edge swaps, 36 node relocations (volume = 235.581): worst = 0.125438 / average = 0.706001 (Wall 0.0361003s, CPU 0.036099s)
Info    : No ill-shaped tets in the mesh :-)
Info    : 0.00 < quality < 0.10 :         0 elements
Info    : 0.10 < quality < 0.20 :         9 elements
Info    : 0.20 < quality < 0.30 :        19 elements
Info    : 0.30 < quality < 0.40 :       581 elements
Info    : 0.40 < quality < 0.50 :      1031 elements
Info    : 0.50 < quality < 0.60 :      4482 elements
Info    : 0.60 < quality < 0.70 :     10377 elements
Info    : 0.70 < quality < 0.80 :     20101 elements
Info    : 0.80 < quality < 0.90 :      2754 elements
Info    : 0.90 < quality < 1.00 :      1987 elements
Info    : Optimizing volume 2
Info    : Optimization starts (volume = 0.256432) with worst = 0.0650776 / average = 0.759962:
Info    : 0.00 < quality < 0.10 :         2 elements
Info    : 0.10 < quality < 0.20 :         1 elements
Info    : 0.20 < quality < 0.30 :         4 elements
Info    : 0.30 < quality < 0.40 :         5 elements
Info    : 0.40 < quality < 0.50 :        14 elements
Info    : 0.50 < quality < 0.60 :        14 elements
Info    : 0.60 < quality < 0.70 :        63 elements
Info    : 0.70 < quality < 0.80 :       183 elements
Info    : 0.80 < quality < 0.90 :       143 elements
Info    : 0.90 < quality < 1.00 :        50 elements
Info    : 7 edge swaps, 2 node relocations (volume = 0.256432): worst = 0.305723 / average = 0.768925 (Wall 0.00015113s, CPU 0.000155s)
Info    : No ill-shaped tets in the mesh :-)
Info    : 0.00 < quality < 0.10 :         0 elements
Info    : 0.10 < quality < 0.20 :         0 elements
Info    : 0.20 < quality < 0.30 :         0 elements
Info    : 0.30 < quality < 0.40 :         6 elements
Info    : 0.40 < quality < 0.50 :        14 elements
Info    : 0.50 < quality < 0.60 :        13 elements
Info    : 0.60 < quality < 0.70 :        60 elements
Info    : 0.70 < quality < 0.80 :       182 elements
Info    : 0.80 < quality < 0.90 :       146 elements
Info    : 0.90 < quality < 1.00 :        52 elements
Info    : Done optimizing mesh (Wall 0.0771967s, CPU 0.07719s)
Info    : 13569 nodes 68063 elements
Info    : Meshing order 2 (curvilinear on)...
Info    : [  0%] Meshing curve 1 order 2
Info    : [ 10%] Meshing curve 2 order 2
Info    : [ 20%] Meshing curve 3 order 2
Info    : [ 20%] Meshing curve 4 order 2
Info    : [ 30%] Meshing curve 5 order 2
Info    : [ 30%] Meshing curve 6 order 2
Info    : [ 40%] Meshing curve 7 order 2
Info    : [ 40%] Meshing curve 8 order 2
Info    : [ 50%] Meshing curve 9 order 2
Info    : [ 50%] Meshing curve 10 order 2
Info    : [ 60%] Meshing curve 11 order 2
Info    : [ 60%] Meshing curve 12 order 2
Info    : [ 70%] Meshing surface 1 order 2
Info    : [ 70%] Meshing surface 2 order 2
Info    : [ 80%] Meshing surface 3 order 2
Info    : [ 80%] Meshing surface 4 order 2
Info    : [ 90%] Meshing surface 5 order 2
Info    : [ 90%] Meshing surface 6 order 2
Info    : [100%] Meshing volume 1 order 2
Info    : [100%] Meshing volume 2 order 2
Info    : Surface mesh: worst distortion = 0.797589 (0 elements in ]0, 0.2]); worst gamma = 0.50915
Info    : Volume mesh: worst distortion = 0.187668 (1 elements in ]0, 0.2])
Info    : Done meshing order 2 (Wall 12.0822s, CPU 12.0769s)
Info    : Writing '/home/user/mscr-mom/현서/scripts/contact_scenarios/fea/matv2_mesh_LPT125_phiN30_b0_s85.inp'...
Info    : Done writing '/home/user/mscr-mom/현서/scripts/contact_scenarios/fea/matv2_mesh_LPT125_phiN30_b0_s85.inp'
  [LPT125_phiN30_b0] [실패] (1701.9s)
[LPT125_phiN30_b0 4/4] L_M=12.5, phi=-30.0, beta=0.0, s=95.0mm, push_depth=0.1mm ...
Info    : Meshing 1D...
Info    : [  0%] Meshing curve 1 (BSpline)
Info    : [ 10%] Meshing curve 2 (Ellipse)
Info    : [ 20%] Meshing curve 3 (Ellipse)
Info    : [ 30%] Meshing curve 4 (BSpline)
Info    : [ 40%] Meshing curve 5 (BSpline)
Info    : [ 50%] Meshing curve 6 (BSpline)
Info    : [ 60%] Meshing curve 7 (BSpline)
Info    : [ 60%] Meshing curve 8 (BSpline)
Info    : [ 70%] Meshing curve 9 (BSpline)
Info    : [ 90%] Meshing curve 11 (Circle)
Info    : Done meshing 1D (Wall 0.0185453s, CPU 0.018514s)
Info    : Meshing 2D...
Info    : [  0%] Meshing surface 1 (Plane, Frontal-Delaunay)
Info    : [ 20%] Meshing surface 2 (Plane, Frontal-Delaunay)
Info    : [ 40%] Meshing surface 3 (BSpline surface, Frontal-Delaunay)
Info    : [ 60%] Meshing surface 4 (BSpline surface, Frontal-Delaunay)
Info    : [ 70%] Meshing surface 5 (Plane, Frontal-Delaunay)
Info    : [ 90%] Meshing surface 6 (Sphere, Frontal-Delaunay)
Info    : Done meshing 2D (Wall 0.823036s, CPU 0.818964s)
Info    : Meshing 3D...
Info    : 3D Meshing 2 volumes with 2 connected components
Info    : Tetrahedrizing 12378 nodes...
Info    : Done tetrahedrizing 12386 nodes (Wall 0.144615s, CPU 0.138609s)
Info    : Reconstructing mesh...
Info    :  - Creating surface mesh
Info    :  - Identifying boundary edges
Info    :  - Recovering boundary
Info    : Done reconstructing mesh (Wall 0.383065s, CPU 0.377018s)
Info    : Found volume 1
Info    : It. 0 - 0 nodes created - worst tet radius 1.06614 (nodes removed 0 0)
Info    : It. 500 - 500 nodes created - worst tet radius 1.00202 (nodes removed 0 0)
Info    : 3D refinement terminated (13169 nodes total):
Info    :  - 0 Delaunay cavities modified for star shapeness
Info    :  - 0 nodes could not be inserted
Info    :  - 42682 tetrahedra created in 0.0313271 sec. (1362462 tets/s)
Info    : 0 node relocations
Info    : Tetrahedrizing 131 nodes...
Info    : Done tetrahedrizing 139 nodes (Wall 0.000964121s, CPU 0.000964s)
Info    : Reconstructing mesh...
Info    :  - Creating surface mesh
Info    :  - Identifying boundary edges
Info    :  - Recovering boundary
Info    : Done reconstructing mesh (Wall 0.00217911s, CPU 0.002185s)
Info    : Found volume 2
Info    : It. 0 - 0 nodes created - worst tet radius 3.16976 (nodes removed 0 0)
Info    : 3D refinement terminated (12586 nodes total):
Info    :  - 0 Delaunay cavities modified for star shapeness
Info    :  - 0 nodes could not be inserted
Info    :  - 465 tetrahedra created in 0.00309751 sec. (150120 tets/s)
Info    : 0 node relocations
Info    : Done meshing 3D (Wall 0.675338s, CPU 0.668584s)
Info    : Optimizing mesh...
Info    : Optimizing volume 1
Info    : Optimization starts (volume = 235.581) with worst = 0.00128679 / average = 0.685937:
Info    : 0.00 < quality < 0.10 :       172 elements
Info    : 0.10 < quality < 0.20 :       581 elements
Info    : 0.20 < quality < 0.30 :       735 elements
Info    : 0.30 < quality < 0.40 :       731 elements
Info    : 0.40 < quality < 0.50 :      1232 elements
Info    : 0.50 < quality < 0.60 :      4560 elements
Info    : 0.60 < quality < 0.70 :      9793 elements
Info    : 0.70 < quality < 0.80 :     20301 elements
Info    : 0.80 < quality < 0.90 :      2602 elements
Info    : 0.90 < quality < 1.00 :      1975 elements
Info    : 1412 edge swaps, 34 node relocations (volume = 235.581): worst = 0.0997565 / average = 0.704969 (Wall 0.0211858s, CPU 0.020885s)
Info    : 1492 edge swaps, 36 node relocations (volume = 235.581): worst = 0.121387 / average = 0.705897 (Wall 0.0245053s, CPU 0.024138s)
Info    : 1499 edge swaps, 36 node relocations (volume = 235.581): worst = 0.125438 / average = 0.706001 (Wall 0.0270398s, CPU 0.026608s)
Info    : No ill-shaped tets in the mesh :-)
Info    : 0.00 < quality < 0.10 :         0 elements
Info    : 0.10 < quality < 0.20 :         9 elements
Info    : 0.20 < quality < 0.30 :        19 elements
Info    : 0.30 < quality < 0.40 :       581 elements
Info    : 0.40 < quality < 0.50 :      1031 elements
Info    : 0.50 < quality < 0.60 :      4482 elements
Info    : 0.60 < quality < 0.70 :     10377 elements
Info    : 0.70 < quality < 0.80 :     20101 elements
Info    : 0.80 < quality < 0.90 :      2754 elements
Info    : 0.90 < quality < 1.00 :      1987 elements
Info    : Optimizing volume 2
Info    : Optimization starts (volume = 0.256396) with worst = 0.162014 / average = 0.738862:
Info    : 0.00 < quality < 0.10 :         0 elements
Info    : 0.10 < quality < 0.20 :         2 elements
Info    : 0.20 < quality < 0.30 :         5 elements
Info    : 0.30 < quality < 0.40 :        10 elements
Info    : 0.40 < quality < 0.50 :        15 elements
Info    : 0.50 < quality < 0.60 :        27 elements
Info    : 0.60 < quality < 0.70 :        84 elements
Info    : 0.70 < quality < 0.80 :       171 elements
Info    : 0.80 < quality < 0.90 :       112 elements
Info    : 0.90 < quality < 1.00 :        39 elements
Info    : 6 edge swaps, 0 node relocations (volume = 0.256396): worst = 0.306201 / average = 0.747868 (Wall 0.000224753s, CPU 0.000125s)
Info    : No ill-shaped tets in the mesh :-)
Info    : 0.00 < quality < 0.10 :         0 elements
Info    : 0.10 < quality < 0.20 :         0 elements
Info    : 0.20 < quality < 0.30 :         0 elements
Info    : 0.30 < quality < 0.40 :        10 elements
Info    : 0.40 < quality < 0.50 :        13 elements
Info    : 0.50 < quality < 0.60 :        27 elements
Info    : 0.60 < quality < 0.70 :        84 elements
Info    : 0.70 < quality < 0.80 :       173 elements
Info    : 0.80 < quality < 0.90 :       113 elements
Info    : 0.90 < quality < 1.00 :        39 elements
Info    : Done optimizing mesh (Wall 0.0587283s, CPU 0.057822s)
Info    : 13565 nodes 68047 elements
Info    : Meshing order 2 (curvilinear on)...
Info    : [  0%] Meshing curve 1 order 2
Info    : [ 10%] Meshing curve 2 order 2
Info    : [ 20%] Meshing curve 3 order 2
Info    : [ 20%] Meshing curve 4 order 2
Info    : [ 30%] Meshing curve 5 order 2
Info    : [ 30%] Meshing curve 6 order 2
Info    : [ 40%] Meshing curve 7 order 2
Info    : [ 40%] Meshing curve 8 order 2
Info    : [ 50%] Meshing curve 9 order 2
Info    : [ 50%] Meshing curve 10 order 2
Info    : [ 60%] Meshing curve 11 order 2
Info    : [ 60%] Meshing curve 12 order 2
Info    : [ 70%] Meshing surface 1 order 2
Info    : [ 70%] Meshing surface 2 order 2
Info    : [ 80%] Meshing surface 3 order 2
Info    : [ 80%] Meshing surface 4 order 2
Info    : [ 90%] Meshing surface 5 order 2
Info    : [ 90%] Meshing surface 6 order 2
Info    : [100%] Meshing volume 1 order 2
Info    : [100%] Meshing volume 2 order 2
Info    : Surface mesh: worst distortion = 0.797589 (0 elements in ]0, 0.2]); worst gamma = 0.632589
Info    : Volume mesh: worst distortion = 0.187668 (1 elements in ]0, 0.2])
Info    : Done meshing order 2 (Wall 12.2918s, CPU 12.2735s)
Info    : Writing '/home/user/mscr-mom/현서/scripts/contact_scenarios/fea/matv2_mesh_LPT125_phiN30_b0_s95.inp'...
Info    : Done writing '/home/user/mscr-mom/현서/scripts/contact_scenarios/fea/matv2_mesh_LPT125_phiN30_b0_s95.inp'
  [LPT125_phiN30_b0] [실패] (995.8s)
[LPT125_phiN30_b0] 완료: 1/4 성공
