[STB750_phiN150_s100_v0001_b0 1/1] L_M=75.0, phi=-150.0, beta=0.0, s=100.0mm, push_depth=0.1mm ...
Info    : Meshing 1D...
Info    : [  0%] Meshing curve 1 (BSpline)
Info    : [ 10%] Meshing curve 2 (Ellipse)
Info    : [ 20%] Meshing curve 3 (Ellipse)
Info    : [ 30%] Meshing curve 4 (BSpline)
Info    : [ 40%] Meshing curve 5 (BSpline)
Info    : [ 50%] Meshing curve 6 (BSpline)
Info    : [ 60%] Meshing curve 7 (BSpline)
Info    : [ 60%] Meshing curve 8 (BSpline)
Info    : [ 70%] Meshing curve 9 (BSpline)
Info    : [ 90%] Meshing curve 11 (Circle)
Info    : Done meshing 1D (Wall 0.0443285s, CPU 0.043221s)
Info    : Meshing 2D...
Info    : [  0%] Meshing surface 1 (Plane, Frontal-Delaunay)
Info    : [ 20%] Meshing surface 2 (Plane, Frontal-Delaunay)
Info    : [ 40%] Meshing surface 3 (BSpline surface, Frontal-Delaunay)
Info    : [ 60%] Meshing surface 4 (BSpline surface, Frontal-Delaunay)
Info    : [ 70%] Meshing surface 5 (Plane, Frontal-Delaunay)
Info    : [ 90%] Meshing surface 6 (Sphere, Frontal-Delaunay)
Info    : Done meshing 2D (Wall 1.59353s, CPU 1.48057s)
Info    : Meshing 3D...
Info    : 3D Meshing 2 volumes with 2 connected components
Info    : Tetrahedrizing 12505 nodes...
Info    : Done tetrahedrizing 12513 nodes (Wall 0.237526s, CPU 0.212676s)
Info    : Reconstructing mesh...
Info    :  - Creating surface mesh
Info    :  - Identifying boundary edges
Info    :  - Recovering boundary
Info    : Done reconstructing mesh (Wall 0.773503s, CPU 0.569368s)
Info    : Found volume 1
Info    : It. 0 - 0 nodes created - worst tet radius 1.04357 (nodes removed 0 0)
Info    : It. 500 - 500 nodes created - worst tet radius 1.00121 (nodes removed 0 0)
Info    : 3D refinement terminated (13257 nodes total):
Info    :  - 0 Delaunay cavities modified for star shapeness
Info    :  - 0 nodes could not be inserted
Info    :  - 42612 tetrahedra created in 0.0600603 sec. (709487 tets/s)
Info    : 0 node relocations
Info    : Tetrahedrizing 130 nodes...
Info    : Done tetrahedrizing 138 nodes (Wall 0.000915944s, CPU 0.00092s)
Info    : Reconstructing mesh...
Info    :  - Creating surface mesh
Info    :  - Identifying boundary edges
Info    :  - Recovering boundary
Info    : Done reconstructing mesh (Wall 0.00275551s, CPU 0.002758s)
Info    : Found volume 2
Info    : It. 0 - 0 nodes created - worst tet radius 3.0606 (nodes removed 0 0)
Info    : 3D refinement terminated (12716 nodes total):
Info    :  - 0 Delaunay cavities modified for star shapeness
Info    :  - 0 nodes could not be inserted
Info    :  - 492 tetrahedra created in 0.0113106 sec. (43498 tets/s)
Info    : 0 node relocations
Info    : Done meshing 3D (Wall 1.31418s, CPU 1.10065s)
Info    : Optimizing mesh...
Info    : Optimizing volume 1
Info    : Optimization starts (volume = 235.616) with worst = 0.000225905 / average = 0.684501:
Info    : 0.00 < quality < 0.10 :       219 elements
Info    : 0.10 < quality < 0.20 :       325 elements
Info    : 0.20 < quality < 0.30 :       718 elements
Info    : 0.30 < quality < 0.40 :       939 elements
Info    : 0.40 < quality < 0.50 :      1185 elements
Info    : 0.50 < quality < 0.60 :      3299 elements
Info    : 0.60 < quality < 0.70 :     12204 elements
Info    : 0.70 < quality < 0.80 :     19584 elements
Info    : 0.80 < quality < 0.90 :      2282 elements
Info    : 0.90 < quality < 1.00 :      1857 elements
Info    : 1173 edge swaps, 18 node relocations (volume = 235.616): worst = 0.101126 / average = 0.700788 (Wall 0.0197012s, CPU 0.0197s)
Info    : 1228 edge swaps, 21 node relocations (volume = 235.616): worst = 0.13044 / average = 0.701513 (Wall 0.0241676s, CPU 0.024168s)
Info    : 1232 edge swaps, 22 node relocations (volume = 235.616): worst = 0.13044 / average = 0.701574 (Wall 0.0273257s, CPU 0.027327s)
Info    : No ill-shaped tets in the mesh :-)
Info    : 0.00 < quality < 0.10 :         0 elements
Info    : 0.10 < quality < 0.20 :         2 elements
Info    : 0.20 < quality < 0.30 :        11 elements
Info    : 0.30 < quality < 0.40 :       699 elements
Info    : 0.40 < quality < 0.50 :      1044 elements
Info    : 0.50 < quality < 0.60 :      3455 elements
Info    : 0.60 < quality < 0.70 :     12591 elements
Info    : 0.70 < quality < 0.80 :     19358 elements
Info    : 0.80 < quality < 0.90 :      2453 elements
Info    : 0.90 < quality < 1.00 :      1861 elements
Info    : Optimizing volume 2
Info    : Optimization starts (volume = 0.256435) with worst = 0.0657345 / average = 0.748343:
Info    : 0.00 < quality < 0.10 :         1 elements
Info    : 0.10 < quality < 0.20 :         3 elements
Info    : 0.20 < quality < 0.30 :         6 elements
Info    : 0.30 < quality < 0.40 :        10 elements
Info    : 0.40 < quality < 0.50 :        17 elements
Info    : 0.50 < quality < 0.60 :        17 elements
Info    : 0.60 < quality < 0.70 :        62 elements
Info    : 0.70 < quality < 0.80 :       188 elements
Info    : 0.80 < quality < 0.90 :       151 elements
Info    : 0.90 < quality < 1.00 :        37 elements
Info    : 10 edge swaps, 0 node relocations (volume = 0.256435): worst = 0.31774 / average = 0.761248 (Wall 0.000162487s, CPU 0.000165s)
Info    : No ill-shaped tets in the mesh :-)
Info    : 0.00 < quality < 0.10 :         0 elements
Info    : 0.10 < quality < 0.20 :         0 elements
Info    : 0.20 < quality < 0.30 :         0 elements
Info    : 0.30 < quality < 0.40 :        10 elements
Info    : 0.40 < quality < 0.50 :        15 elements
Info    : 0.50 < quality < 0.60 :        15 elements
Info    : 0.60 < quality < 0.70 :        66 elements
Info    : 0.70 < quality < 0.80 :       188 elements
Info    : 0.80 < quality < 0.90 :       152 elements
Info    : 0.90 < quality < 1.00 :        37 elements
Info    : Done optimizing mesh (Wall 0.0654584s, CPU 0.06546s)
Info    : 13657 nodes 68464 elements
Info    : Meshing order 2 (curvilinear on)...
Info    : [  0%] Meshing curve 1 order 2
Info    : [ 10%] Meshing curve 2 order 2
Info    : [ 20%] Meshing curve 3 order 2
Info    : [ 20%] Meshing curve 4 order 2
Info    : [ 30%] Meshing curve 5 order 2
Info    : [ 30%] Meshing curve 6 order 2
Info    : [ 40%] Meshing curve 7 order 2
Info    : [ 40%] Meshing curve 8 order 2
Info    : [ 50%] Meshing curve 9 order 2
Info    : [ 50%] Meshing curve 10 order 2
Info    : [ 60%] Meshing curve 11 order 2
Info    : [ 60%] Meshing curve 12 order 2
Info    : [ 70%] Meshing surface 1 order 2
Info    : [ 70%] Meshing surface 2 order 2
Info    : [ 80%] Meshing surface 3 order 2
Info    : [ 80%] Meshing surface 4 order 2
Info    : [ 90%] Meshing surface 5 order 2
Info    : [ 90%] Meshing surface 6 order 2
Info    : [100%] Meshing volume 1 order 2
Info    : [100%] Meshing volume 2 order 2
Info    : Surface mesh: worst distortion = 0.797589 (0 elements in ]0, 0.2]); worst gamma = 0.630699
Info    : Volume mesh: worst distortion = 0.256528 (0 elements in ]0, 0.2])
Info    : Done meshing order 2 (Wall 27.2194s, CPU 26.4773s)
Info    : Writing '/home/user/mscr-mom/현서/scripts/contact_scenarios/fea/matv2_mesh_STB750_phiN150_s100_v0001_b0_s100.inp'...
Info    : Done writing '/home/user/mscr-mom/현서/scripts/contact_scenarios/fea/matv2_mesh_STB750_phiN150_s100_v0001_b0_s100.inp'
  [STB750_phiN150_s100_v0001_b0] [실패] (1205.8s)
[STB750_phiN150_s100_v0001_b0] 완료: 0/1 성공
