[LM37p5_phiN30_b0 1/10] L_M=37.5, phi=-30.0, beta=0.0, s=10.0mm, push_depth=0.1mm ...
Info    : Meshing 1D...
Info    : [  0%] Meshing curve 1 (BSpline)
Info    : [ 10%] Meshing curve 2 (Ellipse)
Info    : [ 20%] Meshing curve 3 (Ellipse)
Info    : [ 30%] Meshing curve 4 (BSpline)
Info    : [ 40%] Meshing curve 5 (BSpline)
Info    : [ 50%] Meshing curve 6 (BSpline)
Info    : [ 60%] Meshing curve 7 (BSpline)
Info    : [ 60%] Meshing curve 8 (BSpline)
Info    : [ 70%] Meshing curve 9 (BSpline)
Info    : [ 90%] Meshing curve 11 (Circle)
Info    : Done meshing 1D (Wall 0.018769s, CPU 0.017666s)
Info    : Meshing 2D...
Info    : [  0%] Meshing surface 1 (Plane, Frontal-Delaunay)
Info    : [ 20%] Meshing surface 2 (Plane, Frontal-Delaunay)
Info    : [ 40%] Meshing surface 3 (BSpline surface, Frontal-Delaunay)
Info    : [ 60%] Meshing surface 4 (BSpline surface, Frontal-Delaunay)
Info    : [ 70%] Meshing surface 5 (Plane, Frontal-Delaunay)
Info    : [ 90%] Meshing surface 6 (Sphere, Frontal-Delaunay)
Info    : Done meshing 2D (Wall 0.765513s, CPU 0.759678s)
Info    : Meshing 3D...
Info    : 3D Meshing 2 volumes with 2 connected components
Info    : Tetrahedrizing 12500 nodes...
Info    : Done tetrahedrizing 12508 nodes (Wall 0.141838s, CPU 0.135852s)
Info    : Reconstructing mesh...
Info    :  - Creating surface mesh
Info    :  - Identifying boundary edges
Info    :  - Recovering boundary
Info    : Done reconstructing mesh (Wall 0.425369s, CPU 0.389262s)
Info    : Found volume 1
Info    : It. 0 - 0 nodes created - worst tet radius 1.0515 (nodes removed 0 0)
Info    : 3D refinement terminated (13158 nodes total):
Info    :  - 0 Delaunay cavities modified for star shapeness
Info    :  - 0 nodes could not be inserted
Info    :  - 41920 tetrahedra created in 0.0329459 sec. (1272389 tets/s)
Info    : 0 node relocations
Info    : Tetrahedrizing 131 nodes...
Info    : Done tetrahedrizing 139 nodes (Wall 0.00081628s, CPU 0.000817s)
Info    : Reconstructing mesh...
Info    :  - Creating surface mesh
Info    :  - Identifying boundary edges
Info    :  - Recovering boundary
Info    : Done reconstructing mesh (Wall 0.00209104s, CPU 0.002095s)
Info    : Found volume 2
Info    : It. 0 - 0 nodes created - worst tet radius 3.07515 (nodes removed 0 0)
Info    : 3D refinement terminated (12707 nodes total):
Info    :  - 0 Delaunay cavities modified for star shapeness
Info    :  - 0 nodes could not be inserted
Info    :  - 451 tetrahedra created in 0.00561381 sec. (80337 tets/s)
Info    : 0 node relocations
Info    : Done meshing 3D (Wall 0.820831s, CPU 0.783296s)
Info    : Optimizing mesh...
Info    : Optimizing volume 1
Info    : Optimization starts (volume = 235.63) with worst = 0.00314849 / average = 0.683031:
Info    : 0.00 < quality < 0.10 :       193 elements
Info    : 0.10 < quality < 0.20 :       414 elements
Info    : 0.20 < quality < 0.30 :       605 elements
Info    : 0.30 < quality < 0.40 :       671 elements
Info    : 0.40 < quality < 0.50 :      1146 elements
Info    : 0.50 < quality < 0.60 :      3935 elements
Info    : 0.60 < quality < 0.70 :     11745 elements
Info    : 0.70 < quality < 0.80 :     19665 elements
Info    : 0.80 < quality < 0.90 :      1957 elements
Info    : 0.90 < quality < 1.00 :      1589 elements
Info    : 1141 edge swaps, 17 node relocations (volume = 235.63): worst = 0.0681122 / average = 0.69894 (Wall 0.0161007s, CPU 0.016101s)
Info    : 1177 edge swaps, 17 node relocations (volume = 235.63): worst = 0.116459 / average = 0.699417 (Wall 0.0198096s, CPU 0.01981s)
Info    : 1182 edge swaps, 17 node relocations (volume = 235.63): worst = 0.148933 / average = 0.699456 (Wall 0.0228084s, CPU 0.022809s)
Info    : No ill-shaped tets in the mesh :-)
Info    : 0.00 < quality < 0.10 :         0 elements
Info    : 0.10 < quality < 0.20 :         6 elements
Info    : 0.20 < quality < 0.30 :        13 elements
Info    : 0.30 < quality < 0.40 :       528 elements
Info    : 0.40 < quality < 0.50 :      1020 elements
Info    : 0.50 < quality < 0.60 :      3925 elements
Info    : 0.60 < quality < 0.70 :     12184 elements
Info    : 0.70 < quality < 0.80 :     19446 elements
Info    : 0.80 < quality < 0.90 :      2121 elements
Info    : 0.90 < quality < 1.00 :      1594 elements
Info    : Optimizing volume 2
Info    : Optimization starts (volume = 0.25645) with worst = 0.156818 / average = 0.747933:
Info    : 0.00 < quality < 0.10 :         0 elements
Info    : 0.10 < quality < 0.20 :         3 elements
Info    : 0.20 < quality < 0.30 :         1 elements
Info    : 0.30 < quality < 0.40 :        11 elements
Info    : 0.40 < quality < 0.50 :         7 elements
Info    : 0.50 < quality < 0.60 :        13 elements
Info    : 0.60 < quality < 0.70 :        76 elements
Info    : 0.70 < quality < 0.80 :       198 elements
Info    : 0.80 < quality < 0.90 :       108 elements
Info    : 0.90 < quality < 1.00 :        34 elements
Info    : 4 edge swaps, 0 node relocations (volume = 0.25645): worst = 0.306679 / average = 0.754082 (Wall 0.000110369s, CPU 0.000114s)
Info    : No ill-shaped tets in the mesh :-)
Info    : 0.00 < quality < 0.10 :         0 elements
Info    : 0.10 < quality < 0.20 :         0 elements
Info    : 0.20 < quality < 0.30 :         0 elements
Info    : 0.30 < quality < 0.40 :        11 elements
Info    : 0.40 < quality < 0.50 :         7 elements
Info    : 0.50 < quality < 0.60 :        10 elements
Info    : 0.60 < quality < 0.70 :        78 elements
Info    : 0.70 < quality < 0.80 :       197 elements
Info    : 0.80 < quality < 0.90 :       110 elements
Info    : 0.90 < quality < 1.00 :        34 elements
Info    : Done optimizing mesh (Wall 0.0588046s, CPU 0.058803s)
Info    : 13553 nodes 67776 elements
Info    : Meshing order 2 (curvilinear on)...
Info    : [  0%] Meshing curve 1 order 2
Info    : [ 10%] Meshing curve 2 order 2
Info    : [ 20%] Meshing curve 3 order 2
Info    : [ 20%] Meshing curve 4 order 2
Info    : [ 30%] Meshing curve 5 order 2
Info    : [ 30%] Meshing curve 6 order 2
Info    : [ 40%] Meshing curve 7 order 2
Info    : [ 40%] Meshing curve 8 order 2
Info    : [ 50%] Meshing curve 9 order 2
Info    : [ 50%] Meshing curve 10 order 2
Info    : [ 60%] Meshing curve 11 order 2
Info    : [ 60%] Meshing curve 12 order 2
Info    : [ 70%] Meshing surface 1 order 2
Info    : [ 70%] Meshing surface 2 order 2
Info    : [ 80%] Meshing surface 3 order 2
Info    : [ 80%] Meshing surface 4 order 2
Info    : [ 90%] Meshing surface 5 order 2
Info    : [ 90%] Meshing surface 6 order 2
Info    : [100%] Meshing volume 1 order 2
Info    : [100%] Meshing volume 2 order 2
Info    : Surface mesh: worst distortion = 0.797589 (0 elements in ]0, 0.2]); worst gamma = 0.685438
Info    : Volume mesh: worst distortion = 0.260806 (0 elements in ]0, 0.2])
Info    : Done meshing order 2 (Wall 14.8547s, CPU 14.8035s)
Info    : Writing '/home/user/mscr-mom/현서/scripts/contact_scenarios/fea/matv2_mesh_LM37p5_phiN30_b0_s10.inp'...
Info    : Done writing '/home/user/mscr-mom/현서/scripts/contact_scenarios/fea/matv2_mesh_LM37p5_phiN30_b0_s10.inp'
  [LM37p5_phiN30_b0] F_mag=0.1364mN  (258.8s)
[LM37p5_phiN30_b0 2/10] L_M=37.5, phi=-30.0, beta=0.0, s=20.0mm, push_depth=0.1mm ...
Info    : Meshing 1D...
Info    : [  0%] Meshing curve 1 (BSpline)
Info    : [ 10%] Meshing curve 2 (Ellipse)
Info    : [ 20%] Meshing curve 3 (Ellipse)
Info    : [ 30%] Meshing curve 4 (BSpline)
Info    : [ 40%] Meshing curve 5 (BSpline)
Info    : [ 50%] Meshing curve 6 (BSpline)
Info    : [ 60%] Meshing curve 7 (BSpline)
Info    : [ 60%] Meshing curve 8 (BSpline)
Info    : [ 70%] Meshing curve 9 (BSpline)
Info    : [ 90%] Meshing curve 11 (Circle)
Info    : Done meshing 1D (Wall 0.0328371s, CPU 0.031838s)
Info    : Meshing 2D...
Info    : [  0%] Meshing surface 1 (Plane, Frontal-Delaunay)
Info    : [ 20%] Meshing surface 2 (Plane, Frontal-Delaunay)
Info    : [ 40%] Meshing surface 3 (BSpline surface, Frontal-Delaunay)
Info    : [ 60%] Meshing surface 4 (BSpline surface, Frontal-Delaunay)
Info    : [ 70%] Meshing surface 5 (Plane, Frontal-Delaunay)
Info    : [ 90%] Meshing surface 6 (Sphere, Frontal-Delaunay)
Info    : Done meshing 2D (Wall 0.970279s, CPU 0.936644s)
Info    : Meshing 3D...
Info    : 3D Meshing 2 volumes with 2 connected components
Info    : Tetrahedrizing 12500 nodes...
Info    : Done tetrahedrizing 12508 nodes (Wall 0.144409s, CPU 0.139213s)
Info    : Reconstructing mesh...
Info    :  - Creating surface mesh
Info    :  - Identifying boundary edges
Info    :  - Recovering boundary
Info    : Done reconstructing mesh (Wall 0.402742s, CPU 0.388541s)
Info    : Found volume 1
Info    : It. 0 - 0 nodes created - worst tet radius 1.0515 (nodes removed 0 0)
Info    : 3D refinement terminated (13158 nodes total):
Info    :  - 0 Delaunay cavities modified for star shapeness
Info    :  - 0 nodes could not be inserted
Info    :  - 41920 tetrahedra created in 0.0293473 sec. (1428411 tets/s)
Info    : 0 node relocations
Info    : Tetrahedrizing 131 nodes...
Info    : Done tetrahedrizing 139 nodes (Wall 0.000767163s, CPU 0.000767s)
Info    : Reconstructing mesh...
Info    :  - Creating surface mesh
Info    :  - Identifying boundary edges
Info    :  - Recovering boundary
Info    : Done reconstructing mesh (Wall 0.00181279s, CPU 0.001819s)
Info    : Found volume 2
Info    : It. 0 - 0 nodes created - worst tet radius 3.07938 (nodes removed 0 0)
Info    : 3D refinement terminated (12711 nodes total):
Info    :  - 0 Delaunay cavities modified for star shapeness
Info    :  - 0 nodes could not be inserted
Info    :  - 482 tetrahedra created in 0.00432823 sec. (111361 tets/s)
Info    : 0 node relocations
Info    : Done meshing 3D (Wall 0.731591s, CPU 0.717363s)
Info    : Optimizing mesh...
Info    : Optimizing volume 1
Info    : Optimization starts (volume = 235.63) with worst = 0.00314849 / average = 0.683031:
Info    : 0.00 < quality < 0.10 :       193 elements
Info    : 0.10 < quality < 0.20 :       414 elements
Info    : 0.20 < quality < 0.30 :       605 elements
Info    : 0.30 < quality < 0.40 :       671 elements
Info    : 0.40 < quality < 0.50 :      1146 elements
Info    : 0.50 < quality < 0.60 :      3935 elements
Info    : 0.60 < quality < 0.70 :     11745 elements
Info    : 0.70 < quality < 0.80 :     19665 elements
Info    : 0.80 < quality < 0.90 :      1957 elements
Info    : 0.90 < quality < 1.00 :      1589 elements
Info    : 1141 edge swaps, 17 node relocations (volume = 235.63): worst = 0.0681122 / average = 0.69894 (Wall 0.0175255s, CPU 0.017525s)
Info    : 1177 edge swaps, 17 node relocations (volume = 235.63): worst = 0.116459 / average = 0.699417 (Wall 0.021479s, CPU 0.02148s)
Info    : 1182 edge swaps, 17 node relocations (volume = 235.63): worst = 0.148933 / average = 0.699456 (Wall 0.0245649s, CPU 0.024567s)
Info    : No ill-shaped tets in the mesh :-)
Info    : 0.00 < quality < 0.10 :         0 elements
Info    : 0.10 < quality < 0.20 :         6 elements
Info    : 0.20 < quality < 0.30 :        13 elements
Info    : 0.30 < quality < 0.40 :       528 elements
Info    : 0.40 < quality < 0.50 :      1020 elements
Info    : 0.50 < quality < 0.60 :      3925 elements
Info    : 0.60 < quality < 0.70 :     12184 elements
Info    : 0.70 < quality < 0.80 :     19446 elements
Info    : 0.80 < quality < 0.90 :      2121 elements
Info    : 0.90 < quality < 1.00 :      1594 elements
Info    : Optimizing volume 2
Info    : Optimization starts (volume = 0.256422) with worst = 0.0624585 / average = 0.75339:
Info    : 0.00 < quality < 0.10 :         1 elements
Info    : 0.10 < quality < 0.20 :         1 elements
Info    : 0.20 < quality < 0.30 :         4 elements
Info    : 0.30 < quality < 0.40 :         8 elements
Info    : 0.40 < quality < 0.50 :         8 elements
Info    : 0.50 < quality < 0.60 :        20 elements
Info    : 0.60 < quality < 0.70 :        77 elements
Info    : 0.70 < quality < 0.80 :       188 elements
Info    : 0.80 < quality < 0.90 :       134 elements
Info    : 0.90 < quality < 1.00 :        41 elements
Info    : 6 edge swaps, 0 node relocations (volume = 0.256422): worst = 0.301484 / average = 0.762273 (Wall 0.000114215s, CPU 0.000119s)
Info    : No ill-shaped tets in the mesh :-)
Info    : 0.00 < quality < 0.10 :         0 elements
Info    : 0.10 < quality < 0.20 :         0 elements
Info    : 0.20 < quality < 0.30 :         0 elements
Info    : 0.30 < quality < 0.40 :         8 elements
Info    : 0.40 < quality < 0.50 :         7 elements
Info    : 0.50 < quality < 0.60 :        17 elements
Info    : 0.60 < quality < 0.70 :        76 elements
Info    : 0.70 < quality < 0.80 :       192 elements
Info    : 0.80 < quality < 0.90 :       135 elements
Info    : 0.90 < quality < 1.00 :        41 elements
Info    : Done optimizing mesh (Wall 0.0547231s, CPU 0.054714s)
Info    : 13557 nodes 67805 elements
Info    : Meshing order 2 (curvilinear on)...
Info    : [  0%] Meshing curve 1 order 2
Info    : [ 10%] Meshing curve 2 order 2
Info    : [ 20%] Meshing curve 3 order 2
Info    : [ 20%] Meshing curve 4 order 2
Info    : [ 30%] Meshing curve 5 order 2
Info    : [ 30%] Meshing curve 6 order 2
Info    : [ 40%] Meshing curve 7 order 2
Info    : [ 40%] Meshing curve 8 order 2
Info    : [ 50%] Meshing curve 9 order 2
Info    : [ 50%] Meshing curve 10 order 2
Info    : [ 60%] Meshing curve 11 order 2
Info    : [ 60%] Meshing curve 12 order 2
Info    : [ 70%] Meshing surface 1 order 2
Info    : [ 70%] Meshing surface 2 order 2
Info    : [ 80%] Meshing surface 3 order 2
Info    : [ 80%] Meshing surface 4 order 2
Info    : [ 90%] Meshing surface 5 order 2
Info    : [ 90%] Meshing surface 6 order 2
Info    : [100%] Meshing volume 1 order 2
Info    : [100%] Meshing volume 2 order 2
Info    : Surface mesh: worst distortion = 0.797589 (0 elements in ]0, 0.2]); worst gamma = 0.685438
Info    : Volume mesh: worst distortion = 0.260806 (0 elements in ]0, 0.2])
Info    : Done meshing order 2 (Wall 15.6485s, CPU 15.645s)
Info    : Writing '/home/user/mscr-mom/현서/scripts/contact_scenarios/fea/matv2_mesh_LM37p5_phiN30_b0_s20.inp'...
Info    : Done writing '/home/user/mscr-mom/현서/scripts/contact_scenarios/fea/matv2_mesh_LM37p5_phiN30_b0_s20.inp'
