[DEPTH750_phi00_d50_b0 1/4] L_M=75.0, phi=0.0, beta=0.0, s=40.0mm, push_depth=0.05mm ...
Info    : Meshing 1D...
Info    : [  0%] Meshing curve 1 (BSpline)
Info    : [ 10%] Meshing curve 2 (Ellipse)
Info    : [ 20%] Meshing curve 3 (Ellipse)
Info    : [ 30%] Meshing curve 4 (BSpline)
Info    : [ 40%] Meshing curve 5 (BSpline)
Info    : [ 50%] Meshing curve 6 (BSpline)
Info    : [ 60%] Meshing curve 7 (BSpline)
Info    : [ 60%] Meshing curve 8 (BSpline)
Info    : [ 70%] Meshing curve 9 (BSpline)
Info    : [ 90%] Meshing curve 11 (Circle)
Info    : Done meshing 1D (Wall 0.00614851s, CPU 0.006118s)
Info    : Meshing 2D...
Info    : [  0%] Meshing surface 1 (Plane, Frontal-Delaunay)
Info    : [ 20%] Meshing surface 2 (Plane, Frontal-Delaunay)
Info    : [ 40%] Meshing surface 3 (BSpline surface, Frontal-Delaunay)
Info    : [ 60%] Meshing surface 4 (BSpline surface, Frontal-Delaunay)
Info    : [ 70%] Meshing surface 5 (Plane, Frontal-Delaunay)
Info    : [ 90%] Meshing surface 6 (Sphere, Frontal-Delaunay)
Info    : Done meshing 2D (Wall 0.482775s, CPU 0.478707s)
Info    : Meshing 3D...
Info    : 3D Meshing 2 volumes with 2 connected components
Info    : Tetrahedrizing 12314 nodes...
Info    : Done tetrahedrizing 12322 nodes (Wall 0.167659s, CPU 0.157621s)
Info    : Reconstructing mesh...
Info    :  - Creating surface mesh
Info    :  - Identifying boundary edges
Info    :  - Recovering boundary
Info    : Done reconstructing mesh (Wall 0.402666s, CPU 0.37163s)
Info    : Found volume 1
Info    : It. 0 - 0 nodes created - worst tet radius 1.05155 (nodes removed 0 0)
Info    : It. 500 - 500 nodes created - worst tet radius 1.0125 (nodes removed 0 0)
Info    : It. 1000 - 1000 nodes created - worst tet radius 1.00085 (nodes removed 0 0)
Info    : 3D refinement terminated (13596 nodes total):
Info    :  - 0 Delaunay cavities modified for star shapeness
Info    :  - 0 nodes could not be inserted
Info    :  - 45878 tetrahedra created in 0.0513487 sec. (893459 tets/s)
Info    : 0 node relocations
Info    : Tetrahedrizing 132 nodes...
Info    : Done tetrahedrizing 140 nodes (Wall 0.000714336s, CPU 0.000715s)
Info    : Reconstructing mesh...
Info    :  - Creating surface mesh
Info    :  - Identifying boundary edges
Info    :  - Recovering boundary
Info    : Done reconstructing mesh (Wall 0.0020428s, CPU 0.002022s)
Info    : Found volume 2
Info    : It. 0 - 0 nodes created - worst tet radius 3.14378 (nodes removed 0 0)
Info    : 3D refinement terminated (12532 nodes total):
Info    :  - 0 Delaunay cavities modified for star shapeness
Info    :  - 0 nodes could not be inserted
Info    :  - 540 tetrahedra created in 0.00421949 sec. (127977 tets/s)
Info    : 0 node relocations
Info    : Done meshing 3D (Wall 0.71766s, CPU 0.685567s)
Info    : Optimizing mesh...
Info    : Optimizing volume 1
Info    : Optimization starts (volume = 235.5) with worst = 0.000186159 / average = 0.691846:
Info    : 0.00 < quality < 0.10 :       367 elements
Info    : 0.10 < quality < 0.20 :       206 elements
Info    : 0.20 < quality < 0.30 :       917 elements
Info    : 0.30 < quality < 0.40 :      1127 elements
Info    : 0.40 < quality < 0.50 :      1826 elements
Info    : 0.50 < quality < 0.60 :      3216 elements
Info    : 0.60 < quality < 0.70 :     12915 elements
Info    : 0.70 < quality < 0.80 :     17186 elements
Info    : 0.80 < quality < 0.90 :      4383 elements
Info    : 0.90 < quality < 1.00 :      3735 elements
Info    : 1437 edge swaps, 19 node relocations (volume = 235.5): worst = 0.0666747 / average = 0.71048 (Wall 0.0186266s, CPU 0.018625s)
Info    : 1482 edge swaps, 20 node relocations (volume = 235.5): worst = 0.171388 / average = 0.711029 (Wall 0.0227788s, CPU 0.022778s)
Info    : 1487 edge swaps, 20 node relocations (volume = 235.5): worst = 0.246034 / average = 0.711106 (Wall 0.0275443s, CPU 0.027542s)
Info    : No ill-shaped tets in the mesh :-)
Info    : 0.00 < quality < 0.10 :         0 elements
Info    : 0.10 < quality < 0.20 :         0 elements
Info    : 0.20 < quality < 0.30 :         3 elements
Info    : 0.30 < quality < 0.40 :       926 elements
Info    : 0.40 < quality < 0.50 :      1444 elements
Info    : 0.50 < quality < 0.60 :      3703 elements
Info    : 0.60 < quality < 0.70 :     13191 elements
Info    : 0.70 < quality < 0.80 :     16532 elements
Info    : 0.80 < quality < 0.90 :      4924 elements
Info    : 0.90 < quality < 1.00 :      3741 elements
Info    : Optimizing volume 2
Info    : Optimization starts (volume = 0.256468) with worst = 0.156939 / average = 0.745685:
Info    : 0.00 < quality < 0.10 :         0 elements
Info    : 0.10 < quality < 0.20 :         4 elements
Info    : 0.20 < quality < 0.30 :         9 elements
Info    : 0.30 < quality < 0.40 :        15 elements
Info    : 0.40 < quality < 0.50 :        18 elements
Info    : 0.50 < quality < 0.60 :        26 elements
Info    : 0.60 < quality < 0.70 :        70 elements
Info    : 0.70 < quality < 0.80 :       174 elements
Info    : 0.80 < quality < 0.90 :       164 elements
Info    : 0.90 < quality < 1.00 :        60 elements
Info    : 13 edge swaps, 1 node relocations (volume = 0.256468): worst = 0.275941 / average = 0.761387 (Wall 0.000165054s, CPU 0.000169s)
Info    : 14 edge swaps, 1 node relocations (volume = 0.256468): worst = 0.300101 / average = 0.762626 (Wall 0.000208209s, CPU 0.000213s)
Info    : No ill-shaped tets in the mesh :-)
Info    : 0.00 < quality < 0.10 :         0 elements
Info    : 0.10 < quality < 0.20 :         0 elements
Info    : 0.20 < quality < 0.30 :         0 elements
Info    : 0.30 < quality < 0.40 :        15 elements
Info    : 0.40 < quality < 0.50 :        14 elements
Info    : 0.50 < quality < 0.60 :        24 elements
Info    : 0.60 < quality < 0.70 :        69 elements
Info    : 0.70 < quality < 0.80 :       179 elements
Info    : 0.80 < quality < 0.90 :       164 elements
Info    : 0.90 < quality < 1.00 :        62 elements
Info    : Done optimizing mesh (Wall 0.0618643s, CPU 0.060888s)
Info    : 14001 nodes 71110 elements
Info    : Meshing order 2 (curvilinear on)...
Info    : [  0%] Meshing curve 1 order 2
Info    : [ 10%] Meshing curve 2 order 2
Info    : [ 20%] Meshing curve 3 order 2
Info    : [ 20%] Meshing curve 4 order 2
Info    : [ 30%] Meshing curve 5 order 2
Info    : [ 30%] Meshing curve 6 order 2
Info    : [ 40%] Meshing curve 7 order 2
Info    : [ 40%] Meshing curve 8 order 2
Info    : [ 50%] Meshing curve 9 order 2
Info    : [ 50%] Meshing curve 10 order 2
Info    : [ 60%] Meshing curve 11 order 2
Info    : [ 60%] Meshing curve 12 order 2
Info    : [ 70%] Meshing surface 1 order 2
Info    : [ 70%] Meshing surface 2 order 2
Info    : [ 80%] Meshing surface 3 order 2
Info    : [ 80%] Meshing surface 4 order 2
Info    : [ 90%] Meshing surface 5 order 2
Info    : [ 90%] Meshing surface 6 order 2
Info    : [100%] Meshing volume 1 order 2
Info    : [100%] Meshing volume 2 order 2
Info    : Surface mesh: worst distortion = 0.797589 (0 elements in ]0, 0.2]); worst gamma = 0.499267
Info    : Volume mesh: worst distortion = 0.243307 (0 elements in ]0, 0.2])
Info    : Done meshing order 2 (Wall 2.64326s, CPU 2.64276s)
Info    : Writing '/home/user/mscr-mom/현서/scripts/contact_scenarios/fea/matv2_mesh_DEPTH750_phi00_d50_b0_s40.inp'...
Info    : Done writing '/home/user/mscr-mom/현서/scripts/contact_scenarios/fea/matv2_mesh_DEPTH750_phi00_d50_b0_s40.inp'
  [DEPTH750_phi00_d50_b0] F_mag=0.0010mN  (1239.8s)
[DEPTH750_phi00_d50_b0 2/4] L_M=75.0, phi=0.0, beta=0.0, s=65.0mm, push_depth=0.05mm ...
Info    : Meshing 1D...
Info    : [  0%] Meshing curve 1 (BSpline)
Info    : [ 10%] Meshing curve 2 (Ellipse)
Info    : [ 20%] Meshing curve 3 (Ellipse)
Info    : [ 30%] Meshing curve 4 (BSpline)
Info    : [ 40%] Meshing curve 5 (BSpline)
Info    : [ 50%] Meshing curve 6 (BSpline)
Info    : [ 60%] Meshing curve 7 (BSpline)
Info    : [ 60%] Meshing curve 8 (BSpline)
Info    : [ 70%] Meshing curve 9 (BSpline)
Info    : [ 90%] Meshing curve 11 (Circle)
Info    : Done meshing 1D (Wall 0.00611133s, CPU 0.006101s)
Info    : Meshing 2D...
Info    : [  0%] Meshing surface 1 (Plane, Frontal-Delaunay)
Info    : [ 20%] Meshing surface 2 (Plane, Frontal-Delaunay)
Info    : [ 40%] Meshing surface 3 (BSpline surface, Frontal-Delaunay)
Info    : [ 60%] Meshing surface 4 (BSpline surface, Frontal-Delaunay)
Info    : [ 70%] Meshing surface 5 (Plane, Frontal-Delaunay)
Info    : [ 90%] Meshing surface 6 (Sphere, Frontal-Delaunay)
Info    : Done meshing 2D (Wall 0.528844s, CPU 0.52718s)
Info    : Meshing 3D...
Info    : 3D Meshing 2 volumes with 2 connected components
Info    : Tetrahedrizing 12314 nodes...
Info    : Done tetrahedrizing 12322 nodes (Wall 0.165881s, CPU 0.160876s)
Info    : Reconstructing mesh...
Info    :  - Creating surface mesh
Info    :  - Identifying boundary edges
Info    :  - Recovering boundary
Info    : Done reconstructing mesh (Wall 0.382839s, CPU 0.377806s)
Info    : Found volume 1
Info    : It. 0 - 0 nodes created - worst tet radius 1.05155 (nodes removed 0 0)
Info    : It. 500 - 500 nodes created - worst tet radius 1.0125 (nodes removed 0 0)
Info    : It. 1000 - 1000 nodes created - worst tet radius 1.00085 (nodes removed 0 0)
Info    : 3D refinement terminated (13596 nodes total):
Info    :  - 0 Delaunay cavities modified for star shapeness
Info    :  - 0 nodes could not be inserted
Info    :  - 45878 tetrahedra created in 0.049574 sec. (925443 tets/s)
Info    : 0 node relocations
Info    : Tetrahedrizing 132 nodes...
Info    : Done tetrahedrizing 140 nodes (Wall 0.000716819s, CPU 0.000717s)
Info    : Reconstructing mesh...
Info    :  - Creating surface mesh
Info    :  - Identifying boundary edges
Info    :  - Recovering boundary
Info    : Done reconstructing mesh (Wall 0.00199651s, CPU 0.001991s)
Info    : Found volume 2
Info    : It. 0 - 0 nodes created - worst tet radius 3.14378 (nodes removed 0 0)
Info    : 3D refinement terminated (12532 nodes total):
Info    :  - 0 Delaunay cavities modified for star shapeness
Info    :  - 0 nodes could not be inserted
Info    :  - 540 tetrahedra created in 0.00343639 sec. (157141 tets/s)
Info    : 0 node relocations
Info    : Done meshing 3D (Wall 0.686869s, CPU 0.681804s)
Info    : Optimizing mesh...
Info    : Optimizing volume 1
Info    : Optimization starts (volume = 235.5) with worst = 0.000186159 / average = 0.691846:
Info    : 0.00 < quality < 0.10 :       367 elements
Info    : 0.10 < quality < 0.20 :       206 elements
Info    : 0.20 < quality < 0.30 :       917 elements
Info    : 0.30 < quality < 0.40 :      1127 elements
Info    : 0.40 < quality < 0.50 :      1826 elements
Info    : 0.50 < quality < 0.60 :      3216 elements
Info    : 0.60 < quality < 0.70 :     12915 elements
Info    : 0.70 < quality < 0.80 :     17186 elements
Info    : 0.80 < quality < 0.90 :      4383 elements
Info    : 0.90 < quality < 1.00 :      3735 elements
Info    : 1437 edge swaps, 19 node relocations (volume = 235.5): worst = 0.0666747 / average = 0.71048 (Wall 0.0178717s, CPU 0.017827s)
Info    : 1482 edge swaps, 20 node relocations (volume = 235.5): worst = 0.171388 / average = 0.711029 (Wall 0.0211977s, CPU 0.021154s)
Info    : 1487 edge swaps, 20 node relocations (volume = 235.5): worst = 0.246034 / average = 0.711106 (Wall 0.0237189s, CPU 0.023676s)
Info    : No ill-shaped tets in the mesh :-)
Info    : 0.00 < quality < 0.10 :         0 elements
Info    : 0.10 < quality < 0.20 :         0 elements
Info    : 0.20 < quality < 0.30 :         3 elements
Info    : 0.30 < quality < 0.40 :       926 elements
Info    : 0.40 < quality < 0.50 :      1444 elements
Info    : 0.50 < quality < 0.60 :      3703 elements
Info    : 0.60 < quality < 0.70 :     13191 elements
Info    : 0.70 < quality < 0.80 :     16532 elements
Info    : 0.80 < quality < 0.90 :      4924 elements
Info    : 0.90 < quality < 1.00 :      3741 elements
Info    : Optimizing volume 2
Info    : Optimization starts (volume = 0.256468) with worst = 0.156939 / average = 0.745685:
Info    : 0.00 < quality < 0.10 :         0 elements
Info    : 0.10 < quality < 0.20 :         4 elements
Info    : 0.20 < quality < 0.30 :         9 elements
Info    : 0.30 < quality < 0.40 :        15 elements
Info    : 0.40 < quality < 0.50 :        18 elements
Info    : 0.50 < quality < 0.60 :        26 elements
Info    : 0.60 < quality < 0.70 :        70 elements
Info    : 0.70 < quality < 0.80 :       174 elements
Info    : 0.80 < quality < 0.90 :       164 elements
Info    : 0.90 < quality < 1.00 :        60 elements
Info    : 13 edge swaps, 1 node relocations (volume = 0.256468): worst = 0.275941 / average = 0.761387 (Wall 0.000164921s, CPU 0.000167s)
Info    : 14 edge swaps, 1 node relocations (volume = 0.256468): worst = 0.300101 / average = 0.762626 (Wall 0.000206885s, CPU 0.000209s)
Info    : No ill-shaped tets in the mesh :-)
Info    : 0.00 < quality < 0.10 :         0 elements
Info    : 0.10 < quality < 0.20 :         0 elements
Info    : 0.20 < quality < 0.30 :         0 elements
Info    : 0.30 < quality < 0.40 :        15 elements
Info    : 0.40 < quality < 0.50 :        14 elements
Info    : 0.50 < quality < 0.60 :        24 elements
Info    : 0.60 < quality < 0.70 :        69 elements
Info    : 0.70 < quality < 0.80 :       179 elements
Info    : 0.80 < quality < 0.90 :       164 elements
Info    : 0.90 < quality < 1.00 :        62 elements
Info    : Done optimizing mesh (Wall 0.0512921s, CPU 0.050249s)
Info    : 14001 nodes 71110 elements
Info    : Meshing order 2 (curvilinear on)...
Info    : [  0%] Meshing curve 1 order 2
Info    : [ 10%] Meshing curve 2 order 2
Info    : [ 20%] Meshing curve 3 order 2
Info    : [ 20%] Meshing curve 4 order 2
Info    : [ 30%] Meshing curve 5 order 2
Info    : [ 30%] Meshing curve 6 order 2
Info    : [ 40%] Meshing curve 7 order 2
Info    : [ 40%] Meshing curve 8 order 2
Info    : [ 50%] Meshing curve 9 order 2
Info    : [ 50%] Meshing curve 10 order 2
Info    : [ 60%] Meshing curve 11 order 2
Info    : [ 60%] Meshing curve 12 order 2
Info    : [ 70%] Meshing surface 1 order 2
Info    : [ 70%] Meshing surface 2 order 2
Info    : [ 80%] Meshing surface 3 order 2
Info    : [ 80%] Meshing surface 4 order 2
Info    : [ 90%] Meshing surface 5 order 2
Info    : [ 90%] Meshing surface 6 order 2
Info    : [100%] Meshing volume 1 order 2
Info    : [100%] Meshing volume 2 order 2
Info    : Surface mesh: worst distortion = 0.797589 (0 elements in ]0, 0.2]); worst gamma = 0.499267
Info    : Volume mesh: worst distortion = 0.243307 (0 elements in ]0, 0.2])
Info    : Done meshing order 2 (Wall 2.41015s, CPU 2.40932s)
Info    : Writing '/home/user/mscr-mom/현서/scripts/contact_scenarios/fea/matv2_mesh_DEPTH750_phi00_d50_b0_s65.inp'...
Info    : Done writing '/home/user/mscr-mom/현서/scripts/contact_scenarios/fea/matv2_mesh_DEPTH750_phi00_d50_b0_s65.inp'
  [DEPTH750_phi00_d50_b0] F_mag=0.0002mN  (160.0s)
[DEPTH750_phi00_d50_b0 3/4] L_M=75.0, phi=0.0, beta=0.0, s=70.0mm, push_depth=0.05mm ...
Info    : Meshing 1D...
Info    : [  0%] Meshing curve 1 (BSpline)
Info    : [ 10%] Meshing curve 2 (Ellipse)
Info    : [ 20%] Meshing curve 3 (Ellipse)
Info    : [ 30%] Meshing curve 4 (BSpline)
Info    : [ 40%] Meshing curve 5 (BSpline)
Info    : [ 50%] Meshing curve 6 (BSpline)
Info    : [ 60%] Meshing curve 7 (BSpline)
Info    : [ 60%] Meshing curve 8 (BSpline)
Info    : [ 70%] Meshing curve 9 (BSpline)
Info    : [ 90%] Meshing curve 11 (Circle)
Info    : Done meshing 1D (Wall 0.00628636s, CPU 0.006273s)
Info    : Meshing 2D...
Info    : [  0%] Meshing surface 1 (Plane, Frontal-Delaunay)
Info    : [ 20%] Meshing surface 2 (Plane, Frontal-Delaunay)
Info    : [ 40%] Meshing surface 3 (BSpline surface, Frontal-Delaunay)
Info    : [ 60%] Meshing surface 4 (BSpline surface, Frontal-Delaunay)
Info    : [ 70%] Meshing surface 5 (Plane, Frontal-Delaunay)
Info    : [ 90%] Meshing surface 6 (Sphere, Frontal-Delaunay)
Info    : Done meshing 2D (Wall 0.500378s, CPU 0.498902s)
Info    : Meshing 3D...
Info    : 3D Meshing 2 volumes with 2 connected components
Info    : Tetrahedrizing 12314 nodes...
Info    : Done tetrahedrizing 12322 nodes (Wall 0.166998s, CPU 0.163959s)
Info    : Reconstructing mesh...
Info    :  - Creating surface mesh
Info    :  - Identifying boundary edges
Info    :  - Recovering boundary
Info    : Done reconstructing mesh (Wall 0.390112s, CPU 0.386057s)
Info    : Found volume 1
Info    : It. 0 - 0 nodes created - worst tet radius 1.05155 (nodes removed 0 0)
Info    : It. 500 - 500 nodes created - worst tet radius 1.0125 (nodes removed 0 0)
Info    : It. 1000 - 1000 nodes created - worst tet radius 1.00085 (nodes removed 0 0)
Info    : 3D refinement terminated (13596 nodes total):
Info    :  - 0 Delaunay cavities modified for star shapeness
Info    :  - 0 nodes could not be inserted
Info    :  - 45878 tetrahedra created in 0.0454381 sec. (1009682 tets/s)
Info    : 0 node relocations
Info    : Tetrahedrizing 132 nodes...
Info    : Done tetrahedrizing 140 nodes (Wall 0.000745054s, CPU 0.000736s)
Info    : Reconstructing mesh...
Info    :  - Creating surface mesh
Info    :  - Identifying boundary edges
Info    :  - Recovering boundary
Info    : Done reconstructing mesh (Wall 0.0019461s, CPU 0.001941s)
Info    : Found volume 2
Info    : It. 0 - 0 nodes created - worst tet radius 3.14378 (nodes removed 0 0)
Info    : 3D refinement terminated (12532 nodes total):
Info    :  - 0 Delaunay cavities modified for star shapeness
Info    :  - 0 nodes could not be inserted
Info    :  - 540 tetrahedra created in 0.00303575 sec. (177880 tets/s)
Info    : 0 node relocations
Info    : Done meshing 3D (Wall 0.705187s, CPU 0.700574s)
Info    : Optimizing mesh...
Info    : Optimizing volume 1
Info    : Optimization starts (volume = 235.5) with worst = 0.000186159 / average = 0.691846:
Info    : 0.00 < quality < 0.10 :       367 elements
Info    : 0.10 < quality < 0.20 :       206 elements
Info    : 0.20 < quality < 0.30 :       917 elements
Info    : 0.30 < quality < 0.40 :      1127 elements
Info    : 0.40 < quality < 0.50 :      1826 elements
Info    : 0.50 < quality < 0.60 :      3216 elements
Info    : 0.60 < quality < 0.70 :     12915 elements
Info    : 0.70 < quality < 0.80 :     17186 elements
Info    : 0.80 < quality < 0.90 :      4383 elements
Info    : 0.90 < quality < 1.00 :      3735 elements
Info    : 1437 edge swaps, 19 node relocations (volume = 235.5): worst = 0.0666747 / average = 0.71048 (Wall 0.0169586s, CPU 0.016004s)
Info    : 1482 edge swaps, 20 node relocations (volume = 235.5): worst = 0.171388 / average = 0.711029 (Wall 0.0197796s, CPU 0.018828s)
Info    : 1487 edge swaps, 20 node relocations (volume = 235.5): worst = 0.246034 / average = 0.711106 (Wall 0.0220679s, CPU 0.021112s)
Info    : No ill-shaped tets in the mesh :-)
Info    : 0.00 < quality < 0.10 :         0 elements
Info    : 0.10 < quality < 0.20 :         0 elements
Info    : 0.20 < quality < 0.30 :         3 elements
Info    : 0.30 < quality < 0.40 :       926 elements
Info    : 0.40 < quality < 0.50 :      1444 elements
Info    : 0.50 < quality < 0.60 :      3703 elements
Info    : 0.60 < quality < 0.70 :     13191 elements
Info    : 0.70 < quality < 0.80 :     16532 elements
Info    : 0.80 < quality < 0.90 :      4924 elements
Info    : 0.90 < quality < 1.00 :      3741 elements
Info    : Optimizing volume 2
Info    : Optimization starts (volume = 0.256468) with worst = 0.156939 / average = 0.745685:
Info    : 0.00 < quality < 0.10 :         0 elements
Info    : 0.10 < quality < 0.20 :         4 elements
Info    : 0.20 < quality < 0.30 :         9 elements
Info    : 0.30 < quality < 0.40 :        15 elements
Info    : 0.40 < quality < 0.50 :        18 elements
Info    : 0.50 < quality < 0.60 :        26 elements
Info    : 0.60 < quality < 0.70 :        70 elements
Info    : 0.70 < quality < 0.80 :       174 elements
Info    : 0.80 < quality < 0.90 :       164 elements
Info    : 0.90 < quality < 1.00 :        60 elements
Info    : 13 edge swaps, 1 node relocations (volume = 0.256468): worst = 0.275941 / average = 0.761387 (Wall 0.00015753s, CPU 0.000151s)
Info    : 14 edge swaps, 1 node relocations (volume = 0.256468): worst = 0.300101 / average = 0.762626 (Wall 0.000200535s, CPU 0.000192s)
Info    : No ill-shaped tets in the mesh :-)
Info    : 0.00 < quality < 0.10 :         0 elements
Info    : 0.10 < quality < 0.20 :         0 elements
Info    : 0.20 < quality < 0.30 :         0 elements
Info    : 0.30 < quality < 0.40 :        15 elements
Info    : 0.40 < quality < 0.50 :        14 elements
Info    : 0.50 < quality < 0.60 :        24 elements
Info    : 0.60 < quality < 0.70 :        69 elements
Info    : 0.70 < quality < 0.80 :       179 elements
Info    : 0.80 < quality < 0.90 :       164 elements
Info    : 0.90 < quality < 1.00 :        62 elements
Info    : Done optimizing mesh (Wall 0.0510581s, CPU 0.050073s)
Info    : 14001 nodes 71110 elements
Info    : Meshing order 2 (curvilinear on)...
Info    : [  0%] Meshing curve 1 order 2
Info    : [ 10%] Meshing curve 2 order 2
Info    : [ 20%] Meshing curve 3 order 2
Info    : [ 20%] Meshing curve 4 order 2
Info    : [ 30%] Meshing curve 5 order 2
Info    : [ 30%] Meshing curve 6 order 2
Info    : [ 40%] Meshing curve 7 order 2
Info    : [ 40%] Meshing curve 8 order 2
Info    : [ 50%] Meshing curve 9 order 2
Info    : [ 50%] Meshing curve 10 order 2
Info    : [ 60%] Meshing curve 11 order 2
Info    : [ 60%] Meshing curve 12 order 2
Info    : [ 70%] Meshing surface 1 order 2
Info    : [ 70%] Meshing surface 2 order 2
Info    : [ 80%] Meshing surface 3 order 2
Info    : [ 80%] Meshing surface 4 order 2
Info    : [ 90%] Meshing surface 5 order 2
Info    : [ 90%] Meshing surface 6 order 2
Info    : [100%] Meshing volume 1 order 2
Info    : [100%] Meshing volume 2 order 2
Info    : Surface mesh: worst distortion = 0.797589 (0 elements in ]0, 0.2]); worst gamma = 0.499267
Info    : Volume mesh: worst distortion = 0.243307 (0 elements in ]0, 0.2])
Info    : Done meshing order 2 (Wall 2.40821s, CPU 2.40597s)
Info    : Writing '/home/user/mscr-mom/현서/scripts/contact_scenarios/fea/matv2_mesh_DEPTH750_phi00_d50_b0_s70.inp'...
Info    : Done writing '/home/user/mscr-mom/현서/scripts/contact_scenarios/fea/matv2_mesh_DEPTH750_phi00_d50_b0_s70.inp'
  [DEPTH750_phi00_d50_b0] F_mag=0.0002mN  (184.2s)
[DEPTH750_phi00_d50_b0 4/4] L_M=75.0, phi=0.0, beta=0.0, s=85.0mm, push_depth=0.05mm ...
Info    : Meshing 1D...
Info    : [  0%] Meshing curve 1 (BSpline)
Info    : [ 10%] Meshing curve 2 (Ellipse)
Info    : [ 20%] Meshing curve 3 (Ellipse)
Info    : [ 30%] Meshing curve 4 (BSpline)
Info    : [ 40%] Meshing curve 5 (BSpline)
Info    : [ 50%] Meshing curve 6 (BSpline)
Info    : [ 60%] Meshing curve 7 (BSpline)
Info    : [ 60%] Meshing curve 8 (BSpline)
Info    : [ 70%] Meshing curve 9 (BSpline)
Info    : [ 90%] Meshing curve 11 (Circle)
Info    : Done meshing 1D (Wall 0.00625002s, CPU 0.006241s)
Info    : Meshing 2D...
Info    : [  0%] Meshing surface 1 (Plane, Frontal-Delaunay)
Info    : [ 20%] Meshing surface 2 (Plane, Frontal-Delaunay)
Info    : [ 40%] Meshing surface 3 (BSpline surface, Frontal-Delaunay)
Info    : [ 60%] Meshing surface 4 (BSpline surface, Frontal-Delaunay)
Info    : [ 70%] Meshing surface 5 (Plane, Frontal-Delaunay)
Info    : [ 90%] Meshing surface 6 (Sphere, Frontal-Delaunay)
Info    : Done meshing 2D (Wall 0.516732s, CPU 0.516623s)
Info    : Meshing 3D...
Info    : 3D Meshing 2 volumes with 2 connected components
Info    : Tetrahedrizing 12314 nodes...
Info    : Done tetrahedrizing 12322 nodes (Wall 0.164373s, CPU 0.15834s)
Info    : Reconstructing mesh...
Info    :  - Creating surface mesh
Info    :  - Identifying boundary edges
Info    :  - Recovering boundary
Info    : Done reconstructing mesh (Wall 0.367006s, CPU 0.360961s)
Info    : Found volume 1
Info    : It. 0 - 0 nodes created - worst tet radius 1.05155 (nodes removed 0 0)
Info    : It. 500 - 500 nodes created - worst tet radius 1.0125 (nodes removed 0 0)
Info    : It. 1000 - 1000 nodes created - worst tet radius 1.00085 (nodes removed 0 0)
Info    : 3D refinement terminated (13596 nodes total):
Info    :  - 0 Delaunay cavities modified for star shapeness
Info    :  - 0 nodes could not be inserted
Info    :  - 45878 tetrahedra created in 0.0583281 sec. (786550 tets/s)
Info    : 0 node relocations
Info    : Tetrahedrizing 132 nodes...
Info    : Done tetrahedrizing 140 nodes (Wall 0.000746287s, CPU 0.000747s)
Info    : Reconstructing mesh...
Info    :  - Creating surface mesh
Info    :  - Identifying boundary edges
Info    :  - Recovering boundary
Info    : Done reconstructing mesh (Wall 0.00210741s, CPU 0.002111s)
Info    : Found volume 2
Info    : It. 0 - 0 nodes created - worst tet radius 3.14378 (nodes removed 0 0)
Info    : 3D refinement terminated (12532 nodes total):
Info    :  - 0 Delaunay cavities modified for star shapeness
Info    :  - 0 nodes could not be inserted
Info    :  - 540 tetrahedra created in 0.00434859 sec. (124178 tets/s)
Info    : 0 node relocations
Info    : Done meshing 3D (Wall 0.717252s, CPU 0.710593s)
Info    : Optimizing mesh...
Info    : Optimizing volume 1
Info    : Optimization starts (volume = 235.5) with worst = 0.000186159 / average = 0.691846:
Info    : 0.00 < quality < 0.10 :       367 elements
Info    : 0.10 < quality < 0.20 :       206 elements
Info    : 0.20 < quality < 0.30 :       917 elements
Info    : 0.30 < quality < 0.40 :      1127 elements
Info    : 0.40 < quality < 0.50 :      1826 elements
Info    : 0.50 < quality < 0.60 :      3216 elements
Info    : 0.60 < quality < 0.70 :     12915 elements
Info    : 0.70 < quality < 0.80 :     17186 elements
Info    : 0.80 < quality < 0.90 :      4383 elements
Info    : 0.90 < quality < 1.00 :      3735 elements
Info    : 1437 edge swaps, 19 node relocations (volume = 235.5): worst = 0.0666747 / average = 0.71048 (Wall 0.0191473s, CPU 0.019146s)
Info    : 1482 edge swaps, 20 node relocations (volume = 235.5): worst = 0.171388 / average = 0.711029 (Wall 0.0231608s, CPU 0.023157s)
Info    : 1487 edge swaps, 20 node relocations (volume = 235.5): worst = 0.246034 / average = 0.711106 (Wall 0.0278008s, CPU 0.027799s)
Info    : No ill-shaped tets in the mesh :-)
Info    : 0.00 < quality < 0.10 :         0 elements
Info    : 0.10 < quality < 0.20 :         0 elements
Info    : 0.20 < quality < 0.30 :         3 elements
Info    : 0.30 < quality < 0.40 :       926 elements
Info    : 0.40 < quality < 0.50 :      1444 elements
Info    : 0.50 < quality < 0.60 :      3703 elements
Info    : 0.60 < quality < 0.70 :     13191 elements
Info    : 0.70 < quality < 0.80 :     16532 elements
Info    : 0.80 < quality < 0.90 :      4924 elements
Info    : 0.90 < quality < 1.00 :      3741 elements
Info    : Optimizing volume 2
Info    : Optimization starts (volume = 0.256468) with worst = 0.156939 / average = 0.745685:
Info    : 0.00 < quality < 0.10 :         0 elements
Info    : 0.10 < quality < 0.20 :         4 elements
Info    : 0.20 < quality < 0.30 :         9 elements
Info    : 0.30 < quality < 0.40 :        15 elements
Info    : 0.40 < quality < 0.50 :        18 elements
Info    : 0.50 < quality < 0.60 :        26 elements
Info    : 0.60 < quality < 0.70 :        70 elements
Info    : 0.70 < quality < 0.80 :       174 elements
Info    : 0.80 < quality < 0.90 :       164 elements
Info    : 0.90 < quality < 1.00 :        60 elements
Info    : 13 edge swaps, 1 node relocations (volume = 0.256468): worst = 0.275941 / average = 0.761387 (Wall 0.00015776s, CPU 0.000162s)
Info    : 14 edge swaps, 1 node relocations (volume = 0.256468): worst = 0.300101 / average = 0.762626 (Wall 0.000201806s, CPU 0.000206s)
Info    : No ill-shaped tets in the mesh :-)
Info    : 0.00 < quality < 0.10 :         0 elements
Info    : 0.10 < quality < 0.20 :         0 elements
Info    : 0.20 < quality < 0.30 :         0 elements
Info    : 0.30 < quality < 0.40 :        15 elements
Info    : 0.40 < quality < 0.50 :        14 elements
Info    : 0.50 < quality < 0.60 :        24 elements
Info    : 0.60 < quality < 0.70 :        69 elements
Info    : 0.70 < quality < 0.80 :       179 elements
Info    : 0.80 < quality < 0.90 :       164 elements
Info    : 0.90 < quality < 1.00 :        62 elements
Info    : Done optimizing mesh (Wall 0.0609391s, CPU 0.060935s)
Info    : 14001 nodes 71110 elements
Info    : Meshing order 2 (curvilinear on)...
Info    : [  0%] Meshing curve 1 order 2
Info    : [ 10%] Meshing curve 2 order 2
Info    : [ 20%] Meshing curve 3 order 2
Info    : [ 20%] Meshing curve 4 order 2
Info    : [ 30%] Meshing curve 5 order 2
Info    : [ 30%] Meshing curve 6 order 2
Info    : [ 40%] Meshing curve 7 order 2
Info    : [ 40%] Meshing curve 8 order 2
Info    : [ 50%] Meshing curve 9 order 2
Info    : [ 50%] Meshing curve 10 order 2
Info    : [ 60%] Meshing curve 11 order 2
Info    : [ 60%] Meshing curve 12 order 2
Info    : [ 70%] Meshing surface 1 order 2
Info    : [ 70%] Meshing surface 2 order 2
Info    : [ 80%] Meshing surface 3 order 2
Info    : [ 80%] Meshing surface 4 order 2
Info    : [ 90%] Meshing surface 5 order 2
Info    : [ 90%] Meshing surface 6 order 2
Info    : [100%] Meshing volume 1 order 2
Info    : [100%] Meshing volume 2 order 2
Info    : Surface mesh: worst distortion = 0.797589 (0 elements in ]0, 0.2]); worst gamma = 0.499267
Info    : Volume mesh: worst distortion = 0.243307 (0 elements in ]0, 0.2])
Info    : Done meshing order 2 (Wall 2.64859s, CPU 2.64807s)
Info    : Writing '/home/user/mscr-mom/현서/scripts/contact_scenarios/fea/matv2_mesh_DEPTH750_phi00_d50_b0_s85.inp'...
Info    : Done writing '/home/user/mscr-mom/현서/scripts/contact_scenarios/fea/matv2_mesh_DEPTH750_phi00_d50_b0_s85.inp'
  [DEPTH750_phi00_d50_b0] F_mag=0.0001mN  (401.1s)
[DEPTH750_phi00_d50_b0] 완료: 4/4 성공
