[STB250_phiP90_s90_v002_b0 1/1] L_M=25.0, phi=90.0, beta=0.0, s=90.0mm, push_depth=0.1mm ...
Info    : Meshing 1D...
Info    : [  0%] Meshing curve 1 (BSpline)
Info    : [ 10%] Meshing curve 2 (Ellipse)
Info    : [ 20%] Meshing curve 3 (Ellipse)
Info    : [ 30%] Meshing curve 4 (BSpline)
Info    : [ 40%] Meshing curve 5 (BSpline)
Info    : [ 50%] Meshing curve 6 (BSpline)
Info    : [ 60%] Meshing curve 7 (BSpline)
Info    : [ 60%] Meshing curve 8 (BSpline)
Info    : [ 70%] Meshing curve 9 (BSpline)
Info    : [ 90%] Meshing curve 11 (Circle)
Info    : Done meshing 1D (Wall 0.0385505s, CPU 0.036625s)
Info    : Meshing 2D...
Info    : [  0%] Meshing surface 1 (Plane, Frontal-Delaunay)
Info    : [ 20%] Meshing surface 2 (Plane, Frontal-Delaunay)
Info    : [ 40%] Meshing surface 3 (BSpline surface, Frontal-Delaunay)
Info    : [ 60%] Meshing surface 4 (BSpline surface, Frontal-Delaunay)
Info    : [ 70%] Meshing surface 5 (Plane, Frontal-Delaunay)
Info    : [ 90%] Meshing surface 6 (Sphere, Frontal-Delaunay)
Info    : Done meshing 2D (Wall 1.192s, CPU 1.18508s)
Info    : Meshing 3D...
Info    : 3D Meshing 2 volumes with 2 connected components
Info    : Tetrahedrizing 12513 nodes...
Info    : Done tetrahedrizing 12521 nodes (Wall 0.198232s, CPU 0.185962s)
Info    : Reconstructing mesh...
Info    :  - Creating surface mesh
Info    :  - Identifying boundary edges
Info    :  - Recovering boundary
Info    : Done reconstructing mesh (Wall 0.575129s, CPU 0.541558s)
Info    : Found volume 1
Info    : It. 0 - 0 nodes created - worst tet radius 1.06023 (nodes removed 0 0)
Info    : 3D refinement terminated (13117 nodes total):
Info    :  - 0 Delaunay cavities modified for star shapeness
Info    :  - 0 nodes could not be inserted
Info    :  - 41670 tetrahedra created in 0.0502042 sec. (830010 tets/s)
Info    : 0 node relocations
Info    : Tetrahedrizing 130 nodes...
Info    : Done tetrahedrizing 138 nodes (Wall 0.000853075s, CPU 0.000855s)
Info    : Reconstructing mesh...
Info    :  - Creating surface mesh
Info    :  - Identifying boundary edges
Info    :  - Recovering boundary
Info    : Done reconstructing mesh (Wall 0.00211665s, CPU 0.002114s)
Info    : Found volume 2
Info    : It. 0 - 0 nodes created - worst tet radius 3.03041 (nodes removed 0 0)
Info    : 3D refinement terminated (12724 nodes total):
Info    :  - 0 Delaunay cavities modified for star shapeness
Info    :  - 0 nodes could not be inserted
Info    :  - 492 tetrahedra created in 0.00773417 sec. (63613 tets/s)
Info    : 0 node relocations
Info    : Done meshing 3D (Wall 1.0944s, CPU 1.05965s)
Info    : Optimizing mesh...
Info    : Optimizing volume 1
Info    : Optimization starts (volume = 235.629) with worst = 0.00348148 / average = 0.680365:
Info    : 0.00 < quality < 0.10 :       206 elements
Info    : 0.10 < quality < 0.20 :       380 elements
Info    : 0.20 < quality < 0.30 :       635 elements
Info    : 0.30 < quality < 0.40 :       987 elements
Info    : 0.40 < quality < 0.50 :      1491 elements
Info    : 0.50 < quality < 0.60 :      3518 elements
Info    : 0.60 < quality < 0.70 :     10563 elements
Info    : 0.70 < quality < 0.80 :     20819 elements
Info    : 0.80 < quality < 0.90 :      1720 elements
Info    : 0.90 < quality < 1.00 :      1351 elements
Info    : 1175 edge swaps, 8 node relocations (volume = 235.629): worst = 0.0554139 / average = 0.696282 (Wall 0.0316437s, CPU 0.02966s)
Info    : 1217 edge swaps, 9 node relocations (volume = 235.629): worst = 0.124773 / average = 0.696732 (Wall 0.0383524s, CPU 0.03637s)
Info    : 1219 edge swaps, 9 node relocations (volume = 235.629): worst = 0.144741 / average = 0.696745 (Wall 0.0454772s, CPU 0.043493s)
Info    : 1220 edge swaps, 9 node relocations (volume = 235.629): worst = 0.144741 / average = 0.696762 (Wall 0.0553494s, CPU 0.053366s)
Info    : No ill-shaped tets in the mesh :-)
Info    : 0.00 < quality < 0.10 :         0 elements
Info    : 0.10 < quality < 0.20 :         4 elements
Info    : 0.20 < quality < 0.30 :        13 elements
Info    : 0.30 < quality < 0.40 :       905 elements
Info    : 0.40 < quality < 0.50 :      1258 elements
Info    : 0.50 < quality < 0.60 :      3531 elements
Info    : 0.60 < quality < 0.70 :     11115 elements
Info    : 0.70 < quality < 0.80 :     20541 elements
Info    : 0.80 < quality < 0.90 :      1871 elements
Info    : 0.90 < quality < 1.00 :      1352 elements
Info    : Optimizing volume 2
Info    : Optimization starts (volume = 0.256435) with worst = 0.0657345 / average = 0.748343:
Info    : 0.00 < quality < 0.10 :         1 elements
Info    : 0.10 < quality < 0.20 :         3 elements
Info    : 0.20 < quality < 0.30 :         6 elements
Info    : 0.30 < quality < 0.40 :        10 elements
Info    : 0.40 < quality < 0.50 :        17 elements
Info    : 0.50 < quality < 0.60 :        17 elements
Info    : 0.60 < quality < 0.70 :        62 elements
Info    : 0.70 < quality < 0.80 :       188 elements
Info    : 0.80 < quality < 0.90 :       151 elements
Info    : 0.90 < quality < 1.00 :        37 elements
Info    : 10 edge swaps, 0 node relocations (volume = 0.256435): worst = 0.31774 / average = 0.761248 (Wall 0.000264569s, CPU 0s)
Info    : No ill-shaped tets in the mesh :-)
Info    : 0.00 < quality < 0.10 :         0 elements
Info    : 0.10 < quality < 0.20 :         0 elements
Info    : 0.20 < quality < 0.30 :         0 elements
Info    : 0.30 < quality < 0.40 :        10 elements
Info    : 0.40 < quality < 0.50 :        15 elements
Info    : 0.50 < quality < 0.60 :        15 elements
Info    : 0.60 < quality < 0.70 :        66 elements
Info    : 0.70 < quality < 0.80 :       188 elements
Info    : 0.80 < quality < 0.90 :       152 elements
Info    : 0.90 < quality < 1.00 :        37 elements
Info    : Done optimizing mesh (Wall 0.114829s, CPU 0.11183s)
Info    : 13517 nodes 67579 elements
Info    : Meshing order 2 (curvilinear on)...
Info    : [  0%] Meshing curve 1 order 2
Info    : [ 10%] Meshing curve 2 order 2
Info    : [ 20%] Meshing curve 3 order 2
Info    : [ 20%] Meshing curve 4 order 2
Info    : [ 30%] Meshing curve 5 order 2
Info    : [ 30%] Meshing curve 6 order 2
Info    : [ 40%] Meshing curve 7 order 2
Info    : [ 40%] Meshing curve 8 order 2
Info    : [ 50%] Meshing curve 9 order 2
Info    : [ 50%] Meshing curve 10 order 2
Info    : [ 60%] Meshing curve 11 order 2
Info    : [ 60%] Meshing curve 12 order 2
Info    : [ 70%] Meshing surface 1 order 2
Info    : [ 70%] Meshing surface 2 order 2
Info    : [ 80%] Meshing surface 3 order 2
Info    : [ 80%] Meshing surface 4 order 2
Info    : [ 90%] Meshing surface 5 order 2
Info    : [ 90%] Meshing surface 6 order 2
Info    : [100%] Meshing volume 1 order 2
Info    : [100%] Meshing volume 2 order 2
Info    : Surface mesh: worst distortion = 0.797589 (0 elements in ]0, 0.2]); worst gamma = 0.646263
Info    : Volume mesh: worst distortion = 0.273507 (0 elements in ]0, 0.2])
Info    : Done meshing order 2 (Wall 28.4097s, CPU 26.7044s)
Info    : Writing '/home/user/mscr-mom/현서/scripts/contact_scenarios/fea/matv2_mesh_STB250_phiP90_s90_v002_b0_s90.inp'...
Info    : Done writing '/home/user/mscr-mom/현서/scripts/contact_scenarios/fea/matv2_mesh_STB250_phiP90_s90_v002_b0_s90.inp'
  [STB250_phiP90_s90_v002_b0] [실패] (1671.6s)
[STB250_phiP90_s90_v002_b0] 완료: 0/1 성공
