[MOMREFETCH0_phi00_b0 1/10] L_M=0.0, phi=0.0, beta=0.0, s=10.0mm, push_depth=0.1mm ...
Info    : Meshing 1D...
Info    : [  0%] Meshing curve 1 (BSpline)
Info    : [ 10%] Meshing curve 2 (Ellipse)
Info    : [ 20%] Meshing curve 3 (Ellipse)
Info    : [ 30%] Meshing curve 4 (BSpline)
Info    : [ 40%] Meshing curve 5 (BSpline)
Info    : [ 50%] Meshing curve 6 (BSpline)
Info    : [ 60%] Meshing curve 7 (BSpline)
Info    : [ 60%] Meshing curve 8 (BSpline)
Info    : [ 70%] Meshing curve 9 (BSpline)
Info    : [ 90%] Meshing curve 11 (Circle)
Info    : Done meshing 1D (Wall 0.00612941s, CPU 0.005124s)
Info    : Meshing 2D...
Info    : [  0%] Meshing surface 1 (Plane, Frontal-Delaunay)
Info    : [ 20%] Meshing surface 2 (Plane, Frontal-Delaunay)
Info    : [ 40%] Meshing surface 3 (BSpline surface, Frontal-Delaunay)
Info    : [ 60%] Meshing surface 4 (BSpline surface, Frontal-Delaunay)
Info    : [ 70%] Meshing surface 5 (Plane, Frontal-Delaunay)
Info    : [ 90%] Meshing surface 6 (Sphere, Frontal-Delaunay)
Info    : Done meshing 2D (Wall 0.46106s, CPU 0.45384s)
Info    : Meshing 3D...
Info    : 3D Meshing 2 volumes with 2 connected components
Info    : Tetrahedrizing 12282 nodes...
Info    : Done tetrahedrizing 12290 nodes (Wall 0.158758s, CPU 0.146767s)
Info    : Reconstructing mesh...
Info    :  - Creating surface mesh
Info    :  - Identifying boundary edges
Info    :  - Recovering boundary
Info    : Done reconstructing mesh (Wall 0.38137s, CPU 0.352438s)
Info    : Found volume 1
Info    : It. 0 - 0 nodes created - worst tet radius 1.03671 (nodes removed 0 0)
Info    : It. 500 - 500 nodes created - worst tet radius 1.01691 (nodes removed 0 0)
Info    : It. 1000 - 1000 nodes created - worst tet radius 1.00298 (nodes removed 0 0)
Info    : 3D refinement terminated (13782 nodes total):
Info    :  - 0 Delaunay cavities modified for star shapeness
Info    :  - 0 nodes could not be inserted
Info    :  - 47449 tetrahedra created in 0.0772024 sec. (614605 tets/s)
Info    : 0 node relocations
Info    : Tetrahedrizing 132 nodes...
Info    : Done tetrahedrizing 140 nodes (Wall 0.000792905s, CPU 0.000753s)
Info    : Reconstructing mesh...
Info    :  - Creating surface mesh
Info    :  - Identifying boundary edges
Info    :  - Recovering boundary
Info    : Done reconstructing mesh (Wall 0.00415454s, CPU 0.003147s)
Info    : Found volume 2
Info    : It. 0 - 0 nodes created - worst tet radius 3.19034 (nodes removed 0 0)
Info    : 3D refinement terminated (12495 nodes total):
Info    :  - 0 Delaunay cavities modified for star shapeness
Info    :  - 0 nodes could not be inserted
Info    :  - 497 tetrahedra created in 0.00797484 sec. (62321 tets/s)
Info    : 0 node relocations
Info    : Done meshing 3D (Wall 0.7766s, CPU 0.745569s)
Info    : Optimizing mesh...
Info    : Optimizing volume 1
Info    : Optimization starts (volume = 235.491) with worst = 0.000646302 / average = 0.692785:
Info    : 0.00 < quality < 0.10 :       337 elements
Info    : 0.10 < quality < 0.20 :       184 elements
Info    : 0.20 < quality < 0.30 :      1274 elements
Info    : 0.30 < quality < 0.40 :      1243 elements
Info    : 0.40 < quality < 0.50 :      2173 elements
Info    : 0.50 < quality < 0.60 :      3416 elements
Info    : 0.60 < quality < 0.70 :     12780 elements
Info    : 0.70 < quality < 0.80 :     16289 elements
Info    : 0.80 < quality < 0.90 :      5286 elements
Info    : 0.90 < quality < 1.00 :      4467 elements
Info    : 1751 edge swaps, 27 node relocations (volume = 235.491): worst = 0.106212 / average = 0.714089 (Wall 0.0234028s, CPU 0.023404s)
Info    : 1800 edge swaps, 29 node relocations (volume = 235.491): worst = 0.106212 / average = 0.714591 (Wall 0.0295707s, CPU 0.02957s)
Info    : No ill-shaped tets in the mesh :-)
Info    : 0.00 < quality < 0.10 :         0 elements
Info    : 0.10 < quality < 0.20 :         3 elements
Info    : 0.20 < quality < 0.30 :         1 elements
Info    : 0.30 < quality < 0.40 :      1037 elements
Info    : 0.40 < quality < 0.50 :      1673 elements
Info    : 0.50 < quality < 0.60 :      4014 elements
Info    : 0.60 < quality < 0.70 :     13075 elements
Info    : 0.70 < quality < 0.80 :     15513 elements
Info    : 0.80 < quality < 0.90 :      5929 elements
Info    : 0.90 < quality < 1.00 :      4464 elements
Info    : Optimizing volume 2
Info    : Optimization starts (volume = 0.256468) with worst = 0.197332 / average = 0.745343:
Info    : 0.00 < quality < 0.10 :         0 elements
Info    : 0.10 < quality < 0.20 :         2 elements
Info    : 0.20 < quality < 0.30 :         7 elements
Info    : 0.30 < quality < 0.40 :         7 elements
Info    : 0.40 < quality < 0.50 :        21 elements
Info    : 0.50 < quality < 0.60 :        24 elements
Info    : 0.60 < quality < 0.70 :        77 elements
Info    : 0.70 < quality < 0.80 :       170 elements
Info    : 0.80 < quality < 0.90 :       147 elements
Info    : 0.90 < quality < 1.00 :        42 elements
Info    : 9 edge swaps, 0 node relocations (volume = 0.256468): worst = 0.308107 / average = 0.754553 (Wall 0.000124409s, CPU 0.000121s)
Info    : No ill-shaped tets in the mesh :-)
Info    : 0.00 < quality < 0.10 :         0 elements
Info    : 0.10 < quality < 0.20 :         0 elements
Info    : 0.20 < quality < 0.30 :         0 elements
Info    : 0.30 < quality < 0.40 :         9 elements
Info    : 0.40 < quality < 0.50 :        19 elements
Info    : 0.50 < quality < 0.60 :        22 elements
Info    : 0.60 < quality < 0.70 :        80 elements
Info    : 0.70 < quality < 0.80 :       168 elements
Info    : 0.80 < quality < 0.90 :       151 elements
Info    : 0.90 < quality < 1.00 :        41 elements
Info    : Done optimizing mesh (Wall 0.0793346s, CPU 0.079324s)
Info    : 14182 nodes 72303 elements
Info    : Meshing order 2 (curvilinear on)...
Info    : [  0%] Meshing curve 1 order 2
Info    : [ 10%] Meshing curve 2 order 2
Info    : [ 20%] Meshing curve 3 order 2
Info    : [ 20%] Meshing curve 4 order 2
Info    : [ 30%] Meshing curve 5 order 2
Info    : [ 30%] Meshing curve 6 order 2
Info    : [ 40%] Meshing curve 7 order 2
Info    : [ 40%] Meshing curve 8 order 2
Info    : [ 50%] Meshing curve 9 order 2
Info    : [ 50%] Meshing curve 10 order 2
Info    : [ 60%] Meshing curve 11 order 2
Info    : [ 60%] Meshing curve 12 order 2
Info    : [ 70%] Meshing surface 1 order 2
Info    : [ 70%] Meshing surface 2 order 2
Info    : [ 80%] Meshing surface 3 order 2
Info    : [ 80%] Meshing surface 4 order 2
Info    : [ 90%] Meshing surface 5 order 2
Info    : [ 90%] Meshing surface 6 order 2
Info    : [100%] Meshing volume 1 order 2
Info    : [100%] Meshing volume 2 order 2
Info    : Surface mesh: worst distortion = 0.797589 (0 elements in ]0, 0.2]); worst gamma = 0.499267
Info    : Volume mesh: worst distortion = 0.234802 (0 elements in ]0, 0.2])
Info    : Done meshing order 2 (Wall 2.36328s, CPU 2.35607s)
Info    : Writing '/home/user/mscr-mom/현서/scripts/contact_scenarios/fea/matv2_mesh_MOMREFETCH0_phi00_b0_s10.inp'...
Info    : Done writing '/home/user/mscr-mom/현서/scripts/contact_scenarios/fea/matv2_mesh_MOMREFETCH0_phi00_b0_s10.inp'
  [MOMREFETCH0_phi00_b0] F_mag=0.1465mN  (222.5s)
[MOMREFETCH0_phi00_b0 2/10] L_M=0.0, phi=0.0, beta=0.0, s=20.0mm, push_depth=0.1mm ...
Info    : Meshing 1D...
Info    : [  0%] Meshing curve 1 (BSpline)
Info    : [ 10%] Meshing curve 2 (Ellipse)
Info    : [ 20%] Meshing curve 3 (Ellipse)
Info    : [ 30%] Meshing curve 4 (BSpline)
Info    : [ 40%] Meshing curve 5 (BSpline)
Info    : [ 50%] Meshing curve 6 (BSpline)
Info    : [ 60%] Meshing curve 7 (BSpline)
Info    : [ 60%] Meshing curve 8 (BSpline)
Info    : [ 70%] Meshing curve 9 (BSpline)
Info    : [ 90%] Meshing curve 11 (Circle)
Info    : Done meshing 1D (Wall 0.00642999s, CPU 0.006357s)
Info    : Meshing 2D...
Info    : [  0%] Meshing surface 1 (Plane, Frontal-Delaunay)
Info    : [ 20%] Meshing surface 2 (Plane, Frontal-Delaunay)
Info    : [ 40%] Meshing surface 3 (BSpline surface, Frontal-Delaunay)
Info    : [ 60%] Meshing surface 4 (BSpline surface, Frontal-Delaunay)
Info    : [ 70%] Meshing surface 5 (Plane, Frontal-Delaunay)
Info    : [ 90%] Meshing surface 6 (Sphere, Frontal-Delaunay)
Info    : Done meshing 2D (Wall 0.486983s, CPU 0.484868s)
Info    : Meshing 3D...
Info    : 3D Meshing 2 volumes with 2 connected components
Info    : Tetrahedrizing 12282 nodes...
Info    : Done tetrahedrizing 12290 nodes (Wall 0.159356s, CPU 0.15413s)
Info    : Reconstructing mesh...
Info    :  - Creating surface mesh
Info    :  - Identifying boundary edges
Info    :  - Recovering boundary
Info    : Done reconstructing mesh (Wall 0.381724s, CPU 0.364473s)
Info    : Found volume 1
Info    : It. 0 - 0 nodes created - worst tet radius 1.03671 (nodes removed 0 0)
Info    : It. 500 - 500 nodes created - worst tet radius 1.01691 (nodes removed 0 0)
Info    : It. 1000 - 1000 nodes created - worst tet radius 1.00298 (nodes removed 0 0)
Info    : 3D refinement terminated (13782 nodes total):
Info    :  - 0 Delaunay cavities modified for star shapeness
Info    :  - 0 nodes could not be inserted
Info    :  - 47449 tetrahedra created in 0.0688027 sec. (689638 tets/s)
Info    : 0 node relocations
Info    : Tetrahedrizing 132 nodes...
Info    : Done tetrahedrizing 140 nodes (Wall 0.000771622s, CPU 0.000774s)
Info    : Reconstructing mesh...
Info    :  - Creating surface mesh
Info    :  - Identifying boundary edges
Info    :  - Recovering boundary
Info    : Done reconstructing mesh (Wall 0.00258417s, CPU 0.002586s)
Info    : Found volume 2
Info    : It. 0 - 0 nodes created - worst tet radius 3.19034 (nodes removed 0 0)
Info    : 3D refinement terminated (12495 nodes total):
Info    :  - 0 Delaunay cavities modified for star shapeness
Info    :  - 0 nodes could not be inserted
Info    :  - 497 tetrahedra created in 0.00716241 sec. (69390 tets/s)
Info    : 0 node relocations
Info    : Done meshing 3D (Wall 0.755815s, CPU 0.737678s)
Info    : Optimizing mesh...
Info    : Optimizing volume 1
Info    : Optimization starts (volume = 235.491) with worst = 0.000646302 / average = 0.692785:
Info    : 0.00 < quality < 0.10 :       337 elements
Info    : 0.10 < quality < 0.20 :       184 elements
Info    : 0.20 < quality < 0.30 :      1274 elements
Info    : 0.30 < quality < 0.40 :      1243 elements
Info    : 0.40 < quality < 0.50 :      2173 elements
Info    : 0.50 < quality < 0.60 :      3416 elements
Info    : 0.60 < quality < 0.70 :     12780 elements
Info    : 0.70 < quality < 0.80 :     16289 elements
Info    : 0.80 < quality < 0.90 :      5286 elements
Info    : 0.90 < quality < 1.00 :      4467 elements
Info    : 1751 edge swaps, 27 node relocations (volume = 235.491): worst = 0.106212 / average = 0.714089 (Wall 0.0279223s, CPU 0.027921s)
Info    : 1800 edge swaps, 29 node relocations (volume = 235.491): worst = 0.106212 / average = 0.714591 (Wall 0.0347277s, CPU 0.034728s)
Info    : No ill-shaped tets in the mesh :-)
Info    : 0.00 < quality < 0.10 :         0 elements
Info    : 0.10 < quality < 0.20 :         3 elements
Info    : 0.20 < quality < 0.30 :         1 elements
Info    : 0.30 < quality < 0.40 :      1037 elements
Info    : 0.40 < quality < 0.50 :      1673 elements
Info    : 0.50 < quality < 0.60 :      4014 elements
Info    : 0.60 < quality < 0.70 :     13075 elements
Info    : 0.70 < quality < 0.80 :     15513 elements
Info    : 0.80 < quality < 0.90 :      5929 elements
Info    : 0.90 < quality < 1.00 :      4464 elements
Info    : Optimizing volume 2
Info    : Optimization starts (volume = 0.256468) with worst = 0.197332 / average = 0.745343:
Info    : 0.00 < quality < 0.10 :         0 elements
Info    : 0.10 < quality < 0.20 :         2 elements
Info    : 0.20 < quality < 0.30 :         7 elements
Info    : 0.30 < quality < 0.40 :         7 elements
Info    : 0.40 < quality < 0.50 :        21 elements
Info    : 0.50 < quality < 0.60 :        24 elements
Info    : 0.60 < quality < 0.70 :        77 elements
Info    : 0.70 < quality < 0.80 :       170 elements
Info    : 0.80 < quality < 0.90 :       147 elements
Info    : 0.90 < quality < 1.00 :        42 elements
Info    : 9 edge swaps, 0 node relocations (volume = 0.256468): worst = 0.308107 / average = 0.754553 (Wall 0.000147855s, CPU 0.000151s)
Info    : No ill-shaped tets in the mesh :-)
Info    : 0.00 < quality < 0.10 :         0 elements
Info    : 0.10 < quality < 0.20 :         0 elements
Info    : 0.20 < quality < 0.30 :         0 elements
Info    : 0.30 < quality < 0.40 :         9 elements
Info    : 0.40 < quality < 0.50 :        19 elements
Info    : 0.50 < quality < 0.60 :        22 elements
Info    : 0.60 < quality < 0.70 :        80 elements
Info    : 0.70 < quality < 0.80 :       168 elements
Info    : 0.80 < quality < 0.90 :       151 elements
Info    : 0.90 < quality < 1.00 :        41 elements
Info    : Done optimizing mesh (Wall 0.0700862s, CPU 0.07007s)
Info    : 14182 nodes 72303 elements
Info    : Meshing order 2 (curvilinear on)...
Info    : [  0%] Meshing curve 1 order 2
Info    : [ 10%] Meshing curve 2 order 2
Info    : [ 20%] Meshing curve 3 order 2
Info    : [ 20%] Meshing curve 4 order 2
Info    : [ 30%] Meshing curve 5 order 2
Info    : [ 30%] Meshing curve 6 order 2
Info    : [ 40%] Meshing curve 7 order 2
Info    : [ 40%] Meshing curve 8 order 2
Info    : [ 50%] Meshing curve 9 order 2
Info    : [ 50%] Meshing curve 10 order 2
Info    : [ 60%] Meshing curve 11 order 2
Info    : [ 60%] Meshing curve 12 order 2
Info    : [ 70%] Meshing surface 1 order 2
Info    : [ 70%] Meshing surface 2 order 2
Info    : [ 80%] Meshing surface 3 order 2
Info    : [ 80%] Meshing surface 4 order 2
Info    : [ 90%] Meshing surface 5 order 2
Info    : [ 90%] Meshing surface 6 order 2
Info    : [100%] Meshing volume 1 order 2
Info    : [100%] Meshing volume 2 order 2
Info    : Surface mesh: worst distortion = 0.797589 (0 elements in ]0, 0.2]); worst gamma = 0.499267
Info    : Volume mesh: worst distortion = 0.234802 (0 elements in ]0, 0.2])
Info    : Done meshing order 2 (Wall 2.54684s, CPU 2.54172s)
Info    : Writing '/home/user/mscr-mom/현서/scripts/contact_scenarios/fea/matv2_mesh_MOMREFETCH0_phi00_b0_s20.inp'...
Info    : Done writing '/home/user/mscr-mom/현서/scripts/contact_scenarios/fea/matv2_mesh_MOMREFETCH0_phi00_b0_s20.inp'
  [MOMREFETCH0_phi00_b0] F_mag=0.0190mN  (203.5s)
[MOMREFETCH0_phi00_b0 3/10] L_M=0.0, phi=0.0, beta=0.0, s=30.0mm, push_depth=0.1mm ...
Info    : Meshing 1D...
Info    : [  0%] Meshing curve 1 (BSpline)
Info    : [ 10%] Meshing curve 2 (Ellipse)
Info    : [ 20%] Meshing curve 3 (Ellipse)
Info    : [ 30%] Meshing curve 4 (BSpline)
Info    : [ 40%] Meshing curve 5 (BSpline)
Info    : [ 50%] Meshing curve 6 (BSpline)
Info    : [ 60%] Meshing curve 7 (BSpline)
Info    : [ 60%] Meshing curve 8 (BSpline)
Info    : [ 70%] Meshing curve 9 (BSpline)
Info    : [ 90%] Meshing curve 11 (Circle)
Info    : Done meshing 1D (Wall 0.00609801s, CPU 0.006067s)
Info    : Meshing 2D...
Info    : [  0%] Meshing surface 1 (Plane, Frontal-Delaunay)
Info    : [ 20%] Meshing surface 2 (Plane, Frontal-Delaunay)
Info    : [ 40%] Meshing surface 3 (BSpline surface, Frontal-Delaunay)
Info    : [ 60%] Meshing surface 4 (BSpline surface, Frontal-Delaunay)
Info    : [ 70%] Meshing surface 5 (Plane, Frontal-Delaunay)
Info    : [ 90%] Meshing surface 6 (Sphere, Frontal-Delaunay)
Info    : Done meshing 2D (Wall 0.483869s, CPU 0.483828s)
Info    : Meshing 3D...
Info    : 3D Meshing 2 volumes with 2 connected components
Info    : Tetrahedrizing 12282 nodes...
Info    : Done tetrahedrizing 12290 nodes (Wall 0.158721s, CPU 0.153399s)
Info    : Reconstructing mesh...
Info    :  - Creating surface mesh
Info    :  - Identifying boundary edges
Info    :  - Recovering boundary
Info    : Done reconstructing mesh (Wall 0.381289s, CPU 0.371961s)
Info    : Found volume 1
Info    : It. 0 - 0 nodes created - worst tet radius 1.03671 (nodes removed 0 0)
Info    : It. 500 - 500 nodes created - worst tet radius 1.01691 (nodes removed 0 0)
Info    : It. 1000 - 1000 nodes created - worst tet radius 1.00298 (nodes removed 0 0)
Info    : 3D refinement terminated (13782 nodes total):
Info    :  - 0 Delaunay cavities modified for star shapeness
Info    :  - 0 nodes could not be inserted
Info    :  - 47449 tetrahedra created in 0.0739453 sec. (641677 tets/s)
Info    : 0 node relocations
Info    : Tetrahedrizing 132 nodes...
Info    : Done tetrahedrizing 140 nodes (Wall 0.000762659s, CPU 0.000765s)
Info    : Reconstructing mesh...
Info    :  - Creating surface mesh
Info    :  - Identifying boundary edges
Info    :  - Recovering boundary
Info    : Done reconstructing mesh (Wall 0.00292846s, CPU 0.002931s)
Info    : Found volume 2
Info    : It. 0 - 0 nodes created - worst tet radius 3.19034 (nodes removed 0 0)
Info    : 3D refinement terminated (12495 nodes total):
Info    :  - 0 Delaunay cavities modified for star shapeness
Info    :  - 0 nodes could not be inserted
Info    :  - 497 tetrahedra created in 0.00869997 sec. (57126 tets/s)
Info    : 0 node relocations
Info    : Done meshing 3D (Wall 0.764233s, CPU 0.753889s)
Info    : Optimizing mesh...
Info    : Optimizing volume 1
Info    : Optimization starts (volume = 235.491) with worst = 0.000646302 / average = 0.692785:
Info    : 0.00 < quality < 0.10 :       337 elements
Info    : 0.10 < quality < 0.20 :       184 elements
Info    : 0.20 < quality < 0.30 :      1274 elements
Info    : 0.30 < quality < 0.40 :      1243 elements
Info    : 0.40 < quality < 0.50 :      2173 elements
Info    : 0.50 < quality < 0.60 :      3416 elements
Info    : 0.60 < quality < 0.70 :     12780 elements
Info    : 0.70 < quality < 0.80 :     16289 elements
Info    : 0.80 < quality < 0.90 :      5286 elements
Info    : 0.90 < quality < 1.00 :      4467 elements
Info    : 1751 edge swaps, 27 node relocations (volume = 235.491): worst = 0.106212 / average = 0.714089 (Wall 0.0216605s, CPU 0.021635s)
Info    : 1800 edge swaps, 29 node relocations (volume = 235.491): worst = 0.106212 / average = 0.714591 (Wall 0.0257917s, CPU 0.025762s)
Info    : No ill-shaped tets in the mesh :-)
Info    : 0.00 < quality < 0.10 :         0 elements
Info    : 0.10 < quality < 0.20 :         3 elements
Info    : 0.20 < quality < 0.30 :         1 elements
Info    : 0.30 < quality < 0.40 :      1037 elements
Info    : 0.40 < quality < 0.50 :      1673 elements
Info    : 0.50 < quality < 0.60 :      4014 elements
Info    : 0.60 < quality < 0.70 :     13075 elements
Info    : 0.70 < quality < 0.80 :     15513 elements
Info    : 0.80 < quality < 0.90 :      5929 elements
Info    : 0.90 < quality < 1.00 :      4464 elements
Info    : Optimizing volume 2
Info    : Optimization starts (volume = 0.256468) with worst = 0.197332 / average = 0.745343:
Info    : 0.00 < quality < 0.10 :         0 elements
Info    : 0.10 < quality < 0.20 :         2 elements
Info    : 0.20 < quality < 0.30 :         7 elements
Info    : 0.30 < quality < 0.40 :         7 elements
Info    : 0.40 < quality < 0.50 :        21 elements
Info    : 0.50 < quality < 0.60 :        24 elements
Info    : 0.60 < quality < 0.70 :        77 elements
Info    : 0.70 < quality < 0.80 :       170 elements
Info    : 0.80 < quality < 0.90 :       147 elements
Info    : 0.90 < quality < 1.00 :        42 elements
Info    : 9 edge swaps, 0 node relocations (volume = 0.256468): worst = 0.308107 / average = 0.754553 (Wall 0.000120974s, CPU 0.000125s)
Info    : No ill-shaped tets in the mesh :-)
Info    : 0.00 < quality < 0.10 :         0 elements
Info    : 0.10 < quality < 0.20 :         0 elements
Info    : 0.20 < quality < 0.30 :         0 elements
Info    : 0.30 < quality < 0.40 :         9 elements
Info    : 0.40 < quality < 0.50 :        19 elements
Info    : 0.50 < quality < 0.60 :        22 elements
Info    : 0.60 < quality < 0.70 :        80 elements
Info    : 0.70 < quality < 0.80 :       168 elements
Info    : 0.80 < quality < 0.90 :       151 elements
Info    : 0.90 < quality < 1.00 :        41 elements
Info    : Done optimizing mesh (Wall 0.0655998s, CPU 0.064591s)
Info    : 14182 nodes 72303 elements
Info    : Meshing order 2 (curvilinear on)...
Info    : [  0%] Meshing curve 1 order 2
Info    : [ 10%] Meshing curve 2 order 2
Info    : [ 20%] Meshing curve 3 order 2
Info    : [ 20%] Meshing curve 4 order 2
Info    : [ 30%] Meshing curve 5 order 2
Info    : [ 30%] Meshing curve 6 order 2
Info    : [ 40%] Meshing curve 7 order 2
Info    : [ 40%] Meshing curve 8 order 2
Info    : [ 50%] Meshing curve 9 order 2
Info    : [ 50%] Meshing curve 10 order 2
Info    : [ 60%] Meshing curve 11 order 2
Info    : [ 60%] Meshing curve 12 order 2
Info    : [ 70%] Meshing surface 1 order 2
Info    : [ 70%] Meshing surface 2 order 2
Info    : [ 80%] Meshing surface 3 order 2
Info    : [ 80%] Meshing surface 4 order 2
Info    : [ 90%] Meshing surface 5 order 2
Info    : [ 90%] Meshing surface 6 order 2
Info    : [100%] Meshing volume 1 order 2
Info    : [100%] Meshing volume 2 order 2
Info    : Surface mesh: worst distortion = 0.797589 (0 elements in ]0, 0.2]); worst gamma = 0.499267
Info    : Volume mesh: worst distortion = 0.234802 (0 elements in ]0, 0.2])
Info    : Done meshing order 2 (Wall 2.33948s, CPU 2.33922s)
Info    : Writing '/home/user/mscr-mom/현서/scripts/contact_scenarios/fea/matv2_mesh_MOMREFETCH0_phi00_b0_s30.inp'...
Info    : Done writing '/home/user/mscr-mom/현서/scripts/contact_scenarios/fea/matv2_mesh_MOMREFETCH0_phi00_b0_s30.inp'
  [MOMREFETCH0_phi00_b0] F_mag=0.0055mN  (165.3s)
[MOMREFETCH0_phi00_b0 4/10] L_M=0.0, phi=0.0, beta=0.0, s=40.0mm, push_depth=0.1mm ...
Info    : Meshing 1D...
Info    : [  0%] Meshing curve 1 (BSpline)
Info    : [ 10%] Meshing curve 2 (Ellipse)
Info    : [ 20%] Meshing curve 3 (Ellipse)
Info    : [ 30%] Meshing curve 4 (BSpline)
Info    : [ 40%] Meshing curve 5 (BSpline)
Info    : [ 50%] Meshing curve 6 (BSpline)
Info    : [ 60%] Meshing curve 7 (BSpline)
Info    : [ 60%] Meshing curve 8 (BSpline)
Info    : [ 70%] Meshing curve 9 (BSpline)
Info    : [ 90%] Meshing curve 11 (Circle)
Info    : Done meshing 1D (Wall 0.00635767s, CPU 0.006275s)
Info    : Meshing 2D...
Info    : [  0%] Meshing surface 1 (Plane, Frontal-Delaunay)
Info    : [ 20%] Meshing surface 2 (Plane, Frontal-Delaunay)
Info    : [ 40%] Meshing surface 3 (BSpline surface, Frontal-Delaunay)
Info    : [ 60%] Meshing surface 4 (BSpline surface, Frontal-Delaunay)
Info    : [ 70%] Meshing surface 5 (Plane, Frontal-Delaunay)
Info    : [ 90%] Meshing surface 6 (Sphere, Frontal-Delaunay)
Info    : Done meshing 2D (Wall 0.503385s, CPU 0.502472s)
Info    : Meshing 3D...
Info    : 3D Meshing 2 volumes with 2 connected components
Info    : Tetrahedrizing 12282 nodes...
Info    : Done tetrahedrizing 12290 nodes (Wall 0.155805s, CPU 0.146811s)
Info    : Reconstructing mesh...
Info    :  - Creating surface mesh
Info    :  - Identifying boundary edges
Info    :  - Recovering boundary
Info    : Done reconstructing mesh (Wall 0.377209s, CPU 0.355562s)
Info    : Found volume 1
Info    : It. 0 - 0 nodes created - worst tet radius 1.03671 (nodes removed 0 0)
Info    : It. 500 - 500 nodes created - worst tet radius 1.01691 (nodes removed 0 0)
Info    : It. 1000 - 1000 nodes created - worst tet radius 1.00298 (nodes removed 0 0)
Info    : 3D refinement terminated (13782 nodes total):
Info    :  - 0 Delaunay cavities modified for star shapeness
Info    :  - 0 nodes could not be inserted
Info    :  - 47449 tetrahedra created in 0.044045 sec. (1077284 tets/s)
Info    : 0 node relocations
Info    : Tetrahedrizing 132 nodes...
Info    : Done tetrahedrizing 140 nodes (Wall 0.000712564s, CPU 0.000714s)
Info    : Reconstructing mesh...
Info    :  - Creating surface mesh
Info    :  - Identifying boundary edges
Info    :  - Recovering boundary
Info    : Done reconstructing mesh (Wall 0.00190431s, CPU 0.001908s)
Info    : Found volume 2
Info    : It. 0 - 0 nodes created - worst tet radius 3.19034 (nodes removed 0 0)
Info    : 3D refinement terminated (12495 nodes total):
Info    :  - 0 Delaunay cavities modified for star shapeness
Info    :  - 0 nodes could not be inserted
Info    :  - 497 tetrahedra created in 0.00630933 sec. (78772 tets/s)
Info    : 0 node relocations
Info    : Done meshing 3D (Wall 0.693912s, CPU 0.670801s)
Info    : Optimizing mesh...
Info    : Optimizing volume 1
Info    : Optimization starts (volume = 235.491) with worst = 0.000646302 / average = 0.692785:
Info    : 0.00 < quality < 0.10 :       337 elements
Info    : 0.10 < quality < 0.20 :       184 elements
Info    : 0.20 < quality < 0.30 :      1274 elements
Info    : 0.30 < quality < 0.40 :      1243 elements
Info    : 0.40 < quality < 0.50 :      2173 elements
Info    : 0.50 < quality < 0.60 :      3416 elements
Info    : 0.60 < quality < 0.70 :     12780 elements
Info    : 0.70 < quality < 0.80 :     16289 elements
Info    : 0.80 < quality < 0.90 :      5286 elements
Info    : 0.90 < quality < 1.00 :      4467 elements
Info    : 1751 edge swaps, 27 node relocations (volume = 235.491): worst = 0.106212 / average = 0.714089 (Wall 0.0257684s, CPU 0.025744s)
Info    : 1800 edge swaps, 29 node relocations (volume = 235.491): worst = 0.106212 / average = 0.714591 (Wall 0.0290053s, CPU 0.028983s)
Info    : No ill-shaped tets in the mesh :-)
Info    : 0.00 < quality < 0.10 :         0 elements
Info    : 0.10 < quality < 0.20 :         3 elements
Info    : 0.20 < quality < 0.30 :         1 elements
Info    : 0.30 < quality < 0.40 :      1037 elements
Info    : 0.40 < quality < 0.50 :      1673 elements
Info    : 0.50 < quality < 0.60 :      4014 elements
Info    : 0.60 < quality < 0.70 :     13075 elements
Info    : 0.70 < quality < 0.80 :     15513 elements
Info    : 0.80 < quality < 0.90 :      5929 elements
Info    : 0.90 < quality < 1.00 :      4464 elements
Info    : Optimizing volume 2
Info    : Optimization starts (volume = 0.256468) with worst = 0.197332 / average = 0.745343:
Info    : 0.00 < quality < 0.10 :         0 elements
Info    : 0.10 < quality < 0.20 :         2 elements
Info    : 0.20 < quality < 0.30 :         7 elements
Info    : 0.30 < quality < 0.40 :         7 elements
Info    : 0.40 < quality < 0.50 :        21 elements
Info    : 0.50 < quality < 0.60 :        24 elements
Info    : 0.60 < quality < 0.70 :        77 elements
Info    : 0.70 < quality < 0.80 :       170 elements
Info    : 0.80 < quality < 0.90 :       147 elements
Info    : 0.90 < quality < 1.00 :        42 elements
Info    : 9 edge swaps, 0 node relocations (volume = 0.256468): worst = 0.308107 / average = 0.754553 (Wall 0.000113443s, CPU 0.000116s)
Info    : No ill-shaped tets in the mesh :-)
Info    : 0.00 < quality < 0.10 :         0 elements
Info    : 0.10 < quality < 0.20 :         0 elements
Info    : 0.20 < quality < 0.30 :         0 elements
Info    : 0.30 < quality < 0.40 :         9 elements
Info    : 0.40 < quality < 0.50 :        19 elements
Info    : 0.50 < quality < 0.60 :        22 elements
Info    : 0.60 < quality < 0.70 :        80 elements
Info    : 0.70 < quality < 0.80 :       168 elements
Info    : 0.80 < quality < 0.90 :       151 elements
Info    : 0.90 < quality < 1.00 :        41 elements
Info    : Done optimizing mesh (Wall 0.0640661s, CPU 0.063061s)
Info    : 14182 nodes 72303 elements
Info    : Meshing order 2 (curvilinear on)...
Info    : [  0%] Meshing curve 1 order 2
Info    : [ 10%] Meshing curve 2 order 2
Info    : [ 20%] Meshing curve 3 order 2
Info    : [ 20%] Meshing curve 4 order 2
Info    : [ 30%] Meshing curve 5 order 2
Info    : [ 30%] Meshing curve 6 order 2
Info    : [ 40%] Meshing curve 7 order 2
Info    : [ 40%] Meshing curve 8 order 2
Info    : [ 50%] Meshing curve 9 order 2
Info    : [ 50%] Meshing curve 10 order 2
Info    : [ 60%] Meshing curve 11 order 2
Info    : [ 60%] Meshing curve 12 order 2
Info    : [ 70%] Meshing surface 1 order 2
Info    : [ 70%] Meshing surface 2 order 2
Info    : [ 80%] Meshing surface 3 order 2
Info    : [ 80%] Meshing surface 4 order 2
Info    : [ 90%] Meshing surface 5 order 2
Info    : [ 90%] Meshing surface 6 order 2
Info    : [100%] Meshing volume 1 order 2
Info    : [100%] Meshing volume 2 order 2
Info    : Surface mesh: worst distortion = 0.797589 (0 elements in ]0, 0.2]); worst gamma = 0.499267
Info    : Volume mesh: worst distortion = 0.234802 (0 elements in ]0, 0.2])
Info    : Done meshing order 2 (Wall 2.42008s, CPU 2.41742s)
Info    : Writing '/home/user/mscr-mom/현서/scripts/contact_scenarios/fea/matv2_mesh_MOMREFETCH0_phi00_b0_s40.inp'...
Info    : Done writing '/home/user/mscr-mom/현서/scripts/contact_scenarios/fea/matv2_mesh_MOMREFETCH0_phi00_b0_s40.inp'
  [MOMREFETCH0_phi00_b0] F_mag=0.0025mN  (295.8s)
[MOMREFETCH0_phi00_b0 5/10] L_M=0.0, phi=0.0, beta=0.0, s=50.0mm, push_depth=0.1mm ...
Info    : Meshing 1D...
Info    : [  0%] Meshing curve 1 (BSpline)
Info    : [ 10%] Meshing curve 2 (Ellipse)
Info    : [ 20%] Meshing curve 3 (Ellipse)
Info    : [ 30%] Meshing curve 4 (BSpline)
Info    : [ 40%] Meshing curve 5 (BSpline)
Info    : [ 50%] Meshing curve 6 (BSpline)
Info    : [ 60%] Meshing curve 7 (BSpline)
Info    : [ 60%] Meshing curve 8 (BSpline)
Info    : [ 70%] Meshing curve 9 (BSpline)
Info    : [ 90%] Meshing curve 11 (Circle)
Info    : Done meshing 1D (Wall 0.00618942s, CPU 0.006083s)
Info    : Meshing 2D...
Info    : [  0%] Meshing surface 1 (Plane, Frontal-Delaunay)
Info    : [ 20%] Meshing surface 2 (Plane, Frontal-Delaunay)
Info    : [ 40%] Meshing surface 3 (BSpline surface, Frontal-Delaunay)
Info    : [ 60%] Meshing surface 4 (BSpline surface, Frontal-Delaunay)
Info    : [ 70%] Meshing surface 5 (Plane, Frontal-Delaunay)
Info    : [ 90%] Meshing surface 6 (Sphere, Frontal-Delaunay)
Info    : Done meshing 2D (Wall 0.472553s, CPU 0.472257s)
Info    : Meshing 3D...
Info    : 3D Meshing 2 volumes with 2 connected components
Info    : Tetrahedrizing 12282 nodes...
Info    : Done tetrahedrizing 12290 nodes (Wall 0.155927s, CPU 0.153923s)
Info    : Reconstructing mesh...
Info    :  - Creating surface mesh
Info    :  - Identifying boundary edges
Info    :  - Recovering boundary
Info    : Done reconstructing mesh (Wall 0.368016s, CPU 0.362005s)
Info    : Found volume 1
Info    : It. 0 - 0 nodes created - worst tet radius 1.03671 (nodes removed 0 0)
Info    : It. 500 - 500 nodes created - worst tet radius 1.01691 (nodes removed 0 0)
Info    : It. 1000 - 1000 nodes created - worst tet radius 1.00298 (nodes removed 0 0)
Info    : 3D refinement terminated (13782 nodes total):
Info    :  - 0 Delaunay cavities modified for star shapeness
Info    :  - 0 nodes could not be inserted
Info    :  - 47449 tetrahedra created in 0.0668788 sec. (709477 tets/s)
Info    : 0 node relocations
Info    : Tetrahedrizing 132 nodes...
Info    : Done tetrahedrizing 140 nodes (Wall 0.000744383s, CPU 0.000746s)
Info    : Reconstructing mesh...
Info    :  - Creating surface mesh
Info    :  - Identifying boundary edges
Info    :  - Recovering boundary
Info    : Done reconstructing mesh (Wall 0.00230441s, CPU 0.001518s)
Info    : Found volume 2
Info    : It. 0 - 0 nodes created - worst tet radius 3.19034 (nodes removed 0 0)
Info    : 3D refinement terminated (12495 nodes total):
Info    :  - 0 Delaunay cavities modified for star shapeness
Info    :  - 0 nodes could not be inserted
Info    :  - 497 tetrahedra created in 0.00736499 sec. (67481 tets/s)
Info    : 0 node relocations
Info    : Done meshing 3D (Wall 0.745642s, CPU 0.738593s)
Info    : Optimizing mesh...
Info    : Optimizing volume 1
Info    : Optimization starts (volume = 235.491) with worst = 0.000646302 / average = 0.692785:
Info    : 0.00 < quality < 0.10 :       337 elements
Info    : 0.10 < quality < 0.20 :       184 elements
Info    : 0.20 < quality < 0.30 :      1274 elements
Info    : 0.30 < quality < 0.40 :      1243 elements
Info    : 0.40 < quality < 0.50 :      2173 elements
Info    : 0.50 < quality < 0.60 :      3416 elements
Info    : 0.60 < quality < 0.70 :     12780 elements
Info    : 0.70 < quality < 0.80 :     16289 elements
Info    : 0.80 < quality < 0.90 :      5286 elements
Info    : 0.90 < quality < 1.00 :      4467 elements
Info    : 1751 edge swaps, 27 node relocations (volume = 235.491): worst = 0.106212 / average = 0.714089 (Wall 0.0214333s, CPU 0.021171s)
Info    : 1800 edge swaps, 29 node relocations (volume = 235.491): worst = 0.106212 / average = 0.714591 (Wall 0.0250838s, CPU 0.023863s)
Info    : No ill-shaped tets in the mesh :-)
Info    : 0.00 < quality < 0.10 :         0 elements
Info    : 0.10 < quality < 0.20 :         3 elements
Info    : 0.20 < quality < 0.30 :         1 elements
Info    : 0.30 < quality < 0.40 :      1037 elements
Info    : 0.40 < quality < 0.50 :      1673 elements
Info    : 0.50 < quality < 0.60 :      4014 elements
Info    : 0.60 < quality < 0.70 :     13075 elements
Info    : 0.70 < quality < 0.80 :     15513 elements
Info    : 0.80 < quality < 0.90 :      5929 elements
Info    : 0.90 < quality < 1.00 :      4464 elements
Info    : Optimizing volume 2
Info    : Optimization starts (volume = 0.256468) with worst = 0.197332 / average = 0.745343:
Info    : 0.00 < quality < 0.10 :         0 elements
Info    : 0.10 < quality < 0.20 :         2 elements
Info    : 0.20 < quality < 0.30 :         7 elements
Info    : 0.30 < quality < 0.40 :         7 elements
Info    : 0.40 < quality < 0.50 :        21 elements
Info    : 0.50 < quality < 0.60 :        24 elements
Info    : 0.60 < quality < 0.70 :        77 elements
Info    : 0.70 < quality < 0.80 :       170 elements
Info    : 0.80 < quality < 0.90 :       147 elements
Info    : 0.90 < quality < 1.00 :        42 elements
Info    : 9 edge swaps, 0 node relocations (volume = 0.256468): worst = 0.308107 / average = 0.754553 (Wall 0.000113853s, CPU 0.000113s)
Info    : No ill-shaped tets in the mesh :-)
Info    : 0.00 < quality < 0.10 :         0 elements
Info    : 0.10 < quality < 0.20 :         0 elements
Info    : 0.20 < quality < 0.30 :         0 elements
Info    : 0.30 < quality < 0.40 :         9 elements
Info    : 0.40 < quality < 0.50 :        19 elements
Info    : 0.50 < quality < 0.60 :        22 elements
Info    : 0.60 < quality < 0.70 :        80 elements
Info    : 0.70 < quality < 0.80 :       168 elements
Info    : 0.80 < quality < 0.90 :       151 elements
Info    : 0.90 < quality < 1.00 :        41 elements
Info    : Done optimizing mesh (Wall 0.0565325s, CPU 0.055278s)
Info    : 14182 nodes 72303 elements
Info    : Meshing order 2 (curvilinear on)...
Info    : [  0%] Meshing curve 1 order 2
Info    : [ 10%] Meshing curve 2 order 2
Info    : [ 20%] Meshing curve 3 order 2
Info    : [ 20%] Meshing curve 4 order 2
Info    : [ 30%] Meshing curve 5 order 2
Info    : [ 30%] Meshing curve 6 order 2
Info    : [ 40%] Meshing curve 7 order 2
Info    : [ 40%] Meshing curve 8 order 2
Info    : [ 50%] Meshing curve 9 order 2
Info    : [ 50%] Meshing curve 10 order 2
Info    : [ 60%] Meshing curve 11 order 2
Info    : [ 60%] Meshing curve 12 order 2
Info    : [ 70%] Meshing surface 1 order 2
Info    : [ 70%] Meshing surface 2 order 2
Info    : [ 80%] Meshing surface 3 order 2
Info    : [ 80%] Meshing surface 4 order 2
Info    : [ 90%] Meshing surface 5 order 2
Info    : [ 90%] Meshing surface 6 order 2
Info    : [100%] Meshing volume 1 order 2
Info    : [100%] Meshing volume 2 order 2
Info    : Surface mesh: worst distortion = 0.797589 (0 elements in ]0, 0.2]); worst gamma = 0.499267
Info    : Volume mesh: worst distortion = 0.234802 (0 elements in ]0, 0.2])
Info    : Done meshing order 2 (Wall 2.41463s, CPU 2.4137s)
Info    : Writing '/home/user/mscr-mom/현서/scripts/contact_scenarios/fea/matv2_mesh_MOMREFETCH0_phi00_b0_s50.inp'...
Info    : Done writing '/home/user/mscr-mom/현서/scripts/contact_scenarios/fea/matv2_mesh_MOMREFETCH0_phi00_b0_s50.inp'
  [MOMREFETCH0_phi00_b0] F_mag=0.0013mN  (168.6s)
[MOMREFETCH0_phi00_b0 6/10] L_M=0.0, phi=0.0, beta=0.0, s=60.0mm, push_depth=0.1mm ...
Info    : Meshing 1D...
Info    : [  0%] Meshing curve 1 (BSpline)
Info    : [ 10%] Meshing curve 2 (Ellipse)
Info    : [ 20%] Meshing curve 3 (Ellipse)
Info    : [ 30%] Meshing curve 4 (BSpline)
Info    : [ 40%] Meshing curve 5 (BSpline)
Info    : [ 50%] Meshing curve 6 (BSpline)
Info    : [ 60%] Meshing curve 7 (BSpline)
Info    : [ 60%] Meshing curve 8 (BSpline)
Info    : [ 70%] Meshing curve 9 (BSpline)
Info    : [ 90%] Meshing curve 11 (Circle)
Info    : Done meshing 1D (Wall 0.00606125s, CPU 0.006063s)
Info    : Meshing 2D...
Info    : [  0%] Meshing surface 1 (Plane, Frontal-Delaunay)
Info    : [ 20%] Meshing surface 2 (Plane, Frontal-Delaunay)
Info    : [ 40%] Meshing surface 3 (BSpline surface, Frontal-Delaunay)
Info    : [ 60%] Meshing surface 4 (BSpline surface, Frontal-Delaunay)
Info    : [ 70%] Meshing surface 5 (Plane, Frontal-Delaunay)
Info    : [ 90%] Meshing surface 6 (Sphere, Frontal-Delaunay)
Info    : Done meshing 2D (Wall 0.485053s, CPU 0.484474s)
Info    : Meshing 3D...
Info    : 3D Meshing 2 volumes with 2 connected components
Info    : Tetrahedrizing 12282 nodes...
Info    : Done tetrahedrizing 12290 nodes (Wall 0.157293s, CPU 0.150301s)
Info    : Reconstructing mesh...
Info    :  - Creating surface mesh
Info    :  - Identifying boundary edges
Info    :  - Recovering boundary
Info    : Done reconstructing mesh (Wall 0.357686s, CPU 0.347683s)
Info    : Found volume 1
Info    : It. 0 - 0 nodes created - worst tet radius 1.03671 (nodes removed 0 0)
Info    : It. 500 - 500 nodes created - worst tet radius 1.01691 (nodes removed 0 0)
Info    : It. 1000 - 1000 nodes created - worst tet radius 1.00298 (nodes removed 0 0)
Info    : 3D refinement terminated (13782 nodes total):
Info    :  - 0 Delaunay cavities modified for star shapeness
Info    :  - 0 nodes could not be inserted
Info    :  - 47449 tetrahedra created in 0.063291 sec. (749696 tets/s)
Info    : 0 node relocations
Info    : Tetrahedrizing 132 nodes...
Info    : Done tetrahedrizing 140 nodes (Wall 0.000749069s, CPU 0s)
Info    : Reconstructing mesh...
Info    :  - Creating surface mesh
Info    :  - Identifying boundary edges
Info    :  - Recovering boundary
Info    : Done reconstructing mesh (Wall 0.00248964s, CPU 0.001476s)
Info    : Found volume 2
Info    : It. 0 - 0 nodes created - worst tet radius 3.19034 (nodes removed 0 0)
Info    : 3D refinement terminated (12495 nodes total):
Info    :  - 0 Delaunay cavities modified for star shapeness
Info    :  - 0 nodes could not be inserted
Info    :  - 497 tetrahedra created in 0.00561941 sec. (88443 tets/s)
Info    : 0 node relocations
Info    : Done meshing 3D (Wall 0.705065s, CPU 0.692552s)
Info    : Optimizing mesh...
Info    : Optimizing volume 1
Info    : Optimization starts (volume = 235.491) with worst = 0.000646302 / average = 0.692785:
Info    : 0.00 < quality < 0.10 :       337 elements
Info    : 0.10 < quality < 0.20 :       184 elements
Info    : 0.20 < quality < 0.30 :      1274 elements
Info    : 0.30 < quality < 0.40 :      1243 elements
Info    : 0.40 < quality < 0.50 :      2173 elements
Info    : 0.50 < quality < 0.60 :      3416 elements
Info    : 0.60 < quality < 0.70 :     12780 elements
Info    : 0.70 < quality < 0.80 :     16289 elements
Info    : 0.80 < quality < 0.90 :      5286 elements
Info    : 0.90 < quality < 1.00 :      4467 elements
Info    : 1751 edge swaps, 27 node relocations (volume = 235.491): worst = 0.106212 / average = 0.714089 (Wall 0.0200554s, CPU 0.020055s)
Info    : 1800 edge swaps, 29 node relocations (volume = 235.491): worst = 0.106212 / average = 0.714591 (Wall 0.0242432s, CPU 0.024243s)
Info    : No ill-shaped tets in the mesh :-)
Info    : 0.00 < quality < 0.10 :         0 elements
Info    : 0.10 < quality < 0.20 :         3 elements
Info    : 0.20 < quality < 0.30 :         1 elements
Info    : 0.30 < quality < 0.40 :      1037 elements
Info    : 0.40 < quality < 0.50 :      1673 elements
Info    : 0.50 < quality < 0.60 :      4014 elements
Info    : 0.60 < quality < 0.70 :     13075 elements
Info    : 0.70 < quality < 0.80 :     15513 elements
Info    : 0.80 < quality < 0.90 :      5929 elements
Info    : 0.90 < quality < 1.00 :      4464 elements
Info    : Optimizing volume 2
Info    : Optimization starts (volume = 0.256468) with worst = 0.197332 / average = 0.745343:
Info    : 0.00 < quality < 0.10 :         0 elements
Info    : 0.10 < quality < 0.20 :         2 elements
Info    : 0.20 < quality < 0.30 :         7 elements
Info    : 0.30 < quality < 0.40 :         7 elements
Info    : 0.40 < quality < 0.50 :        21 elements
Info    : 0.50 < quality < 0.60 :        24 elements
Info    : 0.60 < quality < 0.70 :        77 elements
Info    : 0.70 < quality < 0.80 :       170 elements
Info    : 0.80 < quality < 0.90 :       147 elements
Info    : 0.90 < quality < 1.00 :        42 elements
Info    : 9 edge swaps, 0 node relocations (volume = 0.256468): worst = 0.308107 / average = 0.754553 (Wall 0.000119862s, CPU 0.000123s)
Info    : No ill-shaped tets in the mesh :-)
Info    : 0.00 < quality < 0.10 :         0 elements
Info    : 0.10 < quality < 0.20 :         0 elements
Info    : 0.20 < quality < 0.30 :         0 elements
Info    : 0.30 < quality < 0.40 :         9 elements
Info    : 0.40 < quality < 0.50 :        19 elements
Info    : 0.50 < quality < 0.60 :        22 elements
Info    : 0.60 < quality < 0.70 :        80 elements
Info    : 0.70 < quality < 0.80 :       168 elements
Info    : 0.80 < quality < 0.90 :       151 elements
Info    : 0.90 < quality < 1.00 :        41 elements
Info    : Done optimizing mesh (Wall 0.0563882s, CPU 0.056381s)
Info    : 14182 nodes 72303 elements
Info    : Meshing order 2 (curvilinear on)...
Info    : [  0%] Meshing curve 1 order 2
Info    : [ 10%] Meshing curve 2 order 2
Info    : [ 20%] Meshing curve 3 order 2
Info    : [ 20%] Meshing curve 4 order 2
Info    : [ 30%] Meshing curve 5 order 2
Info    : [ 30%] Meshing curve 6 order 2
Info    : [ 40%] Meshing curve 7 order 2
Info    : [ 40%] Meshing curve 8 order 2
Info    : [ 50%] Meshing curve 9 order 2
Info    : [ 50%] Meshing curve 10 order 2
Info    : [ 60%] Meshing curve 11 order 2
Info    : [ 60%] Meshing curve 12 order 2
Info    : [ 70%] Meshing surface 1 order 2
Info    : [ 70%] Meshing surface 2 order 2
Info    : [ 80%] Meshing surface 3 order 2
Info    : [ 80%] Meshing surface 4 order 2
Info    : [ 90%] Meshing surface 5 order 2
Info    : [ 90%] Meshing surface 6 order 2
Info    : [100%] Meshing volume 1 order 2
Info    : [100%] Meshing volume 2 order 2
Info    : Surface mesh: worst distortion = 0.797589 (0 elements in ]0, 0.2]); worst gamma = 0.499267
Info    : Volume mesh: worst distortion = 0.234802 (0 elements in ]0, 0.2])
Info    : Done meshing order 2 (Wall 2.40236s, CPU 2.4007s)
Info    : Writing '/home/user/mscr-mom/현서/scripts/contact_scenarios/fea/matv2_mesh_MOMREFETCH0_phi00_b0_s60.inp'...
Info    : Done writing '/home/user/mscr-mom/현서/scripts/contact_scenarios/fea/matv2_mesh_MOMREFETCH0_phi00_b0_s60.inp'
  [MOMREFETCH0_phi00_b0] F_mag=0.0007mN  (1250.3s)
[MOMREFETCH0_phi00_b0 7/10] L_M=0.0, phi=0.0, beta=0.0, s=70.0mm, push_depth=0.1mm ...
Info    : Meshing 1D...
Info    : [  0%] Meshing curve 1 (BSpline)
Info    : [ 10%] Meshing curve 2 (Ellipse)
Info    : [ 20%] Meshing curve 3 (Ellipse)
Info    : [ 30%] Meshing curve 4 (BSpline)
Info    : [ 40%] Meshing curve 5 (BSpline)
Info    : [ 50%] Meshing curve 6 (BSpline)
Info    : [ 60%] Meshing curve 7 (BSpline)
Info    : [ 60%] Meshing curve 8 (BSpline)
Info    : [ 70%] Meshing curve 9 (BSpline)
Info    : [ 90%] Meshing curve 11 (Circle)
Info    : Done meshing 1D (Wall 0.00606043s, CPU 0.006058s)
Info    : Meshing 2D...
Info    : [  0%] Meshing surface 1 (Plane, Frontal-Delaunay)
Info    : [ 20%] Meshing surface 2 (Plane, Frontal-Delaunay)
Info    : [ 40%] Meshing surface 3 (BSpline surface, Frontal-Delaunay)
Info    : [ 60%] Meshing surface 4 (BSpline surface, Frontal-Delaunay)
Info    : [ 70%] Meshing surface 5 (Plane, Frontal-Delaunay)
Info    : [ 90%] Meshing surface 6 (Sphere, Frontal-Delaunay)
Info    : Done meshing 2D (Wall 0.477504s, CPU 0.477094s)
Info    : Meshing 3D...
Info    : 3D Meshing 2 volumes with 2 connected components
Info    : Tetrahedrizing 12282 nodes...
Info    : Done tetrahedrizing 12290 nodes (Wall 0.156987s, CPU 0.153997s)
Info    : Reconstructing mesh...
Info    :  - Creating surface mesh
Info    :  - Identifying boundary edges
Info    :  - Recovering boundary
Info    : Done reconstructing mesh (Wall 0.376844s, CPU 0.370743s)
Info    : Found volume 1
Info    : It. 0 - 0 nodes created - worst tet radius 1.03671 (nodes removed 0 0)
Info    : It. 500 - 500 nodes created - worst tet radius 1.01691 (nodes removed 0 0)
Info    : It. 1000 - 1000 nodes created - worst tet radius 1.00298 (nodes removed 0 0)
Info    : 3D refinement terminated (13782 nodes total):
Info    :  - 0 Delaunay cavities modified for star shapeness
Info    :  - 0 nodes could not be inserted
Info    :  - 47449 tetrahedra created in 0.0729915 sec. (650061 tets/s)
Info    : 0 node relocations
Info    : Tetrahedrizing 132 nodes...
Info    : Done tetrahedrizing 140 nodes (Wall 0.000744584s, CPU 0.000747s)
Info    : Reconstructing mesh...
Info    :  - Creating surface mesh
Info    :  - Identifying boundary edges
Info    :  - Recovering boundary
Info    : Done reconstructing mesh (Wall 0.00237392s, CPU 0.002375s)
Info    : Found volume 2
Info    : It. 0 - 0 nodes created - worst tet radius 3.19034 (nodes removed 0 0)
Info    : 3D refinement terminated (12497 nodes total):
Info    :  - 1 Delaunay cavities modified for star shapeness
Info    :  - 0 nodes could not be inserted
Info    :  - 511 tetrahedra created in 0.00586501 sec. (87126 tets/s)
Info    : 0 node relocations
Info    : Done meshing 3D (Wall 0.760859s, CPU 0.754683s)
Info    : Optimizing mesh...
Info    : Optimizing volume 1
Info    : Optimization starts (volume = 235.491) with worst = 0.000646302 / average = 0.692785:
Info    : 0.00 < quality < 0.10 :       337 elements
Info    : 0.10 < quality < 0.20 :       184 elements
Info    : 0.20 < quality < 0.30 :      1274 elements
Info    : 0.30 < quality < 0.40 :      1243 elements
Info    : 0.40 < quality < 0.50 :      2173 elements
Info    : 0.50 < quality < 0.60 :      3416 elements
Info    : 0.60 < quality < 0.70 :     12780 elements
Info    : 0.70 < quality < 0.80 :     16289 elements
Info    : 0.80 < quality < 0.90 :      5286 elements
Info    : 0.90 < quality < 1.00 :      4467 elements
Info    : 1751 edge swaps, 27 node relocations (volume = 235.491): worst = 0.106212 / average = 0.714089 (Wall 0.0176874s, CPU 0.017688s)
Info    : 1800 edge swaps, 29 node relocations (volume = 235.491): worst = 0.106212 / average = 0.714591 (Wall 0.0204623s, CPU 0.020466s)
Info    : No ill-shaped tets in the mesh :-)
Info    : 0.00 < quality < 0.10 :         0 elements
Info    : 0.10 < quality < 0.20 :         3 elements
Info    : 0.20 < quality < 0.30 :         1 elements
Info    : 0.30 < quality < 0.40 :      1037 elements
Info    : 0.40 < quality < 0.50 :      1673 elements
Info    : 0.50 < quality < 0.60 :      4014 elements
Info    : 0.60 < quality < 0.70 :     13075 elements
Info    : 0.70 < quality < 0.80 :     15513 elements
Info    : 0.80 < quality < 0.90 :      5929 elements
Info    : 0.90 < quality < 1.00 :      4464 elements
Info    : Optimizing volume 2
Info    : Optimization starts (volume = 0.256468) with worst = 0.0697027 / average = 0.752922:
Info    : 0.00 < quality < 0.10 :         2 elements
Info    : 0.10 < quality < 0.20 :         3 elements
Info    : 0.20 < quality < 0.30 :         4 elements
Info    : 0.30 < quality < 0.40 :         9 elements
Info    : 0.40 < quality < 0.50 :        16 elements
Info    : 0.50 < quality < 0.60 :        19 elements
Info    : 0.60 < quality < 0.70 :        68 elements
Info    : 0.70 < quality < 0.80 :       182 elements
Info    : 0.80 < quality < 0.90 :       160 elements
Info    : 0.90 < quality < 1.00 :        48 elements
Info    : 9 edge swaps, 0 node relocations (volume = 0.256468): worst = 0.303906 / average = 0.763683 (Wall 0.000110517s, CPU 0.00011s)
Info    : No ill-shaped tets in the mesh :-)
Info    : 0.00 < quality < 0.10 :         0 elements
Info    : 0.10 < quality < 0.20 :         0 elements
Info    : 0.20 < quality < 0.30 :         0 elements
Info    : 0.30 < quality < 0.40 :        10 elements
Info    : 0.40 < quality < 0.50 :        16 elements
Info    : 0.50 < quality < 0.60 :        17 elements
Info    : 0.60 < quality < 0.70 :        70 elements
Info    : 0.70 < quality < 0.80 :       179 elements
Info    : 0.80 < quality < 0.90 :       162 elements
Info    : 0.90 < quality < 1.00 :        49 elements
Info    : Done optimizing mesh (Wall 0.0537758s, CPU 0.053766s)
Info    : 14184 nodes 72316 elements
Info    : Meshing order 2 (curvilinear on)...
Info    : [  0%] Meshing curve 1 order 2
Info    : [ 10%] Meshing curve 2 order 2
Info    : [ 20%] Meshing curve 3 order 2
Info    : [ 20%] Meshing curve 4 order 2
Info    : [ 30%] Meshing curve 5 order 2
Info    : [ 30%] Meshing curve 6 order 2
Info    : [ 40%] Meshing curve 7 order 2
Info    : [ 40%] Meshing curve 8 order 2
Info    : [ 50%] Meshing curve 9 order 2
Info    : [ 50%] Meshing curve 10 order 2
Info    : [ 60%] Meshing curve 11 order 2
Info    : [ 60%] Meshing curve 12 order 2
Info    : [ 70%] Meshing surface 1 order 2
Info    : [ 70%] Meshing surface 2 order 2
Info    : [ 80%] Meshing surface 3 order 2
Info    : [ 80%] Meshing surface 4 order 2
Info    : [ 90%] Meshing surface 5 order 2
Info    : [ 90%] Meshing surface 6 order 2
Info    : [100%] Meshing volume 1 order 2
Info    : [100%] Meshing volume 2 order 2
Info    : Surface mesh: worst distortion = 0.797589 (0 elements in ]0, 0.2]); worst gamma = 0.499267
Info    : Volume mesh: worst distortion = 0.234802 (0 elements in ]0, 0.2])
Info    : Done meshing order 2 (Wall 2.43743s, CPU 2.43692s)
Info    : Writing '/home/user/mscr-mom/현서/scripts/contact_scenarios/fea/matv2_mesh_MOMREFETCH0_phi00_b0_s70.inp'...
Info    : Done writing '/home/user/mscr-mom/현서/scripts/contact_scenarios/fea/matv2_mesh_MOMREFETCH0_phi00_b0_s70.inp'
  [MOMREFETCH0_phi00_b0] F_mag=0.0004mN  (306.4s)
[MOMREFETCH0_phi00_b0 8/10] L_M=0.0, phi=0.0, beta=0.0, s=80.0mm, push_depth=0.1mm ...
Info    : Meshing 1D...
Info    : [  0%] Meshing curve 1 (BSpline)
Info    : [ 10%] Meshing curve 2 (Ellipse)
Info    : [ 20%] Meshing curve 3 (Ellipse)
Info    : [ 30%] Meshing curve 4 (BSpline)
Info    : [ 40%] Meshing curve 5 (BSpline)
Info    : [ 50%] Meshing curve 6 (BSpline)
Info    : [ 60%] Meshing curve 7 (BSpline)
Info    : [ 60%] Meshing curve 8 (BSpline)
Info    : [ 70%] Meshing curve 9 (BSpline)
Info    : [ 90%] Meshing curve 11 (Circle)
Info    : Done meshing 1D (Wall 0.00610748s, CPU 0.00609s)
Info    : Meshing 2D...
Info    : [  0%] Meshing surface 1 (Plane, Frontal-Delaunay)
Info    : [ 20%] Meshing surface 2 (Plane, Frontal-Delaunay)
Info    : [ 40%] Meshing surface 3 (BSpline surface, Frontal-Delaunay)
Info    : [ 60%] Meshing surface 4 (BSpline surface, Frontal-Delaunay)
Info    : [ 70%] Meshing surface 5 (Plane, Frontal-Delaunay)
Info    : [ 90%] Meshing surface 6 (Sphere, Frontal-Delaunay)
Info    : Done meshing 2D (Wall 0.504354s, CPU 0.504189s)
Info    : Meshing 3D...
Info    : 3D Meshing 2 volumes with 2 connected components
Info    : Tetrahedrizing 12282 nodes...
Info    : Done tetrahedrizing 12290 nodes (Wall 0.168844s, CPU 0.164845s)
Info    : Reconstructing mesh...
Info    :  - Creating surface mesh
Info    :  - Identifying boundary edges
Info    :  - Recovering boundary
Info    : Done reconstructing mesh (Wall 0.365407s, CPU 0.359304s)
Info    : Found volume 1
Info    : It. 0 - 0 nodes created - worst tet radius 1.03671 (nodes removed 0 0)
Info    : It. 500 - 500 nodes created - worst tet radius 1.01691 (nodes removed 0 0)
Info    : It. 1000 - 1000 nodes created - worst tet radius 1.00298 (nodes removed 0 0)
Info    : 3D refinement terminated (13782 nodes total):
Info    :  - 0 Delaunay cavities modified for star shapeness
Info    :  - 0 nodes could not be inserted
Info    :  - 47449 tetrahedra created in 0.0554289 sec. (856033 tets/s)
Info    : 0 node relocations
Info    : Tetrahedrizing 132 nodes...
Info    : Done tetrahedrizing 140 nodes (Wall 0.000711575s, CPU 0.000712s)
Info    : Reconstructing mesh...
Info    :  - Creating surface mesh
Info    :  - Identifying boundary edges
Info    :  - Recovering boundary
Info    : Done reconstructing mesh (Wall 0.00203359s, CPU 0.002037s)
Info    : Found volume 2
Info    : It. 0 - 0 nodes created - worst tet radius 3.19034 (nodes removed 0 0)
Info    : 3D refinement terminated (12497 nodes total):
Info    :  - 1 Delaunay cavities modified for star shapeness
Info    :  - 0 nodes could not be inserted
Info    :  - 511 tetrahedra created in 0.0044576 sec. (114635 tets/s)
Info    : 0 node relocations
Info    : Done meshing 3D (Wall 0.6821s, CPU 0.6749s)
Info    : Optimizing mesh...
Info    : Optimizing volume 1
Info    : Optimization starts (volume = 235.491) with worst = 0.000646302 / average = 0.692785:
Info    : 0.00 < quality < 0.10 :       337 elements
Info    : 0.10 < quality < 0.20 :       184 elements
Info    : 0.20 < quality < 0.30 :      1274 elements
Info    : 0.30 < quality < 0.40 :      1243 elements
Info    : 0.40 < quality < 0.50 :      2173 elements
Info    : 0.50 < quality < 0.60 :      3416 elements
Info    : 0.60 < quality < 0.70 :     12780 elements
Info    : 0.70 < quality < 0.80 :     16289 elements
Info    : 0.80 < quality < 0.90 :      5286 elements
Info    : 0.90 < quality < 1.00 :      4467 elements
Info    : 1751 edge swaps, 27 node relocations (volume = 235.491): worst = 0.106212 / average = 0.714089 (Wall 0.020399s, CPU 0.019425s)
Info    : 1800 edge swaps, 29 node relocations (volume = 235.491): worst = 0.106212 / average = 0.714591 (Wall 0.0250291s, CPU 0.024032s)
Info    : No ill-shaped tets in the mesh :-)
Info    : 0.00 < quality < 0.10 :         0 elements
Info    : 0.10 < quality < 0.20 :         3 elements
Info    : 0.20 < quality < 0.30 :         1 elements
Info    : 0.30 < quality < 0.40 :      1037 elements
Info    : 0.40 < quality < 0.50 :      1673 elements
Info    : 0.50 < quality < 0.60 :      4014 elements
Info    : 0.60 < quality < 0.70 :     13075 elements
Info    : 0.70 < quality < 0.80 :     15513 elements
Info    : 0.80 < quality < 0.90 :      5929 elements
Info    : 0.90 < quality < 1.00 :      4464 elements
Info    : Optimizing volume 2
Info    : Optimization starts (volume = 0.256468) with worst = 0.0697027 / average = 0.752922:
Info    : 0.00 < quality < 0.10 :         2 elements
Info    : 0.10 < quality < 0.20 :         3 elements
Info    : 0.20 < quality < 0.30 :         4 elements
Info    : 0.30 < quality < 0.40 :         9 elements
Info    : 0.40 < quality < 0.50 :        16 elements
Info    : 0.50 < quality < 0.60 :        19 elements
Info    : 0.60 < quality < 0.70 :        68 elements
Info    : 0.70 < quality < 0.80 :       182 elements
Info    : 0.80 < quality < 0.90 :       160 elements
Info    : 0.90 < quality < 1.00 :        48 elements
Info    : 9 edge swaps, 0 node relocations (volume = 0.256468): worst = 0.303906 / average = 0.763683 (Wall 0.00012454s, CPU 0s)
Info    : No ill-shaped tets in the mesh :-)
Info    : 0.00 < quality < 0.10 :         0 elements
Info    : 0.10 < quality < 0.20 :         0 elements
Info    : 0.20 < quality < 0.30 :         0 elements
Info    : 0.30 < quality < 0.40 :        10 elements
Info    : 0.40 < quality < 0.50 :        16 elements
Info    : 0.50 < quality < 0.60 :        17 elements
Info    : 0.60 < quality < 0.70 :        70 elements
Info    : 0.70 < quality < 0.80 :       179 elements
Info    : 0.80 < quality < 0.90 :       162 elements
Info    : 0.90 < quality < 1.00 :        49 elements
Info    : Done optimizing mesh (Wall 0.0567108s, CPU 0.05471s)
Info    : 14184 nodes 72316 elements
Info    : Meshing order 2 (curvilinear on)...
Info    : [  0%] Meshing curve 1 order 2
Info    : [ 10%] Meshing curve 2 order 2
Info    : [ 20%] Meshing curve 3 order 2
Info    : [ 20%] Meshing curve 4 order 2
Info    : [ 30%] Meshing curve 5 order 2
Info    : [ 30%] Meshing curve 6 order 2
Info    : [ 40%] Meshing curve 7 order 2
Info    : [ 40%] Meshing curve 8 order 2
Info    : [ 50%] Meshing curve 9 order 2
Info    : [ 50%] Meshing curve 10 order 2
Info    : [ 60%] Meshing curve 11 order 2
Info    : [ 60%] Meshing curve 12 order 2
Info    : [ 70%] Meshing surface 1 order 2
Info    : [ 70%] Meshing surface 2 order 2
Info    : [ 80%] Meshing surface 3 order 2
Info    : [ 80%] Meshing surface 4 order 2
Info    : [ 90%] Meshing surface 5 order 2
Info    : [ 90%] Meshing surface 6 order 2
Info    : [100%] Meshing volume 1 order 2
Info    : [100%] Meshing volume 2 order 2
Info    : Surface mesh: worst distortion = 0.797589 (0 elements in ]0, 0.2]); worst gamma = 0.499267
Info    : Volume mesh: worst distortion = 0.234802 (0 elements in ]0, 0.2])
Info    : Done meshing order 2 (Wall 2.42789s, CPU 2.42334s)
Info    : Writing '/home/user/mscr-mom/현서/scripts/contact_scenarios/fea/matv2_mesh_MOMREFETCH0_phi00_b0_s80.inp'...
Info    : Done writing '/home/user/mscr-mom/현서/scripts/contact_scenarios/fea/matv2_mesh_MOMREFETCH0_phi00_b0_s80.inp'
  [MOMREFETCH0_phi00_b0] [실패] (1085.7s)
[MOMREFETCH0_phi00_b0 9/10] L_M=0.0, phi=0.0, beta=0.0, s=90.0mm, push_depth=0.1mm ...
Info    : Meshing 1D...
Info    : [  0%] Meshing curve 1 (BSpline)
Info    : [ 10%] Meshing curve 2 (Ellipse)
Info    : [ 20%] Meshing curve 3 (Ellipse)
Info    : [ 30%] Meshing curve 4 (BSpline)
Info    : [ 40%] Meshing curve 5 (BSpline)
Info    : [ 50%] Meshing curve 6 (BSpline)
Info    : [ 60%] Meshing curve 7 (BSpline)
Info    : [ 60%] Meshing curve 8 (BSpline)
Info    : [ 70%] Meshing curve 9 (BSpline)
Info    : [ 90%] Meshing curve 11 (Circle)
Info    : Done meshing 1D (Wall 0.00629702s, CPU 0.006223s)
Info    : Meshing 2D...
Info    : [  0%] Meshing surface 1 (Plane, Frontal-Delaunay)
Info    : [ 20%] Meshing surface 2 (Plane, Frontal-Delaunay)
Info    : [ 40%] Meshing surface 3 (BSpline surface, Frontal-Delaunay)
Info    : [ 60%] Meshing surface 4 (BSpline surface, Frontal-Delaunay)
Info    : [ 70%] Meshing surface 5 (Plane, Frontal-Delaunay)
Info    : [ 90%] Meshing surface 6 (Sphere, Frontal-Delaunay)
Info    : Done meshing 2D (Wall 0.533016s, CPU 0.53289s)
Info    : Meshing 3D...
Info    : 3D Meshing 2 volumes with 2 connected components
Info    : Tetrahedrizing 12282 nodes...
Info    : Done tetrahedrizing 12290 nodes (Wall 0.161681s, CPU 0.159692s)
Info    : Reconstructing mesh...
Info    :  - Creating surface mesh
Info    :  - Identifying boundary edges
Info    :  - Recovering boundary
Info    : Done reconstructing mesh (Wall 0.376941s, CPU 0.370898s)
Info    : Found volume 1
Info    : It. 0 - 0 nodes created - worst tet radius 1.03671 (nodes removed 0 0)
Info    : It. 500 - 500 nodes created - worst tet radius 1.01691 (nodes removed 0 0)
Info    : It. 1000 - 1000 nodes created - worst tet radius 1.00298 (nodes removed 0 0)
Info    : 3D refinement terminated (13782 nodes total):
Info    :  - 0 Delaunay cavities modified for star shapeness
Info    :  - 0 nodes could not be inserted
Info    :  - 47449 tetrahedra created in 0.091845 sec. (516620 tets/s)
Info    : 0 node relocations
Info    : Tetrahedrizing 132 nodes...
Info    : Done tetrahedrizing 140 nodes (Wall 0.000793626s, CPU 0.000795s)
Info    : Reconstructing mesh...
Info    :  - Creating surface mesh
Info    :  - Identifying boundary edges
Info    :  - Recovering boundary
Info    : Done reconstructing mesh (Wall 0.00302569s, CPU 0.003022s)
Info    : Found volume 2
Info    : It. 0 - 0 nodes created - worst tet radius 3.19034 (nodes removed 0 0)
Info    : 3D refinement terminated (12497 nodes total):
Info    :  - 1 Delaunay cavities modified for star shapeness
Info    :  - 0 nodes could not be inserted
Info    :  - 511 tetrahedra created in 0.00922955 sec. (55365 tets/s)
Info    : 0 node relocations
Info    : Done meshing 3D (Wall 0.821275s, CPU 0.815202s)
Info    : Optimizing mesh...
Info    : Optimizing volume 1
Info    : Optimization starts (volume = 235.491) with worst = 0.000646302 / average = 0.692785:
Info    : 0.00 < quality < 0.10 :       337 elements
Info    : 0.10 < quality < 0.20 :       184 elements
Info    : 0.20 < quality < 0.30 :      1274 elements
Info    : 0.30 < quality < 0.40 :      1243 elements
Info    : 0.40 < quality < 0.50 :      2173 elements
Info    : 0.50 < quality < 0.60 :      3416 elements
Info    : 0.60 < quality < 0.70 :     12780 elements
Info    : 0.70 < quality < 0.80 :     16289 elements
Info    : 0.80 < quality < 0.90 :      5286 elements
Info    : 0.90 < quality < 1.00 :      4467 elements
Info    : 1751 edge swaps, 27 node relocations (volume = 235.491): worst = 0.106212 / average = 0.714089 (Wall 0.0233363s, CPU 0.023335s)
Info    : 1800 edge swaps, 29 node relocations (volume = 235.491): worst = 0.106212 / average = 0.714591 (Wall 0.027665s, CPU 0.027665s)
Info    : No ill-shaped tets in the mesh :-)
Info    : 0.00 < quality < 0.10 :         0 elements
Info    : 0.10 < quality < 0.20 :         3 elements
Info    : 0.20 < quality < 0.30 :         1 elements
Info    : 0.30 < quality < 0.40 :      1037 elements
Info    : 0.40 < quality < 0.50 :      1673 elements
Info    : 0.50 < quality < 0.60 :      4014 elements
Info    : 0.60 < quality < 0.70 :     13075 elements
Info    : 0.70 < quality < 0.80 :     15513 elements
Info    : 0.80 < quality < 0.90 :      5929 elements
Info    : 0.90 < quality < 1.00 :      4464 elements
Info    : Optimizing volume 2
Info    : Optimization starts (volume = 0.256468) with worst = 0.0697027 / average = 0.752922:
Info    : 0.00 < quality < 0.10 :         2 elements
Info    : 0.10 < quality < 0.20 :         3 elements
Info    : 0.20 < quality < 0.30 :         4 elements
Info    : 0.30 < quality < 0.40 :         9 elements
Info    : 0.40 < quality < 0.50 :        16 elements
Info    : 0.50 < quality < 0.60 :        19 elements
Info    : 0.60 < quality < 0.70 :        68 elements
Info    : 0.70 < quality < 0.80 :       182 elements
Info    : 0.80 < quality < 0.90 :       160 elements
Info    : 0.90 < quality < 1.00 :        48 elements
Info    : 9 edge swaps, 0 node relocations (volume = 0.256468): worst = 0.303906 / average = 0.763683 (Wall 0.000116779s, CPU 0.00012s)
Info    : No ill-shaped tets in the mesh :-)
Info    : 0.00 < quality < 0.10 :         0 elements
Info    : 0.10 < quality < 0.20 :         0 elements
Info    : 0.20 < quality < 0.30 :         0 elements
Info    : 0.30 < quality < 0.40 :        10 elements
Info    : 0.40 < quality < 0.50 :        16 elements
Info    : 0.50 < quality < 0.60 :        17 elements
Info    : 0.60 < quality < 0.70 :        70 elements
Info    : 0.70 < quality < 0.80 :       179 elements
Info    : 0.80 < quality < 0.90 :       162 elements
Info    : 0.90 < quality < 1.00 :        49 elements
Info    : Done optimizing mesh (Wall 0.0586221s, CPU 0.058618s)
Info    : 14184 nodes 72316 elements
Info    : Meshing order 2 (curvilinear on)...
Info    : [  0%] Meshing curve 1 order 2
Info    : [ 10%] Meshing curve 2 order 2
Info    : [ 20%] Meshing curve 3 order 2
Info    : [ 20%] Meshing curve 4 order 2
Info    : [ 30%] Meshing curve 5 order 2
Info    : [ 30%] Meshing curve 6 order 2
Info    : [ 40%] Meshing curve 7 order 2
Info    : [ 40%] Meshing curve 8 order 2
Info    : [ 50%] Meshing curve 9 order 2
Info    : [ 50%] Meshing curve 10 order 2
Info    : [ 60%] Meshing curve 11 order 2
Info    : [ 60%] Meshing curve 12 order 2
Info    : [ 70%] Meshing surface 1 order 2
Info    : [ 70%] Meshing surface 2 order 2
Info    : [ 80%] Meshing surface 3 order 2
Info    : [ 80%] Meshing surface 4 order 2
Info    : [ 90%] Meshing surface 5 order 2
Info    : [ 90%] Meshing surface 6 order 2
Info    : [100%] Meshing volume 1 order 2
Info    : [100%] Meshing volume 2 order 2
Info    : Surface mesh: worst distortion = 0.797589 (0 elements in ]0, 0.2]); worst gamma = 0.499267
Info    : Volume mesh: worst distortion = 0.234802 (0 elements in ]0, 0.2])
Info    : Done meshing order 2 (Wall 2.60295s, CPU 2.60173s)
Info    : Writing '/home/user/mscr-mom/현서/scripts/contact_scenarios/fea/matv2_mesh_MOMREFETCH0_phi00_b0_s90.inp'...
Info    : Done writing '/home/user/mscr-mom/현서/scripts/contact_scenarios/fea/matv2_mesh_MOMREFETCH0_phi00_b0_s90.inp'
  [MOMREFETCH0_phi00_b0] [실패] (729.7s)
[MOMREFETCH0_phi00_b0 10/10] L_M=0.0, phi=0.0, beta=0.0, s=100.0mm, push_depth=0.1mm ...
Info    : Meshing 1D...
Info    : [  0%] Meshing curve 1 (BSpline)
Info    : [ 10%] Meshing curve 2 (Ellipse)
Info    : [ 20%] Meshing curve 3 (Ellipse)
Info    : [ 30%] Meshing curve 4 (BSpline)
Info    : [ 40%] Meshing curve 5 (BSpline)
Info    : [ 50%] Meshing curve 6 (BSpline)
Info    : [ 60%] Meshing curve 7 (BSpline)
Info    : [ 60%] Meshing curve 8 (BSpline)
Info    : [ 70%] Meshing curve 9 (BSpline)
Info    : [ 90%] Meshing curve 11 (Circle)
Info    : Done meshing 1D (Wall 0.00615873s, CPU 0.006155s)
Info    : Meshing 2D...
Info    : [  0%] Meshing surface 1 (Plane, Frontal-Delaunay)
Info    : [ 20%] Meshing surface 2 (Plane, Frontal-Delaunay)
Info    : [ 40%] Meshing surface 3 (BSpline surface, Frontal-Delaunay)
Info    : [ 60%] Meshing surface 4 (BSpline surface, Frontal-Delaunay)
Info    : [ 70%] Meshing surface 5 (Plane, Frontal-Delaunay)
Info    : [ 90%] Meshing surface 6 (Sphere, Frontal-Delaunay)
Info    : Done meshing 2D (Wall 0.491139s, CPU 0.489975s)
Info    : Meshing 3D...
Info    : 3D Meshing 2 volumes with 2 connected components
Info    : Tetrahedrizing 12282 nodes...
Info    : Done tetrahedrizing 12290 nodes (Wall 0.156069s, CPU 0.153074s)
Info    : Reconstructing mesh...
Info    :  - Creating surface mesh
Info    :  - Identifying boundary edges
Info    :  - Recovering boundary
Info    : Done reconstructing mesh (Wall 0.361263s, CPU 0.352237s)
Info    : Found volume 1
Info    : It. 0 - 0 nodes created - worst tet radius 1.03671 (nodes removed 0 0)
Info    : It. 500 - 500 nodes created - worst tet radius 1.01691 (nodes removed 0 0)
Info    : It. 1000 - 1000 nodes created - worst tet radius 1.00298 (nodes removed 0 0)
Info    : 3D refinement terminated (13782 nodes total):
Info    :  - 0 Delaunay cavities modified for star shapeness
Info    :  - 0 nodes could not be inserted
Info    :  - 47449 tetrahedra created in 0.083379 sec. (569076 tets/s)
Info    : 0 node relocations
Info    : Tetrahedrizing 132 nodes...
Info    : Done tetrahedrizing 140 nodes (Wall 0.000787462s, CPU 0.000789s)
Info    : Reconstructing mesh...
Info    :  - Creating surface mesh
Info    :  - Identifying boundary edges
Info    :  - Recovering boundary
Info    : Done reconstructing mesh (Wall 0.00321969s, CPU 0.003201s)
Info    : Found volume 2
Info    : It. 0 - 0 nodes created - worst tet radius 3.19034 (nodes removed 0 0)
Info    : 3D refinement terminated (12497 nodes total):
Info    :  - 1 Delaunay cavities modified for star shapeness
Info    :  - 0 nodes could not be inserted
Info    :  - 511 tetrahedra created in 0.0085253 sec. (59939 tets/s)
Info    : 0 node relocations
Info    : Done meshing 3D (Wall 0.765714s, CPU 0.755573s)
Info    : Optimizing mesh...
Info    : Optimizing volume 1
Info    : Optimization starts (volume = 235.491) with worst = 0.000646302 / average = 0.692785:
Info    : 0.00 < quality < 0.10 :       337 elements
Info    : 0.10 < quality < 0.20 :       184 elements
Info    : 0.20 < quality < 0.30 :      1274 elements
Info    : 0.30 < quality < 0.40 :      1243 elements
Info    : 0.40 < quality < 0.50 :      2173 elements
Info    : 0.50 < quality < 0.60 :      3416 elements
Info    : 0.60 < quality < 0.70 :     12780 elements
Info    : 0.70 < quality < 0.80 :     16289 elements
Info    : 0.80 < quality < 0.90 :      5286 elements
Info    : 0.90 < quality < 1.00 :      4467 elements
Info    : 1751 edge swaps, 27 node relocations (volume = 235.491): worst = 0.106212 / average = 0.714089 (Wall 0.0231821s, CPU 0.023175s)
Info    : 1800 edge swaps, 29 node relocations (volume = 235.491): worst = 0.106212 / average = 0.714591 (Wall 0.0292657s, CPU 0.029258s)
Info    : No ill-shaped tets in the mesh :-)
Info    : 0.00 < quality < 0.10 :         0 elements
Info    : 0.10 < quality < 0.20 :         3 elements
Info    : 0.20 < quality < 0.30 :         1 elements
Info    : 0.30 < quality < 0.40 :      1037 elements
Info    : 0.40 < quality < 0.50 :      1673 elements
Info    : 0.50 < quality < 0.60 :      4014 elements
Info    : 0.60 < quality < 0.70 :     13075 elements
Info    : 0.70 < quality < 0.80 :     15513 elements
Info    : 0.80 < quality < 0.90 :      5929 elements
Info    : 0.90 < quality < 1.00 :      4464 elements
Info    : Optimizing volume 2
Info    : Optimization starts (volume = 0.256468) with worst = 0.0697027 / average = 0.752922:
Info    : 0.00 < quality < 0.10 :         2 elements
Info    : 0.10 < quality < 0.20 :         3 elements
Info    : 0.20 < quality < 0.30 :         4 elements
Info    : 0.30 < quality < 0.40 :         9 elements
Info    : 0.40 < quality < 0.50 :        16 elements
Info    : 0.50 < quality < 0.60 :        19 elements
Info    : 0.60 < quality < 0.70 :        68 elements
Info    : 0.70 < quality < 0.80 :       182 elements
Info    : 0.80 < quality < 0.90 :       160 elements
Info    : 0.90 < quality < 1.00 :        48 elements
Info    : 9 edge swaps, 0 node relocations (volume = 0.256468): worst = 0.303906 / average = 0.763683 (Wall 0.000131721s, CPU 0.000136s)
Info    : No ill-shaped tets in the mesh :-)
Info    : 0.00 < quality < 0.10 :         0 elements
Info    : 0.10 < quality < 0.20 :         0 elements
Info    : 0.20 < quality < 0.30 :         0 elements
Info    : 0.30 < quality < 0.40 :        10 elements
Info    : 0.40 < quality < 0.50 :        16 elements
Info    : 0.50 < quality < 0.60 :        17 elements
Info    : 0.60 < quality < 0.70 :        70 elements
Info    : 0.70 < quality < 0.80 :       179 elements
Info    : 0.80 < quality < 0.90 :       162 elements
Info    : 0.90 < quality < 1.00 :        49 elements
Info    : Done optimizing mesh (Wall 0.0747809s, CPU 0.074769s)
Info    : 14184 nodes 72316 elements
Info    : Meshing order 2 (curvilinear on)...
Info    : [  0%] Meshing curve 1 order 2
Info    : [ 10%] Meshing curve 2 order 2
Info    : [ 20%] Meshing curve 3 order 2
Info    : [ 20%] Meshing curve 4 order 2
Info    : [ 30%] Meshing curve 5 order 2
Info    : [ 30%] Meshing curve 6 order 2
Info    : [ 40%] Meshing curve 7 order 2
Info    : [ 40%] Meshing curve 8 order 2
Info    : [ 50%] Meshing curve 9 order 2
Info    : [ 50%] Meshing curve 10 order 2
Info    : [ 60%] Meshing curve 11 order 2
Info    : [ 60%] Meshing curve 12 order 2
Info    : [ 70%] Meshing surface 1 order 2
Info    : [ 70%] Meshing surface 2 order 2
Info    : [ 80%] Meshing surface 3 order 2
Info    : [ 80%] Meshing surface 4 order 2
Info    : [ 90%] Meshing surface 5 order 2
Info    : [ 90%] Meshing surface 6 order 2
Info    : [100%] Meshing volume 1 order 2
Info    : [100%] Meshing volume 2 order 2
Info    : Surface mesh: worst distortion = 0.797589 (0 elements in ]0, 0.2]); worst gamma = 0.499267
Info    : Volume mesh: worst distortion = 0.234802 (0 elements in ]0, 0.2])
Info    : Done meshing order 2 (Wall 2.43221s, CPU 2.4307s)
Info    : Writing '/home/user/mscr-mom/현서/scripts/contact_scenarios/fea/matv2_mesh_MOMREFETCH0_phi00_b0_s100.inp'...
Info    : Done writing '/home/user/mscr-mom/현서/scripts/contact_scenarios/fea/matv2_mesh_MOMREFETCH0_phi00_b0_s100.inp'
  [MOMREFETCH0_phi00_b0] F_mag=0.0002mN  (203.0s)
[MOMREFETCH0_phi00_b0] 완료: 8/10 성공
