[LM50_phiP30_b0 1/10] L_M=50.0, phi=30.0, beta=0.0, s=10.0mm, push_depth=0.1mm (wire) ...
Info    : Meshing 1D...
Info    : [  0%] Meshing curve 1 (BSpline)
Info    : [ 10%] Meshing curve 2 (Ellipse)
Info    : [ 20%] Meshing curve 3 (Ellipse)
Info    : [ 30%] Meshing curve 4 (BSpline)
Info    : [ 40%] Meshing curve 5 (BSpline)
Info    : [ 40%] Meshing curve 6 (BSpline)
Info    : [ 50%] Meshing curve 7 (BSpline)
Info    : [ 60%] Meshing curve 8 (BSpline)
Info    : [ 70%] Meshing curve 9 (BSpline)
Info    : [ 70%] Meshing curve 10 (BSpline)
Info    : [ 90%] Meshing curve 12 (Circle)
Info    : Done meshing 1D (Wall 0.0139516s, CPU 0.013809s)
Info    : Meshing 2D...
Info    : [  0%] Meshing surface 1 (Plane, Frontal-Delaunay)
Info    : [ 20%] Meshing surface 2 (Plane, Frontal-Delaunay)
Info    : [ 40%] Meshing surface 3 (BSpline surface, Frontal-Delaunay)
Info    : [ 60%] Meshing surface 4 (BSpline surface, Frontal-Delaunay)
Info    : [ 70%] Meshing surface 5 (Plane, Frontal-Delaunay)
Info    : [ 90%] Meshing surface 6 (Sphere, Frontal-Delaunay)
Info    : Done meshing 2D (Wall 0.654465s, CPU 0.649202s)
Info    : Meshing 3D...
Info    : 3D Meshing 2 volumes with 2 connected components
Info    : Tetrahedrizing 12564 nodes...
Info    : Done tetrahedrizing 12572 nodes (Wall 0.134226s, CPU 0.125242s)
Info    : Reconstructing mesh...
Info    :  - Creating surface mesh
Info    :  - Identifying boundary edges
Info    :  - Recovering boundary
Info    : Done reconstructing mesh (Wall 0.355741s, CPU 0.331745s)
Info    : Found volume 1
Info    : It. 0 - 0 nodes created - worst tet radius 1.06873 (nodes removed 0 0)
Info    : It. 500 - 500 nodes created - worst tet radius 1.00243 (nodes removed 0 0)
Info    : 3D refinement terminated (13361 nodes total):
Info    :  - 0 Delaunay cavities modified for star shapeness
Info    :  - 0 nodes could not be inserted
Info    :  - 43191 tetrahedra created in 0.0442482 sec. (976107 tets/s)
Info    : 0 node relocations
Info    : Tetrahedrizing 130 nodes...
Info    : Done tetrahedrizing 138 nodes (Wall 0.000836948s, CPU 0.000839s)
Info    : Reconstructing mesh...
Info    :  - Creating surface mesh
Info    :  - Identifying boundary edges
Info    :  - Recovering boundary
Info    : Done reconstructing mesh (Wall 0.00210933s, CPU 0.001998s)
Info    : Found volume 2
Info    : It. 0 - 0 nodes created - worst tet radius 3.04464 (nodes removed 0 0)
Info    : 3D refinement terminated (12775 nodes total):
Info    :  - 0 Delaunay cavities modified for star shapeness
Info    :  - 0 nodes could not be inserted
Info    :  - 492 tetrahedra created in 0.00592375 sec. (83055 tets/s)
Info    : 0 node relocations
Info    : Done meshing 3D (Wall 0.694257s, CPU 0.668702s)
Info    : Optimizing mesh...
Info    : Optimizing volume 1
Info    : Optimization starts (volume = 235.573) with worst = 0.00420637 / average = 0.684057:
Info    : 0.00 < quality < 0.10 :       208 elements
Info    : 0.10 < quality < 0.20 :       450 elements
Info    : 0.20 < quality < 0.30 :       688 elements
Info    : 0.30 < quality < 0.40 :       836 elements
Info    : 0.40 < quality < 0.50 :      1301 elements
Info    : 0.50 < quality < 0.60 :      4203 elements
Info    : 0.60 < quality < 0.70 :     11618 elements
Info    : 0.70 < quality < 0.80 :     19311 elements
Info    : 0.80 < quality < 0.90 :      2555 elements
Info    : 0.90 < quality < 1.00 :      2021 elements
Info    : 1282 edge swaps, 26 node relocations (volume = 235.573): worst = 0.138996 / average = 0.701447 (Wall 0.0160079s, CPU 0.016006s)
Info    : 1322 edge swaps, 26 node relocations (volume = 235.573): worst = 0.148432 / average = 0.70184 (Wall 0.0195139s, CPU 0.019514s)
Info    : 1326 edge swaps, 26 node relocations (volume = 235.573): worst = 0.148432 / average = 0.701889 (Wall 0.0222608s, CPU 0.022246s)
Info    : No ill-shaped tets in the mesh :-)
Info    : 0.00 < quality < 0.10 :         0 elements
Info    : 0.10 < quality < 0.20 :         3 elements
Info    : 0.20 < quality < 0.30 :        11 elements
Info    : 0.30 < quality < 0.40 :       679 elements
Info    : 0.40 < quality < 0.50 :      1091 elements
Info    : 0.50 < quality < 0.60 :      4318 elements
Info    : 0.60 < quality < 0.70 :     12027 elements
Info    : 0.70 < quality < 0.80 :     19103 elements
Info    : 0.80 < quality < 0.90 :      2720 elements
Info    : 0.90 < quality < 1.00 :      2027 elements
Info    : Optimizing volume 2
Info    : Optimization starts (volume = 0.256435) with worst = 0.0657345 / average = 0.748343:
Info    : 0.00 < quality < 0.10 :         1 elements
Info    : 0.10 < quality < 0.20 :         3 elements
Info    : 0.20 < quality < 0.30 :         6 elements
Info    : 0.30 < quality < 0.40 :        10 elements
Info    : 0.40 < quality < 0.50 :        17 elements
Info    : 0.50 < quality < 0.60 :        17 elements
Info    : 0.60 < quality < 0.70 :        62 elements
Info    : 0.70 < quality < 0.80 :       188 elements
Info    : 0.80 < quality < 0.90 :       151 elements
Info    : 0.90 < quality < 1.00 :        37 elements
Info    : 10 edge swaps, 0 node relocations (volume = 0.256435): worst = 0.31774 / average = 0.761248 (Wall 0.000127816s, CPU 0.000131s)
Info    : No ill-shaped tets in the mesh :-)
Info    : 0.00 < quality < 0.10 :         0 elements
Info    : 0.10 < quality < 0.20 :         0 elements
Info    : 0.20 < quality < 0.30 :         0 elements
Info    : 0.30 < quality < 0.40 :        10 elements
Info    : 0.40 < quality < 0.50 :        15 elements
Info    : 0.50 < quality < 0.60 :        15 elements
Info    : 0.60 < quality < 0.70 :        66 elements
Info    : 0.70 < quality < 0.80 :       188 elements
Info    : 0.80 < quality < 0.90 :       152 elements
Info    : 0.90 < quality < 1.00 :        37 elements
Info    : Done optimizing mesh (Wall 0.0495787s, CPU 0.049547s)
Info    : 13935 nodes 69250 elements
Info    : Meshing order 2 (curvilinear on)...
Info    : [  0%] Meshing curve 1 order 2
Info    : [ 10%] Meshing curve 2 order 2
Info    : [ 10%] Meshing curve 3 order 2
Info    : [ 20%] Meshing curve 4 order 2
Info    : [ 20%] Meshing curve 5 order 2
Info    : [ 30%] Meshing curve 6 order 2
Info    : [ 30%] Meshing curve 7 order 2
Info    : [ 40%] Meshing curve 8 order 2
Info    : [ 40%] Meshing curve 9 order 2
Info    : [ 50%] Meshing curve 10 order 2
Info    : [ 50%] Meshing curve 11 order 2
Info    : [ 60%] Meshing curve 12 order 2
Info    : [ 60%] Meshing curve 13 order 2
Info    : [ 70%] Meshing surface 1 order 2
Info    : [ 70%] Meshing surface 2 order 2
Info    : [ 80%] Meshing surface 3 order 2
Info    : [ 80%] Meshing surface 4 order 2
Info    : [ 90%] Meshing surface 5 order 2
Info    : [ 90%] Meshing surface 6 order 2
Info    : [100%] Meshing volume 1 order 2
Info    : [100%] Meshing volume 2 order 2
Info    : Surface mesh: worst distortion = 0.797589 (0 elements in ]0, 0.2]); worst gamma = 0.698313
Info    : Volume mesh: worst distortion = 0.261333 (0 elements in ]0, 0.2])
Info    : Done meshing order 2 (Wall 9.65257s, CPU 9.64604s)
Info    : Writing '/home/user/mscr-mom/현서/scripts/contact_scenarios/fea/matv2wire_mesh_LM50_phiP30_b0_s10.inp'...
Info    : Done writing '/home/user/mscr-mom/현서/scripts/contact_scenarios/fea/matv2wire_mesh_LM50_phiP30_b0_s10.inp'
  [LM50_phiP30_b0] F_mag=0.1617mN  (244.8s)
[LM50_phiP30_b0 2/10] L_M=50.0, phi=30.0, beta=0.0, s=20.0mm, push_depth=0.1mm (wire) ...
Info    : Meshing 1D...
Info    : [  0%] Meshing curve 1 (BSpline)
Info    : [ 10%] Meshing curve 2 (Ellipse)
Info    : [ 20%] Meshing curve 3 (Ellipse)
Info    : [ 30%] Meshing curve 4 (BSpline)
Info    : [ 40%] Meshing curve 5 (BSpline)
Info    : [ 40%] Meshing curve 6 (BSpline)
Info    : [ 50%] Meshing curve 7 (BSpline)
Info    : [ 60%] Meshing curve 8 (BSpline)
Info    : [ 70%] Meshing curve 9 (BSpline)
Info    : [ 70%] Meshing curve 10 (BSpline)
Info    : [ 90%] Meshing curve 12 (Circle)
Info    : Done meshing 1D (Wall 0.0137709s, CPU 0.013725s)
Info    : Meshing 2D...
Info    : [  0%] Meshing surface 1 (Plane, Frontal-Delaunay)
Info    : [ 20%] Meshing surface 2 (Plane, Frontal-Delaunay)
Info    : [ 40%] Meshing surface 3 (BSpline surface, Frontal-Delaunay)
Info    : [ 60%] Meshing surface 4 (BSpline surface, Frontal-Delaunay)
Info    : [ 70%] Meshing surface 5 (Plane, Frontal-Delaunay)
Info    : [ 90%] Meshing surface 6 (Sphere, Frontal-Delaunay)
Info    : Done meshing 2D (Wall 0.673006s, CPU 0.672899s)
Info    : Meshing 3D...
Info    : 3D Meshing 2 volumes with 2 connected components
Info    : Tetrahedrizing 12564 nodes...
Info    : Done tetrahedrizing 12572 nodes (Wall 0.135997s, CPU 0.128014s)
Info    : Reconstructing mesh...
Info    :  - Creating surface mesh
Info    :  - Identifying boundary edges
Info    :  - Recovering boundary
Info    : Done reconstructing mesh (Wall 0.359775s, CPU 0.340756s)
Info    : Found volume 1
Info    : It. 0 - 0 nodes created - worst tet radius 1.06873 (nodes removed 0 0)
Info    : It. 500 - 500 nodes created - worst tet radius 1.00243 (nodes removed 0 0)
Info    : 3D refinement terminated (13362 nodes total):
Info    :  - 0 Delaunay cavities modified for star shapeness
Info    :  - 0 nodes could not be inserted
Info    :  - 43191 tetrahedra created in 0.0317387 sec. (1360831 tets/s)
Info    : 0 node relocations
Info    : Tetrahedrizing 131 nodes...
Info    : Done tetrahedrizing 139 nodes (Wall 0.000745174s, CPU 0.000745s)
Info    : Reconstructing mesh...
Info    :  - Creating surface mesh
Info    :  - Identifying boundary edges
Info    :  - Recovering boundary
Info    : Done reconstructing mesh (Wall 0.00171439s, CPU 0.00171s)
Info    : Found volume 2
Info    : It. 0 - 0 nodes created - worst tet radius 3.11346 (nodes removed 0 0)
Info    : 3D refinement terminated (12774 nodes total):
Info    :  - 0 Delaunay cavities modified for star shapeness
Info    :  - 0 nodes could not be inserted
Info    :  - 474 tetrahedra created in 0.00260707 sec. (181813 tets/s)
Info    : 0 node relocations
Info    : Done meshing 3D (Wall 0.66284s, CPU 0.643791s)
Info    : Optimizing mesh...
Info    : Optimizing volume 1
Info    : Optimization starts (volume = 235.573) with worst = 0.00420637 / average = 0.684057:
Info    : 0.00 < quality < 0.10 :       208 elements
Info    : 0.10 < quality < 0.20 :       450 elements
Info    : 0.20 < quality < 0.30 :       688 elements
Info    : 0.30 < quality < 0.40 :       836 elements
Info    : 0.40 < quality < 0.50 :      1301 elements
Info    : 0.50 < quality < 0.60 :      4203 elements
Info    : 0.60 < quality < 0.70 :     11618 elements
Info    : 0.70 < quality < 0.80 :     19311 elements
Info    : 0.80 < quality < 0.90 :      2555 elements
Info    : 0.90 < quality < 1.00 :      2021 elements
Info    : 1282 edge swaps, 26 node relocations (volume = 235.573): worst = 0.138996 / average = 0.701447 (Wall 0.0158844s, CPU 0.015885s)
Info    : 1322 edge swaps, 26 node relocations (volume = 235.573): worst = 0.148432 / average = 0.70184 (Wall 0.0190975s, CPU 0.019089s)
Info    : 1326 edge swaps, 26 node relocations (volume = 235.573): worst = 0.148432 / average = 0.701889 (Wall 0.0215052s, CPU 0.021497s)
Info    : No ill-shaped tets in the mesh :-)
Info    : 0.00 < quality < 0.10 :         0 elements
Info    : 0.10 < quality < 0.20 :         3 elements
Info    : 0.20 < quality < 0.30 :        11 elements
Info    : 0.30 < quality < 0.40 :       679 elements
Info    : 0.40 < quality < 0.50 :      1091 elements
Info    : 0.50 < quality < 0.60 :      4318 elements
Info    : 0.60 < quality < 0.70 :     12027 elements
Info    : 0.70 < quality < 0.80 :     19103 elements
Info    : 0.80 < quality < 0.90 :      2720 elements
Info    : 0.90 < quality < 1.00 :      2027 elements
Info    : Optimizing volume 2
Info    : Optimization starts (volume = 0.256422) with worst = 0.0624585 / average = 0.751959:
Info    : 0.00 < quality < 0.10 :         1 elements
Info    : 0.10 < quality < 0.20 :         1 elements
Info    : 0.20 < quality < 0.30 :         4 elements
Info    : 0.30 < quality < 0.40 :         8 elements
Info    : 0.40 < quality < 0.50 :         8 elements
Info    : 0.50 < quality < 0.60 :        19 elements
Info    : 0.60 < quality < 0.70 :        80 elements
Info    : 0.70 < quality < 0.80 :       185 elements
Info    : 0.80 < quality < 0.90 :       128 elements
Info    : 0.90 < quality < 1.00 :        40 elements
Info    : 6 edge swaps, 0 node relocations (volume = 0.256422): worst = 0.301484 / average = 0.760976 (Wall 0.00010405s, CPU 0.000105s)
Info    : No ill-shaped tets in the mesh :-)
Info    : 0.00 < quality < 0.10 :         0 elements
Info    : 0.10 < quality < 0.20 :         0 elements
Info    : 0.20 < quality < 0.30 :         0 elements
Info    : 0.30 < quality < 0.40 :         8 elements
Info    : 0.40 < quality < 0.50 :         7 elements
Info    : 0.50 < quality < 0.60 :        16 elements
Info    : 0.60 < quality < 0.70 :        79 elements
Info    : 0.70 < quality < 0.80 :       189 elements
Info    : 0.80 < quality < 0.90 :       129 elements
Info    : 0.90 < quality < 1.00 :        40 elements
Info    : Done optimizing mesh (Wall 0.0453279s, CPU 0.045314s)
Info    : 13934 nodes 69237 elements
Info    : Meshing order 2 (curvilinear on)...
Info    : [  0%] Meshing curve 1 order 2
Info    : [ 10%] Meshing curve 2 order 2
Info    : [ 10%] Meshing curve 3 order 2
Info    : [ 20%] Meshing curve 4 order 2
Info    : [ 20%] Meshing curve 5 order 2
Info    : [ 30%] Meshing curve 6 order 2
Info    : [ 30%] Meshing curve 7 order 2
Info    : [ 40%] Meshing curve 8 order 2
Info    : [ 40%] Meshing curve 9 order 2
Info    : [ 50%] Meshing curve 10 order 2
Info    : [ 50%] Meshing curve 11 order 2
Info    : [ 60%] Meshing curve 12 order 2
Info    : [ 60%] Meshing curve 13 order 2
Info    : [ 70%] Meshing surface 1 order 2
Info    : [ 70%] Meshing surface 2 order 2
Info    : [ 80%] Meshing surface 3 order 2
Info    : [ 80%] Meshing surface 4 order 2
Info    : [ 90%] Meshing surface 5 order 2
Info    : [ 90%] Meshing surface 6 order 2
Info    : [100%] Meshing volume 1 order 2
Info    : [100%] Meshing volume 2 order 2
Info    : Surface mesh: worst distortion = 0.797589 (0 elements in ]0, 0.2]); worst gamma = 0.698313
Info    : Volume mesh: worst distortion = 0.261333 (0 elements in ]0, 0.2])
Info    : Done meshing order 2 (Wall 9.85264s, CPU 9.83258s)
Info    : Writing '/home/user/mscr-mom/현서/scripts/contact_scenarios/fea/matv2wire_mesh_LM50_phiP30_b0_s20.inp'...
Info    : Done writing '/home/user/mscr-mom/현서/scripts/contact_scenarios/fea/matv2wire_mesh_LM50_phiP30_b0_s20.inp'
  [LM50_phiP30_b0] F_mag=0.0225mN  (673.4s)
[LM50_phiP30_b0 3/10] L_M=50.0, phi=30.0, beta=0.0, s=30.0mm, push_depth=0.1mm (wire) ...
Info    : Meshing 1D...
Info    : [  0%] Meshing curve 1 (BSpline)
Info    : [ 10%] Meshing curve 2 (Ellipse)
Info    : [ 20%] Meshing curve 3 (Ellipse)
Info    : [ 30%] Meshing curve 4 (BSpline)
Info    : [ 40%] Meshing curve 5 (BSpline)
Info    : [ 40%] Meshing curve 6 (BSpline)
Info    : [ 50%] Meshing curve 7 (BSpline)
Info    : [ 60%] Meshing curve 8 (BSpline)
Info    : [ 70%] Meshing curve 9 (BSpline)
Info    : [ 70%] Meshing curve 10 (BSpline)
Info    : [ 90%] Meshing curve 12 (Circle)
Info    : Done meshing 1D (Wall 0.0138549s, CPU 0.012826s)
Info    : Meshing 2D...
Info    : [  0%] Meshing surface 1 (Plane, Frontal-Delaunay)
Info    : [ 20%] Meshing surface 2 (Plane, Frontal-Delaunay)
Info    : [ 40%] Meshing surface 3 (BSpline surface, Frontal-Delaunay)
Info    : [ 60%] Meshing surface 4 (BSpline surface, Frontal-Delaunay)
Info    : [ 70%] Meshing surface 5 (Plane, Frontal-Delaunay)
Info    : [ 90%] Meshing surface 6 (Sphere, Frontal-Delaunay)
Info    : Done meshing 2D (Wall 0.674736s, CPU 0.672661s)
Info    : Meshing 3D...
Info    : 3D Meshing 2 volumes with 2 connected components
Info    : Tetrahedrizing 12564 nodes...
Info    : Done tetrahedrizing 12572 nodes (Wall 0.155705s, CPU 0.14571s)
Info    : Reconstructing mesh...
Info    :  - Creating surface mesh
Info    :  - Identifying boundary edges
Info    :  - Recovering boundary
Info    : Done reconstructing mesh (Wall 0.386086s, CPU 0.369047s)
Info    : Found volume 1
Info    : It. 0 - 0 nodes created - worst tet radius 1.06873 (nodes removed 0 0)
Info    : It. 500 - 500 nodes created - worst tet radius 1.00243 (nodes removed 0 0)
Info    : 3D refinement terminated (13362 nodes total):
Info    :  - 0 Delaunay cavities modified for star shapeness
Info    :  - 0 nodes could not be inserted
Info    :  - 43191 tetrahedra created in 0.0377943 sec. (1142789 tets/s)
Info    : 0 node relocations
Info    : Tetrahedrizing 131 nodes...
Info    : Done tetrahedrizing 139 nodes (Wall 0.000790589s, CPU 0.000791s)
Info    : Reconstructing mesh...
Info    :  - Creating surface mesh
Info    :  - Identifying boundary edges
Info    :  - Recovering boundary
Info    : Done reconstructing mesh (Wall 0.00181005s, CPU 0.001806s)
Info    : Found volume 2
Info    : It. 0 - 0 nodes created - worst tet radius 3.11346 (nodes removed 0 0)
Info    : 3D refinement terminated (12774 nodes total):
Info    :  - 0 Delaunay cavities modified for star shapeness
Info    :  - 0 nodes could not be inserted
Info    :  - 474 tetrahedra created in 0.00541833 sec. (87480 tets/s)
Info    : 0 node relocations
Info    : Done meshing 3D (Wall 0.749393s, CPU 0.731328s)
Info    : Optimizing mesh...
Info    : Optimizing volume 1
Info    : Optimization starts (volume = 235.573) with worst = 0.00420637 / average = 0.684057:
Info    : 0.00 < quality < 0.10 :       208 elements
Info    : 0.10 < quality < 0.20 :       450 elements
Info    : 0.20 < quality < 0.30 :       688 elements
Info    : 0.30 < quality < 0.40 :       836 elements
Info    : 0.40 < quality < 0.50 :      1301 elements
Info    : 0.50 < quality < 0.60 :      4203 elements
Info    : 0.60 < quality < 0.70 :     11618 elements
Info    : 0.70 < quality < 0.80 :     19311 elements
Info    : 0.80 < quality < 0.90 :      2555 elements
Info    : 0.90 < quality < 1.00 :      2021 elements
Info    : 1282 edge swaps, 26 node relocations (volume = 235.573): worst = 0.138996 / average = 0.701447 (Wall 0.0148783s, CPU 0.014878s)
Info    : 1322 edge swaps, 26 node relocations (volume = 235.573): worst = 0.148432 / average = 0.70184 (Wall 0.0177563s, CPU 0.017758s)
Info    : 1326 edge swaps, 26 node relocations (volume = 235.573): worst = 0.148432 / average = 0.701889 (Wall 0.0198956s, CPU 0.019898s)
Info    : No ill-shaped tets in the mesh :-)
Info    : 0.00 < quality < 0.10 :         0 elements
Info    : 0.10 < quality < 0.20 :         3 elements
Info    : 0.20 < quality < 0.30 :        11 elements
Info    : 0.30 < quality < 0.40 :       679 elements
Info    : 0.40 < quality < 0.50 :      1091 elements
Info    : 0.50 < quality < 0.60 :      4318 elements
Info    : 0.60 < quality < 0.70 :     12027 elements
Info    : 0.70 < quality < 0.80 :     19103 elements
Info    : 0.80 < quality < 0.90 :      2720 elements
Info    : 0.90 < quality < 1.00 :      2027 elements
Info    : Optimizing volume 2
Info    : Optimization starts (volume = 0.256422) with worst = 0.0624585 / average = 0.751959:
Info    : 0.00 < quality < 0.10 :         1 elements
Info    : 0.10 < quality < 0.20 :         1 elements
Info    : 0.20 < quality < 0.30 :         4 elements
Info    : 0.30 < quality < 0.40 :         8 elements
Info    : 0.40 < quality < 0.50 :         8 elements
Info    : 0.50 < quality < 0.60 :        19 elements
Info    : 0.60 < quality < 0.70 :        80 elements
Info    : 0.70 < quality < 0.80 :       185 elements
Info    : 0.80 < quality < 0.90 :       128 elements
Info    : 0.90 < quality < 1.00 :        40 elements
Info    : 6 edge swaps, 0 node relocations (volume = 0.256422): worst = 0.301484 / average = 0.760976 (Wall 9.00878e-05s, CPU 8.8e-05s)
Info    : No ill-shaped tets in the mesh :-)
Info    : 0.00 < quality < 0.10 :         0 elements
Info    : 0.10 < quality < 0.20 :         0 elements
Info    : 0.20 < quality < 0.30 :         0 elements
Info    : 0.30 < quality < 0.40 :         8 elements
Info    : 0.40 < quality < 0.50 :         7 elements
Info    : 0.50 < quality < 0.60 :        16 elements
Info    : 0.60 < quality < 0.70 :        79 elements
Info    : 0.70 < quality < 0.80 :       189 elements
Info    : 0.80 < quality < 0.90 :       129 elements
Info    : 0.90 < quality < 1.00 :        40 elements
Info    : Done optimizing mesh (Wall 0.053185s, CPU 0.052274s)
Info    : 13934 nodes 69237 elements
Info    : Meshing order 2 (curvilinear on)...
Info    : [  0%] Meshing curve 1 order 2
Info    : [ 10%] Meshing curve 2 order 2
Info    : [ 10%] Meshing curve 3 order 2
Info    : [ 20%] Meshing curve 4 order 2
Info    : [ 20%] Meshing curve 5 order 2
Info    : [ 30%] Meshing curve 6 order 2
Info    : [ 30%] Meshing curve 7 order 2
Info    : [ 40%] Meshing curve 8 order 2
Info    : [ 40%] Meshing curve 9 order 2
Info    : [ 50%] Meshing curve 10 order 2
Info    : [ 50%] Meshing curve 11 order 2
Info    : [ 60%] Meshing curve 12 order 2
Info    : [ 60%] Meshing curve 13 order 2
Info    : [ 70%] Meshing surface 1 order 2
Info    : [ 70%] Meshing surface 2 order 2
Info    : [ 80%] Meshing surface 3 order 2
Info    : [ 80%] Meshing surface 4 order 2
Info    : [ 90%] Meshing surface 5 order 2
Info    : [ 90%] Meshing surface 6 order 2
Info    : [100%] Meshing volume 1 order 2
Info    : [100%] Meshing volume 2 order 2
Info    : Surface mesh: worst distortion = 0.797589 (0 elements in ]0, 0.2]); worst gamma = 0.698313
Info    : Volume mesh: worst distortion = 0.261333 (0 elements in ]0, 0.2])
Info    : Done meshing order 2 (Wall 9.7105s, CPU 9.70637s)
Info    : Writing '/home/user/mscr-mom/현서/scripts/contact_scenarios/fea/matv2wire_mesh_LM50_phiP30_b0_s30.inp'...
Info    : Done writing '/home/user/mscr-mom/현서/scripts/contact_scenarios/fea/matv2wire_mesh_LM50_phiP30_b0_s30.inp'
  [LM50_phiP30_b0] [실패] (907.5s)
[LM50_phiP30_b0 4/10] L_M=50.0, phi=30.0, beta=0.0, s=40.0mm, push_depth=0.1mm (wire) ...
Info    : Meshing 1D...
Info    : [  0%] Meshing curve 1 (BSpline)
Info    : [ 10%] Meshing curve 2 (Ellipse)
Info    : [ 20%] Meshing curve 3 (Ellipse)
Info    : [ 30%] Meshing curve 4 (BSpline)
Info    : [ 40%] Meshing curve 5 (BSpline)
Info    : [ 40%] Meshing curve 6 (BSpline)
Info    : [ 50%] Meshing curve 7 (BSpline)
Info    : [ 60%] Meshing curve 8 (BSpline)
Info    : [ 70%] Meshing curve 9 (BSpline)
Info    : [ 70%] Meshing curve 10 (BSpline)
Info    : [ 90%] Meshing curve 12 (Circle)
Info    : Done meshing 1D (Wall 0.0138555s, CPU 0.01378s)
Info    : Meshing 2D...
Info    : [  0%] Meshing surface 1 (Plane, Frontal-Delaunay)
Info    : [ 20%] Meshing surface 2 (Plane, Frontal-Delaunay)
Info    : [ 40%] Meshing surface 3 (BSpline surface, Frontal-Delaunay)
Info    : [ 60%] Meshing surface 4 (BSpline surface, Frontal-Delaunay)
Info    : [ 70%] Meshing surface 5 (Plane, Frontal-Delaunay)
Info    : [ 90%] Meshing surface 6 (Sphere, Frontal-Delaunay)
Info    : Done meshing 2D (Wall 0.633429s, CPU 0.632231s)
Info    : Meshing 3D...
Info    : 3D Meshing 2 volumes with 2 connected components
Info    : Tetrahedrizing 12564 nodes...
Info    : Done tetrahedrizing 12572 nodes (Wall 0.127367s, CPU 0.118361s)
Info    : Reconstructing mesh...
Info    :  - Creating surface mesh
Info    :  - Identifying boundary edges
Info    :  - Recovering boundary
Info    : Done reconstructing mesh (Wall 0.35131s, CPU 0.33329s)
Info    : Found volume 1
Info    : It. 0 - 0 nodes created - worst tet radius 1.06873 (nodes removed 0 0)
Info    : It. 500 - 500 nodes created - worst tet radius 1.00243 (nodes removed 0 0)
Info    : 3D refinement terminated (13362 nodes total):
Info    :  - 0 Delaunay cavities modified for star shapeness
Info    :  - 0 nodes could not be inserted
Info    :  - 43191 tetrahedra created in 0.0260325 sec. (1659117 tets/s)
Info    : 0 node relocations
Info    : Tetrahedrizing 131 nodes...
Info    : Done tetrahedrizing 139 nodes (Wall 0.000734242s, CPU 0.000735s)
Info    : Reconstructing mesh...
Info    :  - Creating surface mesh
Info    :  - Identifying boundary edges
Info    :  - Recovering boundary
Info    : Done reconstructing mesh (Wall 0.00170007s, CPU 0.001703s)
Info    : Found volume 2
Info    : It. 0 - 0 nodes created - worst tet radius 3.11346 (nodes removed 0 0)
Info    : 3D refinement terminated (12774 nodes total):
Info    :  - 0 Delaunay cavities modified for star shapeness
Info    :  - 0 nodes could not be inserted
Info    :  - 474 tetrahedra created in 0.00231116 sec. (205091 tets/s)
Info    : 0 node relocations
Info    : Done meshing 3D (Wall 0.650343s, CPU 0.632296s)
Info    : Optimizing mesh...
Info    : Optimizing volume 1
Info    : Optimization starts (volume = 235.573) with worst = 0.00420637 / average = 0.684057:
Info    : 0.00 < quality < 0.10 :       208 elements
Info    : 0.10 < quality < 0.20 :       450 elements
Info    : 0.20 < quality < 0.30 :       688 elements
Info    : 0.30 < quality < 0.40 :       836 elements
Info    : 0.40 < quality < 0.50 :      1301 elements
Info    : 0.50 < quality < 0.60 :      4203 elements
Info    : 0.60 < quality < 0.70 :     11618 elements
Info    : 0.70 < quality < 0.80 :     19311 elements
Info    : 0.80 < quality < 0.90 :      2555 elements
Info    : 0.90 < quality < 1.00 :      2021 elements
Info    : 1282 edge swaps, 26 node relocations (volume = 235.573): worst = 0.138996 / average = 0.701447 (Wall 0.0162624s, CPU 0.016261s)
Info    : 1322 edge swaps, 26 node relocations (volume = 235.573): worst = 0.148432 / average = 0.70184 (Wall 0.0196971s, CPU 0.019698s)
Info    : 1326 edge swaps, 26 node relocations (volume = 235.573): worst = 0.148432 / average = 0.701889 (Wall 0.0221765s, CPU 0.022178s)
Info    : No ill-shaped tets in the mesh :-)
Info    : 0.00 < quality < 0.10 :         0 elements
Info    : 0.10 < quality < 0.20 :         3 elements
Info    : 0.20 < quality < 0.30 :        11 elements
Info    : 0.30 < quality < 0.40 :       679 elements
Info    : 0.40 < quality < 0.50 :      1091 elements
Info    : 0.50 < quality < 0.60 :      4318 elements
Info    : 0.60 < quality < 0.70 :     12027 elements
Info    : 0.70 < quality < 0.80 :     19103 elements
Info    : 0.80 < quality < 0.90 :      2720 elements
Info    : 0.90 < quality < 1.00 :      2027 elements
Info    : Optimizing volume 2
Info    : Optimization starts (volume = 0.256422) with worst = 0.0624585 / average = 0.751959:
Info    : 0.00 < quality < 0.10 :         1 elements
Info    : 0.10 < quality < 0.20 :         1 elements
Info    : 0.20 < quality < 0.30 :         4 elements
Info    : 0.30 < quality < 0.40 :         8 elements
Info    : 0.40 < quality < 0.50 :         8 elements
Info    : 0.50 < quality < 0.60 :        19 elements
Info    : 0.60 < quality < 0.70 :        80 elements
Info    : 0.70 < quality < 0.80 :       185 elements
Info    : 0.80 < quality < 0.90 :       128 elements
Info    : 0.90 < quality < 1.00 :        40 elements
Info    : 6 edge swaps, 0 node relocations (volume = 0.256422): worst = 0.301484 / average = 0.760976 (Wall 9.29418e-05s, CPU 9.4e-05s)
Info    : No ill-shaped tets in the mesh :-)
Info    : 0.00 < quality < 0.10 :         0 elements
Info    : 0.10 < quality < 0.20 :         0 elements
Info    : 0.20 < quality < 0.30 :         0 elements
Info    : 0.30 < quality < 0.40 :         8 elements
Info    : 0.40 < quality < 0.50 :         7 elements
Info    : 0.50 < quality < 0.60 :        16 elements
Info    : 0.60 < quality < 0.70 :        79 elements
Info    : 0.70 < quality < 0.80 :       189 elements
Info    : 0.80 < quality < 0.90 :       129 elements
Info    : 0.90 < quality < 1.00 :        40 elements
Info    : Done optimizing mesh (Wall 0.0465915s, CPU 0.046589s)
Info    : 13934 nodes 69237 elements
Info    : Meshing order 2 (curvilinear on)...
Info    : [  0%] Meshing curve 1 order 2
Info    : [ 10%] Meshing curve 2 order 2
Info    : [ 10%] Meshing curve 3 order 2
Info    : [ 20%] Meshing curve 4 order 2
Info    : [ 20%] Meshing curve 5 order 2
Info    : [ 30%] Meshing curve 6 order 2
Info    : [ 30%] Meshing curve 7 order 2
Info    : [ 40%] Meshing curve 8 order 2
Info    : [ 40%] Meshing curve 9 order 2
Info    : [ 50%] Meshing curve 10 order 2
Info    : [ 50%] Meshing curve 11 order 2
Info    : [ 60%] Meshing curve 12 order 2
Info    : [ 60%] Meshing curve 13 order 2
Info    : [ 70%] Meshing surface 1 order 2
Info    : [ 70%] Meshing surface 2 order 2
Info    : [ 80%] Meshing surface 3 order 2
Info    : [ 80%] Meshing surface 4 order 2
Info    : [ 90%] Meshing surface 5 order 2
Info    : [ 90%] Meshing surface 6 order 2
Info    : [100%] Meshing volume 1 order 2
Info    : [100%] Meshing volume 2 order 2
Info    : Surface mesh: worst distortion = 0.797589 (0 elements in ]0, 0.2]); worst gamma = 0.698313
Info    : Volume mesh: worst distortion = 0.261333 (0 elements in ]0, 0.2])
Info    : Done meshing order 2 (Wall 9.85494s, CPU 9.84853s)
Info    : Writing '/home/user/mscr-mom/현서/scripts/contact_scenarios/fea/matv2wire_mesh_LM50_phiP30_b0_s40.inp'...
Info    : Done writing '/home/user/mscr-mom/현서/scripts/contact_scenarios/fea/matv2wire_mesh_LM50_phiP30_b0_s40.inp'
  [LM50_phiP30_b0] [실패] (1212.9s)
[LM50_phiP30_b0 5/10] L_M=50.0, phi=30.0, beta=0.0, s=50.0mm, push_depth=0.1mm (wire) ...
Info    : Meshing 1D...
Info    : [  0%] Meshing curve 1 (BSpline)
Info    : [ 10%] Meshing curve 2 (Ellipse)
Info    : [ 20%] Meshing curve 3 (Ellipse)
Info    : [ 30%] Meshing curve 4 (BSpline)
Info    : [ 40%] Meshing curve 5 (BSpline)
Info    : [ 40%] Meshing curve 6 (BSpline)
Info    : [ 50%] Meshing curve 7 (BSpline)
Info    : [ 60%] Meshing curve 8 (BSpline)
Info    : [ 70%] Meshing curve 9 (BSpline)
Info    : [ 70%] Meshing curve 10 (BSpline)
Info    : [ 90%] Meshing curve 12 (Circle)
Info    : Done meshing 1D (Wall 0.0139406s, CPU 0.013843s)
Info    : Meshing 2D...
Info    : [  0%] Meshing surface 1 (Plane, Frontal-Delaunay)
Info    : [ 20%] Meshing surface 2 (Plane, Frontal-Delaunay)
Info    : [ 40%] Meshing surface 3 (BSpline surface, Frontal-Delaunay)
Info    : [ 60%] Meshing surface 4 (BSpline surface, Frontal-Delaunay)
Info    : [ 70%] Meshing surface 5 (Plane, Frontal-Delaunay)
Info    : [ 90%] Meshing surface 6 (Sphere, Frontal-Delaunay)
Info    : Done meshing 2D (Wall 0.661901s, CPU 0.660469s)
Info    : Meshing 3D...
Info    : 3D Meshing 2 volumes with 2 connected components
Info    : Tetrahedrizing 12564 nodes...
Info    : Done tetrahedrizing 12572 nodes (Wall 0.133022s, CPU 0.124025s)
Info    : Reconstructing mesh...
Info    :  - Creating surface mesh
Info    :  - Identifying boundary edges
Info    :  - Recovering boundary
Info    : Done reconstructing mesh (Wall 0.343126s, CPU 0.325119s)
Info    : Found volume 1
Info    : It. 0 - 0 nodes created - worst tet radius 1.06873 (nodes removed 0 0)
Info    : It. 500 - 500 nodes created - worst tet radius 1.00243 (nodes removed 0 0)
Info    : 3D refinement terminated (13361 nodes total):
Info    :  - 0 Delaunay cavities modified for star shapeness
Info    :  - 0 nodes could not be inserted
Info    :  - 43191 tetrahedra created in 0.0254641 sec. (1696153 tets/s)
Info    : 0 node relocations
Info    : Tetrahedrizing 130 nodes...
Info    : Done tetrahedrizing 138 nodes (Wall 0.000774035s, CPU 0.000775s)
Info    : Reconstructing mesh...
Info    :  - Creating surface mesh
Info    :  - Identifying boundary edges
Info    :  - Recovering boundary
Info    : Done reconstructing mesh (Wall 0.0017614s, CPU 0.001754s)
Info    : Found volume 2
Info    : It. 0 - 0 nodes created - worst tet radius 3.04475 (nodes removed 0 0)
Info    : 3D refinement terminated (12775 nodes total):
Info    :  - 0 Delaunay cavities modified for star shapeness
Info    :  - 0 nodes could not be inserted
Info    :  - 492 tetrahedra created in 0.00250247 sec. (196605 tets/s)
Info    : 0 node relocations
Info    : Done meshing 3D (Wall 0.580791s, CPU 0.562702s)
Info    : Optimizing mesh...
Info    : Optimizing volume 1
Info    : Optimization starts (volume = 235.573) with worst = 0.00420637 / average = 0.684057:
Info    : 0.00 < quality < 0.10 :       208 elements
Info    : 0.10 < quality < 0.20 :       450 elements
Info    : 0.20 < quality < 0.30 :       688 elements
Info    : 0.30 < quality < 0.40 :       836 elements
Info    : 0.40 < quality < 0.50 :      1301 elements
Info    : 0.50 < quality < 0.60 :      4203 elements
Info    : 0.60 < quality < 0.70 :     11618 elements
Info    : 0.70 < quality < 0.80 :     19311 elements
Info    : 0.80 < quality < 0.90 :      2555 elements
Info    : 0.90 < quality < 1.00 :      2021 elements
Info    : 1282 edge swaps, 26 node relocations (volume = 235.573): worst = 0.138996 / average = 0.701447 (Wall 0.0134996s, CPU 0.0135s)
Info    : 1322 edge swaps, 26 node relocations (volume = 235.573): worst = 0.148432 / average = 0.70184 (Wall 0.0159929s, CPU 0.015996s)
Info    : 1326 edge swaps, 26 node relocations (volume = 235.573): worst = 0.148432 / average = 0.701889 (Wall 0.0180142s, CPU 0.018017s)
Info    : No ill-shaped tets in the mesh :-)
Info    : 0.00 < quality < 0.10 :         0 elements
Info    : 0.10 < quality < 0.20 :         3 elements
Info    : 0.20 < quality < 0.30 :        11 elements
Info    : 0.30 < quality < 0.40 :       679 elements
Info    : 0.40 < quality < 0.50 :      1091 elements
Info    : 0.50 < quality < 0.60 :      4318 elements
Info    : 0.60 < quality < 0.70 :     12027 elements
Info    : 0.70 < quality < 0.80 :     19103 elements
Info    : 0.80 < quality < 0.90 :      2720 elements
Info    : 0.90 < quality < 1.00 :      2027 elements
Info    : Optimizing volume 2
Info    : Optimization starts (volume = 0.256435) with worst = 0.0659786 / average = 0.74834:
Info    : 0.00 < quality < 0.10 :         1 elements
Info    : 0.10 < quality < 0.20 :         3 elements
Info    : 0.20 < quality < 0.30 :         6 elements
Info    : 0.30 < quality < 0.40 :        10 elements
Info    : 0.40 < quality < 0.50 :        17 elements
Info    : 0.50 < quality < 0.60 :        17 elements
Info    : 0.60 < quality < 0.70 :        62 elements
Info    : 0.70 < quality < 0.80 :       188 elements
Info    : 0.80 < quality < 0.90 :       151 elements
Info    : 0.90 < quality < 1.00 :        37 elements
Info    : 10 edge swaps, 0 node relocations (volume = 0.256435): worst = 0.317733 / average = 0.761269 (Wall 0.000126722s, CPU 0.000127s)
Info    : No ill-shaped tets in the mesh :-)
Info    : 0.00 < quality < 0.10 :         0 elements
Info    : 0.10 < quality < 0.20 :         0 elements
Info    : 0.20 < quality < 0.30 :         0 elements
Info    : 0.30 < quality < 0.40 :        10 elements
Info    : 0.40 < quality < 0.50 :        15 elements
Info    : 0.50 < quality < 0.60 :        15 elements
Info    : 0.60 < quality < 0.70 :        66 elements
Info    : 0.70 < quality < 0.80 :       188 elements
Info    : 0.80 < quality < 0.90 :       152 elements
Info    : 0.90 < quality < 1.00 :        37 elements
Info    : Done optimizing mesh (Wall 0.0408982s, CPU 0.040898s)
Info    : 13935 nodes 69250 elements
Info    : Meshing order 2 (curvilinear on)...
Info    : [  0%] Meshing curve 1 order 2
Info    : [ 10%] Meshing curve 2 order 2
Info    : [ 10%] Meshing curve 3 order 2
Info    : [ 20%] Meshing curve 4 order 2
Info    : [ 20%] Meshing curve 5 order 2
Info    : [ 30%] Meshing curve 6 order 2
Info    : [ 30%] Meshing curve 7 order 2
Info    : [ 40%] Meshing curve 8 order 2
Info    : [ 40%] Meshing curve 9 order 2
Info    : [ 50%] Meshing curve 10 order 2
Info    : [ 50%] Meshing curve 11 order 2
Info    : [ 60%] Meshing curve 12 order 2
Info    : [ 60%] Meshing curve 13 order 2
Info    : [ 70%] Meshing surface 1 order 2
Info    : [ 70%] Meshing surface 2 order 2
Info    : [ 80%] Meshing surface 3 order 2
Info    : [ 80%] Meshing surface 4 order 2
Info    : [ 90%] Meshing surface 5 order 2
Info    : [ 90%] Meshing surface 6 order 2
Info    : [100%] Meshing volume 1 order 2
Info    : [100%] Meshing volume 2 order 2
Info    : Surface mesh: worst distortion = 0.797589 (0 elements in ]0, 0.2]); worst gamma = 0.698313
Info    : Volume mesh: worst distortion = 0.261333 (0 elements in ]0, 0.2])
Info    : Done meshing order 2 (Wall 9.4413s, CPU 9.43807s)
Info    : Writing '/home/user/mscr-mom/현서/scripts/contact_scenarios/fea/matv2wire_mesh_LM50_phiP30_b0_s50.inp'...
Info    : Done writing '/home/user/mscr-mom/현서/scripts/contact_scenarios/fea/matv2wire_mesh_LM50_phiP30_b0_s50.inp'
  [LM50_phiP30_b0] [실패] (702.5s)
[LM50_phiP30_b0 6/10] L_M=50.0, phi=30.0, beta=0.0, s=60.0mm, push_depth=0.1mm (wire) ...
Info    : Meshing 1D...
Info    : [  0%] Meshing curve 1 (BSpline)
Info    : [ 10%] Meshing curve 2 (Ellipse)
Info    : [ 20%] Meshing curve 3 (Ellipse)
Info    : [ 30%] Meshing curve 4 (BSpline)
Info    : [ 40%] Meshing curve 5 (BSpline)
Info    : [ 40%] Meshing curve 6 (BSpline)
Info    : [ 50%] Meshing curve 7 (BSpline)
Info    : [ 60%] Meshing curve 8 (BSpline)
Info    : [ 70%] Meshing curve 9 (BSpline)
Info    : [ 70%] Meshing curve 10 (BSpline)
Info    : [ 90%] Meshing curve 12 (Circle)
Info    : Done meshing 1D (Wall 0.0131711s, CPU 0.013122s)
Info    : Meshing 2D...
Info    : [  0%] Meshing surface 1 (Plane, Frontal-Delaunay)
Info    : [ 20%] Meshing surface 2 (Plane, Frontal-Delaunay)
Info    : [ 40%] Meshing surface 3 (BSpline surface, Frontal-Delaunay)
Info    : [ 60%] Meshing surface 4 (BSpline surface, Frontal-Delaunay)
Info    : [ 70%] Meshing surface 5 (Plane, Frontal-Delaunay)
Info    : [ 90%] Meshing surface 6 (Sphere, Frontal-Delaunay)
Info    : Done meshing 2D (Wall 0.663943s, CPU 0.663886s)
Info    : Meshing 3D...
Info    : 3D Meshing 2 volumes with 2 connected components
Info    : Tetrahedrizing 12564 nodes...
Info    : Done tetrahedrizing 12572 nodes (Wall 0.140826s, CPU 0.134837s)
Info    : Reconstructing mesh...
Info    :  - Creating surface mesh
Info    :  - Identifying boundary edges
Info    :  - Recovering boundary
Info    : Done reconstructing mesh (Wall 0.357374s, CPU 0.347307s)
Info    : Found volume 1
Info    : It. 0 - 0 nodes created - worst tet radius 1.06873 (nodes removed 0 0)
Info    : It. 500 - 500 nodes created - worst tet radius 1.00243 (nodes removed 0 0)
Info    : 3D refinement terminated (13362 nodes total):
Info    :  - 0 Delaunay cavities modified for star shapeness
Info    :  - 0 nodes could not be inserted
Info    :  - 43191 tetrahedra created in 0.0282552 sec. (1528601 tets/s)
Info    : 0 node relocations
Info    : Tetrahedrizing 131 nodes...
Info    : Done tetrahedrizing 139 nodes (Wall 0.000740347s, CPU 0.00074s)
Info    : Reconstructing mesh...
Info    :  - Creating surface mesh
Info    :  - Identifying boundary edges
Info    :  - Recovering boundary
Info    : Done reconstructing mesh (Wall 0.00171247s, CPU 0.001714s)
Info    : Found volume 2
Info    : It. 0 - 0 nodes created - worst tet radius 3.11346 (nodes removed 0 0)
Info    : 3D refinement terminated (12774 nodes total):
Info    :  - 0 Delaunay cavities modified for star shapeness
Info    :  - 0 nodes could not be inserted
Info    :  - 474 tetrahedra created in 0.00297487 sec. (159334 tets/s)
Info    : 0 node relocations
Info    : Done meshing 3D (Wall 0.646852s, CPU 0.636747s)
Info    : Optimizing mesh...
Info    : Optimizing volume 1
Info    : Optimization starts (volume = 235.573) with worst = 0.00420637 / average = 0.684057:
Info    : 0.00 < quality < 0.10 :       208 elements
Info    : 0.10 < quality < 0.20 :       450 elements
Info    : 0.20 < quality < 0.30 :       688 elements
Info    : 0.30 < quality < 0.40 :       836 elements
Info    : 0.40 < quality < 0.50 :      1301 elements
Info    : 0.50 < quality < 0.60 :      4203 elements
Info    : 0.60 < quality < 0.70 :     11618 elements
Info    : 0.70 < quality < 0.80 :     19311 elements
Info    : 0.80 < quality < 0.90 :      2555 elements
Info    : 0.90 < quality < 1.00 :      2021 elements
Info    : 1282 edge swaps, 26 node relocations (volume = 235.573): worst = 0.138996 / average = 0.701447 (Wall 0.0157897s, CPU 0.015789s)
Info    : 1322 edge swaps, 26 node relocations (volume = 235.573): worst = 0.148432 / average = 0.70184 (Wall 0.0191341s, CPU 0.019134s)
Info    : 1326 edge swaps, 26 node relocations (volume = 235.573): worst = 0.148432 / average = 0.701889 (Wall 0.0217766s, CPU 0.021778s)
Info    : No ill-shaped tets in the mesh :-)
Info    : 0.00 < quality < 0.10 :         0 elements
Info    : 0.10 < quality < 0.20 :         3 elements
Info    : 0.20 < quality < 0.30 :        11 elements
Info    : 0.30 < quality < 0.40 :       679 elements
Info    : 0.40 < quality < 0.50 :      1091 elements
Info    : 0.50 < quality < 0.60 :      4318 elements
Info    : 0.60 < quality < 0.70 :     12027 elements
Info    : 0.70 < quality < 0.80 :     19103 elements
Info    : 0.80 < quality < 0.90 :      2720 elements
Info    : 0.90 < quality < 1.00 :      2027 elements
Info    : Optimizing volume 2
Info    : Optimization starts (volume = 0.256422) with worst = 0.0624585 / average = 0.751959:
Info    : 0.00 < quality < 0.10 :         1 elements
Info    : 0.10 < quality < 0.20 :         1 elements
Info    : 0.20 < quality < 0.30 :         4 elements
Info    : 0.30 < quality < 0.40 :         8 elements
Info    : 0.40 < quality < 0.50 :         8 elements
Info    : 0.50 < quality < 0.60 :        19 elements
Info    : 0.60 < quality < 0.70 :        80 elements
Info    : 0.70 < quality < 0.80 :       185 elements
Info    : 0.80 < quality < 0.90 :       128 elements
Info    : 0.90 < quality < 1.00 :        40 elements
Info    : 6 edge swaps, 0 node relocations (volume = 0.256422): worst = 0.301484 / average = 0.760976 (Wall 0.000103938s, CPU 0.000107s)
Info    : No ill-shaped tets in the mesh :-)
Info    : 0.00 < quality < 0.10 :         0 elements
Info    : 0.10 < quality < 0.20 :         0 elements
Info    : 0.20 < quality < 0.30 :         0 elements
Info    : 0.30 < quality < 0.40 :         8 elements
Info    : 0.40 < quality < 0.50 :         7 elements
Info    : 0.50 < quality < 0.60 :        16 elements
Info    : 0.60 < quality < 0.70 :        79 elements
Info    : 0.70 < quality < 0.80 :       189 elements
Info    : 0.80 < quality < 0.90 :       129 elements
Info    : 0.90 < quality < 1.00 :        40 elements
Info    : Done optimizing mesh (Wall 0.0461746s, CPU 0.046172s)
Info    : 13934 nodes 69237 elements
Info    : Meshing order 2 (curvilinear on)...
Info    : [  0%] Meshing curve 1 order 2
Info    : [ 10%] Meshing curve 2 order 2
Info    : [ 10%] Meshing curve 3 order 2
Info    : [ 20%] Meshing curve 4 order 2
Info    : [ 20%] Meshing curve 5 order 2
Info    : [ 30%] Meshing curve 6 order 2
Info    : [ 30%] Meshing curve 7 order 2
Info    : [ 40%] Meshing curve 8 order 2
Info    : [ 40%] Meshing curve 9 order 2
Info    : [ 50%] Meshing curve 10 order 2
Info    : [ 50%] Meshing curve 11 order 2
Info    : [ 60%] Meshing curve 12 order 2
Info    : [ 60%] Meshing curve 13 order 2
Info    : [ 70%] Meshing surface 1 order 2
Info    : [ 70%] Meshing surface 2 order 2
Info    : [ 80%] Meshing surface 3 order 2
Info    : [ 80%] Meshing surface 4 order 2
Info    : [ 90%] Meshing surface 5 order 2
Info    : [ 90%] Meshing surface 6 order 2
Info    : [100%] Meshing volume 1 order 2
Info    : [100%] Meshing volume 2 order 2
Info    : Surface mesh: worst distortion = 0.797589 (0 elements in ]0, 0.2]); worst gamma = 0.698313
Info    : Volume mesh: worst distortion = 0.261333 (0 elements in ]0, 0.2])
Info    : Done meshing order 2 (Wall 9.62555s, CPU 9.62393s)
Info    : Writing '/home/user/mscr-mom/현서/scripts/contact_scenarios/fea/matv2wire_mesh_LM50_phiP30_b0_s60.inp'...
Info    : Done writing '/home/user/mscr-mom/현서/scripts/contact_scenarios/fea/matv2wire_mesh_LM50_phiP30_b0_s60.inp'
  [LM50_phiP30_b0] F_mag=0.0007mN  (656.7s)
[LM50_phiP30_b0 7/10] L_M=50.0, phi=30.0, beta=0.0, s=70.0mm, push_depth=0.1mm (wire) ...
Info    : Meshing 1D...
Info    : [  0%] Meshing curve 1 (BSpline)
Info    : [ 10%] Meshing curve 2 (Ellipse)
Info    : [ 20%] Meshing curve 3 (Ellipse)
Info    : [ 30%] Meshing curve 4 (BSpline)
Info    : [ 40%] Meshing curve 5 (BSpline)
Info    : [ 40%] Meshing curve 6 (BSpline)
Info    : [ 50%] Meshing curve 7 (BSpline)
Info    : [ 60%] Meshing curve 8 (BSpline)
Info    : [ 70%] Meshing curve 9 (BSpline)
Info    : [ 70%] Meshing curve 10 (BSpline)
Info    : [ 90%] Meshing curve 12 (Circle)
Info    : Done meshing 1D (Wall 0.0134832s, CPU 0.012462s)
Info    : Meshing 2D...
Info    : [  0%] Meshing surface 1 (Plane, Frontal-Delaunay)
Info    : [ 20%] Meshing surface 2 (Plane, Frontal-Delaunay)
Info    : [ 40%] Meshing surface 3 (BSpline surface, Frontal-Delaunay)
Info    : [ 60%] Meshing surface 4 (BSpline surface, Frontal-Delaunay)
Info    : [ 70%] Meshing surface 5 (Plane, Frontal-Delaunay)
Info    : [ 90%] Meshing surface 6 (Sphere, Frontal-Delaunay)
Info    : Done meshing 2D (Wall 0.645415s, CPU 0.64478s)
Info    : Meshing 3D...
Info    : 3D Meshing 2 volumes with 2 connected components
Info    : Tetrahedrizing 12564 nodes...
Info    : Done tetrahedrizing 12572 nodes (Wall 0.131712s, CPU 0.122173s)
Info    : Reconstructing mesh...
Info    :  - Creating surface mesh
Info    :  - Identifying boundary edges
Info    :  - Recovering boundary
Info    : Done reconstructing mesh (Wall 0.342069s, CPU 0.322495s)
Info    : Found volume 1
Info    : It. 0 - 0 nodes created - worst tet radius 1.06873 (nodes removed 0 0)
Info    : It. 500 - 500 nodes created - worst tet radius 1.00243 (nodes removed 0 0)
Info    : 3D refinement terminated (13361 nodes total):
Info    :  - 0 Delaunay cavities modified for star shapeness
Info    :  - 0 nodes could not be inserted
Info    :  - 43191 tetrahedra created in 0.0245111 sec. (1762097 tets/s)
Info    : 0 node relocations
Info    : Tetrahedrizing 130 nodes...
Info    : Done tetrahedrizing 138 nodes (Wall 0.000712027s, CPU 0.000712s)
Info    : Reconstructing mesh...
Info    :  - Creating surface mesh
Info    :  - Identifying boundary edges
Info    :  - Recovering boundary
Info    : Done reconstructing mesh (Wall 0.00171454s, CPU 0.001713s)
Info    : Found volume 2
Info    : It. 0 - 0 nodes created - worst tet radius 3.04475 (nodes removed 0 0)
Info    : 3D refinement terminated (12775 nodes total):
Info    :  - 0 Delaunay cavities modified for star shapeness
Info    :  - 0 nodes could not be inserted
Info    :  - 492 tetrahedra created in 0.00281759 sec. (174617 tets/s)
Info    : 0 node relocations
Info    : Done meshing 3D (Wall 0.614271s, CPU 0.591671s)
Info    : Optimizing mesh...
Info    : Optimizing volume 1
Info    : Optimization starts (volume = 235.573) with worst = 0.00420637 / average = 0.684057:
Info    : 0.00 < quality < 0.10 :       208 elements
Info    : 0.10 < quality < 0.20 :       450 elements
Info    : 0.20 < quality < 0.30 :       688 elements
Info    : 0.30 < quality < 0.40 :       836 elements
Info    : 0.40 < quality < 0.50 :      1301 elements
Info    : 0.50 < quality < 0.60 :      4203 elements
Info    : 0.60 < quality < 0.70 :     11618 elements
Info    : 0.70 < quality < 0.80 :     19311 elements
Info    : 0.80 < quality < 0.90 :      2555 elements
Info    : 0.90 < quality < 1.00 :      2021 elements
Info    : 1282 edge swaps, 26 node relocations (volume = 235.573): worst = 0.138996 / average = 0.701447 (Wall 0.0184297s, CPU 0.017976s)
Info    : 1322 edge swaps, 26 node relocations (volume = 235.573): worst = 0.148432 / average = 0.70184 (Wall 0.0220518s, CPU 0.020611s)
Info    : 1326 edge swaps, 26 node relocations (volume = 235.573): worst = 0.148432 / average = 0.701889 (Wall 0.0249563s, CPU 0.023516s)
Info    : No ill-shaped tets in the mesh :-)
Info    : 0.00 < quality < 0.10 :         0 elements
Info    : 0.10 < quality < 0.20 :         3 elements
Info    : 0.20 < quality < 0.30 :        11 elements
Info    : 0.30 < quality < 0.40 :       679 elements
Info    : 0.40 < quality < 0.50 :      1091 elements
Info    : 0.50 < quality < 0.60 :      4318 elements
Info    : 0.60 < quality < 0.70 :     12027 elements
Info    : 0.70 < quality < 0.80 :     19103 elements
Info    : 0.80 < quality < 0.90 :      2720 elements
Info    : 0.90 < quality < 1.00 :      2027 elements
Info    : Optimizing volume 2
Info    : Optimization starts (volume = 0.256435) with worst = 0.0659786 / average = 0.74834:
Info    : 0.00 < quality < 0.10 :         1 elements
Info    : 0.10 < quality < 0.20 :         3 elements
Info    : 0.20 < quality < 0.30 :         6 elements
Info    : 0.30 < quality < 0.40 :        10 elements
Info    : 0.40 < quality < 0.50 :        17 elements
Info    : 0.50 < quality < 0.60 :        17 elements
Info    : 0.60 < quality < 0.70 :        62 elements
Info    : 0.70 < quality < 0.80 :       188 elements
Info    : 0.80 < quality < 0.90 :       151 elements
Info    : 0.90 < quality < 1.00 :        37 elements
Info    : 10 edge swaps, 0 node relocations (volume = 0.256435): worst = 0.317733 / average = 0.761269 (Wall 0.000126524s, CPU 0.000128s)
Info    : No ill-shaped tets in the mesh :-)
Info    : 0.00 < quality < 0.10 :         0 elements
Info    : 0.10 < quality < 0.20 :         0 elements
Info    : 0.20 < quality < 0.30 :         0 elements
Info    : 0.30 < quality < 0.40 :        10 elements
Info    : 0.40 < quality < 0.50 :        15 elements
Info    : 0.50 < quality < 0.60 :        15 elements
Info    : 0.60 < quality < 0.70 :        66 elements
Info    : 0.70 < quality < 0.80 :       188 elements
Info    : 0.80 < quality < 0.90 :       152 elements
Info    : 0.90 < quality < 1.00 :        37 elements
Info    : Done optimizing mesh (Wall 0.0505418s, CPU 0.049098s)
Info    : 13935 nodes 69250 elements
Info    : Meshing order 2 (curvilinear on)...
Info    : [  0%] Meshing curve 1 order 2
Info    : [ 10%] Meshing curve 2 order 2
Info    : [ 10%] Meshing curve 3 order 2
Info    : [ 20%] Meshing curve 4 order 2
Info    : [ 20%] Meshing curve 5 order 2
Info    : [ 30%] Meshing curve 6 order 2
Info    : [ 30%] Meshing curve 7 order 2
Info    : [ 40%] Meshing curve 8 order 2
Info    : [ 40%] Meshing curve 9 order 2
Info    : [ 50%] Meshing curve 10 order 2
Info    : [ 50%] Meshing curve 11 order 2
Info    : [ 60%] Meshing curve 12 order 2
Info    : [ 60%] Meshing curve 13 order 2
Info    : [ 70%] Meshing surface 1 order 2
Info    : [ 70%] Meshing surface 2 order 2
Info    : [ 80%] Meshing surface 3 order 2
Info    : [ 80%] Meshing surface 4 order 2
Info    : [ 90%] Meshing surface 5 order 2
Info    : [ 90%] Meshing surface 6 order 2
Info    : [100%] Meshing volume 1 order 2
Info    : [100%] Meshing volume 2 order 2
Info    : Surface mesh: worst distortion = 0.797589 (0 elements in ]0, 0.2]); worst gamma = 0.698313
Info    : Volume mesh: worst distortion = 0.261333 (0 elements in ]0, 0.2])
Info    : Done meshing order 2 (Wall 9.73613s, CPU 9.73232s)
Info    : Writing '/home/user/mscr-mom/현서/scripts/contact_scenarios/fea/matv2wire_mesh_LM50_phiP30_b0_s70.inp'...
Info    : Done writing '/home/user/mscr-mom/현서/scripts/contact_scenarios/fea/matv2wire_mesh_LM50_phiP30_b0_s70.inp'
  [LM50_phiP30_b0] F_mag=0.0004mN  (781.4s)
[LM50_phiP30_b0 8/10] L_M=50.0, phi=30.0, beta=0.0, s=80.0mm, push_depth=0.1mm (wire) ...
Info    : Meshing 1D...
Info    : [  0%] Meshing curve 1 (BSpline)
Info    : [ 10%] Meshing curve 2 (Ellipse)
Info    : [ 20%] Meshing curve 3 (Ellipse)
Info    : [ 30%] Meshing curve 4 (BSpline)
Info    : [ 40%] Meshing curve 5 (BSpline)
Info    : [ 40%] Meshing curve 6 (BSpline)
Info    : [ 50%] Meshing curve 7 (BSpline)
Info    : [ 60%] Meshing curve 8 (BSpline)
Info    : [ 70%] Meshing curve 9 (BSpline)
Info    : [ 70%] Meshing curve 10 (BSpline)
Info    : [ 90%] Meshing curve 12 (Circle)
Info    : Done meshing 1D (Wall 0.0135646s, CPU 0.01354s)
Info    : Meshing 2D...
Info    : [  0%] Meshing surface 1 (Plane, Frontal-Delaunay)
Info    : [ 20%] Meshing surface 2 (Plane, Frontal-Delaunay)
Info    : [ 40%] Meshing surface 3 (BSpline surface, Frontal-Delaunay)
Info    : [ 60%] Meshing surface 4 (BSpline surface, Frontal-Delaunay)
Info    : [ 70%] Meshing surface 5 (Plane, Frontal-Delaunay)
Info    : [ 90%] Meshing surface 6 (Sphere, Frontal-Delaunay)
Info    : Done meshing 2D (Wall 0.633384s, CPU 0.633115s)
Info    : Meshing 3D...
Info    : 3D Meshing 2 volumes with 2 connected components
Info    : Tetrahedrizing 12564 nodes...
Info    : Done tetrahedrizing 12572 nodes (Wall 0.119655s, CPU 0.111663s)
Info    : Reconstructing mesh...
Info    :  - Creating surface mesh
Info    :  - Identifying boundary edges
Info    :  - Recovering boundary
Info    : Done reconstructing mesh (Wall 0.329707s, CPU 0.312651s)
Info    : Found volume 1
Info    : It. 0 - 0 nodes created - worst tet radius 1.06873 (nodes removed 0 0)
Info    : It. 500 - 500 nodes created - worst tet radius 1.00243 (nodes removed 0 0)
Info    : 3D refinement terminated (13361 nodes total):
Info    :  - 0 Delaunay cavities modified for star shapeness
Info    :  - 0 nodes could not be inserted
Info    :  - 43191 tetrahedra created in 0.0243307 sec. (1775167 tets/s)
Info    : 0 node relocations
Info    : Tetrahedrizing 130 nodes...
Info    : Done tetrahedrizing 138 nodes (Wall 0.000621527s, CPU 0.000622s)
Info    : Reconstructing mesh...
Info    :  - Creating surface mesh
Info    :  - Identifying boundary edges
Info    :  - Recovering boundary
Info    : Done reconstructing mesh (Wall 0.00152857s, CPU 0.001532s)
Info    : Found volume 2
Info    : It. 0 - 0 nodes created - worst tet radius 3.2176 (nodes removed 0 0)
Info    : 3D refinement terminated (12781 nodes total):
Info    :  - 0 Delaunay cavities modified for star shapeness
Info    :  - 0 nodes could not be inserted
Info    :  - 536 tetrahedra created in 0.00233476 sec. (229573 tets/s)
Info    : 0 node relocations
Info    : Done meshing 3D (Wall 0.575634s, CPU 0.5584s)
Info    : Optimizing mesh...
Info    : Optimizing volume 1
Info    : Optimization starts (volume = 235.573) with worst = 0.00420637 / average = 0.684057:
Info    : 0.00 < quality < 0.10 :       208 elements
Info    : 0.10 < quality < 0.20 :       450 elements
Info    : 0.20 < quality < 0.30 :       688 elements
Info    : 0.30 < quality < 0.40 :       836 elements
Info    : 0.40 < quality < 0.50 :      1301 elements
Info    : 0.50 < quality < 0.60 :      4203 elements
Info    : 0.60 < quality < 0.70 :     11618 elements
Info    : 0.70 < quality < 0.80 :     19311 elements
Info    : 0.80 < quality < 0.90 :      2555 elements
Info    : 0.90 < quality < 1.00 :      2021 elements
Info    : 1282 edge swaps, 26 node relocations (volume = 235.573): worst = 0.138996 / average = 0.701447 (Wall 0.0149707s, CPU 0.014971s)
Info    : 1322 edge swaps, 26 node relocations (volume = 235.573): worst = 0.148432 / average = 0.70184 (Wall 0.0173683s, CPU 0.017371s)
Info    : 1326 edge swaps, 26 node relocations (volume = 235.573): worst = 0.148432 / average = 0.701889 (Wall 0.0192567s, CPU 0.01926s)
Info    : No ill-shaped tets in the mesh :-)
Info    : 0.00 < quality < 0.10 :         0 elements
Info    : 0.10 < quality < 0.20 :         3 elements
Info    : 0.20 < quality < 0.30 :        11 elements
Info    : 0.30 < quality < 0.40 :       679 elements
Info    : 0.40 < quality < 0.50 :      1091 elements
Info    : 0.50 < quality < 0.60 :      4318 elements
Info    : 0.60 < quality < 0.70 :     12027 elements
Info    : 0.70 < quality < 0.80 :     19103 elements
Info    : 0.80 < quality < 0.90 :      2720 elements
Info    : 0.90 < quality < 1.00 :      2027 elements
Info    : Optimizing volume 2
Info    : Optimization starts (volume = 0.256351) with worst = 0.0697665 / average = 0.758296:
Info    : 0.00 < quality < 0.10 :         1 elements
Info    : 0.10 < quality < 0.20 :         4 elements
Info    : 0.20 < quality < 0.30 :         7 elements
Info    : 0.30 < quality < 0.40 :         6 elements
Info    : 0.40 < quality < 0.50 :        18 elements
Info    : 0.50 < quality < 0.60 :        20 elements
Info    : 0.60 < quality < 0.70 :        65 elements
Info    : 0.70 < quality < 0.80 :       181 elements
Info    : 0.80 < quality < 0.90 :       180 elements
Info    : 0.90 < quality < 1.00 :        54 elements
Info    : 12 edge swaps, 6 node relocations (volume = 0.256351): worst = 0.315587 / average = 0.773309 (Wall 0.000156158s, CPU 0.000157s)
Info    : No ill-shaped tets in the mesh :-)
Info    : 0.00 < quality < 0.10 :         0 elements
Info    : 0.10 < quality < 0.20 :         0 elements
Info    : 0.20 < quality < 0.30 :         0 elements
Info    : 0.30 < quality < 0.40 :         7 elements
Info    : 0.40 < quality < 0.50 :        19 elements
Info    : 0.50 < quality < 0.60 :        19 elements
Info    : 0.60 < quality < 0.70 :        63 elements
Info    : 0.70 < quality < 0.80 :       171 elements
Info    : 0.80 < quality < 0.90 :       187 elements
Info    : 0.90 < quality < 1.00 :        60 elements
Info    : Done optimizing mesh (Wall 0.0409894s, CPU 0.040169s)
Info    : 13941 nodes 69293 elements
Info    : Meshing order 2 (curvilinear on)...
Info    : [  0%] Meshing curve 1 order 2
Info    : [ 10%] Meshing curve 2 order 2
Info    : [ 10%] Meshing curve 3 order 2
Info    : [ 20%] Meshing curve 4 order 2
Info    : [ 20%] Meshing curve 5 order 2
Info    : [ 30%] Meshing curve 6 order 2
Info    : [ 30%] Meshing curve 7 order 2
Info    : [ 40%] Meshing curve 8 order 2
Info    : [ 40%] Meshing curve 9 order 2
Info    : [ 50%] Meshing curve 10 order 2
Info    : [ 50%] Meshing curve 11 order 2
Info    : [ 60%] Meshing curve 12 order 2
Info    : [ 60%] Meshing curve 13 order 2
Info    : [ 70%] Meshing surface 1 order 2
Info    : [ 70%] Meshing surface 2 order 2
Info    : [ 80%] Meshing surface 3 order 2
Info    : [ 80%] Meshing surface 4 order 2
Info    : [ 90%] Meshing surface 5 order 2
Info    : [ 90%] Meshing surface 6 order 2
Info    : [100%] Meshing volume 1 order 2
Info    : [100%] Meshing volume 2 order 2
Info    : Surface mesh: worst distortion = 0.797589 (0 elements in ]0, 0.2]); worst gamma = 0.698313
Info    : Volume mesh: worst distortion = 0.261333 (0 elements in ]0, 0.2])
Info    : Done meshing order 2 (Wall 9.49833s, CPU 9.49565s)
Info    : Writing '/home/user/mscr-mom/현서/scripts/contact_scenarios/fea/matv2wire_mesh_LM50_phiP30_b0_s80.inp'...
Info    : Done writing '/home/user/mscr-mom/현서/scripts/contact_scenarios/fea/matv2wire_mesh_LM50_phiP30_b0_s80.inp'
  [LM50_phiP30_b0] [실패] (834.2s)
[LM50_phiP30_b0 9/10] L_M=50.0, phi=30.0, beta=0.0, s=90.0mm, push_depth=0.1mm (wire) ...
Info    : Meshing 1D...
Info    : [  0%] Meshing curve 1 (BSpline)
Info    : [ 10%] Meshing curve 2 (Ellipse)
Info    : [ 20%] Meshing curve 3 (Ellipse)
Info    : [ 30%] Meshing curve 4 (BSpline)
Info    : [ 40%] Meshing curve 5 (BSpline)
Info    : [ 40%] Meshing curve 6 (BSpline)
Info    : [ 50%] Meshing curve 7 (BSpline)
Info    : [ 60%] Meshing curve 8 (BSpline)
Info    : [ 70%] Meshing curve 9 (BSpline)
Info    : [ 70%] Meshing curve 10 (BSpline)
Info    : [ 90%] Meshing curve 12 (Circle)
Info    : Done meshing 1D (Wall 0.0127625s, CPU 0.012715s)
Info    : Meshing 2D...
Info    : [  0%] Meshing surface 1 (Plane, Frontal-Delaunay)
Info    : [ 20%] Meshing surface 2 (Plane, Frontal-Delaunay)
Info    : [ 40%] Meshing surface 3 (BSpline surface, Frontal-Delaunay)
Info    : [ 60%] Meshing surface 4 (BSpline surface, Frontal-Delaunay)
Info    : [ 70%] Meshing surface 5 (Plane, Frontal-Delaunay)
Info    : [ 90%] Meshing surface 6 (Sphere, Frontal-Delaunay)
Info    : Done meshing 2D (Wall 0.617631s, CPU 0.6176s)
Info    : Meshing 3D...
Info    : 3D Meshing 2 volumes with 2 connected components
Info    : Tetrahedrizing 12564 nodes...
Info    : Done tetrahedrizing 12572 nodes (Wall 0.132192s, CPU 0.126199s)
Info    : Reconstructing mesh...
Info    :  - Creating surface mesh
Info    :  - Identifying boundary edges
Info    :  - Recovering boundary
Info    : Done reconstructing mesh (Wall 0.350696s, CPU 0.333696s)
Info    : Found volume 1
Info    : It. 0 - 0 nodes created - worst tet radius 1.06873 (nodes removed 0 0)
Info    : It. 500 - 500 nodes created - worst tet radius 1.00243 (nodes removed 0 0)
Info    : 3D refinement terminated (13362 nodes total):
Info    :  - 0 Delaunay cavities modified for star shapeness
Info    :  - 0 nodes could not be inserted
Info    :  - 43191 tetrahedra created in 0.0271173 sec. (1592745 tets/s)
Info    : 0 node relocations
Info    : Tetrahedrizing 131 nodes...
Info    : Done tetrahedrizing 139 nodes (Wall 0.000685224s, CPU 0.000687s)
Info    : Reconstructing mesh...
Info    :  - Creating surface mesh
Info    :  - Identifying boundary edges
Info    :  - Recovering boundary
Info    : Done reconstructing mesh (Wall 0.00165209s, CPU 0.001651s)
Info    : Found volume 2
Info    : It. 0 - 0 nodes created - worst tet radius 3.16616 (nodes removed 0 0)
Info    : 3D refinement terminated (12775 nodes total):
Info    :  - 3 Delaunay cavities modified for star shapeness
Info    :  - 0 nodes could not be inserted
Info    :  - 485 tetrahedra created in 0.00323771 sec. (149797 tets/s)
Info    : 0 node relocations
Info    : Done meshing 3D (Wall 0.611462s, CPU 0.593417s)
Info    : Optimizing mesh...
Info    : Optimizing volume 1
Info    : Optimization starts (volume = 235.573) with worst = 0.00420637 / average = 0.684057:
Info    : 0.00 < quality < 0.10 :       208 elements
Info    : 0.10 < quality < 0.20 :       450 elements
Info    : 0.20 < quality < 0.30 :       688 elements
Info    : 0.30 < quality < 0.40 :       836 elements
Info    : 0.40 < quality < 0.50 :      1301 elements
Info    : 0.50 < quality < 0.60 :      4203 elements
Info    : 0.60 < quality < 0.70 :     11618 elements
Info    : 0.70 < quality < 0.80 :     19311 elements
Info    : 0.80 < quality < 0.90 :      2555 elements
Info    : 0.90 < quality < 1.00 :      2021 elements
Info    : 1282 edge swaps, 26 node relocations (volume = 235.573): worst = 0.138996 / average = 0.701447 (Wall 0.0128609s, CPU 0.012861s)
Info    : 1322 edge swaps, 26 node relocations (volume = 235.573): worst = 0.148432 / average = 0.70184 (Wall 0.0153749s, CPU 0.015377s)
Info    : 1326 edge swaps, 26 node relocations (volume = 235.573): worst = 0.148432 / average = 0.701889 (Wall 0.017378s, CPU 0.017362s)
Info    : No ill-shaped tets in the mesh :-)
Info    : 0.00 < quality < 0.10 :         0 elements
Info    : 0.10 < quality < 0.20 :         3 elements
Info    : 0.20 < quality < 0.30 :        11 elements
Info    : 0.30 < quality < 0.40 :       679 elements
Info    : 0.40 < quality < 0.50 :      1091 elements
Info    : 0.50 < quality < 0.60 :      4318 elements
Info    : 0.60 < quality < 0.70 :     12027 elements
Info    : 0.70 < quality < 0.80 :     19103 elements
Info    : 0.80 < quality < 0.90 :      2720 elements
Info    : 0.90 < quality < 1.00 :      2027 elements
Info    : Optimizing volume 2
Info    : Optimization starts (volume = 0.255877) with worst = 0.0392082 / average = 0.741478:
Info    : 0.00 < quality < 0.10 :         1 elements
Info    : 0.10 < quality < 0.20 :         3 elements
Info    : 0.20 < quality < 0.30 :         7 elements
Info    : 0.30 < quality < 0.40 :        12 elements
Info    : 0.40 < quality < 0.50 :        18 elements
Info    : 0.50 < quality < 0.60 :        22 elements
Info    : 0.60 < quality < 0.70 :        69 elements
Info    : 0.70 < quality < 0.80 :       164 elements
Info    : 0.80 < quality < 0.90 :       138 elements
Info    : 0.90 < quality < 1.00 :        51 elements
Info    : 11 edge swaps, 0 node relocations (volume = 0.255877): worst = 0.311439 / average = 0.755474 (Wall 0.000128245s, CPU 0.000129s)
Info    : No ill-shaped tets in the mesh :-)
Info    : 0.00 < quality < 0.10 :         0 elements
Info    : 0.10 < quality < 0.20 :         0 elements
Info    : 0.20 < quality < 0.30 :         0 elements
Info    : 0.30 < quality < 0.40 :        13 elements
Info    : 0.40 < quality < 0.50 :        13 elements
Info    : 0.50 < quality < 0.60 :        25 elements
Info    : 0.60 < quality < 0.70 :        65 elements
Info    : 0.70 < quality < 0.80 :       170 elements
Info    : 0.80 < quality < 0.90 :       139 elements
Info    : 0.90 < quality < 1.00 :        50 elements
Info    : Done optimizing mesh (Wall 0.0406463s, CPU 0.040628s)
Info    : 13935 nodes 69244 elements
Info    : Meshing order 2 (curvilinear on)...
Info    : [  0%] Meshing curve 1 order 2
Info    : [ 10%] Meshing curve 2 order 2
Info    : [ 10%] Meshing curve 3 order 2
Info    : [ 20%] Meshing curve 4 order 2
Info    : [ 20%] Meshing curve 5 order 2
Info    : [ 30%] Meshing curve 6 order 2
Info    : [ 30%] Meshing curve 7 order 2
Info    : [ 40%] Meshing curve 8 order 2
Info    : [ 40%] Meshing curve 9 order 2
Info    : [ 50%] Meshing curve 10 order 2
Info    : [ 50%] Meshing curve 11 order 2
Info    : [ 60%] Meshing curve 12 order 2
Info    : [ 60%] Meshing curve 13 order 2
Info    : [ 70%] Meshing surface 1 order 2
Info    : [ 70%] Meshing surface 2 order 2
Info    : [ 80%] Meshing surface 3 order 2
Info    : [ 80%] Meshing surface 4 order 2
Info    : [ 90%] Meshing surface 5 order 2
Info    : [ 90%] Meshing surface 6 order 2
Info    : [100%] Meshing volume 1 order 2
Info    : [100%] Meshing volume 2 order 2
Info    : Surface mesh: worst distortion = 0.797589 (0 elements in ]0, 0.2]); worst gamma = 0.299743
Info    : Volume mesh: worst distortion = 0.261333 (0 elements in ]0, 0.2])
Info    : Done meshing order 2 (Wall 9.43033s, CPU 9.42813s)
Info    : Writing '/home/user/mscr-mom/현서/scripts/contact_scenarios/fea/matv2wire_mesh_LM50_phiP30_b0_s90.inp'...
Info    : Done writing '/home/user/mscr-mom/현서/scripts/contact_scenarios/fea/matv2wire_mesh_LM50_phiP30_b0_s90.inp'
  [LM50_phiP30_b0] [실패] (1200.1s)
[LM50_phiP30_b0 10/10] L_M=50.0, phi=30.0, beta=0.0, s=100.0mm, push_depth=0.1mm (wire) ...
Info    : Meshing 1D...
Info    : [  0%] Meshing curve 1 (BSpline)
Info    : [ 10%] Meshing curve 2 (Ellipse)
Info    : [ 20%] Meshing curve 3 (Ellipse)
Info    : [ 30%] Meshing curve 4 (BSpline)
Info    : [ 40%] Meshing curve 5 (BSpline)
Info    : [ 40%] Meshing curve 6 (BSpline)
Info    : [ 50%] Meshing curve 7 (BSpline)
Info    : [ 60%] Meshing curve 8 (BSpline)
Info    : [ 70%] Meshing curve 9 (BSpline)
Info    : [ 70%] Meshing curve 10 (BSpline)
Info    : [ 90%] Meshing curve 12 (Circle)
Info    : Done meshing 1D (Wall 0.0136401s, CPU 0.013577s)
Info    : Meshing 2D...
Info    : [  0%] Meshing surface 1 (Plane, Frontal-Delaunay)
Info    : [ 20%] Meshing surface 2 (Plane, Frontal-Delaunay)
Info    : [ 40%] Meshing surface 3 (BSpline surface, Frontal-Delaunay)
Info    : [ 60%] Meshing surface 4 (BSpline surface, Frontal-Delaunay)
Info    : [ 70%] Meshing surface 5 (Plane, Frontal-Delaunay)
Info    : [ 90%] Meshing surface 6 (Sphere, Frontal-Delaunay)
Info    : Done meshing 2D (Wall 0.632024s, CPU 0.631944s)
Info    : Meshing 3D...
Info    : 3D Meshing 2 volumes with 2 connected components
Info    : Tetrahedrizing 12564 nodes...
Info    : Done tetrahedrizing 12572 nodes (Wall 0.132287s, CPU 0.1233s)
Info    : Reconstructing mesh...
Info    :  - Creating surface mesh
Info    :  - Identifying boundary edges
Info    :  - Recovering boundary
Info    : Done reconstructing mesh (Wall 0.339751s, CPU 0.318729s)
Info    : Found volume 1
Info    : It. 0 - 0 nodes created - worst tet radius 1.06873 (nodes removed 0 0)
Info    : It. 500 - 500 nodes created - worst tet radius 1.00243 (nodes removed 0 0)
Info    : 3D refinement terminated (13362 nodes total):
Info    :  - 0 Delaunay cavities modified for star shapeness
Info    :  - 0 nodes could not be inserted
Info    :  - 43191 tetrahedra created in 0.02131 sec. (2026796 tets/s)
Info    : 0 node relocations
Info    : Tetrahedrizing 131 nodes...
Info    : Done tetrahedrizing 139 nodes (Wall 0.000679905s, CPU 0.00068s)
Info    : Reconstructing mesh...
Info    :  - Creating surface mesh
Info    :  - Identifying boundary edges
Info    :  - Recovering boundary
Info    : Done reconstructing mesh (Wall 0.00162934s, CPU 0.001629s)
Info    : Found volume 2
Info    : It. 0 - 0 nodes created - worst tet radius 3.16616 (nodes removed 0 0)
Info    : 3D refinement terminated (12775 nodes total):
Info    :  - 3 Delaunay cavities modified for star shapeness
Info    :  - 0 nodes could not be inserted
Info    :  - 485 tetrahedra created in 0.00222384 sec. (218091 tets/s)
Info    : 0 node relocations
Info    : Done meshing 3D (Wall 0.564445s, CPU 0.543403s)
Info    : Optimizing mesh...
Info    : Optimizing volume 1
Info    : Optimization starts (volume = 235.573) with worst = 0.00420637 / average = 0.684057:
Info    : 0.00 < quality < 0.10 :       208 elements
Info    : 0.10 < quality < 0.20 :       450 elements
Info    : 0.20 < quality < 0.30 :       688 elements
Info    : 0.30 < quality < 0.40 :       836 elements
Info    : 0.40 < quality < 0.50 :      1301 elements
Info    : 0.50 < quality < 0.60 :      4203 elements
Info    : 0.60 < quality < 0.70 :     11618 elements
Info    : 0.70 < quality < 0.80 :     19311 elements
Info    : 0.80 < quality < 0.90 :      2555 elements
Info    : 0.90 < quality < 1.00 :      2021 elements
Info    : 1282 edge swaps, 26 node relocations (volume = 235.573): worst = 0.138996 / average = 0.701447 (Wall 0.0110404s, CPU 0.011041s)
Info    : 1322 edge swaps, 26 node relocations (volume = 235.573): worst = 0.148432 / average = 0.70184 (Wall 0.0134314s, CPU 0.013434s)
Info    : 1326 edge swaps, 26 node relocations (volume = 235.573): worst = 0.148432 / average = 0.701889 (Wall 0.0154226s, CPU 0.015426s)
Info    : No ill-shaped tets in the mesh :-)
Info    : 0.00 < quality < 0.10 :         0 elements
Info    : 0.10 < quality < 0.20 :         3 elements
Info    : 0.20 < quality < 0.30 :        11 elements
Info    : 0.30 < quality < 0.40 :       679 elements
Info    : 0.40 < quality < 0.50 :      1091 elements
Info    : 0.50 < quality < 0.60 :      4318 elements
Info    : 0.60 < quality < 0.70 :     12027 elements
Info    : 0.70 < quality < 0.80 :     19103 elements
Info    : 0.80 < quality < 0.90 :      2720 elements
Info    : 0.90 < quality < 1.00 :      2027 elements
Info    : Optimizing volume 2
Info    : Optimization starts (volume = 0.255877) with worst = 0.0392082 / average = 0.741478:
Info    : 0.00 < quality < 0.10 :         1 elements
Info    : 0.10 < quality < 0.20 :         3 elements
Info    : 0.20 < quality < 0.30 :         7 elements
Info    : 0.30 < quality < 0.40 :        12 elements
Info    : 0.40 < quality < 0.50 :        18 elements
Info    : 0.50 < quality < 0.60 :        22 elements
Info    : 0.60 < quality < 0.70 :        69 elements
Info    : 0.70 < quality < 0.80 :       164 elements
Info    : 0.80 < quality < 0.90 :       138 elements
Info    : 0.90 < quality < 1.00 :        51 elements
Info    : 11 edge swaps, 0 node relocations (volume = 0.255877): worst = 0.311439 / average = 0.755474 (Wall 0.000135817s, CPU 0.000136s)
Info    : No ill-shaped tets in the mesh :-)
Info    : 0.00 < quality < 0.10 :         0 elements
Info    : 0.10 < quality < 0.20 :         0 elements
Info    : 0.20 < quality < 0.30 :         0 elements
Info    : 0.30 < quality < 0.40 :        13 elements
Info    : 0.40 < quality < 0.50 :        13 elements
Info    : 0.50 < quality < 0.60 :        25 elements
Info    : 0.60 < quality < 0.70 :        65 elements
Info    : 0.70 < quality < 0.80 :       170 elements
Info    : 0.80 < quality < 0.90 :       139 elements
Info    : 0.90 < quality < 1.00 :        50 elements
Info    : Done optimizing mesh (Wall 0.0375604s, CPU 0.03756s)
Info    : 13935 nodes 69244 elements
Info    : Meshing order 2 (curvilinear on)...
Info    : [  0%] Meshing curve 1 order 2
Info    : [ 10%] Meshing curve 2 order 2
Info    : [ 10%] Meshing curve 3 order 2
Info    : [ 20%] Meshing curve 4 order 2
Info    : [ 20%] Meshing curve 5 order 2
Info    : [ 30%] Meshing curve 6 order 2
Info    : [ 30%] Meshing curve 7 order 2
Info    : [ 40%] Meshing curve 8 order 2
Info    : [ 40%] Meshing curve 9 order 2
Info    : [ 50%] Meshing curve 10 order 2
Info    : [ 50%] Meshing curve 11 order 2
Info    : [ 60%] Meshing curve 12 order 2
Info    : [ 60%] Meshing curve 13 order 2
Info    : [ 70%] Meshing surface 1 order 2
Info    : [ 70%] Meshing surface 2 order 2
Info    : [ 80%] Meshing surface 3 order 2
Info    : [ 80%] Meshing surface 4 order 2
Info    : [ 90%] Meshing surface 5 order 2
Info    : [ 90%] Meshing surface 6 order 2
Info    : [100%] Meshing volume 1 order 2
Info    : [100%] Meshing volume 2 order 2
Info    : Surface mesh: worst distortion = 0.797589 (0 elements in ]0, 0.2]); worst gamma = 0.299743
Info    : Volume mesh: worst distortion = 0.261333 (0 elements in ]0, 0.2])
Info    : Done meshing order 2 (Wall 9.35803s, CPU 9.35537s)
Info    : Writing '/home/user/mscr-mom/현서/scripts/contact_scenarios/fea/matv2wire_mesh_LM50_phiP30_b0_s100.inp'...
Info    : Done writing '/home/user/mscr-mom/현서/scripts/contact_scenarios/fea/matv2wire_mesh_LM50_phiP30_b0_s100.inp'
  [LM50_phiP30_b0] [실패] (875.3s)
[LM50_phiP30_b0] 완료: 4/10 성공
