[DEPTH500_phiN60_d250_b0 1/1] L_M=50.0, phi=-60.0, beta=0.0, s=20.0mm, push_depth=0.25mm ...
Info    : Meshing 1D...
Info    : [  0%] Meshing curve 1 (BSpline)
Info    : [ 10%] Meshing curve 2 (Ellipse)
Info    : [ 20%] Meshing curve 3 (Ellipse)
Info    : [ 30%] Meshing curve 4 (BSpline)
Info    : [ 40%] Meshing curve 5 (BSpline)
Info    : [ 50%] Meshing curve 6 (BSpline)
Info    : [ 60%] Meshing curve 7 (BSpline)
Info    : [ 60%] Meshing curve 8 (BSpline)
Info    : [ 70%] Meshing curve 9 (BSpline)
Info    : [ 90%] Meshing curve 11 (Circle)
Info    : Done meshing 1D (Wall 0.0376543s, CPU 0.03763s)
Info    : Meshing 2D...
Info    : [  0%] Meshing surface 1 (Plane, Frontal-Delaunay)
Info    : [ 20%] Meshing surface 2 (Plane, Frontal-Delaunay)
Info    : [ 40%] Meshing surface 3 (BSpline surface, Frontal-Delaunay)
Info    : [ 60%] Meshing surface 4 (BSpline surface, Frontal-Delaunay)
Info    : [ 70%] Meshing surface 5 (Plane, Frontal-Delaunay)
Info    : [ 90%] Meshing surface 6 (Sphere, Frontal-Delaunay)
Info    : Done meshing 2D (Wall 1.71336s, CPU 1.576s)
Info    : Meshing 3D...
Info    : 3D Meshing 2 volumes with 2 connected components
Info    : Tetrahedrizing 12728 nodes...
Info    : Done tetrahedrizing 12736 nodes (Wall 0.208144s, CPU 0.191984s)
Info    : Reconstructing mesh...
Info    :  - Creating surface mesh
Info    :  - Identifying boundary edges
Info    :  - Recovering boundary
Info    : Done reconstructing mesh (Wall 0.677106s, CPU 0.626362s)
Info    : Found volume 1
Info    : It. 0 - 0 nodes created - worst tet radius 2.31627 (nodes removed 0 0)
Info    : It. 500 - 500 nodes created - worst tet radius 1.00269 (nodes removed 0 0)
Info    : 3D refinement terminated (13848 nodes total):
Info    :  - 0 Delaunay cavities modified for star shapeness
Info    :  - 0 nodes could not be inserted
Info    :  - 43807 tetrahedra created in 0.0566896 sec. (772751 tets/s)
Info    : 0 node relocations
Info    : Tetrahedrizing 412 nodes...
Info    : Done tetrahedrizing 420 nodes (Wall 0.00390616s, CPU 0.003906s)
Info    : Reconstructing mesh...
Info    :  - Creating surface mesh
Info    :  - Identifying boundary edges
Info    :  - Recovering boundary
Info    : Done reconstructing mesh (Wall 0.0103481s, CPU 0.01005s)
Info    : Found volume 2
Info    : It. 0 - 0 nodes created - worst tet radius 5.38978 (nodes removed 0 0)
Info    : 3D refinement terminated (13439 nodes total):
Info    :  - 0 Delaunay cavities modified for star shapeness
Info    :  - 0 nodes could not be inserted
Info    :  - 2726 tetrahedra created in 0.0227575 sec. (119784 tets/s)
Info    : 0 node relocations
Info    : Done meshing 3D (Wall 1.31444s, CPU 1.25836s)
Info    : Optimizing mesh...
Info    : Optimizing volume 1
Info    : Optimization starts (volume = 235.632) with worst = 0.00329965 / average = 0.684616:
Info    : 0.00 < quality < 0.10 :       213 elements
Info    : 0.10 < quality < 0.20 :       420 elements
Info    : 0.20 < quality < 0.30 :       664 elements
Info    : 0.30 < quality < 0.40 :       907 elements
Info    : 0.40 < quality < 0.50 :      1256 elements
Info    : 0.50 < quality < 0.60 :      3977 elements
Info    : 0.60 < quality < 0.70 :     11711 elements
Info    : 0.70 < quality < 0.80 :     20259 elements
Info    : 0.80 < quality < 0.90 :      2501 elements
Info    : 0.90 < quality < 1.00 :      1899 elements
Info    : 1234 edge swaps, 14 node relocations (volume = 235.632): worst = 0.145062 / average = 0.70076 (Wall 0.0388217s, CPU 0.037723s)
Info    : 1282 edge swaps, 14 node relocations (volume = 235.632): worst = 0.165607 / average = 0.701242 (Wall 0.0497508s, CPU 0.048517s)
Info    : 1285 edge swaps, 14 node relocations (volume = 235.632): worst = 0.165607 / average = 0.701267 (Wall 0.0592298s, CPU 0.057896s)
Info    : No ill-shaped tets in the mesh :-)
Info    : 0.00 < quality < 0.10 :         0 elements
Info    : 0.10 < quality < 0.20 :         2 elements
Info    : 0.20 < quality < 0.30 :        15 elements
Info    : 0.30 < quality < 0.40 :       740 elements
Info    : 0.40 < quality < 0.50 :      1111 elements
Info    : 0.50 < quality < 0.60 :      4071 elements
Info    : 0.60 < quality < 0.70 :     12114 elements
Info    : 0.70 < quality < 0.80 :     20053 elements
Info    : 0.80 < quality < 0.90 :      2640 elements
Info    : 0.90 < quality < 1.00 :      1908 elements
Info    : Optimizing volume 2
Info    : Optimization starts (volume = 0.264413) with worst = 0.0551298 / average = 0.757291:
Info    : 0.00 < quality < 0.10 :         6 elements
Info    : 0.10 < quality < 0.20 :        14 elements
Info    : 0.20 < quality < 0.30 :        27 elements
Info    : 0.30 < quality < 0.40 :        56 elements
Info    : 0.40 < quality < 0.50 :        93 elements
Info    : 0.50 < quality < 0.60 :       144 elements
Info    : 0.60 < quality < 0.70 :       374 elements
Info    : 0.70 < quality < 0.80 :       729 elements
Info    : 0.80 < quality < 0.90 :       905 elements
Info    : 0.90 < quality < 1.00 :       378 elements
Info    : 46 edge swaps, 3 node relocations (volume = 0.264413): worst = 0.302484 / average = 0.768486 (Wall 0.0012636s, CPU 0.001018s)
Info    : No ill-shaped tets in the mesh :-)
Info    : 0.00 < quality < 0.10 :         0 elements
Info    : 0.10 < quality < 0.20 :         0 elements
Info    : 0.20 < quality < 0.30 :         0 elements
Info    : 0.30 < quality < 0.40 :        57 elements
Info    : 0.40 < quality < 0.50 :        83 elements
Info    : 0.50 < quality < 0.60 :       143 elements
Info    : 0.60 < quality < 0.70 :       382 elements
Info    : 0.70 < quality < 0.80 :       722 elements
Info    : 0.80 < quality < 0.90 :       914 elements
Info    : 0.90 < quality < 1.00 :       382 elements
Info    : Done optimizing mesh (Wall 0.127585s, CPU 0.124409s)
Info    : 14466 nodes 72858 elements
Info    : Meshing order 2 (curvilinear on)...
Info    : [  0%] Meshing curve 1 order 2
Info    : [ 10%] Meshing curve 2 order 2
Info    : [ 20%] Meshing curve 3 order 2
Info    : [ 20%] Meshing curve 4 order 2
Info    : [ 30%] Meshing curve 5 order 2
Info    : [ 30%] Meshing curve 6 order 2
Info    : [ 40%] Meshing curve 7 order 2
Info    : [ 40%] Meshing curve 8 order 2
Info    : [ 50%] Meshing curve 9 order 2
Info    : [ 50%] Meshing curve 10 order 2
Info    : [ 60%] Meshing curve 11 order 2
Info    : [ 60%] Meshing curve 12 order 2
Info    : [ 70%] Meshing surface 1 order 2
Info    : [ 70%] Meshing surface 2 order 2
Info    : [ 80%] Meshing surface 3 order 2
Info    : [ 80%] Meshing surface 4 order 2
Info    : [ 90%] Meshing surface 5 order 2
Info    : [ 90%] Meshing surface 6 order 2
Info    : [100%] Meshing volume 1 order 2
Info    : [100%] Meshing volume 2 order 2
Info    : Surface mesh: worst distortion = 0.797589 (0 elements in ]0, 0.2]); worst gamma = 0.562637
Info    : Volume mesh: worst distortion = 0.24368 (0 elements in ]0, 0.2])
Info    : Done meshing order 2 (Wall 28.9897s, CPU 27.5889s)
Info    : Writing '/home/user/mscr-mom/현서/scripts/contact_scenarios/fea/matv2_mesh_DEPTH500_phiN60_d250_b0_s20.inp'...
Info    : Done writing '/home/user/mscr-mom/현서/scripts/contact_scenarios/fea/matv2_mesh_DEPTH500_phiN60_d250_b0_s20.inp'
  [DEPTH500_phiN60_d250_b0] F_mag=0.0559mN  (1255.8s)
[DEPTH500_phiN60_d250_b0] 완료: 1/1 성공
