[PHS0_phiN90_b0 1/9] L_M=0.0, phi=-90.0, beta=0.0, s=15.0mm, push_depth=0.1mm ...
Info    : Meshing 1D...
Info    : [  0%] Meshing curve 1 (BSpline)
Info    : [ 10%] Meshing curve 2 (Ellipse)
Info    : [ 20%] Meshing curve 3 (Ellipse)
Info    : [ 30%] Meshing curve 4 (BSpline)
Info    : [ 40%] Meshing curve 5 (BSpline)
Info    : [ 50%] Meshing curve 6 (BSpline)
Info    : [ 60%] Meshing curve 7 (BSpline)
Info    : [ 60%] Meshing curve 8 (BSpline)
Info    : [ 70%] Meshing curve 9 (BSpline)
Info    : [ 90%] Meshing curve 11 (Circle)
Info    : Done meshing 1D (Wall 0.0163162s, CPU 0.016293s)
Info    : Meshing 2D...
Info    : [  0%] Meshing surface 1 (Plane, Frontal-Delaunay)
Info    : [ 20%] Meshing surface 2 (Plane, Frontal-Delaunay)
Info    : [ 40%] Meshing surface 3 (BSpline surface, Frontal-Delaunay)
Info    : [ 60%] Meshing surface 4 (BSpline surface, Frontal-Delaunay)
Info    : [ 70%] Meshing surface 5 (Plane, Frontal-Delaunay)
Info    : [ 90%] Meshing surface 6 (Sphere, Frontal-Delaunay)
Info    : Done meshing 2D (Wall 0.779836s, CPU 0.777853s)
Info    : Meshing 3D...
Info    : 3D Meshing 2 volumes with 2 connected components
Info    : Tetrahedrizing 12468 nodes...
Info    : Done tetrahedrizing 12476 nodes (Wall 0.147352s, CPU 0.140353s)
Info    : Reconstructing mesh...
Info    :  - Creating surface mesh
Info    :  - Identifying boundary edges
Info    :  - Recovering boundary
Info    : Done reconstructing mesh (Wall 0.412739s, CPU 0.385729s)
Info    : Found volume 1
Info    : It. 0 - 0 nodes created - worst tet radius 1.0502 (nodes removed 0 0)
Info    : It. 500 - 500 nodes created - worst tet radius 1.00102 (nodes removed 0 0)
Info    : 3D refinement terminated (13220 nodes total):
Info    :  - 0 Delaunay cavities modified for star shapeness
Info    :  - 0 nodes could not be inserted
Info    :  - 42486 tetrahedra created in 0.034986 sec. (1214372 tets/s)
Info    : 0 node relocations
Info    : Tetrahedrizing 132 nodes...
Info    : Done tetrahedrizing 140 nodes (Wall 0.000820033s, CPU 0.00082s)
Info    : Reconstructing mesh...
Info    :  - Creating surface mesh
Info    :  - Identifying boundary edges
Info    :  - Recovering boundary
Info    : Done reconstructing mesh (Wall 0.00206166s, CPU 0.002065s)
Info    : Found volume 2
Info    : It. 0 - 0 nodes created - worst tet radius 3.06321 (nodes removed 0 0)
Info    : 3D refinement terminated (12680 nodes total):
Info    :  - 0 Delaunay cavities modified for star shapeness
Info    :  - 0 nodes could not be inserted
Info    :  - 482 tetrahedra created in 0.00365683 sec. (131808 tets/s)
Info    : 0 node relocations
Info    : Done meshing 3D (Wall 0.778973s, CPU 0.751927s)
Info    : Optimizing mesh...
Info    : Optimizing volume 1
Info    : Optimization starts (volume = 235.625) with worst = 0.00264786 / average = 0.685273:
Info    : 0.00 < quality < 0.10 :       211 elements
Info    : 0.10 < quality < 0.20 :       443 elements
Info    : 0.20 < quality < 0.30 :       652 elements
Info    : 0.30 < quality < 0.40 :       781 elements
Info    : 0.40 < quality < 0.50 :      1062 elements
Info    : 0.50 < quality < 0.60 :      4076 elements
Info    : 0.60 < quality < 0.70 :     11445 elements
Info    : 0.70 < quality < 0.80 :     19625 elements
Info    : 0.80 < quality < 0.90 :      2334 elements
Info    : 0.90 < quality < 1.00 :      1857 elements
Info    : 1219 edge swaps, 37 node relocations (volume = 235.625): worst = 0.145329 / average = 0.702117 (Wall 0.0147269s, CPU 0.01377s)
Info    : 1277 edge swaps, 38 node relocations (volume = 235.625): worst = 0.145329 / average = 0.702753 (Wall 0.0178778s, CPU 0.016915s)
Info    : No ill-shaped tets in the mesh :-)
Info    : 0.00 < quality < 0.10 :         0 elements
Info    : 0.10 < quality < 0.20 :         4 elements
Info    : 0.20 < quality < 0.30 :        10 elements
Info    : 0.30 < quality < 0.40 :       616 elements
Info    : 0.40 < quality < 0.50 :       936 elements
Info    : 0.50 < quality < 0.60 :      4093 elements
Info    : 0.60 < quality < 0.70 :     11807 elements
Info    : 0.70 < quality < 0.80 :     19454 elements
Info    : 0.80 < quality < 0.90 :      2510 elements
Info    : 0.90 < quality < 1.00 :      1853 elements
Info    : Optimizing volume 2
Info    : Optimization starts (volume = 0.256431) with worst = 0.231525 / average = 0.755948:
Info    : 0.00 < quality < 0.10 :         0 elements
Info    : 0.10 < quality < 0.20 :         0 elements
Info    : 0.20 < quality < 0.30 :         5 elements
Info    : 0.30 < quality < 0.40 :         7 elements
Info    : 0.40 < quality < 0.50 :        11 elements
Info    : 0.50 < quality < 0.60 :        20 elements
Info    : 0.60 < quality < 0.70 :        72 elements
Info    : 0.70 < quality < 0.80 :       195 elements
Info    : 0.80 < quality < 0.90 :       128 elements
Info    : 0.90 < quality < 1.00 :        44 elements
Info    : 5 edge swaps, 0 node relocations (volume = 0.256431): worst = 0.306125 / average = 0.75994 (Wall 0.000109848s, CPU 0.000111s)
Info    : No ill-shaped tets in the mesh :-)
Info    : 0.00 < quality < 0.10 :         0 elements
Info    : 0.10 < quality < 0.20 :         0 elements
Info    : 0.20 < quality < 0.30 :         0 elements
Info    : 0.30 < quality < 0.40 :         9 elements
Info    : 0.40 < quality < 0.50 :        10 elements
Info    : 0.50 < quality < 0.60 :        19 elements
Info    : 0.60 < quality < 0.70 :        73 elements
Info    : 0.70 < quality < 0.80 :       196 elements
Info    : 0.80 < quality < 0.90 :       128 elements
Info    : 0.90 < quality < 1.00 :        44 elements
Info    : Done optimizing mesh (Wall 0.0442171s, CPU 0.043211s)
Info    : 13619 nodes 68240 elements
Info    : Meshing order 2 (curvilinear on)...
Info    : [  0%] Meshing curve 1 order 2
Info    : [ 10%] Meshing curve 2 order 2
Info    : [ 20%] Meshing curve 3 order 2
Info    : [ 20%] Meshing curve 4 order 2
Info    : [ 30%] Meshing curve 5 order 2
Info    : [ 30%] Meshing curve 6 order 2
Info    : [ 40%] Meshing curve 7 order 2
Info    : [ 40%] Meshing curve 8 order 2
Info    : [ 50%] Meshing curve 9 order 2
Info    : [ 50%] Meshing curve 10 order 2
Info    : [ 60%] Meshing curve 11 order 2
Info    : [ 60%] Meshing curve 12 order 2
Info    : [ 70%] Meshing surface 1 order 2
Info    : [ 70%] Meshing surface 2 order 2
Info    : [ 80%] Meshing surface 3 order 2
Info    : [ 80%] Meshing surface 4 order 2
Info    : [ 90%] Meshing surface 5 order 2
Info    : [ 90%] Meshing surface 6 order 2
Info    : [100%] Meshing volume 1 order 2
Info    : [100%] Meshing volume 2 order 2
Info    : Surface mesh: worst distortion = 0.797589 (0 elements in ]0, 0.2]); worst gamma = 0.687756
Info    : Volume mesh: worst distortion = 0.223079 (0 elements in ]0, 0.2])
Info    : Done meshing order 2 (Wall 11.4807s, CPU 11.4802s)
Info    : Writing '/home/user/mscr-mom/현서/scripts/contact_scenarios/fea/matv2_mesh_PHS0_phiN90_b0_s15.inp'...
Info    : Done writing '/home/user/mscr-mom/현서/scripts/contact_scenarios/fea/matv2_mesh_PHS0_phiN90_b0_s15.inp'
