[PST750_phiP120_b0 1/8] L_M=75.0, phi=120.0, beta=0.0, s=62.5mm, push_depth=0.1mm ...
Info    : Meshing 1D...
Info    : [  0%] Meshing curve 1 (BSpline)
Info    : [ 10%] Meshing curve 2 (Ellipse)
Info    : [ 20%] Meshing curve 3 (Ellipse)
Info    : [ 30%] Meshing curve 4 (BSpline)
Info    : [ 40%] Meshing curve 5 (BSpline)
Info    : [ 50%] Meshing curve 6 (BSpline)
Info    : [ 60%] Meshing curve 7 (BSpline)
Info    : [ 60%] Meshing curve 8 (BSpline)
Info    : [ 70%] Meshing curve 9 (BSpline)
Info    : [ 90%] Meshing curve 11 (Circle)
Info    : Done meshing 1D (Wall 0.0242423s, CPU 0.023215s)
Info    : Meshing 2D...
Info    : [  0%] Meshing surface 1 (Plane, Frontal-Delaunay)
Info    : [ 20%] Meshing surface 2 (Plane, Frontal-Delaunay)
Info    : [ 40%] Meshing surface 3 (BSpline surface, Frontal-Delaunay)
Info    : [ 60%] Meshing surface 4 (BSpline surface, Frontal-Delaunay)
Info    : [ 70%] Meshing surface 5 (Plane, Frontal-Delaunay)
Info    : [ 90%] Meshing surface 6 (Sphere, Frontal-Delaunay)
Info    : Done meshing 2D (Wall 0.694632s, CPU 0.68657s)
Info    : Meshing 3D...
Info    : 3D Meshing 2 volumes with 2 connected components
Info    : Tetrahedrizing 12491 nodes...
Info    : Done tetrahedrizing 12499 nodes (Wall 0.157246s, CPU 0.146211s)
Info    : Reconstructing mesh...
Info    :  - Creating surface mesh
Info    :  - Identifying boundary edges
Info    :  - Recovering boundary
Info    : Done reconstructing mesh (Wall 0.420923s, CPU 0.386816s)
Info    : Found volume 1
Info    : It. 0 - 0 nodes created - worst tet radius 1.04362 (nodes removed 0 0)
Info    : 3D refinement terminated (13015 nodes total):
Info    :  - 0 Delaunay cavities modified for star shapeness
Info    :  - 0 nodes could not be inserted
Info    :  - 40983 tetrahedra created in 0.0222905 sec. (1838587 tets/s)
Info    : 0 node relocations
Info    : Tetrahedrizing 132 nodes...
Info    : Done tetrahedrizing 140 nodes (Wall 0.000718838s, CPU 0.000718s)
Info    : Reconstructing mesh...
Info    :  - Creating surface mesh
Info    :  - Identifying boundary edges
Info    :  - Recovering boundary
Info    : Done reconstructing mesh (Wall 0.00158969s, CPU 0.001594s)
Info    : Found volume 2
Info    : It. 0 - 0 nodes created - worst tet radius 3.04804 (nodes removed 0 0)
Info    : 3D refinement terminated (12703 nodes total):
Info    :  - 1 Delaunay cavities modified for star shapeness
Info    :  - 0 nodes could not be inserted
Info    :  - 486 tetrahedra created in 0.0022887 sec. (212347 tets/s)
Info    : 0 node relocations
Info    : Done meshing 3D (Wall 0.714747s, CPU 0.680479s)
Info    : Optimizing mesh...
Info    : Optimizing volume 1
Info    : Optimization starts (volume = 235.595) with worst = 0.00317486 / average = 0.680302:
Info    : 0.00 < quality < 0.10 :       180 elements
Info    : 0.10 < quality < 0.20 :       410 elements
Info    : 0.20 < quality < 0.30 :       607 elements
Info    : 0.30 < quality < 0.40 :       823 elements
Info    : 0.40 < quality < 0.50 :      1320 elements
Info    : 0.50 < quality < 0.60 :      3428 elements
Info    : 0.60 < quality < 0.70 :     10842 elements
Info    : 0.70 < quality < 0.80 :     20840 elements
Info    : 0.80 < quality < 0.90 :      1442 elements
Info    : 0.90 < quality < 1.00 :      1091 elements
Info    : 1154 edge swaps, 16 node relocations (volume = 235.595): worst = 0.10135 / average = 0.696186 (Wall 0.0131068s, CPU 0.013106s)
Info    : 1206 edge swaps, 19 node relocations (volume = 235.595): worst = 0.143763 / average = 0.696704 (Wall 0.0160358s, CPU 0.016037s)
Info    : 1214 edge swaps, 20 node relocations (volume = 235.595): worst = 0.143763 / average = 0.696783 (Wall 0.0180621s, CPU 0.018065s)
Info    : No ill-shaped tets in the mesh :-)
Info    : 0.00 < quality < 0.10 :         0 elements
Info    : 0.10 < quality < 0.20 :         5 elements
Info    : 0.20 < quality < 0.30 :        17 elements
Info    : 0.30 < quality < 0.40 :       747 elements
Info    : 0.40 < quality < 0.50 :      1048 elements
Info    : 0.50 < quality < 0.60 :      3378 elements
Info    : 0.60 < quality < 0.70 :     11462 elements
Info    : 0.70 < quality < 0.80 :     20621 elements
Info    : 0.80 < quality < 0.90 :      1549 elements
Info    : 0.90 < quality < 1.00 :      1087 elements
Info    : Optimizing volume 2
Info    : Optimization starts (volume = 0.256478) with worst = 0.104083 / average = 0.74788:
Info    : 0.00 < quality < 0.10 :         0 elements
Info    : 0.10 < quality < 0.20 :         2 elements
Info    : 0.20 < quality < 0.30 :         5 elements
Info    : 0.30 < quality < 0.40 :        11 elements
Info    : 0.40 < quality < 0.50 :        16 elements
Info    : 0.50 < quality < 0.60 :        25 elements
Info    : 0.60 < quality < 0.70 :        67 elements
Info    : 0.70 < quality < 0.80 :       169 elements
Info    : 0.80 < quality < 0.90 :       150 elements
Info    : 0.90 < quality < 1.00 :        41 elements
Info    : 6 edge swaps, 0 node relocations (volume = 0.256478): worst = 0.31836 / average = 0.757034 (Wall 0.000101564s, CPU 0s)
Info    : No ill-shaped tets in the mesh :-)
Info    : 0.00 < quality < 0.10 :         0 elements
Info    : 0.10 < quality < 0.20 :         0 elements
Info    : 0.20 < quality < 0.30 :         0 elements
Info    : 0.30 < quality < 0.40 :        10 elements
Info    : 0.40 < quality < 0.50 :        15 elements
Info    : 0.50 < quality < 0.60 :        25 elements
Info    : 0.60 < quality < 0.70 :        69 elements
Info    : 0.70 < quality < 0.80 :       169 elements
Info    : 0.80 < quality < 0.90 :       151 elements
Info    : 0.90 < quality < 1.00 :        41 elements
Info    : Done optimizing mesh (Wall 0.0395064s, CPU 0.038607s)
Info    : 13414 nodes 66859 elements
Info    : Meshing order 2 (curvilinear on)...
Info    : [  0%] Meshing curve 1 order 2
Info    : [ 10%] Meshing curve 2 order 2
Info    : [ 20%] Meshing curve 3 order 2
Info    : [ 20%] Meshing curve 4 order 2
Info    : [ 30%] Meshing curve 5 order 2
Info    : [ 30%] Meshing curve 6 order 2
Info    : [ 40%] Meshing curve 7 order 2
Info    : [ 40%] Meshing curve 8 order 2
Info    : [ 50%] Meshing curve 9 order 2
Info    : [ 50%] Meshing curve 10 order 2
Info    : [ 60%] Meshing curve 11 order 2
Info    : [ 60%] Meshing curve 12 order 2
Info    : [ 70%] Meshing surface 1 order 2
Info    : [ 70%] Meshing surface 2 order 2
Info    : [ 80%] Meshing surface 3 order 2
Info    : [ 80%] Meshing surface 4 order 2
Info    : [ 90%] Meshing surface 5 order 2
Info    : [ 90%] Meshing surface 6 order 2
Info    : [100%] Meshing volume 1 order 2
Info    : [100%] Meshing volume 2 order 2
Info    : Surface mesh: worst distortion = 0.797589 (0 elements in ]0, 0.2]); worst gamma = 0.562417
Info    : Volume mesh: worst distortion = 0.252129 (0 elements in ]0, 0.2])
Info    : Done meshing order 2 (Wall 14.1886s, CPU 14.1839s)
Info    : Writing '/home/user/mscr-mom/현서/scripts/contact_scenarios/fea/matv2_mesh_PST750_phiP120_b0_s62.inp'...
Info    : Done writing '/home/user/mscr-mom/현서/scripts/contact_scenarios/fea/matv2_mesh_PST750_phiP120_b0_s62.inp'
  [PST750_phiP120_b0] [실패] (689.7s)
[PST750_phiP120_b0 2/8] L_M=75.0, phi=120.0, beta=0.0, s=67.5mm, push_depth=0.1mm ...
Info    : Meshing 1D...
Info    : [  0%] Meshing curve 1 (BSpline)
Info    : [ 10%] Meshing curve 2 (Ellipse)
Info    : [ 20%] Meshing curve 3 (Ellipse)
Info    : [ 30%] Meshing curve 4 (BSpline)
Info    : [ 40%] Meshing curve 5 (BSpline)
Info    : [ 50%] Meshing curve 6 (BSpline)
Info    : [ 60%] Meshing curve 7 (BSpline)
Info    : [ 60%] Meshing curve 8 (BSpline)
Info    : [ 70%] Meshing curve 9 (BSpline)
Info    : [ 90%] Meshing curve 11 (Circle)
Info    : Done meshing 1D (Wall 0.0234706s, CPU 0.022491s)
Info    : Meshing 2D...
Info    : [  0%] Meshing surface 1 (Plane, Frontal-Delaunay)
Info    : [ 20%] Meshing surface 2 (Plane, Frontal-Delaunay)
Info    : [ 40%] Meshing surface 3 (BSpline surface, Frontal-Delaunay)
Info    : [ 60%] Meshing surface 4 (BSpline surface, Frontal-Delaunay)
Info    : [ 70%] Meshing surface 5 (Plane, Frontal-Delaunay)
Info    : [ 90%] Meshing surface 6 (Sphere, Frontal-Delaunay)
Info    : Done meshing 2D (Wall 0.697069s, CPU 0.696984s)
Info    : Meshing 3D...
Info    : 3D Meshing 2 volumes with 2 connected components
Info    : Tetrahedrizing 12491 nodes...
Info    : Done tetrahedrizing 12499 nodes (Wall 0.149808s, CPU 0.147781s)
Info    : Reconstructing mesh...
Info    :  - Creating surface mesh
Info    :  - Identifying boundary edges
Info    :  - Recovering boundary
Info    : Done reconstructing mesh (Wall 0.382147s, CPU 0.371049s)
Info    : Found volume 1
Info    : It. 0 - 0 nodes created - worst tet radius 1.04362 (nodes removed 0 0)
Info    : 3D refinement terminated (13015 nodes total):
Info    :  - 0 Delaunay cavities modified for star shapeness
Info    :  - 0 nodes could not be inserted
Info    :  - 40983 tetrahedra created in 0.0209627 sec. (1955048 tets/s)
Info    : 0 node relocations
Info    : Tetrahedrizing 132 nodes...
Info    : Done tetrahedrizing 140 nodes (Wall 0.000716344s, CPU 0.000717s)
Info    : Reconstructing mesh...
Info    :  - Creating surface mesh
Info    :  - Identifying boundary edges
Info    :  - Recovering boundary
Info    : Done reconstructing mesh (Wall 0.00161376s, CPU 0.00162s)
Info    : Found volume 2
Info    : It. 0 - 0 nodes created - worst tet radius 3.04804 (nodes removed 0 0)
Info    : 3D refinement terminated (12703 nodes total):
Info    :  - 1 Delaunay cavities modified for star shapeness
Info    :  - 0 nodes could not be inserted
Info    :  - 486 tetrahedra created in 0.00615365 sec. (78977 tets/s)
Info    : 0 node relocations
Info    : Done meshing 3D (Wall 0.689705s, CPU 0.678011s)
Info    : Optimizing mesh...
Info    : Optimizing volume 1
Info    : Optimization starts (volume = 235.595) with worst = 0.00317486 / average = 0.680302:
Info    : 0.00 < quality < 0.10 :       180 elements
Info    : 0.10 < quality < 0.20 :       410 elements
Info    : 0.20 < quality < 0.30 :       607 elements
Info    : 0.30 < quality < 0.40 :       823 elements
Info    : 0.40 < quality < 0.50 :      1320 elements
Info    : 0.50 < quality < 0.60 :      3428 elements
Info    : 0.60 < quality < 0.70 :     10842 elements
Info    : 0.70 < quality < 0.80 :     20840 elements
Info    : 0.80 < quality < 0.90 :      1442 elements
Info    : 0.90 < quality < 1.00 :      1091 elements
Info    : 1154 edge swaps, 16 node relocations (volume = 235.595): worst = 0.10135 / average = 0.696186 (Wall 0.0126688s, CPU 0.012646s)
Info    : 1206 edge swaps, 19 node relocations (volume = 235.595): worst = 0.143763 / average = 0.696704 (Wall 0.0160763s, CPU 0.016054s)
Info    : 1214 edge swaps, 20 node relocations (volume = 235.595): worst = 0.143763 / average = 0.696783 (Wall 0.0183561s, CPU 0.018336s)
Info    : No ill-shaped tets in the mesh :-)
Info    : 0.00 < quality < 0.10 :         0 elements
Info    : 0.10 < quality < 0.20 :         5 elements
Info    : 0.20 < quality < 0.30 :        17 elements
Info    : 0.30 < quality < 0.40 :       747 elements
Info    : 0.40 < quality < 0.50 :      1048 elements
Info    : 0.50 < quality < 0.60 :      3378 elements
Info    : 0.60 < quality < 0.70 :     11462 elements
Info    : 0.70 < quality < 0.80 :     20621 elements
Info    : 0.80 < quality < 0.90 :      1549 elements
Info    : 0.90 < quality < 1.00 :      1087 elements
Info    : Optimizing volume 2
Info    : Optimization starts (volume = 0.256478) with worst = 0.104083 / average = 0.74788:
Info    : 0.00 < quality < 0.10 :         0 elements
Info    : 0.10 < quality < 0.20 :         2 elements
Info    : 0.20 < quality < 0.30 :         5 elements
Info    : 0.30 < quality < 0.40 :        11 elements
Info    : 0.40 < quality < 0.50 :        16 elements
Info    : 0.50 < quality < 0.60 :        25 elements
Info    : 0.60 < quality < 0.70 :        67 elements
Info    : 0.70 < quality < 0.80 :       169 elements
Info    : 0.80 < quality < 0.90 :       150 elements
Info    : 0.90 < quality < 1.00 :        41 elements
Info    : 6 edge swaps, 0 node relocations (volume = 0.256478): worst = 0.31836 / average = 0.757034 (Wall 9.85712e-05s, CPU 0.0001s)
Info    : No ill-shaped tets in the mesh :-)
Info    : 0.00 < quality < 0.10 :         0 elements
Info    : 0.10 < quality < 0.20 :         0 elements
Info    : 0.20 < quality < 0.30 :         0 elements
Info    : 0.30 < quality < 0.40 :        10 elements
Info    : 0.40 < quality < 0.50 :        15 elements
Info    : 0.50 < quality < 0.60 :        25 elements
Info    : 0.60 < quality < 0.70 :        69 elements
Info    : 0.70 < quality < 0.80 :       169 elements
Info    : 0.80 < quality < 0.90 :       151 elements
Info    : 0.90 < quality < 1.00 :        41 elements
Info    : Done optimizing mesh (Wall 0.0517523s, CPU 0.050698s)
Info    : 13414 nodes 66859 elements
Info    : Meshing order 2 (curvilinear on)...
Info    : [  0%] Meshing curve 1 order 2
Info    : [ 10%] Meshing curve 2 order 2
Info    : [ 20%] Meshing curve 3 order 2
Info    : [ 20%] Meshing curve 4 order 2
Info    : [ 30%] Meshing curve 5 order 2
Info    : [ 30%] Meshing curve 6 order 2
Info    : [ 40%] Meshing curve 7 order 2
Info    : [ 40%] Meshing curve 8 order 2
Info    : [ 50%] Meshing curve 9 order 2
Info    : [ 50%] Meshing curve 10 order 2
Info    : [ 60%] Meshing curve 11 order 2
Info    : [ 60%] Meshing curve 12 order 2
Info    : [ 70%] Meshing surface 1 order 2
Info    : [ 70%] Meshing surface 2 order 2
Info    : [ 80%] Meshing surface 3 order 2
Info    : [ 80%] Meshing surface 4 order 2
Info    : [ 90%] Meshing surface 5 order 2
Info    : [ 90%] Meshing surface 6 order 2
Info    : [100%] Meshing volume 1 order 2
Info    : [100%] Meshing volume 2 order 2
Info    : Surface mesh: worst distortion = 0.797589 (0 elements in ]0, 0.2]); worst gamma = 0.562417
Info    : Volume mesh: worst distortion = 0.252129 (0 elements in ]0, 0.2])
Info    : Done meshing order 2 (Wall 14.2554s, CPU 14.2361s)
Info    : Writing '/home/user/mscr-mom/현서/scripts/contact_scenarios/fea/matv2_mesh_PST750_phiP120_b0_s68.inp'...
Info    : Done writing '/home/user/mscr-mom/현서/scripts/contact_scenarios/fea/matv2_mesh_PST750_phiP120_b0_s68.inp'
  [PST750_phiP120_b0] [실패] (236.3s)
[PST750_phiP120_b0 3/8] L_M=75.0, phi=120.0, beta=0.0, s=72.5mm, push_depth=0.1mm ...
Info    : Meshing 1D...
Info    : [  0%] Meshing curve 1 (BSpline)
Info    : [ 10%] Meshing curve 2 (Ellipse)
Info    : [ 20%] Meshing curve 3 (Ellipse)
Info    : [ 30%] Meshing curve 4 (BSpline)
Info    : [ 40%] Meshing curve 5 (BSpline)
Info    : [ 50%] Meshing curve 6 (BSpline)
Info    : [ 60%] Meshing curve 7 (BSpline)
Info    : [ 60%] Meshing curve 8 (BSpline)
Info    : [ 70%] Meshing curve 9 (BSpline)
Info    : [ 90%] Meshing curve 11 (Circle)
Info    : Done meshing 1D (Wall 0.0237753s, CPU 0.023734s)
Info    : Meshing 2D...
Info    : [  0%] Meshing surface 1 (Plane, Frontal-Delaunay)
Info    : [ 20%] Meshing surface 2 (Plane, Frontal-Delaunay)
Info    : [ 40%] Meshing surface 3 (BSpline surface, Frontal-Delaunay)
Info    : [ 60%] Meshing surface 4 (BSpline surface, Frontal-Delaunay)
Info    : [ 70%] Meshing surface 5 (Plane, Frontal-Delaunay)
Info    : [ 90%] Meshing surface 6 (Sphere, Frontal-Delaunay)
Info    : Done meshing 2D (Wall 0.704182s, CPU 0.704143s)
Info    : Meshing 3D...
Info    : 3D Meshing 2 volumes with 2 connected components
Info    : Tetrahedrizing 12491 nodes...
Info    : Done tetrahedrizing 12499 nodes (Wall 0.156485s, CPU 0.144494s)
Info    : Reconstructing mesh...
Info    :  - Creating surface mesh
Info    :  - Identifying boundary edges
Info    :  - Recovering boundary
Info    : Done reconstructing mesh (Wall 0.365185s, CPU 0.346107s)
Info    : Found volume 1
Info    : It. 0 - 0 nodes created - worst tet radius 1.04362 (nodes removed 0 0)
Info    : 3D refinement terminated (13015 nodes total):
Info    :  - 0 Delaunay cavities modified for star shapeness
Info    :  - 0 nodes could not be inserted
Info    :  - 40983 tetrahedra created in 0.023737 sec. (1726548 tets/s)
Info    : 0 node relocations
Info    : Tetrahedrizing 132 nodes...
Info    : Done tetrahedrizing 140 nodes (Wall 0.000843273s, CPU 0.000844s)
Info    : Reconstructing mesh...
Info    :  - Creating surface mesh
Info    :  - Identifying boundary edges
Info    :  - Recovering boundary
Info    : Done reconstructing mesh (Wall 0.00190017s, CPU 0.001905s)
Info    : Found volume 2
Info    : It. 0 - 0 nodes created - worst tet radius 3.04804 (nodes removed 0 0)
Info    : 3D refinement terminated (12703 nodes total):
Info    :  - 1 Delaunay cavities modified for star shapeness
Info    :  - 0 nodes could not be inserted
Info    :  - 486 tetrahedra created in 0.00476118 sec. (102075 tets/s)
Info    : 0 node relocations
Info    : Done meshing 3D (Wall 0.673138s, CPU 0.652805s)
Info    : Optimizing mesh...
Info    : Optimizing volume 1
Info    : Optimization starts (volume = 235.595) with worst = 0.00317486 / average = 0.680302:
Info    : 0.00 < quality < 0.10 :       180 elements
Info    : 0.10 < quality < 0.20 :       410 elements
Info    : 0.20 < quality < 0.30 :       607 elements
Info    : 0.30 < quality < 0.40 :       823 elements
Info    : 0.40 < quality < 0.50 :      1320 elements
Info    : 0.50 < quality < 0.60 :      3428 elements
Info    : 0.60 < quality < 0.70 :     10842 elements
Info    : 0.70 < quality < 0.80 :     20840 elements
Info    : 0.80 < quality < 0.90 :      1442 elements
Info    : 0.90 < quality < 1.00 :      1091 elements
Info    : 1154 edge swaps, 16 node relocations (volume = 235.595): worst = 0.10135 / average = 0.696186 (Wall 0.0207763s, CPU 0.019811s)
Info    : 1206 edge swaps, 19 node relocations (volume = 235.595): worst = 0.143763 / average = 0.696704 (Wall 0.0242672s, CPU 0.023163s)
Info    : 1214 edge swaps, 20 node relocations (volume = 235.595): worst = 0.143763 / average = 0.696783 (Wall 0.0266788s, CPU 0.025531s)
Info    : No ill-shaped tets in the mesh :-)
Info    : 0.00 < quality < 0.10 :         0 elements
Info    : 0.10 < quality < 0.20 :         5 elements
Info    : 0.20 < quality < 0.30 :        17 elements
Info    : 0.30 < quality < 0.40 :       747 elements
Info    : 0.40 < quality < 0.50 :      1048 elements
Info    : 0.50 < quality < 0.60 :      3378 elements
Info    : 0.60 < quality < 0.70 :     11462 elements
Info    : 0.70 < quality < 0.80 :     20621 elements
Info    : 0.80 < quality < 0.90 :      1549 elements
Info    : 0.90 < quality < 1.00 :      1087 elements
Info    : Optimizing volume 2
Info    : Optimization starts (volume = 0.256478) with worst = 0.104083 / average = 0.74788:
Info    : 0.00 < quality < 0.10 :         0 elements
Info    : 0.10 < quality < 0.20 :         2 elements
Info    : 0.20 < quality < 0.30 :         5 elements
Info    : 0.30 < quality < 0.40 :        11 elements
Info    : 0.40 < quality < 0.50 :        16 elements
Info    : 0.50 < quality < 0.60 :        25 elements
Info    : 0.60 < quality < 0.70 :        67 elements
Info    : 0.70 < quality < 0.80 :       169 elements
Info    : 0.80 < quality < 0.90 :       150 elements
Info    : 0.90 < quality < 1.00 :        41 elements
Info    : 6 edge swaps, 0 node relocations (volume = 0.256478): worst = 0.31836 / average = 0.757034 (Wall 9.44035e-05s, CPU 9.5e-05s)
Info    : No ill-shaped tets in the mesh :-)
Info    : 0.00 < quality < 0.10 :         0 elements
Info    : 0.10 < quality < 0.20 :         0 elements
Info    : 0.20 < quality < 0.30 :         0 elements
Info    : 0.30 < quality < 0.40 :        10 elements
Info    : 0.40 < quality < 0.50 :        15 elements
Info    : 0.50 < quality < 0.60 :        25 elements
Info    : 0.60 < quality < 0.70 :        69 elements
Info    : 0.70 < quality < 0.80 :       169 elements
Info    : 0.80 < quality < 0.90 :       151 elements
Info    : 0.90 < quality < 1.00 :        41 elements
Info    : Done optimizing mesh (Wall 0.055346s, CPU 0.05309s)
Info    : 13414 nodes 66859 elements
Info    : Meshing order 2 (curvilinear on)...
Info    : [  0%] Meshing curve 1 order 2
Info    : [ 10%] Meshing curve 2 order 2
Info    : [ 20%] Meshing curve 3 order 2
Info    : [ 20%] Meshing curve 4 order 2
Info    : [ 30%] Meshing curve 5 order 2
Info    : [ 30%] Meshing curve 6 order 2
Info    : [ 40%] Meshing curve 7 order 2
Info    : [ 40%] Meshing curve 8 order 2
Info    : [ 50%] Meshing curve 9 order 2
Info    : [ 50%] Meshing curve 10 order 2
Info    : [ 60%] Meshing curve 11 order 2
Info    : [ 60%] Meshing curve 12 order 2
Info    : [ 70%] Meshing surface 1 order 2
Info    : [ 70%] Meshing surface 2 order 2
Info    : [ 80%] Meshing surface 3 order 2
Info    : [ 80%] Meshing surface 4 order 2
Info    : [ 90%] Meshing surface 5 order 2
Info    : [ 90%] Meshing surface 6 order 2
Info    : [100%] Meshing volume 1 order 2
Info    : [100%] Meshing volume 2 order 2
Info    : Surface mesh: worst distortion = 0.797589 (0 elements in ]0, 0.2]); worst gamma = 0.562417
Info    : Volume mesh: worst distortion = 0.252129 (0 elements in ]0, 0.2])
Info    : Done meshing order 2 (Wall 14.4197s, CPU 14.4153s)
Info    : Writing '/home/user/mscr-mom/현서/scripts/contact_scenarios/fea/matv2_mesh_PST750_phiP120_b0_s72.inp'...
Info    : Done writing '/home/user/mscr-mom/현서/scripts/contact_scenarios/fea/matv2_mesh_PST750_phiP120_b0_s72.inp'
  [PST750_phiP120_b0] [실패] (586.7s)
[PST750_phiP120_b0 4/8] L_M=75.0, phi=120.0, beta=0.0, s=77.5mm, push_depth=0.1mm ...
Info    : Meshing 1D...
Info    : [  0%] Meshing curve 1 (BSpline)
Info    : [ 10%] Meshing curve 2 (Ellipse)
Info    : [ 20%] Meshing curve 3 (Ellipse)
Info    : [ 30%] Meshing curve 4 (BSpline)
Info    : [ 40%] Meshing curve 5 (BSpline)
Info    : [ 50%] Meshing curve 6 (BSpline)
Info    : [ 60%] Meshing curve 7 (BSpline)
Info    : [ 60%] Meshing curve 8 (BSpline)
Info    : [ 70%] Meshing curve 9 (BSpline)
Info    : [ 90%] Meshing curve 11 (Circle)
Info    : Done meshing 1D (Wall 0.0235116s, CPU 0.023456s)
Info    : Meshing 2D...
Info    : [  0%] Meshing surface 1 (Plane, Frontal-Delaunay)
Info    : [ 20%] Meshing surface 2 (Plane, Frontal-Delaunay)
Info    : [ 40%] Meshing surface 3 (BSpline surface, Frontal-Delaunay)
Info    : [ 60%] Meshing surface 4 (BSpline surface, Frontal-Delaunay)
Info    : [ 70%] Meshing surface 5 (Plane, Frontal-Delaunay)
Info    : [ 90%] Meshing surface 6 (Sphere, Frontal-Delaunay)
Info    : Done meshing 2D (Wall 0.722995s, CPU 0.722711s)
Info    : Meshing 3D...
Info    : 3D Meshing 2 volumes with 2 connected components
Info    : Tetrahedrizing 12491 nodes...
Info    : Done tetrahedrizing 12499 nodes (Wall 0.154721s, CPU 0.145726s)
Info    : Reconstructing mesh...
Info    :  - Creating surface mesh
Info    :  - Identifying boundary edges
Info    :  - Recovering boundary
Info    : Done reconstructing mesh (Wall 0.37232s, CPU 0.357312s)
Info    : Found volume 1
Info    : It. 0 - 0 nodes created - worst tet radius 1.04362 (nodes removed 0 0)
Info    : 3D refinement terminated (13015 nodes total):
Info    :  - 0 Delaunay cavities modified for star shapeness
Info    :  - 0 nodes could not be inserted
Info    :  - 40983 tetrahedra created in 0.0209404 sec. (1957129 tets/s)
Info    : 0 node relocations
Info    : Tetrahedrizing 132 nodes...
Info    : Done tetrahedrizing 140 nodes (Wall 0.000727091s, CPU 0s)
Info    : Reconstructing mesh...
Info    :  - Creating surface mesh
Info    :  - Identifying boundary edges
Info    :  - Recovering boundary
Info    : Done reconstructing mesh (Wall 0.00161175s, CPU 0.000623s)
Info    : Found volume 2
Info    : It. 0 - 0 nodes created - worst tet radius 3.04804 (nodes removed 0 0)
Info    : 3D refinement terminated (12703 nodes total):
Info    :  - 1 Delaunay cavities modified for star shapeness
Info    :  - 0 nodes could not be inserted
Info    :  - 486 tetrahedra created in 0.00359347 sec. (135245 tets/s)
Info    : 0 node relocations
Info    : Done meshing 3D (Wall 0.667061s, CPU 0.651037s)
Info    : Optimizing mesh...
Info    : Optimizing volume 1
Info    : Optimization starts (volume = 235.595) with worst = 0.00317486 / average = 0.680302:
Info    : 0.00 < quality < 0.10 :       180 elements
Info    : 0.10 < quality < 0.20 :       410 elements
Info    : 0.20 < quality < 0.30 :       607 elements
Info    : 0.30 < quality < 0.40 :       823 elements
Info    : 0.40 < quality < 0.50 :      1320 elements
Info    : 0.50 < quality < 0.60 :      3428 elements
Info    : 0.60 < quality < 0.70 :     10842 elements
Info    : 0.70 < quality < 0.80 :     20840 elements
Info    : 0.80 < quality < 0.90 :      1442 elements
Info    : 0.90 < quality < 1.00 :      1091 elements
Info    : 1154 edge swaps, 16 node relocations (volume = 235.595): worst = 0.10135 / average = 0.696186 (Wall 0.0142226s, CPU 0.014219s)
Info    : 1206 edge swaps, 19 node relocations (volume = 235.595): worst = 0.143763 / average = 0.696704 (Wall 0.0175118s, CPU 0.016523s)
Info    : 1214 edge swaps, 20 node relocations (volume = 235.595): worst = 0.143763 / average = 0.696783 (Wall 0.019879s, CPU 0.018884s)
Info    : No ill-shaped tets in the mesh :-)
Info    : 0.00 < quality < 0.10 :         0 elements
Info    : 0.10 < quality < 0.20 :         5 elements
Info    : 0.20 < quality < 0.30 :        17 elements
Info    : 0.30 < quality < 0.40 :       747 elements
Info    : 0.40 < quality < 0.50 :      1048 elements
Info    : 0.50 < quality < 0.60 :      3378 elements
Info    : 0.60 < quality < 0.70 :     11462 elements
Info    : 0.70 < quality < 0.80 :     20621 elements
Info    : 0.80 < quality < 0.90 :      1549 elements
Info    : 0.90 < quality < 1.00 :      1087 elements
Info    : Optimizing volume 2
Info    : Optimization starts (volume = 0.256478) with worst = 0.104083 / average = 0.74788:
Info    : 0.00 < quality < 0.10 :         0 elements
Info    : 0.10 < quality < 0.20 :         2 elements
Info    : 0.20 < quality < 0.30 :         5 elements
Info    : 0.30 < quality < 0.40 :        11 elements
Info    : 0.40 < quality < 0.50 :        16 elements
Info    : 0.50 < quality < 0.60 :        25 elements
Info    : 0.60 < quality < 0.70 :        67 elements
Info    : 0.70 < quality < 0.80 :       169 elements
Info    : 0.80 < quality < 0.90 :       150 elements
Info    : 0.90 < quality < 1.00 :        41 elements
Info    : 6 edge swaps, 0 node relocations (volume = 0.256478): worst = 0.31836 / average = 0.757034 (Wall 9.21814e-05s, CPU 9.3e-05s)
Info    : No ill-shaped tets in the mesh :-)
Info    : 0.00 < quality < 0.10 :         0 elements
Info    : 0.10 < quality < 0.20 :         0 elements
Info    : 0.20 < quality < 0.30 :         0 elements
Info    : 0.30 < quality < 0.40 :        10 elements
Info    : 0.40 < quality < 0.50 :        15 elements
Info    : 0.50 < quality < 0.60 :        25 elements
Info    : 0.60 < quality < 0.70 :        69 elements
Info    : 0.70 < quality < 0.80 :       169 elements
Info    : 0.80 < quality < 0.90 :       151 elements
Info    : 0.90 < quality < 1.00 :        41 elements
Info    : Done optimizing mesh (Wall 0.0434758s, CPU 0.042477s)
Info    : 13414 nodes 66859 elements
Info    : Meshing order 2 (curvilinear on)...
Info    : [  0%] Meshing curve 1 order 2
Info    : [ 10%] Meshing curve 2 order 2
Info    : [ 20%] Meshing curve 3 order 2
Info    : [ 20%] Meshing curve 4 order 2
Info    : [ 30%] Meshing curve 5 order 2
Info    : [ 30%] Meshing curve 6 order 2
Info    : [ 40%] Meshing curve 7 order 2
Info    : [ 40%] Meshing curve 8 order 2
Info    : [ 50%] Meshing curve 9 order 2
Info    : [ 50%] Meshing curve 10 order 2
Info    : [ 60%] Meshing curve 11 order 2
Info    : [ 60%] Meshing curve 12 order 2
Info    : [ 70%] Meshing surface 1 order 2
Info    : [ 70%] Meshing surface 2 order 2
Info    : [ 80%] Meshing surface 3 order 2
Info    : [ 80%] Meshing surface 4 order 2
Info    : [ 90%] Meshing surface 5 order 2
Info    : [ 90%] Meshing surface 6 order 2
Info    : [100%] Meshing volume 1 order 2
Info    : [100%] Meshing volume 2 order 2
Info    : Surface mesh: worst distortion = 0.797589 (0 elements in ]0, 0.2]); worst gamma = 0.562417
Info    : Volume mesh: worst distortion = 0.252129 (0 elements in ]0, 0.2])
Info    : Done meshing order 2 (Wall 14.4405s, CPU 14.4339s)
Info    : Writing '/home/user/mscr-mom/현서/scripts/contact_scenarios/fea/matv2_mesh_PST750_phiP120_b0_s78.inp'...
Info    : Done writing '/home/user/mscr-mom/현서/scripts/contact_scenarios/fea/matv2_mesh_PST750_phiP120_b0_s78.inp'
  [PST750_phiP120_b0] [실패] (982.9s)
[PST750_phiP120_b0 5/8] L_M=75.0, phi=120.0, beta=0.0, s=82.5mm, push_depth=0.1mm ...
Info    : Meshing 1D...
Info    : [  0%] Meshing curve 1 (BSpline)
Info    : [ 10%] Meshing curve 2 (Ellipse)
Info    : [ 20%] Meshing curve 3 (Ellipse)
Info    : [ 30%] Meshing curve 4 (BSpline)
Info    : [ 40%] Meshing curve 5 (BSpline)
Info    : [ 50%] Meshing curve 6 (BSpline)
Info    : [ 60%] Meshing curve 7 (BSpline)
Info    : [ 60%] Meshing curve 8 (BSpline)
Info    : [ 70%] Meshing curve 9 (BSpline)
Info    : [ 90%] Meshing curve 11 (Circle)
Info    : Done meshing 1D (Wall 0.0235763s, CPU 0.023533s)
Info    : Meshing 2D...
Info    : [  0%] Meshing surface 1 (Plane, Frontal-Delaunay)
Info    : [ 20%] Meshing surface 2 (Plane, Frontal-Delaunay)
Info    : [ 40%] Meshing surface 3 (BSpline surface, Frontal-Delaunay)
Info    : [ 60%] Meshing surface 4 (BSpline surface, Frontal-Delaunay)
Info    : [ 70%] Meshing surface 5 (Plane, Frontal-Delaunay)
Info    : [ 90%] Meshing surface 6 (Sphere, Frontal-Delaunay)
Info    : Done meshing 2D (Wall 0.758796s, CPU 0.756438s)
Info    : Meshing 3D...
Info    : 3D Meshing 2 volumes with 2 connected components
Info    : Tetrahedrizing 12491 nodes...
Info    : Done tetrahedrizing 12499 nodes (Wall 0.151332s, CPU 0.144334s)
Info    : Reconstructing mesh...
Info    :  - Creating surface mesh
Info    :  - Identifying boundary edges
Info    :  - Recovering boundary
Info    : Done reconstructing mesh (Wall 0.387874s, CPU 0.374867s)
Info    : Found volume 1
Info    : It. 0 - 0 nodes created - worst tet radius 1.04362 (nodes removed 0 0)
Info    : 3D refinement terminated (13015 nodes total):
Info    :  - 0 Delaunay cavities modified for star shapeness
Info    :  - 0 nodes could not be inserted
Info    :  - 40983 tetrahedra created in 0.0223486 sec. (1833809 tets/s)
Info    : 0 node relocations
Info    : Tetrahedrizing 132 nodes...
Info    : Done tetrahedrizing 140 nodes (Wall 0.000742784s, CPU 0.000742s)
Info    : Reconstructing mesh...
Info    :  - Creating surface mesh
Info    :  - Identifying boundary edges
Info    :  - Recovering boundary
Info    : Done reconstructing mesh (Wall 0.0016292s, CPU 0.001626s)
Info    : Found volume 2
Info    : It. 0 - 0 nodes created - worst tet radius 3.04804 (nodes removed 0 0)
Info    : 3D refinement terminated (12703 nodes total):
Info    :  - 1 Delaunay cavities modified for star shapeness
Info    :  - 0 nodes could not be inserted
Info    :  - 486 tetrahedra created in 0.00446499 sec. (108846 tets/s)
Info    : 0 node relocations
Info    : Done meshing 3D (Wall 0.712975s, CPU 0.699938s)
Info    : Optimizing mesh...
Info    : Optimizing volume 1
Info    : Optimization starts (volume = 235.595) with worst = 0.00317486 / average = 0.680302:
Info    : 0.00 < quality < 0.10 :       180 elements
Info    : 0.10 < quality < 0.20 :       410 elements
Info    : 0.20 < quality < 0.30 :       607 elements
Info    : 0.30 < quality < 0.40 :       823 elements
Info    : 0.40 < quality < 0.50 :      1320 elements
Info    : 0.50 < quality < 0.60 :      3428 elements
Info    : 0.60 < quality < 0.70 :     10842 elements
Info    : 0.70 < quality < 0.80 :     20840 elements
Info    : 0.80 < quality < 0.90 :      1442 elements
Info    : 0.90 < quality < 1.00 :      1091 elements
Info    : 1154 edge swaps, 16 node relocations (volume = 235.595): worst = 0.10135 / average = 0.696186 (Wall 0.0142865s, CPU 0.014286s)
Info    : 1206 edge swaps, 19 node relocations (volume = 235.595): worst = 0.143763 / average = 0.696704 (Wall 0.0181435s, CPU 0.018143s)
Info    : 1214 edge swaps, 20 node relocations (volume = 235.595): worst = 0.143763 / average = 0.696783 (Wall 0.0212418s, CPU 0.020259s)
Info    : No ill-shaped tets in the mesh :-)
Info    : 0.00 < quality < 0.10 :         0 elements
Info    : 0.10 < quality < 0.20 :         5 elements
Info    : 0.20 < quality < 0.30 :        17 elements
Info    : 0.30 < quality < 0.40 :       747 elements
Info    : 0.40 < quality < 0.50 :      1048 elements
Info    : 0.50 < quality < 0.60 :      3378 elements
Info    : 0.60 < quality < 0.70 :     11462 elements
Info    : 0.70 < quality < 0.80 :     20621 elements
Info    : 0.80 < quality < 0.90 :      1549 elements
Info    : 0.90 < quality < 1.00 :      1087 elements
Info    : Optimizing volume 2
Info    : Optimization starts (volume = 0.256478) with worst = 0.104083 / average = 0.74788:
Info    : 0.00 < quality < 0.10 :         0 elements
Info    : 0.10 < quality < 0.20 :         2 elements
Info    : 0.20 < quality < 0.30 :         5 elements
Info    : 0.30 < quality < 0.40 :        11 elements
Info    : 0.40 < quality < 0.50 :        16 elements
Info    : 0.50 < quality < 0.60 :        25 elements
Info    : 0.60 < quality < 0.70 :        67 elements
Info    : 0.70 < quality < 0.80 :       169 elements
Info    : 0.80 < quality < 0.90 :       150 elements
Info    : 0.90 < quality < 1.00 :        41 elements
Info    : 6 edge swaps, 0 node relocations (volume = 0.256478): worst = 0.31836 / average = 0.757034 (Wall 0.000110448s, CPU 0.000111s)
Info    : No ill-shaped tets in the mesh :-)
Info    : 0.00 < quality < 0.10 :         0 elements
Info    : 0.10 < quality < 0.20 :         0 elements
Info    : 0.20 < quality < 0.30 :         0 elements
Info    : 0.30 < quality < 0.40 :        10 elements
Info    : 0.40 < quality < 0.50 :        15 elements
Info    : 0.50 < quality < 0.60 :        25 elements
Info    : 0.60 < quality < 0.70 :        69 elements
Info    : 0.70 < quality < 0.80 :       169 elements
Info    : 0.80 < quality < 0.90 :       151 elements
Info    : 0.90 < quality < 1.00 :        41 elements
Info    : Done optimizing mesh (Wall 0.0461255s, CPU 0.04513s)
Info    : 13414 nodes 66859 elements
Info    : Meshing order 2 (curvilinear on)...
Info    : [  0%] Meshing curve 1 order 2
Info    : [ 10%] Meshing curve 2 order 2
Info    : [ 20%] Meshing curve 3 order 2
Info    : [ 20%] Meshing curve 4 order 2
Info    : [ 30%] Meshing curve 5 order 2
Info    : [ 30%] Meshing curve 6 order 2
Info    : [ 40%] Meshing curve 7 order 2
Info    : [ 40%] Meshing curve 8 order 2
Info    : [ 50%] Meshing curve 9 order 2
Info    : [ 50%] Meshing curve 10 order 2
Info    : [ 60%] Meshing curve 11 order 2
Info    : [ 60%] Meshing curve 12 order 2
Info    : [ 70%] Meshing surface 1 order 2
Info    : [ 70%] Meshing surface 2 order 2
Info    : [ 80%] Meshing surface 3 order 2
Info    : [ 80%] Meshing surface 4 order 2
Info    : [ 90%] Meshing surface 5 order 2
Info    : [ 90%] Meshing surface 6 order 2
Info    : [100%] Meshing volume 1 order 2
Info    : [100%] Meshing volume 2 order 2
Info    : Surface mesh: worst distortion = 0.797589 (0 elements in ]0, 0.2]); worst gamma = 0.562417
Info    : Volume mesh: worst distortion = 0.252129 (0 elements in ]0, 0.2])
Info    : Done meshing order 2 (Wall 14.35s, CPU 14.3356s)
Info    : Writing '/home/user/mscr-mom/현서/scripts/contact_scenarios/fea/matv2_mesh_PST750_phiP120_b0_s82.inp'...
Info    : Done writing '/home/user/mscr-mom/현서/scripts/contact_scenarios/fea/matv2_mesh_PST750_phiP120_b0_s82.inp'
  [PST750_phiP120_b0] [실패] (645.7s)
[PST750_phiP120_b0 6/8] L_M=75.0, phi=120.0, beta=0.0, s=87.5mm, push_depth=0.1mm ...
Info    : Meshing 1D...
Info    : [  0%] Meshing curve 1 (BSpline)
Info    : [ 10%] Meshing curve 2 (Ellipse)
Info    : [ 20%] Meshing curve 3 (Ellipse)
Info    : [ 30%] Meshing curve 4 (BSpline)
Info    : [ 40%] Meshing curve 5 (BSpline)
Info    : [ 50%] Meshing curve 6 (BSpline)
Info    : [ 60%] Meshing curve 7 (BSpline)
Info    : [ 60%] Meshing curve 8 (BSpline)
Info    : [ 70%] Meshing curve 9 (BSpline)
Info    : [ 90%] Meshing curve 11 (Circle)
Info    : Done meshing 1D (Wall 0.0237986s, CPU 0.02378s)
Info    : Meshing 2D...
Info    : [  0%] Meshing surface 1 (Plane, Frontal-Delaunay)
Info    : [ 20%] Meshing surface 2 (Plane, Frontal-Delaunay)
Info    : [ 40%] Meshing surface 3 (BSpline surface, Frontal-Delaunay)
Info    : [ 60%] Meshing surface 4 (BSpline surface, Frontal-Delaunay)
Info    : [ 70%] Meshing surface 5 (Plane, Frontal-Delaunay)
Info    : [ 90%] Meshing surface 6 (Sphere, Frontal-Delaunay)
Info    : Done meshing 2D (Wall 0.718107s, CPU 0.718038s)
Info    : Meshing 3D...
Info    : 3D Meshing 2 volumes with 2 connected components
Info    : Tetrahedrizing 12491 nodes...
Info    : Done tetrahedrizing 12499 nodes (Wall 0.158986s, CPU 0.150898s)
Info    : Reconstructing mesh...
Info    :  - Creating surface mesh
Info    :  - Identifying boundary edges
Info    :  - Recovering boundary
Info    : Done reconstructing mesh (Wall 0.387757s, CPU 0.372664s)
Info    : Found volume 1
Info    : It. 0 - 0 nodes created - worst tet radius 1.04362 (nodes removed 0 0)
Info    : 3D refinement terminated (13015 nodes total):
Info    :  - 0 Delaunay cavities modified for star shapeness
Info    :  - 0 nodes could not be inserted
Info    :  - 40983 tetrahedra created in 0.0246859 sec. (1660181 tets/s)
Info    : 0 node relocations
Info    : Tetrahedrizing 132 nodes...
Info    : Done tetrahedrizing 140 nodes (Wall 0.000724222s, CPU 0.000724s)
Info    : Reconstructing mesh...
Info    :  - Creating surface mesh
Info    :  - Identifying boundary edges
Info    :  - Recovering boundary
Info    : Done reconstructing mesh (Wall 0.00160847s, CPU 0.001613s)
Info    : Found volume 2
Info    : It. 0 - 0 nodes created - worst tet radius 3.04804 (nodes removed 0 0)
Info    : 3D refinement terminated (12703 nodes total):
Info    :  - 1 Delaunay cavities modified for star shapeness
Info    :  - 0 nodes could not be inserted
Info    :  - 486 tetrahedra created in 0.00329432 sec. (147526 tets/s)
Info    : 0 node relocations
Info    : Done meshing 3D (Wall 0.688215s, CPU 0.672844s)
Info    : Optimizing mesh...
Info    : Optimizing volume 1
Info    : Optimization starts (volume = 235.595) with worst = 0.00317486 / average = 0.680302:
Info    : 0.00 < quality < 0.10 :       180 elements
Info    : 0.10 < quality < 0.20 :       410 elements
Info    : 0.20 < quality < 0.30 :       607 elements
Info    : 0.30 < quality < 0.40 :       823 elements
Info    : 0.40 < quality < 0.50 :      1320 elements
Info    : 0.50 < quality < 0.60 :      3428 elements
Info    : 0.60 < quality < 0.70 :     10842 elements
Info    : 0.70 < quality < 0.80 :     20840 elements
Info    : 0.80 < quality < 0.90 :      1442 elements
Info    : 0.90 < quality < 1.00 :      1091 elements
Info    : 1154 edge swaps, 16 node relocations (volume = 235.595): worst = 0.10135 / average = 0.696186 (Wall 0.0151646s, CPU 0.015164s)
Info    : 1206 edge swaps, 19 node relocations (volume = 235.595): worst = 0.143763 / average = 0.696704 (Wall 0.0189877s, CPU 0.018988s)
Info    : 1214 edge swaps, 20 node relocations (volume = 235.595): worst = 0.143763 / average = 0.696783 (Wall 0.0218267s, CPU 0.021828s)
Info    : No ill-shaped tets in the mesh :-)
Info    : 0.00 < quality < 0.10 :         0 elements
Info    : 0.10 < quality < 0.20 :         5 elements
Info    : 0.20 < quality < 0.30 :        17 elements
Info    : 0.30 < quality < 0.40 :       747 elements
Info    : 0.40 < quality < 0.50 :      1048 elements
Info    : 0.50 < quality < 0.60 :      3378 elements
Info    : 0.60 < quality < 0.70 :     11462 elements
Info    : 0.70 < quality < 0.80 :     20621 elements
Info    : 0.80 < quality < 0.90 :      1549 elements
Info    : 0.90 < quality < 1.00 :      1087 elements
Info    : Optimizing volume 2
Info    : Optimization starts (volume = 0.256478) with worst = 0.104083 / average = 0.74788:
Info    : 0.00 < quality < 0.10 :         0 elements
Info    : 0.10 < quality < 0.20 :         2 elements
Info    : 0.20 < quality < 0.30 :         5 elements
Info    : 0.30 < quality < 0.40 :        11 elements
Info    : 0.40 < quality < 0.50 :        16 elements
Info    : 0.50 < quality < 0.60 :        25 elements
Info    : 0.60 < quality < 0.70 :        67 elements
Info    : 0.70 < quality < 0.80 :       169 elements
Info    : 0.80 < quality < 0.90 :       150 elements
Info    : 0.90 < quality < 1.00 :        41 elements
Info    : 6 edge swaps, 0 node relocations (volume = 0.256478): worst = 0.31836 / average = 0.757034 (Wall 9.58247e-05s, CPU 9.9e-05s)
Info    : No ill-shaped tets in the mesh :-)
Info    : 0.00 < quality < 0.10 :         0 elements
Info    : 0.10 < quality < 0.20 :         0 elements
Info    : 0.20 < quality < 0.30 :         0 elements
Info    : 0.30 < quality < 0.40 :        10 elements
Info    : 0.40 < quality < 0.50 :        15 elements
Info    : 0.50 < quality < 0.60 :        25 elements
Info    : 0.60 < quality < 0.70 :        69 elements
Info    : 0.70 < quality < 0.80 :       169 elements
Info    : 0.80 < quality < 0.90 :       151 elements
Info    : 0.90 < quality < 1.00 :        41 elements
Info    : Done optimizing mesh (Wall 0.0533584s, CPU 0.053357s)
Info    : 13414 nodes 66859 elements
Info    : Meshing order 2 (curvilinear on)...
Info    : [  0%] Meshing curve 1 order 2
Info    : [ 10%] Meshing curve 2 order 2
Info    : [ 20%] Meshing curve 3 order 2
Info    : [ 20%] Meshing curve 4 order 2
Info    : [ 30%] Meshing curve 5 order 2
Info    : [ 30%] Meshing curve 6 order 2
Info    : [ 40%] Meshing curve 7 order 2
Info    : [ 40%] Meshing curve 8 order 2
Info    : [ 50%] Meshing curve 9 order 2
Info    : [ 50%] Meshing curve 10 order 2
Info    : [ 60%] Meshing curve 11 order 2
Info    : [ 60%] Meshing curve 12 order 2
Info    : [ 70%] Meshing surface 1 order 2
Info    : [ 70%] Meshing surface 2 order 2
Info    : [ 80%] Meshing surface 3 order 2
Info    : [ 80%] Meshing surface 4 order 2
Info    : [ 90%] Meshing surface 5 order 2
Info    : [ 90%] Meshing surface 6 order 2
Info    : [100%] Meshing volume 1 order 2
Info    : [100%] Meshing volume 2 order 2
Info    : Surface mesh: worst distortion = 0.797589 (0 elements in ]0, 0.2]); worst gamma = 0.562417
Info    : Volume mesh: worst distortion = 0.252129 (0 elements in ]0, 0.2])
Info    : Done meshing order 2 (Wall 14.2766s, CPU 14.2618s)
Info    : Writing '/home/user/mscr-mom/현서/scripts/contact_scenarios/fea/matv2_mesh_PST750_phiP120_b0_s88.inp'...
Info    : Done writing '/home/user/mscr-mom/현서/scripts/contact_scenarios/fea/matv2_mesh_PST750_phiP120_b0_s88.inp'
  [PST750_phiP120_b0] [실패] (788.3s)
[PST750_phiP120_b0 7/8] L_M=75.0, phi=120.0, beta=0.0, s=92.5mm, push_depth=0.1mm ...
Info    : Meshing 1D...
Info    : [  0%] Meshing curve 1 (BSpline)
Info    : [ 10%] Meshing curve 2 (Ellipse)
Info    : [ 20%] Meshing curve 3 (Ellipse)
Info    : [ 30%] Meshing curve 4 (BSpline)
Info    : [ 40%] Meshing curve 5 (BSpline)
Info    : [ 50%] Meshing curve 6 (BSpline)
Info    : [ 60%] Meshing curve 7 (BSpline)
Info    : [ 60%] Meshing curve 8 (BSpline)
Info    : [ 70%] Meshing curve 9 (BSpline)
Info    : [ 90%] Meshing curve 11 (Circle)
Info    : Done meshing 1D (Wall 0.0238154s, CPU 0.023753s)
Info    : Meshing 2D...
Info    : [  0%] Meshing surface 1 (Plane, Frontal-Delaunay)
Info    : [ 20%] Meshing surface 2 (Plane, Frontal-Delaunay)
Info    : [ 40%] Meshing surface 3 (BSpline surface, Frontal-Delaunay)
Info    : [ 60%] Meshing surface 4 (BSpline surface, Frontal-Delaunay)
Info    : [ 70%] Meshing surface 5 (Plane, Frontal-Delaunay)
Info    : [ 90%] Meshing surface 6 (Sphere, Frontal-Delaunay)
Info    : Done meshing 2D (Wall 0.71857s, CPU 0.717282s)
Info    : Meshing 3D...
Info    : 3D Meshing 2 volumes with 2 connected components
Info    : Tetrahedrizing 12491 nodes...
Info    : Done tetrahedrizing 12499 nodes (Wall 0.154204s, CPU 0.1462s)
Info    : Reconstructing mesh...
Info    :  - Creating surface mesh
Info    :  - Identifying boundary edges
Info    :  - Recovering boundary
Info    : Done reconstructing mesh (Wall 0.384912s, CPU 0.364904s)
Info    : Found volume 1
Info    : It. 0 - 0 nodes created - worst tet radius 1.04362 (nodes removed 0 0)
Info    : 3D refinement terminated (13015 nodes total):
Info    :  - 0 Delaunay cavities modified for star shapeness
Info    :  - 0 nodes could not be inserted
Info    :  - 40983 tetrahedra created in 0.0194104 sec. (2111393 tets/s)
Info    : 0 node relocations
Info    : Tetrahedrizing 132 nodes...
Info    : Done tetrahedrizing 140 nodes (Wall 0.000730623s, CPU 0.000731s)
Info    : Reconstructing mesh...
Info    :  - Creating surface mesh
Info    :  - Identifying boundary edges
Info    :  - Recovering boundary
Info    : Done reconstructing mesh (Wall 0.00166448s, CPU 0.001669s)
Info    : Found volume 2
Info    : It. 0 - 0 nodes created - worst tet radius 3.04804 (nodes removed 0 0)
Info    : 3D refinement terminated (12703 nodes total):
Info    :  - 1 Delaunay cavities modified for star shapeness
Info    :  - 0 nodes could not be inserted
Info    :  - 486 tetrahedra created in 0.00393396 sec. (123539 tets/s)
Info    : 0 node relocations
Info    : Done meshing 3D (Wall 0.687852s, CPU 0.666815s)
Info    : Optimizing mesh...
Info    : Optimizing volume 1
Info    : Optimization starts (volume = 235.595) with worst = 0.00317486 / average = 0.680302:
Info    : 0.00 < quality < 0.10 :       180 elements
Info    : 0.10 < quality < 0.20 :       410 elements
Info    : 0.20 < quality < 0.30 :       607 elements
Info    : 0.30 < quality < 0.40 :       823 elements
Info    : 0.40 < quality < 0.50 :      1320 elements
Info    : 0.50 < quality < 0.60 :      3428 elements
Info    : 0.60 < quality < 0.70 :     10842 elements
Info    : 0.70 < quality < 0.80 :     20840 elements
Info    : 0.80 < quality < 0.90 :      1442 elements
Info    : 0.90 < quality < 1.00 :      1091 elements
Info    : 1154 edge swaps, 16 node relocations (volume = 235.595): worst = 0.10135 / average = 0.696186 (Wall 0.0155064s, CPU 0.015503s)
Info    : 1206 edge swaps, 19 node relocations (volume = 235.595): worst = 0.143763 / average = 0.696704 (Wall 0.0190453s, CPU 0.019042s)
Info    : 1214 edge swaps, 20 node relocations (volume = 235.595): worst = 0.143763 / average = 0.696783 (Wall 0.0217385s, CPU 0.021733s)
Info    : No ill-shaped tets in the mesh :-)
Info    : 0.00 < quality < 0.10 :         0 elements
Info    : 0.10 < quality < 0.20 :         5 elements
Info    : 0.20 < quality < 0.30 :        17 elements
Info    : 0.30 < quality < 0.40 :       747 elements
Info    : 0.40 < quality < 0.50 :      1048 elements
Info    : 0.50 < quality < 0.60 :      3378 elements
Info    : 0.60 < quality < 0.70 :     11462 elements
Info    : 0.70 < quality < 0.80 :     20621 elements
Info    : 0.80 < quality < 0.90 :      1549 elements
Info    : 0.90 < quality < 1.00 :      1087 elements
Info    : Optimizing volume 2
Info    : Optimization starts (volume = 0.256478) with worst = 0.104083 / average = 0.74788:
Info    : 0.00 < quality < 0.10 :         0 elements
Info    : 0.10 < quality < 0.20 :         2 elements
Info    : 0.20 < quality < 0.30 :         5 elements
Info    : 0.30 < quality < 0.40 :        11 elements
Info    : 0.40 < quality < 0.50 :        16 elements
Info    : 0.50 < quality < 0.60 :        25 elements
Info    : 0.60 < quality < 0.70 :        67 elements
Info    : 0.70 < quality < 0.80 :       169 elements
Info    : 0.80 < quality < 0.90 :       150 elements
Info    : 0.90 < quality < 1.00 :        41 elements
Info    : 6 edge swaps, 0 node relocations (volume = 0.256478): worst = 0.31836 / average = 0.757034 (Wall 9.46643e-05s, CPU 9.7e-05s)
Info    : No ill-shaped tets in the mesh :-)
Info    : 0.00 < quality < 0.10 :         0 elements
Info    : 0.10 < quality < 0.20 :         0 elements
Info    : 0.20 < quality < 0.30 :         0 elements
Info    : 0.30 < quality < 0.40 :        10 elements
Info    : 0.40 < quality < 0.50 :        15 elements
Info    : 0.50 < quality < 0.60 :        25 elements
Info    : 0.60 < quality < 0.70 :        69 elements
Info    : 0.70 < quality < 0.80 :       169 elements
Info    : 0.80 < quality < 0.90 :       151 elements
Info    : 0.90 < quality < 1.00 :        41 elements
Info    : Done optimizing mesh (Wall 0.0474974s, CPU 0.047488s)
Info    : 13414 nodes 66859 elements
Info    : Meshing order 2 (curvilinear on)...
Info    : [  0%] Meshing curve 1 order 2
Info    : [ 10%] Meshing curve 2 order 2
Info    : [ 20%] Meshing curve 3 order 2
Info    : [ 20%] Meshing curve 4 order 2
Info    : [ 30%] Meshing curve 5 order 2
Info    : [ 30%] Meshing curve 6 order 2
Info    : [ 40%] Meshing curve 7 order 2
Info    : [ 40%] Meshing curve 8 order 2
Info    : [ 50%] Meshing curve 9 order 2
Info    : [ 50%] Meshing curve 10 order 2
Info    : [ 60%] Meshing curve 11 order 2
Info    : [ 60%] Meshing curve 12 order 2
Info    : [ 70%] Meshing surface 1 order 2
Info    : [ 70%] Meshing surface 2 order 2
Info    : [ 80%] Meshing surface 3 order 2
Info    : [ 80%] Meshing surface 4 order 2
Info    : [ 90%] Meshing surface 5 order 2
Info    : [ 90%] Meshing surface 6 order 2
Info    : [100%] Meshing volume 1 order 2
Info    : [100%] Meshing volume 2 order 2
Info    : Surface mesh: worst distortion = 0.797589 (0 elements in ]0, 0.2]); worst gamma = 0.562417
Info    : Volume mesh: worst distortion = 0.252129 (0 elements in ]0, 0.2])
Info    : Done meshing order 2 (Wall 14.4493s, CPU 14.4382s)
Info    : Writing '/home/user/mscr-mom/현서/scripts/contact_scenarios/fea/matv2_mesh_PST750_phiP120_b0_s92.inp'...
Info    : Done writing '/home/user/mscr-mom/현서/scripts/contact_scenarios/fea/matv2_mesh_PST750_phiP120_b0_s92.inp'
  [PST750_phiP120_b0] [실패] (793.5s)
[PST750_phiP120_b0 8/8] L_M=75.0, phi=120.0, beta=0.0, s=97.5mm, push_depth=0.1mm ...
Info    : Meshing 1D...
Info    : [  0%] Meshing curve 1 (BSpline)
Info    : [ 10%] Meshing curve 2 (Ellipse)
Info    : [ 20%] Meshing curve 3 (Ellipse)
Info    : [ 30%] Meshing curve 4 (BSpline)
Info    : [ 40%] Meshing curve 5 (BSpline)
Info    : [ 50%] Meshing curve 6 (BSpline)
Info    : [ 60%] Meshing curve 7 (BSpline)
Info    : [ 60%] Meshing curve 8 (BSpline)
Info    : [ 70%] Meshing curve 9 (BSpline)
Info    : [ 90%] Meshing curve 11 (Circle)
Info    : Done meshing 1D (Wall 0.0231089s, CPU 0.023089s)
Info    : Meshing 2D...
Info    : [  0%] Meshing surface 1 (Plane, Frontal-Delaunay)
Info    : [ 20%] Meshing surface 2 (Plane, Frontal-Delaunay)
Info    : [ 40%] Meshing surface 3 (BSpline surface, Frontal-Delaunay)
Info    : [ 60%] Meshing surface 4 (BSpline surface, Frontal-Delaunay)
Info    : [ 70%] Meshing surface 5 (Plane, Frontal-Delaunay)
Info    : [ 90%] Meshing surface 6 (Sphere, Frontal-Delaunay)
Info    : Done meshing 2D (Wall 0.744627s, CPU 0.744315s)
Info    : Meshing 3D...
Info    : 3D Meshing 2 volumes with 2 connected components
Info    : Tetrahedrizing 12491 nodes...
Info    : Done tetrahedrizing 12499 nodes (Wall 0.16125s, CPU 0.155239s)
Info    : Reconstructing mesh...
Info    :  - Creating surface mesh
Info    :  - Identifying boundary edges
Info    :  - Recovering boundary
Info    : Done reconstructing mesh (Wall 0.355421s, CPU 0.340364s)
Info    : Found volume 1
Info    : It. 0 - 0 nodes created - worst tet radius 1.04362 (nodes removed 0 0)
Info    : 3D refinement terminated (13015 nodes total):
Info    :  - 0 Delaunay cavities modified for star shapeness
Info    :  - 0 nodes could not be inserted
Info    :  - 40983 tetrahedra created in 0.0225906 sec. (1814161 tets/s)
Info    : 0 node relocations
Info    : Tetrahedrizing 132 nodes...
Info    : Done tetrahedrizing 140 nodes (Wall 0.000763665s, CPU 0.000763s)
Info    : Reconstructing mesh...
Info    :  - Creating surface mesh
Info    :  - Identifying boundary edges
Info    :  - Recovering boundary
Info    : Done reconstructing mesh (Wall 0.00164896s, CPU 0.001652s)
Info    : Found volume 2
Info    : It. 0 - 0 nodes created - worst tet radius 3.04804 (nodes removed 0 0)
Info    : 3D refinement terminated (12703 nodes total):
Info    :  - 1 Delaunay cavities modified for star shapeness
Info    :  - 0 nodes could not be inserted
Info    :  - 486 tetrahedra created in 0.00317067 sec. (153279 tets/s)
Info    : 0 node relocations
Info    : Done meshing 3D (Wall 0.623s, CPU 0.606914s)
Info    : Optimizing mesh...
Info    : Optimizing volume 1
Info    : Optimization starts (volume = 235.595) with worst = 0.00317486 / average = 0.680302:
Info    : 0.00 < quality < 0.10 :       180 elements
Info    : 0.10 < quality < 0.20 :       410 elements
Info    : 0.20 < quality < 0.30 :       607 elements
Info    : 0.30 < quality < 0.40 :       823 elements
Info    : 0.40 < quality < 0.50 :      1320 elements
Info    : 0.50 < quality < 0.60 :      3428 elements
Info    : 0.60 < quality < 0.70 :     10842 elements
Info    : 0.70 < quality < 0.80 :     20840 elements
Info    : 0.80 < quality < 0.90 :      1442 elements
Info    : 0.90 < quality < 1.00 :      1091 elements
Info    : 1154 edge swaps, 16 node relocations (volume = 235.595): worst = 0.10135 / average = 0.696186 (Wall 0.0154512s, CPU 0.015451s)
Info    : 1206 edge swaps, 19 node relocations (volume = 235.595): worst = 0.143763 / average = 0.696704 (Wall 0.0186835s, CPU 0.018684s)
Info    : 1214 edge swaps, 20 node relocations (volume = 235.595): worst = 0.143763 / average = 0.696783 (Wall 0.0211464s, CPU 0.021147s)
Info    : No ill-shaped tets in the mesh :-)
Info    : 0.00 < quality < 0.10 :         0 elements
Info    : 0.10 < quality < 0.20 :         5 elements
Info    : 0.20 < quality < 0.30 :        17 elements
Info    : 0.30 < quality < 0.40 :       747 elements
Info    : 0.40 < quality < 0.50 :      1048 elements
Info    : 0.50 < quality < 0.60 :      3378 elements
Info    : 0.60 < quality < 0.70 :     11462 elements
Info    : 0.70 < quality < 0.80 :     20621 elements
Info    : 0.80 < quality < 0.90 :      1549 elements
Info    : 0.90 < quality < 1.00 :      1087 elements
Info    : Optimizing volume 2
Info    : Optimization starts (volume = 0.256478) with worst = 0.104083 / average = 0.74788:
Info    : 0.00 < quality < 0.10 :         0 elements
Info    : 0.10 < quality < 0.20 :         2 elements
Info    : 0.20 < quality < 0.30 :         5 elements
Info    : 0.30 < quality < 0.40 :        11 elements
Info    : 0.40 < quality < 0.50 :        16 elements
Info    : 0.50 < quality < 0.60 :        25 elements
Info    : 0.60 < quality < 0.70 :        67 elements
Info    : 0.70 < quality < 0.80 :       169 elements
Info    : 0.80 < quality < 0.90 :       150 elements
Info    : 0.90 < quality < 1.00 :        41 elements
Info    : 6 edge swaps, 0 node relocations (volume = 0.256478): worst = 0.31836 / average = 0.757034 (Wall 9.59672e-05s, CPU 9.7e-05s)
Info    : No ill-shaped tets in the mesh :-)
Info    : 0.00 < quality < 0.10 :         0 elements
Info    : 0.10 < quality < 0.20 :         0 elements
Info    : 0.20 < quality < 0.30 :         0 elements
Info    : 0.30 < quality < 0.40 :        10 elements
Info    : 0.40 < quality < 0.50 :        15 elements
Info    : 0.50 < quality < 0.60 :        25 elements
Info    : 0.60 < quality < 0.70 :        69 elements
Info    : 0.70 < quality < 0.80 :       169 elements
Info    : 0.80 < quality < 0.90 :       151 elements
Info    : 0.90 < quality < 1.00 :        41 elements
Info    : Done optimizing mesh (Wall 0.0479543s, CPU 0.047952s)
Info    : 13414 nodes 66859 elements
Info    : Meshing order 2 (curvilinear on)...
Info    : [  0%] Meshing curve 1 order 2
Info    : [ 10%] Meshing curve 2 order 2
Info    : [ 20%] Meshing curve 3 order 2
Info    : [ 20%] Meshing curve 4 order 2
Info    : [ 30%] Meshing curve 5 order 2
Info    : [ 30%] Meshing curve 6 order 2
Info    : [ 40%] Meshing curve 7 order 2
Info    : [ 40%] Meshing curve 8 order 2
Info    : [ 50%] Meshing curve 9 order 2
Info    : [ 50%] Meshing curve 10 order 2
Info    : [ 60%] Meshing curve 11 order 2
Info    : [ 60%] Meshing curve 12 order 2
Info    : [ 70%] Meshing surface 1 order 2
Info    : [ 70%] Meshing surface 2 order 2
Info    : [ 80%] Meshing surface 3 order 2
Info    : [ 80%] Meshing surface 4 order 2
Info    : [ 90%] Meshing surface 5 order 2
Info    : [ 90%] Meshing surface 6 order 2
Info    : [100%] Meshing volume 1 order 2
Info    : [100%] Meshing volume 2 order 2
Info    : Surface mesh: worst distortion = 0.797589 (0 elements in ]0, 0.2]); worst gamma = 0.562417
Info    : Volume mesh: worst distortion = 0.252129 (0 elements in ]0, 0.2])
Info    : Done meshing order 2 (Wall 14.1228s, CPU 14.1124s)
Info    : Writing '/home/user/mscr-mom/현서/scripts/contact_scenarios/fea/matv2_mesh_PST750_phiP120_b0_s98.inp'...
Info    : Done writing '/home/user/mscr-mom/현서/scripts/contact_scenarios/fea/matv2_mesh_PST750_phiP120_b0_s98.inp'
  [PST750_phiP120_b0] [실패] (755.9s)
[PST750_phiP120_b0] 완료: 0/8 성공
