[DEPTH500_phiN30_d50_b0 1/1] L_M=50.0, phi=-30.0, beta=0.0, s=30.0mm, push_depth=0.05mm ...
Info    : Meshing 1D...
Info    : [  0%] Meshing curve 1 (BSpline)
Info    : [ 10%] Meshing curve 2 (Ellipse)
Info    : [ 20%] Meshing curve 3 (Ellipse)
Info    : [ 30%] Meshing curve 4 (BSpline)
Info    : [ 40%] Meshing curve 5 (BSpline)
Info    : [ 50%] Meshing curve 6 (BSpline)
Info    : [ 60%] Meshing curve 7 (BSpline)
Info    : [ 60%] Meshing curve 8 (BSpline)
Info    : [ 70%] Meshing curve 9 (BSpline)
Info    : [ 90%] Meshing curve 11 (Circle)
Info    : Done meshing 1D (Wall 0.0186212s, CPU 0.015625s)
Info    : Meshing 2D...
Info    : [  0%] Meshing surface 1 (Plane, Frontal-Delaunay)
Info    : [ 20%] Meshing surface 2 (Plane, Frontal-Delaunay)
Info    : [ 40%] Meshing surface 3 (BSpline surface, Frontal-Delaunay)
Info    : [ 60%] Meshing surface 4 (BSpline surface, Frontal-Delaunay)
Info    : [ 70%] Meshing surface 5 (Plane, Frontal-Delaunay)
Info    : [ 90%] Meshing surface 6 (Sphere, Frontal-Delaunay)
Info    : Done meshing 2D (Wall 0.872752s, CPU 0.859375s)
Info    : Meshing 3D...
Info    : 3D Meshing 2 volumes with 2 connected components
Info    : Tetrahedrizing 12447 nodes...
Info    : Done tetrahedrizing 12455 nodes (Wall 0.126427s, CPU 0.125s)
Info    : Reconstructing mesh...
Info    :  - Creating surface mesh
Info    :  - Identifying boundary edges
Info    :  - Recovering boundary
Info    : Done reconstructing mesh (Wall 0.31369s, CPU 0.28125s)
Info    : Found volume 1
Info    : It. 0 - 0 nodes created - worst tet radius 1.0816 (nodes removed 0 0)
Info    : 3D refinement terminated (13080 nodes total):
Info    :  - 0 Delaunay cavities modified for star shapeness
Info    :  - 0 nodes could not be inserted
Info    :  - 41510 tetrahedra created in 0.0157561 sec. (2634530 tets/s)
Info    : 0 node relocations
Info    : Tetrahedrizing 134 nodes...
Info    : Done tetrahedrizing 142 nodes (Wall 0.000656128s, CPU 0s)
Info    : Reconstructing mesh...
Info    :  - Creating surface mesh
Info    :  - Identifying boundary edges
Info    :  - Recovering boundary
Info    : Done reconstructing mesh (Wall 0.00151706s, CPU 0s)
Info    : Found volume 2
Info    : It. 0 - 0 nodes created - worst tet radius 3.15563 (nodes removed 0 0)
Info    : 3D refinement terminated (12664 nodes total):
Info    :  - 0 Delaunay cavities modified for star shapeness
Info    :  - 0 nodes could not be inserted
Info    :  - 515 tetrahedra created in 0.0010519 sec. (489588 tets/s)
Info    : 0 node relocations
Info    : Done meshing 3D (Wall 0.564146s, CPU 0.515625s)
Info    : Optimizing mesh...
Info    : Optimizing volume 1
Info    : Optimization starts (volume = 235.6) with worst = 0.00223636 / average = 0.685285:
Info    : 0.00 < quality < 0.10 :       200 elements
Info    : 0.10 < quality < 0.20 :       379 elements
Info    : 0.20 < quality < 0.30 :       569 elements
Info    : 0.30 < quality < 0.40 :       725 elements
Info    : 0.40 < quality < 0.50 :      1108 elements
Info    : 0.50 < quality < 0.60 :      3425 elements
Info    : 0.60 < quality < 0.70 :     11406 elements
Info    : 0.70 < quality < 0.80 :     20336 elements
Info    : 0.80 < quality < 0.90 :      1902 elements
Info    : 0.90 < quality < 1.00 :      1460 elements
Info    : 1086 edge swaps, 19 node relocations (volume = 235.6): worst = 0.072808 / average = 0.700681 (Wall 0.0105021s, CPU 0.015625s)
Info    : 1140 edge swaps, 20 node relocations (volume = 235.6): worst = 0.134141 / average = 0.701365 (Wall 0.0130291s, CPU 0.015625s)
Info    : 1143 edge swaps, 20 node relocations (volume = 235.6): worst = 0.134141 / average = 0.701347 (Wall 0.0149469s, CPU 0.015625s)
Info    : No ill-shaped tets in the mesh :-)
Info    : 0.00 < quality < 0.10 :         0 elements
Info    : 0.10 < quality < 0.20 :         4 elements
Info    : 0.20 < quality < 0.30 :        17 elements
Info    : 0.30 < quality < 0.40 :       575 elements
Info    : 0.40 < quality < 0.50 :       936 elements
Info    : 0.50 < quality < 0.60 :      3472 elements
Info    : 0.60 < quality < 0.70 :     11780 elements
Info    : 0.70 < quality < 0.80 :     20124 elements
Info    : 0.80 < quality < 0.90 :      2086 elements
Info    : 0.90 < quality < 1.00 :      1465 elements
Info    : Optimizing volume 2
Info    : Optimization starts (volume = 0.256681) with worst = 0.0255044 / average = 0.752125:
Info    : 0.00 < quality < 0.10 :         2 elements
Info    : 0.10 < quality < 0.20 :         2 elements
Info    : 0.20 < quality < 0.30 :         2 elements
Info    : 0.30 < quality < 0.40 :        11 elements
Info    : 0.40 < quality < 0.50 :        13 elements
Info    : 0.50 < quality < 0.60 :        23 elements
Info    : 0.60 < quality < 0.70 :        83 elements
Info    : 0.70 < quality < 0.80 :       177 elements
Info    : 0.80 < quality < 0.90 :       150 elements
Info    : 0.90 < quality < 1.00 :        52 elements
Info    : 6 edge swaps, 0 node relocations (volume = 0.256681): worst = 0.311245 / average = 0.760679 (Wall 0.00011301s, CPU 0s)
Info    : No ill-shaped tets in the mesh :-)
Info    : 0.00 < quality < 0.10 :         0 elements
Info    : 0.10 < quality < 0.20 :         0 elements
Info    : 0.20 < quality < 0.30 :         0 elements
Info    : 0.30 < quality < 0.40 :        11 elements
Info    : 0.40 < quality < 0.50 :        11 elements
Info    : 0.50 < quality < 0.60 :        22 elements
Info    : 0.60 < quality < 0.70 :        82 elements
Info    : 0.70 < quality < 0.80 :       181 elements
Info    : 0.80 < quality < 0.90 :       150 elements
Info    : 0.90 < quality < 1.00 :        52 elements
Info    : Done optimizing mesh (Wall 0.0377359s, CPU 0.03125s)
Info    : 13482 nodes 67364 elements
Info    : Meshing order 2 (curvilinear on)...
Info    : [  0%] Meshing curve 1 order 2
Info    : [ 10%] Meshing curve 2 order 2
Info    : [ 20%] Meshing curve 3 order 2
Info    : [ 20%] Meshing curve 4 order 2
Info    : [ 30%] Meshing curve 5 order 2
Info    : [ 30%] Meshing curve 6 order 2
Info    : [ 40%] Meshing curve 7 order 2
Info    : [ 40%] Meshing curve 8 order 2
Info    : [ 50%] Meshing curve 9 order 2
Info    : [ 50%] Meshing curve 10 order 2
Info    : [ 60%] Meshing curve 11 order 2
Info    : [ 60%] Meshing curve 12 order 2
Info    : [ 70%] Meshing surface 1 order 2
Info    : [ 70%] Meshing surface 2 order 2
Info    : [ 80%] Meshing surface 3 order 2
Info    : [ 80%] Meshing surface 4 order 2
Info    : [ 90%] Meshing surface 5 order 2
Info    : [ 90%] Meshing surface 6 order 2
Info    : [100%] Meshing volume 1 order 2
Info    : [100%] Meshing volume 2 order 2
Info    : Surface mesh: worst distortion = 0.797589 (0 elements in ]0, 0.2]); worst gamma = 0.632317
Info    : Volume mesh: worst distortion = 0.272613 (0 elements in ]0, 0.2])
Info    : Done meshing order 2 (Wall 18.3137s, CPU 18.25s)
Info    : Writing 'C:\Users\gustj\Desktop\김현서\김현서\홀센서 코드\현서\scripts\contact_scenarios\fea\matv2_mesh_DEPTH500_phiN30_d50_b0_s30.inp'...
Info    : Done writing 'C:\Users\gustj\Desktop\김현서\김현서\홀센서 코드\현서\scripts\contact_scenarios\fea\matv2_mesh_DEPTH500_phiN30_d50_b0_s30.inp'
  [DEPTH500_phiN30_d50_b0] F_mag=0.0009mN  (276.3s)
[DEPTH500_phiN30_d50_b0] 완료: 1/1 성공
