[DEPTH750_phiP30_d200_b0 1/1] L_M=75.0, phi=30.0, beta=0.0, s=10.0mm, push_depth=0.2mm ...
Info    : Meshing 1D...
Info    : [  0%] Meshing curve 1 (BSpline)
Info    : [ 10%] Meshing curve 2 (Ellipse)
Info    : [ 20%] Meshing curve 3 (Ellipse)
Info    : [ 30%] Meshing curve 4 (BSpline)
Info    : [ 40%] Meshing curve 5 (BSpline)
Info    : [ 50%] Meshing curve 6 (BSpline)
Info    : [ 60%] Meshing curve 7 (BSpline)
Info    : [ 60%] Meshing curve 8 (BSpline)
Info    : [ 70%] Meshing curve 9 (BSpline)
Info    : [ 90%] Meshing curve 11 (Circle)
Info    : Done meshing 1D (Wall 0.0197797s, CPU 0.019762s)
Info    : Meshing 2D...
Info    : [  0%] Meshing surface 1 (Plane, Frontal-Delaunay)
Info    : [ 20%] Meshing surface 2 (Plane, Frontal-Delaunay)
Info    : [ 40%] Meshing surface 3 (BSpline surface, Frontal-Delaunay)
Info    : [ 60%] Meshing surface 4 (BSpline surface, Frontal-Delaunay)
Info    : [ 70%] Meshing surface 5 (Plane, Frontal-Delaunay)
Info    : [ 90%] Meshing surface 6 (Sphere, Frontal-Delaunay)
Info    : Done meshing 2D (Wall 0.774304s, CPU 0.765207s)
Info    : Meshing 3D...
Info    : 3D Meshing 2 volumes with 2 connected components
Info    : Tetrahedrizing 12549 nodes...
Info    : Done tetrahedrizing 12557 nodes (Wall 0.15324s, CPU 0.144222s)
Info    : Reconstructing mesh...
Info    :  - Creating surface mesh
Info    :  - Identifying boundary edges
Info    :  - Recovering boundary
Info    : Done reconstructing mesh (Wall 0.394556s, CPU 0.363553s)
Info    : Found volume 1
Info    : It. 0 - 0 nodes created - worst tet radius 1.04885 (nodes removed 0 0)
Info    : It. 500 - 500 nodes created - worst tet radius 1.00064 (nodes removed 0 0)
Info    : 3D refinement terminated (13270 nodes total):
Info    :  - 0 Delaunay cavities modified for star shapeness
Info    :  - 0 nodes could not be inserted
Info    :  - 42491 tetrahedra created in 0.031074 sec. (1367411 tets/s)
Info    : 0 node relocations
Info    : Tetrahedrizing 131 nodes...
Info    : Done tetrahedrizing 139 nodes (Wall 0.000754838s, CPU 0.000755s)
Info    : Reconstructing mesh...
Info    :  - Creating surface mesh
Info    :  - Identifying boundary edges
Info    :  - Recovering boundary
Info    : Done reconstructing mesh (Wall 0.0017944s, CPU 0.001787s)
Info    : Found volume 2
Info    : It. 0 - 0 nodes created - worst tet radius 3.15688 (nodes removed 0 0)
Info    : 3D refinement terminated (12760 nodes total):
Info    :  - 0 Delaunay cavities modified for star shapeness
Info    :  - 0 nodes could not be inserted
Info    :  - 501 tetrahedra created in 0.003088 sec. (162241 tets/s)
Info    : 0 node relocations
Info    : Done meshing 3D (Wall 0.752212s, CPU 0.719107s)
Info    : Optimizing mesh...
Info    : Optimizing volume 1
Info    : Optimization starts (volume = 235.626) with worst = 0.00118351 / average = 0.684137:
Info    : 0.00 < quality < 0.10 :       249 elements
Info    : 0.10 < quality < 0.20 :       415 elements
Info    : 0.20 < quality < 0.30 :       582 elements
Info    : 0.30 < quality < 0.40 :       773 elements
Info    : 0.40 < quality < 0.50 :      1242 elements
Info    : 0.50 < quality < 0.60 :      3680 elements
Info    : 0.60 < quality < 0.70 :     11863 elements
Info    : 0.70 < quality < 0.80 :     19774 elements
Info    : 0.80 < quality < 0.90 :      2139 elements
Info    : 0.90 < quality < 1.00 :      1774 elements
Info    : 1188 edge swaps, 18 node relocations (volume = 235.626): worst = 0.0586828 / average = 0.700639 (Wall 0.0172157s, CPU 0.017215s)
Info    : 1249 edge swaps, 19 node relocations (volume = 235.626): worst = 0.0977566 / average = 0.701314 (Wall 0.0210102s, CPU 0.021009s)
Info    : 1257 edge swaps, 19 node relocations (volume = 235.626): worst = 0.0977566 / average = 0.701384 (Wall 0.0240171s, CPU 0.024017s)
Info    : No ill-shaped tets in the mesh :-)
Info    : 0.00 < quality < 0.10 :         1 elements
Info    : 0.10 < quality < 0.20 :         2 elements
Info    : 0.20 < quality < 0.30 :         4 elements
Info    : 0.30 < quality < 0.40 :       624 elements
Info    : 0.40 < quality < 0.50 :      1005 elements
Info    : 0.50 < quality < 0.60 :      3805 elements
Info    : 0.60 < quality < 0.70 :     12284 elements
Info    : 0.70 < quality < 0.80 :     19494 elements
Info    : 0.80 < quality < 0.90 :      2343 elements
Info    : 0.90 < quality < 1.00 :      1774 elements
Info    : Optimizing volume 2
Info    : Optimization starts (volume = 0.25645) with worst = 0.0401763 / average = 0.723163:
Info    : 0.00 < quality < 0.10 :         2 elements
Info    : 0.10 < quality < 0.20 :         5 elements
Info    : 0.20 < quality < 0.30 :         4 elements
Info    : 0.30 < quality < 0.40 :        19 elements
Info    : 0.40 < quality < 0.50 :        23 elements
Info    : 0.50 < quality < 0.60 :        30 elements
Info    : 0.60 < quality < 0.70 :        67 elements
Info    : 0.70 < quality < 0.80 :       188 elements
Info    : 0.80 < quality < 0.90 :       122 elements
Info    : 0.90 < quality < 1.00 :        41 elements
Info    : 11 edge swaps, 0 node relocations (volume = 0.25645): worst = 0.306492 / average = 0.738495 (Wall 0.000126114s, CPU 0.000129s)
Info    : No ill-shaped tets in the mesh :-)
Info    : 0.00 < quality < 0.10 :         0 elements
Info    : 0.10 < quality < 0.20 :         0 elements
Info    : 0.20 < quality < 0.30 :         0 elements
Info    : 0.30 < quality < 0.40 :        19 elements
Info    : 0.40 < quality < 0.50 :        20 elements
Info    : 0.50 < quality < 0.60 :        28 elements
Info    : 0.60 < quality < 0.70 :        68 elements
Info    : 0.70 < quality < 0.80 :       189 elements
Info    : 0.80 < quality < 0.90 :       125 elements
Info    : 0.90 < quality < 1.00 :        41 elements
Info    : Done optimizing mesh (Wall 0.0485083s, CPU 0.048506s)
Info    : 13669 nodes 68417 elements
Info    : Meshing order 2 (curvilinear on)...
Info    : [  0%] Meshing curve 1 order 2
Info    : [ 10%] Meshing curve 2 order 2
Info    : [ 20%] Meshing curve 3 order 2
Info    : [ 20%] Meshing curve 4 order 2
Info    : [ 30%] Meshing curve 5 order 2
Info    : [ 30%] Meshing curve 6 order 2
Info    : [ 40%] Meshing curve 7 order 2
Info    : [ 40%] Meshing curve 8 order 2
Info    : [ 50%] Meshing curve 9 order 2
Info    : [ 50%] Meshing curve 10 order 2
Info    : [ 60%] Meshing curve 11 order 2
Info    : [ 60%] Meshing curve 12 order 2
Info    : [ 70%] Meshing surface 1 order 2
Info    : [ 70%] Meshing surface 2 order 2
Info    : [ 80%] Meshing surface 3 order 2
Info    : [ 80%] Meshing surface 4 order 2
Info    : [ 90%] Meshing surface 5 order 2
Info    : [ 90%] Meshing surface 6 order 2
Info    : [100%] Meshing volume 1 order 2
Info    : [100%] Meshing volume 2 order 2
Info    : Surface mesh: worst distortion = 0.797589 (0 elements in ]0, 0.2]); worst gamma = 0.724859
Info    : Volume mesh: worst distortion = 0.264161 (0 elements in ]0, 0.2])
Info    : Done meshing order 2 (Wall 13.2173s, CPU 13.2036s)
Info    : Writing '/home/user/mscr-mom/현서/scripts/contact_scenarios/fea/matv2_mesh_DEPTH750_phiP30_d200_b0_s10.inp'...
Info    : Done writing '/home/user/mscr-mom/현서/scripts/contact_scenarios/fea/matv2_mesh_DEPTH750_phiP30_d200_b0_s10.inp'
  [DEPTH750_phiP30_d200_b0] F_mag=0.3047mN  (293.8s)
[DEPTH750_phiP30_d200_b0] 완료: 1/1 성공
