[PST125_phiN90_b0 1/8] L_M=12.5, phi=-90.0, beta=0.0, s=62.5mm, push_depth=0.1mm ...
Info    : Meshing 1D...
Info    : [  0%] Meshing curve 1 (BSpline)
Info    : [ 10%] Meshing curve 2 (Ellipse)
Info    : [ 20%] Meshing curve 3 (Ellipse)
Info    : [ 30%] Meshing curve 4 (BSpline)
Info    : [ 40%] Meshing curve 5 (BSpline)
Info    : [ 50%] Meshing curve 6 (BSpline)
Info    : [ 60%] Meshing curve 7 (BSpline)
Info    : [ 60%] Meshing curve 8 (BSpline)
Info    : [ 70%] Meshing curve 9 (BSpline)
Info    : [ 90%] Meshing curve 11 (Circle)
Info    : Done meshing 1D (Wall 0.0208052s, CPU 0.020667s)
Info    : Meshing 2D...
Info    : [  0%] Meshing surface 1 (Plane, Frontal-Delaunay)
Info    : [ 20%] Meshing surface 2 (Plane, Frontal-Delaunay)
Info    : [ 40%] Meshing surface 3 (BSpline surface, Frontal-Delaunay)
Info    : [ 60%] Meshing surface 4 (BSpline surface, Frontal-Delaunay)
Info    : [ 70%] Meshing surface 5 (Plane, Frontal-Delaunay)
Info    : [ 90%] Meshing surface 6 (Sphere, Frontal-Delaunay)
Info    : Done meshing 2D (Wall 0.764191s, CPU 0.761691s)
Info    : Meshing 3D...
Info    : 3D Meshing 2 volumes with 2 connected components
Info    : Tetrahedrizing 12458 nodes...
Info    : Done tetrahedrizing 12466 nodes (Wall 0.152841s, CPU 0.142797s)
Info    : Reconstructing mesh...
Info    :  - Creating surface mesh
Info    :  - Identifying boundary edges
Info    :  - Recovering boundary
Info    : Done reconstructing mesh (Wall 0.42663s, CPU 0.398492s)
Info    : Found volume 1
Info    : It. 0 - 0 nodes created - worst tet radius 1.04363 (nodes removed 0 0)
Info    : It. 500 - 500 nodes created - worst tet radius 1.00157 (nodes removed 0 0)
Info    : 3D refinement terminated (13217 nodes total):
Info    :  - 0 Delaunay cavities modified for star shapeness
Info    :  - 0 nodes could not be inserted
Info    :  - 42840 tetrahedra created in 0.0327762 sec. (1307047 tets/s)
Info    : 0 node relocations
Info    : Tetrahedrizing 132 nodes...
Info    : Done tetrahedrizing 140 nodes (Wall 0.000714255s, CPU 0.00071s)
Info    : Reconstructing mesh...
Info    :  - Creating surface mesh
Info    :  - Identifying boundary edges
Info    :  - Recovering boundary
Info    : Done reconstructing mesh (Wall 0.00182118s, CPU 0.00182s)
Info    : Found volume 2
Info    : It. 0 - 0 nodes created - worst tet radius 3.12912 (nodes removed 0 0)
Info    : 3D refinement terminated (12671 nodes total):
Info    :  - 0 Delaunay cavities modified for star shapeness
Info    :  - 0 nodes could not be inserted
Info    :  - 484 tetrahedra created in 0.00277429 sec. (174459 tets/s)
Info    : 0 node relocations
Info    : Done meshing 3D (Wall 0.769254s, CPU 0.740009s)
Info    : Optimizing mesh...
Info    : Optimizing volume 1
Info    : Optimization starts (volume = 235.583) with worst = 0.00679222 / average = 0.681049:
Info    : 0.00 < quality < 0.10 :       197 elements
Info    : 0.10 < quality < 0.20 :       543 elements
Info    : 0.20 < quality < 0.30 :       768 elements
Info    : 0.30 < quality < 0.40 :      1143 elements
Info    : 0.40 < quality < 0.50 :      1583 elements
Info    : 0.50 < quality < 0.60 :      4058 elements
Info    : 0.60 < quality < 0.70 :      9600 elements
Info    : 0.70 < quality < 0.80 :     20671 elements
Info    : 0.80 < quality < 0.90 :      2427 elements
Info    : 0.90 < quality < 1.00 :      1850 elements
Info    : 1427 edge swaps, 26 node relocations (volume = 235.583): worst = 0.0487929 / average = 0.699719 (Wall 0.0136615s, CPU 0.013637s)
Info    : 1494 edge swaps, 29 node relocations (volume = 235.583): worst = 0.169335 / average = 0.70045 (Wall 0.0163832s, CPU 0.01636s)
Info    : 1498 edge swaps, 29 node relocations (volume = 235.583): worst = 0.177975 / average = 0.700464 (Wall 0.0184424s, CPU 0.01842s)
Info    : No ill-shaped tets in the mesh :-)
Info    : 0.00 < quality < 0.10 :         0 elements
Info    : 0.10 < quality < 0.20 :         3 elements
Info    : 0.20 < quality < 0.30 :        24 elements
Info    : 0.30 < quality < 0.40 :      1011 elements
Info    : 0.40 < quality < 0.50 :      1361 elements
Info    : 0.50 < quality < 0.60 :      4118 elements
Info    : 0.60 < quality < 0.70 :     10218 elements
Info    : 0.70 < quality < 0.80 :     20342 elements
Info    : 0.80 < quality < 0.90 :      2582 elements
Info    : 0.90 < quality < 1.00 :      1856 elements
Info    : Optimizing volume 2
Info    : Optimization starts (volume = 0.256432) with worst = 0.0653347 / average = 0.76556:
Info    : 0.00 < quality < 0.10 :         2 elements
Info    : 0.10 < quality < 0.20 :         1 elements
Info    : 0.20 < quality < 0.30 :         4 elements
Info    : 0.30 < quality < 0.40 :         3 elements
Info    : 0.40 < quality < 0.50 :        10 elements
Info    : 0.50 < quality < 0.60 :        13 elements
Info    : 0.60 < quality < 0.70 :        66 elements
Info    : 0.70 < quality < 0.80 :       188 elements
Info    : 0.80 < quality < 0.90 :       142 elements
Info    : 0.90 < quality < 1.00 :        55 elements
Info    : 7 edge swaps, 2 node relocations (volume = 0.256432): worst = 0.305723 / average = 0.772649 (Wall 0.000141896s, CPU 0.000142s)
Info    : No ill-shaped tets in the mesh :-)
Info    : 0.00 < quality < 0.10 :         0 elements
Info    : 0.10 < quality < 0.20 :         0 elements
Info    : 0.20 < quality < 0.30 :         0 elements
Info    : 0.30 < quality < 0.40 :         4 elements
Info    : 0.40 < quality < 0.50 :        11 elements
Info    : 0.50 < quality < 0.60 :        12 elements
Info    : 0.60 < quality < 0.70 :        66 elements
Info    : 0.70 < quality < 0.80 :       186 elements
Info    : 0.80 < quality < 0.90 :       144 elements
Info    : 0.90 < quality < 1.00 :        56 elements
Info    : Done optimizing mesh (Wall 0.0428133s, CPU 0.042786s)
Info    : 13617 nodes 68408 elements
Info    : Meshing order 2 (curvilinear on)...
Info    : [  0%] Meshing curve 1 order 2
Info    : [ 10%] Meshing curve 2 order 2
Info    : [ 20%] Meshing curve 3 order 2
Info    : [ 20%] Meshing curve 4 order 2
Info    : [ 30%] Meshing curve 5 order 2
Info    : [ 30%] Meshing curve 6 order 2
Info    : [ 40%] Meshing curve 7 order 2
Info    : [ 40%] Meshing curve 8 order 2
Info    : [ 50%] Meshing curve 9 order 2
Info    : [ 50%] Meshing curve 10 order 2
Info    : [ 60%] Meshing curve 11 order 2
Info    : [ 60%] Meshing curve 12 order 2
Info    : [ 70%] Meshing surface 1 order 2
Info    : [ 70%] Meshing surface 2 order 2
Info    : [ 80%] Meshing surface 3 order 2
Info    : [ 80%] Meshing surface 4 order 2
Info    : [ 90%] Meshing surface 5 order 2
Info    : [ 90%] Meshing surface 6 order 2
Info    : [100%] Meshing volume 1 order 2
Info    : [100%] Meshing volume 2 order 2
Info    : Surface mesh: worst distortion = 0.797589 (0 elements in ]0, 0.2]); worst gamma = 0.50915
Info    : Volume mesh: worst distortion = 0.270886 (0 elements in ]0, 0.2])
Info    : Done meshing order 2 (Wall 13.9963s, CPU 13.9928s)
Info    : Writing '/home/user/mscr-mom/현서/scripts/contact_scenarios/fea/matv2_mesh_PST125_phiN90_b0_s62.inp'...
Info    : Done writing '/home/user/mscr-mom/현서/scripts/contact_scenarios/fea/matv2_mesh_PST125_phiN90_b0_s62.inp'
  [PST125_phiN90_b0] F_mag=0.0008mN  (443.7s)
[PST125_phiN90_b0 2/8] L_M=12.5, phi=-90.0, beta=0.0, s=67.5mm, push_depth=0.1mm ...
Info    : Meshing 1D...
Info    : [  0%] Meshing curve 1 (BSpline)
Info    : [ 10%] Meshing curve 2 (Ellipse)
Info    : [ 20%] Meshing curve 3 (Ellipse)
Info    : [ 30%] Meshing curve 4 (BSpline)
Info    : [ 40%] Meshing curve 5 (BSpline)
Info    : [ 50%] Meshing curve 6 (BSpline)
Info    : [ 60%] Meshing curve 7 (BSpline)
Info    : [ 60%] Meshing curve 8 (BSpline)
Info    : [ 70%] Meshing curve 9 (BSpline)
Info    : [ 90%] Meshing curve 11 (Circle)
Info    : Done meshing 1D (Wall 0.0198606s, CPU 0.019783s)
Info    : Meshing 2D...
Info    : [  0%] Meshing surface 1 (Plane, Frontal-Delaunay)
Info    : [ 20%] Meshing surface 2 (Plane, Frontal-Delaunay)
Info    : [ 40%] Meshing surface 3 (BSpline surface, Frontal-Delaunay)
Info    : [ 60%] Meshing surface 4 (BSpline surface, Frontal-Delaunay)
Info    : [ 70%] Meshing surface 5 (Plane, Frontal-Delaunay)
Info    : [ 90%] Meshing surface 6 (Sphere, Frontal-Delaunay)
Info    : Done meshing 2D (Wall 0.720035s, CPU 0.717986s)
Info    : Meshing 3D...
Info    : 3D Meshing 2 volumes with 2 connected components
Info    : Tetrahedrizing 12458 nodes...
Info    : Done tetrahedrizing 12466 nodes (Wall 0.147099s, CPU 0.143092s)
Info    : Reconstructing mesh...
Info    :  - Creating surface mesh
Info    :  - Identifying boundary edges
Info    :  - Recovering boundary
Info    : Done reconstructing mesh (Wall 0.35599s, CPU 0.342968s)
Info    : Found volume 1
Info    : It. 0 - 0 nodes created - worst tet radius 1.04363 (nodes removed 0 0)
Info    : It. 500 - 500 nodes created - worst tet radius 1.00157 (nodes removed 0 0)
Info    : 3D refinement terminated (13217 nodes total):
Info    :  - 0 Delaunay cavities modified for star shapeness
Info    :  - 0 nodes could not be inserted
Info    :  - 42840 tetrahedra created in 0.0234646 sec. (1825728 tets/s)
Info    : 0 node relocations
Info    : Tetrahedrizing 132 nodes...
Info    : Done tetrahedrizing 140 nodes (Wall 0.000694085s, CPU 0.000694s)
Info    : Reconstructing mesh...
Info    :  - Creating surface mesh
Info    :  - Identifying boundary edges
Info    :  - Recovering boundary
Info    : Done reconstructing mesh (Wall 0.00164963s, CPU 0.000899s)
Info    : Found volume 2
Info    : It. 0 - 0 nodes created - worst tet radius 3.12912 (nodes removed 0 0)
Info    : 3D refinement terminated (12671 nodes total):
Info    :  - 0 Delaunay cavities modified for star shapeness
Info    :  - 0 nodes could not be inserted
Info    :  - 484 tetrahedra created in 0.00235299 sec. (205695 tets/s)
Info    : 0 node relocations
Info    : Done meshing 3D (Wall 0.623558s, CPU 0.609518s)
Info    : Optimizing mesh...
Info    : Optimizing volume 1
Info    : Optimization starts (volume = 235.583) with worst = 0.00679222 / average = 0.681049:
Info    : 0.00 < quality < 0.10 :       197 elements
Info    : 0.10 < quality < 0.20 :       543 elements
Info    : 0.20 < quality < 0.30 :       768 elements
Info    : 0.30 < quality < 0.40 :      1143 elements
Info    : 0.40 < quality < 0.50 :      1583 elements
Info    : 0.50 < quality < 0.60 :      4058 elements
Info    : 0.60 < quality < 0.70 :      9600 elements
Info    : 0.70 < quality < 0.80 :     20671 elements
Info    : 0.80 < quality < 0.90 :      2427 elements
Info    : 0.90 < quality < 1.00 :      1850 elements
Info    : 1427 edge swaps, 26 node relocations (volume = 235.583): worst = 0.0487929 / average = 0.699719 (Wall 0.0186512s, CPU 0.018651s)
Info    : 1494 edge swaps, 29 node relocations (volume = 235.583): worst = 0.169335 / average = 0.70045 (Wall 0.0239701s, CPU 0.023971s)
Info    : 1498 edge swaps, 29 node relocations (volume = 235.583): worst = 0.177975 / average = 0.700464 (Wall 0.0265338s, CPU 0.026535s)
Info    : No ill-shaped tets in the mesh :-)
Info    : 0.00 < quality < 0.10 :         0 elements
Info    : 0.10 < quality < 0.20 :         3 elements
Info    : 0.20 < quality < 0.30 :        24 elements
Info    : 0.30 < quality < 0.40 :      1011 elements
Info    : 0.40 < quality < 0.50 :      1361 elements
Info    : 0.50 < quality < 0.60 :      4118 elements
Info    : 0.60 < quality < 0.70 :     10218 elements
Info    : 0.70 < quality < 0.80 :     20342 elements
Info    : 0.80 < quality < 0.90 :      2582 elements
Info    : 0.90 < quality < 1.00 :      1856 elements
Info    : Optimizing volume 2
Info    : Optimization starts (volume = 0.256432) with worst = 0.0653347 / average = 0.76556:
Info    : 0.00 < quality < 0.10 :         2 elements
Info    : 0.10 < quality < 0.20 :         1 elements
Info    : 0.20 < quality < 0.30 :         4 elements
Info    : 0.30 < quality < 0.40 :         3 elements
Info    : 0.40 < quality < 0.50 :        10 elements
Info    : 0.50 < quality < 0.60 :        13 elements
Info    : 0.60 < quality < 0.70 :        66 elements
Info    : 0.70 < quality < 0.80 :       188 elements
Info    : 0.80 < quality < 0.90 :       142 elements
Info    : 0.90 < quality < 1.00 :        55 elements
Info    : 7 edge swaps, 2 node relocations (volume = 0.256432): worst = 0.305723 / average = 0.772649 (Wall 0.00013166s, CPU 0.000134s)
Info    : No ill-shaped tets in the mesh :-)
Info    : 0.00 < quality < 0.10 :         0 elements
Info    : 0.10 < quality < 0.20 :         0 elements
Info    : 0.20 < quality < 0.30 :         0 elements
Info    : 0.30 < quality < 0.40 :         4 elements
Info    : 0.40 < quality < 0.50 :        11 elements
Info    : 0.50 < quality < 0.60 :        12 elements
Info    : 0.60 < quality < 0.70 :        66 elements
Info    : 0.70 < quality < 0.80 :       186 elements
Info    : 0.80 < quality < 0.90 :       144 elements
Info    : 0.90 < quality < 1.00 :        56 elements
Info    : Done optimizing mesh (Wall 0.0506473s, CPU 0.050645s)
Info    : 13617 nodes 68408 elements
Info    : Meshing order 2 (curvilinear on)...
Info    : [  0%] Meshing curve 1 order 2
Info    : [ 10%] Meshing curve 2 order 2
Info    : [ 20%] Meshing curve 3 order 2
Info    : [ 20%] Meshing curve 4 order 2
Info    : [ 30%] Meshing curve 5 order 2
Info    : [ 30%] Meshing curve 6 order 2
Info    : [ 40%] Meshing curve 7 order 2
Info    : [ 40%] Meshing curve 8 order 2
Info    : [ 50%] Meshing curve 9 order 2
Info    : [ 50%] Meshing curve 10 order 2
Info    : [ 60%] Meshing curve 11 order 2
Info    : [ 60%] Meshing curve 12 order 2
Info    : [ 70%] Meshing surface 1 order 2
Info    : [ 70%] Meshing surface 2 order 2
Info    : [ 80%] Meshing surface 3 order 2
Info    : [ 80%] Meshing surface 4 order 2
Info    : [ 90%] Meshing surface 5 order 2
Info    : [ 90%] Meshing surface 6 order 2
Info    : [100%] Meshing volume 1 order 2
Info    : [100%] Meshing volume 2 order 2
Info    : Surface mesh: worst distortion = 0.797589 (0 elements in ]0, 0.2]); worst gamma = 0.50915
Info    : Volume mesh: worst distortion = 0.270886 (0 elements in ]0, 0.2])
Info    : Done meshing order 2 (Wall 14.1237s, CPU 14.1042s)
Info    : Writing '/home/user/mscr-mom/현서/scripts/contact_scenarios/fea/matv2_mesh_PST125_phiN90_b0_s68.inp'...
Info    : Done writing '/home/user/mscr-mom/현서/scripts/contact_scenarios/fea/matv2_mesh_PST125_phiN90_b0_s68.inp'
  [PST125_phiN90_b0] [실패] (664.2s)
[PST125_phiN90_b0 3/8] L_M=12.5, phi=-90.0, beta=0.0, s=72.5mm, push_depth=0.1mm ...
Info    : Meshing 1D...
Info    : [  0%] Meshing curve 1 (BSpline)
Info    : [ 10%] Meshing curve 2 (Ellipse)
Info    : [ 20%] Meshing curve 3 (Ellipse)
Info    : [ 30%] Meshing curve 4 (BSpline)
Info    : [ 40%] Meshing curve 5 (BSpline)
Info    : [ 50%] Meshing curve 6 (BSpline)
Info    : [ 60%] Meshing curve 7 (BSpline)
Info    : [ 60%] Meshing curve 8 (BSpline)
Info    : [ 70%] Meshing curve 9 (BSpline)
Info    : [ 90%] Meshing curve 11 (Circle)
Info    : Done meshing 1D (Wall 0.0196795s, CPU 0.019658s)
Info    : Meshing 2D...
Info    : [  0%] Meshing surface 1 (Plane, Frontal-Delaunay)
Info    : [ 20%] Meshing surface 2 (Plane, Frontal-Delaunay)
Info    : [ 40%] Meshing surface 3 (BSpline surface, Frontal-Delaunay)
Info    : [ 60%] Meshing surface 4 (BSpline surface, Frontal-Delaunay)
Info    : [ 70%] Meshing surface 5 (Plane, Frontal-Delaunay)
Info    : [ 90%] Meshing surface 6 (Sphere, Frontal-Delaunay)
Info    : Done meshing 2D (Wall 0.795744s, CPU 0.795672s)
Info    : Meshing 3D...
Info    : 3D Meshing 2 volumes with 2 connected components
Info    : Tetrahedrizing 12458 nodes...
Info    : Done tetrahedrizing 12466 nodes (Wall 0.147636s, CPU 0.143637s)
Info    : Reconstructing mesh...
Info    :  - Creating surface mesh
Info    :  - Identifying boundary edges
Info    :  - Recovering boundary
Info    : Done reconstructing mesh (Wall 0.370538s, CPU 0.365515s)
Info    : Found volume 1
Info    : It. 0 - 0 nodes created - worst tet radius 1.04363 (nodes removed 0 0)
Info    : It. 500 - 500 nodes created - worst tet radius 1.00157 (nodes removed 0 0)
Info    : 3D refinement terminated (13216 nodes total):
Info    :  - 0 Delaunay cavities modified for star shapeness
Info    :  - 0 nodes could not be inserted
Info    :  - 42840 tetrahedra created in 0.0371261 sec. (1153904 tets/s)
Info    : 0 node relocations
Info    : Tetrahedrizing 131 nodes...
Info    : Done tetrahedrizing 139 nodes (Wall 0.000733707s, CPU 0.000734s)
Info    : Reconstructing mesh...
Info    :  - Creating surface mesh
Info    :  - Identifying boundary edges
Info    :  - Recovering boundary
Info    : Done reconstructing mesh (Wall 0.0023566s, CPU 0.002361s)
Info    : Found volume 2
Info    : It. 0 - 0 nodes created - worst tet radius 3.0164 (nodes removed 0 0)
Info    : 3D refinement terminated (12666 nodes total):
Info    :  - 0 Delaunay cavities modified for star shapeness
Info    :  - 0 nodes could not be inserted
Info    :  - 467 tetrahedra created in 0.00448176 sec. (104200 tets/s)
Info    : 0 node relocations
Info    : Done meshing 3D (Wall 0.726578s, CPU 0.720538s)
Info    : Optimizing mesh...
Info    : Optimizing volume 1
Info    : Optimization starts (volume = 235.583) with worst = 0.00679222 / average = 0.681049:
Info    : 0.00 < quality < 0.10 :       197 elements
Info    : 0.10 < quality < 0.20 :       543 elements
Info    : 0.20 < quality < 0.30 :       768 elements
Info    : 0.30 < quality < 0.40 :      1143 elements
Info    : 0.40 < quality < 0.50 :      1583 elements
Info    : 0.50 < quality < 0.60 :      4058 elements
Info    : 0.60 < quality < 0.70 :      9600 elements
Info    : 0.70 < quality < 0.80 :     20671 elements
Info    : 0.80 < quality < 0.90 :      2427 elements
Info    : 0.90 < quality < 1.00 :      1850 elements
Info    : 1427 edge swaps, 26 node relocations (volume = 235.583): worst = 0.0487929 / average = 0.699719 (Wall 0.0189387s, CPU 0.018937s)
Info    : 1494 edge swaps, 29 node relocations (volume = 235.583): worst = 0.169335 / average = 0.70045 (Wall 0.0231116s, CPU 0.023111s)
Info    : 1498 edge swaps, 29 node relocations (volume = 235.583): worst = 0.177975 / average = 0.700464 (Wall 0.0261293s, CPU 0.026129s)
Info    : No ill-shaped tets in the mesh :-)
Info    : 0.00 < quality < 0.10 :         0 elements
Info    : 0.10 < quality < 0.20 :         3 elements
Info    : 0.20 < quality < 0.30 :        24 elements
Info    : 0.30 < quality < 0.40 :      1011 elements
Info    : 0.40 < quality < 0.50 :      1361 elements
Info    : 0.50 < quality < 0.60 :      4118 elements
Info    : 0.60 < quality < 0.70 :     10218 elements
Info    : 0.70 < quality < 0.80 :     20342 elements
Info    : 0.80 < quality < 0.90 :      2582 elements
Info    : 0.90 < quality < 1.00 :      1856 elements
Info    : Optimizing volume 2
Info    : Optimization starts (volume = 0.256396) with worst = 0.0838869 / average = 0.73502:
Info    : 0.00 < quality < 0.10 :         1 elements
Info    : 0.10 < quality < 0.20 :         1 elements
Info    : 0.20 < quality < 0.30 :         8 elements
Info    : 0.30 < quality < 0.40 :        12 elements
Info    : 0.40 < quality < 0.50 :        13 elements
Info    : 0.50 < quality < 0.60 :        27 elements
Info    : 0.60 < quality < 0.70 :        85 elements
Info    : 0.70 < quality < 0.80 :       170 elements
Info    : 0.80 < quality < 0.90 :       108 elements
Info    : 0.90 < quality < 1.00 :        42 elements
Info    : 9 edge swaps, 0 node relocations (volume = 0.256396): worst = 0.226849 / average = 0.746527 (Wall 0.000143581s, CPU 0.000147s)
Info    : 10 edge swaps, 0 node relocations (volume = 0.256396): worst = 0.305805 / average = 0.747934 (Wall 0.000182641s, CPU 0.000186s)
Info    : No ill-shaped tets in the mesh :-)
Info    : 0.00 < quality < 0.10 :         0 elements
Info    : 0.10 < quality < 0.20 :         0 elements
Info    : 0.20 < quality < 0.30 :         0 elements
Info    : 0.30 < quality < 0.40 :        12 elements
Info    : 0.40 < quality < 0.50 :        10 elements
Info    : 0.50 < quality < 0.60 :        27 elements
Info    : 0.60 < quality < 0.70 :        84 elements
Info    : 0.70 < quality < 0.80 :       174 elements
Info    : 0.80 < quality < 0.90 :       109 elements
Info    : 0.90 < quality < 1.00 :        42 elements
Info    : Done optimizing mesh (Wall 0.0564706s, CPU 0.056465s)
Info    : 13612 nodes 68385 elements
Info    : Meshing order 2 (curvilinear on)...
Info    : [  0%] Meshing curve 1 order 2
Info    : [ 10%] Meshing curve 2 order 2
Info    : [ 20%] Meshing curve 3 order 2
Info    : [ 20%] Meshing curve 4 order 2
Info    : [ 30%] Meshing curve 5 order 2
Info    : [ 30%] Meshing curve 6 order 2
Info    : [ 40%] Meshing curve 7 order 2
Info    : [ 40%] Meshing curve 8 order 2
Info    : [ 50%] Meshing curve 9 order 2
Info    : [ 50%] Meshing curve 10 order 2
Info    : [ 60%] Meshing curve 11 order 2
Info    : [ 60%] Meshing curve 12 order 2
Info    : [ 70%] Meshing surface 1 order 2
Info    : [ 70%] Meshing surface 2 order 2
Info    : [ 80%] Meshing surface 3 order 2
Info    : [ 80%] Meshing surface 4 order 2
Info    : [ 90%] Meshing surface 5 order 2
Info    : [ 90%] Meshing surface 6 order 2
Info    : [100%] Meshing volume 1 order 2
Info    : [100%] Meshing volume 2 order 2
Info    : Surface mesh: worst distortion = 0.797589 (0 elements in ]0, 0.2]); worst gamma = 0.632589
Info    : Volume mesh: worst distortion = 0.270886 (0 elements in ]0, 0.2])
Info    : Done meshing order 2 (Wall 14.0615s, CPU 14.052s)
Info    : Writing '/home/user/mscr-mom/현서/scripts/contact_scenarios/fea/matv2_mesh_PST125_phiN90_b0_s72.inp'...
Info    : Done writing '/home/user/mscr-mom/현서/scripts/contact_scenarios/fea/matv2_mesh_PST125_phiN90_b0_s72.inp'
  [PST125_phiN90_b0] [실패] (1003.0s)
[PST125_phiN90_b0 4/8] L_M=12.5, phi=-90.0, beta=0.0, s=77.5mm, push_depth=0.1mm ...
Info    : Meshing 1D...
Info    : [  0%] Meshing curve 1 (BSpline)
Info    : [ 10%] Meshing curve 2 (Ellipse)
Info    : [ 20%] Meshing curve 3 (Ellipse)
Info    : [ 30%] Meshing curve 4 (BSpline)
Info    : [ 40%] Meshing curve 5 (BSpline)
Info    : [ 50%] Meshing curve 6 (BSpline)
Info    : [ 60%] Meshing curve 7 (BSpline)
Info    : [ 60%] Meshing curve 8 (BSpline)
Info    : [ 70%] Meshing curve 9 (BSpline)
Info    : [ 90%] Meshing curve 11 (Circle)
Info    : Done meshing 1D (Wall 0.0382936s, CPU 0.038289s)
Info    : Meshing 2D...
Info    : [  0%] Meshing surface 1 (Plane, Frontal-Delaunay)
Info    : [ 20%] Meshing surface 2 (Plane, Frontal-Delaunay)
Info    : [ 40%] Meshing surface 3 (BSpline surface, Frontal-Delaunay)
Info    : [ 60%] Meshing surface 4 (BSpline surface, Frontal-Delaunay)
Info    : [ 70%] Meshing surface 5 (Plane, Frontal-Delaunay)
Info    : [ 90%] Meshing surface 6 (Sphere, Frontal-Delaunay)
Info    : Done meshing 2D (Wall 1.45946s, CPU 1.45838s)
Info    : Meshing 3D...
Info    : 3D Meshing 2 volumes with 2 connected components
Info    : Tetrahedrizing 12458 nodes...
Info    : Done tetrahedrizing 12466 nodes (Wall 0.226467s, CPU 0.218458s)
Info    : Reconstructing mesh...
Info    :  - Creating surface mesh
Info    :  - Identifying boundary edges
Info    :  - Recovering boundary
Info    : Done reconstructing mesh (Wall 0.592135s, CPU 0.582687s)
Info    : Found volume 1
Info    : It. 0 - 0 nodes created - worst tet radius 1.04363 (nodes removed 0 0)
Info    : It. 500 - 500 nodes created - worst tet radius 1.00157 (nodes removed 0 0)
Info    : 3D refinement terminated (13216 nodes total):
Info    :  - 0 Delaunay cavities modified for star shapeness
Info    :  - 0 nodes could not be inserted
Info    :  - 42840 tetrahedra created in 0.0472234 sec. (907177 tets/s)
Info    : 0 node relocations
Info    : Tetrahedrizing 131 nodes...
Info    : Done tetrahedrizing 139 nodes (Wall 0.000968729s, CPU 0.000969s)
Info    : Reconstructing mesh...
Info    :  - Creating surface mesh
Info    :  - Identifying boundary edges
Info    :  - Recovering boundary
Info    : Done reconstructing mesh (Wall 0.00247404s, CPU 0.00248s)
Info    : Found volume 2
Info    : It. 0 - 0 nodes created - worst tet radius 3.0164 (nodes removed 0 0)
Info    : 3D refinement terminated (12666 nodes total):
Info    :  - 0 Delaunay cavities modified for star shapeness
Info    :  - 0 nodes could not be inserted
Info    :  - 467 tetrahedra created in 0.00625945 sec. (74607 tets/s)
Info    : 0 node relocations
Info    : Done meshing 3D (Wall 1.06957s, CPU 1.05946s)
Info    : Optimizing mesh...
Info    : Optimizing volume 1
Info    : Optimization starts (volume = 235.583) with worst = 0.00679222 / average = 0.681049:
Info    : 0.00 < quality < 0.10 :       197 elements
Info    : 0.10 < quality < 0.20 :       543 elements
Info    : 0.20 < quality < 0.30 :       768 elements
Info    : 0.30 < quality < 0.40 :      1143 elements
Info    : 0.40 < quality < 0.50 :      1583 elements
Info    : 0.50 < quality < 0.60 :      4058 elements
Info    : 0.60 < quality < 0.70 :      9600 elements
Info    : 0.70 < quality < 0.80 :     20671 elements
Info    : 0.80 < quality < 0.90 :      2427 elements
Info    : 0.90 < quality < 1.00 :      1850 elements
Info    : 1427 edge swaps, 26 node relocations (volume = 235.583): worst = 0.0487929 / average = 0.699719 (Wall 0.0321863s, CPU 0.032184s)
Info    : 1494 edge swaps, 29 node relocations (volume = 235.583): worst = 0.169335 / average = 0.70045 (Wall 0.0409591s, CPU 0.040957s)
Info    : 1498 edge swaps, 29 node relocations (volume = 235.583): worst = 0.177975 / average = 0.700464 (Wall 0.0473421s, CPU 0.047338s)
Info    : No ill-shaped tets in the mesh :-)
Info    : 0.00 < quality < 0.10 :         0 elements
Info    : 0.10 < quality < 0.20 :         3 elements
Info    : 0.20 < quality < 0.30 :        24 elements
Info    : 0.30 < quality < 0.40 :      1011 elements
Info    : 0.40 < quality < 0.50 :      1361 elements
Info    : 0.50 < quality < 0.60 :      4118 elements
Info    : 0.60 < quality < 0.70 :     10218 elements
Info    : 0.70 < quality < 0.80 :     20342 elements
Info    : 0.80 < quality < 0.90 :      2582 elements
Info    : 0.90 < quality < 1.00 :      1856 elements
Info    : Optimizing volume 2
Info    : Optimization starts (volume = 0.256396) with worst = 0.0838869 / average = 0.73502:
Info    : 0.00 < quality < 0.10 :         1 elements
Info    : 0.10 < quality < 0.20 :         1 elements
Info    : 0.20 < quality < 0.30 :         8 elements
Info    : 0.30 < quality < 0.40 :        12 elements
Info    : 0.40 < quality < 0.50 :        13 elements
Info    : 0.50 < quality < 0.60 :        27 elements
Info    : 0.60 < quality < 0.70 :        85 elements
Info    : 0.70 < quality < 0.80 :       170 elements
Info    : 0.80 < quality < 0.90 :       108 elements
Info    : 0.90 < quality < 1.00 :        42 elements
Info    : 9 edge swaps, 0 node relocations (volume = 0.256396): worst = 0.226849 / average = 0.746527 (Wall 0.00022262s, CPU 0.000225s)
Info    : 10 edge swaps, 0 node relocations (volume = 0.256396): worst = 0.305805 / average = 0.747934 (Wall 0.00028218s, CPU 0.000284s)
Info    : No ill-shaped tets in the mesh :-)
Info    : 0.00 < quality < 0.10 :         0 elements
Info    : 0.10 < quality < 0.20 :         0 elements
Info    : 0.20 < quality < 0.30 :         0 elements
Info    : 0.30 < quality < 0.40 :        12 elements
Info    : 0.40 < quality < 0.50 :        10 elements
Info    : 0.50 < quality < 0.60 :        27 elements
Info    : 0.60 < quality < 0.70 :        84 elements
Info    : 0.70 < quality < 0.80 :       174 elements
Info    : 0.80 < quality < 0.90 :       109 elements
Info    : 0.90 < quality < 1.00 :        42 elements
Info    : Done optimizing mesh (Wall 0.0957806s, CPU 0.093786s)
Info    : 13612 nodes 68385 elements
Info    : Meshing order 2 (curvilinear on)...
Info    : [  0%] Meshing curve 1 order 2
Info    : [ 10%] Meshing curve 2 order 2
Info    : [ 20%] Meshing curve 3 order 2
Info    : [ 20%] Meshing curve 4 order 2
Info    : [ 30%] Meshing curve 5 order 2
Info    : [ 30%] Meshing curve 6 order 2
Info    : [ 40%] Meshing curve 7 order 2
Info    : [ 40%] Meshing curve 8 order 2
Info    : [ 50%] Meshing curve 9 order 2
Info    : [ 50%] Meshing curve 10 order 2
Info    : [ 60%] Meshing curve 11 order 2
Info    : [ 60%] Meshing curve 12 order 2
Info    : [ 70%] Meshing surface 1 order 2
Info    : [ 70%] Meshing surface 2 order 2
Info    : [ 80%] Meshing surface 3 order 2
Info    : [ 80%] Meshing surface 4 order 2
Info    : [ 90%] Meshing surface 5 order 2
Info    : [ 90%] Meshing surface 6 order 2
Info    : [100%] Meshing volume 1 order 2
Info    : [100%] Meshing volume 2 order 2
Info    : Surface mesh: worst distortion = 0.797589 (0 elements in ]0, 0.2]); worst gamma = 0.632589
Info    : Volume mesh: worst distortion = 0.270886 (0 elements in ]0, 0.2])
Info    : Done meshing order 2 (Wall 26.0838s, CPU 25.945s)
Info    : Writing '/home/user/mscr-mom/현서/scripts/contact_scenarios/fea/matv2_mesh_PST125_phiN90_b0_s78.inp'...
Info    : Done writing '/home/user/mscr-mom/현서/scripts/contact_scenarios/fea/matv2_mesh_PST125_phiN90_b0_s78.inp'
  [PST125_phiN90_b0] [실패] (1325.9s)
[PST125_phiN90_b0 5/8] L_M=12.5, phi=-90.0, beta=0.0, s=82.5mm, push_depth=0.1mm ...
Info    : Meshing 1D...
Info    : [  0%] Meshing curve 1 (BSpline)
Info    : [ 10%] Meshing curve 2 (Ellipse)
Info    : [ 20%] Meshing curve 3 (Ellipse)
Info    : [ 30%] Meshing curve 4 (BSpline)
Info    : [ 40%] Meshing curve 5 (BSpline)
Info    : [ 50%] Meshing curve 6 (BSpline)
Info    : [ 60%] Meshing curve 7 (BSpline)
Info    : [ 60%] Meshing curve 8 (BSpline)
Info    : [ 70%] Meshing curve 9 (BSpline)
Info    : [ 90%] Meshing curve 11 (Circle)
Info    : Done meshing 1D (Wall 0.0387593s, CPU 0.038489s)
Info    : Meshing 2D...
Info    : [  0%] Meshing surface 1 (Plane, Frontal-Delaunay)
Info    : [ 20%] Meshing surface 2 (Plane, Frontal-Delaunay)
Info    : [ 40%] Meshing surface 3 (BSpline surface, Frontal-Delaunay)
Info    : [ 60%] Meshing surface 4 (BSpline surface, Frontal-Delaunay)
Info    : [ 70%] Meshing surface 5 (Plane, Frontal-Delaunay)
Info    : [ 90%] Meshing surface 6 (Sphere, Frontal-Delaunay)
Info    : Done meshing 2D (Wall 1.46999s, CPU 1.46826s)
Info    : Meshing 3D...
Info    : 3D Meshing 2 volumes with 2 connected components
Info    : Tetrahedrizing 12458 nodes...
Info    : Done tetrahedrizing 12466 nodes (Wall 0.212836s, CPU 0.205839s)
Info    : Reconstructing mesh...
Info    :  - Creating surface mesh
Info    :  - Identifying boundary edges
Info    :  - Recovering boundary
Info    : Done reconstructing mesh (Wall 0.58506s, CPU 0.577035s)
Info    : Found volume 1
Info    : It. 0 - 0 nodes created - worst tet radius 1.04363 (nodes removed 0 0)
Info    : It. 500 - 500 nodes created - worst tet radius 1.00157 (nodes removed 0 0)
Info    : 3D refinement terminated (13216 nodes total):
Info    :  - 0 Delaunay cavities modified for star shapeness
Info    :  - 0 nodes could not be inserted
Info    :  - 42840 tetrahedra created in 0.0459871 sec. (931565 tets/s)
Info    : 0 node relocations
Info    : Tetrahedrizing 131 nodes...
Info    : Done tetrahedrizing 139 nodes (Wall 0.00104508s, CPU 0.001049s)
Info    : Reconstructing mesh...
Info    :  - Creating surface mesh
Info    :  - Identifying boundary edges
Info    :  - Recovering boundary
Info    : Done reconstructing mesh (Wall 0.00295286s, CPU 0.00295s)
Info    : Found volume 2
Info    : It. 0 - 0 nodes created - worst tet radius 3.0164 (nodes removed 0 0)
Info    : 3D refinement terminated (12666 nodes total):
Info    :  - 0 Delaunay cavities modified for star shapeness
Info    :  - 0 nodes could not be inserted
Info    :  - 467 tetrahedra created in 0.00677327 sec. (68947 tets/s)
Info    : 0 node relocations
Info    : Done meshing 3D (Wall 1.09576s, CPU 1.08671s)
Info    : Optimizing mesh...
Info    : Optimizing volume 1
Info    : Optimization starts (volume = 235.583) with worst = 0.00679222 / average = 0.681049:
Info    : 0.00 < quality < 0.10 :       197 elements
Info    : 0.10 < quality < 0.20 :       543 elements
Info    : 0.20 < quality < 0.30 :       768 elements
Info    : 0.30 < quality < 0.40 :      1143 elements
Info    : 0.40 < quality < 0.50 :      1583 elements
Info    : 0.50 < quality < 0.60 :      4058 elements
Info    : 0.60 < quality < 0.70 :      9600 elements
Info    : 0.70 < quality < 0.80 :     20671 elements
Info    : 0.80 < quality < 0.90 :      2427 elements
Info    : 0.90 < quality < 1.00 :      1850 elements
Info    : 1427 edge swaps, 26 node relocations (volume = 235.583): worst = 0.0487929 / average = 0.699719 (Wall 0.0342219s, CPU 0.034221s)
Info    : 1494 edge swaps, 29 node relocations (volume = 235.583): worst = 0.169335 / average = 0.70045 (Wall 0.0422741s, CPU 0.042273s)
Info    : 1498 edge swaps, 29 node relocations (volume = 235.583): worst = 0.177975 / average = 0.700464 (Wall 0.0483768s, CPU 0.048375s)
Info    : No ill-shaped tets in the mesh :-)
Info    : 0.00 < quality < 0.10 :         0 elements
Info    : 0.10 < quality < 0.20 :         3 elements
Info    : 0.20 < quality < 0.30 :        24 elements
Info    : 0.30 < quality < 0.40 :      1011 elements
Info    : 0.40 < quality < 0.50 :      1361 elements
Info    : 0.50 < quality < 0.60 :      4118 elements
Info    : 0.60 < quality < 0.70 :     10218 elements
Info    : 0.70 < quality < 0.80 :     20342 elements
Info    : 0.80 < quality < 0.90 :      2582 elements
Info    : 0.90 < quality < 1.00 :      1856 elements
Info    : Optimizing volume 2
Info    : Optimization starts (volume = 0.256396) with worst = 0.0838869 / average = 0.73502:
Info    : 0.00 < quality < 0.10 :         1 elements
Info    : 0.10 < quality < 0.20 :         1 elements
Info    : 0.20 < quality < 0.30 :         8 elements
Info    : 0.30 < quality < 0.40 :        12 elements
Info    : 0.40 < quality < 0.50 :        13 elements
Info    : 0.50 < quality < 0.60 :        27 elements
Info    : 0.60 < quality < 0.70 :        85 elements
Info    : 0.70 < quality < 0.80 :       170 elements
Info    : 0.80 < quality < 0.90 :       108 elements
Info    : 0.90 < quality < 1.00 :        42 elements
Info    : 9 edge swaps, 0 node relocations (volume = 0.256396): worst = 0.226849 / average = 0.746527 (Wall 0.000237823s, CPU 0.000245s)
Info    : 10 edge swaps, 0 node relocations (volume = 0.256396): worst = 0.305805 / average = 0.747934 (Wall 0.000299929s, CPU 0.000307s)
Info    : No ill-shaped tets in the mesh :-)
Info    : 0.00 < quality < 0.10 :         0 elements
Info    : 0.10 < quality < 0.20 :         0 elements
Info    : 0.20 < quality < 0.30 :         0 elements
Info    : 0.30 < quality < 0.40 :        12 elements
Info    : 0.40 < quality < 0.50 :        10 elements
Info    : 0.50 < quality < 0.60 :        27 elements
Info    : 0.60 < quality < 0.70 :        84 elements
Info    : 0.70 < quality < 0.80 :       174 elements
Info    : 0.80 < quality < 0.90 :       109 elements
Info    : 0.90 < quality < 1.00 :        42 elements
Info    : Done optimizing mesh (Wall 0.103036s, CPU 0.10303s)
Info    : 13612 nodes 68385 elements
Info    : Meshing order 2 (curvilinear on)...
Info    : [  0%] Meshing curve 1 order 2
Info    : [ 10%] Meshing curve 2 order 2
Info    : [ 20%] Meshing curve 3 order 2
Info    : [ 20%] Meshing curve 4 order 2
Info    : [ 30%] Meshing curve 5 order 2
Info    : [ 30%] Meshing curve 6 order 2
Info    : [ 40%] Meshing curve 7 order 2
Info    : [ 40%] Meshing curve 8 order 2
Info    : [ 50%] Meshing curve 9 order 2
Info    : [ 50%] Meshing curve 10 order 2
Info    : [ 60%] Meshing curve 11 order 2
Info    : [ 60%] Meshing curve 12 order 2
Info    : [ 70%] Meshing surface 1 order 2
Info    : [ 70%] Meshing surface 2 order 2
Info    : [ 80%] Meshing surface 3 order 2
Info    : [ 80%] Meshing surface 4 order 2
Info    : [ 90%] Meshing surface 5 order 2
Info    : [ 90%] Meshing surface 6 order 2
Info    : [100%] Meshing volume 1 order 2
Info    : [100%] Meshing volume 2 order 2
Info    : Surface mesh: worst distortion = 0.797589 (0 elements in ]0, 0.2]); worst gamma = 0.632589
Info    : Volume mesh: worst distortion = 0.270886 (0 elements in ]0, 0.2])
Info    : Done meshing order 2 (Wall 26.3323s, CPU 26.2357s)
Info    : Writing '/home/user/mscr-mom/현서/scripts/contact_scenarios/fea/matv2_mesh_PST125_phiN90_b0_s82.inp'...
Info    : Done writing '/home/user/mscr-mom/현서/scripts/contact_scenarios/fea/matv2_mesh_PST125_phiN90_b0_s82.inp'
  [PST125_phiN90_b0] [실패] (1222.0s)
[PST125_phiN90_b0 6/8] L_M=12.5, phi=-90.0, beta=0.0, s=87.5mm, push_depth=0.1mm ...
Info    : Meshing 1D...
Info    : [  0%] Meshing curve 1 (BSpline)
Info    : [ 10%] Meshing curve 2 (Ellipse)
Info    : [ 20%] Meshing curve 3 (Ellipse)
Info    : [ 30%] Meshing curve 4 (BSpline)
Info    : [ 40%] Meshing curve 5 (BSpline)
Info    : [ 50%] Meshing curve 6 (BSpline)
Info    : [ 60%] Meshing curve 7 (BSpline)
Info    : [ 60%] Meshing curve 8 (BSpline)
Info    : [ 70%] Meshing curve 9 (BSpline)
Info    : [ 90%] Meshing curve 11 (Circle)
Info    : Done meshing 1D (Wall 0.0383573s, CPU 0.038353s)
Info    : Meshing 2D...
Info    : [  0%] Meshing surface 1 (Plane, Frontal-Delaunay)
Info    : [ 20%] Meshing surface 2 (Plane, Frontal-Delaunay)
Info    : [ 40%] Meshing surface 3 (BSpline surface, Frontal-Delaunay)
Info    : [ 60%] Meshing surface 4 (BSpline surface, Frontal-Delaunay)
Info    : [ 70%] Meshing surface 5 (Plane, Frontal-Delaunay)
Info    : [ 90%] Meshing surface 6 (Sphere, Frontal-Delaunay)
Info    : Done meshing 2D (Wall 1.46051s, CPU 1.45889s)
Info    : Meshing 3D...
Info    : 3D Meshing 2 volumes with 2 connected components
Info    : Tetrahedrizing 12458 nodes...
Info    : Done tetrahedrizing 12466 nodes (Wall 0.212771s, CPU 0.204776s)
Info    : Reconstructing mesh...
Info    :  - Creating surface mesh
Info    :  - Identifying boundary edges
Info    :  - Recovering boundary
Info    : Done reconstructing mesh (Wall 0.569317s, CPU 0.561301s)
Info    : Found volume 1
Info    : It. 0 - 0 nodes created - worst tet radius 1.04363 (nodes removed 0 0)
Info    : It. 500 - 500 nodes created - worst tet radius 1.00157 (nodes removed 0 0)
Info    : 3D refinement terminated (13217 nodes total):
Info    :  - 0 Delaunay cavities modified for star shapeness
Info    :  - 0 nodes could not be inserted
Info    :  - 42840 tetrahedra created in 0.0424635 sec. (1008865 tets/s)
Info    : 0 node relocations
Info    : Tetrahedrizing 132 nodes...
Info    : Done tetrahedrizing 140 nodes (Wall 0.00100749s, CPU 0.001008s)
Info    : Reconstructing mesh...
Info    :  - Creating surface mesh
Info    :  - Identifying boundary edges
Info    :  - Recovering boundary
Info    : Done reconstructing mesh (Wall 0.00261846s, CPU 0.001629s)
Info    : Found volume 2
Info    : It. 0 - 0 nodes created - worst tet radius 3.12912 (nodes removed 0 0)
Info    : 3D refinement terminated (12671 nodes total):
Info    :  - 0 Delaunay cavities modified for star shapeness
Info    :  - 0 nodes could not be inserted
Info    :  - 484 tetrahedra created in 0.00344725 sec. (140401 tets/s)
Info    : 0 node relocations
Info    : Done meshing 3D (Wall 1.03991s, CPU 1.02937s)
Info    : Optimizing mesh...
Info    : Optimizing volume 1
Info    : Optimization starts (volume = 235.583) with worst = 0.00679222 / average = 0.681049:
Info    : 0.00 < quality < 0.10 :       197 elements
Info    : 0.10 < quality < 0.20 :       543 elements
Info    : 0.20 < quality < 0.30 :       768 elements
Info    : 0.30 < quality < 0.40 :      1143 elements
Info    : 0.40 < quality < 0.50 :      1583 elements
Info    : 0.50 < quality < 0.60 :      4058 elements
Info    : 0.60 < quality < 0.70 :      9600 elements
Info    : 0.70 < quality < 0.80 :     20671 elements
Info    : 0.80 < quality < 0.90 :      2427 elements
Info    : 0.90 < quality < 1.00 :      1850 elements
Info    : 1427 edge swaps, 26 node relocations (volume = 235.583): worst = 0.0487929 / average = 0.699719 (Wall 0.0342369s, CPU 0.03408s)
Info    : 1494 edge swaps, 29 node relocations (volume = 235.583): worst = 0.169335 / average = 0.70045 (Wall 0.0430035s, CPU 0.042752s)
Info    : 1498 edge swaps, 29 node relocations (volume = 235.583): worst = 0.177975 / average = 0.700464 (Wall 0.0496392s, CPU 0.049289s)
Info    : No ill-shaped tets in the mesh :-)
Info    : 0.00 < quality < 0.10 :         0 elements
Info    : 0.10 < quality < 0.20 :         3 elements
Info    : 0.20 < quality < 0.30 :        24 elements
Info    : 0.30 < quality < 0.40 :      1011 elements
Info    : 0.40 < quality < 0.50 :      1361 elements
Info    : 0.50 < quality < 0.60 :      4118 elements
Info    : 0.60 < quality < 0.70 :     10218 elements
Info    : 0.70 < quality < 0.80 :     20342 elements
Info    : 0.80 < quality < 0.90 :      2582 elements
Info    : 0.90 < quality < 1.00 :      1856 elements
Info    : Optimizing volume 2
Info    : Optimization starts (volume = 0.256432) with worst = 0.0653347 / average = 0.76556:
Info    : 0.00 < quality < 0.10 :         2 elements
Info    : 0.10 < quality < 0.20 :         1 elements
Info    : 0.20 < quality < 0.30 :         4 elements
Info    : 0.30 < quality < 0.40 :         3 elements
Info    : 0.40 < quality < 0.50 :        10 elements
Info    : 0.50 < quality < 0.60 :        13 elements
Info    : 0.60 < quality < 0.70 :        66 elements
Info    : 0.70 < quality < 0.80 :       188 elements
Info    : 0.80 < quality < 0.90 :       142 elements
Info    : 0.90 < quality < 1.00 :        55 elements
Info    : 7 edge swaps, 2 node relocations (volume = 0.256432): worst = 0.305723 / average = 0.772649 (Wall 0.00055638s, CPU 0.000335s)
Info    : No ill-shaped tets in the mesh :-)
Info    : 0.00 < quality < 0.10 :         0 elements
Info    : 0.10 < quality < 0.20 :         0 elements
Info    : 0.20 < quality < 0.30 :         0 elements
Info    : 0.30 < quality < 0.40 :         4 elements
Info    : 0.40 < quality < 0.50 :        11 elements
Info    : 0.50 < quality < 0.60 :        12 elements
Info    : 0.60 < quality < 0.70 :        66 elements
Info    : 0.70 < quality < 0.80 :       186 elements
Info    : 0.80 < quality < 0.90 :       144 elements
Info    : 0.90 < quality < 1.00 :        56 elements
Info    : Done optimizing mesh (Wall 0.104778s, CPU 0.101583s)
Info    : 13617 nodes 68408 elements
Info    : Meshing order 2 (curvilinear on)...
Info    : [  0%] Meshing curve 1 order 2
Info    : [ 10%] Meshing curve 2 order 2
Info    : [ 20%] Meshing curve 3 order 2
Info    : [ 20%] Meshing curve 4 order 2
Info    : [ 30%] Meshing curve 5 order 2
Info    : [ 30%] Meshing curve 6 order 2
Info    : [ 40%] Meshing curve 7 order 2
Info    : [ 40%] Meshing curve 8 order 2
Info    : [ 50%] Meshing curve 9 order 2
Info    : [ 50%] Meshing curve 10 order 2
Info    : [ 60%] Meshing curve 11 order 2
Info    : [ 60%] Meshing curve 12 order 2
Info    : [ 70%] Meshing surface 1 order 2
Info    : [ 70%] Meshing surface 2 order 2
Info    : [ 80%] Meshing surface 3 order 2
Info    : [ 80%] Meshing surface 4 order 2
Info    : [ 90%] Meshing surface 5 order 2
Info    : [ 90%] Meshing surface 6 order 2
Info    : [100%] Meshing volume 1 order 2
Info    : [100%] Meshing volume 2 order 2
Info    : Surface mesh: worst distortion = 0.797589 (0 elements in ]0, 0.2]); worst gamma = 0.50915
Info    : Volume mesh: worst distortion = 0.270886 (0 elements in ]0, 0.2])
Info    : Done meshing order 2 (Wall 26.4472s, CPU 26.3082s)
Info    : Writing '/home/user/mscr-mom/현서/scripts/contact_scenarios/fea/matv2_mesh_PST125_phiN90_b0_s88.inp'...
Info    : Done writing '/home/user/mscr-mom/현서/scripts/contact_scenarios/fea/matv2_mesh_PST125_phiN90_b0_s88.inp'
  [PST125_phiN90_b0] [실패] (1289.0s)
[PST125_phiN90_b0 7/8] L_M=12.5, phi=-90.0, beta=0.0, s=92.5mm, push_depth=0.1mm ...
Info    : Meshing 1D...
Info    : [  0%] Meshing curve 1 (BSpline)
Info    : [ 10%] Meshing curve 2 (Ellipse)
Info    : [ 20%] Meshing curve 3 (Ellipse)
Info    : [ 30%] Meshing curve 4 (BSpline)
Info    : [ 40%] Meshing curve 5 (BSpline)
Info    : [ 50%] Meshing curve 6 (BSpline)
Info    : [ 60%] Meshing curve 7 (BSpline)
Info    : [ 60%] Meshing curve 8 (BSpline)
Info    : [ 70%] Meshing curve 9 (BSpline)
Info    : [ 90%] Meshing curve 11 (Circle)
Info    : Done meshing 1D (Wall 0.0377874s, CPU 0.037179s)
Info    : Meshing 2D...
Info    : [  0%] Meshing surface 1 (Plane, Frontal-Delaunay)
Info    : [ 20%] Meshing surface 2 (Plane, Frontal-Delaunay)
Info    : [ 40%] Meshing surface 3 (BSpline surface, Frontal-Delaunay)
Info    : [ 60%] Meshing surface 4 (BSpline surface, Frontal-Delaunay)
Info    : [ 70%] Meshing surface 5 (Plane, Frontal-Delaunay)
Info    : [ 90%] Meshing surface 6 (Sphere, Frontal-Delaunay)
Info    : Done meshing 2D (Wall 1.47146s, CPU 1.44643s)
Info    : Meshing 3D...
Info    : 3D Meshing 2 volumes with 2 connected components
Info    : Tetrahedrizing 12458 nodes...
Info    : Done tetrahedrizing 12466 nodes (Wall 0.214559s, CPU 0.206561s)
Info    : Reconstructing mesh...
Info    :  - Creating surface mesh
Info    :  - Identifying boundary edges
Info    :  - Recovering boundary
Info    : Done reconstructing mesh (Wall 0.535324s, CPU 0.527309s)
Info    : Found volume 1
Info    : It. 0 - 0 nodes created - worst tet radius 1.04363 (nodes removed 0 0)
Info    : It. 500 - 500 nodes created - worst tet radius 1.00157 (nodes removed 0 0)
Info    : 3D refinement terminated (13216 nodes total):
Info    :  - 0 Delaunay cavities modified for star shapeness
Info    :  - 0 nodes could not be inserted
Info    :  - 42840 tetrahedra created in 0.0477374 sec. (897408 tets/s)
Info    : 0 node relocations
Info    : Tetrahedrizing 131 nodes...
Info    : Done tetrahedrizing 139 nodes (Wall 0.00102886s, CPU 0.00103s)
Info    : Reconstructing mesh...
Info    :  - Creating surface mesh
Info    :  - Identifying boundary edges
Info    :  - Recovering boundary
Info    : Done reconstructing mesh (Wall 0.00294824s, CPU 0.002954s)
Info    : Found volume 2
Info    : It. 0 - 0 nodes created - worst tet radius 3.0164 (nodes removed 0 0)
Info    : 3D refinement terminated (12666 nodes total):
Info    :  - 0 Delaunay cavities modified for star shapeness
Info    :  - 0 nodes could not be inserted
Info    :  - 467 tetrahedra created in 0.0144437 sec. (32332 tets/s)
Info    : 0 node relocations
Info    : Done meshing 3D (Wall 1.03237s, CPU 1.02429s)
Info    : Optimizing mesh...
Info    : Optimizing volume 1
Info    : Optimization starts (volume = 235.583) with worst = 0.00679222 / average = 0.681049:
Info    : 0.00 < quality < 0.10 :       197 elements
Info    : 0.10 < quality < 0.20 :       543 elements
Info    : 0.20 < quality < 0.30 :       768 elements
Info    : 0.30 < quality < 0.40 :      1143 elements
Info    : 0.40 < quality < 0.50 :      1583 elements
Info    : 0.50 < quality < 0.60 :      4058 elements
Info    : 0.60 < quality < 0.70 :      9600 elements
Info    : 0.70 < quality < 0.80 :     20671 elements
Info    : 0.80 < quality < 0.90 :      2427 elements
Info    : 0.90 < quality < 1.00 :      1850 elements
Info    : 1427 edge swaps, 26 node relocations (volume = 235.583): worst = 0.0487929 / average = 0.699719 (Wall 0.0391498s, CPU 0.039148s)
Info    : 1494 edge swaps, 29 node relocations (volume = 235.583): worst = 0.169335 / average = 0.70045 (Wall 0.0494784s, CPU 0.049477s)
Info    : 1498 edge swaps, 29 node relocations (volume = 235.583): worst = 0.177975 / average = 0.700464 (Wall 0.0578944s, CPU 0.057891s)
Info    : No ill-shaped tets in the mesh :-)
Info    : 0.00 < quality < 0.10 :         0 elements
Info    : 0.10 < quality < 0.20 :         3 elements
Info    : 0.20 < quality < 0.30 :        24 elements
Info    : 0.30 < quality < 0.40 :      1011 elements
Info    : 0.40 < quality < 0.50 :      1361 elements
Info    : 0.50 < quality < 0.60 :      4118 elements
Info    : 0.60 < quality < 0.70 :     10218 elements
Info    : 0.70 < quality < 0.80 :     20342 elements
Info    : 0.80 < quality < 0.90 :      2582 elements
Info    : 0.90 < quality < 1.00 :      1856 elements
Info    : Optimizing volume 2
Info    : Optimization starts (volume = 0.256396) with worst = 0.0838869 / average = 0.73502:
Info    : 0.00 < quality < 0.10 :         1 elements
Info    : 0.10 < quality < 0.20 :         1 elements
Info    : 0.20 < quality < 0.30 :         8 elements
Info    : 0.30 < quality < 0.40 :        12 elements
Info    : 0.40 < quality < 0.50 :        13 elements
Info    : 0.50 < quality < 0.60 :        27 elements
Info    : 0.60 < quality < 0.70 :        85 elements
Info    : 0.70 < quality < 0.80 :       170 elements
Info    : 0.80 < quality < 0.90 :       108 elements
Info    : 0.90 < quality < 1.00 :        42 elements
Info    : 9 edge swaps, 0 node relocations (volume = 0.256396): worst = 0.226849 / average = 0.746527 (Wall 0.000247789s, CPU 0.000253s)
Info    : 10 edge swaps, 0 node relocations (volume = 0.256396): worst = 0.305805 / average = 0.747934 (Wall 0.000319118s, CPU 0.000253s)
Info    : No ill-shaped tets in the mesh :-)
Info    : 0.00 < quality < 0.10 :         0 elements
Info    : 0.10 < quality < 0.20 :         0 elements
Info    : 0.20 < quality < 0.30 :         0 elements
Info    : 0.30 < quality < 0.40 :        12 elements
Info    : 0.40 < quality < 0.50 :        10 elements
Info    : 0.50 < quality < 0.60 :        27 elements
Info    : 0.60 < quality < 0.70 :        84 elements
Info    : 0.70 < quality < 0.80 :       174 elements
Info    : 0.80 < quality < 0.90 :       109 elements
Info    : 0.90 < quality < 1.00 :        42 elements
Info    : Done optimizing mesh (Wall 0.124461s, CPU 0.122455s)
Info    : 13612 nodes 68385 elements
Info    : Meshing order 2 (curvilinear on)...
Info    : [  0%] Meshing curve 1 order 2
Info    : [ 10%] Meshing curve 2 order 2
Info    : [ 20%] Meshing curve 3 order 2
Info    : [ 20%] Meshing curve 4 order 2
Info    : [ 30%] Meshing curve 5 order 2
Info    : [ 30%] Meshing curve 6 order 2
Info    : [ 40%] Meshing curve 7 order 2
Info    : [ 40%] Meshing curve 8 order 2
Info    : [ 50%] Meshing curve 9 order 2
Info    : [ 50%] Meshing curve 10 order 2
Info    : [ 60%] Meshing curve 11 order 2
Info    : [ 60%] Meshing curve 12 order 2
Info    : [ 70%] Meshing surface 1 order 2
Info    : [ 70%] Meshing surface 2 order 2
Info    : [ 80%] Meshing surface 3 order 2
Info    : [ 80%] Meshing surface 4 order 2
Info    : [ 90%] Meshing surface 5 order 2
Info    : [ 90%] Meshing surface 6 order 2
Info    : [100%] Meshing volume 1 order 2
Info    : [100%] Meshing volume 2 order 2
Info    : Surface mesh: worst distortion = 0.797589 (0 elements in ]0, 0.2]); worst gamma = 0.632589
Info    : Volume mesh: worst distortion = 0.270886 (0 elements in ]0, 0.2])
Info    : Done meshing order 2 (Wall 26.4918s, CPU 26.3285s)
Info    : Writing '/home/user/mscr-mom/현서/scripts/contact_scenarios/fea/matv2_mesh_PST125_phiN90_b0_s92.inp'...
Info    : Done writing '/home/user/mscr-mom/현서/scripts/contact_scenarios/fea/matv2_mesh_PST125_phiN90_b0_s92.inp'
  [PST125_phiN90_b0] [실패] (1284.7s)
[PST125_phiN90_b0 8/8] L_M=12.5, phi=-90.0, beta=0.0, s=97.5mm, push_depth=0.1mm ...
Info    : Meshing 1D...
Info    : [  0%] Meshing curve 1 (BSpline)
Info    : [ 10%] Meshing curve 2 (Ellipse)
Info    : [ 20%] Meshing curve 3 (Ellipse)
Info    : [ 30%] Meshing curve 4 (BSpline)
Info    : [ 40%] Meshing curve 5 (BSpline)
Info    : [ 50%] Meshing curve 6 (BSpline)
Info    : [ 60%] Meshing curve 7 (BSpline)
Info    : [ 60%] Meshing curve 8 (BSpline)
Info    : [ 70%] Meshing curve 9 (BSpline)
Info    : [ 90%] Meshing curve 11 (Circle)
Info    : Done meshing 1D (Wall 0.0197514s, CPU 0.018596s)
Info    : Meshing 2D...
Info    : [  0%] Meshing surface 1 (Plane, Frontal-Delaunay)
Info    : [ 20%] Meshing surface 2 (Plane, Frontal-Delaunay)
Info    : [ 40%] Meshing surface 3 (BSpline surface, Frontal-Delaunay)
Info    : [ 60%] Meshing surface 4 (BSpline surface, Frontal-Delaunay)
Info    : [ 70%] Meshing surface 5 (Plane, Frontal-Delaunay)
Info    : [ 90%] Meshing surface 6 (Sphere, Frontal-Delaunay)
Info    : Done meshing 2D (Wall 0.791582s, CPU 0.79031s)
Info    : Meshing 3D...
Info    : 3D Meshing 2 volumes with 2 connected components
Info    : Tetrahedrizing 12458 nodes...
Info    : Done tetrahedrizing 12466 nodes (Wall 0.143604s, CPU 0.139602s)
Info    : Reconstructing mesh...
Info    :  - Creating surface mesh
Info    :  - Identifying boundary edges
Info    :  - Recovering boundary
Info    : Done reconstructing mesh (Wall 0.329629s, CPU 0.325555s)
Info    : Found volume 1
Info    : It. 0 - 0 nodes created - worst tet radius 1.04363 (nodes removed 0 0)
Info    : It. 500 - 500 nodes created - worst tet radius 1.00157 (nodes removed 0 0)
Info    : 3D refinement terminated (13217 nodes total):
Info    :  - 0 Delaunay cavities modified for star shapeness
Info    :  - 0 nodes could not be inserted
Info    :  - 42840 tetrahedra created in 0.030158 sec. (1420520 tets/s)
Info    : 0 node relocations
Info    : Tetrahedrizing 132 nodes...
Info    : Done tetrahedrizing 140 nodes (Wall 0.000751046s, CPU 0.000753s)
Info    : Reconstructing mesh...
Info    :  - Creating surface mesh
Info    :  - Identifying boundary edges
Info    :  - Recovering boundary
Info    : Done reconstructing mesh (Wall 0.00187131s, CPU 0.001872s)
Info    : Found volume 2
Info    : It. 0 - 0 nodes created - worst tet radius 3.12912 (nodes removed 0 0)
Info    : 3D refinement terminated (12671 nodes total):
Info    :  - 0 Delaunay cavities modified for star shapeness
Info    :  - 0 nodes could not be inserted
Info    :  - 484 tetrahedra created in 0.00514238 sec. (94119 tets/s)
Info    : 0 node relocations
Info    : Done meshing 3D (Wall 0.620371s, CPU 0.616286s)
Info    : Optimizing mesh...
Info    : Optimizing volume 1
Info    : Optimization starts (volume = 235.583) with worst = 0.00679222 / average = 0.681049:
Info    : 0.00 < quality < 0.10 :       197 elements
Info    : 0.10 < quality < 0.20 :       543 elements
Info    : 0.20 < quality < 0.30 :       768 elements
Info    : 0.30 < quality < 0.40 :      1143 elements
Info    : 0.40 < quality < 0.50 :      1583 elements
Info    : 0.50 < quality < 0.60 :      4058 elements
Info    : 0.60 < quality < 0.70 :      9600 elements
Info    : 0.70 < quality < 0.80 :     20671 elements
Info    : 0.80 < quality < 0.90 :      2427 elements
Info    : 0.90 < quality < 1.00 :      1850 elements
Info    : 1427 edge swaps, 26 node relocations (volume = 235.583): worst = 0.0487929 / average = 0.699719 (Wall 0.0169096s, CPU 0.016909s)
Info    : 1494 edge swaps, 29 node relocations (volume = 235.583): worst = 0.169335 / average = 0.70045 (Wall 0.0201009s, CPU 0.020104s)
Info    : 1498 edge swaps, 29 node relocations (volume = 235.583): worst = 0.177975 / average = 0.700464 (Wall 0.0223143s, CPU 0.022318s)
Info    : No ill-shaped tets in the mesh :-)
Info    : 0.00 < quality < 0.10 :         0 elements
Info    : 0.10 < quality < 0.20 :         3 elements
Info    : 0.20 < quality < 0.30 :        24 elements
Info    : 0.30 < quality < 0.40 :      1011 elements
Info    : 0.40 < quality < 0.50 :      1361 elements
Info    : 0.50 < quality < 0.60 :      4118 elements
Info    : 0.60 < quality < 0.70 :     10218 elements
Info    : 0.70 < quality < 0.80 :     20342 elements
Info    : 0.80 < quality < 0.90 :      2582 elements
Info    : 0.90 < quality < 1.00 :      1856 elements
Info    : Optimizing volume 2
Info    : Optimization starts (volume = 0.256432) with worst = 0.0653347 / average = 0.76556:
Info    : 0.00 < quality < 0.10 :         2 elements
Info    : 0.10 < quality < 0.20 :         1 elements
Info    : 0.20 < quality < 0.30 :         4 elements
Info    : 0.30 < quality < 0.40 :         3 elements
Info    : 0.40 < quality < 0.50 :        10 elements
Info    : 0.50 < quality < 0.60 :        13 elements
Info    : 0.60 < quality < 0.70 :        66 elements
Info    : 0.70 < quality < 0.80 :       188 elements
Info    : 0.80 < quality < 0.90 :       142 elements
Info    : 0.90 < quality < 1.00 :        55 elements
Info    : 7 edge swaps, 2 node relocations (volume = 0.256432): worst = 0.305723 / average = 0.772649 (Wall 0.000133093s, CPU 0.000135s)
Info    : No ill-shaped tets in the mesh :-)
Info    : 0.00 < quality < 0.10 :         0 elements
Info    : 0.10 < quality < 0.20 :         0 elements
Info    : 0.20 < quality < 0.30 :         0 elements
Info    : 0.30 < quality < 0.40 :         4 elements
Info    : 0.40 < quality < 0.50 :        11 elements
Info    : 0.50 < quality < 0.60 :        12 elements
Info    : 0.60 < quality < 0.70 :        66 elements
Info    : 0.70 < quality < 0.80 :       186 elements
Info    : 0.80 < quality < 0.90 :       144 elements
Info    : 0.90 < quality < 1.00 :        56 elements
Info    : Done optimizing mesh (Wall 0.0499037s, CPU 0.049904s)
Info    : 13617 nodes 68408 elements
Info    : Meshing order 2 (curvilinear on)...
Info    : [  0%] Meshing curve 1 order 2
Info    : [ 10%] Meshing curve 2 order 2
Info    : [ 20%] Meshing curve 3 order 2
Info    : [ 20%] Meshing curve 4 order 2
Info    : [ 30%] Meshing curve 5 order 2
Info    : [ 30%] Meshing curve 6 order 2
Info    : [ 40%] Meshing curve 7 order 2
Info    : [ 40%] Meshing curve 8 order 2
Info    : [ 50%] Meshing curve 9 order 2
Info    : [ 50%] Meshing curve 10 order 2
Info    : [ 60%] Meshing curve 11 order 2
Info    : [ 60%] Meshing curve 12 order 2
Info    : [ 70%] Meshing surface 1 order 2
Info    : [ 70%] Meshing surface 2 order 2
Info    : [ 80%] Meshing surface 3 order 2
Info    : [ 80%] Meshing surface 4 order 2
Info    : [ 90%] Meshing surface 5 order 2
Info    : [ 90%] Meshing surface 6 order 2
Info    : [100%] Meshing volume 1 order 2
Info    : [100%] Meshing volume 2 order 2
Info    : Surface mesh: worst distortion = 0.797589 (0 elements in ]0, 0.2]); worst gamma = 0.50915
Info    : Volume mesh: worst distortion = 0.270886 (0 elements in ]0, 0.2])
Info    : Done meshing order 2 (Wall 14.1741s, CPU 14.167s)
Info    : Writing '/home/user/mscr-mom/현서/scripts/contact_scenarios/fea/matv2_mesh_PST125_phiN90_b0_s98.inp'...
Info    : Done writing '/home/user/mscr-mom/현서/scripts/contact_scenarios/fea/matv2_mesh_PST125_phiN90_b0_s98.inp'
  [PST125_phiN90_b0] [실패] (1206.5s)
[PST125_phiN90_b0] 완료: 1/8 성공
