[LPT125_phiN60_b0 1/4] L_M=12.5, phi=-60.0, beta=0.0, s=65.0mm, push_depth=0.1mm ...
Info    : Meshing 1D...
Info    : [  0%] Meshing curve 1 (BSpline)
Info    : [ 10%] Meshing curve 2 (Ellipse)
Info    : [ 20%] Meshing curve 3 (Ellipse)
Info    : [ 30%] Meshing curve 4 (BSpline)
Info    : [ 40%] Meshing curve 5 (BSpline)
Info    : [ 50%] Meshing curve 6 (BSpline)
Info    : [ 60%] Meshing curve 7 (BSpline)
Info    : [ 60%] Meshing curve 8 (BSpline)
Info    : [ 70%] Meshing curve 9 (BSpline)
Info    : [ 90%] Meshing curve 11 (Circle)
Info    : Done meshing 1D (Wall 0.0192958s, CPU 0.018275s)
Info    : Meshing 2D...
Info    : [  0%] Meshing surface 1 (Plane, Frontal-Delaunay)
Info    : [ 20%] Meshing surface 2 (Plane, Frontal-Delaunay)
Info    : [ 40%] Meshing surface 3 (BSpline surface, Frontal-Delaunay)
Info    : [ 60%] Meshing surface 4 (BSpline surface, Frontal-Delaunay)
Info    : [ 70%] Meshing surface 5 (Plane, Frontal-Delaunay)
Info    : [ 90%] Meshing surface 6 (Sphere, Frontal-Delaunay)
Info    : Done meshing 2D (Wall 0.744741s, CPU 0.73862s)
Info    : Meshing 3D...
Info    : 3D Meshing 2 volumes with 2 connected components
Info    : Tetrahedrizing 12392 nodes...
Info    : Done tetrahedrizing 12400 nodes (Wall 0.155503s, CPU 0.147521s)
Info    : Reconstructing mesh...
Info    :  - Creating surface mesh
Info    :  - Identifying boundary edges
Info    :  - Recovering boundary
Info    : Done reconstructing mesh (Wall 0.400022s, CPU 0.376937s)
Info    : Found volume 1
Info    : It. 0 - 0 nodes created - worst tet radius 1.03998 (nodes removed 0 0)
Info    : It. 500 - 500 nodes created - worst tet radius 1.0002 (nodes removed 0 0)
Info    : 3D refinement terminated (13090 nodes total):
Info    :  - 0 Delaunay cavities modified for star shapeness
Info    :  - 0 nodes could not be inserted
Info    :  - 42066 tetrahedra created in 0.0361129 sec. (1164845 tets/s)
Info    : 0 node relocations
Info    : Tetrahedrizing 132 nodes...
Info    : Done tetrahedrizing 140 nodes (Wall 0.000697815s, CPU 0.000698s)
Info    : Reconstructing mesh...
Info    :  - Creating surface mesh
Info    :  - Identifying boundary edges
Info    :  - Recovering boundary
Info    : Done reconstructing mesh (Wall 0.0017705s, CPU 0.001774s)
Info    : Found volume 2
Info    : It. 0 - 0 nodes created - worst tet radius 3.12396 (nodes removed 0 0)
Info    : 3D refinement terminated (12606 nodes total):
Info    :  - 0 Delaunay cavities modified for star shapeness
Info    :  - 0 nodes could not be inserted
Info    :  - 497 tetrahedra created in 0.00847504 sec. (58642 tets/s)
Info    : 0 node relocations
Info    : Done meshing 3D (Wall 0.732231s, CPU 0.708047s)
Info    : Optimizing mesh...
Info    : Optimizing volume 1
Info    : Optimization starts (volume = 235.627) with worst = 0.00327625 / average = 0.684132:
Info    : 0.00 < quality < 0.10 :       168 elements
Info    : 0.10 < quality < 0.20 :       447 elements
Info    : 0.20 < quality < 0.30 :       739 elements
Info    : 0.30 < quality < 0.40 :      1002 elements
Info    : 0.40 < quality < 0.50 :      1725 elements
Info    : 0.50 < quality < 0.60 :      3451 elements
Info    : 0.60 < quality < 0.70 :      9339 elements
Info    : 0.70 < quality < 0.80 :     21173 elements
Info    : 0.80 < quality < 0.90 :      2332 elements
Info    : 0.90 < quality < 1.00 :      1690 elements
Info    : 1292 edge swaps, 22 node relocations (volume = 235.627): worst = 0.10781 / average = 0.700988 (Wall 0.0189669s, CPU 0.018967s)
Info    : 1362 edge swaps, 23 node relocations (volume = 235.627): worst = 0.14915 / average = 0.701785 (Wall 0.0233128s, CPU 0.023312s)
Info    : 1364 edge swaps, 23 node relocations (volume = 235.627): worst = 0.14915 / average = 0.701816 (Wall 0.0263141s, CPU 0.026316s)
Info    : No ill-shaped tets in the mesh :-)
Info    : 0.00 < quality < 0.10 :         0 elements
Info    : 0.10 < quality < 0.20 :         3 elements
Info    : 0.20 < quality < 0.30 :        24 elements
Info    : 0.30 < quality < 0.40 :       974 elements
Info    : 0.40 < quality < 0.50 :      1407 elements
Info    : 0.50 < quality < 0.60 :      3460 elements
Info    : 0.60 < quality < 0.70 :      9953 elements
Info    : 0.70 < quality < 0.80 :     20921 elements
Info    : 0.80 < quality < 0.90 :      2440 elements
Info    : 0.90 < quality < 1.00 :      1699 elements
Info    : Optimizing volume 2
Info    : Optimization starts (volume = 0.256432) with worst = 0.0880129 / average = 0.758137:
Info    : 0.00 < quality < 0.10 :         1 elements
Info    : 0.10 < quality < 0.20 :         2 elements
Info    : 0.20 < quality < 0.30 :         7 elements
Info    : 0.30 < quality < 0.40 :         8 elements
Info    : 0.40 < quality < 0.50 :        11 elements
Info    : 0.50 < quality < 0.60 :        15 elements
Info    : 0.60 < quality < 0.70 :        61 elements
Info    : 0.70 < quality < 0.80 :       189 elements
Info    : 0.80 < quality < 0.90 :       150 elements
Info    : 0.90 < quality < 1.00 :        53 elements
Info    : 10 edge swaps, 2 node relocations (volume = 0.256432): worst = 0.305723 / average = 0.770651 (Wall 0.000184742s, CPU 0.000188s)
Info    : No ill-shaped tets in the mesh :-)
Info    : 0.00 < quality < 0.10 :         0 elements
Info    : 0.10 < quality < 0.20 :         0 elements
Info    : 0.20 < quality < 0.30 :         0 elements
Info    : 0.30 < quality < 0.40 :         9 elements
Info    : 0.40 < quality < 0.50 :        10 elements
Info    : 0.50 < quality < 0.60 :        13 elements
Info    : 0.60 < quality < 0.70 :        57 elements
Info    : 0.70 < quality < 0.80 :       192 elements
Info    : 0.80 < quality < 0.90 :       152 elements
Info    : 0.90 < quality < 1.00 :        55 elements
Info    : Done optimizing mesh (Wall 0.0625992s, CPU 0.062598s)
Info    : 13491 nodes 67648 elements
Info    : Meshing order 2 (curvilinear on)...
Info    : [  0%] Meshing curve 1 order 2
Info    : [ 10%] Meshing curve 2 order 2
Info    : [ 20%] Meshing curve 3 order 2
Info    : [ 20%] Meshing curve 4 order 2
Info    : [ 30%] Meshing curve 5 order 2
Info    : [ 30%] Meshing curve 6 order 2
Info    : [ 40%] Meshing curve 7 order 2
Info    : [ 40%] Meshing curve 8 order 2
Info    : [ 50%] Meshing curve 9 order 2
Info    : [ 50%] Meshing curve 10 order 2
Info    : [ 60%] Meshing curve 11 order 2
Info    : [ 60%] Meshing curve 12 order 2
Info    : [ 70%] Meshing surface 1 order 2
Info    : [ 70%] Meshing surface 2 order 2
Info    : [ 80%] Meshing surface 3 order 2
Info    : [ 80%] Meshing surface 4 order 2
Info    : [ 90%] Meshing surface 5 order 2
Info    : [ 90%] Meshing surface 6 order 2
Info    : [100%] Meshing volume 1 order 2
Info    : [100%] Meshing volume 2 order 2
Info    : Surface mesh: worst distortion = 0.797589 (0 elements in ]0, 0.2]); worst gamma = 0.50915
Info    : Volume mesh: worst distortion = 0.160249 (1 elements in ]0, 0.2])
Info    : Done meshing order 2 (Wall 11.7416s, CPU 11.738s)
Info    : Writing '/home/user/mscr-mom/현서/scripts/contact_scenarios/fea/matv2_mesh_LPT125_phiN60_b0_s65.inp'...
Info    : Done writing '/home/user/mscr-mom/현서/scripts/contact_scenarios/fea/matv2_mesh_LPT125_phiN60_b0_s65.inp'
  [LPT125_phiN60_b0] [실패] (748.2s)
[LPT125_phiN60_b0 2/4] L_M=12.5, phi=-60.0, beta=0.0, s=75.0mm, push_depth=0.1mm ...
Info    : Meshing 1D...
Info    : [  0%] Meshing curve 1 (BSpline)
Info    : [ 10%] Meshing curve 2 (Ellipse)
Info    : [ 20%] Meshing curve 3 (Ellipse)
Info    : [ 30%] Meshing curve 4 (BSpline)
Info    : [ 40%] Meshing curve 5 (BSpline)
Info    : [ 50%] Meshing curve 6 (BSpline)
Info    : [ 60%] Meshing curve 7 (BSpline)
Info    : [ 60%] Meshing curve 8 (BSpline)
Info    : [ 70%] Meshing curve 9 (BSpline)
Info    : [ 90%] Meshing curve 11 (Circle)
Info    : Done meshing 1D (Wall 0.0190328s, CPU 0.019031s)
Info    : Meshing 2D...
Info    : [  0%] Meshing surface 1 (Plane, Frontal-Delaunay)
Info    : [ 20%] Meshing surface 2 (Plane, Frontal-Delaunay)
Info    : [ 40%] Meshing surface 3 (BSpline surface, Frontal-Delaunay)
Info    : [ 60%] Meshing surface 4 (BSpline surface, Frontal-Delaunay)
Info    : [ 70%] Meshing surface 5 (Plane, Frontal-Delaunay)
Info    : [ 90%] Meshing surface 6 (Sphere, Frontal-Delaunay)
Info    : Done meshing 2D (Wall 0.742269s, CPU 0.74077s)
Info    : Meshing 3D...
Info    : 3D Meshing 2 volumes with 2 connected components
Info    : Tetrahedrizing 12392 nodes...
Info    : Done tetrahedrizing 12400 nodes (Wall 0.151567s, CPU 0.144547s)
Info    : Reconstructing mesh...
Info    :  - Creating surface mesh
Info    :  - Identifying boundary edges
Info    :  - Recovering boundary
Info    : Done reconstructing mesh (Wall 0.352369s, CPU 0.335345s)
Info    : Found volume 1
Info    : It. 0 - 0 nodes created - worst tet radius 1.03998 (nodes removed 0 0)
Info    : It. 500 - 500 nodes created - worst tet radius 1.0002 (nodes removed 0 0)
Info    : 3D refinement terminated (13090 nodes total):
Info    :  - 0 Delaunay cavities modified for star shapeness
Info    :  - 0 nodes could not be inserted
Info    :  - 42066 tetrahedra created in 0.0199817 sec. (2105221 tets/s)
Info    : 0 node relocations
Info    : Tetrahedrizing 132 nodes...
Info    : Done tetrahedrizing 140 nodes (Wall 0.000707237s, CPU 0.000708s)
Info    : Reconstructing mesh...
Info    :  - Creating surface mesh
Info    :  - Identifying boundary edges
Info    :  - Recovering boundary
Info    : Done reconstructing mesh (Wall 0.00162933s, CPU 0.000898s)
Info    : Found volume 2
Info    : It. 0 - 0 nodes created - worst tet radius 3.12396 (nodes removed 0 0)
Info    : 3D refinement terminated (12606 nodes total):
Info    :  - 0 Delaunay cavities modified for star shapeness
Info    :  - 0 nodes could not be inserted
Info    :  - 497 tetrahedra created in 0.00253743 sec. (195867 tets/s)
Info    : 0 node relocations
Info    : Done meshing 3D (Wall 0.593057s, CPU 0.574999s)
Info    : Optimizing mesh...
Info    : Optimizing volume 1
Info    : Optimization starts (volume = 235.627) with worst = 0.00327625 / average = 0.684132:
Info    : 0.00 < quality < 0.10 :       168 elements
Info    : 0.10 < quality < 0.20 :       447 elements
Info    : 0.20 < quality < 0.30 :       739 elements
Info    : 0.30 < quality < 0.40 :      1002 elements
Info    : 0.40 < quality < 0.50 :      1725 elements
Info    : 0.50 < quality < 0.60 :      3451 elements
Info    : 0.60 < quality < 0.70 :      9339 elements
Info    : 0.70 < quality < 0.80 :     21173 elements
Info    : 0.80 < quality < 0.90 :      2332 elements
Info    : 0.90 < quality < 1.00 :      1690 elements
Info    : 1292 edge swaps, 22 node relocations (volume = 235.627): worst = 0.10781 / average = 0.700988 (Wall 0.0152819s, CPU 0.015281s)
Info    : 1362 edge swaps, 23 node relocations (volume = 235.627): worst = 0.14915 / average = 0.701785 (Wall 0.0184899s, CPU 0.018487s)
Info    : 1364 edge swaps, 23 node relocations (volume = 235.627): worst = 0.14915 / average = 0.701816 (Wall 0.020772s, CPU 0.020762s)
Info    : No ill-shaped tets in the mesh :-)
Info    : 0.00 < quality < 0.10 :         0 elements
Info    : 0.10 < quality < 0.20 :         3 elements
Info    : 0.20 < quality < 0.30 :        24 elements
Info    : 0.30 < quality < 0.40 :       974 elements
Info    : 0.40 < quality < 0.50 :      1407 elements
Info    : 0.50 < quality < 0.60 :      3460 elements
Info    : 0.60 < quality < 0.70 :      9953 elements
Info    : 0.70 < quality < 0.80 :     20921 elements
Info    : 0.80 < quality < 0.90 :      2440 elements
Info    : 0.90 < quality < 1.00 :      1699 elements
Info    : Optimizing volume 2
Info    : Optimization starts (volume = 0.256432) with worst = 0.0880129 / average = 0.758137:
Info    : 0.00 < quality < 0.10 :         1 elements
Info    : 0.10 < quality < 0.20 :         2 elements
Info    : 0.20 < quality < 0.30 :         7 elements
Info    : 0.30 < quality < 0.40 :         8 elements
Info    : 0.40 < quality < 0.50 :        11 elements
Info    : 0.50 < quality < 0.60 :        15 elements
Info    : 0.60 < quality < 0.70 :        61 elements
Info    : 0.70 < quality < 0.80 :       189 elements
Info    : 0.80 < quality < 0.90 :       150 elements
Info    : 0.90 < quality < 1.00 :        53 elements
Info    : 10 edge swaps, 2 node relocations (volume = 0.256432): worst = 0.305723 / average = 0.770651 (Wall 0.000149437s, CPU 0.00015s)
Info    : No ill-shaped tets in the mesh :-)
Info    : 0.00 < quality < 0.10 :         0 elements
Info    : 0.10 < quality < 0.20 :         0 elements
Info    : 0.20 < quality < 0.30 :         0 elements
Info    : 0.30 < quality < 0.40 :         9 elements
Info    : 0.40 < quality < 0.50 :        10 elements
Info    : 0.50 < quality < 0.60 :        13 elements
Info    : 0.60 < quality < 0.70 :        57 elements
Info    : 0.70 < quality < 0.80 :       192 elements
Info    : 0.80 < quality < 0.90 :       152 elements
Info    : 0.90 < quality < 1.00 :        55 elements
Info    : Done optimizing mesh (Wall 0.0444082s, CPU 0.044395s)
Info    : 13491 nodes 67648 elements
Info    : Meshing order 2 (curvilinear on)...
Info    : [  0%] Meshing curve 1 order 2
Info    : [ 10%] Meshing curve 2 order 2
Info    : [ 20%] Meshing curve 3 order 2
Info    : [ 20%] Meshing curve 4 order 2
Info    : [ 30%] Meshing curve 5 order 2
Info    : [ 30%] Meshing curve 6 order 2
Info    : [ 40%] Meshing curve 7 order 2
Info    : [ 40%] Meshing curve 8 order 2
Info    : [ 50%] Meshing curve 9 order 2
Info    : [ 50%] Meshing curve 10 order 2
Info    : [ 60%] Meshing curve 11 order 2
Info    : [ 60%] Meshing curve 12 order 2
Info    : [ 70%] Meshing surface 1 order 2
Info    : [ 70%] Meshing surface 2 order 2
Info    : [ 80%] Meshing surface 3 order 2
Info    : [ 80%] Meshing surface 4 order 2
Info    : [ 90%] Meshing surface 5 order 2
Info    : [ 90%] Meshing surface 6 order 2
Info    : [100%] Meshing volume 1 order 2
Info    : [100%] Meshing volume 2 order 2
Info    : Surface mesh: worst distortion = 0.797589 (0 elements in ]0, 0.2]); worst gamma = 0.50915
Info    : Volume mesh: worst distortion = 0.160249 (1 elements in ]0, 0.2])
Info    : Done meshing order 2 (Wall 11.8422s, CPU 11.8368s)
Info    : Writing '/home/user/mscr-mom/현서/scripts/contact_scenarios/fea/matv2_mesh_LPT125_phiN60_b0_s75.inp'...
Info    : Done writing '/home/user/mscr-mom/현서/scripts/contact_scenarios/fea/matv2_mesh_LPT125_phiN60_b0_s75.inp'
  [LPT125_phiN60_b0] F_mag=0.0005mN  (279.5s)
[LPT125_phiN60_b0 3/4] L_M=12.5, phi=-60.0, beta=0.0, s=85.0mm, push_depth=0.1mm ...
Info    : Meshing 1D...
Info    : [  0%] Meshing curve 1 (BSpline)
Info    : [ 10%] Meshing curve 2 (Ellipse)
Info    : [ 20%] Meshing curve 3 (Ellipse)
Info    : [ 30%] Meshing curve 4 (BSpline)
Info    : [ 40%] Meshing curve 5 (BSpline)
Info    : [ 50%] Meshing curve 6 (BSpline)
Info    : [ 60%] Meshing curve 7 (BSpline)
Info    : [ 60%] Meshing curve 8 (BSpline)
Info    : [ 70%] Meshing curve 9 (BSpline)
Info    : [ 90%] Meshing curve 11 (Circle)
Info    : Done meshing 1D (Wall 0.018939s, CPU 0.01893s)
Info    : Meshing 2D...
Info    : [  0%] Meshing surface 1 (Plane, Frontal-Delaunay)
Info    : [ 20%] Meshing surface 2 (Plane, Frontal-Delaunay)
Info    : [ 40%] Meshing surface 3 (BSpline surface, Frontal-Delaunay)
Info    : [ 60%] Meshing surface 4 (BSpline surface, Frontal-Delaunay)
Info    : [ 70%] Meshing surface 5 (Plane, Frontal-Delaunay)
Info    : [ 90%] Meshing surface 6 (Sphere, Frontal-Delaunay)
Info    : Done meshing 2D (Wall 0.712705s, CPU 0.71163s)
Info    : Meshing 3D...
Info    : 3D Meshing 2 volumes with 2 connected components
Info    : Tetrahedrizing 12392 nodes...
Info    : Done tetrahedrizing 12400 nodes (Wall 0.153175s, CPU 0.148167s)
Info    : Reconstructing mesh...
Info    :  - Creating surface mesh
Info    :  - Identifying boundary edges
Info    :  - Recovering boundary
Info    : Done reconstructing mesh (Wall 0.406602s, CPU 0.388578s)
Info    : Found volume 1
Info    : It. 0 - 0 nodes created - worst tet radius 1.03998 (nodes removed 0 0)
Info    : It. 500 - 500 nodes created - worst tet radius 1.0002 (nodes removed 0 0)
Info    : 3D refinement terminated (13089 nodes total):
Info    :  - 0 Delaunay cavities modified for star shapeness
Info    :  - 0 nodes could not be inserted
Info    :  - 42066 tetrahedra created in 0.0247641 sec. (1698666 tets/s)
Info    : 0 node relocations
Info    : Tetrahedrizing 131 nodes...
Info    : Done tetrahedrizing 139 nodes (Wall 0.000685634s, CPU 0.000686s)
Info    : Reconstructing mesh...
Info    :  - Creating surface mesh
Info    :  - Identifying boundary edges
Info    :  - Recovering boundary
Info    : Done reconstructing mesh (Wall 0.00164606s, CPU 0.00165s)
Info    : Found volume 2
Info    : It. 0 - 0 nodes created - worst tet radius 3.07548 (nodes removed 0 0)
Info    : 3D refinement terminated (12600 nodes total):
Info    :  - 0 Delaunay cavities modified for star shapeness
Info    :  - 0 nodes could not be inserted
Info    :  - 468 tetrahedra created in 0.00407228 sec. (114923 tets/s)
Info    : 0 node relocations
Info    : Done meshing 3D (Wall 0.718295s, CPU 0.700228s)
Info    : Optimizing mesh...
Info    : Optimizing volume 1
Info    : Optimization starts (volume = 235.627) with worst = 0.00327625 / average = 0.684132:
Info    : 0.00 < quality < 0.10 :       168 elements
Info    : 0.10 < quality < 0.20 :       447 elements
Info    : 0.20 < quality < 0.30 :       739 elements
Info    : 0.30 < quality < 0.40 :      1002 elements
Info    : 0.40 < quality < 0.50 :      1725 elements
Info    : 0.50 < quality < 0.60 :      3451 elements
Info    : 0.60 < quality < 0.70 :      9339 elements
Info    : 0.70 < quality < 0.80 :     21173 elements
Info    : 0.80 < quality < 0.90 :      2332 elements
Info    : 0.90 < quality < 1.00 :      1690 elements
Info    : 1292 edge swaps, 22 node relocations (volume = 235.627): worst = 0.10781 / average = 0.700988 (Wall 0.0150658s, CPU 0.015066s)
Info    : 1362 edge swaps, 23 node relocations (volume = 235.627): worst = 0.14915 / average = 0.701785 (Wall 0.0185321s, CPU 0.018533s)
Info    : 1364 edge swaps, 23 node relocations (volume = 235.627): worst = 0.14915 / average = 0.701816 (Wall 0.0213274s, CPU 0.021328s)
Info    : No ill-shaped tets in the mesh :-)
Info    : 0.00 < quality < 0.10 :         0 elements
Info    : 0.10 < quality < 0.20 :         3 elements
Info    : 0.20 < quality < 0.30 :        24 elements
Info    : 0.30 < quality < 0.40 :       974 elements
Info    : 0.40 < quality < 0.50 :      1407 elements
Info    : 0.50 < quality < 0.60 :      3460 elements
Info    : 0.60 < quality < 0.70 :      9953 elements
Info    : 0.70 < quality < 0.80 :     20921 elements
Info    : 0.80 < quality < 0.90 :      2440 elements
Info    : 0.90 < quality < 1.00 :      1699 elements
Info    : Optimizing volume 2
Info    : Optimization starts (volume = 0.256396) with worst = 0.0838869 / average = 0.73372:
Info    : 0.00 < quality < 0.10 :         1 elements
Info    : 0.10 < quality < 0.20 :         1 elements
Info    : 0.20 < quality < 0.30 :         6 elements
Info    : 0.30 < quality < 0.40 :        13 elements
Info    : 0.40 < quality < 0.50 :        15 elements
Info    : 0.50 < quality < 0.60 :        28 elements
Info    : 0.60 < quality < 0.70 :        85 elements
Info    : 0.70 < quality < 0.80 :       172 elements
Info    : 0.80 < quality < 0.90 :       107 elements
Info    : 0.90 < quality < 1.00 :        40 elements
Info    : 7 edge swaps, 0 node relocations (volume = 0.256396): worst = 0.305805 / average = 0.744029 (Wall 0.000116808s, CPU 0.000121s)
Info    : No ill-shaped tets in the mesh :-)
Info    : 0.00 < quality < 0.10 :         0 elements
Info    : 0.10 < quality < 0.20 :         0 elements
Info    : 0.20 < quality < 0.30 :         0 elements
Info    : 0.30 < quality < 0.40 :        13 elements
Info    : 0.40 < quality < 0.50 :        12 elements
Info    : 0.50 < quality < 0.60 :        28 elements
Info    : 0.60 < quality < 0.70 :        86 elements
Info    : 0.70 < quality < 0.80 :       174 elements
Info    : 0.80 < quality < 0.90 :       108 elements
Info    : 0.90 < quality < 1.00 :        40 elements
Info    : Done optimizing mesh (Wall 0.0481911s, CPU 0.048189s)
Info    : 13485 nodes 67619 elements
Info    : Meshing order 2 (curvilinear on)...
Info    : [  0%] Meshing curve 1 order 2
Info    : [ 10%] Meshing curve 2 order 2
Info    : [ 20%] Meshing curve 3 order 2
Info    : [ 20%] Meshing curve 4 order 2
Info    : [ 30%] Meshing curve 5 order 2
Info    : [ 30%] Meshing curve 6 order 2
Info    : [ 40%] Meshing curve 7 order 2
Info    : [ 40%] Meshing curve 8 order 2
Info    : [ 50%] Meshing curve 9 order 2
Info    : [ 50%] Meshing curve 10 order 2
Info    : [ 60%] Meshing curve 11 order 2
Info    : [ 60%] Meshing curve 12 order 2
Info    : [ 70%] Meshing surface 1 order 2
Info    : [ 70%] Meshing surface 2 order 2
Info    : [ 80%] Meshing surface 3 order 2
Info    : [ 80%] Meshing surface 4 order 2
Info    : [ 90%] Meshing surface 5 order 2
Info    : [ 90%] Meshing surface 6 order 2
Info    : [100%] Meshing volume 1 order 2
Info    : [100%] Meshing volume 2 order 2
Info    : Surface mesh: worst distortion = 0.797589 (0 elements in ]0, 0.2]); worst gamma = 0.632589
Info    : Volume mesh: worst distortion = 0.160249 (1 elements in ]0, 0.2])
Info    : Done meshing order 2 (Wall 11.9062s, CPU 11.8962s)
Info    : Writing '/home/user/mscr-mom/현서/scripts/contact_scenarios/fea/matv2_mesh_LPT125_phiN60_b0_s85.inp'...
Info    : Done writing '/home/user/mscr-mom/현서/scripts/contact_scenarios/fea/matv2_mesh_LPT125_phiN60_b0_s85.inp'
  [LPT125_phiN60_b0] [실패] (720.9s)
[LPT125_phiN60_b0 4/4] L_M=12.5, phi=-60.0, beta=0.0, s=95.0mm, push_depth=0.1mm ...
Info    : Meshing 1D...
Info    : [  0%] Meshing curve 1 (BSpline)
Info    : [ 10%] Meshing curve 2 (Ellipse)
Info    : [ 20%] Meshing curve 3 (Ellipse)
Info    : [ 30%] Meshing curve 4 (BSpline)
Info    : [ 40%] Meshing curve 5 (BSpline)
Info    : [ 50%] Meshing curve 6 (BSpline)
Info    : [ 60%] Meshing curve 7 (BSpline)
Info    : [ 60%] Meshing curve 8 (BSpline)
Info    : [ 70%] Meshing curve 9 (BSpline)
Info    : [ 90%] Meshing curve 11 (Circle)
Info    : Done meshing 1D (Wall 0.0189397s, CPU 0.018901s)
Info    : Meshing 2D...
Info    : [  0%] Meshing surface 1 (Plane, Frontal-Delaunay)
Info    : [ 20%] Meshing surface 2 (Plane, Frontal-Delaunay)
Info    : [ 40%] Meshing surface 3 (BSpline surface, Frontal-Delaunay)
Info    : [ 60%] Meshing surface 4 (BSpline surface, Frontal-Delaunay)
Info    : [ 70%] Meshing surface 5 (Plane, Frontal-Delaunay)
Info    : [ 90%] Meshing surface 6 (Sphere, Frontal-Delaunay)
Info    : Done meshing 2D (Wall 0.734913s, CPU 0.734845s)
Info    : Meshing 3D...
Info    : 3D Meshing 2 volumes with 2 connected components
Info    : Tetrahedrizing 12392 nodes...
Info    : Done tetrahedrizing 12400 nodes (Wall 0.153426s, CPU 0.146253s)
Info    : Reconstructing mesh...
Info    :  - Creating surface mesh
Info    :  - Identifying boundary edges
Info    :  - Recovering boundary
Info    : Done reconstructing mesh (Wall 0.36559s, CPU 0.349321s)
Info    : Found volume 1
Info    : It. 0 - 0 nodes created - worst tet radius 1.03998 (nodes removed 0 0)
Info    : It. 500 - 500 nodes created - worst tet radius 1.0002 (nodes removed 0 0)
Info    : 3D refinement terminated (13090 nodes total):
Info    :  - 0 Delaunay cavities modified for star shapeness
Info    :  - 0 nodes could not be inserted
Info    :  - 42066 tetrahedra created in 0.0259345 sec. (1622011 tets/s)
Info    : 0 node relocations
Info    : Tetrahedrizing 132 nodes...
Info    : Done tetrahedrizing 140 nodes (Wall 0.000707236s, CPU 0.000708s)
Info    : Reconstructing mesh...
Info    :  - Creating surface mesh
Info    :  - Identifying boundary edges
Info    :  - Recovering boundary
Info    : Done reconstructing mesh (Wall 0.00166926s, CPU 0.00167s)
Info    : Found volume 2
Info    : It. 0 - 0 nodes created - worst tet radius 3.12396 (nodes removed 0 0)
Info    : 3D refinement terminated (12606 nodes total):
Info    :  - 0 Delaunay cavities modified for star shapeness
Info    :  - 0 nodes could not be inserted
Info    :  - 497 tetrahedra created in 0.00460056 sec. (108030 tets/s)
Info    : 0 node relocations
Info    : Done meshing 3D (Wall 0.646956s, CPU 0.630671s)
Info    : Optimizing mesh...
Info    : Optimizing volume 1
Info    : Optimization starts (volume = 235.627) with worst = 0.00327625 / average = 0.684132:
Info    : 0.00 < quality < 0.10 :       168 elements
Info    : 0.10 < quality < 0.20 :       447 elements
Info    : 0.20 < quality < 0.30 :       739 elements
Info    : 0.30 < quality < 0.40 :      1002 elements
Info    : 0.40 < quality < 0.50 :      1725 elements
Info    : 0.50 < quality < 0.60 :      3451 elements
Info    : 0.60 < quality < 0.70 :      9339 elements
Info    : 0.70 < quality < 0.80 :     21173 elements
Info    : 0.80 < quality < 0.90 :      2332 elements
Info    : 0.90 < quality < 1.00 :      1690 elements
Info    : 1292 edge swaps, 22 node relocations (volume = 235.627): worst = 0.10781 / average = 0.700988 (Wall 0.0160705s, CPU 0.016068s)
Info    : 1362 edge swaps, 23 node relocations (volume = 235.627): worst = 0.14915 / average = 0.701785 (Wall 0.0194595s, CPU 0.019452s)
Info    : 1364 edge swaps, 23 node relocations (volume = 235.627): worst = 0.14915 / average = 0.701816 (Wall 0.0218161s, CPU 0.02181s)
Info    : No ill-shaped tets in the mesh :-)
Info    : 0.00 < quality < 0.10 :         0 elements
Info    : 0.10 < quality < 0.20 :         3 elements
Info    : 0.20 < quality < 0.30 :        24 elements
Info    : 0.30 < quality < 0.40 :       974 elements
Info    : 0.40 < quality < 0.50 :      1407 elements
Info    : 0.50 < quality < 0.60 :      3460 elements
Info    : 0.60 < quality < 0.70 :      9953 elements
Info    : 0.70 < quality < 0.80 :     20921 elements
Info    : 0.80 < quality < 0.90 :      2440 elements
Info    : 0.90 < quality < 1.00 :      1699 elements
Info    : Optimizing volume 2
Info    : Optimization starts (volume = 0.256432) with worst = 0.0880129 / average = 0.758137:
Info    : 0.00 < quality < 0.10 :         1 elements
Info    : 0.10 < quality < 0.20 :         2 elements
Info    : 0.20 < quality < 0.30 :         7 elements
Info    : 0.30 < quality < 0.40 :         8 elements
Info    : 0.40 < quality < 0.50 :        11 elements
Info    : 0.50 < quality < 0.60 :        15 elements
Info    : 0.60 < quality < 0.70 :        61 elements
Info    : 0.70 < quality < 0.80 :       189 elements
Info    : 0.80 < quality < 0.90 :       150 elements
Info    : 0.90 < quality < 1.00 :        53 elements
Info    : 10 edge swaps, 2 node relocations (volume = 0.256432): worst = 0.305723 / average = 0.770651 (Wall 0.000148077s, CPU 0.000148s)
Info    : No ill-shaped tets in the mesh :-)
Info    : 0.00 < quality < 0.10 :         0 elements
Info    : 0.10 < quality < 0.20 :         0 elements
Info    : 0.20 < quality < 0.30 :         0 elements
Info    : 0.30 < quality < 0.40 :         9 elements
Info    : 0.40 < quality < 0.50 :        10 elements
Info    : 0.50 < quality < 0.60 :        13 elements
Info    : 0.60 < quality < 0.70 :        57 elements
Info    : 0.70 < quality < 0.80 :       192 elements
Info    : 0.80 < quality < 0.90 :       152 elements
Info    : 0.90 < quality < 1.00 :        55 elements
Info    : Done optimizing mesh (Wall 0.0471937s, CPU 0.046628s)
Info    : 13491 nodes 67648 elements
Info    : Meshing order 2 (curvilinear on)...
Info    : [  0%] Meshing curve 1 order 2
Info    : [ 10%] Meshing curve 2 order 2
Info    : [ 20%] Meshing curve 3 order 2
Info    : [ 20%] Meshing curve 4 order 2
Info    : [ 30%] Meshing curve 5 order 2
Info    : [ 30%] Meshing curve 6 order 2
Info    : [ 40%] Meshing curve 7 order 2
Info    : [ 40%] Meshing curve 8 order 2
Info    : [ 50%] Meshing curve 9 order 2
Info    : [ 50%] Meshing curve 10 order 2
Info    : [ 60%] Meshing curve 11 order 2
Info    : [ 60%] Meshing curve 12 order 2
Info    : [ 70%] Meshing surface 1 order 2
Info    : [ 70%] Meshing surface 2 order 2
Info    : [ 80%] Meshing surface 3 order 2
Info    : [ 80%] Meshing surface 4 order 2
Info    : [ 90%] Meshing surface 5 order 2
Info    : [ 90%] Meshing surface 6 order 2
Info    : [100%] Meshing volume 1 order 2
Info    : [100%] Meshing volume 2 order 2
Info    : Surface mesh: worst distortion = 0.797589 (0 elements in ]0, 0.2]); worst gamma = 0.50915
Info    : Volume mesh: worst distortion = 0.160249 (1 elements in ]0, 0.2])
Info    : Done meshing order 2 (Wall 11.7468s, CPU 11.7394s)
Info    : Writing '/home/user/mscr-mom/현서/scripts/contact_scenarios/fea/matv2_mesh_LPT125_phiN60_b0_s95.inp'...
Info    : Done writing '/home/user/mscr-mom/현서/scripts/contact_scenarios/fea/matv2_mesh_LPT125_phiN60_b0_s95.inp'
  [LPT125_phiN60_b0] [실패] (907.8s)
[LPT125_phiN60_b0] 완료: 1/4 성공
