Info    : Meshing 1D...
Info    : [  0%] Meshing curve 1 (BSpline)
Info    : [ 10%] Meshing curve 2 (Ellipse)
Info    : [ 20%] Meshing curve 3 (Ellipse)
Info    : [ 30%] Meshing curve 4 (BSpline)
Info    : [ 40%] Meshing curve 5 (BSpline)
Info    : [ 50%] Meshing curve 6 (BSpline)
Info    : [ 60%] Meshing curve 7 (BSpline)
Info    : [ 60%] Meshing curve 8 (BSpline)
Info    : [ 70%] Meshing curve 9 (BSpline)
Info    : [ 90%] Meshing curve 11 (Circle)
Info    : Done meshing 1D (Wall 0.011331s, CPU 0.011209s)
Info    : Meshing 2D...
Info    : [  0%] Meshing surface 1 (Plane, Frontal-Delaunay)
Info    : [ 20%] Meshing surface 2 (Plane, Frontal-Delaunay)
Info    : [ 40%] Meshing surface 3 (BSpline surface, Frontal-Delaunay)
Info    : [ 60%] Meshing surface 4 (BSpline surface, Frontal-Delaunay)
Info    : [ 70%] Meshing surface 5 (Plane, Frontal-Delaunay)
Info    : [ 90%] Meshing surface 6 (Sphere, Frontal-Delaunay)
Info    : Done meshing 2D (Wall 0.72189s, CPU 0.71468s)
Info    : Meshing 3D...
Info    : 3D Meshing 2 volumes with 2 connected components
Info    : Tetrahedrizing 12481 nodes...
Info    : Done tetrahedrizing 12489 nodes (Wall 0.142456s, CPU 0.134488s)
Info    : Reconstructing mesh...
Info    :  - Creating surface mesh
Info    :  - Identifying boundary edges
Info    :  - Recovering boundary
Info    : Done reconstructing mesh (Wall 0.371367s, CPU 0.340404s)
Info    : Found volume 1
Info    : It. 0 - 0 nodes created - worst tet radius 1.05517 (nodes removed 0 0)
Info    : It. 500 - 500 nodes created - worst tet radius 1.00146 (nodes removed 0 0)
Info    : 3D refinement terminated (13285 nodes total):
Info    :  - 0 Delaunay cavities modified for star shapeness
Info    :  - 0 nodes could not be inserted
Info    :  - 42751 tetrahedra created in 0.0268595 sec. (1591654 tets/s)
Info    : 0 node relocations
Info    : Tetrahedrizing 132 nodes...
Info    : Done tetrahedrizing 140 nodes (Wall 0.000756097s, CPU 0.000746s)
Info    : Reconstructing mesh...
Info    :  - Creating surface mesh
Info    :  - Identifying boundary edges
Info    :  - Recovering boundary
Info    : Done reconstructing mesh (Wall 0.00194586s, CPU 0.001936s)
Info    : Found volume 2
Info    : It. 0 - 0 nodes created - worst tet radius 3.24841 (nodes removed 0 0)
Info    : 3D refinement terminated (12694 nodes total):
Info    :  - 0 Delaunay cavities modified for star shapeness
Info    :  - 0 nodes could not be inserted
Info    :  - 499 tetrahedra created in 0.00815769 sec. (61169 tets/s)
Info    : 0 node relocations
Info    : Done meshing 3D (Wall 0.694423s, CPU 0.661355s)
Info    : Optimizing mesh...
Info    : Optimizing volume 1
Info    : Optimization starts (volume = 235.588) with worst = 0.00230163 / average = 0.688246:
Info    : 0.00 < quality < 0.10 :       236 elements
Info    : 0.10 < quality < 0.20 :       295 elements
Info    : 0.20 < quality < 0.30 :       594 elements
Info    : 0.30 < quality < 0.40 :       822 elements
Info    : 0.40 < quality < 0.50 :      1062 elements
Info    : 0.50 < quality < 0.60 :      3484 elements
Info    : 0.60 < quality < 0.70 :     12542 elements
Info    : 0.70 < quality < 0.80 :     19164 elements
Info    : 0.80 < quality < 0.90 :      2489 elements
Info    : 0.90 < quality < 1.00 :      2063 elements
Info    : 1079 edge swaps, 17 node relocations (volume = 235.588): worst = 0.0790031 / average = 0.703065 (Wall 0.0156472s, CPU 0.015647s)
Info    : 1116 edge swaps, 18 node relocations (volume = 235.588): worst = 0.0898524 / average = 0.70354 (Wall 0.0187407s, CPU 0.018742s)
Info    : 1117 edge swaps, 18 node relocations (volume = 235.588): worst = 0.0898524 / average = 0.703534 (Wall 0.0215443s, CPU 0.021544s)
Info    : No ill-shaped tets in the mesh :-)
Info    : 0.00 < quality < 0.10 :         1 elements
Info    : 0.10 < quality < 0.20 :         4 elements
Info    : 0.20 < quality < 0.30 :         5 elements
Info    : 0.30 < quality < 0.40 :       626 elements
Info    : 0.40 < quality < 0.50 :       910 elements
Info    : 0.50 < quality < 0.60 :      3678 elements
Info    : 0.60 < quality < 0.70 :     12852 elements
Info    : 0.70 < quality < 0.80 :     18914 elements
Info    : 0.80 < quality < 0.90 :      2669 elements
Info    : 0.90 < quality < 1.00 :      2062 elements
Info    : Optimizing volume 2
Info    : Optimization starts (volume = 0.256432) with worst = 0.0446685 / average = 0.744471:
Info    : 0.00 < quality < 0.10 :         1 elements
Info    : 0.10 < quality < 0.20 :         7 elements
Info    : 0.20 < quality < 0.30 :         3 elements
Info    : 0.30 < quality < 0.40 :        11 elements
Info    : 0.40 < quality < 0.50 :        16 elements
Info    : 0.50 < quality < 0.60 :        26 elements
Info    : 0.60 < quality < 0.70 :        62 elements
Info    : 0.70 < quality < 0.80 :       190 elements
Info    : 0.80 < quality < 0.90 :       126 elements
Info    : 0.90 < quality < 1.00 :        57 elements
Info    : 11 edge swaps, 0 node relocations (volume = 0.256432): worst = 0.304378 / average = 0.758195 (Wall 0.000122726s, CPU 0.000123s)
Info    : No ill-shaped tets in the mesh :-)
Info    : 0.00 < quality < 0.10 :         0 elements
Info    : 0.10 < quality < 0.20 :         0 elements
Info    : 0.20 < quality < 0.30 :         0 elements
Info    : 0.30 < quality < 0.40 :        10 elements
Info    : 0.40 < quality < 0.50 :        16 elements
Info    : 0.50 < quality < 0.60 :        23 elements
Info    : 0.60 < quality < 0.70 :        65 elements
Info    : 0.70 < quality < 0.80 :       193 elements
Info    : 0.80 < quality < 0.90 :       127 elements
Info    : 0.90 < quality < 1.00 :        55 elements
Info    : Done optimizing mesh (Wall 0.0535043s, CPU 0.053502s)
Info    : 13685 nodes 68668 elements
Info    : Meshing order 2 (curvilinear on)...
Info    : [  0%] Meshing curve 1 order 2
Info    : [ 10%] Meshing curve 2 order 2
Info    : [ 20%] Meshing curve 3 order 2
Info    : [ 20%] Meshing curve 4 order 2
Info    : [ 30%] Meshing curve 5 order 2
Info    : [ 30%] Meshing curve 6 order 2
Info    : [ 40%] Meshing curve 7 order 2
Info    : [ 40%] Meshing curve 8 order 2
Info    : [ 50%] Meshing curve 9 order 2
Info    : [ 50%] Meshing curve 10 order 2
Info    : [ 60%] Meshing curve 11 order 2
Info    : [ 60%] Meshing curve 12 order 2
Info    : [ 70%] Meshing surface 1 order 2
Info    : [ 70%] Meshing surface 2 order 2
Info    : [ 80%] Meshing surface 3 order 2
Info    : [ 80%] Meshing surface 4 order 2
Info    : [ 90%] Meshing surface 5 order 2
Info    : [ 90%] Meshing surface 6 order 2
Info    : [100%] Meshing volume 1 order 2
Info    : [100%] Meshing volume 2 order 2
Info    : Surface mesh: worst distortion = 0.797589 (0 elements in ]0, 0.2]); worst gamma = 0.50915
Info    : Volume mesh: worst distortion = 0.236459 (0 elements in ]0, 0.2])
Info    : Done meshing order 2 (Wall 8.09638s, CPU 8.08876s)
Info    : Writing '/home/user/mscr-mom/현서/scripts/contact_scenarios/fea/retry_geom_mesh_LM0_phiN60_s75.inp'...
Info    : Done writing '/home/user/mscr-mom/현서/scripts/contact_scenarios/fea/retry_geom_mesh_LM0_phiN60_s75.inp'
[retry LM0_phiN60 1/3] s=75.0mm, depth=0.05mm ...
  [retry LM0_phiN60] 실패: Command '['ccx', 'retry_geom_LM0_phiN60_01']' timed out after 1800 seconds
  [retry LM0_phiN60] [실패] (1801.0s)
[retry LM0_phiN60 2/3] s=75.0mm, depth=0.1mm ...
  [retry LM0_phiN60] 실패: Command '['ccx', 'retry_geom_LM0_phiN60_02']' timed out after 1800 seconds
  [retry LM0_phiN60] [실패] (1800.4s)
[retry LM0_phiN60 3/3] s=75.0mm, depth=0.15mm ...
  [retry LM0_phiN60] [실패] (392.1s)
[retry LM0_phiN60] 완료
