Info    : Meshing 1D...
Info    : [  0%] Meshing curve 1 (BSpline)
Info    : [ 10%] Meshing curve 2 (Ellipse)
Info    : [ 20%] Meshing curve 3 (Ellipse)
Info    : [ 30%] Meshing curve 4 (BSpline)
Info    : [ 40%] Meshing curve 5 (BSpline)
Info    : [ 50%] Meshing curve 6 (BSpline)
Info    : [ 60%] Meshing curve 7 (BSpline)
Info    : [ 60%] Meshing curve 8 (BSpline)
Info    : [ 70%] Meshing curve 9 (BSpline)
Info    : [ 90%] Meshing curve 11 (Circle)
Info    : Done meshing 1D (Wall 0.0213034s, CPU 0.021291s)
Info    : Meshing 2D...
Info    : [  0%] Meshing surface 1 (Plane, Frontal-Delaunay)
Info    : [ 20%] Meshing surface 2 (Plane, Frontal-Delaunay)
Info    : [ 40%] Meshing surface 3 (BSpline surface, Frontal-Delaunay)
Info    : [ 60%] Meshing surface 4 (BSpline surface, Frontal-Delaunay)
Info    : [ 70%] Meshing surface 5 (Plane, Frontal-Delaunay)
Info    : [ 90%] Meshing surface 6 (Sphere, Frontal-Delaunay)
Info    : Done meshing 2D (Wall 0.763009s, CPU 0.75609s)
Info    : Meshing 3D...
Info    : 3D Meshing 2 volumes with 2 connected components
Info    : Tetrahedrizing 12494 nodes...
Info    : Done tetrahedrizing 12502 nodes (Wall 0.148485s, CPU 0.136421s)
Info    : Reconstructing mesh...
Info    :  - Creating surface mesh
Info    :  - Identifying boundary edges
Info    :  - Recovering boundary
Info    : Done reconstructing mesh (Wall 0.397163s, CPU 0.364956s)
Info    : Found volume 1
Info    : It. 0 - 0 nodes created - worst tet radius 1.07899 (nodes removed 0 0)
Info    : 3D refinement terminated (13090 nodes total):
Info    :  - 0 Delaunay cavities modified for star shapeness
Info    :  - 0 nodes could not be inserted
Info    :  - 41451 tetrahedra created in 0.022507 sec. (1841695 tets/s)
Info    : 0 node relocations
Info    : Tetrahedrizing 132 nodes...
Info    : Done tetrahedrizing 140 nodes (Wall 0.000812349s, CPU 0.000812s)
Info    : Reconstructing mesh...
Info    :  - Creating surface mesh
Info    :  - Identifying boundary edges
Info    :  - Recovering boundary
Info    : Done reconstructing mesh (Wall 0.00180794s, CPU 0.001811s)
Info    : Found volume 2
Info    : It. 0 - 0 nodes created - worst tet radius 3.12396 (nodes removed 0 0)
Info    : 3D refinement terminated (12706 nodes total):
Info    :  - 0 Delaunay cavities modified for star shapeness
Info    :  - 0 nodes could not be inserted
Info    :  - 478 tetrahedra created in 0.00546034 sec. (87540 tets/s)
Info    : 0 node relocations
Info    : Done meshing 3D (Wall 0.716235s, CPU 0.681922s)
Info    : Optimizing mesh...
Info    : Optimizing volume 1
Info    : Optimization starts (volume = 235.644) with worst = 0.00373451 / average = 0.681449:
Info    : 0.00 < quality < 0.10 :       225 elements
Info    : 0.10 < quality < 0.20 :       342 elements
Info    : 0.20 < quality < 0.30 :       614 elements
Info    : 0.30 < quality < 0.40 :       782 elements
Info    : 0.40 < quality < 0.50 :      1315 elements
Info    : 0.50 < quality < 0.60 :      3590 elements
Info    : 0.60 < quality < 0.70 :     11326 elements
Info    : 0.70 < quality < 0.80 :     20223 elements
Info    : 0.80 < quality < 0.90 :      1707 elements
Info    : 0.90 < quality < 1.00 :      1327 elements
Info    : 1117 edge swaps, 7 node relocations (volume = 235.644): worst = 0.0458408 / average = 0.697168 (Wall 0.0135688s, CPU 0.013569s)
Info    : 1155 edge swaps, 8 node relocations (volume = 235.644): worst = 0.0917028 / average = 0.697491 (Wall 0.0165166s, CPU 0.016518s)
Info    : 1161 edge swaps, 8 node relocations (volume = 235.644): worst = 0.0917028 / average = 0.697565 (Wall 0.018868s, CPU 0.01887s)
Info    : No ill-shaped tets in the mesh :-)
Info    : 0.00 < quality < 0.10 :         1 elements
Info    : 0.10 < quality < 0.20 :         2 elements
Info    : 0.20 < quality < 0.30 :        19 elements
Info    : 0.30 < quality < 0.40 :       674 elements
Info    : 0.40 < quality < 0.50 :      1070 elements
Info    : 0.50 < quality < 0.60 :      3621 elements
Info    : 0.60 < quality < 0.70 :     11838 elements
Info    : 0.70 < quality < 0.80 :     19999 elements
Info    : 0.80 < quality < 0.90 :      1849 elements
Info    : 0.90 < quality < 1.00 :      1326 elements
Info    : Optimizing volume 2
Info    : Optimization starts (volume = 0.256432) with worst = 0.0650776 / average = 0.761713:
Info    : 0.00 < quality < 0.10 :         2 elements
Info    : 0.10 < quality < 0.20 :         1 elements
Info    : 0.20 < quality < 0.30 :         3 elements
Info    : 0.30 < quality < 0.40 :         5 elements
Info    : 0.40 < quality < 0.50 :        14 elements
Info    : 0.50 < quality < 0.60 :        14 elements
Info    : 0.60 < quality < 0.70 :        59 elements
Info    : 0.70 < quality < 0.80 :       187 elements
Info    : 0.80 < quality < 0.90 :       142 elements
Info    : 0.90 < quality < 1.00 :        51 elements
Info    : 6 edge swaps, 2 node relocations (volume = 0.256432): worst = 0.305723 / average = 0.76923 (Wall 0.000123889s, CPU 0.000125s)
Info    : No ill-shaped tets in the mesh :-)
Info    : 0.00 < quality < 0.10 :         0 elements
Info    : 0.10 < quality < 0.20 :         0 elements
Info    : 0.20 < quality < 0.30 :         0 elements
Info    : 0.30 < quality < 0.40 :         6 elements
Info    : 0.40 < quality < 0.50 :        14 elements
Info    : 0.50 < quality < 0.60 :        13 elements
Info    : 0.60 < quality < 0.70 :        57 elements
Info    : 0.70 < quality < 0.80 :       186 elements
Info    : 0.80 < quality < 0.90 :       144 elements
Info    : 0.90 < quality < 1.00 :        53 elements
Info    : Done optimizing mesh (Wall 0.0464419s, CPU 0.046443s)
Info    : 13489 nodes 67360 elements
Info    : Meshing order 2 (curvilinear on)...
Info    : [  0%] Meshing curve 1 order 2
Info    : [ 10%] Meshing curve 2 order 2
Info    : [ 20%] Meshing curve 3 order 2
Info    : [ 20%] Meshing curve 4 order 2
Info    : [ 30%] Meshing curve 5 order 2
Info    : [ 30%] Meshing curve 6 order 2
Info    : [ 40%] Meshing curve 7 order 2
Info    : [ 40%] Meshing curve 8 order 2
Info    : [ 50%] Meshing curve 9 order 2
Info    : [ 50%] Meshing curve 10 order 2
Info    : [ 60%] Meshing curve 11 order 2
Info    : [ 60%] Meshing curve 12 order 2
Info    : [ 70%] Meshing surface 1 order 2
Info    : [ 70%] Meshing surface 2 order 2
Info    : [ 80%] Meshing surface 3 order 2
Info    : [ 80%] Meshing surface 4 order 2
Info    : [ 90%] Meshing surface 5 order 2
Info    : [ 90%] Meshing surface 6 order 2
Info    : [100%] Meshing volume 1 order 2
Info    : [100%] Meshing volume 2 order 2
Info    : Surface mesh: worst distortion = 0.797589 (0 elements in ]0, 0.2]); worst gamma = 0.50915
Info    : Volume mesh: worst distortion = 0.25168 (0 elements in ]0, 0.2])
Info    : Done meshing order 2 (Wall 12.9385s, CPU 12.9198s)
Info    : Writing '/home/user/mscr-mom/현서/scripts/contact_scenarios/fea/retry_geom_mesh_LM50_phiN120_s25.inp'...
Info    : Done writing '/home/user/mscr-mom/현서/scripts/contact_scenarios/fea/retry_geom_mesh_LM50_phiN120_s25.inp'
[retry LM50_phiN120 1/5] s=25.0mm, depth=0.15mm ...
  [retry LM50_phiN120] F_mag=0.0256mN  (957.0s)
Info    : Meshing 1D...
Info    : [  0%] Meshing curve 1 (BSpline)
Info    : [ 10%] Meshing curve 2 (Ellipse)
Info    : [ 20%] Meshing curve 3 (Ellipse)
Info    : [ 30%] Meshing curve 4 (BSpline)
Info    : [ 40%] Meshing curve 5 (BSpline)
Info    : [ 50%] Meshing curve 6 (BSpline)
Info    : [ 60%] Meshing curve 7 (BSpline)
Info    : [ 60%] Meshing curve 8 (BSpline)
Info    : [ 70%] Meshing curve 9 (BSpline)
Info    : [ 90%] Meshing curve 11 (Circle)
Info    : Done meshing 1D (Wall 0.0201012s, CPU 0.020099s)
Info    : Meshing 2D...
Info    : [  0%] Meshing surface 1 (Plane, Frontal-Delaunay)
Info    : [ 20%] Meshing surface 2 (Plane, Frontal-Delaunay)
Info    : [ 40%] Meshing surface 3 (BSpline surface, Frontal-Delaunay)
Info    : [ 60%] Meshing surface 4 (BSpline surface, Frontal-Delaunay)
Info    : [ 70%] Meshing surface 5 (Plane, Frontal-Delaunay)
Info    : [ 90%] Meshing surface 6 (Sphere, Frontal-Delaunay)
Info    : Done meshing 2D (Wall 0.744326s, CPU 0.744281s)
Info    : Meshing 3D...
Info    : 3D Meshing 2 volumes with 2 connected components
Info    : Tetrahedrizing 12494 nodes...
Info    : Done tetrahedrizing 12502 nodes (Wall 0.140869s, CPU 0.135869s)
Info    : Reconstructing mesh...
Info    :  - Creating surface mesh
Info    :  - Identifying boundary edges
Info    :  - Recovering boundary
Info    : Done reconstructing mesh (Wall 0.355551s, CPU 0.339519s)
Info    : Found volume 1
Info    : It. 0 - 0 nodes created - worst tet radius 1.07899 (nodes removed 0 0)
Info    : 3D refinement terminated (13090 nodes total):
Info    :  - 0 Delaunay cavities modified for star shapeness
Info    :  - 0 nodes could not be inserted
Info    :  - 41451 tetrahedra created in 0.0218397 sec. (1897969 tets/s)
Info    : 0 node relocations
Info    : Tetrahedrizing 132 nodes...
Info    : Done tetrahedrizing 140 nodes (Wall 0.000682787s, CPU 0.000678s)
Info    : Reconstructing mesh...
Info    :  - Creating surface mesh
Info    :  - Identifying boundary edges
Info    :  - Recovering boundary
Info    : Done reconstructing mesh (Wall 0.00155091s, CPU 0.00155s)
Info    : Found volume 2
Info    : It. 0 - 0 nodes created - worst tet radius 3.09004 (nodes removed 0 0)
Info    : 3D refinement terminated (12708 nodes total):
Info    :  - 0 Delaunay cavities modified for star shapeness
Info    :  - 0 nodes could not be inserted
Info    :  - 512 tetrahedra created in 0.00235335 sec. (217562 tets/s)
Info    : 0 node relocations
Info    : Done meshing 3D (Wall 0.627818s, CPU 0.611703s)
Info    : Optimizing mesh...
Info    : Optimizing volume 1
Info    : Optimization starts (volume = 235.644) with worst = 0.00373451 / average = 0.681449:
Info    : 0.00 < quality < 0.10 :       225 elements
Info    : 0.10 < quality < 0.20 :       342 elements
Info    : 0.20 < quality < 0.30 :       614 elements
Info    : 0.30 < quality < 0.40 :       782 elements
Info    : 0.40 < quality < 0.50 :      1315 elements
Info    : 0.50 < quality < 0.60 :      3590 elements
Info    : 0.60 < quality < 0.70 :     11326 elements
Info    : 0.70 < quality < 0.80 :     20223 elements
Info    : 0.80 < quality < 0.90 :      1707 elements
Info    : 0.90 < quality < 1.00 :      1327 elements
Info    : 1117 edge swaps, 7 node relocations (volume = 235.644): worst = 0.0458408 / average = 0.697168 (Wall 0.0127588s, CPU 0.012758s)
Info    : 1155 edge swaps, 8 node relocations (volume = 235.644): worst = 0.0917028 / average = 0.697491 (Wall 0.0151759s, CPU 0.015178s)
Info    : 1161 edge swaps, 8 node relocations (volume = 235.644): worst = 0.0917028 / average = 0.697565 (Wall 0.0171731s, CPU 0.017175s)
Info    : No ill-shaped tets in the mesh :-)
Info    : 0.00 < quality < 0.10 :         1 elements
Info    : 0.10 < quality < 0.20 :         2 elements
Info    : 0.20 < quality < 0.30 :        19 elements
Info    : 0.30 < quality < 0.40 :       674 elements
Info    : 0.40 < quality < 0.50 :      1070 elements
Info    : 0.50 < quality < 0.60 :      3621 elements
Info    : 0.60 < quality < 0.70 :     11838 elements
Info    : 0.70 < quality < 0.80 :     19999 elements
Info    : 0.80 < quality < 0.90 :      1849 elements
Info    : 0.90 < quality < 1.00 :      1326 elements
Info    : Optimizing volume 2
Info    : Optimization starts (volume = 0.256431) with worst = 0.0847728 / average = 0.73629:
Info    : 0.00 < quality < 0.10 :         1 elements
Info    : 0.10 < quality < 0.20 :         4 elements
Info    : 0.20 < quality < 0.30 :         2 elements
Info    : 0.30 < quality < 0.40 :        10 elements
Info    : 0.40 < quality < 0.50 :        19 elements
Info    : 0.50 < quality < 0.60 :        34 elements
Info    : 0.60 < quality < 0.70 :        80 elements
Info    : 0.70 < quality < 0.80 :       178 elements
Info    : 0.80 < quality < 0.90 :       146 elements
Info    : 0.90 < quality < 1.00 :        38 elements
Info    : 6 edge swaps, 2 node relocations (volume = 0.256431): worst = 0.307442 / average = 0.74546 (Wall 0.000124971s, CPU 0.000122s)
Info    : No ill-shaped tets in the mesh :-)
Info    : 0.00 < quality < 0.10 :         0 elements
Info    : 0.10 < quality < 0.20 :         0 elements
Info    : 0.20 < quality < 0.30 :         0 elements
Info    : 0.30 < quality < 0.40 :        10 elements
Info    : 0.40 < quality < 0.50 :        17 elements
Info    : 0.50 < quality < 0.60 :        34 elements
Info    : 0.60 < quality < 0.70 :        83 elements
Info    : 0.70 < quality < 0.80 :       178 elements
Info    : 0.80 < quality < 0.90 :       145 elements
Info    : 0.90 < quality < 1.00 :        39 elements
Info    : Done optimizing mesh (Wall 0.0423724s, CPU 0.042367s)
Info    : 13491 nodes 67393 elements
Info    : Meshing order 2 (curvilinear on)...
Info    : [  0%] Meshing curve 1 order 2
Info    : [ 10%] Meshing curve 2 order 2
Info    : [ 20%] Meshing curve 3 order 2
Info    : [ 20%] Meshing curve 4 order 2
Info    : [ 30%] Meshing curve 5 order 2
Info    : [ 30%] Meshing curve 6 order 2
Info    : [ 40%] Meshing curve 7 order 2
Info    : [ 40%] Meshing curve 8 order 2
Info    : [ 50%] Meshing curve 9 order 2
Info    : [ 50%] Meshing curve 10 order 2
Info    : [ 60%] Meshing curve 11 order 2
Info    : [ 60%] Meshing curve 12 order 2
Info    : [ 70%] Meshing surface 1 order 2
Info    : [ 70%] Meshing surface 2 order 2
Info    : [ 80%] Meshing surface 3 order 2
Info    : [ 80%] Meshing surface 4 order 2
Info    : [ 90%] Meshing surface 5 order 2
Info    : [ 90%] Meshing surface 6 order 2
Info    : [100%] Meshing volume 1 order 2
Info    : [100%] Meshing volume 2 order 2
Info    : Surface mesh: worst distortion = 0.797589 (0 elements in ]0, 0.2]); worst gamma = 0.655066
Info    : Volume mesh: worst distortion = 0.25168 (0 elements in ]0, 0.2])
Info    : Done meshing order 2 (Wall 12.6026s, CPU 12.5943s)
Info    : Writing '/home/user/mscr-mom/현서/scripts/contact_scenarios/fea/retry_geom_mesh_LM50_phiN120_s50.inp'...
Info    : Done writing '/home/user/mscr-mom/현서/scripts/contact_scenarios/fea/retry_geom_mesh_LM50_phiN120_s50.inp'
[retry LM50_phiN120 2/5] s=50.0mm, depth=0.05mm ...
  [retry LM50_phiN120] F_mag=0.0009mN  (324.7s)
[retry LM50_phiN120 3/5] s=50.0mm, depth=0.15mm ...
  [retry LM50_phiN120] F_mag=0.0033mN  (946.7s)
Info    : Meshing 1D...
Info    : [  0%] Meshing curve 1 (BSpline)
Info    : [ 10%] Meshing curve 2 (Ellipse)
Info    : [ 20%] Meshing curve 3 (Ellipse)
Info    : [ 30%] Meshing curve 4 (BSpline)
Info    : [ 40%] Meshing curve 5 (BSpline)
Info    : [ 50%] Meshing curve 6 (BSpline)
Info    : [ 60%] Meshing curve 7 (BSpline)
Info    : [ 60%] Meshing curve 8 (BSpline)
Info    : [ 70%] Meshing curve 9 (BSpline)
Info    : [ 90%] Meshing curve 11 (Circle)
Info    : Done meshing 1D (Wall 0.0205627s, CPU 0.020564s)
Info    : Meshing 2D...
Info    : [  0%] Meshing surface 1 (Plane, Frontal-Delaunay)
Info    : [ 20%] Meshing surface 2 (Plane, Frontal-Delaunay)
Info    : [ 40%] Meshing surface 3 (BSpline surface, Frontal-Delaunay)
Info    : [ 60%] Meshing surface 4 (BSpline surface, Frontal-Delaunay)
Info    : [ 70%] Meshing surface 5 (Plane, Frontal-Delaunay)
Info    : [ 90%] Meshing surface 6 (Sphere, Frontal-Delaunay)
Info    : Done meshing 2D (Wall 0.737579s, CPU 0.736377s)
Info    : Meshing 3D...
Info    : 3D Meshing 2 volumes with 2 connected components
Info    : Tetrahedrizing 12494 nodes...
Info    : Done tetrahedrizing 12502 nodes (Wall 0.141805s, CPU 0.134789s)
Info    : Reconstructing mesh...
Info    :  - Creating surface mesh
Info    :  - Identifying boundary edges
Info    :  - Recovering boundary
Info    : Done reconstructing mesh (Wall 0.340712s, CPU 0.322674s)
Info    : Found volume 1
Info    : It. 0 - 0 nodes created - worst tet radius 1.07899 (nodes removed 0 0)
Info    : 3D refinement terminated (13090 nodes total):
Info    :  - 0 Delaunay cavities modified for star shapeness
Info    :  - 0 nodes could not be inserted
Info    :  - 41451 tetrahedra created in 0.0233113 sec. (1778152 tets/s)
Info    : 0 node relocations
Info    : Tetrahedrizing 132 nodes...
Info    : Done tetrahedrizing 140 nodes (Wall 0.00067975s, CPU 0.00068s)
Info    : Reconstructing mesh...
Info    :  - Creating surface mesh
Info    :  - Identifying boundary edges
Info    :  - Recovering boundary
Info    : Done reconstructing mesh (Wall 0.00157333s, CPU 0.001576s)
Info    : Found volume 2
Info    : It. 0 - 0 nodes created - worst tet radius 3.12396 (nodes removed 0 0)
Info    : 3D refinement terminated (12707 nodes total):
Info    :  - 1 Delaunay cavities modified for star shapeness
Info    :  - 0 nodes could not be inserted
Info    :  - 483 tetrahedra created in 0.00255971 sec. (188693 tets/s)
Info    : 0 node relocations
Info    : Done meshing 3D (Wall 0.634343s, CPU 0.616271s)
Info    : Optimizing mesh...
Info    : Optimizing volume 1
Info    : Optimization starts (volume = 235.644) with worst = 0.00373451 / average = 0.681449:
Info    : 0.00 < quality < 0.10 :       225 elements
Info    : 0.10 < quality < 0.20 :       342 elements
Info    : 0.20 < quality < 0.30 :       614 elements
Info    : 0.30 < quality < 0.40 :       782 elements
Info    : 0.40 < quality < 0.50 :      1315 elements
Info    : 0.50 < quality < 0.60 :      3590 elements
Info    : 0.60 < quality < 0.70 :     11326 elements
Info    : 0.70 < quality < 0.80 :     20223 elements
Info    : 0.80 < quality < 0.90 :      1707 elements
Info    : 0.90 < quality < 1.00 :      1327 elements
Info    : 1117 edge swaps, 7 node relocations (volume = 235.644): worst = 0.0458408 / average = 0.697168 (Wall 0.0120639s, CPU 0.012064s)
Info    : 1155 edge swaps, 8 node relocations (volume = 235.644): worst = 0.0917028 / average = 0.697491 (Wall 0.0144641s, CPU 0.014465s)
Info    : 1161 edge swaps, 8 node relocations (volume = 235.644): worst = 0.0917028 / average = 0.697565 (Wall 0.0164535s, CPU 0.016455s)
Info    : No ill-shaped tets in the mesh :-)
Info    : 0.00 < quality < 0.10 :         1 elements
Info    : 0.10 < quality < 0.20 :         2 elements
Info    : 0.20 < quality < 0.30 :        19 elements
Info    : 0.30 < quality < 0.40 :       674 elements
Info    : 0.40 < quality < 0.50 :      1070 elements
Info    : 0.50 < quality < 0.60 :      3621 elements
Info    : 0.60 < quality < 0.70 :     11838 elements
Info    : 0.70 < quality < 0.80 :     19999 elements
Info    : 0.80 < quality < 0.90 :      1849 elements
Info    : 0.90 < quality < 1.00 :      1326 elements
Info    : Optimizing volume 2
Info    : Optimization starts (volume = 0.256432) with worst = 0.0653347 / average = 0.764758:
Info    : 0.00 < quality < 0.10 :         1 elements
Info    : 0.10 < quality < 0.20 :         0 elements
Info    : 0.20 < quality < 0.30 :         3 elements
Info    : 0.30 < quality < 0.40 :         4 elements
Info    : 0.40 < quality < 0.50 :         9 elements
Info    : 0.50 < quality < 0.60 :        16 elements
Info    : 0.60 < quality < 0.70 :        71 elements
Info    : 0.70 < quality < 0.80 :       194 elements
Info    : 0.80 < quality < 0.90 :       128 elements
Info    : 0.90 < quality < 1.00 :        57 elements
Info    : 4 edge swaps, 0 node relocations (volume = 0.256432): worst = 0.312742 / average = 0.768581 (Wall 8.64221e-05s, CPU 8.7e-05s)
Info    : No ill-shaped tets in the mesh :-)
Info    : 0.00 < quality < 0.10 :         0 elements
Info    : 0.10 < quality < 0.20 :         0 elements
Info    : 0.20 < quality < 0.30 :         0 elements
Info    : 0.30 < quality < 0.40 :         5 elements
Info    : 0.40 < quality < 0.50 :         9 elements
Info    : 0.50 < quality < 0.60 :        15 elements
Info    : 0.60 < quality < 0.70 :        72 elements
Info    : 0.70 < quality < 0.80 :       195 elements
Info    : 0.80 < quality < 0.90 :       127 elements
Info    : 0.90 < quality < 1.00 :        57 elements
Info    : Done optimizing mesh (Wall 0.0384724s, CPU 0.038471s)
Info    : 13490 nodes 67367 elements
Info    : Meshing order 2 (curvilinear on)...
Info    : [  0%] Meshing curve 1 order 2
Info    : [ 10%] Meshing curve 2 order 2
Info    : [ 20%] Meshing curve 3 order 2
Info    : [ 20%] Meshing curve 4 order 2
Info    : [ 30%] Meshing curve 5 order 2
Info    : [ 30%] Meshing curve 6 order 2
Info    : [ 40%] Meshing curve 7 order 2
Info    : [ 40%] Meshing curve 8 order 2
Info    : [ 50%] Meshing curve 9 order 2
Info    : [ 50%] Meshing curve 10 order 2
Info    : [ 60%] Meshing curve 11 order 2
Info    : [ 60%] Meshing curve 12 order 2
Info    : [ 70%] Meshing surface 1 order 2
Info    : [ 70%] Meshing surface 2 order 2
Info    : [ 80%] Meshing surface 3 order 2
Info    : [ 80%] Meshing surface 4 order 2
Info    : [ 90%] Meshing surface 5 order 2
Info    : [ 90%] Meshing surface 6 order 2
Info    : [100%] Meshing volume 1 order 2
Info    : [100%] Meshing volume 2 order 2
Info    : Surface mesh: worst distortion = 0.797589 (0 elements in ]0, 0.2]); worst gamma = 0.50915
Info    : Volume mesh: worst distortion = 0.25168 (0 elements in ]0, 0.2])
Info    : Done meshing order 2 (Wall 12.4902s, CPU 12.4842s)
Info    : Writing '/home/user/mscr-mom/현서/scripts/contact_scenarios/fea/retry_geom_mesh_LM50_phiN120_s75.inp'...
Info    : Done writing '/home/user/mscr-mom/현서/scripts/contact_scenarios/fea/retry_geom_mesh_LM50_phiN120_s75.inp'
[retry LM50_phiN120 4/5] s=75.0mm, depth=0.1mm ...
  [retry LM50_phiN120] [실패] (486.6s)
[retry LM50_phiN120 5/5] s=75.0mm, depth=0.15mm ...
  [retry LM50_phiN120] [실패] (325.8s)
[retry LM50_phiN120] 완료
