Info    : Meshing 1D...
Info    : [  0%] Meshing curve 1 (BSpline)
Info    : [ 10%] Meshing curve 2 (Ellipse)
Info    : [ 20%] Meshing curve 3 (Ellipse)
Info    : [ 30%] Meshing curve 4 (BSpline)
Info    : [ 40%] Meshing curve 5 (BSpline)
Info    : [ 50%] Meshing curve 6 (BSpline)
Info    : [ 60%] Meshing curve 7 (BSpline)
Info    : [ 60%] Meshing curve 8 (BSpline)
Info    : [ 70%] Meshing curve 9 (BSpline)
Info    : [ 90%] Meshing curve 11 (Circle)
Info    : Done meshing 1D (Wall 0.0245267s, CPU 0.279717s)
Info    : Meshing 2D...
Info    : [  0%] Meshing surface 1 (Plane, Frontal-Delaunay)
Info    : [ 20%] Meshing surface 2 (Plane, Frontal-Delaunay)
Info    : [ 40%] Meshing surface 3 (BSpline surface, Frontal-Delaunay)
Info    : [ 60%] Meshing surface 4 (BSpline surface, Frontal-Delaunay)
Info    : [ 70%] Meshing surface 5 (Plane, Frontal-Delaunay)
Info    : [ 90%] Meshing surface 6 (Sphere, Frontal-Delaunay)
Info    : Done meshing 2D (Wall 0.747875s, CPU 0.738751s)
Info    : Meshing 3D...
Info    : 3D Meshing 2 volumes with 2 connected components
Info    : Tetrahedrizing 12536 nodes...
Info    : Done tetrahedrizing 12544 nodes (Wall 0.155574s, CPU 0.145543s)
Info    : Reconstructing mesh...
Info    :  - Creating surface mesh
Info    :  - Identifying boundary edges
Info    :  - Recovering boundary
Info    : Done reconstructing mesh (Wall 0.34882s, CPU 0.323787s)
Info    : Found volume 1
Info    : It. 0 - 0 nodes created - worst tet radius 1.03464 (nodes removed 0 0)
Info    : 3D refinement terminated (13211 nodes total):
Info    :  - 0 Delaunay cavities modified for star shapeness
Info    :  - 0 nodes could not be inserted
Info    :  - 42299 tetrahedra created in 0.0226162 sec. (1870295 tets/s)
Info    : 0 node relocations
Info    : Tetrahedrizing 131 nodes...
Info    : Done tetrahedrizing 139 nodes (Wall 0.000775493s, CPU 0.000776s)
Info    : Reconstructing mesh...
Info    :  - Creating surface mesh
Info    :  - Identifying boundary edges
Info    :  - Recovering boundary
Info    : Done reconstructing mesh (Wall 0.00176211s, CPU 0.001764s)
Info    : Found volume 2
Info    : It. 0 - 0 nodes created - worst tet radius 3.11346 (nodes removed 0 0)
Info    : 3D refinement terminated (12745 nodes total):
Info    :  - 0 Delaunay cavities modified for star shapeness
Info    :  - 0 nodes could not be inserted
Info    :  - 469 tetrahedra created in 0.00285142 sec. (164479 tets/s)
Info    : 0 node relocations
Info    : Done meshing 3D (Wall 0.688066s, CPU 0.662932s)
Info    : Optimizing mesh...
Info    : Optimizing volume 1
Info    : Optimization starts (volume = 235.624) with worst = 0.00837716 / average = 0.680522:
Info    : 0.00 < quality < 0.10 :       219 elements
Info    : 0.10 < quality < 0.20 :       406 elements
Info    : 0.20 < quality < 0.30 :       667 elements
Info    : 0.30 < quality < 0.40 :       965 elements
Info    : 0.40 < quality < 0.50 :      1506 elements
Info    : 0.50 < quality < 0.60 :      3811 elements
Info    : 0.60 < quality < 0.70 :     10794 elements
Info    : 0.70 < quality < 0.80 :     20414 elements
Info    : 0.80 < quality < 0.90 :      1941 elements
Info    : 0.90 < quality < 1.00 :      1576 elements
Info    : 1236 edge swaps, 17 node relocations (volume = 235.624): worst = 0.0831604 / average = 0.696938 (Wall 0.0181914s, CPU 0.018191s)
Info    : 1294 edge swaps, 19 node relocations (volume = 235.624): worst = 0.160558 / average = 0.697638 (Wall 0.0230527s, CPU 0.023053s)
Info    : 1298 edge swaps, 19 node relocations (volume = 235.624): worst = 0.160558 / average = 0.69768 (Wall 0.0267502s, CPU 0.02675s)
Info    : No ill-shaped tets in the mesh :-)
Info    : 0.00 < quality < 0.10 :         0 elements
Info    : 0.10 < quality < 0.20 :         2 elements
Info    : 0.20 < quality < 0.30 :        19 elements
Info    : 0.30 < quality < 0.40 :       847 elements
Info    : 0.40 < quality < 0.50 :      1269 elements
Info    : 0.50 < quality < 0.60 :      3847 elements
Info    : 0.60 < quality < 0.70 :     11369 elements
Info    : 0.70 < quality < 0.80 :     20159 elements
Info    : 0.80 < quality < 0.90 :      2056 elements
Info    : 0.90 < quality < 1.00 :      1581 elements
Info    : Optimizing volume 2
Info    : Optimization starts (volume = 0.256422) with worst = 0.0557115 / average = 0.747095:
Info    : 0.00 < quality < 0.10 :         1 elements
Info    : 0.10 < quality < 0.20 :         3 elements
Info    : 0.20 < quality < 0.30 :         4 elements
Info    : 0.30 < quality < 0.40 :         8 elements
Info    : 0.40 < quality < 0.50 :         7 elements
Info    : 0.50 < quality < 0.60 :        18 elements
Info    : 0.60 < quality < 0.70 :        88 elements
Info    : 0.70 < quality < 0.80 :       181 elements
Info    : 0.80 < quality < 0.90 :       120 elements
Info    : 0.90 < quality < 1.00 :        39 elements
Info    : 8 edge swaps, 0 node relocations (volume = 0.256422): worst = 0.307806 / average = 0.758922 (Wall 0.000119423s, CPU 0.000121s)
Info    : No ill-shaped tets in the mesh :-)
Info    : 0.00 < quality < 0.10 :         0 elements
Info    : 0.10 < quality < 0.20 :         0 elements
Info    : 0.20 < quality < 0.30 :         0 elements
Info    : 0.30 < quality < 0.40 :         8 elements
Info    : 0.40 < quality < 0.50 :         6 elements
Info    : 0.50 < quality < 0.60 :        15 elements
Info    : 0.60 < quality < 0.70 :        87 elements
Info    : 0.70 < quality < 0.80 :       183 elements
Info    : 0.80 < quality < 0.90 :       123 elements
Info    : 0.90 < quality < 1.00 :        39 elements
Info    : Done optimizing mesh (Wall 0.053056s, CPU 0.053054s)
Info    : 13608 nodes 68163 elements
Info    : Meshing order 2 (curvilinear on)...
Info    : [  0%] Meshing curve 1 order 2
Info    : [ 10%] Meshing curve 2 order 2
Info    : [ 20%] Meshing curve 3 order 2
Info    : [ 20%] Meshing curve 4 order 2
Info    : [ 30%] Meshing curve 5 order 2
Info    : [ 30%] Meshing curve 6 order 2
Info    : [ 40%] Meshing curve 7 order 2
Info    : [ 40%] Meshing curve 8 order 2
Info    : [ 50%] Meshing curve 9 order 2
Info    : [ 50%] Meshing curve 10 order 2
Info    : [ 60%] Meshing curve 11 order 2
Info    : [ 60%] Meshing curve 12 order 2
Info    : [ 70%] Meshing surface 1 order 2
Info    : [ 70%] Meshing surface 2 order 2
Info    : [ 80%] Meshing surface 3 order 2
Info    : [ 80%] Meshing surface 4 order 2
Info    : [ 90%] Meshing surface 5 order 2
Info    : [ 90%] Meshing surface 6 order 2
Info    : [100%] Meshing volume 1 order 2
Info    : [100%] Meshing volume 2 order 2
Info    : Surface mesh: worst distortion = 0.797589 (0 elements in ]0, 0.2]); worst gamma = 0.673817
Info    : Volume mesh: worst distortion = 0.271195 (0 elements in ]0, 0.2])
Info    : Done meshing order 2 (Wall 14.4402s, CPU 14.4034s)
Info    : Writing '/home/user/mscr-mom/현서/scripts/contact_scenarios/fea/retry_geom_mesh_LM25_phiP120_s50.inp'...
Info    : Done writing '/home/user/mscr-mom/현서/scripts/contact_scenarios/fea/retry_geom_mesh_LM25_phiP120_s50.inp'
[retry LM25_phiP120 1/6] s=50.0mm, depth=0.05mm ...
  [retry LM25_phiP120] [실패] (277.8s)
[retry LM25_phiP120 2/6] s=50.0mm, depth=0.1mm ...
  [retry LM25_phiP120] [실패] (382.8s)
[retry LM25_phiP120 3/6] s=50.0mm, depth=0.15mm ...
  [retry LM25_phiP120] [실패] (418.5s)
Info    : Meshing 1D...
Info    : [  0%] Meshing curve 1 (BSpline)
Info    : [ 10%] Meshing curve 2 (Ellipse)
Info    : [ 20%] Meshing curve 3 (Ellipse)
Info    : [ 30%] Meshing curve 4 (BSpline)
Info    : [ 40%] Meshing curve 5 (BSpline)
Info    : [ 50%] Meshing curve 6 (BSpline)
Info    : [ 60%] Meshing curve 7 (BSpline)
Info    : [ 60%] Meshing curve 8 (BSpline)
Info    : [ 70%] Meshing curve 9 (BSpline)
Info    : [ 90%] Meshing curve 11 (Circle)
Info    : Done meshing 1D (Wall 0.0209998s, CPU 0.020975s)
Info    : Meshing 2D...
Info    : [  0%] Meshing surface 1 (Plane, Frontal-Delaunay)
Info    : [ 20%] Meshing surface 2 (Plane, Frontal-Delaunay)
Info    : [ 40%] Meshing surface 3 (BSpline surface, Frontal-Delaunay)
Info    : [ 60%] Meshing surface 4 (BSpline surface, Frontal-Delaunay)
Info    : [ 70%] Meshing surface 5 (Plane, Frontal-Delaunay)
Info    : [ 90%] Meshing surface 6 (Sphere, Frontal-Delaunay)
Info    : Done meshing 2D (Wall 0.769846s, CPU 0.769778s)
Info    : Meshing 3D...
Info    : 3D Meshing 2 volumes with 2 connected components
Info    : Tetrahedrizing 12536 nodes...
Info    : Done tetrahedrizing 12544 nodes (Wall 0.153333s, CPU 0.145333s)
Info    : Reconstructing mesh...
Info    :  - Creating surface mesh
Info    :  - Identifying boundary edges
Info    :  - Recovering boundary
Info    : Done reconstructing mesh (Wall 0.385373s, CPU 0.36635s)
Info    : Found volume 1
Info    : It. 0 - 0 nodes created - worst tet radius 1.03464 (nodes removed 0 0)
Info    : 3D refinement terminated (13211 nodes total):
Info    :  - 0 Delaunay cavities modified for star shapeness
Info    :  - 0 nodes could not be inserted
Info    :  - 42299 tetrahedra created in 0.0211643 sec. (1998604 tets/s)
Info    : 0 node relocations
Info    : Tetrahedrizing 131 nodes...
Info    : Done tetrahedrizing 139 nodes (Wall 0.000771436s, CPU 0.000772s)
Info    : Reconstructing mesh...
Info    :  - Creating surface mesh
Info    :  - Identifying boundary edges
Info    :  - Recovering boundary
Info    : Done reconstructing mesh (Wall 0.0017148s, CPU 0.001715s)
Info    : Found volume 2
Info    : It. 0 - 0 nodes created - worst tet radius 3.16125 (nodes removed 0 0)
Info    : 3D refinement terminated (12744 nodes total):
Info    :  - 0 Delaunay cavities modified for star shapeness
Info    :  - 0 nodes could not be inserted
Info    :  - 465 tetrahedra created in 0.00221563 sec. (209872 tets/s)
Info    : 0 node relocations
Info    : Done meshing 3D (Wall 0.649201s, CPU 0.630164s)
Info    : Optimizing mesh...
Info    : Optimizing volume 1
Info    : Optimization starts (volume = 235.624) with worst = 0.00837716 / average = 0.680522:
Info    : 0.00 < quality < 0.10 :       219 elements
Info    : 0.10 < quality < 0.20 :       406 elements
Info    : 0.20 < quality < 0.30 :       667 elements
Info    : 0.30 < quality < 0.40 :       965 elements
Info    : 0.40 < quality < 0.50 :      1506 elements
Info    : 0.50 < quality < 0.60 :      3811 elements
Info    : 0.60 < quality < 0.70 :     10794 elements
Info    : 0.70 < quality < 0.80 :     20414 elements
Info    : 0.80 < quality < 0.90 :      1941 elements
Info    : 0.90 < quality < 1.00 :      1576 elements
Info    : 1236 edge swaps, 17 node relocations (volume = 235.624): worst = 0.0831604 / average = 0.696938 (Wall 0.014535s, CPU 0.014533s)
Info    : 1294 edge swaps, 19 node relocations (volume = 235.624): worst = 0.160558 / average = 0.697638 (Wall 0.0172802s, CPU 0.017282s)
Info    : 1298 edge swaps, 19 node relocations (volume = 235.624): worst = 0.160558 / average = 0.69768 (Wall 0.0194691s, CPU 0.01947s)
Info    : No ill-shaped tets in the mesh :-)
Info    : 0.00 < quality < 0.10 :         0 elements
Info    : 0.10 < quality < 0.20 :         2 elements
Info    : 0.20 < quality < 0.30 :        19 elements
Info    : 0.30 < quality < 0.40 :       847 elements
Info    : 0.40 < quality < 0.50 :      1269 elements
Info    : 0.50 < quality < 0.60 :      3847 elements
Info    : 0.60 < quality < 0.70 :     11369 elements
Info    : 0.70 < quality < 0.80 :     20159 elements
Info    : 0.80 < quality < 0.90 :      2056 elements
Info    : 0.90 < quality < 1.00 :      1581 elements
Info    : Optimizing volume 2
Info    : Optimization starts (volume = 0.25645) with worst = 0.0557115 / average = 0.740998:
Info    : 0.00 < quality < 0.10 :         1 elements
Info    : 0.10 < quality < 0.20 :         4 elements
Info    : 0.20 < quality < 0.30 :         3 elements
Info    : 0.30 < quality < 0.40 :        10 elements
Info    : 0.40 < quality < 0.50 :        10 elements
Info    : 0.50 < quality < 0.60 :        16 elements
Info    : 0.60 < quality < 0.70 :        86 elements
Info    : 0.70 < quality < 0.80 :       188 elements
Info    : 0.80 < quality < 0.90 :       109 elements
Info    : 0.90 < quality < 1.00 :        38 elements
Info    : 8 edge swaps, 0 node relocations (volume = 0.25645): worst = 0.318497 / average = 0.752936 (Wall 0.000114384s, CPU 0.000115s)
Info    : No ill-shaped tets in the mesh :-)
Info    : 0.00 < quality < 0.10 :         0 elements
Info    : 0.10 < quality < 0.20 :         0 elements
Info    : 0.20 < quality < 0.30 :         0 elements
Info    : 0.30 < quality < 0.40 :        10 elements
Info    : 0.40 < quality < 0.50 :         9 elements
Info    : 0.50 < quality < 0.60 :        13 elements
Info    : 0.60 < quality < 0.70 :        85 elements
Info    : 0.70 < quality < 0.80 :       192 elements
Info    : 0.80 < quality < 0.90 :       110 elements
Info    : 0.90 < quality < 1.00 :        38 elements
Info    : Done optimizing mesh (Wall 0.0421435s, CPU 0.042142s)
Info    : 13607 nodes 68159 elements
Info    : Meshing order 2 (curvilinear on)...
Info    : [  0%] Meshing curve 1 order 2
Info    : [ 10%] Meshing curve 2 order 2
Info    : [ 20%] Meshing curve 3 order 2
Info    : [ 20%] Meshing curve 4 order 2
Info    : [ 30%] Meshing curve 5 order 2
Info    : [ 30%] Meshing curve 6 order 2
Info    : [ 40%] Meshing curve 7 order 2
Info    : [ 40%] Meshing curve 8 order 2
Info    : [ 50%] Meshing curve 9 order 2
Info    : [ 50%] Meshing curve 10 order 2
Info    : [ 60%] Meshing curve 11 order 2
Info    : [ 60%] Meshing curve 12 order 2
Info    : [ 70%] Meshing surface 1 order 2
Info    : [ 70%] Meshing surface 2 order 2
Info    : [ 80%] Meshing surface 3 order 2
Info    : [ 80%] Meshing surface 4 order 2
Info    : [ 90%] Meshing surface 5 order 2
Info    : [ 90%] Meshing surface 6 order 2
Info    : [100%] Meshing volume 1 order 2
Info    : [100%] Meshing volume 2 order 2
Info    : Surface mesh: worst distortion = 0.797589 (0 elements in ]0, 0.2]); worst gamma = 0.673817
Info    : Volume mesh: worst distortion = 0.271195 (0 elements in ]0, 0.2])
Info    : Done meshing order 2 (Wall 13.4561s, CPU 13.4406s)
Info    : Writing '/home/user/mscr-mom/현서/scripts/contact_scenarios/fea/retry_geom_mesh_LM25_phiP120_s75.inp'...
Info    : Done writing '/home/user/mscr-mom/현서/scripts/contact_scenarios/fea/retry_geom_mesh_LM25_phiP120_s75.inp'
[retry LM25_phiP120 4/6] s=75.0mm, depth=0.05mm ...
  [retry LM25_phiP120] [실패] (1159.3s)
[retry LM25_phiP120 5/6] s=75.0mm, depth=0.1mm ...
  [retry LM25_phiP120] [실패] (815.8s)
[retry LM25_phiP120 6/6] s=75.0mm, depth=0.15mm ...
  [retry LM25_phiP120] 실패: Command '['ccx', 'retry_geom_LM25_phiP120_06']' timed out after 1800 seconds
  [retry LM25_phiP120] [실패] (1800.1s)
[retry LM25_phiP120] 완료
