Info    : Meshing 1D...
Info    : [  0%] Meshing curve 1 (BSpline)
Info    : [ 10%] Meshing curve 2 (Ellipse)
Info    : [ 20%] Meshing curve 3 (Ellipse)
Info    : [ 30%] Meshing curve 4 (BSpline)
Info    : [ 40%] Meshing curve 5 (BSpline)
Info    : [ 50%] Meshing curve 6 (BSpline)
Info    : [ 60%] Meshing curve 7 (BSpline)
Info    : [ 60%] Meshing curve 8 (BSpline)
Info    : [ 70%] Meshing curve 9 (BSpline)
Info    : [ 90%] Meshing curve 11 (Circle)
Info    : Done meshing 1D (Wall 0.00981624s, CPU 0.00969s)
Info    : Meshing 2D...
Info    : [  0%] Meshing surface 1 (Plane, Frontal-Delaunay)
Info    : [ 20%] Meshing surface 2 (Plane, Frontal-Delaunay)
Info    : [ 40%] Meshing surface 3 (BSpline surface, Frontal-Delaunay)
Info    : [ 60%] Meshing surface 4 (BSpline surface, Frontal-Delaunay)
Info    : [ 70%] Meshing surface 5 (Plane, Frontal-Delaunay)
Info    : [ 90%] Meshing surface 6 (Sphere, Frontal-Delaunay)
Info    : Done meshing 2D (Wall 0.773027s, CPU 0.743178s)
Info    : Meshing 3D...
Info    : 3D Meshing 2 volumes with 2 connected components
Info    : Tetrahedrizing 12536 nodes...
Info    : Done tetrahedrizing 12544 nodes (Wall 0.139787s, CPU 0.131802s)
Info    : Reconstructing mesh...
Info    :  - Creating surface mesh
Info    :  - Identifying boundary edges
Info    :  - Recovering boundary
Info    : Done reconstructing mesh (Wall 0.355051s, CPU 0.328107s)
Info    : Found volume 1
Info    : It. 0 - 0 nodes created - worst tet radius 1.04603 (nodes removed 0 0)
Info    : It. 500 - 500 nodes created - worst tet radius 1.00371 (nodes removed 0 0)
Info    : 3D refinement terminated (13282 nodes total):
Info    :  - 0 Delaunay cavities modified for star shapeness
Info    :  - 0 nodes could not be inserted
Info    :  - 42706 tetrahedra created in 0.0353495 sec. (1208106 tets/s)
Info    : 0 node relocations
Info    : Tetrahedrizing 131 nodes...
Info    : Done tetrahedrizing 139 nodes (Wall 0.000777256s, CPU 0.000778s)
Info    : Reconstructing mesh...
Info    :  - Creating surface mesh
Info    :  - Identifying boundary edges
Info    :  - Recovering boundary
Info    : Done reconstructing mesh (Wall 0.00236948s, CPU 0.002278s)
Info    : Found volume 2
Info    : It. 0 - 0 nodes created - worst tet radius 3.1274 (nodes removed 0 0)
Info    : 3D refinement terminated (12748 nodes total):
Info    :  - 0 Delaunay cavities modified for star shapeness
Info    :  - 0 nodes could not be inserted
Info    :  - 506 tetrahedra created in 0.0057907 sec. (87381 tets/s)
Info    : 0 node relocations
Info    : Done meshing 3D (Wall 0.705641s, CPU 0.676477s)
Info    : Optimizing mesh...
Info    : Optimizing volume 1
Info    : Optimization starts (volume = 235.684) with worst = 0.00196526 / average = 0.683026:
Info    : 0.00 < quality < 0.10 :       205 elements
Info    : 0.10 < quality < 0.20 :       392 elements
Info    : 0.20 < quality < 0.30 :       715 elements
Info    : 0.30 < quality < 0.40 :       873 elements
Info    : 0.40 < quality < 0.50 :      1399 elements
Info    : 0.50 < quality < 0.60 :      3690 elements
Info    : 0.60 < quality < 0.70 :     11224 elements
Info    : 0.70 < quality < 0.80 :     20151 elements
Info    : 0.80 < quality < 0.90 :      2241 elements
Info    : 0.90 < quality < 1.00 :      1816 elements
Info    : 1236 edge swaps, 21 node relocations (volume = 235.684): worst = 0.0289085 / average = 0.69987 (Wall 0.0147294s, CPU 0.014729s)
Info    : 1288 edge swaps, 21 node relocations (volume = 235.684): worst = 0.120775 / average = 0.700396 (Wall 0.0181446s, CPU 0.018145s)
Info    : 1293 edge swaps, 21 node relocations (volume = 235.684): worst = 0.120775 / average = 0.700469 (Wall 0.0205743s, CPU 0.020568s)
Info    : No ill-shaped tets in the mesh :-)
Info    : 0.00 < quality < 0.10 :         0 elements
Info    : 0.10 < quality < 0.20 :         3 elements
Info    : 0.20 < quality < 0.30 :        18 elements
Info    : 0.30 < quality < 0.40 :       744 elements
Info    : 0.40 < quality < 0.50 :      1133 elements
Info    : 0.50 < quality < 0.60 :      3832 elements
Info    : 0.60 < quality < 0.70 :     11644 elements
Info    : 0.70 < quality < 0.80 :     19895 elements
Info    : 0.80 < quality < 0.90 :      2446 elements
Info    : 0.90 < quality < 1.00 :      1818 elements
Info    : Optimizing volume 2
Info    : Optimization starts (volume = 0.256422) with worst = 0.00650602 / average = 0.729878:
Info    : 0.00 < quality < 0.10 :         3 elements
Info    : 0.10 < quality < 0.20 :         2 elements
Info    : 0.20 < quality < 0.30 :         6 elements
Info    : 0.30 < quality < 0.40 :        12 elements
Info    : 0.40 < quality < 0.50 :        25 elements
Info    : 0.50 < quality < 0.60 :        25 elements
Info    : 0.60 < quality < 0.70 :        78 elements
Info    : 0.70 < quality < 0.80 :       184 elements
Info    : 0.80 < quality < 0.90 :       136 elements
Info    : 0.90 < quality < 1.00 :        35 elements
Info    : 11 edge swaps, 0 node relocations (volume = 0.256422): worst = 0.30484 / average = 0.745491 (Wall 0.000122204s, CPU 0.000123s)
Info    : No ill-shaped tets in the mesh :-)
Info    : 0.00 < quality < 0.10 :         0 elements
Info    : 0.10 < quality < 0.20 :         0 elements
Info    : 0.20 < quality < 0.30 :         0 elements
Info    : 0.30 < quality < 0.40 :        12 elements
Info    : 0.40 < quality < 0.50 :        22 elements
Info    : 0.50 < quality < 0.60 :        22 elements
Info    : 0.60 < quality < 0.70 :        79 elements
Info    : 0.70 < quality < 0.80 :       187 elements
Info    : 0.80 < quality < 0.90 :       138 elements
Info    : 0.90 < quality < 1.00 :        35 elements
Info    : Done optimizing mesh (Wall 0.0468549s, CPU 0.046847s)
Info    : 13682 nodes 68586 elements
Info    : Meshing order 2 (curvilinear on)...
Info    : [  0%] Meshing curve 1 order 2
Info    : [ 10%] Meshing curve 2 order 2
Info    : [ 20%] Meshing curve 3 order 2
Info    : [ 20%] Meshing curve 4 order 2
Info    : [ 30%] Meshing curve 5 order 2
Info    : [ 30%] Meshing curve 6 order 2
Info    : [ 40%] Meshing curve 7 order 2
Info    : [ 40%] Meshing curve 8 order 2
Info    : [ 50%] Meshing curve 9 order 2
Info    : [ 50%] Meshing curve 10 order 2
Info    : [ 60%] Meshing curve 11 order 2
Info    : [ 60%] Meshing curve 12 order 2
Info    : [ 70%] Meshing surface 1 order 2
Info    : [ 70%] Meshing surface 2 order 2
Info    : [ 80%] Meshing surface 3 order 2
Info    : [ 80%] Meshing surface 4 order 2
Info    : [ 90%] Meshing surface 5 order 2
Info    : [ 90%] Meshing surface 6 order 2
Info    : [100%] Meshing volume 1 order 2
Info    : [100%] Meshing volume 2 order 2
Info    : Surface mesh: worst distortion = 0.797589 (0 elements in ]0, 0.2]); worst gamma = 0.687108
Info    : Volume mesh: worst distortion = 0.256879 (0 elements in ]0, 0.2])
Info    : Done meshing order 2 (Wall 6.20693s, CPU 6.20079s)
Info    : Writing '/home/user/mscr-mom/현서/scripts/contact_scenarios/fea/retry_geom_mesh_LM100_phiN60_s25.inp'...
Info    : Done writing '/home/user/mscr-mom/현서/scripts/contact_scenarios/fea/retry_geom_mesh_LM100_phiN60_s25.inp'
[retry LM100_phiN60 1/2] s=25.0mm, depth=0.1mm ...
  [retry LM100_phiN60] F_mag=0.0167mN  (1240.0s)
Info    : Meshing 1D...
Info    : [  0%] Meshing curve 1 (BSpline)
Info    : [ 10%] Meshing curve 2 (Ellipse)
Info    : [ 20%] Meshing curve 3 (Ellipse)
Info    : [ 30%] Meshing curve 4 (BSpline)
Info    : [ 40%] Meshing curve 5 (BSpline)
Info    : [ 50%] Meshing curve 6 (BSpline)
Info    : [ 60%] Meshing curve 7 (BSpline)
Info    : [ 60%] Meshing curve 8 (BSpline)
Info    : [ 70%] Meshing curve 9 (BSpline)
Info    : [ 90%] Meshing curve 11 (Circle)
Info    : Done meshing 1D (Wall 0.0192641s, CPU 0.015113s)
Info    : Meshing 2D...
Info    : [  0%] Meshing surface 1 (Plane, Frontal-Delaunay)
Info    : [ 20%] Meshing surface 2 (Plane, Frontal-Delaunay)
Info    : [ 40%] Meshing surface 3 (BSpline surface, Frontal-Delaunay)
Info    : [ 60%] Meshing surface 4 (BSpline surface, Frontal-Delaunay)
Info    : [ 70%] Meshing surface 5 (Plane, Frontal-Delaunay)
Info    : [ 90%] Meshing surface 6 (Sphere, Frontal-Delaunay)
Info    : Done meshing 2D (Wall 0.713107s, CPU 0.709151s)
Info    : Meshing 3D...
Info    : 3D Meshing 2 volumes with 2 connected components
Info    : Tetrahedrizing 12536 nodes...
Info    : Done tetrahedrizing 12544 nodes (Wall 0.133016s, CPU 0.129033s)
Info    : Reconstructing mesh...
Info    :  - Creating surface mesh
Info    :  - Identifying boundary edges
Info    :  - Recovering boundary
Info    : Done reconstructing mesh (Wall 0.370948s, CPU 0.357925s)
Info    : Found volume 1
Info    : It. 0 - 0 nodes created - worst tet radius 1.04603 (nodes removed 0 0)
Info    : It. 500 - 500 nodes created - worst tet radius 1.00371 (nodes removed 0 0)
Info    : 3D refinement terminated (13282 nodes total):
Info    :  - 0 Delaunay cavities modified for star shapeness
Info    :  - 0 nodes could not be inserted
Info    :  - 42706 tetrahedra created in 0.0284596 sec. (1500584 tets/s)
Info    : 0 node relocations
Info    : Tetrahedrizing 131 nodes...
Info    : Done tetrahedrizing 139 nodes (Wall 0.000748791s, CPU 0.000749s)
Info    : Reconstructing mesh...
Info    :  - Creating surface mesh
Info    :  - Identifying boundary edges
Info    :  - Recovering boundary
Info    : Done reconstructing mesh (Wall 0.00183268s, CPU 0.001835s)
Info    : Found volume 2
Info    : It. 0 - 0 nodes created - worst tet radius 3.1274 (nodes removed 0 0)
Info    : 3D refinement terminated (12748 nodes total):
Info    :  - 0 Delaunay cavities modified for star shapeness
Info    :  - 0 nodes could not be inserted
Info    :  - 506 tetrahedra created in 0.00277366 sec. (182430 tets/s)
Info    : 0 node relocations
Info    : Done meshing 3D (Wall 0.712882s, CPU 0.683301s)
Info    : Optimizing mesh...
Info    : Optimizing volume 1
Info    : Optimization starts (volume = 235.684) with worst = 0.00196526 / average = 0.683026:
Info    : 0.00 < quality < 0.10 :       205 elements
Info    : 0.10 < quality < 0.20 :       392 elements
Info    : 0.20 < quality < 0.30 :       715 elements
Info    : 0.30 < quality < 0.40 :       873 elements
Info    : 0.40 < quality < 0.50 :      1399 elements
Info    : 0.50 < quality < 0.60 :      3690 elements
Info    : 0.60 < quality < 0.70 :     11224 elements
Info    : 0.70 < quality < 0.80 :     20151 elements
Info    : 0.80 < quality < 0.90 :      2241 elements
Info    : 0.90 < quality < 1.00 :      1816 elements
Info    : 1236 edge swaps, 21 node relocations (volume = 235.684): worst = 0.0289085 / average = 0.69987 (Wall 0.0167073s, CPU 0.016707s)
Info    : 1288 edge swaps, 21 node relocations (volume = 235.684): worst = 0.120775 / average = 0.700396 (Wall 0.0203025s, CPU 0.020301s)
Info    : 1293 edge swaps, 21 node relocations (volume = 235.684): worst = 0.120775 / average = 0.700469 (Wall 0.0229578s, CPU 0.022957s)
Info    : No ill-shaped tets in the mesh :-)
Info    : 0.00 < quality < 0.10 :         0 elements
Info    : 0.10 < quality < 0.20 :         3 elements
Info    : 0.20 < quality < 0.30 :        18 elements
Info    : 0.30 < quality < 0.40 :       744 elements
Info    : 0.40 < quality < 0.50 :      1133 elements
Info    : 0.50 < quality < 0.60 :      3832 elements
Info    : 0.60 < quality < 0.70 :     11644 elements
Info    : 0.70 < quality < 0.80 :     19895 elements
Info    : 0.80 < quality < 0.90 :      2446 elements
Info    : 0.90 < quality < 1.00 :      1818 elements
Info    : Optimizing volume 2
Info    : Optimization starts (volume = 0.256422) with worst = 0.00650602 / average = 0.729878:
Info    : 0.00 < quality < 0.10 :         3 elements
Info    : 0.10 < quality < 0.20 :         2 elements
Info    : 0.20 < quality < 0.30 :         6 elements
Info    : 0.30 < quality < 0.40 :        12 elements
Info    : 0.40 < quality < 0.50 :        25 elements
Info    : 0.50 < quality < 0.60 :        25 elements
Info    : 0.60 < quality < 0.70 :        78 elements
Info    : 0.70 < quality < 0.80 :       184 elements
Info    : 0.80 < quality < 0.90 :       136 elements
Info    : 0.90 < quality < 1.00 :        35 elements
Info    : 11 edge swaps, 0 node relocations (volume = 0.256422): worst = 0.30484 / average = 0.745491 (Wall 0.000141375s, CPU 0.000143s)
Info    : No ill-shaped tets in the mesh :-)
Info    : 0.00 < quality < 0.10 :         0 elements
Info    : 0.10 < quality < 0.20 :         0 elements
Info    : 0.20 < quality < 0.30 :         0 elements
Info    : 0.30 < quality < 0.40 :        12 elements
Info    : 0.40 < quality < 0.50 :        22 elements
Info    : 0.50 < quality < 0.60 :        22 elements
Info    : 0.60 < quality < 0.70 :        79 elements
Info    : 0.70 < quality < 0.80 :       187 elements
Info    : 0.80 < quality < 0.90 :       138 elements
Info    : 0.90 < quality < 1.00 :        35 elements
Info    : Done optimizing mesh (Wall 0.04714s, CPU 0.047136s)
Info    : 13682 nodes 68586 elements
Info    : Meshing order 2 (curvilinear on)...
Info    : [  0%] Meshing curve 1 order 2
Info    : [ 10%] Meshing curve 2 order 2
Info    : [ 20%] Meshing curve 3 order 2
Info    : [ 20%] Meshing curve 4 order 2
Info    : [ 30%] Meshing curve 5 order 2
Info    : [ 30%] Meshing curve 6 order 2
Info    : [ 40%] Meshing curve 7 order 2
Info    : [ 40%] Meshing curve 8 order 2
Info    : [ 50%] Meshing curve 9 order 2
Info    : [ 50%] Meshing curve 10 order 2
Info    : [ 60%] Meshing curve 11 order 2
Info    : [ 60%] Meshing curve 12 order 2
Info    : [ 70%] Meshing surface 1 order 2
Info    : [ 70%] Meshing surface 2 order 2
Info    : [ 80%] Meshing surface 3 order 2
Info    : [ 80%] Meshing surface 4 order 2
Info    : [ 90%] Meshing surface 5 order 2
Info    : [ 90%] Meshing surface 6 order 2
Info    : [100%] Meshing volume 1 order 2
Info    : [100%] Meshing volume 2 order 2
Info    : Surface mesh: worst distortion = 0.797589 (0 elements in ]0, 0.2]); worst gamma = 0.687108
Info    : Volume mesh: worst distortion = 0.256879 (0 elements in ]0, 0.2])
Info    : Done meshing order 2 (Wall 6.30926s, CPU 6.25296s)
Info    : Writing '/home/user/mscr-mom/현서/scripts/contact_scenarios/fea/retry_geom_mesh_LM100_phiN60_s50.inp'...
Info    : Done writing '/home/user/mscr-mom/현서/scripts/contact_scenarios/fea/retry_geom_mesh_LM100_phiN60_s50.inp'
[retry LM100_phiN60 2/2] s=50.0mm, depth=0.1mm ...
  [retry LM100_phiN60] F_mag=0.0020mN  (884.3s)
[retry LM100_phiN60] 완료
